cargo-test-bpf child: cargo-build-bpf --manifest-path /Users/mc/repos/mango-v3/program/Cargo.toml --bpf-out-dir /Users/mc/repos/mango-v3/target/deploy
BPF SDK: /Users/mc/.local/share/solana/install/releases/1.9.5/solana-release/bin/sdk/bpf
cargo-build-bpf child: rustup toolchain list -v
cargo-build-bpf child: cargo +bpf build --target bpfel-unknown-unknown --release
    Finished release [optimized] target(s) in 0.26s
cargo-build-bpf child: /Users/mc/.local/share/solana/install/releases/1.9.5/solana-release/bin/sdk/bpf/dependencies/bpf-tools/llvm/bin/llvm-readelf --dyn-symbols /Users/mc/repos/mango-v3/target/deploy/mango.so

To deploy this program:
  $ solana program deploy /Users/mc/repos/mango-v3/target/deploy/mango.so
The program address will default to this keypair (override with --program-id):
  /Users/mc/repos/mango-v3/target/deploy/mango-keypair.json
cargo-test-bpf child: /Users/mc/.rustup/toolchains/stable-x86_64-apple-darwin/bin/cargo test --manifest-path /Users/mc/repos/mango-v3/program/Cargo.toml --features test-bpf
warning: unused import: `std::str::FromStr`
 --> program/tests/program_test/mod.rs:4:5
  |
4 | use std::str::FromStr;
  |     ^^^^^^^^^^^^^^^^^
  |
  = note: `#[warn(unused_imports)]` on by default

warning: unused import: `fixed::FixedI128`
 --> program/tests/program_test/cookies.rs:2:5
  |
2 | use fixed::FixedI128;
  |     ^^^^^^^^^^^^^^^^

warning: use of deprecated associated function `solana_program_test::ProgramTest::set_bpf_compute_max_units`: please use `set_compute_max_units` instead
   --> program/tests/program_test/mod.rs:269:14
    |
269 |         test.set_bpf_compute_max_units(config.compute_limit);
    |              ^^^^^^^^^^^^^^^^^^^^^^^^^
    |
    = note: `#[warn(deprecated)]` on by default

warning: unused variable: `user`
    --> program/tests/program_test/mod.rs:1569:13
     |
1569 |         let user = Keypair::from_base58_string(&self.users[user_index].to_base58_string());
     |             ^^^^ help: if this is intentional, prefix it with an underscore: `_user`
     |
     = note: `#[warn(unused_variables)]` on by default

warning: unused variable: `delegate`
    --> program/tests/program_test/mod.rs:1637:13
     |
1637 |         let delegate =
     |             ^^^^^^^^ help: if this is intentional, prefix it with an underscore: `_delegate`

warning: unused variable: `mint_index`
   --> program/tests/program_test/cookies.rs:504:9
    |
504 |         mint_index: usize,
    |         ^^^^^^^^^^ help: if this is intentional, prefix it with an underscore: `_mint_index`

warning: unused `Result` that must be used
    --> program/tests/program_test/mod.rs:1550:9
     |
1550 |         self.process_transaction(&instructions, Some(&[&user])).await;
     |         ^^^^^^^^^^^^^^^^^^^^^^^^^^^^^^^^^^^^^^^^^^^^^^^^^^^^^^^^^^^^^^
     |
     = note: `#[warn(unused_must_use)]` on by default
     = note: this `Result` may be an `Err` variant, which should be handled

warning: unused variable: `base_deposit_amount`
   --> program/tests/test_worst_case.rs:178:13
    |
178 |         let base_deposit_amount = (base_deposit_size * base_mint.unit) as u64;
    |             ^^^^^^^^^^^^^^^^^^^ help: if this is intentional, prefix it with an underscore: `_base_deposit_amount`
    |
    = note: `#[warn(unused_variables)]` on by default

warning: unused variable: `lender_base_deposit`
   --> program/tests/test_worst_case.rs:179:13
    |
179 |         let lender_base_deposit = &mango_group_cookie.mango_accounts[lender_user_index]
    |             ^^^^^^^^^^^^^^^^^^^ help: if this is intentional, prefix it with an underscore: `_lender_base_deposit`

warning: unused variable: `user`
    --> program/tests/program_test/mod.rs:1569:13
     |
1569 |         let user = Keypair::from_base58_string(&self.users[user_index].to_base58_string());
     |             ^^^^ help: if this is intentional, prefix it with an underscore: `_user`

warning: `mango` (test "test_create_account") generated 7 warnings
warning: `mango` (test "test_deposit") generated 7 warnings (7 duplicates)
warning: `mango` (test "test_funding_rate") generated 7 warnings (7 duplicates)
warning: `mango` (test "test_perp_trigger_orders") generated 7 warnings (7 duplicates)
warning: `mango` (test "test_interest_rate") generated 7 warnings (7 duplicates)
warning: `mango` (test "test_worst_case") generated 9 warnings (6 duplicates)
warning: unused import: `std::time::Duration`
 --> program/tests/test_delegate.rs:2:5
  |
2 | use std::time::Duration;
  |     ^^^^^^^^^^^^^^^^^^^
  |
  = note: `#[warn(unused_imports)]` on by default

warning: unused import: `crate::tokio::time::sleep`
 --> program/tests/test_delegate.rs:7:5
  |
7 | use crate::tokio::time::sleep;
  |     ^^^^^^^^^^^^^^^^^^^^^^^^^

warning: unused import: `QUOTE_INDEX`
 --> program/tests/test_delegate.rs:8:20
  |
8 | use mango::state::{QUOTE_INDEX, ZERO_I80F48};
  |                    ^^^^^^^^^^^

warning: unused import: `std::str::FromStr`
 --> program/tests/program_test/mod.rs:4:5
  |
4 | use std::str::FromStr;
  |     ^^^^^^^^^^^^^^^^^

warning: unused import: `fixed::FixedI128`
 --> program/tests/test_liquidation_token_and_token.rs:5:5
  |
5 | use fixed::FixedI128;
  |     ^^^^^^^^^^^^^^^^

warning: unused import: `std::cmp::min`
  --> program/tests/test_liquidation_token_and_token.rs:11:5
   |
11 | use std::cmp::min;
   |     ^^^^^^^^^^^^^

warning: unused import: `std::ops::Div`
  --> program/tests/test_liquidation_token_and_token.rs:12:5
   |
12 | use std::ops::Div;
   |     ^^^^^^^^^^^^^

warning: unused import: `SpotMarketInfo`
 --> program/tests/test_spot_markets.rs:4:42
  |
4 | use mango::state::{MangoGroup, RootBank, SpotMarketInfo, QUOTE_INDEX, ZERO_I80F48};
  |                                          ^^^^^^^^^^^^^^

warning: unused import: `fixed::FixedI128`
 --> program/tests/test_liquidation_perp_market.rs:4:5
  |
4 | use fixed::FixedI128;
  |     ^^^^^^^^^^^^^^^^

warning: unused import: `mango::matching::Side`
 --> program/tests/test_liquidation_perp_market.rs:5:5
  |
5 | use mango::matching::Side;
  |     ^^^^^^^^^^^^^^^^^^^^^

warning: unused import: `mango::state::*`
 --> program/tests/test_liquidation_perp_market.rs:6:5
  |
6 | use mango::state::*;
  |     ^^^^^^^^^^^^^^^

warning: unused import: `std::cmp::min`
  --> program/tests/test_liquidation_perp_market.rs:11:5
   |
11 | use std::cmp::min;
   |     ^^^^^^^^^^^^^

warning: unused import: `std::ops::Div`
  --> program/tests/test_liquidation_perp_market.rs:12:5
   |
12 | use std::ops::Div;
   |     ^^^^^^^^^^^^^

warning: unused variable: `clock`
  --> program/tests/test_liquidation_perp_market.rs:34:9
   |
34 |     let clock = test.get_clock().await;
   |         ^^^^^ help: if this is intentional, prefix it with an underscore: `_clock`
   |
   = note: `#[warn(unused_variables)]` on by default

warning: `mango` (test "test_delegate") generated 10 warnings (6 duplicates)
warning: `mango` (test "test_liquidation_token_and_token") generated 10 warnings (7 duplicates)
warning: `mango` (test "test_perp_markets") generated 7 warnings (7 duplicates)
warning: `mango` (test "test_spot_markets") generated 8 warnings (7 duplicates)
warning: `mango` (test "test_compute") generated 7 warnings (7 duplicates)
warning: `mango` (test "test_liquidation_perp_market") generated 13 warnings (7 duplicates)
warning: associated function is never used: `to_price_quantity_vec`
   --> program/src/matching.rs:425:8
    |
425 |     fn to_price_quantity_vec(&self, reverse: bool) -> Vec<(i64, i64)> {
    |        ^^^^^^^^^^^^^^^^^^^^^
    |
    = note: `#[warn(dead_code)]` on by default

warning: unused import: `fixed::FixedI128`
 --> program/tests/test_liquidation_token_and_perp.rs:5:5
  |
5 | use fixed::FixedI128;
  |     ^^^^^^^^^^^^^^^^

warning: unused import: `mango::matching::Side`
 --> program/tests/test_liquidation_token_and_perp.rs:6:5
  |
6 | use mango::matching::Side;
  |     ^^^^^^^^^^^^^^^^^^^^^

warning: unused import: `std::cmp::min`
  --> program/tests/test_liquidation_token_and_perp.rs:12:5
   |
12 | use std::cmp::min;
   |     ^^^^^^^^^^^^^

warning: unused import: `std::ops::Div`
  --> program/tests/test_liquidation_token_and_perp.rs:13:5
   |
13 | use std::ops::Div;
   |     ^^^^^^^^^^^^^

warning: unused variable: `clock`
  --> program/tests/test_liquidation_token_and_perp.rs:57:9
   |
57 |     let clock = test.get_clock().await;
   |         ^^^^^ help: if this is intentional, prefix it with an underscore: `_clock`
   |
   = note: `#[warn(unused_variables)]` on by default

warning: function is never used: `get_borrow_for_user`
  --> program/tests/test_liquidation_token_and_perp.rs:27:4
   |
27 | fn get_borrow_for_user(
   |    ^^^^^^^^^^^^^^^^^^^
   |
   = note: `#[warn(dead_code)]` on by default

warning: `mango` (test "test_instructions") generated 7 warnings (7 duplicates)
warning: `mango` (lib test) generated 1 warning
warning: `mango` (test "test_liquidation_token_and_perp") generated 13 warnings (7 duplicates)
warning: `mango` (test "test_sanity") generated 7 warnings (7 duplicates)
    Finished test [unoptimized + debuginfo] target(s) in 0.53s
     Running unittests (target/debug/deps/mango-1e5b53a28f558acf)

running 3 tests
test ids::mngo_token::test_id ... ok
test ids::msrm_token::test_id ... ok
test ids::srm_token::test_id ... ok

test result: ok. 3 passed; 0 failed; 0 ignored; 0 measured; 0 filtered out; finished in 0.00s

     Running tests/test_borrow_withdraw.rs (target/debug/deps/test_borrow_withdraw-aff0d909d6194818)

running 0 tests

test result: ok. 0 passed; 0 failed; 0 ignored; 0 measured; 0 filtered out; finished in 0.00s

     Running tests/test_compute.rs (target/debug/deps/test_compute-ac9d28abe2330906)

running 1 test
[2022-02-12T07:54:28.483749000Z INFO  solana_program_test] "mango" BPF program from /Users/mc/repos/mango-v3/target/deploy/mango.so, modified 1 hour, 39 minutes, 52 seconds, 766 ms, 639 µs and 245 ns ago
[2022-02-12T07:54:28.483987000Z INFO  solana_program_test] "serum_dex" BPF program from tests/fixtures/serum_dex.so, modified 1 month, 3 weeks, 6 days, 18 hours, 25 minutes, 32 seconds, 820 ms, 657 µs and 382 ns ago
[2022-02-12T07:54:28.613149000Z DEBUG solana_program_runtime::stable_log] Program 11111111111111111111111111111111 invoke [1]
[2022-02-12T07:54:28.613292000Z DEBUG solana_program_runtime::stable_log] Program 11111111111111111111111111111111 success
[2022-02-12T07:54:28.618501000Z DEBUG solana_program_runtime::stable_log] Program 11111111111111111111111111111111 invoke [1]
[2022-02-12T07:54:28.618554000Z DEBUG solana_program_runtime::stable_log] Program 11111111111111111111111111111111 success
[2022-02-12T07:54:28.622214000Z DEBUG solana_program_runtime::stable_log] Program 11111111111111111111111111111111 invoke [1]
[2022-02-12T07:54:28.622267000Z DEBUG solana_program_runtime::stable_log] Program 11111111111111111111111111111111 success
[2022-02-12T07:54:28.644296000Z DEBUG solana_program_runtime::stable_log] Program TokenkegQfeZyiNwAJbNbGKPFXCWuBvf9Ss623VQ5DA invoke [1]
[2022-02-12T07:54:28.644839000Z DEBUG solana_program_runtime::stable_log] Program log: Instruction: InitializeAccount
[2022-02-12T07:54:28.645852000Z DEBUG solana_bpf_loader_program] Program TokenkegQfeZyiNwAJbNbGKPFXCWuBvf9Ss623VQ5DA consumed 3411 of 200000 compute units
[2022-02-12T07:54:28.645925000Z DEBUG solana_program_runtime::stable_log] Program TokenkegQfeZyiNwAJbNbGKPFXCWuBvf9Ss623VQ5DA success
[2022-02-12T07:54:28.648899000Z DEBUG solana_program_runtime::stable_log] Program 11111111111111111111111111111111 invoke [1]
[2022-02-12T07:54:28.648952000Z DEBUG solana_program_runtime::stable_log] Program 11111111111111111111111111111111 success
[2022-02-12T07:54:28.652237000Z DEBUG solana_program_runtime::stable_log] Program 11111111111111111111111111111111 invoke [1]
[2022-02-12T07:54:28.652297000Z DEBUG solana_program_runtime::stable_log] Program 11111111111111111111111111111111 success
[2022-02-12T07:54:28.656126000Z DEBUG solana_program_runtime::stable_log] Program 11111111111111111111111111111111 invoke [1]
[2022-02-12T07:54:28.656232000Z DEBUG solana_program_runtime::stable_log] Program 11111111111111111111111111111111 success
[2022-02-12T07:54:28.663987000Z DEBUG solana_program_runtime::stable_log] Program TokenkegQfeZyiNwAJbNbGKPFXCWuBvf9Ss623VQ5DA invoke [1]
[2022-02-12T07:54:28.664506000Z DEBUG solana_program_runtime::stable_log] Program log: Instruction: InitializeAccount
[2022-02-12T07:54:28.665513000Z DEBUG solana_bpf_loader_program] Program TokenkegQfeZyiNwAJbNbGKPFXCWuBvf9Ss623VQ5DA consumed 3411 of 200000 compute units
[2022-02-12T07:54:28.665684000Z DEBUG solana_program_runtime::stable_log] Program TokenkegQfeZyiNwAJbNbGKPFXCWuBvf9Ss623VQ5DA success
[2022-02-12T07:54:28.669363000Z DEBUG solana_program_runtime::stable_log] Program 11111111111111111111111111111111 invoke [1]
[2022-02-12T07:54:28.669433000Z DEBUG solana_program_runtime::stable_log] Program 11111111111111111111111111111111 success
[2022-02-12T07:54:28.677178000Z DEBUG solana_program_runtime::stable_log] Program TokenkegQfeZyiNwAJbNbGKPFXCWuBvf9Ss623VQ5DA invoke [1]
[2022-02-12T07:54:28.677700000Z DEBUG solana_program_runtime::stable_log] Program log: Instruction: InitializeAccount
[2022-02-12T07:54:28.678741000Z DEBUG solana_bpf_loader_program] Program TokenkegQfeZyiNwAJbNbGKPFXCWuBvf9Ss623VQ5DA consumed 3411 of 200000 compute units
[2022-02-12T07:54:28.678797000Z DEBUG solana_program_runtime::stable_log] Program TokenkegQfeZyiNwAJbNbGKPFXCWuBvf9Ss623VQ5DA success
[2022-02-12T07:54:28.682380000Z DEBUG solana_program_runtime::stable_log] Program 11111111111111111111111111111111 invoke [1]
[2022-02-12T07:54:28.682431000Z DEBUG solana_program_runtime::stable_log] Program 11111111111111111111111111111111 success
[2022-02-12T07:54:28.690105000Z DEBUG solana_program_runtime::stable_log] Program TokenkegQfeZyiNwAJbNbGKPFXCWuBvf9Ss623VQ5DA invoke [1]
[2022-02-12T07:54:28.690596000Z DEBUG solana_program_runtime::stable_log] Program log: Instruction: InitializeAccount
[2022-02-12T07:54:28.691608000Z DEBUG solana_bpf_loader_program] Program TokenkegQfeZyiNwAJbNbGKPFXCWuBvf9Ss623VQ5DA consumed 3411 of 200000 compute units
[2022-02-12T07:54:28.691665000Z DEBUG solana_program_runtime::stable_log] Program TokenkegQfeZyiNwAJbNbGKPFXCWuBvf9Ss623VQ5DA success
[2022-02-12T07:54:28.798121000Z DEBUG solana_program_runtime::stable_log] Program 4uQeVj5tqViQh7yWWGStvkEG1Zmhx6uasJtWCJziofM invoke [1]
[2022-02-12T07:54:28.799004000Z DEBUG solana_program_runtime::stable_log] Program log: Mango: InitMangoGroup
[2022-02-12T07:54:28.802435000Z DEBUG solana_bpf_loader_program] Program 4uQeVj5tqViQh7yWWGStvkEG1Zmhx6uasJtWCJziofM consumed 13160 of 200000 compute units
[2022-02-12T07:54:28.802539000Z DEBUG solana_program_runtime::stable_log] Program 4uQeVj5tqViQh7yWWGStvkEG1Zmhx6uasJtWCJziofM success
[2022-02-12T07:54:28.808458000Z DEBUG solana_program_runtime::stable_log] Program 11111111111111111111111111111111 invoke [1]
[2022-02-12T07:54:28.808529000Z DEBUG solana_program_runtime::stable_log] Program 11111111111111111111111111111111 success
[2022-02-12T07:54:28.811673000Z DEBUG solana_program_runtime::stable_log] Program 11111111111111111111111111111111 invoke [1]
[2022-02-12T07:54:28.811725000Z DEBUG solana_program_runtime::stable_log] Program 11111111111111111111111111111111 success
[2022-02-12T07:54:28.815096000Z DEBUG solana_program_runtime::stable_log] Program 11111111111111111111111111111111 invoke [1]
[2022-02-12T07:54:28.815145000Z DEBUG solana_program_runtime::stable_log] Program 11111111111111111111111111111111 success
[2022-02-12T07:54:28.818443000Z DEBUG solana_program_runtime::stable_log] Program 11111111111111111111111111111111 invoke [1]
[2022-02-12T07:54:28.818491000Z DEBUG solana_program_runtime::stable_log] Program 11111111111111111111111111111111 success
[2022-02-12T07:54:28.821784000Z DEBUG solana_program_runtime::stable_log] Program 11111111111111111111111111111111 invoke [1]
[2022-02-12T07:54:28.821830000Z DEBUG solana_program_runtime::stable_log] Program 11111111111111111111111111111111 success
[2022-02-12T07:54:28.825220000Z DEBUG solana_program_runtime::stable_log] Program 11111111111111111111111111111111 invoke [1]
[2022-02-12T07:54:28.825278000Z DEBUG solana_program_runtime::stable_log] Program 11111111111111111111111111111111 success
[2022-02-12T07:54:28.828585000Z DEBUG solana_program_runtime::stable_log] Program 11111111111111111111111111111111 invoke [1]
[2022-02-12T07:54:28.828640000Z DEBUG solana_program_runtime::stable_log] Program 11111111111111111111111111111111 success
[2022-02-12T07:54:28.831936000Z DEBUG solana_program_runtime::stable_log] Program 11111111111111111111111111111111 invoke [1]
[2022-02-12T07:54:28.831981000Z DEBUG solana_program_runtime::stable_log] Program 11111111111111111111111111111111 success
[2022-02-12T07:54:28.835347000Z DEBUG solana_program_runtime::stable_log] Program 11111111111111111111111111111111 invoke [1]
[2022-02-12T07:54:28.835403000Z DEBUG solana_program_runtime::stable_log] Program 11111111111111111111111111111111 success
[2022-02-12T07:54:28.838671000Z DEBUG solana_program_runtime::stable_log] Program 11111111111111111111111111111111 invoke [1]
[2022-02-12T07:54:28.838723000Z DEBUG solana_program_runtime::stable_log] Program 11111111111111111111111111111111 success
[2022-02-12T07:54:28.841961000Z DEBUG solana_program_runtime::stable_log] Program 11111111111111111111111111111111 invoke [1]
[2022-02-12T07:54:28.842008000Z DEBUG solana_program_runtime::stable_log] Program 11111111111111111111111111111111 success
[2022-02-12T07:54:28.845272000Z DEBUG solana_program_runtime::stable_log] Program 11111111111111111111111111111111 invoke [1]
[2022-02-12T07:54:28.845319000Z DEBUG solana_program_runtime::stable_log] Program 11111111111111111111111111111111 success
[2022-02-12T07:54:28.848653000Z DEBUG solana_program_runtime::stable_log] Program 11111111111111111111111111111111 invoke [1]
[2022-02-12T07:54:28.848700000Z DEBUG solana_program_runtime::stable_log] Program 11111111111111111111111111111111 success
[2022-02-12T07:54:28.851996000Z DEBUG solana_program_runtime::stable_log] Program 11111111111111111111111111111111 invoke [1]
[2022-02-12T07:54:28.852043000Z DEBUG solana_program_runtime::stable_log] Program 11111111111111111111111111111111 success
[2022-02-12T07:54:28.855369000Z DEBUG solana_program_runtime::stable_log] Program 11111111111111111111111111111111 invoke [1]
[2022-02-12T07:54:28.855417000Z DEBUG solana_program_runtime::stable_log] Program 11111111111111111111111111111111 success
[2022-02-12T07:54:28.869897000Z DEBUG solana_program_runtime::stable_log] Program 4uQeVj5tqViQh7yWWGStvkEG1Zmhx6uasJtWCJziofM invoke [1]
[2022-02-12T07:54:28.870281000Z DEBUG solana_program_runtime::stable_log] Program log: Mango: AddOracle
[2022-02-12T07:54:28.870368000Z DEBUG solana_program_runtime::stable_log] Program log: OracleType: got unknown or stub
[2022-02-12T07:54:28.870709000Z DEBUG solana_bpf_loader_program] Program 4uQeVj5tqViQh7yWWGStvkEG1Zmhx6uasJtWCJziofM consumed 1865 of 200000 compute units
[2022-02-12T07:54:28.870785000Z DEBUG solana_program_runtime::stable_log] Program 4uQeVj5tqViQh7yWWGStvkEG1Zmhx6uasJtWCJziofM success
[2022-02-12T07:54:28.878231000Z DEBUG solana_program_runtime::stable_log] Program 4uQeVj5tqViQh7yWWGStvkEG1Zmhx6uasJtWCJziofM invoke [1]
[2022-02-12T07:54:28.878548000Z DEBUG solana_program_runtime::stable_log] Program log: Mango: AddOracle
[2022-02-12T07:54:28.878631000Z DEBUG solana_program_runtime::stable_log] Program log: OracleType: got unknown or stub
[2022-02-12T07:54:28.878963000Z DEBUG solana_bpf_loader_program] Program 4uQeVj5tqViQh7yWWGStvkEG1Zmhx6uasJtWCJziofM consumed 1865 of 198135 compute units
[2022-02-12T07:54:28.879014000Z DEBUG solana_program_runtime::stable_log] Program 4uQeVj5tqViQh7yWWGStvkEG1Zmhx6uasJtWCJziofM success
[2022-02-12T07:54:28.886438000Z DEBUG solana_program_runtime::stable_log] Program 4uQeVj5tqViQh7yWWGStvkEG1Zmhx6uasJtWCJziofM invoke [1]
[2022-02-12T07:54:28.886755000Z DEBUG solana_program_runtime::stable_log] Program log: Mango: AddOracle
[2022-02-12T07:54:28.886839000Z DEBUG solana_program_runtime::stable_log] Program log: OracleType: got unknown or stub
[2022-02-12T07:54:28.887171000Z DEBUG solana_bpf_loader_program] Program 4uQeVj5tqViQh7yWWGStvkEG1Zmhx6uasJtWCJziofM consumed 1865 of 196270 compute units
[2022-02-12T07:54:28.887221000Z DEBUG solana_program_runtime::stable_log] Program 4uQeVj5tqViQh7yWWGStvkEG1Zmhx6uasJtWCJziofM success
[2022-02-12T07:54:28.894667000Z DEBUG solana_program_runtime::stable_log] Program 4uQeVj5tqViQh7yWWGStvkEG1Zmhx6uasJtWCJziofM invoke [1]
[2022-02-12T07:54:28.894987000Z DEBUG solana_program_runtime::stable_log] Program log: Mango: AddOracle
[2022-02-12T07:54:28.895071000Z DEBUG solana_program_runtime::stable_log] Program log: OracleType: got unknown or stub
[2022-02-12T07:54:28.895400000Z DEBUG solana_bpf_loader_program] Program 4uQeVj5tqViQh7yWWGStvkEG1Zmhx6uasJtWCJziofM consumed 1865 of 194405 compute units
[2022-02-12T07:54:28.895452000Z DEBUG solana_program_runtime::stable_log] Program 4uQeVj5tqViQh7yWWGStvkEG1Zmhx6uasJtWCJziofM success
[2022-02-12T07:54:28.902888000Z DEBUG solana_program_runtime::stable_log] Program 4uQeVj5tqViQh7yWWGStvkEG1Zmhx6uasJtWCJziofM invoke [1]
[2022-02-12T07:54:28.903207000Z DEBUG solana_program_runtime::stable_log] Program log: Mango: AddOracle
[2022-02-12T07:54:28.903290000Z DEBUG solana_program_runtime::stable_log] Program log: OracleType: got unknown or stub
[2022-02-12T07:54:28.903617000Z DEBUG solana_bpf_loader_program] Program 4uQeVj5tqViQh7yWWGStvkEG1Zmhx6uasJtWCJziofM consumed 1865 of 192540 compute units
[2022-02-12T07:54:28.903667000Z DEBUG solana_program_runtime::stable_log] Program 4uQeVj5tqViQh7yWWGStvkEG1Zmhx6uasJtWCJziofM success
[2022-02-12T07:54:28.911076000Z DEBUG solana_program_runtime::stable_log] Program 4uQeVj5tqViQh7yWWGStvkEG1Zmhx6uasJtWCJziofM invoke [1]
[2022-02-12T07:54:28.911392000Z DEBUG solana_program_runtime::stable_log] Program log: Mango: AddOracle
[2022-02-12T07:54:28.911474000Z DEBUG solana_program_runtime::stable_log] Program log: OracleType: got unknown or stub
[2022-02-12T07:54:28.911801000Z DEBUG solana_bpf_loader_program] Program 4uQeVj5tqViQh7yWWGStvkEG1Zmhx6uasJtWCJziofM consumed 1865 of 190675 compute units
[2022-02-12T07:54:28.911850000Z DEBUG solana_program_runtime::stable_log] Program 4uQeVj5tqViQh7yWWGStvkEG1Zmhx6uasJtWCJziofM success
[2022-02-12T07:54:28.919260000Z DEBUG solana_program_runtime::stable_log] Program 4uQeVj5tqViQh7yWWGStvkEG1Zmhx6uasJtWCJziofM invoke [1]
[2022-02-12T07:54:28.919576000Z DEBUG solana_program_runtime::stable_log] Program log: Mango: AddOracle
[2022-02-12T07:54:28.919658000Z DEBUG solana_program_runtime::stable_log] Program log: OracleType: got unknown or stub
[2022-02-12T07:54:28.919984000Z DEBUG solana_bpf_loader_program] Program 4uQeVj5tqViQh7yWWGStvkEG1Zmhx6uasJtWCJziofM consumed 1865 of 188810 compute units
[2022-02-12T07:54:28.920033000Z DEBUG solana_program_runtime::stable_log] Program 4uQeVj5tqViQh7yWWGStvkEG1Zmhx6uasJtWCJziofM success
[2022-02-12T07:54:28.927464000Z DEBUG solana_program_runtime::stable_log] Program 4uQeVj5tqViQh7yWWGStvkEG1Zmhx6uasJtWCJziofM invoke [1]
[2022-02-12T07:54:28.927779000Z DEBUG solana_program_runtime::stable_log] Program log: Mango: AddOracle
[2022-02-12T07:54:28.927861000Z DEBUG solana_program_runtime::stable_log] Program log: OracleType: got unknown or stub
[2022-02-12T07:54:28.928194000Z DEBUG solana_bpf_loader_program] Program 4uQeVj5tqViQh7yWWGStvkEG1Zmhx6uasJtWCJziofM consumed 1865 of 186945 compute units
[2022-02-12T07:54:28.928243000Z DEBUG solana_program_runtime::stable_log] Program 4uQeVj5tqViQh7yWWGStvkEG1Zmhx6uasJtWCJziofM success
[2022-02-12T07:54:28.935656000Z DEBUG solana_program_runtime::stable_log] Program 4uQeVj5tqViQh7yWWGStvkEG1Zmhx6uasJtWCJziofM invoke [1]
[2022-02-12T07:54:28.935971000Z DEBUG solana_program_runtime::stable_log] Program log: Mango: AddOracle
[2022-02-12T07:54:28.936054000Z DEBUG solana_program_runtime::stable_log] Program log: OracleType: got unknown or stub
[2022-02-12T07:54:28.936380000Z DEBUG solana_bpf_loader_program] Program 4uQeVj5tqViQh7yWWGStvkEG1Zmhx6uasJtWCJziofM consumed 1865 of 185080 compute units
[2022-02-12T07:54:28.936449000Z DEBUG solana_program_runtime::stable_log] Program 4uQeVj5tqViQh7yWWGStvkEG1Zmhx6uasJtWCJziofM success
[2022-02-12T07:54:28.943856000Z DEBUG solana_program_runtime::stable_log] Program 4uQeVj5tqViQh7yWWGStvkEG1Zmhx6uasJtWCJziofM invoke [1]
[2022-02-12T07:54:28.944174000Z DEBUG solana_program_runtime::stable_log] Program log: Mango: AddOracle
[2022-02-12T07:54:28.944263000Z DEBUG solana_program_runtime::stable_log] Program log: OracleType: got unknown or stub
[2022-02-12T07:54:28.944590000Z DEBUG solana_bpf_loader_program] Program 4uQeVj5tqViQh7yWWGStvkEG1Zmhx6uasJtWCJziofM consumed 1865 of 183215 compute units
[2022-02-12T07:54:28.944640000Z DEBUG solana_program_runtime::stable_log] Program 4uQeVj5tqViQh7yWWGStvkEG1Zmhx6uasJtWCJziofM success
[2022-02-12T07:54:28.952052000Z DEBUG solana_program_runtime::stable_log] Program 4uQeVj5tqViQh7yWWGStvkEG1Zmhx6uasJtWCJziofM invoke [1]
[2022-02-12T07:54:28.952368000Z DEBUG solana_program_runtime::stable_log] Program log: Mango: AddOracle
[2022-02-12T07:54:28.952451000Z DEBUG solana_program_runtime::stable_log] Program log: OracleType: got unknown or stub
[2022-02-12T07:54:28.952781000Z DEBUG solana_bpf_loader_program] Program 4uQeVj5tqViQh7yWWGStvkEG1Zmhx6uasJtWCJziofM consumed 1865 of 181350 compute units
[2022-02-12T07:54:28.952833000Z DEBUG solana_program_runtime::stable_log] Program 4uQeVj5tqViQh7yWWGStvkEG1Zmhx6uasJtWCJziofM success
[2022-02-12T07:54:28.960241000Z DEBUG solana_program_runtime::stable_log] Program 4uQeVj5tqViQh7yWWGStvkEG1Zmhx6uasJtWCJziofM invoke [1]
[2022-02-12T07:54:28.960556000Z DEBUG solana_program_runtime::stable_log] Program log: Mango: AddOracle
[2022-02-12T07:54:28.960640000Z DEBUG solana_program_runtime::stable_log] Program log: OracleType: got unknown or stub
[2022-02-12T07:54:28.960966000Z DEBUG solana_bpf_loader_program] Program 4uQeVj5tqViQh7yWWGStvkEG1Zmhx6uasJtWCJziofM consumed 1865 of 179485 compute units
[2022-02-12T07:54:28.961015000Z DEBUG solana_program_runtime::stable_log] Program 4uQeVj5tqViQh7yWWGStvkEG1Zmhx6uasJtWCJziofM success
[2022-02-12T07:54:28.968421000Z DEBUG solana_program_runtime::stable_log] Program 4uQeVj5tqViQh7yWWGStvkEG1Zmhx6uasJtWCJziofM invoke [1]
[2022-02-12T07:54:28.968738000Z DEBUG solana_program_runtime::stable_log] Program log: Mango: AddOracle
[2022-02-12T07:54:28.968820000Z DEBUG solana_program_runtime::stable_log] Program log: OracleType: got unknown or stub
[2022-02-12T07:54:28.969145000Z DEBUG solana_bpf_loader_program] Program 4uQeVj5tqViQh7yWWGStvkEG1Zmhx6uasJtWCJziofM consumed 1865 of 177620 compute units
[2022-02-12T07:54:28.969194000Z DEBUG solana_program_runtime::stable_log] Program 4uQeVj5tqViQh7yWWGStvkEG1Zmhx6uasJtWCJziofM success
[2022-02-12T07:54:28.976637000Z DEBUG solana_program_runtime::stable_log] Program 4uQeVj5tqViQh7yWWGStvkEG1Zmhx6uasJtWCJziofM invoke [1]
[2022-02-12T07:54:28.976953000Z DEBUG solana_program_runtime::stable_log] Program log: Mango: AddOracle
[2022-02-12T07:54:28.977039000Z DEBUG solana_program_runtime::stable_log] Program log: OracleType: got unknown or stub
[2022-02-12T07:54:28.977367000Z DEBUG solana_bpf_loader_program] Program 4uQeVj5tqViQh7yWWGStvkEG1Zmhx6uasJtWCJziofM consumed 1865 of 175755 compute units
[2022-02-12T07:54:28.977416000Z DEBUG solana_program_runtime::stable_log] Program 4uQeVj5tqViQh7yWWGStvkEG1Zmhx6uasJtWCJziofM success
[2022-02-12T07:54:28.984835000Z DEBUG solana_program_runtime::stable_log] Program 4uQeVj5tqViQh7yWWGStvkEG1Zmhx6uasJtWCJziofM invoke [1]
[2022-02-12T07:54:28.985149000Z DEBUG solana_program_runtime::stable_log] Program log: Mango: AddOracle
[2022-02-12T07:54:28.985232000Z DEBUG solana_program_runtime::stable_log] Program log: OracleType: got unknown or stub
[2022-02-12T07:54:28.985556000Z DEBUG solana_bpf_loader_program] Program 4uQeVj5tqViQh7yWWGStvkEG1Zmhx6uasJtWCJziofM consumed 1865 of 173890 compute units
[2022-02-12T07:54:28.985605000Z DEBUG solana_program_runtime::stable_log] Program 4uQeVj5tqViQh7yWWGStvkEG1Zmhx6uasJtWCJziofM success
[2022-02-12T07:54:28.989696000Z DEBUG solana_program_runtime::stable_log] Program 11111111111111111111111111111111 invoke [1]
[2022-02-12T07:54:28.989766000Z DEBUG solana_program_runtime::stable_log] Program 11111111111111111111111111111111 success
[2022-02-12T07:54:29.000520000Z DEBUG solana_program_runtime::stable_log] Program 4uQeVj5tqViQh7yWWGStvkEG1Zmhx6uasJtWCJziofM invoke [1]
[2022-02-12T07:54:29.000869000Z DEBUG solana_program_runtime::stable_log] Program log: Mango: InitMangoAccount DEPRECATED
[2022-02-12T07:54:29.001259000Z DEBUG solana_bpf_loader_program] Program 4uQeVj5tqViQh7yWWGStvkEG1Zmhx6uasJtWCJziofM consumed 1828 of 200000 compute units
[2022-02-12T07:54:29.001313000Z DEBUG solana_program_runtime::stable_log] Program 4uQeVj5tqViQh7yWWGStvkEG1Zmhx6uasJtWCJziofM success
[2022-02-12T07:54:29.007682000Z DEBUG solana_program_runtime::stable_log] Program 11111111111111111111111111111111 invoke [1]
[2022-02-12T07:54:29.007737000Z DEBUG solana_program_runtime::stable_log] Program 11111111111111111111111111111111 success
[2022-02-12T07:54:29.016116000Z DEBUG solana_program_runtime::stable_log] Program TokenkegQfeZyiNwAJbNbGKPFXCWuBvf9Ss623VQ5DA invoke [1]
[2022-02-12T07:54:29.016612000Z DEBUG solana_program_runtime::stable_log] Program log: Instruction: InitializeAccount
[2022-02-12T07:54:29.017730000Z DEBUG solana_bpf_loader_program] Program TokenkegQfeZyiNwAJbNbGKPFXCWuBvf9Ss623VQ5DA consumed 3411 of 200000 compute units
[2022-02-12T07:54:29.017785000Z DEBUG solana_program_runtime::stable_log] Program TokenkegQfeZyiNwAJbNbGKPFXCWuBvf9Ss623VQ5DA success
[2022-02-12T07:54:29.021643000Z DEBUG solana_program_runtime::stable_log] Program 11111111111111111111111111111111 invoke [1]
[2022-02-12T07:54:29.021692000Z DEBUG solana_program_runtime::stable_log] Program 11111111111111111111111111111111 success
[2022-02-12T07:54:29.029350000Z DEBUG solana_program_runtime::stable_log] Program TokenkegQfeZyiNwAJbNbGKPFXCWuBvf9Ss623VQ5DA invoke [1]
[2022-02-12T07:54:29.029840000Z DEBUG solana_program_runtime::stable_log] Program log: Instruction: InitializeAccount
[2022-02-12T07:54:29.030856000Z DEBUG solana_bpf_loader_program] Program TokenkegQfeZyiNwAJbNbGKPFXCWuBvf9Ss623VQ5DA consumed 3411 of 200000 compute units
[2022-02-12T07:54:29.030910000Z DEBUG solana_program_runtime::stable_log] Program TokenkegQfeZyiNwAJbNbGKPFXCWuBvf9Ss623VQ5DA success
[2022-02-12T07:54:29.039278000Z DEBUG solana_program_runtime::stable_log] Program 11111111111111111111111111111111 invoke [1]
[2022-02-12T07:54:29.039329000Z DEBUG solana_program_runtime::stable_log] Program 11111111111111111111111111111111 success
[2022-02-12T07:54:29.039382000Z DEBUG solana_program_runtime::stable_log] Program 11111111111111111111111111111111 invoke [1]
[2022-02-12T07:54:29.039426000Z DEBUG solana_program_runtime::stable_log] Program 11111111111111111111111111111111 success
[2022-02-12T07:54:29.039473000Z DEBUG solana_program_runtime::stable_log] Program 11111111111111111111111111111111 invoke [1]
[2022-02-12T07:54:29.039539000Z DEBUG solana_program_runtime::stable_log] Program 11111111111111111111111111111111 success
[2022-02-12T07:54:29.039763000Z DEBUG solana_program_runtime::stable_log] Program 11111111111111111111111111111111 invoke [1]
[2022-02-12T07:54:29.039811000Z DEBUG solana_program_runtime::stable_log] Program 11111111111111111111111111111111 success
[2022-02-12T07:54:29.039869000Z DEBUG solana_program_runtime::stable_log] Program 11111111111111111111111111111111 invoke [1]
[2022-02-12T07:54:29.039910000Z DEBUG solana_program_runtime::stable_log] Program 11111111111111111111111111111111 success
[2022-02-12T07:54:29.076771000Z DEBUG solana_program_runtime::stable_log] Program 8opHzTAnfzRpPEx21XtnrVTX28YQuCpAjcn1PczScKh invoke [1]
[2022-02-12T07:54:29.081702000Z DEBUG solana_bpf_loader_program] Program 8opHzTAnfzRpPEx21XtnrVTX28YQuCpAjcn1PczScKh consumed 13661 of 200000 compute units
[2022-02-12T07:54:29.082061000Z DEBUG solana_program_runtime::stable_log] Program 8opHzTAnfzRpPEx21XtnrVTX28YQuCpAjcn1PczScKh success
[2022-02-12T07:54:29.091038000Z DEBUG solana_program_runtime::stable_log] Program 11111111111111111111111111111111 invoke [1]
[2022-02-12T07:54:29.091109000Z DEBUG solana_program_runtime::stable_log] Program 11111111111111111111111111111111 success
[2022-02-12T07:54:29.098810000Z DEBUG solana_program_runtime::stable_log] Program TokenkegQfeZyiNwAJbNbGKPFXCWuBvf9Ss623VQ5DA invoke [1]
[2022-02-12T07:54:29.099322000Z DEBUG solana_program_runtime::stable_log] Program log: Instruction: InitializeAccount
[2022-02-12T07:54:29.100325000Z DEBUG solana_bpf_loader_program] Program TokenkegQfeZyiNwAJbNbGKPFXCWuBvf9Ss623VQ5DA consumed 3411 of 200000 compute units
[2022-02-12T07:54:29.100381000Z DEBUG solana_program_runtime::stable_log] Program TokenkegQfeZyiNwAJbNbGKPFXCWuBvf9Ss623VQ5DA success
[2022-02-12T07:54:29.104692000Z DEBUG solana_program_runtime::stable_log] Program 11111111111111111111111111111111 invoke [1]
[2022-02-12T07:54:29.104744000Z DEBUG solana_program_runtime::stable_log] Program 11111111111111111111111111111111 success
[2022-02-12T07:54:29.107971000Z DEBUG solana_program_runtime::stable_log] Program 11111111111111111111111111111111 invoke [1]
[2022-02-12T07:54:29.108016000Z DEBUG solana_program_runtime::stable_log] Program 11111111111111111111111111111111 success
[2022-02-12T07:54:29.120743000Z DEBUG solana_program_runtime::stable_log] Program 4uQeVj5tqViQh7yWWGStvkEG1Zmhx6uasJtWCJziofM invoke [1]
[2022-02-12T07:54:29.121456000Z DEBUG solana_program_runtime::stable_log] Program log: Mango: AddSpotMarket
[2022-02-12T07:54:29.127470000Z DEBUG solana_bpf_loader_program] Program 4uQeVj5tqViQh7yWWGStvkEG1Zmhx6uasJtWCJziofM consumed 20512 of 200000 compute units
[2022-02-12T07:54:29.127557000Z DEBUG solana_program_runtime::stable_log] Program 4uQeVj5tqViQh7yWWGStvkEG1Zmhx6uasJtWCJziofM success
[2022-02-12T07:54:29.132972000Z DEBUG solana_program_runtime::stable_log] Program 11111111111111111111111111111111 invoke [1]
[2022-02-12T07:54:29.133031000Z DEBUG solana_program_runtime::stable_log] Program 11111111111111111111111111111111 success
[2022-02-12T07:54:29.140721000Z DEBUG solana_program_runtime::stable_log] Program TokenkegQfeZyiNwAJbNbGKPFXCWuBvf9Ss623VQ5DA invoke [1]
[2022-02-12T07:54:29.141211000Z DEBUG solana_program_runtime::stable_log] Program log: Instruction: InitializeAccount
[2022-02-12T07:54:29.142215000Z DEBUG solana_bpf_loader_program] Program TokenkegQfeZyiNwAJbNbGKPFXCWuBvf9Ss623VQ5DA consumed 3411 of 200000 compute units
[2022-02-12T07:54:29.142268000Z DEBUG solana_program_runtime::stable_log] Program TokenkegQfeZyiNwAJbNbGKPFXCWuBvf9Ss623VQ5DA success
[2022-02-12T07:54:29.145642000Z DEBUG solana_program_runtime::stable_log] Program 11111111111111111111111111111111 invoke [1]
[2022-02-12T07:54:29.145693000Z DEBUG solana_program_runtime::stable_log] Program 11111111111111111111111111111111 success
[2022-02-12T07:54:29.153342000Z DEBUG solana_program_runtime::stable_log] Program TokenkegQfeZyiNwAJbNbGKPFXCWuBvf9Ss623VQ5DA invoke [1]
[2022-02-12T07:54:29.153831000Z DEBUG solana_program_runtime::stable_log] Program log: Instruction: InitializeAccount
[2022-02-12T07:54:29.154833000Z DEBUG solana_bpf_loader_program] Program TokenkegQfeZyiNwAJbNbGKPFXCWuBvf9Ss623VQ5DA consumed 3411 of 200000 compute units
[2022-02-12T07:54:29.154886000Z DEBUG solana_program_runtime::stable_log] Program TokenkegQfeZyiNwAJbNbGKPFXCWuBvf9Ss623VQ5DA success
[2022-02-12T07:54:29.163227000Z DEBUG solana_program_runtime::stable_log] Program 11111111111111111111111111111111 invoke [1]
[2022-02-12T07:54:29.163278000Z DEBUG solana_program_runtime::stable_log] Program 11111111111111111111111111111111 success
[2022-02-12T07:54:29.163328000Z DEBUG solana_program_runtime::stable_log] Program 11111111111111111111111111111111 invoke [1]
[2022-02-12T07:54:29.163374000Z DEBUG solana_program_runtime::stable_log] Program 11111111111111111111111111111111 success
[2022-02-12T07:54:29.163424000Z DEBUG solana_program_runtime::stable_log] Program 11111111111111111111111111111111 invoke [1]
[2022-02-12T07:54:29.163494000Z DEBUG solana_program_runtime::stable_log] Program 11111111111111111111111111111111 success
[2022-02-12T07:54:29.163712000Z DEBUG solana_program_runtime::stable_log] Program 11111111111111111111111111111111 invoke [1]
[2022-02-12T07:54:29.163769000Z DEBUG solana_program_runtime::stable_log] Program 11111111111111111111111111111111 success
[2022-02-12T07:54:29.163827000Z DEBUG solana_program_runtime::stable_log] Program 11111111111111111111111111111111 invoke [1]
[2022-02-12T07:54:29.163885000Z DEBUG solana_program_runtime::stable_log] Program 11111111111111111111111111111111 success
[2022-02-12T07:54:29.173027000Z DEBUG solana_program_runtime::stable_log] Program 8opHzTAnfzRpPEx21XtnrVTX28YQuCpAjcn1PczScKh invoke [1]
[2022-02-12T07:54:29.177983000Z DEBUG solana_bpf_loader_program] Program 8opHzTAnfzRpPEx21XtnrVTX28YQuCpAjcn1PczScKh consumed 13661 of 200000 compute units
[2022-02-12T07:54:29.178091000Z DEBUG solana_program_runtime::stable_log] Program 8opHzTAnfzRpPEx21XtnrVTX28YQuCpAjcn1PczScKh success
[2022-02-12T07:54:29.186978000Z DEBUG solana_program_runtime::stable_log] Program 11111111111111111111111111111111 invoke [1]
[2022-02-12T07:54:29.187045000Z DEBUG solana_program_runtime::stable_log] Program 11111111111111111111111111111111 success
[2022-02-12T07:54:29.194729000Z DEBUG solana_program_runtime::stable_log] Program TokenkegQfeZyiNwAJbNbGKPFXCWuBvf9Ss623VQ5DA invoke [1]
[2022-02-12T07:54:29.195245000Z DEBUG solana_program_runtime::stable_log] Program log: Instruction: InitializeAccount
[2022-02-12T07:54:29.196260000Z DEBUG solana_bpf_loader_program] Program TokenkegQfeZyiNwAJbNbGKPFXCWuBvf9Ss623VQ5DA consumed 3411 of 200000 compute units
[2022-02-12T07:54:29.196330000Z DEBUG solana_program_runtime::stable_log] Program TokenkegQfeZyiNwAJbNbGKPFXCWuBvf9Ss623VQ5DA success
[2022-02-12T07:54:29.199466000Z DEBUG solana_program_runtime::stable_log] Program 11111111111111111111111111111111 invoke [1]
[2022-02-12T07:54:29.199517000Z DEBUG solana_program_runtime::stable_log] Program 11111111111111111111111111111111 success
[2022-02-12T07:54:29.202818000Z DEBUG solana_program_runtime::stable_log] Program 11111111111111111111111111111111 invoke [1]
[2022-02-12T07:54:29.202869000Z DEBUG solana_program_runtime::stable_log] Program 11111111111111111111111111111111 success
[2022-02-12T07:54:29.214426000Z DEBUG solana_program_runtime::stable_log] Program 4uQeVj5tqViQh7yWWGStvkEG1Zmhx6uasJtWCJziofM invoke [1]
[2022-02-12T07:54:29.215131000Z DEBUG solana_program_runtime::stable_log] Program log: Mango: AddSpotMarket
[2022-02-12T07:54:29.221163000Z DEBUG solana_bpf_loader_program] Program 4uQeVj5tqViQh7yWWGStvkEG1Zmhx6uasJtWCJziofM consumed 20552 of 200000 compute units
[2022-02-12T07:54:29.221250000Z DEBUG solana_program_runtime::stable_log] Program 4uQeVj5tqViQh7yWWGStvkEG1Zmhx6uasJtWCJziofM success
[2022-02-12T07:54:29.228961000Z DEBUG solana_program_runtime::stable_log] Program 11111111111111111111111111111111 invoke [1]
[2022-02-12T07:54:29.229026000Z DEBUG solana_program_runtime::stable_log] Program 11111111111111111111111111111111 success
[2022-02-12T07:54:29.236704000Z DEBUG solana_program_runtime::stable_log] Program TokenkegQfeZyiNwAJbNbGKPFXCWuBvf9Ss623VQ5DA invoke [1]
[2022-02-12T07:54:29.237210000Z DEBUG solana_program_runtime::stable_log] Program log: Instruction: InitializeAccount
[2022-02-12T07:54:29.238214000Z DEBUG solana_bpf_loader_program] Program TokenkegQfeZyiNwAJbNbGKPFXCWuBvf9Ss623VQ5DA consumed 3411 of 200000 compute units
[2022-02-12T07:54:29.238274000Z DEBUG solana_program_runtime::stable_log] Program TokenkegQfeZyiNwAJbNbGKPFXCWuBvf9Ss623VQ5DA success
[2022-02-12T07:54:29.241665000Z DEBUG solana_program_runtime::stable_log] Program 11111111111111111111111111111111 invoke [1]
[2022-02-12T07:54:29.241712000Z DEBUG solana_program_runtime::stable_log] Program 11111111111111111111111111111111 success
[2022-02-12T07:54:29.249364000Z DEBUG solana_program_runtime::stable_log] Program TokenkegQfeZyiNwAJbNbGKPFXCWuBvf9Ss623VQ5DA invoke [1]
[2022-02-12T07:54:29.249856000Z DEBUG solana_program_runtime::stable_log] Program log: Instruction: InitializeAccount
[2022-02-12T07:54:29.250858000Z DEBUG solana_bpf_loader_program] Program TokenkegQfeZyiNwAJbNbGKPFXCWuBvf9Ss623VQ5DA consumed 3411 of 200000 compute units
[2022-02-12T07:54:29.250912000Z DEBUG solana_program_runtime::stable_log] Program TokenkegQfeZyiNwAJbNbGKPFXCWuBvf9Ss623VQ5DA success
[2022-02-12T07:54:29.259226000Z DEBUG solana_program_runtime::stable_log] Program 11111111111111111111111111111111 invoke [1]
[2022-02-12T07:54:29.259290000Z DEBUG solana_program_runtime::stable_log] Program 11111111111111111111111111111111 success
[2022-02-12T07:54:29.259340000Z DEBUG solana_program_runtime::stable_log] Program 11111111111111111111111111111111 invoke [1]
[2022-02-12T07:54:29.259381000Z DEBUG solana_program_runtime::stable_log] Program 11111111111111111111111111111111 success
[2022-02-12T07:54:29.259428000Z DEBUG solana_program_runtime::stable_log] Program 11111111111111111111111111111111 invoke [1]
[2022-02-12T07:54:29.259497000Z DEBUG solana_program_runtime::stable_log] Program 11111111111111111111111111111111 success
[2022-02-12T07:54:29.259716000Z DEBUG solana_program_runtime::stable_log] Program 11111111111111111111111111111111 invoke [1]
[2022-02-12T07:54:29.259760000Z DEBUG solana_program_runtime::stable_log] Program 11111111111111111111111111111111 success
[2022-02-12T07:54:29.259818000Z DEBUG solana_program_runtime::stable_log] Program 11111111111111111111111111111111 invoke [1]
[2022-02-12T07:54:29.259859000Z DEBUG solana_program_runtime::stable_log] Program 11111111111111111111111111111111 success
[2022-02-12T07:54:29.269059000Z DEBUG solana_program_runtime::stable_log] Program 8opHzTAnfzRpPEx21XtnrVTX28YQuCpAjcn1PczScKh invoke [1]
[2022-02-12T07:54:29.274001000Z DEBUG solana_bpf_loader_program] Program 8opHzTAnfzRpPEx21XtnrVTX28YQuCpAjcn1PczScKh consumed 13661 of 200000 compute units
[2022-02-12T07:54:29.274109000Z DEBUG solana_program_runtime::stable_log] Program 8opHzTAnfzRpPEx21XtnrVTX28YQuCpAjcn1PczScKh success
[2022-02-12T07:54:29.283014000Z DEBUG solana_program_runtime::stable_log] Program 11111111111111111111111111111111 invoke [1]
[2022-02-12T07:54:29.283084000Z DEBUG solana_program_runtime::stable_log] Program 11111111111111111111111111111111 success
[2022-02-12T07:54:29.290767000Z DEBUG solana_program_runtime::stable_log] Program TokenkegQfeZyiNwAJbNbGKPFXCWuBvf9Ss623VQ5DA invoke [1]
[2022-02-12T07:54:29.291271000Z DEBUG solana_program_runtime::stable_log] Program log: Instruction: InitializeAccount
[2022-02-12T07:54:29.292282000Z DEBUG solana_bpf_loader_program] Program TokenkegQfeZyiNwAJbNbGKPFXCWuBvf9Ss623VQ5DA consumed 3411 of 200000 compute units
[2022-02-12T07:54:29.292338000Z DEBUG solana_program_runtime::stable_log] Program TokenkegQfeZyiNwAJbNbGKPFXCWuBvf9Ss623VQ5DA success
[2022-02-12T07:54:29.295559000Z DEBUG solana_program_runtime::stable_log] Program 11111111111111111111111111111111 invoke [1]
[2022-02-12T07:54:29.295609000Z DEBUG solana_program_runtime::stable_log] Program 11111111111111111111111111111111 success
[2022-02-12T07:54:29.298900000Z DEBUG solana_program_runtime::stable_log] Program 11111111111111111111111111111111 invoke [1]
[2022-02-12T07:54:29.298946000Z DEBUG solana_program_runtime::stable_log] Program 11111111111111111111111111111111 success
[2022-02-12T07:54:29.310504000Z DEBUG solana_program_runtime::stable_log] Program 4uQeVj5tqViQh7yWWGStvkEG1Zmhx6uasJtWCJziofM invoke [1]
[2022-02-12T07:54:29.311184000Z DEBUG solana_program_runtime::stable_log] Program log: Mango: AddSpotMarket
[2022-02-12T07:54:29.317219000Z DEBUG solana_bpf_loader_program] Program 4uQeVj5tqViQh7yWWGStvkEG1Zmhx6uasJtWCJziofM consumed 20591 of 200000 compute units
[2022-02-12T07:54:29.317304000Z DEBUG solana_program_runtime::stable_log] Program 4uQeVj5tqViQh7yWWGStvkEG1Zmhx6uasJtWCJziofM success
[2022-02-12T07:54:29.322659000Z DEBUG solana_program_runtime::stable_log] Program 11111111111111111111111111111111 invoke [1]
[2022-02-12T07:54:29.322721000Z DEBUG solana_program_runtime::stable_log] Program 11111111111111111111111111111111 success
[2022-02-12T07:54:29.330391000Z DEBUG solana_program_runtime::stable_log] Program TokenkegQfeZyiNwAJbNbGKPFXCWuBvf9Ss623VQ5DA invoke [1]
[2022-02-12T07:54:29.330889000Z DEBUG solana_program_runtime::stable_log] Program log: Instruction: InitializeAccount
[2022-02-12T07:54:29.331897000Z DEBUG solana_bpf_loader_program] Program TokenkegQfeZyiNwAJbNbGKPFXCWuBvf9Ss623VQ5DA consumed 3411 of 200000 compute units
[2022-02-12T07:54:29.331950000Z DEBUG solana_program_runtime::stable_log] Program TokenkegQfeZyiNwAJbNbGKPFXCWuBvf9Ss623VQ5DA success
[2022-02-12T07:54:29.336657000Z DEBUG solana_program_runtime::stable_log] Program 11111111111111111111111111111111 invoke [1]
[2022-02-12T07:54:29.336706000Z DEBUG solana_program_runtime::stable_log] Program 11111111111111111111111111111111 success
[2022-02-12T07:54:29.344382000Z DEBUG solana_program_runtime::stable_log] Program TokenkegQfeZyiNwAJbNbGKPFXCWuBvf9Ss623VQ5DA invoke [1]
[2022-02-12T07:54:29.344876000Z DEBUG solana_program_runtime::stable_log] Program log: Instruction: InitializeAccount
[2022-02-12T07:54:29.345884000Z DEBUG solana_bpf_loader_program] Program TokenkegQfeZyiNwAJbNbGKPFXCWuBvf9Ss623VQ5DA consumed 3411 of 200000 compute units
[2022-02-12T07:54:29.345939000Z DEBUG solana_program_runtime::stable_log] Program TokenkegQfeZyiNwAJbNbGKPFXCWuBvf9Ss623VQ5DA success
[2022-02-12T07:54:29.355342000Z DEBUG solana_program_runtime::stable_log] Program 11111111111111111111111111111111 invoke [1]
[2022-02-12T07:54:29.355392000Z DEBUG solana_program_runtime::stable_log] Program 11111111111111111111111111111111 success
[2022-02-12T07:54:29.355444000Z DEBUG solana_program_runtime::stable_log] Program 11111111111111111111111111111111 invoke [1]
[2022-02-12T07:54:29.355484000Z DEBUG solana_program_runtime::stable_log] Program 11111111111111111111111111111111 success
[2022-02-12T07:54:29.355530000Z DEBUG solana_program_runtime::stable_log] Program 11111111111111111111111111111111 invoke [1]
[2022-02-12T07:54:29.355595000Z DEBUG solana_program_runtime::stable_log] Program 11111111111111111111111111111111 success
[2022-02-12T07:54:29.355815000Z DEBUG solana_program_runtime::stable_log] Program 11111111111111111111111111111111 invoke [1]
[2022-02-12T07:54:29.355861000Z DEBUG solana_program_runtime::stable_log] Program 11111111111111111111111111111111 success
[2022-02-12T07:54:29.355919000Z DEBUG solana_program_runtime::stable_log] Program 11111111111111111111111111111111 invoke [1]
[2022-02-12T07:54:29.355960000Z DEBUG solana_program_runtime::stable_log] Program 11111111111111111111111111111111 success
[2022-02-12T07:54:29.365157000Z DEBUG solana_program_runtime::stable_log] Program 8opHzTAnfzRpPEx21XtnrVTX28YQuCpAjcn1PczScKh invoke [1]
[2022-02-12T07:54:29.370085000Z DEBUG solana_bpf_loader_program] Program 8opHzTAnfzRpPEx21XtnrVTX28YQuCpAjcn1PczScKh consumed 13661 of 200000 compute units
[2022-02-12T07:54:29.370185000Z DEBUG solana_program_runtime::stable_log] Program 8opHzTAnfzRpPEx21XtnrVTX28YQuCpAjcn1PczScKh success
[2022-02-12T07:54:29.378118000Z DEBUG solana_program_runtime::stable_log] Program 11111111111111111111111111111111 invoke [1]
[2022-02-12T07:54:29.378182000Z DEBUG solana_program_runtime::stable_log] Program 11111111111111111111111111111111 success
[2022-02-12T07:54:29.385868000Z DEBUG solana_program_runtime::stable_log] Program TokenkegQfeZyiNwAJbNbGKPFXCWuBvf9Ss623VQ5DA invoke [1]
[2022-02-12T07:54:29.386361000Z DEBUG solana_program_runtime::stable_log] Program log: Instruction: InitializeAccount
[2022-02-12T07:54:29.387384000Z DEBUG solana_bpf_loader_program] Program TokenkegQfeZyiNwAJbNbGKPFXCWuBvf9Ss623VQ5DA consumed 3411 of 200000 compute units
[2022-02-12T07:54:29.387449000Z DEBUG solana_program_runtime::stable_log] Program TokenkegQfeZyiNwAJbNbGKPFXCWuBvf9Ss623VQ5DA success
[2022-02-12T07:54:29.392525000Z DEBUG solana_program_runtime::stable_log] Program 11111111111111111111111111111111 invoke [1]
[2022-02-12T07:54:29.392624000Z DEBUG solana_program_runtime::stable_log] Program 11111111111111111111111111111111 success
[2022-02-12T07:54:29.395966000Z DEBUG solana_program_runtime::stable_log] Program 11111111111111111111111111111111 invoke [1]
[2022-02-12T07:54:29.396056000Z DEBUG solana_program_runtime::stable_log] Program 11111111111111111111111111111111 success
[2022-02-12T07:54:29.408017000Z DEBUG solana_program_runtime::stable_log] Program 4uQeVj5tqViQh7yWWGStvkEG1Zmhx6uasJtWCJziofM invoke [1]
[2022-02-12T07:54:29.408769000Z DEBUG solana_program_runtime::stable_log] Program log: Mango: AddSpotMarket
[2022-02-12T07:54:29.414829000Z DEBUG solana_bpf_loader_program] Program 4uQeVj5tqViQh7yWWGStvkEG1Zmhx6uasJtWCJziofM consumed 20630 of 200000 compute units
[2022-02-12T07:54:29.414928000Z DEBUG solana_program_runtime::stable_log] Program 4uQeVj5tqViQh7yWWGStvkEG1Zmhx6uasJtWCJziofM success
[2022-02-12T07:54:29.419884000Z DEBUG solana_program_runtime::stable_log] Program 11111111111111111111111111111111 invoke [1]
[2022-02-12T07:54:29.419956000Z DEBUG solana_program_runtime::stable_log] Program 11111111111111111111111111111111 success
[2022-02-12T07:54:29.427688000Z DEBUG solana_program_runtime::stable_log] Program TokenkegQfeZyiNwAJbNbGKPFXCWuBvf9Ss623VQ5DA invoke [1]
[2022-02-12T07:54:29.428179000Z DEBUG solana_program_runtime::stable_log] Program log: Instruction: InitializeAccount
[2022-02-12T07:54:29.429191000Z DEBUG solana_bpf_loader_program] Program TokenkegQfeZyiNwAJbNbGKPFXCWuBvf9Ss623VQ5DA consumed 3411 of 200000 compute units
[2022-02-12T07:54:29.429246000Z DEBUG solana_program_runtime::stable_log] Program TokenkegQfeZyiNwAJbNbGKPFXCWuBvf9Ss623VQ5DA success
[2022-02-12T07:54:29.432667000Z DEBUG solana_program_runtime::stable_log] Program 11111111111111111111111111111111 invoke [1]
[2022-02-12T07:54:29.432716000Z DEBUG solana_program_runtime::stable_log] Program 11111111111111111111111111111111 success
[2022-02-12T07:54:29.440383000Z DEBUG solana_program_runtime::stable_log] Program TokenkegQfeZyiNwAJbNbGKPFXCWuBvf9Ss623VQ5DA invoke [1]
[2022-02-12T07:54:29.440875000Z DEBUG solana_program_runtime::stable_log] Program log: Instruction: InitializeAccount
[2022-02-12T07:54:29.441880000Z DEBUG solana_bpf_loader_program] Program TokenkegQfeZyiNwAJbNbGKPFXCWuBvf9Ss623VQ5DA consumed 3411 of 200000 compute units
[2022-02-12T07:54:29.441937000Z DEBUG solana_program_runtime::stable_log] Program TokenkegQfeZyiNwAJbNbGKPFXCWuBvf9Ss623VQ5DA success
[2022-02-12T07:54:29.451403000Z DEBUG solana_program_runtime::stable_log] Program 11111111111111111111111111111111 invoke [1]
[2022-02-12T07:54:29.451452000Z DEBUG solana_program_runtime::stable_log] Program 11111111111111111111111111111111 success
[2022-02-12T07:54:29.451501000Z DEBUG solana_program_runtime::stable_log] Program 11111111111111111111111111111111 invoke [1]
[2022-02-12T07:54:29.451541000Z DEBUG solana_program_runtime::stable_log] Program 11111111111111111111111111111111 success
[2022-02-12T07:54:29.451590000Z DEBUG solana_program_runtime::stable_log] Program 11111111111111111111111111111111 invoke [1]
[2022-02-12T07:54:29.451657000Z DEBUG solana_program_runtime::stable_log] Program 11111111111111111111111111111111 success
[2022-02-12T07:54:29.451881000Z DEBUG solana_program_runtime::stable_log] Program 11111111111111111111111111111111 invoke [1]
[2022-02-12T07:54:29.451924000Z DEBUG solana_program_runtime::stable_log] Program 11111111111111111111111111111111 success
[2022-02-12T07:54:29.451981000Z DEBUG solana_program_runtime::stable_log] Program 11111111111111111111111111111111 invoke [1]
[2022-02-12T07:54:29.452022000Z DEBUG solana_program_runtime::stable_log] Program 11111111111111111111111111111111 success
[2022-02-12T07:54:29.461193000Z DEBUG solana_program_runtime::stable_log] Program 8opHzTAnfzRpPEx21XtnrVTX28YQuCpAjcn1PczScKh invoke [1]
[2022-02-12T07:54:29.466187000Z DEBUG solana_bpf_loader_program] Program 8opHzTAnfzRpPEx21XtnrVTX28YQuCpAjcn1PczScKh consumed 13661 of 200000 compute units
[2022-02-12T07:54:29.466291000Z DEBUG solana_program_runtime::stable_log] Program 8opHzTAnfzRpPEx21XtnrVTX28YQuCpAjcn1PczScKh success
[2022-02-12T07:54:29.474029000Z DEBUG solana_program_runtime::stable_log] Program 11111111111111111111111111111111 invoke [1]
[2022-02-12T07:54:29.474091000Z DEBUG solana_program_runtime::stable_log] Program 11111111111111111111111111111111 success
[2022-02-12T07:54:29.481829000Z DEBUG solana_program_runtime::stable_log] Program TokenkegQfeZyiNwAJbNbGKPFXCWuBvf9Ss623VQ5DA invoke [1]
[2022-02-12T07:54:29.482326000Z DEBUG solana_program_runtime::stable_log] Program log: Instruction: InitializeAccount
[2022-02-12T07:54:29.483328000Z DEBUG solana_bpf_loader_program] Program TokenkegQfeZyiNwAJbNbGKPFXCWuBvf9Ss623VQ5DA consumed 3411 of 200000 compute units
[2022-02-12T07:54:29.483391000Z DEBUG solana_program_runtime::stable_log] Program TokenkegQfeZyiNwAJbNbGKPFXCWuBvf9Ss623VQ5DA success
[2022-02-12T07:54:29.486563000Z DEBUG solana_program_runtime::stable_log] Program 11111111111111111111111111111111 invoke [1]
[2022-02-12T07:54:29.486612000Z DEBUG solana_program_runtime::stable_log] Program 11111111111111111111111111111111 success
[2022-02-12T07:54:29.489925000Z DEBUG solana_program_runtime::stable_log] Program 11111111111111111111111111111111 invoke [1]
[2022-02-12T07:54:29.489968000Z DEBUG solana_program_runtime::stable_log] Program 11111111111111111111111111111111 success
[2022-02-12T07:54:29.501577000Z DEBUG solana_program_runtime::stable_log] Program 4uQeVj5tqViQh7yWWGStvkEG1Zmhx6uasJtWCJziofM invoke [1]
[2022-02-12T07:54:29.502288000Z DEBUG solana_program_runtime::stable_log] Program log: Mango: AddSpotMarket
[2022-02-12T07:54:29.508356000Z DEBUG solana_bpf_loader_program] Program 4uQeVj5tqViQh7yWWGStvkEG1Zmhx6uasJtWCJziofM consumed 20669 of 200000 compute units
[2022-02-12T07:54:29.508454000Z DEBUG solana_program_runtime::stable_log] Program 4uQeVj5tqViQh7yWWGStvkEG1Zmhx6uasJtWCJziofM success
[2022-02-12T07:54:29.515093000Z DEBUG solana_program_runtime::stable_log] Program 11111111111111111111111111111111 invoke [1]
[2022-02-12T07:54:29.515167000Z DEBUG solana_program_runtime::stable_log] Program 11111111111111111111111111111111 success
[2022-02-12T07:54:29.522948000Z DEBUG solana_program_runtime::stable_log] Program TokenkegQfeZyiNwAJbNbGKPFXCWuBvf9Ss623VQ5DA invoke [1]
[2022-02-12T07:54:29.523445000Z DEBUG solana_program_runtime::stable_log] Program log: Instruction: InitializeAccount
[2022-02-12T07:54:29.524454000Z DEBUG solana_bpf_loader_program] Program TokenkegQfeZyiNwAJbNbGKPFXCWuBvf9Ss623VQ5DA consumed 3411 of 200000 compute units
[2022-02-12T07:54:29.524510000Z DEBUG solana_program_runtime::stable_log] Program TokenkegQfeZyiNwAJbNbGKPFXCWuBvf9Ss623VQ5DA success
[2022-02-12T07:54:29.527901000Z DEBUG solana_program_runtime::stable_log] Program 11111111111111111111111111111111 invoke [1]
[2022-02-12T07:54:29.527955000Z DEBUG solana_program_runtime::stable_log] Program 11111111111111111111111111111111 success
[2022-02-12T07:54:29.535602000Z DEBUG solana_program_runtime::stable_log] Program TokenkegQfeZyiNwAJbNbGKPFXCWuBvf9Ss623VQ5DA invoke [1]
[2022-02-12T07:54:29.536089000Z DEBUG solana_program_runtime::stable_log] Program log: Instruction: InitializeAccount
[2022-02-12T07:54:29.537085000Z DEBUG solana_bpf_loader_program] Program TokenkegQfeZyiNwAJbNbGKPFXCWuBvf9Ss623VQ5DA consumed 3411 of 200000 compute units
[2022-02-12T07:54:29.537137000Z DEBUG solana_program_runtime::stable_log] Program TokenkegQfeZyiNwAJbNbGKPFXCWuBvf9Ss623VQ5DA success
[2022-02-12T07:54:29.545385000Z DEBUG solana_program_runtime::stable_log] Program 11111111111111111111111111111111 invoke [1]
[2022-02-12T07:54:29.545434000Z DEBUG solana_program_runtime::stable_log] Program 11111111111111111111111111111111 success
[2022-02-12T07:54:29.545483000Z DEBUG solana_program_runtime::stable_log] Program 11111111111111111111111111111111 invoke [1]
[2022-02-12T07:54:29.545524000Z DEBUG solana_program_runtime::stable_log] Program 11111111111111111111111111111111 success
[2022-02-12T07:54:29.545573000Z DEBUG solana_program_runtime::stable_log] Program 11111111111111111111111111111111 invoke [1]
[2022-02-12T07:54:29.545657000Z DEBUG solana_program_runtime::stable_log] Program 11111111111111111111111111111111 success
[2022-02-12T07:54:29.545877000Z DEBUG solana_program_runtime::stable_log] Program 11111111111111111111111111111111 invoke [1]
[2022-02-12T07:54:29.545921000Z DEBUG solana_program_runtime::stable_log] Program 11111111111111111111111111111111 success
[2022-02-12T07:54:29.545977000Z DEBUG solana_program_runtime::stable_log] Program 11111111111111111111111111111111 invoke [1]
[2022-02-12T07:54:29.546019000Z DEBUG solana_program_runtime::stable_log] Program 11111111111111111111111111111111 success
[2022-02-12T07:54:29.555292000Z DEBUG solana_program_runtime::stable_log] Program 8opHzTAnfzRpPEx21XtnrVTX28YQuCpAjcn1PczScKh invoke [1]
[2022-02-12T07:54:29.560209000Z DEBUG solana_bpf_loader_program] Program 8opHzTAnfzRpPEx21XtnrVTX28YQuCpAjcn1PczScKh consumed 13661 of 200000 compute units
[2022-02-12T07:54:29.560320000Z DEBUG solana_program_runtime::stable_log] Program 8opHzTAnfzRpPEx21XtnrVTX28YQuCpAjcn1PczScKh success
[2022-02-12T07:54:29.569278000Z DEBUG solana_program_runtime::stable_log] Program 11111111111111111111111111111111 invoke [1]
[2022-02-12T07:54:29.569342000Z DEBUG solana_program_runtime::stable_log] Program 11111111111111111111111111111111 success
[2022-02-12T07:54:29.577010000Z DEBUG solana_program_runtime::stable_log] Program TokenkegQfeZyiNwAJbNbGKPFXCWuBvf9Ss623VQ5DA invoke [1]
[2022-02-12T07:54:29.577503000Z DEBUG solana_program_runtime::stable_log] Program log: Instruction: InitializeAccount
[2022-02-12T07:54:29.578506000Z DEBUG solana_bpf_loader_program] Program TokenkegQfeZyiNwAJbNbGKPFXCWuBvf9Ss623VQ5DA consumed 3411 of 200000 compute units
[2022-02-12T07:54:29.578561000Z DEBUG solana_program_runtime::stable_log] Program TokenkegQfeZyiNwAJbNbGKPFXCWuBvf9Ss623VQ5DA success
[2022-02-12T07:54:29.581783000Z DEBUG solana_program_runtime::stable_log] Program 11111111111111111111111111111111 invoke [1]
[2022-02-12T07:54:29.581828000Z DEBUG solana_program_runtime::stable_log] Program 11111111111111111111111111111111 success
[2022-02-12T07:54:29.585132000Z DEBUG solana_program_runtime::stable_log] Program 11111111111111111111111111111111 invoke [1]
[2022-02-12T07:54:29.585178000Z DEBUG solana_program_runtime::stable_log] Program 11111111111111111111111111111111 success
[2022-02-12T07:54:29.596792000Z DEBUG solana_program_runtime::stable_log] Program 4uQeVj5tqViQh7yWWGStvkEG1Zmhx6uasJtWCJziofM invoke [1]
[2022-02-12T07:54:29.597484000Z DEBUG solana_program_runtime::stable_log] Program log: Mango: AddSpotMarket
[2022-02-12T07:54:29.603554000Z DEBUG solana_bpf_loader_program] Program 4uQeVj5tqViQh7yWWGStvkEG1Zmhx6uasJtWCJziofM consumed 20708 of 200000 compute units
[2022-02-12T07:54:29.603636000Z DEBUG solana_program_runtime::stable_log] Program 4uQeVj5tqViQh7yWWGStvkEG1Zmhx6uasJtWCJziofM success
[2022-02-12T07:54:29.608866000Z DEBUG solana_program_runtime::stable_log] Program 11111111111111111111111111111111 invoke [1]
[2022-02-12T07:54:29.608921000Z DEBUG solana_program_runtime::stable_log] Program 11111111111111111111111111111111 success
[2022-02-12T07:54:29.616582000Z DEBUG solana_program_runtime::stable_log] Program TokenkegQfeZyiNwAJbNbGKPFXCWuBvf9Ss623VQ5DA invoke [1]
[2022-02-12T07:54:29.617072000Z DEBUG solana_program_runtime::stable_log] Program log: Instruction: InitializeAccount
[2022-02-12T07:54:29.618075000Z DEBUG solana_bpf_loader_program] Program TokenkegQfeZyiNwAJbNbGKPFXCWuBvf9Ss623VQ5DA consumed 3411 of 200000 compute units
[2022-02-12T07:54:29.618127000Z DEBUG solana_program_runtime::stable_log] Program TokenkegQfeZyiNwAJbNbGKPFXCWuBvf9Ss623VQ5DA success
[2022-02-12T07:54:29.621644000Z DEBUG solana_program_runtime::stable_log] Program 11111111111111111111111111111111 invoke [1]
[2022-02-12T07:54:29.621690000Z DEBUG solana_program_runtime::stable_log] Program 11111111111111111111111111111111 success
[2022-02-12T07:54:29.629341000Z DEBUG solana_program_runtime::stable_log] Program TokenkegQfeZyiNwAJbNbGKPFXCWuBvf9Ss623VQ5DA invoke [1]
[2022-02-12T07:54:29.629829000Z DEBUG solana_program_runtime::stable_log] Program log: Instruction: InitializeAccount
[2022-02-12T07:54:29.630833000Z DEBUG solana_bpf_loader_program] Program TokenkegQfeZyiNwAJbNbGKPFXCWuBvf9Ss623VQ5DA consumed 3411 of 200000 compute units
[2022-02-12T07:54:29.630887000Z DEBUG solana_program_runtime::stable_log] Program TokenkegQfeZyiNwAJbNbGKPFXCWuBvf9Ss623VQ5DA success
[2022-02-12T07:54:29.639150000Z DEBUG solana_program_runtime::stable_log] Program 11111111111111111111111111111111 invoke [1]
[2022-02-12T07:54:29.639199000Z DEBUG solana_program_runtime::stable_log] Program 11111111111111111111111111111111 success
[2022-02-12T07:54:29.639261000Z DEBUG solana_program_runtime::stable_log] Program 11111111111111111111111111111111 invoke [1]
[2022-02-12T07:54:29.639301000Z DEBUG solana_program_runtime::stable_log] Program 11111111111111111111111111111111 success
[2022-02-12T07:54:29.639347000Z DEBUG solana_program_runtime::stable_log] Program 11111111111111111111111111111111 invoke [1]
[2022-02-12T07:54:29.639416000Z DEBUG solana_program_runtime::stable_log] Program 11111111111111111111111111111111 success
[2022-02-12T07:54:29.639635000Z DEBUG solana_program_runtime::stable_log] Program 11111111111111111111111111111111 invoke [1]
[2022-02-12T07:54:29.639680000Z DEBUG solana_program_runtime::stable_log] Program 11111111111111111111111111111111 success
[2022-02-12T07:54:29.639737000Z DEBUG solana_program_runtime::stable_log] Program 11111111111111111111111111111111 invoke [1]
[2022-02-12T07:54:29.639780000Z DEBUG solana_program_runtime::stable_log] Program 11111111111111111111111111111111 success
[2022-02-12T07:54:29.648930000Z DEBUG solana_program_runtime::stable_log] Program 8opHzTAnfzRpPEx21XtnrVTX28YQuCpAjcn1PczScKh invoke [1]
[2022-02-12T07:54:29.653862000Z DEBUG solana_bpf_loader_program] Program 8opHzTAnfzRpPEx21XtnrVTX28YQuCpAjcn1PczScKh consumed 13661 of 200000 compute units
[2022-02-12T07:54:29.653970000Z DEBUG solana_program_runtime::stable_log] Program 8opHzTAnfzRpPEx21XtnrVTX28YQuCpAjcn1PczScKh success
[2022-02-12T07:54:29.662933000Z DEBUG solana_program_runtime::stable_log] Program 11111111111111111111111111111111 invoke [1]
[2022-02-12T07:54:29.663001000Z DEBUG solana_program_runtime::stable_log] Program 11111111111111111111111111111111 success
[2022-02-12T07:54:29.670684000Z DEBUG solana_program_runtime::stable_log] Program TokenkegQfeZyiNwAJbNbGKPFXCWuBvf9Ss623VQ5DA invoke [1]
[2022-02-12T07:54:29.671183000Z DEBUG solana_program_runtime::stable_log] Program log: Instruction: InitializeAccount
[2022-02-12T07:54:29.672183000Z DEBUG solana_bpf_loader_program] Program TokenkegQfeZyiNwAJbNbGKPFXCWuBvf9Ss623VQ5DA consumed 3411 of 200000 compute units
[2022-02-12T07:54:29.672240000Z DEBUG solana_program_runtime::stable_log] Program TokenkegQfeZyiNwAJbNbGKPFXCWuBvf9Ss623VQ5DA success
[2022-02-12T07:54:29.675385000Z DEBUG solana_program_runtime::stable_log] Program 11111111111111111111111111111111 invoke [1]
[2022-02-12T07:54:29.675431000Z DEBUG solana_program_runtime::stable_log] Program 11111111111111111111111111111111 success
[2022-02-12T07:54:29.678740000Z DEBUG solana_program_runtime::stable_log] Program 11111111111111111111111111111111 invoke [1]
[2022-02-12T07:54:29.678785000Z DEBUG solana_program_runtime::stable_log] Program 11111111111111111111111111111111 success
[2022-02-12T07:54:29.690339000Z DEBUG solana_program_runtime::stable_log] Program 4uQeVj5tqViQh7yWWGStvkEG1Zmhx6uasJtWCJziofM invoke [1]
[2022-02-12T07:54:29.691023000Z DEBUG solana_program_runtime::stable_log] Program log: Mango: AddSpotMarket
[2022-02-12T07:54:29.697095000Z DEBUG solana_bpf_loader_program] Program 4uQeVj5tqViQh7yWWGStvkEG1Zmhx6uasJtWCJziofM consumed 20747 of 200000 compute units
[2022-02-12T07:54:29.697178000Z DEBUG solana_program_runtime::stable_log] Program 4uQeVj5tqViQh7yWWGStvkEG1Zmhx6uasJtWCJziofM success
[2022-02-12T07:54:29.702394000Z DEBUG solana_program_runtime::stable_log] Program 11111111111111111111111111111111 invoke [1]
[2022-02-12T07:54:29.702450000Z DEBUG solana_program_runtime::stable_log] Program 11111111111111111111111111111111 success
[2022-02-12T07:54:29.710102000Z DEBUG solana_program_runtime::stable_log] Program TokenkegQfeZyiNwAJbNbGKPFXCWuBvf9Ss623VQ5DA invoke [1]
[2022-02-12T07:54:29.710600000Z DEBUG solana_program_runtime::stable_log] Program log: Instruction: InitializeAccount
[2022-02-12T07:54:29.711604000Z DEBUG solana_bpf_loader_program] Program TokenkegQfeZyiNwAJbNbGKPFXCWuBvf9Ss623VQ5DA consumed 3411 of 200000 compute units
[2022-02-12T07:54:29.711659000Z DEBUG solana_program_runtime::stable_log] Program TokenkegQfeZyiNwAJbNbGKPFXCWuBvf9Ss623VQ5DA success
[2022-02-12T07:54:29.715154000Z DEBUG solana_program_runtime::stable_log] Program 11111111111111111111111111111111 invoke [1]
[2022-02-12T07:54:29.715215000Z DEBUG solana_program_runtime::stable_log] Program 11111111111111111111111111111111 success
[2022-02-12T07:54:29.722882000Z DEBUG solana_program_runtime::stable_log] Program TokenkegQfeZyiNwAJbNbGKPFXCWuBvf9Ss623VQ5DA invoke [1]
[2022-02-12T07:54:29.723373000Z DEBUG solana_program_runtime::stable_log] Program log: Instruction: InitializeAccount
[2022-02-12T07:54:29.724375000Z DEBUG solana_bpf_loader_program] Program TokenkegQfeZyiNwAJbNbGKPFXCWuBvf9Ss623VQ5DA consumed 3411 of 200000 compute units
[2022-02-12T07:54:29.724430000Z DEBUG solana_program_runtime::stable_log] Program TokenkegQfeZyiNwAJbNbGKPFXCWuBvf9Ss623VQ5DA success
[2022-02-12T07:54:29.732725000Z DEBUG solana_program_runtime::stable_log] Program 11111111111111111111111111111111 invoke [1]
[2022-02-12T07:54:29.732772000Z DEBUG solana_program_runtime::stable_log] Program 11111111111111111111111111111111 success
[2022-02-12T07:54:29.732821000Z DEBUG solana_program_runtime::stable_log] Program 11111111111111111111111111111111 invoke [1]
[2022-02-12T07:54:29.732863000Z DEBUG solana_program_runtime::stable_log] Program 11111111111111111111111111111111 success
[2022-02-12T07:54:29.732910000Z DEBUG solana_program_runtime::stable_log] Program 11111111111111111111111111111111 invoke [1]
[2022-02-12T07:54:29.732976000Z DEBUG solana_program_runtime::stable_log] Program 11111111111111111111111111111111 success
[2022-02-12T07:54:29.733195000Z DEBUG solana_program_runtime::stable_log] Program 11111111111111111111111111111111 invoke [1]
[2022-02-12T07:54:29.733239000Z DEBUG solana_program_runtime::stable_log] Program 11111111111111111111111111111111 success
[2022-02-12T07:54:29.733297000Z DEBUG solana_program_runtime::stable_log] Program 11111111111111111111111111111111 invoke [1]
[2022-02-12T07:54:29.733339000Z DEBUG solana_program_runtime::stable_log] Program 11111111111111111111111111111111 success
[2022-02-12T07:54:29.742490000Z DEBUG solana_program_runtime::stable_log] Program 8opHzTAnfzRpPEx21XtnrVTX28YQuCpAjcn1PczScKh invoke [1]
[2022-02-12T07:54:29.747420000Z DEBUG solana_bpf_loader_program] Program 8opHzTAnfzRpPEx21XtnrVTX28YQuCpAjcn1PczScKh consumed 13661 of 200000 compute units
[2022-02-12T07:54:29.747523000Z DEBUG solana_program_runtime::stable_log] Program 8opHzTAnfzRpPEx21XtnrVTX28YQuCpAjcn1PczScKh success
[2022-02-12T07:54:29.756491000Z DEBUG solana_program_runtime::stable_log] Program 11111111111111111111111111111111 invoke [1]
[2022-02-12T07:54:29.756559000Z DEBUG solana_program_runtime::stable_log] Program 11111111111111111111111111111111 success
[2022-02-12T07:54:29.764252000Z DEBUG solana_program_runtime::stable_log] Program TokenkegQfeZyiNwAJbNbGKPFXCWuBvf9Ss623VQ5DA invoke [1]
[2022-02-12T07:54:29.764755000Z DEBUG solana_program_runtime::stable_log] Program log: Instruction: InitializeAccount
[2022-02-12T07:54:29.765764000Z DEBUG solana_bpf_loader_program] Program TokenkegQfeZyiNwAJbNbGKPFXCWuBvf9Ss623VQ5DA consumed 3411 of 200000 compute units
[2022-02-12T07:54:29.765823000Z DEBUG solana_program_runtime::stable_log] Program TokenkegQfeZyiNwAJbNbGKPFXCWuBvf9Ss623VQ5DA success
[2022-02-12T07:54:29.768977000Z DEBUG solana_program_runtime::stable_log] Program 11111111111111111111111111111111 invoke [1]
[2022-02-12T07:54:29.769022000Z DEBUG solana_program_runtime::stable_log] Program 11111111111111111111111111111111 success
[2022-02-12T07:54:29.773443000Z DEBUG solana_program_runtime::stable_log] Program 11111111111111111111111111111111 invoke [1]
[2022-02-12T07:54:29.773489000Z DEBUG solana_program_runtime::stable_log] Program 11111111111111111111111111111111 success
[2022-02-12T07:54:29.785114000Z DEBUG solana_program_runtime::stable_log] Program 4uQeVj5tqViQh7yWWGStvkEG1Zmhx6uasJtWCJziofM invoke [1]
[2022-02-12T07:54:29.785803000Z DEBUG solana_program_runtime::stable_log] Program log: Mango: AddSpotMarket
[2022-02-12T07:54:29.791915000Z DEBUG solana_bpf_loader_program] Program 4uQeVj5tqViQh7yWWGStvkEG1Zmhx6uasJtWCJziofM consumed 20786 of 200000 compute units
[2022-02-12T07:54:29.792010000Z DEBUG solana_program_runtime::stable_log] Program 4uQeVj5tqViQh7yWWGStvkEG1Zmhx6uasJtWCJziofM success
[2022-02-12T07:54:29.797271000Z DEBUG solana_program_runtime::stable_log] Program 11111111111111111111111111111111 invoke [1]
[2022-02-12T07:54:29.797328000Z DEBUG solana_program_runtime::stable_log] Program 11111111111111111111111111111111 success
[2022-02-12T07:54:29.805005000Z DEBUG solana_program_runtime::stable_log] Program TokenkegQfeZyiNwAJbNbGKPFXCWuBvf9Ss623VQ5DA invoke [1]
[2022-02-12T07:54:29.805502000Z DEBUG solana_program_runtime::stable_log] Program log: Instruction: InitializeAccount
[2022-02-12T07:54:29.806511000Z DEBUG solana_bpf_loader_program] Program TokenkegQfeZyiNwAJbNbGKPFXCWuBvf9Ss623VQ5DA consumed 3411 of 200000 compute units
[2022-02-12T07:54:29.806566000Z DEBUG solana_program_runtime::stable_log] Program TokenkegQfeZyiNwAJbNbGKPFXCWuBvf9Ss623VQ5DA success
[2022-02-12T07:54:29.810160000Z DEBUG solana_program_runtime::stable_log] Program 11111111111111111111111111111111 invoke [1]
[2022-02-12T07:54:29.810206000Z DEBUG solana_program_runtime::stable_log] Program 11111111111111111111111111111111 success
[2022-02-12T07:54:29.817874000Z DEBUG solana_program_runtime::stable_log] Program TokenkegQfeZyiNwAJbNbGKPFXCWuBvf9Ss623VQ5DA invoke [1]
[2022-02-12T07:54:29.818369000Z DEBUG solana_program_runtime::stable_log] Program log: Instruction: InitializeAccount
[2022-02-12T07:54:29.819370000Z DEBUG solana_bpf_loader_program] Program TokenkegQfeZyiNwAJbNbGKPFXCWuBvf9Ss623VQ5DA consumed 3411 of 200000 compute units
[2022-02-12T07:54:29.819422000Z DEBUG solana_program_runtime::stable_log] Program TokenkegQfeZyiNwAJbNbGKPFXCWuBvf9Ss623VQ5DA success
[2022-02-12T07:54:29.827712000Z DEBUG solana_program_runtime::stable_log] Program 11111111111111111111111111111111 invoke [1]
[2022-02-12T07:54:29.827760000Z DEBUG solana_program_runtime::stable_log] Program 11111111111111111111111111111111 success
[2022-02-12T07:54:29.827808000Z DEBUG solana_program_runtime::stable_log] Program 11111111111111111111111111111111 invoke [1]
[2022-02-12T07:54:29.827848000Z DEBUG solana_program_runtime::stable_log] Program 11111111111111111111111111111111 success
[2022-02-12T07:54:29.827894000Z DEBUG solana_program_runtime::stable_log] Program 11111111111111111111111111111111 invoke [1]
[2022-02-12T07:54:29.827961000Z DEBUG solana_program_runtime::stable_log] Program 11111111111111111111111111111111 success
[2022-02-12T07:54:29.828183000Z DEBUG solana_program_runtime::stable_log] Program 11111111111111111111111111111111 invoke [1]
[2022-02-12T07:54:29.828226000Z DEBUG solana_program_runtime::stable_log] Program 11111111111111111111111111111111 success
[2022-02-12T07:54:29.828286000Z DEBUG solana_program_runtime::stable_log] Program 11111111111111111111111111111111 invoke [1]
[2022-02-12T07:54:29.828327000Z DEBUG solana_program_runtime::stable_log] Program 11111111111111111111111111111111 success
[2022-02-12T07:54:29.837459000Z DEBUG solana_program_runtime::stable_log] Program 8opHzTAnfzRpPEx21XtnrVTX28YQuCpAjcn1PczScKh invoke [1]
[2022-02-12T07:54:29.842379000Z DEBUG solana_bpf_loader_program] Program 8opHzTAnfzRpPEx21XtnrVTX28YQuCpAjcn1PczScKh consumed 13661 of 200000 compute units
[2022-02-12T07:54:29.842481000Z DEBUG solana_program_runtime::stable_log] Program 8opHzTAnfzRpPEx21XtnrVTX28YQuCpAjcn1PczScKh success
[2022-02-12T07:54:29.851407000Z DEBUG solana_program_runtime::stable_log] Program 11111111111111111111111111111111 invoke [1]
[2022-02-12T07:54:29.851469000Z DEBUG solana_program_runtime::stable_log] Program 11111111111111111111111111111111 success
[2022-02-12T07:54:29.859255000Z DEBUG solana_program_runtime::stable_log] Program TokenkegQfeZyiNwAJbNbGKPFXCWuBvf9Ss623VQ5DA invoke [1]
[2022-02-12T07:54:29.859752000Z DEBUG solana_program_runtime::stable_log] Program log: Instruction: InitializeAccount
[2022-02-12T07:54:29.860758000Z DEBUG solana_bpf_loader_program] Program TokenkegQfeZyiNwAJbNbGKPFXCWuBvf9Ss623VQ5DA consumed 3411 of 200000 compute units
[2022-02-12T07:54:29.860813000Z DEBUG solana_program_runtime::stable_log] Program TokenkegQfeZyiNwAJbNbGKPFXCWuBvf9Ss623VQ5DA success
[2022-02-12T07:54:29.863982000Z DEBUG solana_program_runtime::stable_log] Program 11111111111111111111111111111111 invoke [1]
[2022-02-12T07:54:29.864033000Z DEBUG solana_program_runtime::stable_log] Program 11111111111111111111111111111111 success
[2022-02-12T07:54:29.868446000Z DEBUG solana_program_runtime::stable_log] Program 11111111111111111111111111111111 invoke [1]
[2022-02-12T07:54:29.868492000Z DEBUG solana_program_runtime::stable_log] Program 11111111111111111111111111111111 success
[2022-02-12T07:54:29.880037000Z DEBUG solana_program_runtime::stable_log] Program 4uQeVj5tqViQh7yWWGStvkEG1Zmhx6uasJtWCJziofM invoke [1]
[2022-02-12T07:54:29.880718000Z DEBUG solana_program_runtime::stable_log] Program log: Mango: AddSpotMarket
[2022-02-12T07:54:29.886828000Z DEBUG solana_bpf_loader_program] Program 4uQeVj5tqViQh7yWWGStvkEG1Zmhx6uasJtWCJziofM consumed 20825 of 200000 compute units
[2022-02-12T07:54:29.886907000Z DEBUG solana_program_runtime::stable_log] Program 4uQeVj5tqViQh7yWWGStvkEG1Zmhx6uasJtWCJziofM success
[2022-02-12T07:54:29.892092000Z DEBUG solana_program_runtime::stable_log] Program 11111111111111111111111111111111 invoke [1]
[2022-02-12T07:54:29.892147000Z DEBUG solana_program_runtime::stable_log] Program 11111111111111111111111111111111 success
[2022-02-12T07:54:29.899809000Z DEBUG solana_program_runtime::stable_log] Program TokenkegQfeZyiNwAJbNbGKPFXCWuBvf9Ss623VQ5DA invoke [1]
[2022-02-12T07:54:29.900299000Z DEBUG solana_program_runtime::stable_log] Program log: Instruction: InitializeAccount
[2022-02-12T07:54:29.901300000Z DEBUG solana_bpf_loader_program] Program TokenkegQfeZyiNwAJbNbGKPFXCWuBvf9Ss623VQ5DA consumed 3411 of 200000 compute units
[2022-02-12T07:54:29.901354000Z DEBUG solana_program_runtime::stable_log] Program TokenkegQfeZyiNwAJbNbGKPFXCWuBvf9Ss623VQ5DA success
[2022-02-12T07:54:29.904865000Z DEBUG solana_program_runtime::stable_log] Program 11111111111111111111111111111111 invoke [1]
[2022-02-12T07:54:29.904914000Z DEBUG solana_program_runtime::stable_log] Program 11111111111111111111111111111111 success
[2022-02-12T07:54:29.912599000Z DEBUG solana_program_runtime::stable_log] Program TokenkegQfeZyiNwAJbNbGKPFXCWuBvf9Ss623VQ5DA invoke [1]
[2022-02-12T07:54:29.913105000Z DEBUG solana_program_runtime::stable_log] Program log: Instruction: InitializeAccount
[2022-02-12T07:54:29.914107000Z DEBUG solana_bpf_loader_program] Program TokenkegQfeZyiNwAJbNbGKPFXCWuBvf9Ss623VQ5DA consumed 3411 of 200000 compute units
[2022-02-12T07:54:29.914162000Z DEBUG solana_program_runtime::stable_log] Program TokenkegQfeZyiNwAJbNbGKPFXCWuBvf9Ss623VQ5DA success
[2022-02-12T07:54:29.922485000Z DEBUG solana_program_runtime::stable_log] Program 11111111111111111111111111111111 invoke [1]
[2022-02-12T07:54:29.922540000Z DEBUG solana_program_runtime::stable_log] Program 11111111111111111111111111111111 success
[2022-02-12T07:54:29.922590000Z DEBUG solana_program_runtime::stable_log] Program 11111111111111111111111111111111 invoke [1]
[2022-02-12T07:54:29.922632000Z DEBUG solana_program_runtime::stable_log] Program 11111111111111111111111111111111 success
[2022-02-12T07:54:29.922679000Z DEBUG solana_program_runtime::stable_log] Program 11111111111111111111111111111111 invoke [1]
[2022-02-12T07:54:29.922744000Z DEBUG solana_program_runtime::stable_log] Program 11111111111111111111111111111111 success
[2022-02-12T07:54:29.922966000Z DEBUG solana_program_runtime::stable_log] Program 11111111111111111111111111111111 invoke [1]
[2022-02-12T07:54:29.923009000Z DEBUG solana_program_runtime::stable_log] Program 11111111111111111111111111111111 success
[2022-02-12T07:54:29.923066000Z DEBUG solana_program_runtime::stable_log] Program 11111111111111111111111111111111 invoke [1]
[2022-02-12T07:54:29.923107000Z DEBUG solana_program_runtime::stable_log] Program 11111111111111111111111111111111 success
[2022-02-12T07:54:29.932245000Z DEBUG solana_program_runtime::stable_log] Program 8opHzTAnfzRpPEx21XtnrVTX28YQuCpAjcn1PczScKh invoke [1]
[2022-02-12T07:54:29.937186000Z DEBUG solana_bpf_loader_program] Program 8opHzTAnfzRpPEx21XtnrVTX28YQuCpAjcn1PczScKh consumed 13661 of 200000 compute units
[2022-02-12T07:54:29.937292000Z DEBUG solana_program_runtime::stable_log] Program 8opHzTAnfzRpPEx21XtnrVTX28YQuCpAjcn1PczScKh success
[2022-02-12T07:54:29.946041000Z DEBUG solana_program_runtime::stable_log] Program 11111111111111111111111111111111 invoke [1]
[2022-02-12T07:54:29.946110000Z DEBUG solana_program_runtime::stable_log] Program 11111111111111111111111111111111 success
[2022-02-12T07:54:29.953815000Z DEBUG solana_program_runtime::stable_log] Program TokenkegQfeZyiNwAJbNbGKPFXCWuBvf9Ss623VQ5DA invoke [1]
[2022-02-12T07:54:29.954310000Z DEBUG solana_program_runtime::stable_log] Program log: Instruction: InitializeAccount
[2022-02-12T07:54:29.955309000Z DEBUG solana_bpf_loader_program] Program TokenkegQfeZyiNwAJbNbGKPFXCWuBvf9Ss623VQ5DA consumed 3411 of 200000 compute units
[2022-02-12T07:54:29.955365000Z DEBUG solana_program_runtime::stable_log] Program TokenkegQfeZyiNwAJbNbGKPFXCWuBvf9Ss623VQ5DA success
[2022-02-12T07:54:29.958438000Z DEBUG solana_program_runtime::stable_log] Program 11111111111111111111111111111111 invoke [1]
[2022-02-12T07:54:29.958485000Z DEBUG solana_program_runtime::stable_log] Program 11111111111111111111111111111111 success
[2022-02-12T07:54:29.961809000Z DEBUG solana_program_runtime::stable_log] Program 11111111111111111111111111111111 invoke [1]
[2022-02-12T07:54:29.961857000Z DEBUG solana_program_runtime::stable_log] Program 11111111111111111111111111111111 success
[2022-02-12T07:54:29.973389000Z DEBUG solana_program_runtime::stable_log] Program 4uQeVj5tqViQh7yWWGStvkEG1Zmhx6uasJtWCJziofM invoke [1]
[2022-02-12T07:54:29.974080000Z DEBUG solana_program_runtime::stable_log] Program log: Mango: AddSpotMarket
[2022-02-12T07:54:29.980243000Z DEBUG solana_bpf_loader_program] Program 4uQeVj5tqViQh7yWWGStvkEG1Zmhx6uasJtWCJziofM consumed 20864 of 200000 compute units
[2022-02-12T07:54:29.980327000Z DEBUG solana_program_runtime::stable_log] Program 4uQeVj5tqViQh7yWWGStvkEG1Zmhx6uasJtWCJziofM success
[2022-02-12T07:54:29.985693000Z DEBUG solana_program_runtime::stable_log] Program 11111111111111111111111111111111 invoke [1]
[2022-02-12T07:54:29.985753000Z DEBUG solana_program_runtime::stable_log] Program 11111111111111111111111111111111 success
[2022-02-12T07:54:29.993440000Z DEBUG solana_program_runtime::stable_log] Program TokenkegQfeZyiNwAJbNbGKPFXCWuBvf9Ss623VQ5DA invoke [1]
[2022-02-12T07:54:29.993932000Z DEBUG solana_program_runtime::stable_log] Program log: Instruction: InitializeAccount
[2022-02-12T07:54:29.994939000Z DEBUG solana_bpf_loader_program] Program TokenkegQfeZyiNwAJbNbGKPFXCWuBvf9Ss623VQ5DA consumed 3411 of 200000 compute units
[2022-02-12T07:54:29.994992000Z DEBUG solana_program_runtime::stable_log] Program TokenkegQfeZyiNwAJbNbGKPFXCWuBvf9Ss623VQ5DA success
[2022-02-12T07:54:29.998533000Z DEBUG solana_program_runtime::stable_log] Program 11111111111111111111111111111111 invoke [1]
[2022-02-12T07:54:29.998583000Z DEBUG solana_program_runtime::stable_log] Program 11111111111111111111111111111111 success
[2022-02-12T07:54:30.006239000Z DEBUG solana_program_runtime::stable_log] Program TokenkegQfeZyiNwAJbNbGKPFXCWuBvf9Ss623VQ5DA invoke [1]
[2022-02-12T07:54:30.006724000Z DEBUG solana_program_runtime::stable_log] Program log: Instruction: InitializeAccount
[2022-02-12T07:54:30.007725000Z DEBUG solana_bpf_loader_program] Program TokenkegQfeZyiNwAJbNbGKPFXCWuBvf9Ss623VQ5DA consumed 3411 of 200000 compute units
[2022-02-12T07:54:30.007783000Z DEBUG solana_program_runtime::stable_log] Program TokenkegQfeZyiNwAJbNbGKPFXCWuBvf9Ss623VQ5DA success
[2022-02-12T07:54:30.016017000Z DEBUG solana_program_runtime::stable_log] Program 11111111111111111111111111111111 invoke [1]
[2022-02-12T07:54:30.016063000Z DEBUG solana_program_runtime::stable_log] Program 11111111111111111111111111111111 success
[2022-02-12T07:54:30.016112000Z DEBUG solana_program_runtime::stable_log] Program 11111111111111111111111111111111 invoke [1]
[2022-02-12T07:54:30.016156000Z DEBUG solana_program_runtime::stable_log] Program 11111111111111111111111111111111 success
[2022-02-12T07:54:30.016202000Z DEBUG solana_program_runtime::stable_log] Program 11111111111111111111111111111111 invoke [1]
[2022-02-12T07:54:30.016270000Z DEBUG solana_program_runtime::stable_log] Program 11111111111111111111111111111111 success
[2022-02-12T07:54:30.016489000Z DEBUG solana_program_runtime::stable_log] Program 11111111111111111111111111111111 invoke [1]
[2022-02-12T07:54:30.016534000Z DEBUG solana_program_runtime::stable_log] Program 11111111111111111111111111111111 success
[2022-02-12T07:54:30.016592000Z DEBUG solana_program_runtime::stable_log] Program 11111111111111111111111111111111 invoke [1]
[2022-02-12T07:54:30.016635000Z DEBUG solana_program_runtime::stable_log] Program 11111111111111111111111111111111 success
[2022-02-12T07:54:30.025991000Z DEBUG solana_program_runtime::stable_log] Program 8opHzTAnfzRpPEx21XtnrVTX28YQuCpAjcn1PczScKh invoke [1]
[2022-02-12T07:54:30.030971000Z DEBUG solana_bpf_loader_program] Program 8opHzTAnfzRpPEx21XtnrVTX28YQuCpAjcn1PczScKh consumed 13661 of 200000 compute units
[2022-02-12T07:54:30.031079000Z DEBUG solana_program_runtime::stable_log] Program 8opHzTAnfzRpPEx21XtnrVTX28YQuCpAjcn1PczScKh success
[2022-02-12T07:54:30.039751000Z DEBUG solana_program_runtime::stable_log] Program 11111111111111111111111111111111 invoke [1]
[2022-02-12T07:54:30.039822000Z DEBUG solana_program_runtime::stable_log] Program 11111111111111111111111111111111 success
[2022-02-12T07:54:30.047582000Z DEBUG solana_program_runtime::stable_log] Program TokenkegQfeZyiNwAJbNbGKPFXCWuBvf9Ss623VQ5DA invoke [1]
[2022-02-12T07:54:30.048074000Z DEBUG solana_program_runtime::stable_log] Program log: Instruction: InitializeAccount
[2022-02-12T07:54:30.049078000Z DEBUG solana_bpf_loader_program] Program TokenkegQfeZyiNwAJbNbGKPFXCWuBvf9Ss623VQ5DA consumed 3411 of 200000 compute units
[2022-02-12T07:54:30.049136000Z DEBUG solana_program_runtime::stable_log] Program TokenkegQfeZyiNwAJbNbGKPFXCWuBvf9Ss623VQ5DA success
[2022-02-12T07:54:30.052281000Z DEBUG solana_program_runtime::stable_log] Program 11111111111111111111111111111111 invoke [1]
[2022-02-12T07:54:30.052327000Z DEBUG solana_program_runtime::stable_log] Program 11111111111111111111111111111111 success
[2022-02-12T07:54:30.055646000Z DEBUG solana_program_runtime::stable_log] Program 11111111111111111111111111111111 invoke [1]
[2022-02-12T07:54:30.055693000Z DEBUG solana_program_runtime::stable_log] Program 11111111111111111111111111111111 success
[2022-02-12T07:54:30.067243000Z DEBUG solana_program_runtime::stable_log] Program 4uQeVj5tqViQh7yWWGStvkEG1Zmhx6uasJtWCJziofM invoke [1]
[2022-02-12T07:54:30.067930000Z DEBUG solana_program_runtime::stable_log] Program log: Mango: AddSpotMarket
[2022-02-12T07:54:30.074128000Z DEBUG solana_bpf_loader_program] Program 4uQeVj5tqViQh7yWWGStvkEG1Zmhx6uasJtWCJziofM consumed 20903 of 200000 compute units
[2022-02-12T07:54:30.074212000Z DEBUG solana_program_runtime::stable_log] Program 4uQeVj5tqViQh7yWWGStvkEG1Zmhx6uasJtWCJziofM success
[2022-02-12T07:54:30.079374000Z DEBUG solana_program_runtime::stable_log] Program 11111111111111111111111111111111 invoke [1]
[2022-02-12T07:54:30.079429000Z DEBUG solana_program_runtime::stable_log] Program 11111111111111111111111111111111 success
[2022-02-12T07:54:30.087075000Z DEBUG solana_program_runtime::stable_log] Program TokenkegQfeZyiNwAJbNbGKPFXCWuBvf9Ss623VQ5DA invoke [1]
[2022-02-12T07:54:30.087566000Z DEBUG solana_program_runtime::stable_log] Program log: Instruction: InitializeAccount
[2022-02-12T07:54:30.088568000Z DEBUG solana_bpf_loader_program] Program TokenkegQfeZyiNwAJbNbGKPFXCWuBvf9Ss623VQ5DA consumed 3411 of 200000 compute units
[2022-02-12T07:54:30.088622000Z DEBUG solana_program_runtime::stable_log] Program TokenkegQfeZyiNwAJbNbGKPFXCWuBvf9Ss623VQ5DA success
[2022-02-12T07:54:30.092173000Z DEBUG solana_program_runtime::stable_log] Program 11111111111111111111111111111111 invoke [1]
[2022-02-12T07:54:30.092220000Z DEBUG solana_program_runtime::stable_log] Program 11111111111111111111111111111111 success
[2022-02-12T07:54:30.099866000Z DEBUG solana_program_runtime::stable_log] Program TokenkegQfeZyiNwAJbNbGKPFXCWuBvf9Ss623VQ5DA invoke [1]
[2022-02-12T07:54:30.100354000Z DEBUG solana_program_runtime::stable_log] Program log: Instruction: InitializeAccount
[2022-02-12T07:54:30.101355000Z DEBUG solana_bpf_loader_program] Program TokenkegQfeZyiNwAJbNbGKPFXCWuBvf9Ss623VQ5DA consumed 3411 of 200000 compute units
[2022-02-12T07:54:30.101406000Z DEBUG solana_program_runtime::stable_log] Program TokenkegQfeZyiNwAJbNbGKPFXCWuBvf9Ss623VQ5DA success
[2022-02-12T07:54:30.109715000Z DEBUG solana_program_runtime::stable_log] Program 11111111111111111111111111111111 invoke [1]
[2022-02-12T07:54:30.109763000Z DEBUG solana_program_runtime::stable_log] Program 11111111111111111111111111111111 success
[2022-02-12T07:54:30.109812000Z DEBUG solana_program_runtime::stable_log] Program 11111111111111111111111111111111 invoke [1]
[2022-02-12T07:54:30.109852000Z DEBUG solana_program_runtime::stable_log] Program 11111111111111111111111111111111 success
[2022-02-12T07:54:30.109898000Z DEBUG solana_program_runtime::stable_log] Program 11111111111111111111111111111111 invoke [1]
[2022-02-12T07:54:30.109963000Z DEBUG solana_program_runtime::stable_log] Program 11111111111111111111111111111111 success
[2022-02-12T07:54:30.110182000Z DEBUG solana_program_runtime::stable_log] Program 11111111111111111111111111111111 invoke [1]
[2022-02-12T07:54:30.110226000Z DEBUG solana_program_runtime::stable_log] Program 11111111111111111111111111111111 success
[2022-02-12T07:54:30.110283000Z DEBUG solana_program_runtime::stable_log] Program 11111111111111111111111111111111 invoke [1]
[2022-02-12T07:54:30.110325000Z DEBUG solana_program_runtime::stable_log] Program 11111111111111111111111111111111 success
[2022-02-12T07:54:30.119451000Z DEBUG solana_program_runtime::stable_log] Program 8opHzTAnfzRpPEx21XtnrVTX28YQuCpAjcn1PczScKh invoke [1]
[2022-02-12T07:54:30.124384000Z DEBUG solana_bpf_loader_program] Program 8opHzTAnfzRpPEx21XtnrVTX28YQuCpAjcn1PczScKh consumed 13661 of 200000 compute units
[2022-02-12T07:54:30.124491000Z DEBUG solana_program_runtime::stable_log] Program 8opHzTAnfzRpPEx21XtnrVTX28YQuCpAjcn1PczScKh success
[2022-02-12T07:54:30.133424000Z DEBUG solana_program_runtime::stable_log] Program 11111111111111111111111111111111 invoke [1]
[2022-02-12T07:54:30.133494000Z DEBUG solana_program_runtime::stable_log] Program 11111111111111111111111111111111 success
[2022-02-12T07:54:30.141160000Z DEBUG solana_program_runtime::stable_log] Program TokenkegQfeZyiNwAJbNbGKPFXCWuBvf9Ss623VQ5DA invoke [1]
[2022-02-12T07:54:30.141651000Z DEBUG solana_program_runtime::stable_log] Program log: Instruction: InitializeAccount
[2022-02-12T07:54:30.142653000Z DEBUG solana_bpf_loader_program] Program TokenkegQfeZyiNwAJbNbGKPFXCWuBvf9Ss623VQ5DA consumed 3411 of 200000 compute units
[2022-02-12T07:54:30.142711000Z DEBUG solana_program_runtime::stable_log] Program TokenkegQfeZyiNwAJbNbGKPFXCWuBvf9Ss623VQ5DA success
[2022-02-12T07:54:30.145961000Z DEBUG solana_program_runtime::stable_log] Program 11111111111111111111111111111111 invoke [1]
[2022-02-12T07:54:30.146009000Z DEBUG solana_program_runtime::stable_log] Program 11111111111111111111111111111111 success
[2022-02-12T07:54:30.149294000Z DEBUG solana_program_runtime::stable_log] Program 11111111111111111111111111111111 invoke [1]
[2022-02-12T07:54:30.149340000Z DEBUG solana_program_runtime::stable_log] Program 11111111111111111111111111111111 success
[2022-02-12T07:54:30.160867000Z DEBUG solana_program_runtime::stable_log] Program 4uQeVj5tqViQh7yWWGStvkEG1Zmhx6uasJtWCJziofM invoke [1]
[2022-02-12T07:54:30.161544000Z DEBUG solana_program_runtime::stable_log] Program log: Mango: AddSpotMarket
[2022-02-12T07:54:30.167702000Z DEBUG solana_bpf_loader_program] Program 4uQeVj5tqViQh7yWWGStvkEG1Zmhx6uasJtWCJziofM consumed 20942 of 200000 compute units
[2022-02-12T07:54:30.167787000Z DEBUG solana_program_runtime::stable_log] Program 4uQeVj5tqViQh7yWWGStvkEG1Zmhx6uasJtWCJziofM success
[2022-02-12T07:54:30.173108000Z DEBUG solana_program_runtime::stable_log] Program 11111111111111111111111111111111 invoke [1]
[2022-02-12T07:54:30.173168000Z DEBUG solana_program_runtime::stable_log] Program 11111111111111111111111111111111 success
[2022-02-12T07:54:30.180825000Z DEBUG solana_program_runtime::stable_log] Program TokenkegQfeZyiNwAJbNbGKPFXCWuBvf9Ss623VQ5DA invoke [1]
[2022-02-12T07:54:30.181310000Z DEBUG solana_program_runtime::stable_log] Program log: Instruction: InitializeAccount
[2022-02-12T07:54:30.182314000Z DEBUG solana_bpf_loader_program] Program TokenkegQfeZyiNwAJbNbGKPFXCWuBvf9Ss623VQ5DA consumed 3411 of 200000 compute units
[2022-02-12T07:54:30.182371000Z DEBUG solana_program_runtime::stable_log] Program TokenkegQfeZyiNwAJbNbGKPFXCWuBvf9Ss623VQ5DA success
[2022-02-12T07:54:30.185884000Z DEBUG solana_program_runtime::stable_log] Program 11111111111111111111111111111111 invoke [1]
[2022-02-12T07:54:30.185931000Z DEBUG solana_program_runtime::stable_log] Program 11111111111111111111111111111111 success
[2022-02-12T07:54:30.193604000Z DEBUG solana_program_runtime::stable_log] Program TokenkegQfeZyiNwAJbNbGKPFXCWuBvf9Ss623VQ5DA invoke [1]
[2022-02-12T07:54:30.194094000Z DEBUG solana_program_runtime::stable_log] Program log: Instruction: InitializeAccount
[2022-02-12T07:54:30.195092000Z DEBUG solana_bpf_loader_program] Program TokenkegQfeZyiNwAJbNbGKPFXCWuBvf9Ss623VQ5DA consumed 3411 of 200000 compute units
[2022-02-12T07:54:30.195147000Z DEBUG solana_program_runtime::stable_log] Program TokenkegQfeZyiNwAJbNbGKPFXCWuBvf9Ss623VQ5DA success
[2022-02-12T07:54:30.203382000Z DEBUG solana_program_runtime::stable_log] Program 11111111111111111111111111111111 invoke [1]
[2022-02-12T07:54:30.203431000Z DEBUG solana_program_runtime::stable_log] Program 11111111111111111111111111111111 success
[2022-02-12T07:54:30.203480000Z DEBUG solana_program_runtime::stable_log] Program 11111111111111111111111111111111 invoke [1]
[2022-02-12T07:54:30.203520000Z DEBUG solana_program_runtime::stable_log] Program 11111111111111111111111111111111 success
[2022-02-12T07:54:30.203567000Z DEBUG solana_program_runtime::stable_log] Program 11111111111111111111111111111111 invoke [1]
[2022-02-12T07:54:30.203635000Z DEBUG solana_program_runtime::stable_log] Program 11111111111111111111111111111111 success
[2022-02-12T07:54:30.203856000Z DEBUG solana_program_runtime::stable_log] Program 11111111111111111111111111111111 invoke [1]
[2022-02-12T07:54:30.203901000Z DEBUG solana_program_runtime::stable_log] Program 11111111111111111111111111111111 success
[2022-02-12T07:54:30.203958000Z DEBUG solana_program_runtime::stable_log] Program 11111111111111111111111111111111 invoke [1]
[2022-02-12T07:54:30.203999000Z DEBUG solana_program_runtime::stable_log] Program 11111111111111111111111111111111 success
[2022-02-12T07:54:30.213205000Z DEBUG solana_program_runtime::stable_log] Program 8opHzTAnfzRpPEx21XtnrVTX28YQuCpAjcn1PczScKh invoke [1]
[2022-02-12T07:54:30.218155000Z DEBUG solana_bpf_loader_program] Program 8opHzTAnfzRpPEx21XtnrVTX28YQuCpAjcn1PczScKh consumed 13661 of 200000 compute units
[2022-02-12T07:54:30.218260000Z DEBUG solana_program_runtime::stable_log] Program 8opHzTAnfzRpPEx21XtnrVTX28YQuCpAjcn1PczScKh success
[2022-02-12T07:54:30.225912000Z DEBUG solana_program_runtime::stable_log] Program 11111111111111111111111111111111 invoke [1]
[2022-02-12T07:54:30.225974000Z DEBUG solana_program_runtime::stable_log] Program 11111111111111111111111111111111 success
[2022-02-12T07:54:30.233645000Z DEBUG solana_program_runtime::stable_log] Program TokenkegQfeZyiNwAJbNbGKPFXCWuBvf9Ss623VQ5DA invoke [1]
[2022-02-12T07:54:30.234140000Z DEBUG solana_program_runtime::stable_log] Program log: Instruction: InitializeAccount
[2022-02-12T07:54:30.235145000Z DEBUG solana_bpf_loader_program] Program TokenkegQfeZyiNwAJbNbGKPFXCWuBvf9Ss623VQ5DA consumed 3411 of 200000 compute units
[2022-02-12T07:54:30.235200000Z DEBUG solana_program_runtime::stable_log] Program TokenkegQfeZyiNwAJbNbGKPFXCWuBvf9Ss623VQ5DA success
[2022-02-12T07:54:30.238426000Z DEBUG solana_program_runtime::stable_log] Program 11111111111111111111111111111111 invoke [1]
[2022-02-12T07:54:30.238473000Z DEBUG solana_program_runtime::stable_log] Program 11111111111111111111111111111111 success
[2022-02-12T07:54:30.241799000Z DEBUG solana_program_runtime::stable_log] Program 11111111111111111111111111111111 invoke [1]
[2022-02-12T07:54:30.241845000Z DEBUG solana_program_runtime::stable_log] Program 11111111111111111111111111111111 success
[2022-02-12T07:54:30.253399000Z DEBUG solana_program_runtime::stable_log] Program 4uQeVj5tqViQh7yWWGStvkEG1Zmhx6uasJtWCJziofM invoke [1]
[2022-02-12T07:54:30.254089000Z DEBUG solana_program_runtime::stable_log] Program log: Mango: AddSpotMarket
[2022-02-12T07:54:30.260272000Z DEBUG solana_bpf_loader_program] Program 4uQeVj5tqViQh7yWWGStvkEG1Zmhx6uasJtWCJziofM consumed 20981 of 200000 compute units
[2022-02-12T07:54:30.260356000Z DEBUG solana_program_runtime::stable_log] Program 4uQeVj5tqViQh7yWWGStvkEG1Zmhx6uasJtWCJziofM success
[2022-02-12T07:54:30.265611000Z DEBUG solana_program_runtime::stable_log] Program 11111111111111111111111111111111 invoke [1]
[2022-02-12T07:54:30.265666000Z DEBUG solana_program_runtime::stable_log] Program 11111111111111111111111111111111 success
[2022-02-12T07:54:30.273321000Z DEBUG solana_program_runtime::stable_log] Program TokenkegQfeZyiNwAJbNbGKPFXCWuBvf9Ss623VQ5DA invoke [1]
[2022-02-12T07:54:30.273813000Z DEBUG solana_program_runtime::stable_log] Program log: Instruction: InitializeAccount
[2022-02-12T07:54:30.274818000Z DEBUG solana_bpf_loader_program] Program TokenkegQfeZyiNwAJbNbGKPFXCWuBvf9Ss623VQ5DA consumed 3411 of 200000 compute units
[2022-02-12T07:54:30.274870000Z DEBUG solana_program_runtime::stable_log] Program TokenkegQfeZyiNwAJbNbGKPFXCWuBvf9Ss623VQ5DA success
[2022-02-12T07:54:30.278416000Z DEBUG solana_program_runtime::stable_log] Program 11111111111111111111111111111111 invoke [1]
[2022-02-12T07:54:30.278462000Z DEBUG solana_program_runtime::stable_log] Program 11111111111111111111111111111111 success
[2022-02-12T07:54:30.286113000Z DEBUG solana_program_runtime::stable_log] Program TokenkegQfeZyiNwAJbNbGKPFXCWuBvf9Ss623VQ5DA invoke [1]
[2022-02-12T07:54:30.286616000Z DEBUG solana_program_runtime::stable_log] Program log: Instruction: InitializeAccount
[2022-02-12T07:54:30.287621000Z DEBUG solana_bpf_loader_program] Program TokenkegQfeZyiNwAJbNbGKPFXCWuBvf9Ss623VQ5DA consumed 3411 of 200000 compute units
[2022-02-12T07:54:30.287677000Z DEBUG solana_program_runtime::stable_log] Program TokenkegQfeZyiNwAJbNbGKPFXCWuBvf9Ss623VQ5DA success
[2022-02-12T07:54:30.295994000Z DEBUG solana_program_runtime::stable_log] Program 11111111111111111111111111111111 invoke [1]
[2022-02-12T07:54:30.296041000Z DEBUG solana_program_runtime::stable_log] Program 11111111111111111111111111111111 success
[2022-02-12T07:54:30.296090000Z DEBUG solana_program_runtime::stable_log] Program 11111111111111111111111111111111 invoke [1]
[2022-02-12T07:54:30.296130000Z DEBUG solana_program_runtime::stable_log] Program 11111111111111111111111111111111 success
[2022-02-12T07:54:30.296177000Z DEBUG solana_program_runtime::stable_log] Program 11111111111111111111111111111111 invoke [1]
[2022-02-12T07:54:30.296244000Z DEBUG solana_program_runtime::stable_log] Program 11111111111111111111111111111111 success
[2022-02-12T07:54:30.296463000Z DEBUG solana_program_runtime::stable_log] Program 11111111111111111111111111111111 invoke [1]
[2022-02-12T07:54:30.296506000Z DEBUG solana_program_runtime::stable_log] Program 11111111111111111111111111111111 success
[2022-02-12T07:54:30.296564000Z DEBUG solana_program_runtime::stable_log] Program 11111111111111111111111111111111 invoke [1]
[2022-02-12T07:54:30.296606000Z DEBUG solana_program_runtime::stable_log] Program 11111111111111111111111111111111 success
[2022-02-12T07:54:30.305743000Z DEBUG solana_program_runtime::stable_log] Program 8opHzTAnfzRpPEx21XtnrVTX28YQuCpAjcn1PczScKh invoke [1]
[2022-02-12T07:54:30.310671000Z DEBUG solana_bpf_loader_program] Program 8opHzTAnfzRpPEx21XtnrVTX28YQuCpAjcn1PczScKh consumed 13661 of 200000 compute units
[2022-02-12T07:54:30.310781000Z DEBUG solana_program_runtime::stable_log] Program 8opHzTAnfzRpPEx21XtnrVTX28YQuCpAjcn1PczScKh success
[2022-02-12T07:54:30.319746000Z DEBUG solana_program_runtime::stable_log] Program 11111111111111111111111111111111 invoke [1]
[2022-02-12T07:54:30.319811000Z DEBUG solana_program_runtime::stable_log] Program 11111111111111111111111111111111 success
[2022-02-12T07:54:30.327575000Z DEBUG solana_program_runtime::stable_log] Program TokenkegQfeZyiNwAJbNbGKPFXCWuBvf9Ss623VQ5DA invoke [1]
[2022-02-12T07:54:30.328069000Z DEBUG solana_program_runtime::stable_log] Program log: Instruction: InitializeAccount
[2022-02-12T07:54:30.329080000Z DEBUG solana_bpf_loader_program] Program TokenkegQfeZyiNwAJbNbGKPFXCWuBvf9Ss623VQ5DA consumed 3411 of 200000 compute units
[2022-02-12T07:54:30.329139000Z DEBUG solana_program_runtime::stable_log] Program TokenkegQfeZyiNwAJbNbGKPFXCWuBvf9Ss623VQ5DA success
[2022-02-12T07:54:30.332298000Z DEBUG solana_program_runtime::stable_log] Program 11111111111111111111111111111111 invoke [1]
[2022-02-12T07:54:30.332352000Z DEBUG solana_program_runtime::stable_log] Program 11111111111111111111111111111111 success
[2022-02-12T07:54:30.335622000Z DEBUG solana_program_runtime::stable_log] Program 11111111111111111111111111111111 invoke [1]
[2022-02-12T07:54:30.335668000Z DEBUG solana_program_runtime::stable_log] Program 11111111111111111111111111111111 success
[2022-02-12T07:54:30.347268000Z DEBUG solana_program_runtime::stable_log] Program 4uQeVj5tqViQh7yWWGStvkEG1Zmhx6uasJtWCJziofM invoke [1]
[2022-02-12T07:54:30.347955000Z DEBUG solana_program_runtime::stable_log] Program log: Mango: AddSpotMarket
[2022-02-12T07:54:30.354136000Z DEBUG solana_bpf_loader_program] Program 4uQeVj5tqViQh7yWWGStvkEG1Zmhx6uasJtWCJziofM consumed 21020 of 200000 compute units
[2022-02-12T07:54:30.354220000Z DEBUG solana_program_runtime::stable_log] Program 4uQeVj5tqViQh7yWWGStvkEG1Zmhx6uasJtWCJziofM success
[2022-02-12T07:54:30.359421000Z DEBUG solana_program_runtime::stable_log] Program 11111111111111111111111111111111 invoke [1]
[2022-02-12T07:54:30.359481000Z DEBUG solana_program_runtime::stable_log] Program 11111111111111111111111111111111 success
[2022-02-12T07:54:30.367144000Z DEBUG solana_program_runtime::stable_log] Program TokenkegQfeZyiNwAJbNbGKPFXCWuBvf9Ss623VQ5DA invoke [1]
[2022-02-12T07:54:30.367636000Z DEBUG solana_program_runtime::stable_log] Program log: Instruction: InitializeAccount
[2022-02-12T07:54:30.368640000Z DEBUG solana_bpf_loader_program] Program TokenkegQfeZyiNwAJbNbGKPFXCWuBvf9Ss623VQ5DA consumed 3411 of 200000 compute units
[2022-02-12T07:54:30.368694000Z DEBUG solana_program_runtime::stable_log] Program TokenkegQfeZyiNwAJbNbGKPFXCWuBvf9Ss623VQ5DA success
[2022-02-12T07:54:30.372209000Z DEBUG solana_program_runtime::stable_log] Program 11111111111111111111111111111111 invoke [1]
[2022-02-12T07:54:30.372255000Z DEBUG solana_program_runtime::stable_log] Program 11111111111111111111111111111111 success
[2022-02-12T07:54:30.379903000Z DEBUG solana_program_runtime::stable_log] Program TokenkegQfeZyiNwAJbNbGKPFXCWuBvf9Ss623VQ5DA invoke [1]
[2022-02-12T07:54:30.380393000Z DEBUG solana_program_runtime::stable_log] Program log: Instruction: InitializeAccount
[2022-02-12T07:54:30.381391000Z DEBUG solana_bpf_loader_program] Program TokenkegQfeZyiNwAJbNbGKPFXCWuBvf9Ss623VQ5DA consumed 3411 of 200000 compute units
[2022-02-12T07:54:30.381443000Z DEBUG solana_program_runtime::stable_log] Program TokenkegQfeZyiNwAJbNbGKPFXCWuBvf9Ss623VQ5DA success
[2022-02-12T07:54:30.389725000Z DEBUG solana_program_runtime::stable_log] Program 11111111111111111111111111111111 invoke [1]
[2022-02-12T07:54:30.389771000Z DEBUG solana_program_runtime::stable_log] Program 11111111111111111111111111111111 success
[2022-02-12T07:54:30.389819000Z DEBUG solana_program_runtime::stable_log] Program 11111111111111111111111111111111 invoke [1]
[2022-02-12T07:54:30.389859000Z DEBUG solana_program_runtime::stable_log] Program 11111111111111111111111111111111 success
[2022-02-12T07:54:30.389906000Z DEBUG solana_program_runtime::stable_log] Program 11111111111111111111111111111111 invoke [1]
[2022-02-12T07:54:30.389971000Z DEBUG solana_program_runtime::stable_log] Program 11111111111111111111111111111111 success
[2022-02-12T07:54:30.390192000Z DEBUG solana_program_runtime::stable_log] Program 11111111111111111111111111111111 invoke [1]
[2022-02-12T07:54:30.390236000Z DEBUG solana_program_runtime::stable_log] Program 11111111111111111111111111111111 success
[2022-02-12T07:54:30.390294000Z DEBUG solana_program_runtime::stable_log] Program 11111111111111111111111111111111 invoke [1]
[2022-02-12T07:54:30.390336000Z DEBUG solana_program_runtime::stable_log] Program 11111111111111111111111111111111 success
[2022-02-12T07:54:30.399468000Z DEBUG solana_program_runtime::stable_log] Program 8opHzTAnfzRpPEx21XtnrVTX28YQuCpAjcn1PczScKh invoke [1]
[2022-02-12T07:54:30.404388000Z DEBUG solana_bpf_loader_program] Program 8opHzTAnfzRpPEx21XtnrVTX28YQuCpAjcn1PczScKh consumed 13661 of 200000 compute units
[2022-02-12T07:54:30.404490000Z DEBUG solana_program_runtime::stable_log] Program 8opHzTAnfzRpPEx21XtnrVTX28YQuCpAjcn1PczScKh success
[2022-02-12T07:54:30.413308000Z DEBUG solana_program_runtime::stable_log] Program 11111111111111111111111111111111 invoke [1]
[2022-02-12T07:54:30.413370000Z DEBUG solana_program_runtime::stable_log] Program 11111111111111111111111111111111 success
[2022-02-12T07:54:30.421043000Z DEBUG solana_program_runtime::stable_log] Program TokenkegQfeZyiNwAJbNbGKPFXCWuBvf9Ss623VQ5DA invoke [1]
[2022-02-12T07:54:30.421540000Z DEBUG solana_program_runtime::stable_log] Program log: Instruction: InitializeAccount
[2022-02-12T07:54:30.422543000Z DEBUG solana_bpf_loader_program] Program TokenkegQfeZyiNwAJbNbGKPFXCWuBvf9Ss623VQ5DA consumed 3411 of 200000 compute units
[2022-02-12T07:54:30.422600000Z DEBUG solana_program_runtime::stable_log] Program TokenkegQfeZyiNwAJbNbGKPFXCWuBvf9Ss623VQ5DA success
[2022-02-12T07:54:30.425866000Z DEBUG solana_program_runtime::stable_log] Program 11111111111111111111111111111111 invoke [1]
[2022-02-12T07:54:30.425911000Z DEBUG solana_program_runtime::stable_log] Program 11111111111111111111111111111111 success
[2022-02-12T07:54:30.429209000Z DEBUG solana_program_runtime::stable_log] Program 11111111111111111111111111111111 invoke [1]
[2022-02-12T07:54:30.429255000Z DEBUG solana_program_runtime::stable_log] Program 11111111111111111111111111111111 success
[2022-02-12T07:54:30.440807000Z DEBUG solana_program_runtime::stable_log] Program 4uQeVj5tqViQh7yWWGStvkEG1Zmhx6uasJtWCJziofM invoke [1]
[2022-02-12T07:54:30.441490000Z DEBUG solana_program_runtime::stable_log] Program log: Mango: AddSpotMarket
[2022-02-12T07:54:30.447680000Z DEBUG solana_bpf_loader_program] Program 4uQeVj5tqViQh7yWWGStvkEG1Zmhx6uasJtWCJziofM consumed 21059 of 200000 compute units
[2022-02-12T07:54:30.447761000Z DEBUG solana_program_runtime::stable_log] Program 4uQeVj5tqViQh7yWWGStvkEG1Zmhx6uasJtWCJziofM success
[2022-02-12T07:54:30.451575000Z DEBUG solana_program_runtime::stable_log] Program 11111111111111111111111111111111 invoke [1]
[2022-02-12T07:54:30.451631000Z DEBUG solana_program_runtime::stable_log] Program 11111111111111111111111111111111 success
[2022-02-12T07:54:30.455044000Z DEBUG solana_program_runtime::stable_log] Program 11111111111111111111111111111111 invoke [1]
[2022-02-12T07:54:30.455093000Z DEBUG solana_program_runtime::stable_log] Program 11111111111111111111111111111111 success
[2022-02-12T07:54:30.458361000Z DEBUG solana_program_runtime::stable_log] Program 11111111111111111111111111111111 invoke [1]
[2022-02-12T07:54:30.458413000Z DEBUG solana_program_runtime::stable_log] Program 11111111111111111111111111111111 success
[2022-02-12T07:54:30.461706000Z DEBUG solana_program_runtime::stable_log] Program 11111111111111111111111111111111 invoke [1]
[2022-02-12T07:54:30.461755000Z DEBUG solana_program_runtime::stable_log] Program 11111111111111111111111111111111 success
[2022-02-12T07:54:30.466423000Z DEBUG solana_program_runtime::stable_log] Program 11111111111111111111111111111111 invoke [1]
[2022-02-12T07:54:30.466472000Z DEBUG solana_program_runtime::stable_log] Program 11111111111111111111111111111111 success
[2022-02-12T07:54:30.474128000Z DEBUG solana_program_runtime::stable_log] Program TokenkegQfeZyiNwAJbNbGKPFXCWuBvf9Ss623VQ5DA invoke [1]
[2022-02-12T07:54:30.474621000Z DEBUG solana_program_runtime::stable_log] Program log: Instruction: InitializeAccount
[2022-02-12T07:54:30.475624000Z DEBUG solana_bpf_loader_program] Program TokenkegQfeZyiNwAJbNbGKPFXCWuBvf9Ss623VQ5DA consumed 3411 of 200000 compute units
[2022-02-12T07:54:30.475682000Z DEBUG solana_program_runtime::stable_log] Program TokenkegQfeZyiNwAJbNbGKPFXCWuBvf9Ss623VQ5DA success
[2022-02-12T07:54:30.487030000Z DEBUG solana_program_runtime::stable_log] Program 4uQeVj5tqViQh7yWWGStvkEG1Zmhx6uasJtWCJziofM invoke [1]
[2022-02-12T07:54:30.487666000Z DEBUG solana_program_runtime::stable_log] Program log: Mango: AddPerpMarket DEPRECATED
[2022-02-12T07:54:30.493717000Z DEBUG solana_bpf_loader_program] Program 4uQeVj5tqViQh7yWWGStvkEG1Zmhx6uasJtWCJziofM consumed 20524 of 200000 compute units
[2022-02-12T07:54:30.493799000Z DEBUG solana_program_runtime::stable_log] Program 4uQeVj5tqViQh7yWWGStvkEG1Zmhx6uasJtWCJziofM success
[2022-02-12T07:54:30.497714000Z DEBUG solana_program_runtime::stable_log] Program 11111111111111111111111111111111 invoke [1]
[2022-02-12T07:54:30.497774000Z DEBUG solana_program_runtime::stable_log] Program 11111111111111111111111111111111 success
[2022-02-12T07:54:30.501109000Z DEBUG solana_program_runtime::stable_log] Program 11111111111111111111111111111111 invoke [1]
[2022-02-12T07:54:30.501156000Z DEBUG solana_program_runtime::stable_log] Program 11111111111111111111111111111111 success
[2022-02-12T07:54:30.504448000Z DEBUG solana_program_runtime::stable_log] Program 11111111111111111111111111111111 invoke [1]
[2022-02-12T07:54:30.504495000Z DEBUG solana_program_runtime::stable_log] Program 11111111111111111111111111111111 success
[2022-02-12T07:54:30.507794000Z DEBUG solana_program_runtime::stable_log] Program 11111111111111111111111111111111 invoke [1]
[2022-02-12T07:54:30.507840000Z DEBUG solana_program_runtime::stable_log] Program 11111111111111111111111111111111 success
[2022-02-12T07:54:30.511359000Z DEBUG solana_program_runtime::stable_log] Program 11111111111111111111111111111111 invoke [1]
[2022-02-12T07:54:30.511404000Z DEBUG solana_program_runtime::stable_log] Program 11111111111111111111111111111111 success
[2022-02-12T07:54:30.519058000Z DEBUG solana_program_runtime::stable_log] Program TokenkegQfeZyiNwAJbNbGKPFXCWuBvf9Ss623VQ5DA invoke [1]
[2022-02-12T07:54:30.519551000Z DEBUG solana_program_runtime::stable_log] Program log: Instruction: InitializeAccount
[2022-02-12T07:54:30.520556000Z DEBUG solana_bpf_loader_program] Program TokenkegQfeZyiNwAJbNbGKPFXCWuBvf9Ss623VQ5DA consumed 3411 of 200000 compute units
[2022-02-12T07:54:30.520608000Z DEBUG solana_program_runtime::stable_log] Program TokenkegQfeZyiNwAJbNbGKPFXCWuBvf9Ss623VQ5DA success
[2022-02-12T07:54:30.531921000Z DEBUG solana_program_runtime::stable_log] Program 4uQeVj5tqViQh7yWWGStvkEG1Zmhx6uasJtWCJziofM invoke [1]
[2022-02-12T07:54:30.532553000Z DEBUG solana_program_runtime::stable_log] Program log: Mango: AddPerpMarket DEPRECATED
[2022-02-12T07:54:30.538576000Z DEBUG solana_bpf_loader_program] Program 4uQeVj5tqViQh7yWWGStvkEG1Zmhx6uasJtWCJziofM consumed 20564 of 200000 compute units
[2022-02-12T07:54:30.538648000Z DEBUG solana_program_runtime::stable_log] Program 4uQeVj5tqViQh7yWWGStvkEG1Zmhx6uasJtWCJziofM success
[2022-02-12T07:54:30.542980000Z DEBUG solana_program_runtime::stable_log] Program 11111111111111111111111111111111 invoke [1]
[2022-02-12T07:54:30.543039000Z DEBUG solana_program_runtime::stable_log] Program 11111111111111111111111111111111 success
[2022-02-12T07:54:30.546417000Z DEBUG solana_program_runtime::stable_log] Program 11111111111111111111111111111111 invoke [1]
[2022-02-12T07:54:30.546464000Z DEBUG solana_program_runtime::stable_log] Program 11111111111111111111111111111111 success
[2022-02-12T07:54:30.549791000Z DEBUG solana_program_runtime::stable_log] Program 11111111111111111111111111111111 invoke [1]
[2022-02-12T07:54:30.549844000Z DEBUG solana_program_runtime::stable_log] Program 11111111111111111111111111111111 success
[2022-02-12T07:54:30.553127000Z DEBUG solana_program_runtime::stable_log] Program 11111111111111111111111111111111 invoke [1]
[2022-02-12T07:54:30.553175000Z DEBUG solana_program_runtime::stable_log] Program 11111111111111111111111111111111 success
[2022-02-12T07:54:30.556685000Z DEBUG solana_program_runtime::stable_log] Program 11111111111111111111111111111111 invoke [1]
[2022-02-12T07:54:30.556737000Z DEBUG solana_program_runtime::stable_log] Program 11111111111111111111111111111111 success
[2022-02-12T07:54:30.564428000Z DEBUG solana_program_runtime::stable_log] Program TokenkegQfeZyiNwAJbNbGKPFXCWuBvf9Ss623VQ5DA invoke [1]
[2022-02-12T07:54:30.564921000Z DEBUG solana_program_runtime::stable_log] Program log: Instruction: InitializeAccount
[2022-02-12T07:54:30.565928000Z DEBUG solana_bpf_loader_program] Program TokenkegQfeZyiNwAJbNbGKPFXCWuBvf9Ss623VQ5DA consumed 3411 of 200000 compute units
[2022-02-12T07:54:30.565982000Z DEBUG solana_program_runtime::stable_log] Program TokenkegQfeZyiNwAJbNbGKPFXCWuBvf9Ss623VQ5DA success
[2022-02-12T07:54:30.577236000Z DEBUG solana_program_runtime::stable_log] Program 4uQeVj5tqViQh7yWWGStvkEG1Zmhx6uasJtWCJziofM invoke [1]
[2022-02-12T07:54:30.577869000Z DEBUG solana_program_runtime::stable_log] Program log: Mango: AddPerpMarket DEPRECATED
[2022-02-12T07:54:30.583910000Z DEBUG solana_bpf_loader_program] Program 4uQeVj5tqViQh7yWWGStvkEG1Zmhx6uasJtWCJziofM consumed 20603 of 200000 compute units
[2022-02-12T07:54:30.583981000Z DEBUG solana_program_runtime::stable_log] Program 4uQeVj5tqViQh7yWWGStvkEG1Zmhx6uasJtWCJziofM success
[2022-02-12T07:54:30.588627000Z DEBUG solana_program_runtime::stable_log] Program 11111111111111111111111111111111 invoke [1]
[2022-02-12T07:54:30.588690000Z DEBUG solana_program_runtime::stable_log] Program 11111111111111111111111111111111 success
[2022-02-12T07:54:30.592015000Z DEBUG solana_program_runtime::stable_log] Program 11111111111111111111111111111111 invoke [1]
[2022-02-12T07:54:30.592062000Z DEBUG solana_program_runtime::stable_log] Program 11111111111111111111111111111111 success
[2022-02-12T07:54:30.595357000Z DEBUG solana_program_runtime::stable_log] Program 11111111111111111111111111111111 invoke [1]
[2022-02-12T07:54:30.595405000Z DEBUG solana_program_runtime::stable_log] Program 11111111111111111111111111111111 success
[2022-02-12T07:54:30.598705000Z DEBUG solana_program_runtime::stable_log] Program 11111111111111111111111111111111 invoke [1]
[2022-02-12T07:54:30.598755000Z DEBUG solana_program_runtime::stable_log] Program 11111111111111111111111111111111 success
[2022-02-12T07:54:30.602300000Z DEBUG solana_program_runtime::stable_log] Program 11111111111111111111111111111111 invoke [1]
[2022-02-12T07:54:30.602347000Z DEBUG solana_program_runtime::stable_log] Program 11111111111111111111111111111111 success
[2022-02-12T07:54:30.610031000Z DEBUG solana_program_runtime::stable_log] Program TokenkegQfeZyiNwAJbNbGKPFXCWuBvf9Ss623VQ5DA invoke [1]
[2022-02-12T07:54:30.610525000Z DEBUG solana_program_runtime::stable_log] Program log: Instruction: InitializeAccount
[2022-02-12T07:54:30.611525000Z DEBUG solana_bpf_loader_program] Program TokenkegQfeZyiNwAJbNbGKPFXCWuBvf9Ss623VQ5DA consumed 3411 of 200000 compute units
[2022-02-12T07:54:30.611580000Z DEBUG solana_program_runtime::stable_log] Program TokenkegQfeZyiNwAJbNbGKPFXCWuBvf9Ss623VQ5DA success
[2022-02-12T07:54:30.622857000Z DEBUG solana_program_runtime::stable_log] Program 4uQeVj5tqViQh7yWWGStvkEG1Zmhx6uasJtWCJziofM invoke [1]
[2022-02-12T07:54:30.623491000Z DEBUG solana_program_runtime::stable_log] Program log: Mango: AddPerpMarket DEPRECATED
[2022-02-12T07:54:30.629549000Z DEBUG solana_bpf_loader_program] Program 4uQeVj5tqViQh7yWWGStvkEG1Zmhx6uasJtWCJziofM consumed 20642 of 200000 compute units
[2022-02-12T07:54:30.629621000Z DEBUG solana_program_runtime::stable_log] Program 4uQeVj5tqViQh7yWWGStvkEG1Zmhx6uasJtWCJziofM success
[2022-02-12T07:54:30.634010000Z DEBUG solana_program_runtime::stable_log] Program 11111111111111111111111111111111 invoke [1]
[2022-02-12T07:54:30.634070000Z DEBUG solana_program_runtime::stable_log] Program 11111111111111111111111111111111 success
[2022-02-12T07:54:30.638590000Z DEBUG solana_program_runtime::stable_log] Program 11111111111111111111111111111111 invoke [1]
[2022-02-12T07:54:30.638640000Z DEBUG solana_program_runtime::stable_log] Program 11111111111111111111111111111111 success
[2022-02-12T07:54:30.641998000Z DEBUG solana_program_runtime::stable_log] Program 11111111111111111111111111111111 invoke [1]
[2022-02-12T07:54:30.642046000Z DEBUG solana_program_runtime::stable_log] Program 11111111111111111111111111111111 success
[2022-02-12T07:54:30.646508000Z DEBUG solana_program_runtime::stable_log] Program 11111111111111111111111111111111 invoke [1]
[2022-02-12T07:54:30.646565000Z DEBUG solana_program_runtime::stable_log] Program 11111111111111111111111111111111 success
[2022-02-12T07:54:30.650086000Z DEBUG solana_program_runtime::stable_log] Program 11111111111111111111111111111111 invoke [1]
[2022-02-12T07:54:30.650136000Z DEBUG solana_program_runtime::stable_log] Program 11111111111111111111111111111111 success
[2022-02-12T07:54:30.657838000Z DEBUG solana_program_runtime::stable_log] Program TokenkegQfeZyiNwAJbNbGKPFXCWuBvf9Ss623VQ5DA invoke [1]
[2022-02-12T07:54:30.658324000Z DEBUG solana_program_runtime::stable_log] Program log: Instruction: InitializeAccount
[2022-02-12T07:54:30.659326000Z DEBUG solana_bpf_loader_program] Program TokenkegQfeZyiNwAJbNbGKPFXCWuBvf9Ss623VQ5DA consumed 3411 of 200000 compute units
[2022-02-12T07:54:30.659383000Z DEBUG solana_program_runtime::stable_log] Program TokenkegQfeZyiNwAJbNbGKPFXCWuBvf9Ss623VQ5DA success
[2022-02-12T07:54:30.670563000Z DEBUG solana_program_runtime::stable_log] Program 4uQeVj5tqViQh7yWWGStvkEG1Zmhx6uasJtWCJziofM invoke [1]
[2022-02-12T07:54:30.671194000Z DEBUG solana_program_runtime::stable_log] Program log: Mango: AddPerpMarket DEPRECATED
[2022-02-12T07:54:30.677281000Z DEBUG solana_bpf_loader_program] Program 4uQeVj5tqViQh7yWWGStvkEG1Zmhx6uasJtWCJziofM consumed 20681 of 200000 compute units
[2022-02-12T07:54:30.677351000Z DEBUG solana_program_runtime::stable_log] Program 4uQeVj5tqViQh7yWWGStvkEG1Zmhx6uasJtWCJziofM success
[2022-02-12T07:54:30.681886000Z DEBUG solana_program_runtime::stable_log] Program 11111111111111111111111111111111 invoke [1]
[2022-02-12T07:54:30.681942000Z DEBUG solana_program_runtime::stable_log] Program 11111111111111111111111111111111 success
[2022-02-12T07:54:30.685331000Z DEBUG solana_program_runtime::stable_log] Program 11111111111111111111111111111111 invoke [1]
[2022-02-12T07:54:30.685384000Z DEBUG solana_program_runtime::stable_log] Program 11111111111111111111111111111111 success
[2022-02-12T07:54:30.688686000Z DEBUG solana_program_runtime::stable_log] Program 11111111111111111111111111111111 invoke [1]
[2022-02-12T07:54:30.688736000Z DEBUG solana_program_runtime::stable_log] Program 11111111111111111111111111111111 success
[2022-02-12T07:54:30.692005000Z DEBUG solana_program_runtime::stable_log] Program 11111111111111111111111111111111 invoke [1]
[2022-02-12T07:54:30.692055000Z DEBUG solana_program_runtime::stable_log] Program 11111111111111111111111111111111 success
[2022-02-12T07:54:30.696708000Z DEBUG solana_program_runtime::stable_log] Program 11111111111111111111111111111111 invoke [1]
[2022-02-12T07:54:30.696756000Z DEBUG solana_program_runtime::stable_log] Program 11111111111111111111111111111111 success
[2022-02-12T07:54:30.704467000Z DEBUG solana_program_runtime::stable_log] Program TokenkegQfeZyiNwAJbNbGKPFXCWuBvf9Ss623VQ5DA invoke [1]
[2022-02-12T07:54:30.704960000Z DEBUG solana_program_runtime::stable_log] Program log: Instruction: InitializeAccount
[2022-02-12T07:54:30.705965000Z DEBUG solana_bpf_loader_program] Program TokenkegQfeZyiNwAJbNbGKPFXCWuBvf9Ss623VQ5DA consumed 3411 of 200000 compute units
[2022-02-12T07:54:30.706018000Z DEBUG solana_program_runtime::stable_log] Program TokenkegQfeZyiNwAJbNbGKPFXCWuBvf9Ss623VQ5DA success
[2022-02-12T07:54:30.717246000Z DEBUG solana_program_runtime::stable_log] Program 4uQeVj5tqViQh7yWWGStvkEG1Zmhx6uasJtWCJziofM invoke [1]
[2022-02-12T07:54:30.717881000Z DEBUG solana_program_runtime::stable_log] Program log: Mango: AddPerpMarket DEPRECATED
[2022-02-12T07:54:30.723971000Z DEBUG solana_bpf_loader_program] Program 4uQeVj5tqViQh7yWWGStvkEG1Zmhx6uasJtWCJziofM consumed 20720 of 200000 compute units
[2022-02-12T07:54:30.724040000Z DEBUG solana_program_runtime::stable_log] Program 4uQeVj5tqViQh7yWWGStvkEG1Zmhx6uasJtWCJziofM success
[2022-02-12T07:54:30.728321000Z DEBUG solana_program_runtime::stable_log] Program 11111111111111111111111111111111 invoke [1]
[2022-02-12T07:54:30.728372000Z DEBUG solana_program_runtime::stable_log] Program 11111111111111111111111111111111 success
[2022-02-12T07:54:30.731732000Z DEBUG solana_program_runtime::stable_log] Program 11111111111111111111111111111111 invoke [1]
[2022-02-12T07:54:30.731779000Z DEBUG solana_program_runtime::stable_log] Program 11111111111111111111111111111111 success
[2022-02-12T07:54:30.735067000Z DEBUG solana_program_runtime::stable_log] Program 11111111111111111111111111111111 invoke [1]
[2022-02-12T07:54:30.735116000Z DEBUG solana_program_runtime::stable_log] Program 11111111111111111111111111111111 success
[2022-02-12T07:54:30.738463000Z DEBUG solana_program_runtime::stable_log] Program 11111111111111111111111111111111 invoke [1]
[2022-02-12T07:54:30.738519000Z DEBUG solana_program_runtime::stable_log] Program 11111111111111111111111111111111 success
[2022-02-12T07:54:30.742023000Z DEBUG solana_program_runtime::stable_log] Program 11111111111111111111111111111111 invoke [1]
[2022-02-12T07:54:30.742073000Z DEBUG solana_program_runtime::stable_log] Program 11111111111111111111111111111111 success
[2022-02-12T07:54:30.749837000Z DEBUG solana_program_runtime::stable_log] Program TokenkegQfeZyiNwAJbNbGKPFXCWuBvf9Ss623VQ5DA invoke [1]
[2022-02-12T07:54:30.750331000Z DEBUG solana_program_runtime::stable_log] Program log: Instruction: InitializeAccount
[2022-02-12T07:54:30.751337000Z DEBUG solana_bpf_loader_program] Program TokenkegQfeZyiNwAJbNbGKPFXCWuBvf9Ss623VQ5DA consumed 3411 of 200000 compute units
[2022-02-12T07:54:30.751391000Z DEBUG solana_program_runtime::stable_log] Program TokenkegQfeZyiNwAJbNbGKPFXCWuBvf9Ss623VQ5DA success
[2022-02-12T07:54:30.762575000Z DEBUG solana_program_runtime::stable_log] Program 4uQeVj5tqViQh7yWWGStvkEG1Zmhx6uasJtWCJziofM invoke [1]
[2022-02-12T07:54:30.763205000Z DEBUG solana_program_runtime::stable_log] Program log: Mango: AddPerpMarket DEPRECATED
[2022-02-12T07:54:30.769298000Z DEBUG solana_bpf_loader_program] Program 4uQeVj5tqViQh7yWWGStvkEG1Zmhx6uasJtWCJziofM consumed 20759 of 200000 compute units
[2022-02-12T07:54:30.769368000Z DEBUG solana_program_runtime::stable_log] Program 4uQeVj5tqViQh7yWWGStvkEG1Zmhx6uasJtWCJziofM success
[2022-02-12T07:54:30.773942000Z DEBUG solana_program_runtime::stable_log] Program 11111111111111111111111111111111 invoke [1]
[2022-02-12T07:54:30.773998000Z DEBUG solana_program_runtime::stable_log] Program 11111111111111111111111111111111 success
[2022-02-12T07:54:30.777340000Z DEBUG solana_program_runtime::stable_log] Program 11111111111111111111111111111111 invoke [1]
[2022-02-12T07:54:30.777385000Z DEBUG solana_program_runtime::stable_log] Program 11111111111111111111111111111111 success
[2022-02-12T07:54:30.780634000Z DEBUG solana_program_runtime::stable_log] Program 11111111111111111111111111111111 invoke [1]
[2022-02-12T07:54:30.780682000Z DEBUG solana_program_runtime::stable_log] Program 11111111111111111111111111111111 success
[2022-02-12T07:54:30.784032000Z DEBUG solana_program_runtime::stable_log] Program 11111111111111111111111111111111 invoke [1]
[2022-02-12T07:54:30.784085000Z DEBUG solana_program_runtime::stable_log] Program 11111111111111111111111111111111 success
[2022-02-12T07:54:30.788738000Z DEBUG solana_program_runtime::stable_log] Program 11111111111111111111111111111111 invoke [1]
[2022-02-12T07:54:30.788790000Z DEBUG solana_program_runtime::stable_log] Program 11111111111111111111111111111111 success
[2022-02-12T07:54:30.796498000Z DEBUG solana_program_runtime::stable_log] Program TokenkegQfeZyiNwAJbNbGKPFXCWuBvf9Ss623VQ5DA invoke [1]
[2022-02-12T07:54:30.796990000Z DEBUG solana_program_runtime::stable_log] Program log: Instruction: InitializeAccount
[2022-02-12T07:54:30.797994000Z DEBUG solana_bpf_loader_program] Program TokenkegQfeZyiNwAJbNbGKPFXCWuBvf9Ss623VQ5DA consumed 3411 of 200000 compute units
[2022-02-12T07:54:30.798050000Z DEBUG solana_program_runtime::stable_log] Program TokenkegQfeZyiNwAJbNbGKPFXCWuBvf9Ss623VQ5DA success
[2022-02-12T07:54:30.810440000Z DEBUG solana_program_runtime::stable_log] Program 4uQeVj5tqViQh7yWWGStvkEG1Zmhx6uasJtWCJziofM invoke [1]
[2022-02-12T07:54:30.811074000Z DEBUG solana_program_runtime::stable_log] Program log: Mango: AddPerpMarket DEPRECATED
[2022-02-12T07:54:30.817187000Z DEBUG solana_bpf_loader_program] Program 4uQeVj5tqViQh7yWWGStvkEG1Zmhx6uasJtWCJziofM consumed 20798 of 200000 compute units
[2022-02-12T07:54:30.817255000Z DEBUG solana_program_runtime::stable_log] Program 4uQeVj5tqViQh7yWWGStvkEG1Zmhx6uasJtWCJziofM success
[2022-02-12T07:54:30.822634000Z DEBUG solana_program_runtime::stable_log] Program 11111111111111111111111111111111 invoke [1]
[2022-02-12T07:54:30.822692000Z DEBUG solana_program_runtime::stable_log] Program 11111111111111111111111111111111 success
[2022-02-12T07:54:30.826027000Z DEBUG solana_program_runtime::stable_log] Program 11111111111111111111111111111111 invoke [1]
[2022-02-12T07:54:30.826074000Z DEBUG solana_program_runtime::stable_log] Program 11111111111111111111111111111111 success
[2022-02-12T07:54:30.829376000Z DEBUG solana_program_runtime::stable_log] Program 11111111111111111111111111111111 invoke [1]
[2022-02-12T07:54:30.829424000Z DEBUG solana_program_runtime::stable_log] Program 11111111111111111111111111111111 success
[2022-02-12T07:54:30.832787000Z DEBUG solana_program_runtime::stable_log] Program 11111111111111111111111111111111 invoke [1]
[2022-02-12T07:54:30.832838000Z DEBUG solana_program_runtime::stable_log] Program 11111111111111111111111111111111 success
[2022-02-12T07:54:30.836393000Z DEBUG solana_program_runtime::stable_log] Program 11111111111111111111111111111111 invoke [1]
[2022-02-12T07:54:30.836445000Z DEBUG solana_program_runtime::stable_log] Program 11111111111111111111111111111111 success
[2022-02-12T07:54:30.844172000Z DEBUG solana_program_runtime::stable_log] Program TokenkegQfeZyiNwAJbNbGKPFXCWuBvf9Ss623VQ5DA invoke [1]
[2022-02-12T07:54:30.844672000Z DEBUG solana_program_runtime::stable_log] Program log: Instruction: InitializeAccount
[2022-02-12T07:54:30.845672000Z DEBUG solana_bpf_loader_program] Program TokenkegQfeZyiNwAJbNbGKPFXCWuBvf9Ss623VQ5DA consumed 3411 of 200000 compute units
[2022-02-12T07:54:30.845729000Z DEBUG solana_program_runtime::stable_log] Program TokenkegQfeZyiNwAJbNbGKPFXCWuBvf9Ss623VQ5DA success
[2022-02-12T07:54:30.856926000Z DEBUG solana_program_runtime::stable_log] Program 4uQeVj5tqViQh7yWWGStvkEG1Zmhx6uasJtWCJziofM invoke [1]
[2022-02-12T07:54:30.857556000Z DEBUG solana_program_runtime::stable_log] Program log: Mango: AddPerpMarket DEPRECATED
[2022-02-12T07:54:30.863679000Z DEBUG solana_bpf_loader_program] Program 4uQeVj5tqViQh7yWWGStvkEG1Zmhx6uasJtWCJziofM consumed 20837 of 200000 compute units
[2022-02-12T07:54:30.863748000Z DEBUG solana_program_runtime::stable_log] Program 4uQeVj5tqViQh7yWWGStvkEG1Zmhx6uasJtWCJziofM success
[2022-02-12T07:54:30.868294000Z DEBUG solana_program_runtime::stable_log] Program 11111111111111111111111111111111 invoke [1]
[2022-02-12T07:54:30.868348000Z DEBUG solana_program_runtime::stable_log] Program 11111111111111111111111111111111 success
[2022-02-12T07:54:30.871678000Z DEBUG solana_program_runtime::stable_log] Program 11111111111111111111111111111111 invoke [1]
[2022-02-12T07:54:30.871728000Z DEBUG solana_program_runtime::stable_log] Program 11111111111111111111111111111111 success
[2022-02-12T07:54:30.875029000Z DEBUG solana_program_runtime::stable_log] Program 11111111111111111111111111111111 invoke [1]
[2022-02-12T07:54:30.875077000Z DEBUG solana_program_runtime::stable_log] Program 11111111111111111111111111111111 success
[2022-02-12T07:54:30.878427000Z DEBUG solana_program_runtime::stable_log] Program 11111111111111111111111111111111 invoke [1]
[2022-02-12T07:54:30.878480000Z DEBUG solana_program_runtime::stable_log] Program 11111111111111111111111111111111 success
[2022-02-12T07:54:30.882012000Z DEBUG solana_program_runtime::stable_log] Program 11111111111111111111111111111111 invoke [1]
[2022-02-12T07:54:30.882059000Z DEBUG solana_program_runtime::stable_log] Program 11111111111111111111111111111111 success
[2022-02-12T07:54:30.889775000Z DEBUG solana_program_runtime::stable_log] Program TokenkegQfeZyiNwAJbNbGKPFXCWuBvf9Ss623VQ5DA invoke [1]
[2022-02-12T07:54:30.890270000Z DEBUG solana_program_runtime::stable_log] Program log: Instruction: InitializeAccount
[2022-02-12T07:54:30.891274000Z DEBUG solana_bpf_loader_program] Program TokenkegQfeZyiNwAJbNbGKPFXCWuBvf9Ss623VQ5DA consumed 3411 of 200000 compute units
[2022-02-12T07:54:30.891330000Z DEBUG solana_program_runtime::stable_log] Program TokenkegQfeZyiNwAJbNbGKPFXCWuBvf9Ss623VQ5DA success
[2022-02-12T07:54:30.902542000Z DEBUG solana_program_runtime::stable_log] Program 4uQeVj5tqViQh7yWWGStvkEG1Zmhx6uasJtWCJziofM invoke [1]
[2022-02-12T07:54:30.903172000Z DEBUG solana_program_runtime::stable_log] Program log: Mango: AddPerpMarket DEPRECATED
[2022-02-12T07:54:30.909331000Z DEBUG solana_bpf_loader_program] Program 4uQeVj5tqViQh7yWWGStvkEG1Zmhx6uasJtWCJziofM consumed 20876 of 200000 compute units
[2022-02-12T07:54:30.909408000Z DEBUG solana_program_runtime::stable_log] Program 4uQeVj5tqViQh7yWWGStvkEG1Zmhx6uasJtWCJziofM success
[2022-02-12T07:54:30.913653000Z DEBUG solana_program_runtime::stable_log] Program 11111111111111111111111111111111 invoke [1]
[2022-02-12T07:54:30.913709000Z DEBUG solana_program_runtime::stable_log] Program 11111111111111111111111111111111 success
[2022-02-12T07:54:30.917086000Z DEBUG solana_program_runtime::stable_log] Program 11111111111111111111111111111111 invoke [1]
[2022-02-12T07:54:30.917136000Z DEBUG solana_program_runtime::stable_log] Program 11111111111111111111111111111111 success
[2022-02-12T07:54:30.920440000Z DEBUG solana_program_runtime::stable_log] Program 11111111111111111111111111111111 invoke [1]
[2022-02-12T07:54:30.920486000Z DEBUG solana_program_runtime::stable_log] Program 11111111111111111111111111111111 success
[2022-02-12T07:54:30.923755000Z DEBUG solana_program_runtime::stable_log] Program 11111111111111111111111111111111 invoke [1]
[2022-02-12T07:54:30.923803000Z DEBUG solana_program_runtime::stable_log] Program 11111111111111111111111111111111 success
[2022-02-12T07:54:30.927344000Z DEBUG solana_program_runtime::stable_log] Program 11111111111111111111111111111111 invoke [1]
[2022-02-12T07:54:30.927390000Z DEBUG solana_program_runtime::stable_log] Program 11111111111111111111111111111111 success
[2022-02-12T07:54:30.935094000Z DEBUG solana_program_runtime::stable_log] Program TokenkegQfeZyiNwAJbNbGKPFXCWuBvf9Ss623VQ5DA invoke [1]
[2022-02-12T07:54:30.935586000Z DEBUG solana_program_runtime::stable_log] Program log: Instruction: InitializeAccount
[2022-02-12T07:54:30.936587000Z DEBUG solana_bpf_loader_program] Program TokenkegQfeZyiNwAJbNbGKPFXCWuBvf9Ss623VQ5DA consumed 3411 of 200000 compute units
[2022-02-12T07:54:30.936642000Z DEBUG solana_program_runtime::stable_log] Program TokenkegQfeZyiNwAJbNbGKPFXCWuBvf9Ss623VQ5DA success
[2022-02-12T07:54:30.947889000Z DEBUG solana_program_runtime::stable_log] Program 4uQeVj5tqViQh7yWWGStvkEG1Zmhx6uasJtWCJziofM invoke [1]
[2022-02-12T07:54:30.948538000Z DEBUG solana_program_runtime::stable_log] Program log: Mango: AddPerpMarket DEPRECATED
[2022-02-12T07:54:30.954689000Z DEBUG solana_bpf_loader_program] Program 4uQeVj5tqViQh7yWWGStvkEG1Zmhx6uasJtWCJziofM consumed 20915 of 200000 compute units
[2022-02-12T07:54:30.954763000Z DEBUG solana_program_runtime::stable_log] Program 4uQeVj5tqViQh7yWWGStvkEG1Zmhx6uasJtWCJziofM success
[2022-02-12T07:54:30.958684000Z DEBUG solana_program_runtime::stable_log] Program 11111111111111111111111111111111 invoke [1]
[2022-02-12T07:54:30.958750000Z DEBUG solana_program_runtime::stable_log] Program 11111111111111111111111111111111 success
[2022-02-12T07:54:30.962074000Z DEBUG solana_program_runtime::stable_log] Program 11111111111111111111111111111111 invoke [1]
[2022-02-12T07:54:30.962123000Z DEBUG solana_program_runtime::stable_log] Program 11111111111111111111111111111111 success
[2022-02-12T07:54:30.965441000Z DEBUG solana_program_runtime::stable_log] Program 11111111111111111111111111111111 invoke [1]
[2022-02-12T07:54:30.965492000Z DEBUG solana_program_runtime::stable_log] Program 11111111111111111111111111111111 success
[2022-02-12T07:54:30.968859000Z DEBUG solana_program_runtime::stable_log] Program 11111111111111111111111111111111 invoke [1]
[2022-02-12T07:54:30.968912000Z DEBUG solana_program_runtime::stable_log] Program 11111111111111111111111111111111 success
[2022-02-12T07:54:30.972404000Z DEBUG solana_program_runtime::stable_log] Program 11111111111111111111111111111111 invoke [1]
[2022-02-12T07:54:30.972455000Z DEBUG solana_program_runtime::stable_log] Program 11111111111111111111111111111111 success
[2022-02-12T07:54:30.980136000Z DEBUG solana_program_runtime::stable_log] Program TokenkegQfeZyiNwAJbNbGKPFXCWuBvf9Ss623VQ5DA invoke [1]
[2022-02-12T07:54:30.980624000Z DEBUG solana_program_runtime::stable_log] Program log: Instruction: InitializeAccount
[2022-02-12T07:54:30.981629000Z DEBUG solana_bpf_loader_program] Program TokenkegQfeZyiNwAJbNbGKPFXCWuBvf9Ss623VQ5DA consumed 3411 of 200000 compute units
[2022-02-12T07:54:30.981682000Z DEBUG solana_program_runtime::stable_log] Program TokenkegQfeZyiNwAJbNbGKPFXCWuBvf9Ss623VQ5DA success
[2022-02-12T07:54:30.992880000Z DEBUG solana_program_runtime::stable_log] Program 4uQeVj5tqViQh7yWWGStvkEG1Zmhx6uasJtWCJziofM invoke [1]
[2022-02-12T07:54:30.993512000Z DEBUG solana_program_runtime::stable_log] Program log: Mango: AddPerpMarket DEPRECATED
[2022-02-12T07:54:30.999683000Z DEBUG solana_bpf_loader_program] Program 4uQeVj5tqViQh7yWWGStvkEG1Zmhx6uasJtWCJziofM consumed 20954 of 200000 compute units
[2022-02-12T07:54:30.999754000Z DEBUG solana_program_runtime::stable_log] Program 4uQeVj5tqViQh7yWWGStvkEG1Zmhx6uasJtWCJziofM success
[2022-02-12T07:54:31.003960000Z DEBUG solana_program_runtime::stable_log] Program 11111111111111111111111111111111 invoke [1]
[2022-02-12T07:54:31.004015000Z DEBUG solana_program_runtime::stable_log] Program 11111111111111111111111111111111 success
[2022-02-12T07:54:31.007350000Z DEBUG solana_program_runtime::stable_log] Program 11111111111111111111111111111111 invoke [1]
[2022-02-12T07:54:31.007397000Z DEBUG solana_program_runtime::stable_log] Program 11111111111111111111111111111111 success
[2022-02-12T07:54:31.010707000Z DEBUG solana_program_runtime::stable_log] Program 11111111111111111111111111111111 invoke [1]
[2022-02-12T07:54:31.010754000Z DEBUG solana_program_runtime::stable_log] Program 11111111111111111111111111111111 success
[2022-02-12T07:54:31.014106000Z DEBUG solana_program_runtime::stable_log] Program 11111111111111111111111111111111 invoke [1]
[2022-02-12T07:54:31.014158000Z DEBUG solana_program_runtime::stable_log] Program 11111111111111111111111111111111 success
[2022-02-12T07:54:31.017711000Z DEBUG solana_program_runtime::stable_log] Program 11111111111111111111111111111111 invoke [1]
[2022-02-12T07:54:31.017760000Z DEBUG solana_program_runtime::stable_log] Program 11111111111111111111111111111111 success
[2022-02-12T07:54:31.025483000Z DEBUG solana_program_runtime::stable_log] Program TokenkegQfeZyiNwAJbNbGKPFXCWuBvf9Ss623VQ5DA invoke [1]
[2022-02-12T07:54:31.025980000Z DEBUG solana_program_runtime::stable_log] Program log: Instruction: InitializeAccount
[2022-02-12T07:54:31.026984000Z DEBUG solana_bpf_loader_program] Program TokenkegQfeZyiNwAJbNbGKPFXCWuBvf9Ss623VQ5DA consumed 3411 of 200000 compute units
[2022-02-12T07:54:31.027041000Z DEBUG solana_program_runtime::stable_log] Program TokenkegQfeZyiNwAJbNbGKPFXCWuBvf9Ss623VQ5DA success
[2022-02-12T07:54:31.038256000Z DEBUG solana_program_runtime::stable_log] Program 4uQeVj5tqViQh7yWWGStvkEG1Zmhx6uasJtWCJziofM invoke [1]
[2022-02-12T07:54:31.038891000Z DEBUG solana_program_runtime::stable_log] Program log: Mango: AddPerpMarket DEPRECATED
[2022-02-12T07:54:31.045068000Z DEBUG solana_bpf_loader_program] Program 4uQeVj5tqViQh7yWWGStvkEG1Zmhx6uasJtWCJziofM consumed 20993 of 200000 compute units
[2022-02-12T07:54:31.045137000Z DEBUG solana_program_runtime::stable_log] Program 4uQeVj5tqViQh7yWWGStvkEG1Zmhx6uasJtWCJziofM success
[2022-02-12T07:54:31.049135000Z DEBUG solana_program_runtime::stable_log] Program 11111111111111111111111111111111 invoke [1]
[2022-02-12T07:54:31.049198000Z DEBUG solana_program_runtime::stable_log] Program 11111111111111111111111111111111 success
[2022-02-12T07:54:31.052519000Z DEBUG solana_program_runtime::stable_log] Program 11111111111111111111111111111111 invoke [1]
[2022-02-12T07:54:31.052572000Z DEBUG solana_program_runtime::stable_log] Program 11111111111111111111111111111111 success
[2022-02-12T07:54:31.055835000Z DEBUG solana_program_runtime::stable_log] Program 11111111111111111111111111111111 invoke [1]
[2022-02-12T07:54:31.055886000Z DEBUG solana_program_runtime::stable_log] Program 11111111111111111111111111111111 success
[2022-02-12T07:54:31.059155000Z DEBUG solana_program_runtime::stable_log] Program 11111111111111111111111111111111 invoke [1]
[2022-02-12T07:54:31.059201000Z DEBUG solana_program_runtime::stable_log] Program 11111111111111111111111111111111 success
[2022-02-12T07:54:31.062755000Z DEBUG solana_program_runtime::stable_log] Program 11111111111111111111111111111111 invoke [1]
[2022-02-12T07:54:31.062808000Z DEBUG solana_program_runtime::stable_log] Program 11111111111111111111111111111111 success
[2022-02-12T07:54:31.070533000Z DEBUG solana_program_runtime::stable_log] Program TokenkegQfeZyiNwAJbNbGKPFXCWuBvf9Ss623VQ5DA invoke [1]
[2022-02-12T07:54:31.071025000Z DEBUG solana_program_runtime::stable_log] Program log: Instruction: InitializeAccount
[2022-02-12T07:54:31.072030000Z DEBUG solana_bpf_loader_program] Program TokenkegQfeZyiNwAJbNbGKPFXCWuBvf9Ss623VQ5DA consumed 3411 of 200000 compute units
[2022-02-12T07:54:31.072087000Z DEBUG solana_program_runtime::stable_log] Program TokenkegQfeZyiNwAJbNbGKPFXCWuBvf9Ss623VQ5DA success
[2022-02-12T07:54:31.083306000Z DEBUG solana_program_runtime::stable_log] Program 4uQeVj5tqViQh7yWWGStvkEG1Zmhx6uasJtWCJziofM invoke [1]
[2022-02-12T07:54:31.083940000Z DEBUG solana_program_runtime::stable_log] Program log: Mango: AddPerpMarket DEPRECATED
[2022-02-12T07:54:31.090116000Z DEBUG solana_bpf_loader_program] Program 4uQeVj5tqViQh7yWWGStvkEG1Zmhx6uasJtWCJziofM consumed 21032 of 200000 compute units
[2022-02-12T07:54:31.090186000Z DEBUG solana_program_runtime::stable_log] Program 4uQeVj5tqViQh7yWWGStvkEG1Zmhx6uasJtWCJziofM success
[2022-02-12T07:54:31.094330000Z DEBUG solana_program_runtime::stable_log] Program 11111111111111111111111111111111 invoke [1]
[2022-02-12T07:54:31.094385000Z DEBUG solana_program_runtime::stable_log] Program 11111111111111111111111111111111 success
[2022-02-12T07:54:31.097737000Z DEBUG solana_program_runtime::stable_log] Program 11111111111111111111111111111111 invoke [1]
[2022-02-12T07:54:31.097786000Z DEBUG solana_program_runtime::stable_log] Program 11111111111111111111111111111111 success
[2022-02-12T07:54:31.101078000Z DEBUG solana_program_runtime::stable_log] Program 11111111111111111111111111111111 invoke [1]
[2022-02-12T07:54:31.101125000Z DEBUG solana_program_runtime::stable_log] Program 11111111111111111111111111111111 success
[2022-02-12T07:54:31.104429000Z DEBUG solana_program_runtime::stable_log] Program 11111111111111111111111111111111 invoke [1]
[2022-02-12T07:54:31.104477000Z DEBUG solana_program_runtime::stable_log] Program 11111111111111111111111111111111 success
[2022-02-12T07:54:31.108010000Z DEBUG solana_program_runtime::stable_log] Program 11111111111111111111111111111111 invoke [1]
[2022-02-12T07:54:31.108055000Z DEBUG solana_program_runtime::stable_log] Program 11111111111111111111111111111111 success
[2022-02-12T07:54:31.115753000Z DEBUG solana_program_runtime::stable_log] Program TokenkegQfeZyiNwAJbNbGKPFXCWuBvf9Ss623VQ5DA invoke [1]
[2022-02-12T07:54:31.116248000Z DEBUG solana_program_runtime::stable_log] Program log: Instruction: InitializeAccount
[2022-02-12T07:54:31.117253000Z DEBUG solana_bpf_loader_program] Program TokenkegQfeZyiNwAJbNbGKPFXCWuBvf9Ss623VQ5DA consumed 3411 of 200000 compute units
[2022-02-12T07:54:31.117308000Z DEBUG solana_program_runtime::stable_log] Program TokenkegQfeZyiNwAJbNbGKPFXCWuBvf9Ss623VQ5DA success
[2022-02-12T07:54:31.128547000Z DEBUG solana_program_runtime::stable_log] Program 4uQeVj5tqViQh7yWWGStvkEG1Zmhx6uasJtWCJziofM invoke [1]
[2022-02-12T07:54:31.129181000Z DEBUG solana_program_runtime::stable_log] Program log: Mango: AddPerpMarket DEPRECATED
[2022-02-12T07:54:31.135379000Z DEBUG solana_bpf_loader_program] Program 4uQeVj5tqViQh7yWWGStvkEG1Zmhx6uasJtWCJziofM consumed 21071 of 200000 compute units
[2022-02-12T07:54:31.135447000Z DEBUG solana_program_runtime::stable_log] Program 4uQeVj5tqViQh7yWWGStvkEG1Zmhx6uasJtWCJziofM success
[2022-02-12T07:54:31.176394000Z DEBUG solana_program_runtime::stable_log] Program 4uQeVj5tqViQh7yWWGStvkEG1Zmhx6uasJtWCJziofM invoke [1]
[2022-02-12T07:54:31.177534000Z DEBUG solana_program_runtime::stable_log] Program log: Mango: CachePrices
[2022-02-12T07:54:31.180583000Z DEBUG solana_program_runtime::stable_log] Program log: mango-log
[2022-02-12T07:54:31.182397000Z DEBUG solana_program_runtime::stable_log] Program log: ux0uSxX5tBuyUINLxqzO1TRO++v+BH4AvVqLQ9tVnreRiaLFyd1YMA8AAAAAAAAAAAAAAAEAAAAAAAAAAgAAAAAAAAADAAAAAAAAAAQAAAAAAAAABQAAAAAAAAAGAAAAAAAAAAcAAAAAAAAACAAAAAAAAAAJAAAAAAAAAAoAAAAAAAAACwAAAAAAAAAMAAAAAAAAAA0AAAAAAAAADgAAAAAAAAAPAAAAAAAAAAAAAAAAAAAAAAAAAAAAAAAAAAAAAAAAAAAAAAAAAAAAAAAAAAAAAAAAAAAAAAAAAAAAAAAAAAAAAAAAAAAAAAAAAAAAAAAAAAAAAAAAAAAAAAAAAAAAAAAAAAAAAAAAAAAAAAAAAAAAAAAAAAAAAAAAAAAAAAAAAAAAAAAAAAAAAAAAAAAAAAAAAAAAAAAAAAAAAAAAAAAAAAAAAAAAAAAAAAAAAAAAAAAAAAAAAAAAAAAAAAAAAAAAAAAAAAAAAAAAAAAAAAAAAAAAAAAAAAAAAAAAAAAAAAAAAAAAAAAAAAAAAAAAAAAAAAAA
[2022-02-12T07:54:31.182787000Z DEBUG solana_bpf_loader_program] Program 4uQeVj5tqViQh7yWWGStvkEG1Zmhx6uasJtWCJziofM consumed 18318 of 200000 compute units
[2022-02-12T07:54:31.182864000Z DEBUG solana_program_runtime::stable_log] Program 4uQeVj5tqViQh7yWWGStvkEG1Zmhx6uasJtWCJziofM success
[2022-02-12T07:54:31.193075000Z DEBUG solana_program_runtime::stable_log] Program 4uQeVj5tqViQh7yWWGStvkEG1Zmhx6uasJtWCJziofM invoke [1]
[2022-02-12T07:54:31.193464000Z DEBUG solana_program_runtime::stable_log] Program log: Mango: UpdateRootBank
[2022-02-12T07:54:31.195209000Z DEBUG solana_program_runtime::stable_log] Program log: mango-log
[2022-02-12T07:54:31.195812000Z DEBUG solana_program_runtime::stable_log] Program log: 8HmBNKTUaLiyUINLxqzO1TRO++v+BH4AvVqLQ9tVnreRiaLFyd1YMAAAAAAAAAAAAAAAAAAAQEIPAAAAAAAAAAAAAAAAAEBCDwAAAAAAAAA=
[2022-02-12T07:54:31.195933000Z DEBUG solana_bpf_loader_program] Program 4uQeVj5tqViQh7yWWGStvkEG1Zmhx6uasJtWCJziofM consumed 8523 of 200000 compute units
[2022-02-12T07:54:31.195988000Z DEBUG solana_program_runtime::stable_log] Program 4uQeVj5tqViQh7yWWGStvkEG1Zmhx6uasJtWCJziofM success
[2022-02-12T07:54:31.206237000Z DEBUG solana_program_runtime::stable_log] Program 4uQeVj5tqViQh7yWWGStvkEG1Zmhx6uasJtWCJziofM invoke [1]
[2022-02-12T07:54:31.206629000Z DEBUG solana_program_runtime::stable_log] Program log: Mango: UpdateRootBank
[2022-02-12T07:54:31.208397000Z DEBUG solana_program_runtime::stable_log] Program log: mango-log
[2022-02-12T07:54:31.209000000Z DEBUG solana_program_runtime::stable_log] Program log: 8HmBNKTUaLiyUINLxqzO1TRO++v+BH4AvVqLQ9tVnreRiaLFyd1YMAEAAAAAAAAAAAAAAAAAQEIPAAAAAAAAAAAAAAAAAEBCDwAAAAAAAAA=
[2022-02-12T07:54:31.209125000Z DEBUG solana_bpf_loader_program] Program 4uQeVj5tqViQh7yWWGStvkEG1Zmhx6uasJtWCJziofM consumed 8563 of 200000 compute units
[2022-02-12T07:54:31.209180000Z DEBUG solana_program_runtime::stable_log] Program 4uQeVj5tqViQh7yWWGStvkEG1Zmhx6uasJtWCJziofM success
[2022-02-12T07:54:31.219440000Z DEBUG solana_program_runtime::stable_log] Program 4uQeVj5tqViQh7yWWGStvkEG1Zmhx6uasJtWCJziofM invoke [1]
[2022-02-12T07:54:31.219826000Z DEBUG solana_program_runtime::stable_log] Program log: Mango: UpdateRootBank
[2022-02-12T07:54:31.221596000Z DEBUG solana_program_runtime::stable_log] Program log: mango-log
[2022-02-12T07:54:31.222193000Z DEBUG solana_program_runtime::stable_log] Program log: 8HmBNKTUaLiyUINLxqzO1TRO++v+BH4AvVqLQ9tVnreRiaLFyd1YMAIAAAAAAAAAAAAAAAAAQEIPAAAAAAAAAAAAAAAAAEBCDwAAAAAAAAA=
[2022-02-12T07:54:31.222318000Z DEBUG solana_bpf_loader_program] Program 4uQeVj5tqViQh7yWWGStvkEG1Zmhx6uasJtWCJziofM consumed 8602 of 200000 compute units
[2022-02-12T07:54:31.222375000Z DEBUG solana_program_runtime::stable_log] Program 4uQeVj5tqViQh7yWWGStvkEG1Zmhx6uasJtWCJziofM success
[2022-02-12T07:54:31.232611000Z DEBUG solana_program_runtime::stable_log] Program 4uQeVj5tqViQh7yWWGStvkEG1Zmhx6uasJtWCJziofM invoke [1]
[2022-02-12T07:54:31.233002000Z DEBUG solana_program_runtime::stable_log] Program log: Mango: UpdateRootBank
[2022-02-12T07:54:31.234805000Z DEBUG solana_program_runtime::stable_log] Program log: mango-log
[2022-02-12T07:54:31.235409000Z DEBUG solana_program_runtime::stable_log] Program log: 8HmBNKTUaLiyUINLxqzO1TRO++v+BH4AvVqLQ9tVnreRiaLFyd1YMAMAAAAAAAAAAAAAAAAAQEIPAAAAAAAAAAAAAAAAAEBCDwAAAAAAAAA=
[2022-02-12T07:54:31.235536000Z DEBUG solana_bpf_loader_program] Program 4uQeVj5tqViQh7yWWGStvkEG1Zmhx6uasJtWCJziofM consumed 8641 of 200000 compute units
[2022-02-12T07:54:31.235594000Z DEBUG solana_program_runtime::stable_log] Program 4uQeVj5tqViQh7yWWGStvkEG1Zmhx6uasJtWCJziofM success
[2022-02-12T07:54:31.245828000Z DEBUG solana_program_runtime::stable_log] Program 4uQeVj5tqViQh7yWWGStvkEG1Zmhx6uasJtWCJziofM invoke [1]
[2022-02-12T07:54:31.246230000Z DEBUG solana_program_runtime::stable_log] Program log: Mango: UpdateRootBank
[2022-02-12T07:54:31.248037000Z DEBUG solana_program_runtime::stable_log] Program log: mango-log
[2022-02-12T07:54:31.248630000Z DEBUG solana_program_runtime::stable_log] Program log: 8HmBNKTUaLiyUINLxqzO1TRO++v+BH4AvVqLQ9tVnreRiaLFyd1YMAQAAAAAAAAAAAAAAAAAQEIPAAAAAAAAAAAAAAAAAEBCDwAAAAAAAAA=
[2022-02-12T07:54:31.248754000Z DEBUG solana_bpf_loader_program] Program 4uQeVj5tqViQh7yWWGStvkEG1Zmhx6uasJtWCJziofM consumed 8680 of 200000 compute units
[2022-02-12T07:54:31.248808000Z DEBUG solana_program_runtime::stable_log] Program 4uQeVj5tqViQh7yWWGStvkEG1Zmhx6uasJtWCJziofM success
[2022-02-12T07:54:31.259499000Z DEBUG solana_program_runtime::stable_log] Program 4uQeVj5tqViQh7yWWGStvkEG1Zmhx6uasJtWCJziofM invoke [1]
[2022-02-12T07:54:31.259882000Z DEBUG solana_program_runtime::stable_log] Program log: Mango: UpdateRootBank
[2022-02-12T07:54:31.261691000Z DEBUG solana_program_runtime::stable_log] Program log: mango-log
[2022-02-12T07:54:31.262289000Z DEBUG solana_program_runtime::stable_log] Program log: 8HmBNKTUaLiyUINLxqzO1TRO++v+BH4AvVqLQ9tVnreRiaLFyd1YMAUAAAAAAAAAAAAAAAAAQEIPAAAAAAAAAAAAAAAAAEBCDwAAAAAAAAA=
[2022-02-12T07:54:31.262411000Z DEBUG solana_bpf_loader_program] Program 4uQeVj5tqViQh7yWWGStvkEG1Zmhx6uasJtWCJziofM consumed 8719 of 200000 compute units
[2022-02-12T07:54:31.262464000Z DEBUG solana_program_runtime::stable_log] Program 4uQeVj5tqViQh7yWWGStvkEG1Zmhx6uasJtWCJziofM success
[2022-02-12T07:54:31.272660000Z DEBUG solana_program_runtime::stable_log] Program 4uQeVj5tqViQh7yWWGStvkEG1Zmhx6uasJtWCJziofM invoke [1]
[2022-02-12T07:54:31.273047000Z DEBUG solana_program_runtime::stable_log] Program log: Mango: UpdateRootBank
[2022-02-12T07:54:31.274874000Z DEBUG solana_program_runtime::stable_log] Program log: mango-log
[2022-02-12T07:54:31.275475000Z DEBUG solana_program_runtime::stable_log] Program log: 8HmBNKTUaLiyUINLxqzO1TRO++v+BH4AvVqLQ9tVnreRiaLFyd1YMAYAAAAAAAAAAAAAAAAAQEIPAAAAAAAAAAAAAAAAAEBCDwAAAAAAAAA=
[2022-02-12T07:54:31.275597000Z DEBUG solana_bpf_loader_program] Program 4uQeVj5tqViQh7yWWGStvkEG1Zmhx6uasJtWCJziofM consumed 8758 of 200000 compute units
[2022-02-12T07:54:31.275654000Z DEBUG solana_program_runtime::stable_log] Program 4uQeVj5tqViQh7yWWGStvkEG1Zmhx6uasJtWCJziofM success
[2022-02-12T07:54:31.285793000Z DEBUG solana_program_runtime::stable_log] Program 4uQeVj5tqViQh7yWWGStvkEG1Zmhx6uasJtWCJziofM invoke [1]
[2022-02-12T07:54:31.286176000Z DEBUG solana_program_runtime::stable_log] Program log: Mango: UpdateRootBank
[2022-02-12T07:54:31.288012000Z DEBUG solana_program_runtime::stable_log] Program log: mango-log
[2022-02-12T07:54:31.288612000Z DEBUG solana_program_runtime::stable_log] Program log: 8HmBNKTUaLiyUINLxqzO1TRO++v+BH4AvVqLQ9tVnreRiaLFyd1YMAcAAAAAAAAAAAAAAAAAQEIPAAAAAAAAAAAAAAAAAEBCDwAAAAAAAAA=
[2022-02-12T07:54:31.288737000Z DEBUG solana_bpf_loader_program] Program 4uQeVj5tqViQh7yWWGStvkEG1Zmhx6uasJtWCJziofM consumed 8797 of 200000 compute units
[2022-02-12T07:54:31.288790000Z DEBUG solana_program_runtime::stable_log] Program 4uQeVj5tqViQh7yWWGStvkEG1Zmhx6uasJtWCJziofM success
[2022-02-12T07:54:31.299021000Z DEBUG solana_program_runtime::stable_log] Program 4uQeVj5tqViQh7yWWGStvkEG1Zmhx6uasJtWCJziofM invoke [1]
[2022-02-12T07:54:31.299415000Z DEBUG solana_program_runtime::stable_log] Program log: Mango: UpdateRootBank
[2022-02-12T07:54:31.301268000Z DEBUG solana_program_runtime::stable_log] Program log: mango-log
[2022-02-12T07:54:31.301872000Z DEBUG solana_program_runtime::stable_log] Program log: 8HmBNKTUaLiyUINLxqzO1TRO++v+BH4AvVqLQ9tVnreRiaLFyd1YMAgAAAAAAAAAAAAAAAAAQEIPAAAAAAAAAAAAAAAAAEBCDwAAAAAAAAA=
[2022-02-12T07:54:31.301993000Z DEBUG solana_bpf_loader_program] Program 4uQeVj5tqViQh7yWWGStvkEG1Zmhx6uasJtWCJziofM consumed 8836 of 200000 compute units
[2022-02-12T07:54:31.302049000Z DEBUG solana_program_runtime::stable_log] Program 4uQeVj5tqViQh7yWWGStvkEG1Zmhx6uasJtWCJziofM success
[2022-02-12T07:54:31.314713000Z DEBUG solana_program_runtime::stable_log] Program 4uQeVj5tqViQh7yWWGStvkEG1Zmhx6uasJtWCJziofM invoke [1]
[2022-02-12T07:54:31.315101000Z DEBUG solana_program_runtime::stable_log] Program log: Mango: UpdateRootBank
[2022-02-12T07:54:31.316976000Z DEBUG solana_program_runtime::stable_log] Program log: mango-log
[2022-02-12T07:54:31.317577000Z DEBUG solana_program_runtime::stable_log] Program log: 8HmBNKTUaLiyUINLxqzO1TRO++v+BH4AvVqLQ9tVnreRiaLFyd1YMAkAAAAAAAAAAAAAAAAAQEIPAAAAAAAAAAAAAAAAAEBCDwAAAAAAAAA=
[2022-02-12T07:54:31.317700000Z DEBUG solana_bpf_loader_program] Program 4uQeVj5tqViQh7yWWGStvkEG1Zmhx6uasJtWCJziofM consumed 8875 of 200000 compute units
[2022-02-12T07:54:31.317755000Z DEBUG solana_program_runtime::stable_log] Program 4uQeVj5tqViQh7yWWGStvkEG1Zmhx6uasJtWCJziofM success
[2022-02-12T07:54:31.327670000Z DEBUG solana_program_runtime::stable_log] Program 4uQeVj5tqViQh7yWWGStvkEG1Zmhx6uasJtWCJziofM invoke [1]
[2022-02-12T07:54:31.328074000Z DEBUG solana_program_runtime::stable_log] Program log: Mango: UpdateRootBank
[2022-02-12T07:54:31.329965000Z DEBUG solana_program_runtime::stable_log] Program log: mango-log
[2022-02-12T07:54:31.330570000Z DEBUG solana_program_runtime::stable_log] Program log: 8HmBNKTUaLiyUINLxqzO1TRO++v+BH4AvVqLQ9tVnreRiaLFyd1YMAoAAAAAAAAAAAAAAAAAQEIPAAAAAAAAAAAAAAAAAEBCDwAAAAAAAAA=
[2022-02-12T07:54:31.330693000Z DEBUG solana_bpf_loader_program] Program 4uQeVj5tqViQh7yWWGStvkEG1Zmhx6uasJtWCJziofM consumed 8914 of 200000 compute units
[2022-02-12T07:54:31.330749000Z DEBUG solana_program_runtime::stable_log] Program 4uQeVj5tqViQh7yWWGStvkEG1Zmhx6uasJtWCJziofM success
[2022-02-12T07:54:31.342001000Z DEBUG solana_program_runtime::stable_log] Program 4uQeVj5tqViQh7yWWGStvkEG1Zmhx6uasJtWCJziofM invoke [1]
[2022-02-12T07:54:31.342388000Z DEBUG solana_program_runtime::stable_log] Program log: Mango: UpdateRootBank
[2022-02-12T07:54:31.344290000Z DEBUG solana_program_runtime::stable_log] Program log: mango-log
[2022-02-12T07:54:31.344894000Z DEBUG solana_program_runtime::stable_log] Program log: 8HmBNKTUaLiyUINLxqzO1TRO++v+BH4AvVqLQ9tVnreRiaLFyd1YMAsAAAAAAAAAAAAAAAAAQEIPAAAAAAAAAAAAAAAAAEBCDwAAAAAAAAA=
[2022-02-12T07:54:31.345017000Z DEBUG solana_bpf_loader_program] Program 4uQeVj5tqViQh7yWWGStvkEG1Zmhx6uasJtWCJziofM consumed 8953 of 200000 compute units
[2022-02-12T07:54:31.345072000Z DEBUG solana_program_runtime::stable_log] Program 4uQeVj5tqViQh7yWWGStvkEG1Zmhx6uasJtWCJziofM success
[2022-02-12T07:54:31.355166000Z DEBUG solana_program_runtime::stable_log] Program 4uQeVj5tqViQh7yWWGStvkEG1Zmhx6uasJtWCJziofM invoke [1]
[2022-02-12T07:54:31.355558000Z DEBUG solana_program_runtime::stable_log] Program log: Mango: UpdateRootBank
[2022-02-12T07:54:31.357463000Z DEBUG solana_program_runtime::stable_log] Program log: mango-log
[2022-02-12T07:54:31.358064000Z DEBUG solana_program_runtime::stable_log] Program log: 8HmBNKTUaLiyUINLxqzO1TRO++v+BH4AvVqLQ9tVnreRiaLFyd1YMAwAAAAAAAAAAAAAAAAAQEIPAAAAAAAAAAAAAAAAAEBCDwAAAAAAAAA=
[2022-02-12T07:54:31.358189000Z DEBUG solana_bpf_loader_program] Program 4uQeVj5tqViQh7yWWGStvkEG1Zmhx6uasJtWCJziofM consumed 8992 of 200000 compute units
[2022-02-12T07:54:31.358246000Z DEBUG solana_program_runtime::stable_log] Program 4uQeVj5tqViQh7yWWGStvkEG1Zmhx6uasJtWCJziofM success
[2022-02-12T07:54:31.369526000Z DEBUG solana_program_runtime::stable_log] Program 4uQeVj5tqViQh7yWWGStvkEG1Zmhx6uasJtWCJziofM invoke [1]
[2022-02-12T07:54:31.369917000Z DEBUG solana_program_runtime::stable_log] Program log: Mango: UpdateRootBank
[2022-02-12T07:54:31.371831000Z DEBUG solana_program_runtime::stable_log] Program log: mango-log
[2022-02-12T07:54:31.372433000Z DEBUG solana_program_runtime::stable_log] Program log: 8HmBNKTUaLiyUINLxqzO1TRO++v+BH4AvVqLQ9tVnreRiaLFyd1YMA0AAAAAAAAAAAAAAAAAQEIPAAAAAAAAAAAAAAAAAEBCDwAAAAAAAAA=
[2022-02-12T07:54:31.372555000Z DEBUG solana_bpf_loader_program] Program 4uQeVj5tqViQh7yWWGStvkEG1Zmhx6uasJtWCJziofM consumed 9031 of 200000 compute units
[2022-02-12T07:54:31.372609000Z DEBUG solana_program_runtime::stable_log] Program 4uQeVj5tqViQh7yWWGStvkEG1Zmhx6uasJtWCJziofM success
[2022-02-12T07:54:31.382642000Z DEBUG solana_program_runtime::stable_log] Program 4uQeVj5tqViQh7yWWGStvkEG1Zmhx6uasJtWCJziofM invoke [1]
[2022-02-12T07:54:31.383027000Z DEBUG solana_program_runtime::stable_log] Program log: Mango: UpdateRootBank
[2022-02-12T07:54:31.384959000Z DEBUG solana_program_runtime::stable_log] Program log: mango-log
[2022-02-12T07:54:31.385563000Z DEBUG solana_program_runtime::stable_log] Program log: 8HmBNKTUaLiyUINLxqzO1TRO++v+BH4AvVqLQ9tVnreRiaLFyd1YMA4AAAAAAAAAAAAAAAAAQEIPAAAAAAAAAAAAAAAAAEBCDwAAAAAAAAA=
[2022-02-12T07:54:31.385685000Z DEBUG solana_bpf_loader_program] Program 4uQeVj5tqViQh7yWWGStvkEG1Zmhx6uasJtWCJziofM consumed 9070 of 200000 compute units
[2022-02-12T07:54:31.385739000Z DEBUG solana_program_runtime::stable_log] Program 4uQeVj5tqViQh7yWWGStvkEG1Zmhx6uasJtWCJziofM success
[2022-02-12T07:54:31.395827000Z DEBUG solana_program_runtime::stable_log] Program 4uQeVj5tqViQh7yWWGStvkEG1Zmhx6uasJtWCJziofM invoke [1]
[2022-02-12T07:54:31.396215000Z DEBUG solana_program_runtime::stable_log] Program log: Mango: UpdateRootBank
[2022-02-12T07:54:31.398176000Z DEBUG solana_program_runtime::stable_log] Program log: mango-log
[2022-02-12T07:54:31.398780000Z DEBUG solana_program_runtime::stable_log] Program log: 8HmBNKTUaLiyUINLxqzO1TRO++v+BH4AvVqLQ9tVnreRiaLFyd1YMA8AAAAAAAAAAAAAAAAAQEIPAAAAAAAAAAAAAAAAAEBCDwAAAAAAAAA=
[2022-02-12T07:54:31.398902000Z DEBUG solana_bpf_loader_program] Program 4uQeVj5tqViQh7yWWGStvkEG1Zmhx6uasJtWCJziofM consumed 9109 of 200000 compute units
[2022-02-12T07:54:31.398955000Z DEBUG solana_program_runtime::stable_log] Program 4uQeVj5tqViQh7yWWGStvkEG1Zmhx6uasJtWCJziofM success
[2022-02-12T07:54:31.409028000Z DEBUG solana_program_runtime::stable_log] Program 4uQeVj5tqViQh7yWWGStvkEG1Zmhx6uasJtWCJziofM invoke [1]
[2022-02-12T07:54:31.409468000Z DEBUG solana_program_runtime::stable_log] Program log: Mango: UpdateFunding
[2022-02-12T07:54:31.410572000Z DEBUG solana_program_runtime::stable_log] Program log: mango-log
[2022-02-12T07:54:31.411177000Z DEBUG solana_program_runtime::stable_log] Program log: ta5iwCEXTXuyUINLxqzO1TRO++v+BH4AvVqLQ9tVnreRiaLFyd1YMAAAAAAAAAAAAAAAAAAAAAAAAAAAAAAAAAAAAAAAAAAAAAAAAAAAAAA=
[2022-02-12T07:54:31.411321000Z DEBUG solana_bpf_loader_program] Program 4uQeVj5tqViQh7yWWGStvkEG1Zmhx6uasJtWCJziofM consumed 6381 of 200000 compute units
[2022-02-12T07:54:31.411388000Z DEBUG solana_program_runtime::stable_log] Program 4uQeVj5tqViQh7yWWGStvkEG1Zmhx6uasJtWCJziofM success
[2022-02-12T07:54:31.422181000Z DEBUG solana_program_runtime::stable_log] Program 4uQeVj5tqViQh7yWWGStvkEG1Zmhx6uasJtWCJziofM invoke [1]
[2022-02-12T07:54:31.422620000Z DEBUG solana_program_runtime::stable_log] Program log: Mango: UpdateFunding
[2022-02-12T07:54:31.423720000Z DEBUG solana_program_runtime::stable_log] Program log: mango-log
[2022-02-12T07:54:31.424321000Z DEBUG solana_program_runtime::stable_log] Program log: ta5iwCEXTXuyUINLxqzO1TRO++v+BH4AvVqLQ9tVnreRiaLFyd1YMAEAAAAAAAAAAAAAAAAAAAAAAAAAAAAAAAAAAAAAAAAAAAAAAAAAAAA=
[2022-02-12T07:54:31.424465000Z DEBUG solana_bpf_loader_program] Program 4uQeVj5tqViQh7yWWGStvkEG1Zmhx6uasJtWCJziofM consumed 6421 of 200000 compute units
[2022-02-12T07:54:31.424530000Z DEBUG solana_program_runtime::stable_log] Program 4uQeVj5tqViQh7yWWGStvkEG1Zmhx6uasJtWCJziofM success
[2022-02-12T07:54:31.435393000Z DEBUG solana_program_runtime::stable_log] Program 4uQeVj5tqViQh7yWWGStvkEG1Zmhx6uasJtWCJziofM invoke [1]
[2022-02-12T07:54:31.435837000Z DEBUG solana_program_runtime::stable_log] Program log: Mango: UpdateFunding
[2022-02-12T07:54:31.436952000Z DEBUG solana_program_runtime::stable_log] Program log: mango-log
[2022-02-12T07:54:31.437554000Z DEBUG solana_program_runtime::stable_log] Program log: ta5iwCEXTXuyUINLxqzO1TRO++v+BH4AvVqLQ9tVnreRiaLFyd1YMAIAAAAAAAAAAAAAAAAAAAAAAAAAAAAAAAAAAAAAAAAAAAAAAAAAAAA=
[2022-02-12T07:54:31.437702000Z DEBUG solana_bpf_loader_program] Program 4uQeVj5tqViQh7yWWGStvkEG1Zmhx6uasJtWCJziofM consumed 6460 of 200000 compute units
[2022-02-12T07:54:31.437768000Z DEBUG solana_program_runtime::stable_log] Program 4uQeVj5tqViQh7yWWGStvkEG1Zmhx6uasJtWCJziofM success
[2022-02-12T07:54:31.448290000Z DEBUG solana_program_runtime::stable_log] Program 4uQeVj5tqViQh7yWWGStvkEG1Zmhx6uasJtWCJziofM invoke [1]
[2022-02-12T07:54:31.448731000Z DEBUG solana_program_runtime::stable_log] Program log: Mango: UpdateFunding
[2022-02-12T07:54:31.449859000Z DEBUG solana_program_runtime::stable_log] Program log: mango-log
[2022-02-12T07:54:31.450462000Z DEBUG solana_program_runtime::stable_log] Program log: ta5iwCEXTXuyUINLxqzO1TRO++v+BH4AvVqLQ9tVnreRiaLFyd1YMAMAAAAAAAAAAAAAAAAAAAAAAAAAAAAAAAAAAAAAAAAAAAAAAAAAAAA=
[2022-02-12T07:54:31.450610000Z DEBUG solana_bpf_loader_program] Program 4uQeVj5tqViQh7yWWGStvkEG1Zmhx6uasJtWCJziofM consumed 6499 of 200000 compute units
[2022-02-12T07:54:31.450676000Z DEBUG solana_program_runtime::stable_log] Program 4uQeVj5tqViQh7yWWGStvkEG1Zmhx6uasJtWCJziofM success
[2022-02-12T07:54:31.461223000Z DEBUG solana_program_runtime::stable_log] Program 4uQeVj5tqViQh7yWWGStvkEG1Zmhx6uasJtWCJziofM invoke [1]
[2022-02-12T07:54:31.461663000Z DEBUG solana_program_runtime::stable_log] Program log: Mango: UpdateFunding
[2022-02-12T07:54:31.462804000Z DEBUG solana_program_runtime::stable_log] Program log: mango-log
[2022-02-12T07:54:31.463416000Z DEBUG solana_program_runtime::stable_log] Program log: ta5iwCEXTXuyUINLxqzO1TRO++v+BH4AvVqLQ9tVnreRiaLFyd1YMAQAAAAAAAAAAAAAAAAAAAAAAAAAAAAAAAAAAAAAAAAAAAAAAAAAAAA=
[2022-02-12T07:54:31.463563000Z DEBUG solana_bpf_loader_program] Program 4uQeVj5tqViQh7yWWGStvkEG1Zmhx6uasJtWCJziofM consumed 6538 of 200000 compute units
[2022-02-12T07:54:31.463630000Z DEBUG solana_program_runtime::stable_log] Program 4uQeVj5tqViQh7yWWGStvkEG1Zmhx6uasJtWCJziofM success
[2022-02-12T07:54:31.474184000Z DEBUG solana_program_runtime::stable_log] Program 4uQeVj5tqViQh7yWWGStvkEG1Zmhx6uasJtWCJziofM invoke [1]
[2022-02-12T07:54:31.474642000Z DEBUG solana_program_runtime::stable_log] Program log: Mango: UpdateFunding
[2022-02-12T07:54:31.475792000Z DEBUG solana_program_runtime::stable_log] Program log: mango-log
[2022-02-12T07:54:31.476392000Z DEBUG solana_program_runtime::stable_log] Program log: ta5iwCEXTXuyUINLxqzO1TRO++v+BH4AvVqLQ9tVnreRiaLFyd1YMAUAAAAAAAAAAAAAAAAAAAAAAAAAAAAAAAAAAAAAAAAAAAAAAAAAAAA=
[2022-02-12T07:54:31.476541000Z DEBUG solana_bpf_loader_program] Program 4uQeVj5tqViQh7yWWGStvkEG1Zmhx6uasJtWCJziofM consumed 6577 of 200000 compute units
[2022-02-12T07:54:31.476607000Z DEBUG solana_program_runtime::stable_log] Program 4uQeVj5tqViQh7yWWGStvkEG1Zmhx6uasJtWCJziofM success
[2022-02-12T07:54:31.487200000Z DEBUG solana_program_runtime::stable_log] Program 4uQeVj5tqViQh7yWWGStvkEG1Zmhx6uasJtWCJziofM invoke [1]
[2022-02-12T07:54:31.487643000Z DEBUG solana_program_runtime::stable_log] Program log: Mango: UpdateFunding
[2022-02-12T07:54:31.488808000Z DEBUG solana_program_runtime::stable_log] Program log: mango-log
[2022-02-12T07:54:31.489413000Z DEBUG solana_program_runtime::stable_log] Program log: ta5iwCEXTXuyUINLxqzO1TRO++v+BH4AvVqLQ9tVnreRiaLFyd1YMAYAAAAAAAAAAAAAAAAAAAAAAAAAAAAAAAAAAAAAAAAAAAAAAAAAAAA=
[2022-02-12T07:54:31.489561000Z DEBUG solana_bpf_loader_program] Program 4uQeVj5tqViQh7yWWGStvkEG1Zmhx6uasJtWCJziofM consumed 6616 of 200000 compute units
[2022-02-12T07:54:31.489628000Z DEBUG solana_program_runtime::stable_log] Program 4uQeVj5tqViQh7yWWGStvkEG1Zmhx6uasJtWCJziofM success
[2022-02-12T07:54:31.500448000Z DEBUG solana_program_runtime::stable_log] Program 4uQeVj5tqViQh7yWWGStvkEG1Zmhx6uasJtWCJziofM invoke [1]
[2022-02-12T07:54:31.500888000Z DEBUG solana_program_runtime::stable_log] Program log: Mango: UpdateFunding
[2022-02-12T07:54:31.502070000Z DEBUG solana_program_runtime::stable_log] Program log: mango-log
[2022-02-12T07:54:31.502668000Z DEBUG solana_program_runtime::stable_log] Program log: ta5iwCEXTXuyUINLxqzO1TRO++v+BH4AvVqLQ9tVnreRiaLFyd1YMAcAAAAAAAAAAAAAAAAAAAAAAAAAAAAAAAAAAAAAAAAAAAAAAAAAAAA=
[2022-02-12T07:54:31.502816000Z DEBUG solana_bpf_loader_program] Program 4uQeVj5tqViQh7yWWGStvkEG1Zmhx6uasJtWCJziofM consumed 6655 of 200000 compute units
[2022-02-12T07:54:31.502881000Z DEBUG solana_program_runtime::stable_log] Program 4uQeVj5tqViQh7yWWGStvkEG1Zmhx6uasJtWCJziofM success
[2022-02-12T07:54:31.514596000Z DEBUG solana_program_runtime::stable_log] Program 4uQeVj5tqViQh7yWWGStvkEG1Zmhx6uasJtWCJziofM invoke [1]
[2022-02-12T07:54:31.515042000Z DEBUG solana_program_runtime::stable_log] Program log: Mango: UpdateFunding
[2022-02-12T07:54:31.516235000Z DEBUG solana_program_runtime::stable_log] Program log: mango-log
[2022-02-12T07:54:31.516850000Z DEBUG solana_program_runtime::stable_log] Program log: ta5iwCEXTXuyUINLxqzO1TRO++v+BH4AvVqLQ9tVnreRiaLFyd1YMAgAAAAAAAAAAAAAAAAAAAAAAAAAAAAAAAAAAAAAAAAAAAAAAAAAAAA=
[2022-02-12T07:54:31.516993000Z DEBUG solana_bpf_loader_program] Program 4uQeVj5tqViQh7yWWGStvkEG1Zmhx6uasJtWCJziofM consumed 6694 of 200000 compute units
[2022-02-12T07:54:31.517068000Z DEBUG solana_program_runtime::stable_log] Program 4uQeVj5tqViQh7yWWGStvkEG1Zmhx6uasJtWCJziofM success
[2022-02-12T07:54:31.528578000Z DEBUG solana_program_runtime::stable_log] Program 4uQeVj5tqViQh7yWWGStvkEG1Zmhx6uasJtWCJziofM invoke [1]
[2022-02-12T07:54:31.529024000Z DEBUG solana_program_runtime::stable_log] Program log: Mango: UpdateFunding
[2022-02-12T07:54:31.530235000Z DEBUG solana_program_runtime::stable_log] Program log: mango-log
[2022-02-12T07:54:31.530840000Z DEBUG solana_program_runtime::stable_log] Program log: ta5iwCEXTXuyUINLxqzO1TRO++v+BH4AvVqLQ9tVnreRiaLFyd1YMAkAAAAAAAAAAAAAAAAAAAAAAAAAAAAAAAAAAAAAAAAAAAAAAAAAAAA=
[2022-02-12T07:54:31.530987000Z DEBUG solana_bpf_loader_program] Program 4uQeVj5tqViQh7yWWGStvkEG1Zmhx6uasJtWCJziofM consumed 6733 of 200000 compute units
[2022-02-12T07:54:31.531054000Z DEBUG solana_program_runtime::stable_log] Program 4uQeVj5tqViQh7yWWGStvkEG1Zmhx6uasJtWCJziofM success
[2022-02-12T07:54:31.542678000Z DEBUG solana_program_runtime::stable_log] Program 4uQeVj5tqViQh7yWWGStvkEG1Zmhx6uasJtWCJziofM invoke [1]
[2022-02-12T07:54:31.543119000Z DEBUG solana_program_runtime::stable_log] Program log: Mango: UpdateFunding
[2022-02-12T07:54:31.544346000Z DEBUG solana_program_runtime::stable_log] Program log: mango-log
[2022-02-12T07:54:31.544949000Z DEBUG solana_program_runtime::stable_log] Program log: ta5iwCEXTXuyUINLxqzO1TRO++v+BH4AvVqLQ9tVnreRiaLFyd1YMAoAAAAAAAAAAAAAAAAAAAAAAAAAAAAAAAAAAAAAAAAAAAAAAAAAAAA=
[2022-02-12T07:54:31.545096000Z DEBUG solana_bpf_loader_program] Program 4uQeVj5tqViQh7yWWGStvkEG1Zmhx6uasJtWCJziofM consumed 6781 of 200000 compute units
[2022-02-12T07:54:31.545170000Z DEBUG solana_program_runtime::stable_log] Program 4uQeVj5tqViQh7yWWGStvkEG1Zmhx6uasJtWCJziofM success
[2022-02-12T07:54:31.555639000Z DEBUG solana_program_runtime::stable_log] Program 4uQeVj5tqViQh7yWWGStvkEG1Zmhx6uasJtWCJziofM invoke [1]
[2022-02-12T07:54:31.556079000Z DEBUG solana_program_runtime::stable_log] Program log: Mango: UpdateFunding
[2022-02-12T07:54:31.557310000Z DEBUG solana_program_runtime::stable_log] Program log: mango-log
[2022-02-12T07:54:31.557915000Z DEBUG solana_program_runtime::stable_log] Program log: ta5iwCEXTXuyUINLxqzO1TRO++v+BH4AvVqLQ9tVnreRiaLFyd1YMAsAAAAAAAAAAAAAAAAAAAAAAAAAAAAAAAAAAAAAAAAAAAAAAAAAAAA=
[2022-02-12T07:54:31.558062000Z DEBUG solana_bpf_loader_program] Program 4uQeVj5tqViQh7yWWGStvkEG1Zmhx6uasJtWCJziofM consumed 6811 of 200000 compute units
[2022-02-12T07:54:31.558130000Z DEBUG solana_program_runtime::stable_log] Program 4uQeVj5tqViQh7yWWGStvkEG1Zmhx6uasJtWCJziofM success
[2022-02-12T07:54:31.569837000Z DEBUG solana_program_runtime::stable_log] Program 4uQeVj5tqViQh7yWWGStvkEG1Zmhx6uasJtWCJziofM invoke [1]
[2022-02-12T07:54:31.570291000Z DEBUG solana_program_runtime::stable_log] Program log: Mango: UpdateFunding
[2022-02-12T07:54:31.571546000Z DEBUG solana_program_runtime::stable_log] Program log: mango-log
[2022-02-12T07:54:31.572149000Z DEBUG solana_program_runtime::stable_log] Program log: ta5iwCEXTXuyUINLxqzO1TRO++v+BH4AvVqLQ9tVnreRiaLFyd1YMAwAAAAAAAAAAAAAAAAAAAAAAAAAAAAAAAAAAAAAAAAAAAAAAAAAAAA=
[2022-02-12T07:54:31.572294000Z DEBUG solana_bpf_loader_program] Program 4uQeVj5tqViQh7yWWGStvkEG1Zmhx6uasJtWCJziofM consumed 6859 of 200000 compute units
[2022-02-12T07:54:31.572365000Z DEBUG solana_program_runtime::stable_log] Program 4uQeVj5tqViQh7yWWGStvkEG1Zmhx6uasJtWCJziofM success
[2022-02-12T07:54:31.582877000Z DEBUG solana_program_runtime::stable_log] Program 4uQeVj5tqViQh7yWWGStvkEG1Zmhx6uasJtWCJziofM invoke [1]
[2022-02-12T07:54:31.583323000Z DEBUG solana_program_runtime::stable_log] Program log: Mango: UpdateFunding
[2022-02-12T07:54:31.584586000Z DEBUG solana_program_runtime::stable_log] Program log: mango-log
[2022-02-12T07:54:31.585188000Z DEBUG solana_program_runtime::stable_log] Program log: ta5iwCEXTXuyUINLxqzO1TRO++v+BH4AvVqLQ9tVnreRiaLFyd1YMA0AAAAAAAAAAAAAAAAAAAAAAAAAAAAAAAAAAAAAAAAAAAAAAAAAAAA=
[2022-02-12T07:54:31.585332000Z DEBUG solana_bpf_loader_program] Program 4uQeVj5tqViQh7yWWGStvkEG1Zmhx6uasJtWCJziofM consumed 6889 of 200000 compute units
[2022-02-12T07:54:31.585400000Z DEBUG solana_program_runtime::stable_log] Program 4uQeVj5tqViQh7yWWGStvkEG1Zmhx6uasJtWCJziofM success
[2022-02-12T07:54:31.595994000Z DEBUG solana_program_runtime::stable_log] Program 4uQeVj5tqViQh7yWWGStvkEG1Zmhx6uasJtWCJziofM invoke [1]
[2022-02-12T07:54:31.596440000Z DEBUG solana_program_runtime::stable_log] Program log: Mango: UpdateFunding
[2022-02-12T07:54:31.597711000Z DEBUG solana_program_runtime::stable_log] Program log: mango-log
[2022-02-12T07:54:31.598315000Z DEBUG solana_program_runtime::stable_log] Program log: ta5iwCEXTXuyUINLxqzO1TRO++v+BH4AvVqLQ9tVnreRiaLFyd1YMA4AAAAAAAAAAAAAAAAAAAAAAAAAAAAAAAAAAAAAAAAAAAAAAAAAAAA=
[2022-02-12T07:54:31.598460000Z DEBUG solana_bpf_loader_program] Program 4uQeVj5tqViQh7yWWGStvkEG1Zmhx6uasJtWCJziofM consumed 6928 of 200000 compute units
[2022-02-12T07:54:31.598526000Z DEBUG solana_program_runtime::stable_log] Program 4uQeVj5tqViQh7yWWGStvkEG1Zmhx6uasJtWCJziofM success
[2022-02-12T07:54:31.612627000Z DEBUG solana_program_runtime::stable_log] Program 4uQeVj5tqViQh7yWWGStvkEG1Zmhx6uasJtWCJziofM invoke [1]
[2022-02-12T07:54:31.613782000Z DEBUG solana_program_runtime::stable_log] Program log: Mango: CacheRootBanks
[2022-02-12T07:54:31.617507000Z DEBUG solana_program_runtime::stable_log] Program log: mango-log
[2022-02-12T07:54:31.620369000Z DEBUG solana_program_runtime::stable_log] Program log: IVXYca/GfeiyUINLxqzO1TRO++v+BH4AvVqLQ9tVnreRiaLFyd1YMBAAAAAAAAAAAAAAAAEAAAAAAAAAAgAAAAAAAAADAAAAAAAAAAQAAAAAAAAABQAAAAAAAAAGAAAAAAAAAAcAAAAAAAAACAAAAAAAAAAJAAAAAAAAAAoAAAAAAAAACwAAAAAAAAAMAAAAAAAAAA0AAAAAAAAADgAAAAAAAAAPAAAAAAAAABAAAAAAAAAAAABAQg8AAAAAAAAAAAAAAAAAQEIPAAAAAAAAAAAAAAAAAEBCDwAAAAAAAAAAAAAAAABAQg8AAAAAAAAAAAAAAAAAQEIPAAAAAAAAAAAAAAAAAEBCDwAAAAAAAAAAAAAAAABAQg8AAAAAAAAAAAAAAAAAQEIPAAAAAAAAAAAAAAAAAEBCDwAAAAAAAAAAAAAAAABAQg8AAAAAAAAAAAAAAAAAQEIPAAAAAAAAAAAAAAAAAEBCDwAAAAAAAAAAAAAAAABAQg8AAAAAAAAAAAAAAAAAQEIPAAAAAAAAAAAAAAAAAEBCDwAAAAAAAAAAAAAAAABAQg8AAAAAAAAAEAAAAAAAAAAAAEBCDwAAAAAAAAAAAAAAAABAQg8AAAAAAAAAAAAAAAAAQEIPAAAAAAAAAAAAAAAAAEBCDwAAAAAAAAAAAAAAAABAQg8AAAAAAAAAAAAAAAAAQEIPAAAAAAAAAAAAAAAAAEBCDwAAAAAAAAAAAAAAAABAQg8AAAAAAAAAAAAAAAAAQEIPAAAAAAAAAAAAAAAAAEBCDwAAAAAAAAAAAAAAAABAQg8AAAAAAAAAAAAAAAAAQEIPAAAAAAAAAAAAAAAAAEBCDwAAAAAAAAAAAAAAAABAQg8AAAAAAAAAAAAAAAAAQEIPAAAAAAAAAAAAAAAAAEBCDwAAAAAAAAA=
[2022-02-12T07:54:31.620782000Z DEBUG solana_bpf_loader_program] Program 4uQeVj5tqViQh7yWWGStvkEG1Zmhx6uasJtWCJziofM consumed 24418 of 200000 compute units
[2022-02-12T07:54:31.620857000Z DEBUG solana_program_runtime::stable_log] Program 4uQeVj5tqViQh7yWWGStvkEG1Zmhx6uasJtWCJziofM success
[2022-02-12T07:54:31.634797000Z DEBUG solana_program_runtime::stable_log] Program 4uQeVj5tqViQh7yWWGStvkEG1Zmhx6uasJtWCJziofM invoke [1]
[2022-02-12T07:54:31.635892000Z DEBUG solana_program_runtime::stable_log] Program log: Mango: CachePerpMarkets
[2022-02-12T07:54:31.639567000Z DEBUG solana_program_runtime::stable_log] Program log: mango-log
[2022-02-12T07:54:31.642240000Z DEBUG solana_program_runtime::stable_log] Program log: 9lt9JxCzqw6yUINLxqzO1TRO++v+BH4AvVqLQ9tVnreRiaLFyd1YMA8AAAAAAAAAAAAAAAEAAAAAAAAAAgAAAAAAAAADAAAAAAAAAAQAAAAAAAAABQAAAAAAAAAGAAAAAAAAAAcAAAAAAAAACAAAAAAAAAAJAAAAAAAAAAoAAAAAAAAACwAAAAAAAAAMAAAAAAAAAA0AAAAAAAAADgAAAAAAAAAPAAAAAAAAAAAAAAAAAAAAAAAAAAAAAAAAAAAAAAAAAAAAAAAAAAAAAAAAAAAAAAAAAAAAAAAAAAAAAAAAAAAAAAAAAAAAAAAAAAAAAAAAAAAAAAAAAAAAAAAAAAAAAAAAAAAAAAAAAAAAAAAAAAAAAAAAAAAAAAAAAAAAAAAAAAAAAAAAAAAAAAAAAAAAAAAAAAAAAAAAAAAAAAAAAAAAAAAAAAAAAAAAAAAAAAAAAAAAAAAAAAAAAAAAAAAAAAAAAAAAAAAAAAAAAAAAAAAAAAAAAAAAAAAAAAAAAAAAAAAAAAAAAAAAAAAAAAAAAAAAAAAADwAAAAAAAAAAAAAAAAAAAAAAAAAAAAAAAAAAAAAAAAAAAAAAAAAAAAAAAAAAAAAAAAAAAAAAAAAAAAAAAAAAAAAAAAAAAAAAAAAAAAAAAAAAAAAAAAAAAAAAAAAAAAAAAAAAAAAAAAAAAAAAAAAAAAAAAAAAAAAAAAAAAAAAAAAAAAAAAAAAAAAAAAAAAAAAAAAAAAAAAAAAAAAAAAAAAAAAAAAAAAAAAAAAAAAAAAAAAAAAAAAAAAAAAAAAAAAAAAAAAAAAAAAAAAAAAAAAAAAAAAAAAAAAAAAAAAAAAAAAAAAAAAAAAAAAAAAAAAAAAAAAAA==
[2022-02-12T07:54:31.642634000Z DEBUG solana_bpf_loader_program] Program 4uQeVj5tqViQh7yWWGStvkEG1Zmhx6uasJtWCJziofM consumed 23481 of 200000 compute units
[2022-02-12T07:54:31.642706000Z DEBUG solana_program_runtime::stable_log] Program 4uQeVj5tqViQh7yWWGStvkEG1Zmhx6uasJtWCJziofM success
[2022-02-12T07:54:31.655611000Z DEBUG solana_program_runtime::stable_log] Program 4uQeVj5tqViQh7yWWGStvkEG1Zmhx6uasJtWCJziofM invoke [1]
[2022-02-12T07:54:31.656287000Z DEBUG solana_program_runtime::stable_log] Program log: Mango: Deposit
[2022-02-12T07:54:31.664689000Z DEBUG solana_program_runtime::stable_log] Program TokenkegQfeZyiNwAJbNbGKPFXCWuBvf9Ss623VQ5DA invoke [2]
[2022-02-12T07:54:31.665116000Z DEBUG solana_program_runtime::stable_log] Program log: Instruction: Transfer
[2022-02-12T07:54:31.666012000Z DEBUG solana_bpf_loader_program] Program TokenkegQfeZyiNwAJbNbGKPFXCWuBvf9Ss623VQ5DA consumed 3121 of 194804 compute units
[2022-02-12T07:54:31.666065000Z DEBUG solana_program_runtime::stable_log] Program TokenkegQfeZyiNwAJbNbGKPFXCWuBvf9Ss623VQ5DA success
[2022-02-12T07:54:31.667631000Z DEBUG solana_program_runtime::stable_log] Program log: mango-log
[2022-02-12T07:54:31.668369000Z DEBUG solana_program_runtime::stable_log] Program log: F5qwwQsqqPSyUINLxqzO1TRO++v+BH4AvVqLQ9tVnreRiaLFyd1YMFsAjiZKL0h/OzJsJfTixJNKdg0dyFbjDBnuIe6Y/U+KAAAAAAAAAAAAAAAAAABAQg8AAAAAAAAAAAAAAAAAAAAAAAAAAAAAAA==
[2022-02-12T07:54:31.668399000Z DEBUG solana_program_runtime::stable_log] Program log: mango-log
[2022-02-12T07:54:31.669202000Z DEBUG solana_program_runtime::stable_log] Program log: jbqo/GyNSF6yUINLxqzO1TRO++v+BH4AvVqLQ9tVnreRiaLFyd1YMFsAjiZKL0h/OzJsJfTixJNKdg0dyFbjDBnuIe6Y/U+KZpO81lzQVsiDJWCosz60qnDrJPocqXMcjxdQVhZWz5oAAAAAAAAAAAAQpdToAAAA
[2022-02-12T07:54:31.669422000Z DEBUG solana_bpf_loader_program] Program 4uQeVj5tqViQh7yWWGStvkEG1Zmhx6uasJtWCJziofM consumed 18706 of 200000 compute units
[2022-02-12T07:54:31.669489000Z DEBUG solana_program_runtime::stable_log] Program 4uQeVj5tqViQh7yWWGStvkEG1Zmhx6uasJtWCJziofM success
[2022-02-12T07:54:31.682710000Z DEBUG solana_program_runtime::stable_log] Program 4uQeVj5tqViQh7yWWGStvkEG1Zmhx6uasJtWCJziofM invoke [1]
[2022-02-12T07:54:31.683370000Z DEBUG solana_program_runtime::stable_log] Program log: Mango: Deposit
[2022-02-12T07:54:31.691720000Z DEBUG solana_program_runtime::stable_log] Program TokenkegQfeZyiNwAJbNbGKPFXCWuBvf9Ss623VQ5DA invoke [2]
[2022-02-12T07:54:31.692143000Z DEBUG solana_program_runtime::stable_log] Program log: Instruction: Transfer
[2022-02-12T07:54:31.693040000Z DEBUG solana_bpf_loader_program] Program TokenkegQfeZyiNwAJbNbGKPFXCWuBvf9Ss623VQ5DA consumed 3121 of 194764 compute units
[2022-02-12T07:54:31.693093000Z DEBUG solana_program_runtime::stable_log] Program TokenkegQfeZyiNwAJbNbGKPFXCWuBvf9Ss623VQ5DA success
[2022-02-12T07:54:31.694654000Z DEBUG solana_program_runtime::stable_log] Program log: mango-log
[2022-02-12T07:54:31.695396000Z DEBUG solana_program_runtime::stable_log] Program log: F5qwwQsqqPSyUINLxqzO1TRO++v+BH4AvVqLQ9tVnreRiaLFyd1YMFsAjiZKL0h/OzJsJfTixJNKdg0dyFbjDBnuIe6Y/U+KAQAAAAAAAAAAAAAAAABAQg8AAAAAAAAAAAAAAAAAAAAAAAAAAAAAAA==
[2022-02-12T07:54:31.695425000Z DEBUG solana_program_runtime::stable_log] Program log: mango-log
[2022-02-12T07:54:31.696235000Z DEBUG solana_program_runtime::stable_log] Program log: jbqo/GyNSF6yUINLxqzO1TRO++v+BH4AvVqLQ9tVnreRiaLFyd1YMFsAjiZKL0h/OzJsJfTixJNKdg0dyFbjDBnuIe6Y/U+KZpO81lzQVsiDJWCosz60qnDrJPocqXMcjxdQVhZWz5oBAAAAAAAAAAAQpdToAAAA
[2022-02-12T07:54:31.696456000Z DEBUG solana_bpf_loader_program] Program 4uQeVj5tqViQh7yWWGStvkEG1Zmhx6uasJtWCJziofM consumed 18746 of 200000 compute units
[2022-02-12T07:54:31.696524000Z DEBUG solana_program_runtime::stable_log] Program 4uQeVj5tqViQh7yWWGStvkEG1Zmhx6uasJtWCJziofM success
[2022-02-12T07:54:31.708908000Z DEBUG solana_program_runtime::stable_log] Program 4uQeVj5tqViQh7yWWGStvkEG1Zmhx6uasJtWCJziofM invoke [1]
[2022-02-12T07:54:31.709573000Z DEBUG solana_program_runtime::stable_log] Program log: Mango: Deposit
[2022-02-12T07:54:31.717977000Z DEBUG solana_program_runtime::stable_log] Program TokenkegQfeZyiNwAJbNbGKPFXCWuBvf9Ss623VQ5DA invoke [2]
[2022-02-12T07:54:31.718402000Z DEBUG solana_program_runtime::stable_log] Program log: Instruction: Transfer
[2022-02-12T07:54:31.719295000Z DEBUG solana_bpf_loader_program] Program TokenkegQfeZyiNwAJbNbGKPFXCWuBvf9Ss623VQ5DA consumed 3121 of 194725 compute units
[2022-02-12T07:54:31.719348000Z DEBUG solana_program_runtime::stable_log] Program TokenkegQfeZyiNwAJbNbGKPFXCWuBvf9Ss623VQ5DA success
[2022-02-12T07:54:31.720904000Z DEBUG solana_program_runtime::stable_log] Program log: mango-log
[2022-02-12T07:54:31.721643000Z DEBUG solana_program_runtime::stable_log] Program log: F5qwwQsqqPSyUINLxqzO1TRO++v+BH4AvVqLQ9tVnreRiaLFyd1YMFsAjiZKL0h/OzJsJfTixJNKdg0dyFbjDBnuIe6Y/U+KAgAAAAAAAAAAAAAAAABAQg8AAAAAAAAAAAAAAAAAAAAAAAAAAAAAAA==
[2022-02-12T07:54:31.721672000Z DEBUG solana_program_runtime::stable_log] Program log: mango-log
[2022-02-12T07:54:31.722475000Z DEBUG solana_program_runtime::stable_log] Program log: jbqo/GyNSF6yUINLxqzO1TRO++v+BH4AvVqLQ9tVnreRiaLFyd1YMFsAjiZKL0h/OzJsJfTixJNKdg0dyFbjDBnuIe6Y/U+KZpO81lzQVsiDJWCosz60qnDrJPocqXMcjxdQVhZWz5oCAAAAAAAAAAAQpdToAAAA
[2022-02-12T07:54:31.722696000Z DEBUG solana_bpf_loader_program] Program 4uQeVj5tqViQh7yWWGStvkEG1Zmhx6uasJtWCJziofM consumed 18785 of 200000 compute units
[2022-02-12T07:54:31.722764000Z DEBUG solana_program_runtime::stable_log] Program 4uQeVj5tqViQh7yWWGStvkEG1Zmhx6uasJtWCJziofM success
[2022-02-12T07:54:31.737370000Z DEBUG solana_program_runtime::stable_log] Program 4uQeVj5tqViQh7yWWGStvkEG1Zmhx6uasJtWCJziofM invoke [1]
[2022-02-12T07:54:31.738041000Z DEBUG solana_program_runtime::stable_log] Program log: Mango: Deposit
[2022-02-12T07:54:31.746430000Z DEBUG solana_program_runtime::stable_log] Program TokenkegQfeZyiNwAJbNbGKPFXCWuBvf9Ss623VQ5DA invoke [2]
[2022-02-12T07:54:31.746858000Z DEBUG solana_program_runtime::stable_log] Program log: Instruction: Transfer
[2022-02-12T07:54:31.747756000Z DEBUG solana_bpf_loader_program] Program TokenkegQfeZyiNwAJbNbGKPFXCWuBvf9Ss623VQ5DA consumed 3121 of 194686 compute units
[2022-02-12T07:54:31.747812000Z DEBUG solana_program_runtime::stable_log] Program TokenkegQfeZyiNwAJbNbGKPFXCWuBvf9Ss623VQ5DA success
[2022-02-12T07:54:31.749387000Z DEBUG solana_program_runtime::stable_log] Program log: mango-log
[2022-02-12T07:54:31.750132000Z DEBUG solana_program_runtime::stable_log] Program log: F5qwwQsqqPSyUINLxqzO1TRO++v+BH4AvVqLQ9tVnreRiaLFyd1YMFsAjiZKL0h/OzJsJfTixJNKdg0dyFbjDBnuIe6Y/U+KAwAAAAAAAAAAAAAAAABAQg8AAAAAAAAAAAAAAAAAAAAAAAAAAAAAAA==
[2022-02-12T07:54:31.750160000Z DEBUG solana_program_runtime::stable_log] Program log: mango-log
[2022-02-12T07:54:31.750958000Z DEBUG solana_program_runtime::stable_log] Program log: jbqo/GyNSF6yUINLxqzO1TRO++v+BH4AvVqLQ9tVnreRiaLFyd1YMFsAjiZKL0h/OzJsJfTixJNKdg0dyFbjDBnuIe6Y/U+KZpO81lzQVsiDJWCosz60qnDrJPocqXMcjxdQVhZWz5oDAAAAAAAAAAAQpdToAAAA
[2022-02-12T07:54:31.751180000Z DEBUG solana_bpf_loader_program] Program 4uQeVj5tqViQh7yWWGStvkEG1Zmhx6uasJtWCJziofM consumed 18824 of 200000 compute units
[2022-02-12T07:54:31.751249000Z DEBUG solana_program_runtime::stable_log] Program 4uQeVj5tqViQh7yWWGStvkEG1Zmhx6uasJtWCJziofM success
[2022-02-12T07:54:31.764481000Z DEBUG solana_program_runtime::stable_log] Program 4uQeVj5tqViQh7yWWGStvkEG1Zmhx6uasJtWCJziofM invoke [1]
[2022-02-12T07:54:31.765144000Z DEBUG solana_program_runtime::stable_log] Program log: Mango: Deposit
[2022-02-12T07:54:31.773533000Z DEBUG solana_program_runtime::stable_log] Program TokenkegQfeZyiNwAJbNbGKPFXCWuBvf9Ss623VQ5DA invoke [2]
[2022-02-12T07:54:31.773954000Z DEBUG solana_program_runtime::stable_log] Program log: Instruction: Transfer
[2022-02-12T07:54:31.774848000Z DEBUG solana_bpf_loader_program] Program TokenkegQfeZyiNwAJbNbGKPFXCWuBvf9Ss623VQ5DA consumed 3121 of 194647 compute units
[2022-02-12T07:54:31.774900000Z DEBUG solana_program_runtime::stable_log] Program TokenkegQfeZyiNwAJbNbGKPFXCWuBvf9Ss623VQ5DA success
[2022-02-12T07:54:31.776664000Z DEBUG solana_program_runtime::stable_log] Program log: mango-log
[2022-02-12T07:54:31.777412000Z DEBUG solana_program_runtime::stable_log] Program log: F5qwwQsqqPSyUINLxqzO1TRO++v+BH4AvVqLQ9tVnreRiaLFyd1YMFsAjiZKL0h/OzJsJfTixJNKdg0dyFbjDBnuIe6Y/U+KBAAAAAAAAAAAAAAAAAAAypo7AAAAAAAAAAAAAAAAAAAAAAAAAAAAAA==
[2022-02-12T07:54:31.777443000Z DEBUG solana_program_runtime::stable_log] Program log: mango-log
[2022-02-12T07:54:31.778242000Z DEBUG solana_program_runtime::stable_log] Program log: jbqo/GyNSF6yUINLxqzO1TRO++v+BH4AvVqLQ9tVnreRiaLFyd1YMFsAjiZKL0h/OzJsJfTixJNKdg0dyFbjDBnuIe6Y/U+KZpO81lzQVsiDJWCosz60qnDrJPocqXMcjxdQVhZWz5oEAAAAAAAAAACAxqR+jQMA
[2022-02-12T07:54:31.778464000Z DEBUG solana_bpf_loader_program] Program 4uQeVj5tqViQh7yWWGStvkEG1Zmhx6uasJtWCJziofM consumed 19464 of 200000 compute units
[2022-02-12T07:54:31.778536000Z DEBUG solana_program_runtime::stable_log] Program 4uQeVj5tqViQh7yWWGStvkEG1Zmhx6uasJtWCJziofM success
[2022-02-12T07:54:31.794115000Z DEBUG solana_program_runtime::stable_log] Program 4uQeVj5tqViQh7yWWGStvkEG1Zmhx6uasJtWCJziofM invoke [1]
[2022-02-12T07:54:31.794788000Z DEBUG solana_program_runtime::stable_log] Program log: Mango: Deposit
[2022-02-12T07:54:31.803214000Z DEBUG solana_program_runtime::stable_log] Program TokenkegQfeZyiNwAJbNbGKPFXCWuBvf9Ss623VQ5DA invoke [2]
[2022-02-12T07:54:31.803640000Z DEBUG solana_program_runtime::stable_log] Program log: Instruction: Transfer
[2022-02-12T07:54:31.804531000Z DEBUG solana_bpf_loader_program] Program TokenkegQfeZyiNwAJbNbGKPFXCWuBvf9Ss623VQ5DA consumed 3121 of 194608 compute units
[2022-02-12T07:54:31.804584000Z DEBUG solana_program_runtime::stable_log] Program TokenkegQfeZyiNwAJbNbGKPFXCWuBvf9Ss623VQ5DA success
[2022-02-12T07:54:31.806149000Z DEBUG solana_program_runtime::stable_log] Program log: mango-log
[2022-02-12T07:54:31.806892000Z DEBUG solana_program_runtime::stable_log] Program log: F5qwwQsqqPSyUINLxqzO1TRO++v+BH4AvVqLQ9tVnreRiaLFyd1YMFsAjiZKL0h/OzJsJfTixJNKdg0dyFbjDBnuIe6Y/U+KBQAAAAAAAAAAAAAAAABAQg8AAAAAAAAAAAAAAAAAAAAAAAAAAAAAAA==
[2022-02-12T07:54:31.806928000Z DEBUG solana_program_runtime::stable_log] Program log: mango-log
[2022-02-12T07:54:31.807731000Z DEBUG solana_program_runtime::stable_log] Program log: jbqo/GyNSF6yUINLxqzO1TRO++v+BH4AvVqLQ9tVnreRiaLFyd1YMFsAjiZKL0h/OzJsJfTixJNKdg0dyFbjDBnuIe6Y/U+KZpO81lzQVsiDJWCosz60qnDrJPocqXMcjxdQVhZWz5oFAAAAAAAAAAAQpdToAAAA
[2022-02-12T07:54:31.807952000Z DEBUG solana_bpf_loader_program] Program 4uQeVj5tqViQh7yWWGStvkEG1Zmhx6uasJtWCJziofM consumed 18902 of 200000 compute units
[2022-02-12T07:54:31.808019000Z DEBUG solana_program_runtime::stable_log] Program 4uQeVj5tqViQh7yWWGStvkEG1Zmhx6uasJtWCJziofM success
[2022-02-12T07:54:31.821277000Z DEBUG solana_program_runtime::stable_log] Program 4uQeVj5tqViQh7yWWGStvkEG1Zmhx6uasJtWCJziofM invoke [1]
[2022-02-12T07:54:31.821940000Z DEBUG solana_program_runtime::stable_log] Program log: Mango: Deposit
[2022-02-12T07:54:31.830363000Z DEBUG solana_program_runtime::stable_log] Program TokenkegQfeZyiNwAJbNbGKPFXCWuBvf9Ss623VQ5DA invoke [2]
[2022-02-12T07:54:31.830793000Z DEBUG solana_program_runtime::stable_log] Program log: Instruction: Transfer
[2022-02-12T07:54:31.831709000Z DEBUG solana_bpf_loader_program] Program TokenkegQfeZyiNwAJbNbGKPFXCWuBvf9Ss623VQ5DA consumed 3121 of 194569 compute units
[2022-02-12T07:54:31.831764000Z DEBUG solana_program_runtime::stable_log] Program TokenkegQfeZyiNwAJbNbGKPFXCWuBvf9Ss623VQ5DA success
[2022-02-12T07:54:31.833313000Z DEBUG solana_program_runtime::stable_log] Program log: mango-log
[2022-02-12T07:54:31.834054000Z DEBUG solana_program_runtime::stable_log] Program log: F5qwwQsqqPSyUINLxqzO1TRO++v+BH4AvVqLQ9tVnreRiaLFyd1YMFsAjiZKL0h/OzJsJfTixJNKdg0dyFbjDBnuIe6Y/U+KBgAAAAAAAAAAAAAAAABAQg8AAAAAAAAAAAAAAAAAAAAAAAAAAAAAAA==
[2022-02-12T07:54:31.834083000Z DEBUG solana_program_runtime::stable_log] Program log: mango-log
[2022-02-12T07:54:31.834886000Z DEBUG solana_program_runtime::stable_log] Program log: jbqo/GyNSF6yUINLxqzO1TRO++v+BH4AvVqLQ9tVnreRiaLFyd1YMFsAjiZKL0h/OzJsJfTixJNKdg0dyFbjDBnuIe6Y/U+KZpO81lzQVsiDJWCosz60qnDrJPocqXMcjxdQVhZWz5oGAAAAAAAAAAAQpdToAAAA
[2022-02-12T07:54:31.835107000Z DEBUG solana_bpf_loader_program] Program 4uQeVj5tqViQh7yWWGStvkEG1Zmhx6uasJtWCJziofM consumed 18941 of 200000 compute units
[2022-02-12T07:54:31.835176000Z DEBUG solana_program_runtime::stable_log] Program 4uQeVj5tqViQh7yWWGStvkEG1Zmhx6uasJtWCJziofM success
[2022-02-12T07:54:31.848439000Z DEBUG solana_program_runtime::stable_log] Program 4uQeVj5tqViQh7yWWGStvkEG1Zmhx6uasJtWCJziofM invoke [1]
[2022-02-12T07:54:31.849102000Z DEBUG solana_program_runtime::stable_log] Program log: Mango: Deposit
[2022-02-12T07:54:31.857524000Z DEBUG solana_program_runtime::stable_log] Program TokenkegQfeZyiNwAJbNbGKPFXCWuBvf9Ss623VQ5DA invoke [2]
[2022-02-12T07:54:31.857948000Z DEBUG solana_program_runtime::stable_log] Program log: Instruction: Transfer
[2022-02-12T07:54:31.858842000Z DEBUG solana_bpf_loader_program] Program TokenkegQfeZyiNwAJbNbGKPFXCWuBvf9Ss623VQ5DA consumed 3121 of 194530 compute units
[2022-02-12T07:54:31.858897000Z DEBUG solana_program_runtime::stable_log] Program TokenkegQfeZyiNwAJbNbGKPFXCWuBvf9Ss623VQ5DA success
[2022-02-12T07:54:31.860456000Z DEBUG solana_program_runtime::stable_log] Program log: mango-log
[2022-02-12T07:54:31.861195000Z DEBUG solana_program_runtime::stable_log] Program log: F5qwwQsqqPSyUINLxqzO1TRO++v+BH4AvVqLQ9tVnreRiaLFyd1YMFsAjiZKL0h/OzJsJfTixJNKdg0dyFbjDBnuIe6Y/U+KBwAAAAAAAAAAAAAAAABAQg8AAAAAAAAAAAAAAAAAAAAAAAAAAAAAAA==
[2022-02-12T07:54:31.861225000Z DEBUG solana_program_runtime::stable_log] Program log: mango-log
[2022-02-12T07:54:31.862026000Z DEBUG solana_program_runtime::stable_log] Program log: jbqo/GyNSF6yUINLxqzO1TRO++v+BH4AvVqLQ9tVnreRiaLFyd1YMFsAjiZKL0h/OzJsJfTixJNKdg0dyFbjDBnuIe6Y/U+KZpO81lzQVsiDJWCosz60qnDrJPocqXMcjxdQVhZWz5oHAAAAAAAAAAAQpdToAAAA
[2022-02-12T07:54:31.862250000Z DEBUG solana_bpf_loader_program] Program 4uQeVj5tqViQh7yWWGStvkEG1Zmhx6uasJtWCJziofM consumed 18980 of 200000 compute units
[2022-02-12T07:54:31.862318000Z DEBUG solana_program_runtime::stable_log] Program 4uQeVj5tqViQh7yWWGStvkEG1Zmhx6uasJtWCJziofM success
[2022-02-12T07:54:31.875455000Z DEBUG solana_program_runtime::stable_log] Program 4uQeVj5tqViQh7yWWGStvkEG1Zmhx6uasJtWCJziofM invoke [1]
[2022-02-12T07:54:31.876125000Z DEBUG solana_program_runtime::stable_log] Program log: Mango: Deposit
[2022-02-12T07:54:31.884573000Z DEBUG solana_program_runtime::stable_log] Program TokenkegQfeZyiNwAJbNbGKPFXCWuBvf9Ss623VQ5DA invoke [2]
[2022-02-12T07:54:31.884996000Z DEBUG solana_program_runtime::stable_log] Program log: Instruction: Transfer
[2022-02-12T07:54:31.885894000Z DEBUG solana_bpf_loader_program] Program TokenkegQfeZyiNwAJbNbGKPFXCWuBvf9Ss623VQ5DA consumed 3121 of 194491 compute units
[2022-02-12T07:54:31.885951000Z DEBUG solana_program_runtime::stable_log] Program TokenkegQfeZyiNwAJbNbGKPFXCWuBvf9Ss623VQ5DA success
[2022-02-12T07:54:31.887510000Z DEBUG solana_program_runtime::stable_log] Program log: mango-log
[2022-02-12T07:54:31.888251000Z DEBUG solana_program_runtime::stable_log] Program log: F5qwwQsqqPSyUINLxqzO1TRO++v+BH4AvVqLQ9tVnreRiaLFyd1YMFsAjiZKL0h/OzJsJfTixJNKdg0dyFbjDBnuIe6Y/U+KCAAAAAAAAAAAAAAAAABAQg8AAAAAAAAAAAAAAAAAAAAAAAAAAAAAAA==
[2022-02-12T07:54:31.888280000Z DEBUG solana_program_runtime::stable_log] Program log: mango-log
[2022-02-12T07:54:31.889083000Z DEBUG solana_program_runtime::stable_log] Program log: jbqo/GyNSF6yUINLxqzO1TRO++v+BH4AvVqLQ9tVnreRiaLFyd1YMFsAjiZKL0h/OzJsJfTixJNKdg0dyFbjDBnuIe6Y/U+KZpO81lzQVsiDJWCosz60qnDrJPocqXMcjxdQVhZWz5oIAAAAAAAAAAAQpdToAAAA
[2022-02-12T07:54:31.889303000Z DEBUG solana_bpf_loader_program] Program 4uQeVj5tqViQh7yWWGStvkEG1Zmhx6uasJtWCJziofM consumed 19019 of 200000 compute units
[2022-02-12T07:54:31.889371000Z DEBUG solana_program_runtime::stable_log] Program 4uQeVj5tqViQh7yWWGStvkEG1Zmhx6uasJtWCJziofM success
[2022-02-12T07:54:31.902587000Z DEBUG solana_program_runtime::stable_log] Program 4uQeVj5tqViQh7yWWGStvkEG1Zmhx6uasJtWCJziofM invoke [1]
[2022-02-12T07:54:31.903252000Z DEBUG solana_program_runtime::stable_log] Program log: Mango: Deposit
[2022-02-12T07:54:31.911713000Z DEBUG solana_program_runtime::stable_log] Program TokenkegQfeZyiNwAJbNbGKPFXCWuBvf9Ss623VQ5DA invoke [2]
[2022-02-12T07:54:31.912137000Z DEBUG solana_program_runtime::stable_log] Program log: Instruction: Transfer
[2022-02-12T07:54:31.913034000Z DEBUG solana_bpf_loader_program] Program TokenkegQfeZyiNwAJbNbGKPFXCWuBvf9Ss623VQ5DA consumed 3121 of 194452 compute units
[2022-02-12T07:54:31.913087000Z DEBUG solana_program_runtime::stable_log] Program TokenkegQfeZyiNwAJbNbGKPFXCWuBvf9Ss623VQ5DA success
[2022-02-12T07:54:31.914648000Z DEBUG solana_program_runtime::stable_log] Program log: mango-log
[2022-02-12T07:54:31.915386000Z DEBUG solana_program_runtime::stable_log] Program log: F5qwwQsqqPSyUINLxqzO1TRO++v+BH4AvVqLQ9tVnreRiaLFyd1YMFsAjiZKL0h/OzJsJfTixJNKdg0dyFbjDBnuIe6Y/U+KCQAAAAAAAAAAAAAAAABAQg8AAAAAAAAAAAAAAAAAAAAAAAAAAAAAAA==
[2022-02-12T07:54:31.915415000Z DEBUG solana_program_runtime::stable_log] Program log: mango-log
[2022-02-12T07:54:31.916218000Z DEBUG solana_program_runtime::stable_log] Program log: jbqo/GyNSF6yUINLxqzO1TRO++v+BH4AvVqLQ9tVnreRiaLFyd1YMFsAjiZKL0h/OzJsJfTixJNKdg0dyFbjDBnuIe6Y/U+KZpO81lzQVsiDJWCosz60qnDrJPocqXMcjxdQVhZWz5oJAAAAAAAAAAAQpdToAAAA
[2022-02-12T07:54:31.916442000Z DEBUG solana_bpf_loader_program] Program 4uQeVj5tqViQh7yWWGStvkEG1Zmhx6uasJtWCJziofM consumed 19058 of 200000 compute units
[2022-02-12T07:54:31.916512000Z DEBUG solana_program_runtime::stable_log] Program 4uQeVj5tqViQh7yWWGStvkEG1Zmhx6uasJtWCJziofM success
[2022-02-12T07:54:31.931416000Z DEBUG solana_program_runtime::stable_log] Program 4uQeVj5tqViQh7yWWGStvkEG1Zmhx6uasJtWCJziofM invoke [1]
[2022-02-12T07:54:31.932086000Z DEBUG solana_program_runtime::stable_log] Program log: Mango: Deposit
[2022-02-12T07:54:31.940561000Z DEBUG solana_program_runtime::stable_log] Program TokenkegQfeZyiNwAJbNbGKPFXCWuBvf9Ss623VQ5DA invoke [2]
[2022-02-12T07:54:31.940985000Z DEBUG solana_program_runtime::stable_log] Program log: Instruction: Transfer
[2022-02-12T07:54:31.941880000Z DEBUG solana_bpf_loader_program] Program TokenkegQfeZyiNwAJbNbGKPFXCWuBvf9Ss623VQ5DA consumed 3121 of 194413 compute units
[2022-02-12T07:54:31.941936000Z DEBUG solana_program_runtime::stable_log] Program TokenkegQfeZyiNwAJbNbGKPFXCWuBvf9Ss623VQ5DA success
[2022-02-12T07:54:31.943502000Z DEBUG solana_program_runtime::stable_log] Program log: mango-log
[2022-02-12T07:54:31.944244000Z DEBUG solana_program_runtime::stable_log] Program log: F5qwwQsqqPSyUINLxqzO1TRO++v+BH4AvVqLQ9tVnreRiaLFyd1YMFsAjiZKL0h/OzJsJfTixJNKdg0dyFbjDBnuIe6Y/U+KCgAAAAAAAAAAAAAAAABAQg8AAAAAAAAAAAAAAAAAAAAAAAAAAAAAAA==
[2022-02-12T07:54:31.944272000Z DEBUG solana_program_runtime::stable_log] Program log: mango-log
[2022-02-12T07:54:31.945079000Z DEBUG solana_program_runtime::stable_log] Program log: jbqo/GyNSF6yUINLxqzO1TRO++v+BH4AvVqLQ9tVnreRiaLFyd1YMFsAjiZKL0h/OzJsJfTixJNKdg0dyFbjDBnuIe6Y/U+KZpO81lzQVsiDJWCosz60qnDrJPocqXMcjxdQVhZWz5oKAAAAAAAAAAAQpdToAAAA
[2022-02-12T07:54:31.945305000Z DEBUG solana_bpf_loader_program] Program 4uQeVj5tqViQh7yWWGStvkEG1Zmhx6uasJtWCJziofM consumed 19097 of 200000 compute units
[2022-02-12T07:54:31.945374000Z DEBUG solana_program_runtime::stable_log] Program 4uQeVj5tqViQh7yWWGStvkEG1Zmhx6uasJtWCJziofM success
[2022-02-12T07:54:31.958677000Z DEBUG solana_program_runtime::stable_log] Program 4uQeVj5tqViQh7yWWGStvkEG1Zmhx6uasJtWCJziofM invoke [1]
[2022-02-12T07:54:31.959347000Z DEBUG solana_program_runtime::stable_log] Program log: Mango: Deposit
[2022-02-12T07:54:31.967832000Z DEBUG solana_program_runtime::stable_log] Program TokenkegQfeZyiNwAJbNbGKPFXCWuBvf9Ss623VQ5DA invoke [2]
[2022-02-12T07:54:31.968255000Z DEBUG solana_program_runtime::stable_log] Program log: Instruction: Transfer
[2022-02-12T07:54:31.969150000Z DEBUG solana_bpf_loader_program] Program TokenkegQfeZyiNwAJbNbGKPFXCWuBvf9Ss623VQ5DA consumed 3121 of 194374 compute units
[2022-02-12T07:54:31.969205000Z DEBUG solana_program_runtime::stable_log] Program TokenkegQfeZyiNwAJbNbGKPFXCWuBvf9Ss623VQ5DA success
[2022-02-12T07:54:31.970761000Z DEBUG solana_program_runtime::stable_log] Program log: mango-log
[2022-02-12T07:54:31.971501000Z DEBUG solana_program_runtime::stable_log] Program log: F5qwwQsqqPSyUINLxqzO1TRO++v+BH4AvVqLQ9tVnreRiaLFyd1YMFsAjiZKL0h/OzJsJfTixJNKdg0dyFbjDBnuIe6Y/U+KCwAAAAAAAAAAAAAAAABAQg8AAAAAAAAAAAAAAAAAAAAAAAAAAAAAAA==
[2022-02-12T07:54:31.971532000Z DEBUG solana_program_runtime::stable_log] Program log: mango-log
[2022-02-12T07:54:31.972336000Z DEBUG solana_program_runtime::stable_log] Program log: jbqo/GyNSF6yUINLxqzO1TRO++v+BH4AvVqLQ9tVnreRiaLFyd1YMFsAjiZKL0h/OzJsJfTixJNKdg0dyFbjDBnuIe6Y/U+KZpO81lzQVsiDJWCosz60qnDrJPocqXMcjxdQVhZWz5oLAAAAAAAAAAAQpdToAAAA
[2022-02-12T07:54:31.972556000Z DEBUG solana_bpf_loader_program] Program 4uQeVj5tqViQh7yWWGStvkEG1Zmhx6uasJtWCJziofM consumed 19136 of 200000 compute units
[2022-02-12T07:54:31.972625000Z DEBUG solana_program_runtime::stable_log] Program 4uQeVj5tqViQh7yWWGStvkEG1Zmhx6uasJtWCJziofM success
[2022-02-12T07:54:31.986996000Z DEBUG solana_program_runtime::stable_log] Program 4uQeVj5tqViQh7yWWGStvkEG1Zmhx6uasJtWCJziofM invoke [1]
[2022-02-12T07:54:31.987666000Z DEBUG solana_program_runtime::stable_log] Program log: Mango: Deposit
[2022-02-12T07:54:31.996172000Z DEBUG solana_program_runtime::stable_log] Program TokenkegQfeZyiNwAJbNbGKPFXCWuBvf9Ss623VQ5DA invoke [2]
[2022-02-12T07:54:31.996596000Z DEBUG solana_program_runtime::stable_log] Program log: Instruction: Transfer
[2022-02-12T07:54:31.997495000Z DEBUG solana_bpf_loader_program] Program TokenkegQfeZyiNwAJbNbGKPFXCWuBvf9Ss623VQ5DA consumed 3121 of 194335 compute units
[2022-02-12T07:54:31.997550000Z DEBUG solana_program_runtime::stable_log] Program TokenkegQfeZyiNwAJbNbGKPFXCWuBvf9Ss623VQ5DA success
[2022-02-12T07:54:31.999118000Z DEBUG solana_program_runtime::stable_log] Program log: mango-log
[2022-02-12T07:54:31.999857000Z DEBUG solana_program_runtime::stable_log] Program log: F5qwwQsqqPSyUINLxqzO1TRO++v+BH4AvVqLQ9tVnreRiaLFyd1YMFsAjiZKL0h/OzJsJfTixJNKdg0dyFbjDBnuIe6Y/U+KDAAAAAAAAAAAAAAAAABAQg8AAAAAAAAAAAAAAAAAAAAAAAAAAAAAAA==
[2022-02-12T07:54:31.999886000Z DEBUG solana_program_runtime::stable_log] Program log: mango-log
[2022-02-12T07:54:32.000691000Z DEBUG solana_program_runtime::stable_log] Program log: jbqo/GyNSF6yUINLxqzO1TRO++v+BH4AvVqLQ9tVnreRiaLFyd1YMFsAjiZKL0h/OzJsJfTixJNKdg0dyFbjDBnuIe6Y/U+KZpO81lzQVsiDJWCosz60qnDrJPocqXMcjxdQVhZWz5oMAAAAAAAAAAAQpdToAAAA
[2022-02-12T07:54:32.000912000Z DEBUG solana_bpf_loader_program] Program 4uQeVj5tqViQh7yWWGStvkEG1Zmhx6uasJtWCJziofM consumed 19175 of 200000 compute units
[2022-02-12T07:54:32.000982000Z DEBUG solana_program_runtime::stable_log] Program 4uQeVj5tqViQh7yWWGStvkEG1Zmhx6uasJtWCJziofM success
[2022-02-12T07:54:32.014773000Z DEBUG solana_program_runtime::stable_log] Program 4uQeVj5tqViQh7yWWGStvkEG1Zmhx6uasJtWCJziofM invoke [1]
[2022-02-12T07:54:32.015436000Z DEBUG solana_program_runtime::stable_log] Program log: Mango: Deposit
[2022-02-12T07:54:32.024032000Z DEBUG solana_program_runtime::stable_log] Program TokenkegQfeZyiNwAJbNbGKPFXCWuBvf9Ss623VQ5DA invoke [2]
[2022-02-12T07:54:32.024466000Z DEBUG solana_program_runtime::stable_log] Program log: Instruction: Transfer
[2022-02-12T07:54:32.025365000Z DEBUG solana_bpf_loader_program] Program TokenkegQfeZyiNwAJbNbGKPFXCWuBvf9Ss623VQ5DA consumed 3121 of 194296 compute units
[2022-02-12T07:54:32.025424000Z DEBUG solana_program_runtime::stable_log] Program TokenkegQfeZyiNwAJbNbGKPFXCWuBvf9Ss623VQ5DA success
[2022-02-12T07:54:32.026983000Z DEBUG solana_program_runtime::stable_log] Program log: mango-log
[2022-02-12T07:54:32.027730000Z DEBUG solana_program_runtime::stable_log] Program log: F5qwwQsqqPSyUINLxqzO1TRO++v+BH4AvVqLQ9tVnreRiaLFyd1YMFsAjiZKL0h/OzJsJfTixJNKdg0dyFbjDBnuIe6Y/U+KDQAAAAAAAAAAAAAAAABAQg8AAAAAAAAAAAAAAAAAAAAAAAAAAAAAAA==
[2022-02-12T07:54:32.027758000Z DEBUG solana_program_runtime::stable_log] Program log: mango-log
[2022-02-12T07:54:32.028564000Z DEBUG solana_program_runtime::stable_log] Program log: jbqo/GyNSF6yUINLxqzO1TRO++v+BH4AvVqLQ9tVnreRiaLFyd1YMFsAjiZKL0h/OzJsJfTixJNKdg0dyFbjDBnuIe6Y/U+KZpO81lzQVsiDJWCosz60qnDrJPocqXMcjxdQVhZWz5oNAAAAAAAAAAAQpdToAAAA
[2022-02-12T07:54:32.028788000Z DEBUG solana_bpf_loader_program] Program 4uQeVj5tqViQh7yWWGStvkEG1Zmhx6uasJtWCJziofM consumed 19214 of 200000 compute units
[2022-02-12T07:54:32.028858000Z DEBUG solana_program_runtime::stable_log] Program 4uQeVj5tqViQh7yWWGStvkEG1Zmhx6uasJtWCJziofM success
[2022-02-12T07:54:32.043086000Z DEBUG solana_program_runtime::stable_log] Program 4uQeVj5tqViQh7yWWGStvkEG1Zmhx6uasJtWCJziofM invoke [1]
[2022-02-12T07:54:32.043755000Z DEBUG solana_program_runtime::stable_log] Program log: Mango: Deposit
[2022-02-12T07:54:32.052273000Z DEBUG solana_program_runtime::stable_log] Program TokenkegQfeZyiNwAJbNbGKPFXCWuBvf9Ss623VQ5DA invoke [2]
[2022-02-12T07:54:32.052698000Z DEBUG solana_program_runtime::stable_log] Program log: Instruction: Transfer
[2022-02-12T07:54:32.053590000Z DEBUG solana_bpf_loader_program] Program TokenkegQfeZyiNwAJbNbGKPFXCWuBvf9Ss623VQ5DA consumed 3121 of 194257 compute units
[2022-02-12T07:54:32.053644000Z DEBUG solana_program_runtime::stable_log] Program TokenkegQfeZyiNwAJbNbGKPFXCWuBvf9Ss623VQ5DA success
[2022-02-12T07:54:32.055205000Z DEBUG solana_program_runtime::stable_log] Program log: mango-log
[2022-02-12T07:54:32.055947000Z DEBUG solana_program_runtime::stable_log] Program log: F5qwwQsqqPSyUINLxqzO1TRO++v+BH4AvVqLQ9tVnreRiaLFyd1YMFsAjiZKL0h/OzJsJfTixJNKdg0dyFbjDBnuIe6Y/U+KDgAAAAAAAAAAAAAAAABAQg8AAAAAAAAAAAAAAAAAAAAAAAAAAAAAAA==
[2022-02-12T07:54:32.055976000Z DEBUG solana_program_runtime::stable_log] Program log: mango-log
[2022-02-12T07:54:32.056783000Z DEBUG solana_program_runtime::stable_log] Program log: jbqo/GyNSF6yUINLxqzO1TRO++v+BH4AvVqLQ9tVnreRiaLFyd1YMFsAjiZKL0h/OzJsJfTixJNKdg0dyFbjDBnuIe6Y/U+KZpO81lzQVsiDJWCosz60qnDrJPocqXMcjxdQVhZWz5oOAAAAAAAAAAAQpdToAAAA
[2022-02-12T07:54:32.057004000Z DEBUG solana_bpf_loader_program] Program 4uQeVj5tqViQh7yWWGStvkEG1Zmhx6uasJtWCJziofM consumed 19253 of 200000 compute units
[2022-02-12T07:54:32.057082000Z DEBUG solana_program_runtime::stable_log] Program 4uQeVj5tqViQh7yWWGStvkEG1Zmhx6uasJtWCJziofM success
[2022-02-12T07:54:32.070389000Z DEBUG solana_program_runtime::stable_log] Program 4uQeVj5tqViQh7yWWGStvkEG1Zmhx6uasJtWCJziofM invoke [1]
[2022-02-12T07:54:32.071059000Z DEBUG solana_program_runtime::stable_log] Program log: Mango: Deposit
[2022-02-12T07:54:32.079603000Z DEBUG solana_program_runtime::stable_log] Program TokenkegQfeZyiNwAJbNbGKPFXCWuBvf9Ss623VQ5DA invoke [2]
[2022-02-12T07:54:32.080028000Z DEBUG solana_program_runtime::stable_log] Program log: Instruction: Transfer
[2022-02-12T07:54:32.080925000Z DEBUG solana_bpf_loader_program] Program TokenkegQfeZyiNwAJbNbGKPFXCWuBvf9Ss623VQ5DA consumed 3121 of 194218 compute units
[2022-02-12T07:54:32.080980000Z DEBUG solana_program_runtime::stable_log] Program TokenkegQfeZyiNwAJbNbGKPFXCWuBvf9Ss623VQ5DA success
[2022-02-12T07:54:32.082541000Z DEBUG solana_program_runtime::stable_log] Program log: mango-log
[2022-02-12T07:54:32.083289000Z DEBUG solana_program_runtime::stable_log] Program log: F5qwwQsqqPSyUINLxqzO1TRO++v+BH4AvVqLQ9tVnreRiaLFyd1YMFsAjiZKL0h/OzJsJfTixJNKdg0dyFbjDBnuIe6Y/U+KDwAAAAAAAAAAAAAAAABAQg8AAAAAAAAAAAAAAAAAAAAAAAAAAAAAAA==
[2022-02-12T07:54:32.083320000Z DEBUG solana_program_runtime::stable_log] Program log: mango-log
[2022-02-12T07:54:32.084122000Z DEBUG solana_program_runtime::stable_log] Program log: jbqo/GyNSF6yUINLxqzO1TRO++v+BH4AvVqLQ9tVnreRiaLFyd1YMFsAjiZKL0h/OzJsJfTixJNKdg0dyFbjDBnuIe6Y/U+KZpO81lzQVsiDJWCosz60qnDrJPocqXMcjxdQVhZWz5oPAAAAAAAAAAAQpdToAAAA
[2022-02-12T07:54:32.084345000Z DEBUG solana_bpf_loader_program] Program 4uQeVj5tqViQh7yWWGStvkEG1Zmhx6uasJtWCJziofM consumed 19292 of 200000 compute units
[2022-02-12T07:54:32.084415000Z DEBUG solana_program_runtime::stable_log] Program 4uQeVj5tqViQh7yWWGStvkEG1Zmhx6uasJtWCJziofM success
test test_add_all_markets_to_mango_group ... ok

test result: ok. 1 passed; 0 failed; 0 ignored; 0 measured; 0 filtered out; finished in 3.69s

     Running tests/test_create_account.rs (target/debug/deps/test_create_account-9de38e38d878ce42)

running 1 test
[2022-02-12T07:54:32.239672000Z INFO  solana_program_test] "mango" BPF program from /Users/mc/repos/mango-v3/target/deploy/mango.so, modified 1 hour, 39 minutes, 56 seconds, 522 ms, 289 µs and 245 ns ago
[2022-02-12T07:54:32.241114000Z INFO  solana_program_test] "serum_dex" BPF program from tests/fixtures/serum_dex.so, modified 1 month, 3 weeks, 6 days, 18 hours, 25 minutes, 36 seconds, 577 ms, 786 µs and 382 ns ago
[2022-02-12T07:54:32.399932000Z DEBUG solana_program_runtime::stable_log] Program 11111111111111111111111111111111 invoke [1]
[2022-02-12T07:54:32.400633000Z DEBUG solana_program_runtime::stable_log] Program 11111111111111111111111111111111 success
[2022-02-12T07:54:32.403659000Z DEBUG solana_program_runtime::stable_log] Program 11111111111111111111111111111111 invoke [1]
[2022-02-12T07:54:32.403712000Z DEBUG solana_program_runtime::stable_log] Program 11111111111111111111111111111111 success
[2022-02-12T07:54:32.408640000Z DEBUG solana_program_runtime::stable_log] Program 11111111111111111111111111111111 invoke [1]
[2022-02-12T07:54:32.408689000Z DEBUG solana_program_runtime::stable_log] Program 11111111111111111111111111111111 success
[2022-02-12T07:54:32.434321000Z DEBUG solana_program_runtime::stable_log] Program TokenkegQfeZyiNwAJbNbGKPFXCWuBvf9Ss623VQ5DA invoke [1]
[2022-02-12T07:54:32.435442000Z DEBUG solana_program_runtime::stable_log] Program log: Instruction: InitializeAccount
[2022-02-12T07:54:32.436460000Z DEBUG solana_bpf_loader_program] Program TokenkegQfeZyiNwAJbNbGKPFXCWuBvf9Ss623VQ5DA consumed 3411 of 200000 compute units
[2022-02-12T07:54:32.436545000Z DEBUG solana_program_runtime::stable_log] Program TokenkegQfeZyiNwAJbNbGKPFXCWuBvf9Ss623VQ5DA success
[2022-02-12T07:54:32.439942000Z DEBUG solana_program_runtime::stable_log] Program 11111111111111111111111111111111 invoke [1]
[2022-02-12T07:54:32.439992000Z DEBUG solana_program_runtime::stable_log] Program 11111111111111111111111111111111 success
[2022-02-12T07:54:32.443250000Z DEBUG solana_program_runtime::stable_log] Program 11111111111111111111111111111111 invoke [1]
[2022-02-12T07:54:32.443302000Z DEBUG solana_program_runtime::stable_log] Program 11111111111111111111111111111111 success
[2022-02-12T07:54:32.446806000Z DEBUG solana_program_runtime::stable_log] Program 11111111111111111111111111111111 invoke [1]
[2022-02-12T07:54:32.446853000Z DEBUG solana_program_runtime::stable_log] Program 11111111111111111111111111111111 success
[2022-02-12T07:54:32.454542000Z DEBUG solana_program_runtime::stable_log] Program TokenkegQfeZyiNwAJbNbGKPFXCWuBvf9Ss623VQ5DA invoke [1]
[2022-02-12T07:54:32.455032000Z DEBUG solana_program_runtime::stable_log] Program log: Instruction: InitializeAccount
[2022-02-12T07:54:32.456034000Z DEBUG solana_bpf_loader_program] Program TokenkegQfeZyiNwAJbNbGKPFXCWuBvf9Ss623VQ5DA consumed 3411 of 200000 compute units
[2022-02-12T07:54:32.456091000Z DEBUG solana_program_runtime::stable_log] Program TokenkegQfeZyiNwAJbNbGKPFXCWuBvf9Ss623VQ5DA success
[2022-02-12T07:54:32.459607000Z DEBUG solana_program_runtime::stable_log] Program 11111111111111111111111111111111 invoke [1]
[2022-02-12T07:54:32.459656000Z DEBUG solana_program_runtime::stable_log] Program 11111111111111111111111111111111 success
[2022-02-12T07:54:32.467343000Z DEBUG solana_program_runtime::stable_log] Program TokenkegQfeZyiNwAJbNbGKPFXCWuBvf9Ss623VQ5DA invoke [1]
[2022-02-12T07:54:32.467831000Z DEBUG solana_program_runtime::stable_log] Program log: Instruction: InitializeAccount
[2022-02-12T07:54:32.468826000Z DEBUG solana_bpf_loader_program] Program TokenkegQfeZyiNwAJbNbGKPFXCWuBvf9Ss623VQ5DA consumed 3411 of 200000 compute units
[2022-02-12T07:54:32.468879000Z DEBUG solana_program_runtime::stable_log] Program TokenkegQfeZyiNwAJbNbGKPFXCWuBvf9Ss623VQ5DA success
[2022-02-12T07:54:32.472359000Z DEBUG solana_program_runtime::stable_log] Program 11111111111111111111111111111111 invoke [1]
[2022-02-12T07:54:32.472408000Z DEBUG solana_program_runtime::stable_log] Program 11111111111111111111111111111111 success
[2022-02-12T07:54:32.480093000Z DEBUG solana_program_runtime::stable_log] Program TokenkegQfeZyiNwAJbNbGKPFXCWuBvf9Ss623VQ5DA invoke [1]
[2022-02-12T07:54:32.480581000Z DEBUG solana_program_runtime::stable_log] Program log: Instruction: InitializeAccount
[2022-02-12T07:54:32.481581000Z DEBUG solana_bpf_loader_program] Program TokenkegQfeZyiNwAJbNbGKPFXCWuBvf9Ss623VQ5DA consumed 3411 of 200000 compute units
[2022-02-12T07:54:32.481635000Z DEBUG solana_program_runtime::stable_log] Program TokenkegQfeZyiNwAJbNbGKPFXCWuBvf9Ss623VQ5DA success
[2022-02-12T07:54:32.589330000Z DEBUG solana_program_runtime::stable_log] Program 4uQeVj5tqViQh7yWWGStvkEG1Zmhx6uasJtWCJziofM invoke [1]
[2022-02-12T07:54:32.590236000Z DEBUG solana_program_runtime::stable_log] Program log: Mango: InitMangoGroup
[2022-02-12T07:54:32.593730000Z DEBUG solana_bpf_loader_program] Program 4uQeVj5tqViQh7yWWGStvkEG1Zmhx6uasJtWCJziofM consumed 13160 of 200000 compute units
[2022-02-12T07:54:32.593827000Z DEBUG solana_program_runtime::stable_log] Program 4uQeVj5tqViQh7yWWGStvkEG1Zmhx6uasJtWCJziofM success
[2022-02-12T07:54:32.599684000Z DEBUG solana_program_runtime::stable_log] Program 11111111111111111111111111111111 invoke [1]
[2022-02-12T07:54:32.599754000Z DEBUG solana_program_runtime::stable_log] Program 11111111111111111111111111111111 success
[2022-02-12T07:54:32.609484000Z DEBUG solana_program_runtime::stable_log] Program 4uQeVj5tqViQh7yWWGStvkEG1Zmhx6uasJtWCJziofM invoke [1]
[2022-02-12T07:54:32.609822000Z DEBUG solana_program_runtime::stable_log] Program log: Mango: AddOracle
[2022-02-12T07:54:32.609909000Z DEBUG solana_program_runtime::stable_log] Program log: OracleType: got unknown or stub
[2022-02-12T07:54:32.610240000Z DEBUG solana_bpf_loader_program] Program 4uQeVj5tqViQh7yWWGStvkEG1Zmhx6uasJtWCJziofM consumed 1865 of 200000 compute units
[2022-02-12T07:54:32.610297000Z DEBUG solana_program_runtime::stable_log] Program 4uQeVj5tqViQh7yWWGStvkEG1Zmhx6uasJtWCJziofM success
[2022-02-12T07:54:32.615240000Z DEBUG solana_program_runtime::stable_log] Program 11111111111111111111111111111111 invoke [1]
[2022-02-12T07:54:32.615295000Z DEBUG solana_program_runtime::stable_log] Program 11111111111111111111111111111111 success
[2022-02-12T07:54:32.623053000Z DEBUG solana_program_runtime::stable_log] Program TokenkegQfeZyiNwAJbNbGKPFXCWuBvf9Ss623VQ5DA invoke [1]
[2022-02-12T07:54:32.623542000Z DEBUG solana_program_runtime::stable_log] Program log: Instruction: InitializeAccount
[2022-02-12T07:54:32.624544000Z DEBUG solana_bpf_loader_program] Program TokenkegQfeZyiNwAJbNbGKPFXCWuBvf9Ss623VQ5DA consumed 3411 of 200000 compute units
[2022-02-12T07:54:32.624602000Z DEBUG solana_program_runtime::stable_log] Program TokenkegQfeZyiNwAJbNbGKPFXCWuBvf9Ss623VQ5DA success
[2022-02-12T07:54:32.628017000Z DEBUG solana_program_runtime::stable_log] Program 11111111111111111111111111111111 invoke [1]
[2022-02-12T07:54:32.628065000Z DEBUG solana_program_runtime::stable_log] Program 11111111111111111111111111111111 success
[2022-02-12T07:54:32.635744000Z DEBUG solana_program_runtime::stable_log] Program TokenkegQfeZyiNwAJbNbGKPFXCWuBvf9Ss623VQ5DA invoke [1]
[2022-02-12T07:54:32.636232000Z DEBUG solana_program_runtime::stable_log] Program log: Instruction: InitializeAccount
[2022-02-12T07:54:32.637233000Z DEBUG solana_bpf_loader_program] Program TokenkegQfeZyiNwAJbNbGKPFXCWuBvf9Ss623VQ5DA consumed 3411 of 200000 compute units
[2022-02-12T07:54:32.637285000Z DEBUG solana_program_runtime::stable_log] Program TokenkegQfeZyiNwAJbNbGKPFXCWuBvf9Ss623VQ5DA success
[2022-02-12T07:54:32.645908000Z DEBUG solana_program_runtime::stable_log] Program 11111111111111111111111111111111 invoke [1]
[2022-02-12T07:54:32.645956000Z DEBUG solana_program_runtime::stable_log] Program 11111111111111111111111111111111 success
[2022-02-12T07:54:32.646005000Z DEBUG solana_program_runtime::stable_log] Program 11111111111111111111111111111111 invoke [1]
[2022-02-12T07:54:32.646046000Z DEBUG solana_program_runtime::stable_log] Program 11111111111111111111111111111111 success
[2022-02-12T07:54:32.646096000Z DEBUG solana_program_runtime::stable_log] Program 11111111111111111111111111111111 invoke [1]
[2022-02-12T07:54:32.646221000Z DEBUG solana_program_runtime::stable_log] Program 11111111111111111111111111111111 success
[2022-02-12T07:54:32.646443000Z DEBUG solana_program_runtime::stable_log] Program 11111111111111111111111111111111 invoke [1]
[2022-02-12T07:54:32.646485000Z DEBUG solana_program_runtime::stable_log] Program 11111111111111111111111111111111 success
[2022-02-12T07:54:32.646543000Z DEBUG solana_program_runtime::stable_log] Program 11111111111111111111111111111111 invoke [1]
[2022-02-12T07:54:32.646584000Z DEBUG solana_program_runtime::stable_log] Program 11111111111111111111111111111111 success
[2022-02-12T07:54:32.683188000Z DEBUG solana_program_runtime::stable_log] Program 8opHzTAnfzRpPEx21XtnrVTX28YQuCpAjcn1PczScKh invoke [1]
[2022-02-12T07:54:32.688102000Z DEBUG solana_bpf_loader_program] Program 8opHzTAnfzRpPEx21XtnrVTX28YQuCpAjcn1PczScKh consumed 13661 of 200000 compute units
[2022-02-12T07:54:32.688489000Z DEBUG solana_program_runtime::stable_log] Program 8opHzTAnfzRpPEx21XtnrVTX28YQuCpAjcn1PczScKh success
[2022-02-12T07:54:32.696572000Z DEBUG solana_program_runtime::stable_log] Program 11111111111111111111111111111111 invoke [1]
[2022-02-12T07:54:32.696652000Z DEBUG solana_program_runtime::stable_log] Program 11111111111111111111111111111111 success
[2022-02-12T07:54:32.704401000Z DEBUG solana_program_runtime::stable_log] Program TokenkegQfeZyiNwAJbNbGKPFXCWuBvf9Ss623VQ5DA invoke [1]
[2022-02-12T07:54:32.704900000Z DEBUG solana_program_runtime::stable_log] Program log: Instruction: InitializeAccount
[2022-02-12T07:54:32.705906000Z DEBUG solana_bpf_loader_program] Program TokenkegQfeZyiNwAJbNbGKPFXCWuBvf9Ss623VQ5DA consumed 3411 of 200000 compute units
[2022-02-12T07:54:32.705965000Z DEBUG solana_program_runtime::stable_log] Program TokenkegQfeZyiNwAJbNbGKPFXCWuBvf9Ss623VQ5DA success
[2022-02-12T07:54:32.710233000Z DEBUG solana_program_runtime::stable_log] Program 11111111111111111111111111111111 invoke [1]
[2022-02-12T07:54:32.710285000Z DEBUG solana_program_runtime::stable_log] Program 11111111111111111111111111111111 success
[2022-02-12T07:54:32.713548000Z DEBUG solana_program_runtime::stable_log] Program 11111111111111111111111111111111 invoke [1]
[2022-02-12T07:54:32.713599000Z DEBUG solana_program_runtime::stable_log] Program 11111111111111111111111111111111 success
[2022-02-12T07:54:32.725239000Z DEBUG solana_program_runtime::stable_log] Program 4uQeVj5tqViQh7yWWGStvkEG1Zmhx6uasJtWCJziofM invoke [1]
[2022-02-12T07:54:32.725945000Z DEBUG solana_program_runtime::stable_log] Program log: Mango: AddSpotMarket
[2022-02-12T07:54:32.731939000Z DEBUG solana_bpf_loader_program] Program 4uQeVj5tqViQh7yWWGStvkEG1Zmhx6uasJtWCJziofM consumed 20512 of 200000 compute units
[2022-02-12T07:54:32.732023000Z DEBUG solana_program_runtime::stable_log] Program 4uQeVj5tqViQh7yWWGStvkEG1Zmhx6uasJtWCJziofM success
[2022-02-12T07:54:32.736017000Z DEBUG solana_program_runtime::stable_log] Program 11111111111111111111111111111111 invoke [1]
[2022-02-12T07:54:32.736076000Z DEBUG solana_program_runtime::stable_log] Program 11111111111111111111111111111111 success
[2022-02-12T07:54:32.739683000Z DEBUG solana_program_runtime::stable_log] Program 11111111111111111111111111111111 invoke [1]
[2022-02-12T07:54:32.739730000Z DEBUG solana_program_runtime::stable_log] Program 11111111111111111111111111111111 success
[2022-02-12T07:54:32.744214000Z DEBUG solana_program_runtime::stable_log] Program 11111111111111111111111111111111 invoke [1]
[2022-02-12T07:54:32.744263000Z DEBUG solana_program_runtime::stable_log] Program 11111111111111111111111111111111 success
[2022-02-12T07:54:32.747560000Z DEBUG solana_program_runtime::stable_log] Program 11111111111111111111111111111111 invoke [1]
[2022-02-12T07:54:32.747611000Z DEBUG solana_program_runtime::stable_log] Program 11111111111111111111111111111111 success
[2022-02-12T07:54:32.751158000Z DEBUG solana_program_runtime::stable_log] Program 11111111111111111111111111111111 invoke [1]
[2022-02-12T07:54:32.751211000Z DEBUG solana_program_runtime::stable_log] Program 11111111111111111111111111111111 success
[2022-02-12T07:54:32.758975000Z DEBUG solana_program_runtime::stable_log] Program TokenkegQfeZyiNwAJbNbGKPFXCWuBvf9Ss623VQ5DA invoke [1]
[2022-02-12T07:54:32.759457000Z DEBUG solana_program_runtime::stable_log] Program log: Instruction: InitializeAccount
[2022-02-12T07:54:32.760461000Z DEBUG solana_bpf_loader_program] Program TokenkegQfeZyiNwAJbNbGKPFXCWuBvf9Ss623VQ5DA consumed 3411 of 200000 compute units
[2022-02-12T07:54:32.760521000Z DEBUG solana_program_runtime::stable_log] Program TokenkegQfeZyiNwAJbNbGKPFXCWuBvf9Ss623VQ5DA success
[2022-02-12T07:54:32.771701000Z DEBUG solana_program_runtime::stable_log] Program 4uQeVj5tqViQh7yWWGStvkEG1Zmhx6uasJtWCJziofM invoke [1]
[2022-02-12T07:54:32.772332000Z DEBUG solana_program_runtime::stable_log] Program log: Mango: AddPerpMarket DEPRECATED
[2022-02-12T07:54:32.778386000Z DEBUG solana_bpf_loader_program] Program 4uQeVj5tqViQh7yWWGStvkEG1Zmhx6uasJtWCJziofM consumed 20524 of 200000 compute units
[2022-02-12T07:54:32.778460000Z DEBUG solana_program_runtime::stable_log] Program 4uQeVj5tqViQh7yWWGStvkEG1Zmhx6uasJtWCJziofM success
[2022-02-12T07:54:32.790712000Z DEBUG solana_program_runtime::stable_log] Program 4uQeVj5tqViQh7yWWGStvkEG1Zmhx6uasJtWCJziofM invoke [1]
[2022-02-12T07:54:32.791115000Z DEBUG solana_program_runtime::stable_log] Program log: Mango: CreateMangoAccount
[2022-02-12T07:54:32.792580000Z DEBUG solana_program_runtime::stable_log] Program 11111111111111111111111111111111 invoke [2]
[2022-02-12T07:54:32.792651000Z DEBUG solana_program_runtime::stable_log] Program 11111111111111111111111111111111 success
[2022-02-12T07:54:32.792893000Z DEBUG solana_bpf_loader_program] Program 4uQeVj5tqViQh7yWWGStvkEG1Zmhx6uasJtWCJziofM consumed 11837 of 200000 compute units
[2022-02-12T07:54:32.792950000Z DEBUG solana_program_runtime::stable_log] Program 4uQeVj5tqViQh7yWWGStvkEG1Zmhx6uasJtWCJziofM success
[2022-02-12T07:54:32.805750000Z DEBUG solana_program_runtime::stable_log] Program 4uQeVj5tqViQh7yWWGStvkEG1Zmhx6uasJtWCJziofM invoke [1]
[2022-02-12T07:54:32.806362000Z DEBUG solana_program_runtime::stable_log] Program log: Mango: CreateSpotOpenOrders
[2022-02-12T07:54:32.807395000Z DEBUG solana_program_runtime::stable_log] Program 11111111111111111111111111111111 invoke [2]
[2022-02-12T07:54:32.807450000Z DEBUG solana_program_runtime::stable_log] Program 11111111111111111111111111111111 success
[2022-02-12T07:54:32.815906000Z DEBUG solana_program_runtime::stable_log] Program 8opHzTAnfzRpPEx21XtnrVTX28YQuCpAjcn1PczScKh invoke [2]
[2022-02-12T07:54:32.817326000Z DEBUG solana_bpf_loader_program] Program 8opHzTAnfzRpPEx21XtnrVTX28YQuCpAjcn1PczScKh consumed 3417 of 190767 compute units
[2022-02-12T07:54:32.817381000Z DEBUG solana_program_runtime::stable_log] Program 8opHzTAnfzRpPEx21XtnrVTX28YQuCpAjcn1PczScKh success
[2022-02-12T07:54:32.817657000Z DEBUG solana_bpf_loader_program] Program 4uQeVj5tqViQh7yWWGStvkEG1Zmhx6uasJtWCJziofM consumed 13058 of 200000 compute units
[2022-02-12T07:54:32.817733000Z DEBUG solana_program_runtime::stable_log] Program 4uQeVj5tqViQh7yWWGStvkEG1Zmhx6uasJtWCJziofM success
[2022-02-12T07:54:32.830705000Z DEBUG solana_program_runtime::stable_log] Program 4uQeVj5tqViQh7yWWGStvkEG1Zmhx6uasJtWCJziofM invoke [1]
[2022-02-12T07:54:32.831153000Z DEBUG solana_program_runtime::stable_log] Program log: Mango: CreateMangoAccount
[2022-02-12T07:54:32.832044000Z DEBUG solana_program_runtime::stable_log] Program 11111111111111111111111111111111 invoke [2]
[2022-02-12T07:54:32.832096000Z DEBUG solana_program_runtime::stable_log] Program 11111111111111111111111111111111 success
[2022-02-12T07:54:32.832345000Z DEBUG solana_bpf_loader_program] Program 4uQeVj5tqViQh7yWWGStvkEG1Zmhx6uasJtWCJziofM consumed 6021 of 200000 compute units
[2022-02-12T07:54:32.832411000Z DEBUG solana_program_runtime::stable_log] Program 4uQeVj5tqViQh7yWWGStvkEG1Zmhx6uasJtWCJziofM success
[2022-02-12T07:54:32.845874000Z DEBUG solana_program_runtime::stable_log] Program 4uQeVj5tqViQh7yWWGStvkEG1Zmhx6uasJtWCJziofM invoke [1]
[2022-02-12T07:54:32.846538000Z DEBUG solana_program_runtime::stable_log] Program log: Mango: CreateSpotOpenOrders
[2022-02-12T07:54:32.847752000Z DEBUG solana_program_runtime::stable_log] Program 11111111111111111111111111111111 invoke [2]
[2022-02-12T07:54:32.847805000Z DEBUG solana_program_runtime::stable_log] Program 11111111111111111111111111111111 success
[2022-02-12T07:54:32.856244000Z DEBUG solana_program_runtime::stable_log] Program 8opHzTAnfzRpPEx21XtnrVTX28YQuCpAjcn1PczScKh invoke [2]
[2022-02-12T07:54:32.857660000Z DEBUG solana_bpf_loader_program] Program 8opHzTAnfzRpPEx21XtnrVTX28YQuCpAjcn1PczScKh consumed 3417 of 184617 compute units
[2022-02-12T07:54:32.857716000Z DEBUG solana_program_runtime::stable_log] Program 8opHzTAnfzRpPEx21XtnrVTX28YQuCpAjcn1PczScKh success
[2022-02-12T07:54:32.858005000Z DEBUG solana_bpf_loader_program] Program 4uQeVj5tqViQh7yWWGStvkEG1Zmhx6uasJtWCJziofM consumed 19242 of 200000 compute units
[2022-02-12T07:54:32.858080000Z DEBUG solana_program_runtime::stable_log] Program 4uQeVj5tqViQh7yWWGStvkEG1Zmhx6uasJtWCJziofM success
test test_create_account ... ok

test result: ok. 1 passed; 0 failed; 0 ignored; 0 measured; 0 filtered out; finished in 0.65s

     Running tests/test_delegate.rs (target/debug/deps/test_delegate-31093e90fe9c17b0)

running 1 test
[2022-02-12T07:54:32.937690000Z INFO  solana_program_test] "mango" BPF program from /Users/mc/repos/mango-v3/target/deploy/mango.so, modified 1 hour, 39 minutes, 57 seconds, 220 ms, 296 µs and 245 ns ago
[2022-02-12T07:54:32.939052000Z INFO  solana_program_test] "serum_dex" BPF program from tests/fixtures/serum_dex.so, modified 1 month, 3 weeks, 6 days, 18 hours, 25 minutes, 37 seconds, 275 ms, 724 µs and 382 ns ago
[2022-02-12T07:54:33.097045000Z DEBUG solana_program_runtime::stable_log] Program 11111111111111111111111111111111 invoke [1]
[2022-02-12T07:54:33.097823000Z DEBUG solana_program_runtime::stable_log] Program 11111111111111111111111111111111 success
[2022-02-12T07:54:33.101004000Z DEBUG solana_program_runtime::stable_log] Program 11111111111111111111111111111111 invoke [1]
[2022-02-12T07:54:33.101061000Z DEBUG solana_program_runtime::stable_log] Program 11111111111111111111111111111111 success
[2022-02-12T07:54:33.105597000Z DEBUG solana_program_runtime::stable_log] Program 11111111111111111111111111111111 invoke [1]
[2022-02-12T07:54:33.105657000Z DEBUG solana_program_runtime::stable_log] Program 11111111111111111111111111111111 success
[2022-02-12T07:54:33.131532000Z DEBUG solana_program_runtime::stable_log] Program TokenkegQfeZyiNwAJbNbGKPFXCWuBvf9Ss623VQ5DA invoke [1]
[2022-02-12T07:54:33.132658000Z DEBUG solana_program_runtime::stable_log] Program log: Instruction: InitializeAccount
[2022-02-12T07:54:33.133685000Z DEBUG solana_bpf_loader_program] Program TokenkegQfeZyiNwAJbNbGKPFXCWuBvf9Ss623VQ5DA consumed 3411 of 200000 compute units
[2022-02-12T07:54:33.133770000Z DEBUG solana_program_runtime::stable_log] Program TokenkegQfeZyiNwAJbNbGKPFXCWuBvf9Ss623VQ5DA success
[2022-02-12T07:54:33.136854000Z DEBUG solana_program_runtime::stable_log] Program 11111111111111111111111111111111 invoke [1]
[2022-02-12T07:54:33.136912000Z DEBUG solana_program_runtime::stable_log] Program 11111111111111111111111111111111 success
[2022-02-12T07:54:33.140179000Z DEBUG solana_program_runtime::stable_log] Program 11111111111111111111111111111111 invoke [1]
[2022-02-12T07:54:33.140232000Z DEBUG solana_program_runtime::stable_log] Program 11111111111111111111111111111111 success
[2022-02-12T07:54:33.143727000Z DEBUG solana_program_runtime::stable_log] Program 11111111111111111111111111111111 invoke [1]
[2022-02-12T07:54:33.143776000Z DEBUG solana_program_runtime::stable_log] Program 11111111111111111111111111111111 success
[2022-02-12T07:54:33.151436000Z DEBUG solana_program_runtime::stable_log] Program TokenkegQfeZyiNwAJbNbGKPFXCWuBvf9Ss623VQ5DA invoke [1]
[2022-02-12T07:54:33.151936000Z DEBUG solana_program_runtime::stable_log] Program log: Instruction: InitializeAccount
[2022-02-12T07:54:33.152941000Z DEBUG solana_bpf_loader_program] Program TokenkegQfeZyiNwAJbNbGKPFXCWuBvf9Ss623VQ5DA consumed 3411 of 200000 compute units
[2022-02-12T07:54:33.152999000Z DEBUG solana_program_runtime::stable_log] Program TokenkegQfeZyiNwAJbNbGKPFXCWuBvf9Ss623VQ5DA success
[2022-02-12T07:54:33.156653000Z DEBUG solana_program_runtime::stable_log] Program 11111111111111111111111111111111 invoke [1]
[2022-02-12T07:54:33.156702000Z DEBUG solana_program_runtime::stable_log] Program 11111111111111111111111111111111 success
[2022-02-12T07:54:33.164553000Z DEBUG solana_program_runtime::stable_log] Program TokenkegQfeZyiNwAJbNbGKPFXCWuBvf9Ss623VQ5DA invoke [1]
[2022-02-12T07:54:33.165048000Z DEBUG solana_program_runtime::stable_log] Program log: Instruction: InitializeAccount
[2022-02-12T07:54:33.166057000Z DEBUG solana_bpf_loader_program] Program TokenkegQfeZyiNwAJbNbGKPFXCWuBvf9Ss623VQ5DA consumed 3411 of 200000 compute units
[2022-02-12T07:54:33.166110000Z DEBUG solana_program_runtime::stable_log] Program TokenkegQfeZyiNwAJbNbGKPFXCWuBvf9Ss623VQ5DA success
[2022-02-12T07:54:33.169490000Z DEBUG solana_program_runtime::stable_log] Program 11111111111111111111111111111111 invoke [1]
[2022-02-12T07:54:33.169538000Z DEBUG solana_program_runtime::stable_log] Program 11111111111111111111111111111111 success
[2022-02-12T07:54:33.177188000Z DEBUG solana_program_runtime::stable_log] Program TokenkegQfeZyiNwAJbNbGKPFXCWuBvf9Ss623VQ5DA invoke [1]
[2022-02-12T07:54:33.177681000Z DEBUG solana_program_runtime::stable_log] Program log: Instruction: InitializeAccount
[2022-02-12T07:54:33.178689000Z DEBUG solana_bpf_loader_program] Program TokenkegQfeZyiNwAJbNbGKPFXCWuBvf9Ss623VQ5DA consumed 3411 of 200000 compute units
[2022-02-12T07:54:33.178744000Z DEBUG solana_program_runtime::stable_log] Program TokenkegQfeZyiNwAJbNbGKPFXCWuBvf9Ss623VQ5DA success
[2022-02-12T07:54:33.286652000Z DEBUG solana_program_runtime::stable_log] Program 4uQeVj5tqViQh7yWWGStvkEG1Zmhx6uasJtWCJziofM invoke [1]
[2022-02-12T07:54:33.287529000Z DEBUG solana_program_runtime::stable_log] Program log: Mango: InitMangoGroup
[2022-02-12T07:54:33.290981000Z DEBUG solana_bpf_loader_program] Program 4uQeVj5tqViQh7yWWGStvkEG1Zmhx6uasJtWCJziofM consumed 13160 of 200000 compute units
[2022-02-12T07:54:33.291077000Z DEBUG solana_program_runtime::stable_log] Program 4uQeVj5tqViQh7yWWGStvkEG1Zmhx6uasJtWCJziofM success
[2022-02-12T07:54:33.297291000Z DEBUG solana_program_runtime::stable_log] Program 11111111111111111111111111111111 invoke [1]
[2022-02-12T07:54:33.297365000Z DEBUG solana_program_runtime::stable_log] Program 11111111111111111111111111111111 success
[2022-02-12T07:54:33.306964000Z DEBUG solana_program_runtime::stable_log] Program 4uQeVj5tqViQh7yWWGStvkEG1Zmhx6uasJtWCJziofM invoke [1]
[2022-02-12T07:54:33.307301000Z DEBUG solana_program_runtime::stable_log] Program log: Mango: AddOracle
[2022-02-12T07:54:33.307388000Z DEBUG solana_program_runtime::stable_log] Program log: OracleType: got unknown or stub
[2022-02-12T07:54:33.307723000Z DEBUG solana_bpf_loader_program] Program 4uQeVj5tqViQh7yWWGStvkEG1Zmhx6uasJtWCJziofM consumed 1865 of 200000 compute units
[2022-02-12T07:54:33.307780000Z DEBUG solana_program_runtime::stable_log] Program 4uQeVj5tqViQh7yWWGStvkEG1Zmhx6uasJtWCJziofM success
[2022-02-12T07:54:33.311103000Z DEBUG solana_program_runtime::stable_log] Program 11111111111111111111111111111111 invoke [1]
[2022-02-12T07:54:33.311160000Z DEBUG solana_program_runtime::stable_log] Program 11111111111111111111111111111111 success
[2022-02-12T07:54:33.321924000Z DEBUG solana_program_runtime::stable_log] Program 4uQeVj5tqViQh7yWWGStvkEG1Zmhx6uasJtWCJziofM invoke [1]
[2022-02-12T07:54:33.322267000Z DEBUG solana_program_runtime::stable_log] Program log: Mango: InitMangoAccount DEPRECATED
[2022-02-12T07:54:33.322652000Z DEBUG solana_bpf_loader_program] Program 4uQeVj5tqViQh7yWWGStvkEG1Zmhx6uasJtWCJziofM consumed 1828 of 200000 compute units
[2022-02-12T07:54:33.322711000Z DEBUG solana_program_runtime::stable_log] Program 4uQeVj5tqViQh7yWWGStvkEG1Zmhx6uasJtWCJziofM success
[2022-02-12T07:54:33.326321000Z DEBUG solana_program_runtime::stable_log] Program 11111111111111111111111111111111 invoke [1]
[2022-02-12T07:54:33.326378000Z DEBUG solana_program_runtime::stable_log] Program 11111111111111111111111111111111 success
[2022-02-12T07:54:33.337054000Z DEBUG solana_program_runtime::stable_log] Program 4uQeVj5tqViQh7yWWGStvkEG1Zmhx6uasJtWCJziofM invoke [1]
[2022-02-12T07:54:33.337386000Z DEBUG solana_program_runtime::stable_log] Program log: Mango: InitMangoAccount DEPRECATED
[2022-02-12T07:54:33.337769000Z DEBUG solana_bpf_loader_program] Program 4uQeVj5tqViQh7yWWGStvkEG1Zmhx6uasJtWCJziofM consumed 1828 of 200000 compute units
[2022-02-12T07:54:33.337823000Z DEBUG solana_program_runtime::stable_log] Program 4uQeVj5tqViQh7yWWGStvkEG1Zmhx6uasJtWCJziofM success
[2022-02-12T07:54:33.342801000Z DEBUG solana_program_runtime::stable_log] Program 11111111111111111111111111111111 invoke [1]
[2022-02-12T07:54:33.342854000Z DEBUG solana_program_runtime::stable_log] Program 11111111111111111111111111111111 success
[2022-02-12T07:54:33.350512000Z DEBUG solana_program_runtime::stable_log] Program TokenkegQfeZyiNwAJbNbGKPFXCWuBvf9Ss623VQ5DA invoke [1]
[2022-02-12T07:54:33.351008000Z DEBUG solana_program_runtime::stable_log] Program log: Instruction: InitializeAccount
[2022-02-12T07:54:33.352021000Z DEBUG solana_bpf_loader_program] Program TokenkegQfeZyiNwAJbNbGKPFXCWuBvf9Ss623VQ5DA consumed 3411 of 200000 compute units
[2022-02-12T07:54:33.352076000Z DEBUG solana_program_runtime::stable_log] Program TokenkegQfeZyiNwAJbNbGKPFXCWuBvf9Ss623VQ5DA success
[2022-02-12T07:54:33.355609000Z DEBUG solana_program_runtime::stable_log] Program 11111111111111111111111111111111 invoke [1]
[2022-02-12T07:54:33.355660000Z DEBUG solana_program_runtime::stable_log] Program 11111111111111111111111111111111 success
[2022-02-12T07:54:33.363333000Z DEBUG solana_program_runtime::stable_log] Program TokenkegQfeZyiNwAJbNbGKPFXCWuBvf9Ss623VQ5DA invoke [1]
[2022-02-12T07:54:33.363820000Z DEBUG solana_program_runtime::stable_log] Program log: Instruction: InitializeAccount
[2022-02-12T07:54:33.364833000Z DEBUG solana_bpf_loader_program] Program TokenkegQfeZyiNwAJbNbGKPFXCWuBvf9Ss623VQ5DA consumed 3411 of 200000 compute units
[2022-02-12T07:54:33.364888000Z DEBUG solana_program_runtime::stable_log] Program TokenkegQfeZyiNwAJbNbGKPFXCWuBvf9Ss623VQ5DA success
[2022-02-12T07:54:33.373569000Z DEBUG solana_program_runtime::stable_log] Program 11111111111111111111111111111111 invoke [1]
[2022-02-12T07:54:33.373620000Z DEBUG solana_program_runtime::stable_log] Program 11111111111111111111111111111111 success
[2022-02-12T07:54:33.373670000Z DEBUG solana_program_runtime::stable_log] Program 11111111111111111111111111111111 invoke [1]
[2022-02-12T07:54:33.373711000Z DEBUG solana_program_runtime::stable_log] Program 11111111111111111111111111111111 success
[2022-02-12T07:54:33.373760000Z DEBUG solana_program_runtime::stable_log] Program 11111111111111111111111111111111 invoke [1]
[2022-02-12T07:54:33.373826000Z DEBUG solana_program_runtime::stable_log] Program 11111111111111111111111111111111 success
[2022-02-12T07:54:33.374048000Z DEBUG solana_program_runtime::stable_log] Program 11111111111111111111111111111111 invoke [1]
[2022-02-12T07:54:33.374090000Z DEBUG solana_program_runtime::stable_log] Program 11111111111111111111111111111111 success
[2022-02-12T07:54:33.374146000Z DEBUG solana_program_runtime::stable_log] Program 11111111111111111111111111111111 invoke [1]
[2022-02-12T07:54:33.374189000Z DEBUG solana_program_runtime::stable_log] Program 11111111111111111111111111111111 success
[2022-02-12T07:54:33.410806000Z DEBUG solana_program_runtime::stable_log] Program 8opHzTAnfzRpPEx21XtnrVTX28YQuCpAjcn1PczScKh invoke [1]
[2022-02-12T07:54:33.415727000Z DEBUG solana_bpf_loader_program] Program 8opHzTAnfzRpPEx21XtnrVTX28YQuCpAjcn1PczScKh consumed 13661 of 200000 compute units
[2022-02-12T07:54:33.416076000Z DEBUG solana_program_runtime::stable_log] Program 8opHzTAnfzRpPEx21XtnrVTX28YQuCpAjcn1PczScKh success
[2022-02-12T07:54:33.424044000Z DEBUG solana_program_runtime::stable_log] Program 11111111111111111111111111111111 invoke [1]
[2022-02-12T07:54:33.424124000Z DEBUG solana_program_runtime::stable_log] Program 11111111111111111111111111111111 success
[2022-02-12T07:54:33.431896000Z DEBUG solana_program_runtime::stable_log] Program TokenkegQfeZyiNwAJbNbGKPFXCWuBvf9Ss623VQ5DA invoke [1]
[2022-02-12T07:54:33.432432000Z DEBUG solana_program_runtime::stable_log] Program log: Instruction: InitializeAccount
[2022-02-12T07:54:33.433450000Z DEBUG solana_bpf_loader_program] Program TokenkegQfeZyiNwAJbNbGKPFXCWuBvf9Ss623VQ5DA consumed 3411 of 200000 compute units
[2022-02-12T07:54:33.433510000Z DEBUG solana_program_runtime::stable_log] Program TokenkegQfeZyiNwAJbNbGKPFXCWuBvf9Ss623VQ5DA success
[2022-02-12T07:54:33.436590000Z DEBUG solana_program_runtime::stable_log] Program 11111111111111111111111111111111 invoke [1]
[2022-02-12T07:54:33.436636000Z DEBUG solana_program_runtime::stable_log] Program 11111111111111111111111111111111 success
[2022-02-12T07:54:33.439944000Z DEBUG solana_program_runtime::stable_log] Program 11111111111111111111111111111111 invoke [1]
[2022-02-12T07:54:33.439990000Z DEBUG solana_program_runtime::stable_log] Program 11111111111111111111111111111111 success
[2022-02-12T07:54:33.451784000Z DEBUG solana_program_runtime::stable_log] Program 4uQeVj5tqViQh7yWWGStvkEG1Zmhx6uasJtWCJziofM invoke [1]
[2022-02-12T07:54:33.452468000Z DEBUG solana_program_runtime::stable_log] Program log: Mango: AddSpotMarket
[2022-02-12T07:54:33.458474000Z DEBUG solana_bpf_loader_program] Program 4uQeVj5tqViQh7yWWGStvkEG1Zmhx6uasJtWCJziofM consumed 20512 of 200000 compute units
[2022-02-12T07:54:33.458559000Z DEBUG solana_program_runtime::stable_log] Program 4uQeVj5tqViQh7yWWGStvkEG1Zmhx6uasJtWCJziofM success
[2022-02-12T07:54:33.462301000Z DEBUG solana_program_runtime::stable_log] Program 11111111111111111111111111111111 invoke [1]
[2022-02-12T07:54:33.462361000Z DEBUG solana_program_runtime::stable_log] Program 11111111111111111111111111111111 success
[2022-02-12T07:54:33.465699000Z DEBUG solana_program_runtime::stable_log] Program 11111111111111111111111111111111 invoke [1]
[2022-02-12T07:54:33.465749000Z DEBUG solana_program_runtime::stable_log] Program 11111111111111111111111111111111 success
[2022-02-12T07:54:33.469046000Z DEBUG solana_program_runtime::stable_log] Program 11111111111111111111111111111111 invoke [1]
[2022-02-12T07:54:33.469097000Z DEBUG solana_program_runtime::stable_log] Program 11111111111111111111111111111111 success
[2022-02-12T07:54:33.472405000Z DEBUG solana_program_runtime::stable_log] Program 11111111111111111111111111111111 invoke [1]
[2022-02-12T07:54:33.472454000Z DEBUG solana_program_runtime::stable_log] Program 11111111111111111111111111111111 success
[2022-02-12T07:54:33.475991000Z DEBUG solana_program_runtime::stable_log] Program 11111111111111111111111111111111 invoke [1]
[2022-02-12T07:54:33.476041000Z DEBUG solana_program_runtime::stable_log] Program 11111111111111111111111111111111 success
[2022-02-12T07:54:33.483752000Z DEBUG solana_program_runtime::stable_log] Program TokenkegQfeZyiNwAJbNbGKPFXCWuBvf9Ss623VQ5DA invoke [1]
[2022-02-12T07:54:33.484250000Z DEBUG solana_program_runtime::stable_log] Program log: Instruction: InitializeAccount
[2022-02-12T07:54:33.485261000Z DEBUG solana_bpf_loader_program] Program TokenkegQfeZyiNwAJbNbGKPFXCWuBvf9Ss623VQ5DA consumed 3411 of 200000 compute units
[2022-02-12T07:54:33.485317000Z DEBUG solana_program_runtime::stable_log] Program TokenkegQfeZyiNwAJbNbGKPFXCWuBvf9Ss623VQ5DA success
[2022-02-12T07:54:33.496589000Z DEBUG solana_program_runtime::stable_log] Program 4uQeVj5tqViQh7yWWGStvkEG1Zmhx6uasJtWCJziofM invoke [1]
[2022-02-12T07:54:33.497222000Z DEBUG solana_program_runtime::stable_log] Program log: Mango: AddPerpMarket DEPRECATED
[2022-02-12T07:54:33.503261000Z DEBUG solana_bpf_loader_program] Program 4uQeVj5tqViQh7yWWGStvkEG1Zmhx6uasJtWCJziofM consumed 20524 of 200000 compute units
[2022-02-12T07:54:33.503340000Z DEBUG solana_program_runtime::stable_log] Program 4uQeVj5tqViQh7yWWGStvkEG1Zmhx6uasJtWCJziofM success
[2022-02-12T07:54:33.514873000Z DEBUG solana_program_runtime::stable_log] Program 4uQeVj5tqViQh7yWWGStvkEG1Zmhx6uasJtWCJziofM invoke [1]
[2022-02-12T07:54:33.515222000Z DEBUG solana_program_runtime::stable_log] Program log: Mango: SetOracle
[2022-02-12T07:54:33.515502000Z DEBUG solana_bpf_loader_program] Program 4uQeVj5tqViQh7yWWGStvkEG1Zmhx6uasJtWCJziofM consumed 1550 of 200000 compute units
[2022-02-12T07:54:33.515557000Z DEBUG solana_program_runtime::stable_log] Program 4uQeVj5tqViQh7yWWGStvkEG1Zmhx6uasJtWCJziofM success
[2022-02-12T07:54:33.546462000Z DEBUG solana_program_runtime::stable_log] Program 4uQeVj5tqViQh7yWWGStvkEG1Zmhx6uasJtWCJziofM invoke [1]
[2022-02-12T07:54:33.546826000Z DEBUG solana_program_runtime::stable_log] Program log: Mango: CachePrices
[2022-02-12T07:54:33.547151000Z DEBUG solana_program_runtime::stable_log] Program log: mango-log
[2022-02-12T07:54:33.547753000Z DEBUG solana_program_runtime::stable_log] Program log: ux0uSxX5tBsg36/2qB+NjT2NXvuT04jWXL0iM7Jj6XQvO8kiouaXfwEAAAAAAAAAAAAAAAEAAAAAAAAAAAAQJwAAAAAAAAAA
[2022-02-12T07:54:33.547858000Z DEBUG solana_bpf_loader_program] Program 4uQeVj5tqViQh7yWWGStvkEG1Zmhx6uasJtWCJziofM consumed 3669 of 200000 compute units
[2022-02-12T07:54:33.547919000Z DEBUG solana_program_runtime::stable_log] Program 4uQeVj5tqViQh7yWWGStvkEG1Zmhx6uasJtWCJziofM success
[2022-02-12T07:54:33.558734000Z DEBUG solana_program_runtime::stable_log] Program 4uQeVj5tqViQh7yWWGStvkEG1Zmhx6uasJtWCJziofM invoke [1]
[2022-02-12T07:54:33.559120000Z DEBUG solana_program_runtime::stable_log] Program log: Mango: UpdateRootBank
[2022-02-12T07:54:33.560872000Z DEBUG solana_program_runtime::stable_log] Program log: mango-log
[2022-02-12T07:54:33.561473000Z DEBUG solana_program_runtime::stable_log] Program log: 8HmBNKTUaLgg36/2qB+NjT2NXvuT04jWXL0iM7Jj6XQvO8kiouaXfwAAAAAAAAAAAAAAAAAAQEIPAAAAAAAAAAAAAAAAAEBCDwAAAAAAAAA=
[2022-02-12T07:54:33.561595000Z DEBUG solana_bpf_loader_program] Program 4uQeVj5tqViQh7yWWGStvkEG1Zmhx6uasJtWCJziofM consumed 8523 of 200000 compute units
[2022-02-12T07:54:33.561651000Z DEBUG solana_program_runtime::stable_log] Program 4uQeVj5tqViQh7yWWGStvkEG1Zmhx6uasJtWCJziofM success
[2022-02-12T07:54:33.571924000Z DEBUG solana_program_runtime::stable_log] Program 4uQeVj5tqViQh7yWWGStvkEG1Zmhx6uasJtWCJziofM invoke [1]
[2022-02-12T07:54:33.572372000Z DEBUG solana_program_runtime::stable_log] Program log: Mango: UpdateFunding
[2022-02-12T07:54:33.573461000Z DEBUG solana_program_runtime::stable_log] Program log: mango-log
[2022-02-12T07:54:33.574061000Z DEBUG solana_program_runtime::stable_log] Program log: ta5iwCEXTXsg36/2qB+NjT2NXvuT04jWXL0iM7Jj6XQvO8kiouaXfwAAAAAAAAAAAAAAAAAAAAAAAAAAAAAAAAAAAAAAAAAAAAAAAAAAAAA=
[2022-02-12T07:54:33.574211000Z DEBUG solana_bpf_loader_program] Program 4uQeVj5tqViQh7yWWGStvkEG1Zmhx6uasJtWCJziofM consumed 6381 of 200000 compute units
[2022-02-12T07:54:33.574278000Z DEBUG solana_program_runtime::stable_log] Program 4uQeVj5tqViQh7yWWGStvkEG1Zmhx6uasJtWCJziofM success
[2022-02-12T07:54:33.584526000Z DEBUG solana_program_runtime::stable_log] Program 4uQeVj5tqViQh7yWWGStvkEG1Zmhx6uasJtWCJziofM invoke [1]
[2022-02-12T07:54:33.584915000Z DEBUG solana_program_runtime::stable_log] Program log: Mango: CacheRootBanks
[2022-02-12T07:54:33.585572000Z DEBUG solana_program_runtime::stable_log] Program log: mango-log
[2022-02-12T07:54:33.586453000Z DEBUG solana_program_runtime::stable_log] Program log: IVXYca/Gfegg36/2qB+NjT2NXvuT04jWXL0iM7Jj6XQvO8kiouaXfwIAAAAAAAAAAAAAAA8AAAAAAAAAAgAAAAAAAAAAAEBCDwAAAAAAAAAAAAAAAABAQg8AAAAAAAAAAgAAAAAAAAAAAEBCDwAAAAAAAAAAAAAAAABAQg8AAAAAAAAA
[2022-02-12T07:54:33.586587000Z DEBUG solana_bpf_loader_program] Program 4uQeVj5tqViQh7yWWGStvkEG1Zmhx6uasJtWCJziofM consumed 5857 of 200000 compute units
[2022-02-12T07:54:33.586643000Z DEBUG solana_program_runtime::stable_log] Program 4uQeVj5tqViQh7yWWGStvkEG1Zmhx6uasJtWCJziofM success
[2022-02-12T07:54:33.596026000Z DEBUG solana_program_runtime::stable_log] Program 4uQeVj5tqViQh7yWWGStvkEG1Zmhx6uasJtWCJziofM invoke [1]
[2022-02-12T07:54:33.596354000Z DEBUG solana_program_runtime::stable_log] Program log: Mango: CachePerpMarkets
[2022-02-12T07:54:33.596744000Z DEBUG solana_program_runtime::stable_log] Program log: mango-log
[2022-02-12T07:54:33.597473000Z DEBUG solana_program_runtime::stable_log] Program log: 9lt9JxCzqw4g36/2qB+NjT2NXvuT04jWXL0iM7Jj6XQvO8kiouaXfwEAAAAAAAAAAAAAAAEAAAAAAAAAAAAAAAAAAAAAAAAAAQAAAAAAAAAAAAAAAAAAAAAAAAA=
[2022-02-12T07:54:33.597575000Z DEBUG solana_bpf_loader_program] Program 4uQeVj5tqViQh7yWWGStvkEG1Zmhx6uasJtWCJziofM consumed 4331 of 200000 compute units
[2022-02-12T07:54:33.597627000Z DEBUG solana_program_runtime::stable_log] Program 4uQeVj5tqViQh7yWWGStvkEG1Zmhx6uasJtWCJziofM success
[2022-02-12T07:54:33.611438000Z DEBUG solana_program_runtime::stable_log] Program 4uQeVj5tqViQh7yWWGStvkEG1Zmhx6uasJtWCJziofM invoke [1]
[2022-02-12T07:54:33.612110000Z DEBUG solana_program_runtime::stable_log] Program log: Mango: Deposit
[2022-02-12T07:54:33.621907000Z DEBUG solana_program_runtime::stable_log] Program TokenkegQfeZyiNwAJbNbGKPFXCWuBvf9Ss623VQ5DA invoke [2]
[2022-02-12T07:54:33.622339000Z DEBUG solana_program_runtime::stable_log] Program log: Instruction: Transfer
[2022-02-12T07:54:33.623243000Z DEBUG solana_bpf_loader_program] Program TokenkegQfeZyiNwAJbNbGKPFXCWuBvf9Ss623VQ5DA consumed 3121 of 194218 compute units
[2022-02-12T07:54:33.623299000Z DEBUG solana_program_runtime::stable_log] Program TokenkegQfeZyiNwAJbNbGKPFXCWuBvf9Ss623VQ5DA success
[2022-02-12T07:54:33.624768000Z DEBUG solana_program_runtime::stable_log] Program log: mango-log
[2022-02-12T07:54:33.625506000Z DEBUG solana_program_runtime::stable_log] Program log: F5qwwQsqqPQg36/2qB+NjT2NXvuT04jWXL0iM7Jj6XQvO8kiouaXf1zeOTc5CNFsjuONK+JmgTrl0eCiex99rPV35OHrMbWuDwAAAAAAAAAAAAAAAAAwdQAAAAAAAAAAAAAAAAAAAAAAAAAAAAAAAA==
[2022-02-12T07:54:33.625537000Z DEBUG solana_program_runtime::stable_log] Program log: mango-log
[2022-02-12T07:54:33.626338000Z DEBUG solana_program_runtime::stable_log] Program log: jbqo/GyNSF4g36/2qB+NjT2NXvuT04jWXL0iM7Jj6XQvO8kiouaXf1zeOTc5CNFsjuONK+JmgTrl0eCiex99rPV35OHrMbWuC82VHaEUOTbf1jDOgO95159N6t2g17YG3f7bm+Ps8c4PAAAAAAAAAACsI/wGAAAA
[2022-02-12T07:54:33.626564000Z DEBUG solana_bpf_loader_program] Program 4uQeVj5tqViQh7yWWGStvkEG1Zmhx6uasJtWCJziofM consumed 18948 of 200000 compute units
[2022-02-12T07:54:33.626635000Z DEBUG solana_program_runtime::stable_log] Program 4uQeVj5tqViQh7yWWGStvkEG1Zmhx6uasJtWCJziofM success
[2022-02-12T07:54:33.638357000Z DEBUG solana_program_runtime::stable_log] Program 4uQeVj5tqViQh7yWWGStvkEG1Zmhx6uasJtWCJziofM invoke [1]
[2022-02-12T07:54:33.638753000Z DEBUG solana_program_runtime::stable_log] Program log: Mango: SetDelegate
[2022-02-12T07:54:33.638962000Z DEBUG solana_bpf_loader_program] Program 4uQeVj5tqViQh7yWWGStvkEG1Zmhx6uasJtWCJziofM consumed 1358 of 200000 compute units
[2022-02-12T07:54:33.639018000Z DEBUG solana_program_runtime::stable_log] Program 4uQeVj5tqViQh7yWWGStvkEG1Zmhx6uasJtWCJziofM success
[2022-02-12T07:54:33.668327000Z DEBUG solana_program_runtime::stable_log] Program 4uQeVj5tqViQh7yWWGStvkEG1Zmhx6uasJtWCJziofM invoke [1]
[2022-02-12T07:54:33.668690000Z DEBUG solana_program_runtime::stable_log] Program log: Mango: CachePrices
[2022-02-12T07:54:33.669016000Z DEBUG solana_program_runtime::stable_log] Program log: mango-log
[2022-02-12T07:54:33.669605000Z DEBUG solana_program_runtime::stable_log] Program log: ux0uSxX5tBsg36/2qB+NjT2NXvuT04jWXL0iM7Jj6XQvO8kiouaXfwEAAAAAAAAAAAAAAAEAAAAAAAAAAAAQJwAAAAAAAAAA
[2022-02-12T07:54:33.669706000Z DEBUG solana_bpf_loader_program] Program 4uQeVj5tqViQh7yWWGStvkEG1Zmhx6uasJtWCJziofM consumed 3669 of 200000 compute units
[2022-02-12T07:54:33.669767000Z DEBUG solana_program_runtime::stable_log] Program 4uQeVj5tqViQh7yWWGStvkEG1Zmhx6uasJtWCJziofM success
[2022-02-12T07:54:33.680578000Z DEBUG solana_program_runtime::stable_log] Program 4uQeVj5tqViQh7yWWGStvkEG1Zmhx6uasJtWCJziofM invoke [1]
[2022-02-12T07:54:33.680971000Z DEBUG solana_program_runtime::stable_log] Program log: Mango: UpdateRootBank
[2022-02-12T07:54:33.682721000Z DEBUG solana_program_runtime::stable_log] Program log: mango-log
[2022-02-12T07:54:33.683320000Z DEBUG solana_program_runtime::stable_log] Program log: 8HmBNKTUaLgg36/2qB+NjT2NXvuT04jWXL0iM7Jj6XQvO8kiouaXfwAAAAAAAAAAAAAAAAAAQEIPAAAAAAAAAAAAAAAAAEBCDwAAAAAAAAA=
[2022-02-12T07:54:33.683443000Z DEBUG solana_bpf_loader_program] Program 4uQeVj5tqViQh7yWWGStvkEG1Zmhx6uasJtWCJziofM consumed 8519 of 200000 compute units
[2022-02-12T07:54:33.683495000Z DEBUG solana_program_runtime::stable_log] Program 4uQeVj5tqViQh7yWWGStvkEG1Zmhx6uasJtWCJziofM success
[2022-02-12T07:54:33.693737000Z DEBUG solana_program_runtime::stable_log] Program 4uQeVj5tqViQh7yWWGStvkEG1Zmhx6uasJtWCJziofM invoke [1]
[2022-02-12T07:54:33.694183000Z DEBUG solana_program_runtime::stable_log] Program log: Mango: UpdateFunding
[2022-02-12T07:54:33.695266000Z DEBUG solana_program_runtime::stable_log] Program log: mango-log
[2022-02-12T07:54:33.695865000Z DEBUG solana_program_runtime::stable_log] Program log: ta5iwCEXTXsg36/2qB+NjT2NXvuT04jWXL0iM7Jj6XQvO8kiouaXfwAAAAAAAAAAAAAAAAAAAAAAAAAAAAAAAAAAAAAAAAAAAAAAAAAAAAA=
[2022-02-12T07:54:33.696008000Z DEBUG solana_bpf_loader_program] Program 4uQeVj5tqViQh7yWWGStvkEG1Zmhx6uasJtWCJziofM consumed 6381 of 200000 compute units
[2022-02-12T07:54:33.696075000Z DEBUG solana_program_runtime::stable_log] Program 4uQeVj5tqViQh7yWWGStvkEG1Zmhx6uasJtWCJziofM success
[2022-02-12T07:54:33.706391000Z DEBUG solana_program_runtime::stable_log] Program 4uQeVj5tqViQh7yWWGStvkEG1Zmhx6uasJtWCJziofM invoke [1]
[2022-02-12T07:54:33.706779000Z DEBUG solana_program_runtime::stable_log] Program log: Mango: CacheRootBanks
[2022-02-12T07:54:33.707437000Z DEBUG solana_program_runtime::stable_log] Program log: mango-log
[2022-02-12T07:54:33.708313000Z DEBUG solana_program_runtime::stable_log] Program log: IVXYca/Gfegg36/2qB+NjT2NXvuT04jWXL0iM7Jj6XQvO8kiouaXfwIAAAAAAAAAAAAAAA8AAAAAAAAAAgAAAAAAAAAAAEBCDwAAAAAAAAAAAAAAAABAQg8AAAAAAAAAAgAAAAAAAAAAAEBCDwAAAAAAAAAAAAAAAABAQg8AAAAAAAAA
[2022-02-12T07:54:33.708438000Z DEBUG solana_bpf_loader_program] Program 4uQeVj5tqViQh7yWWGStvkEG1Zmhx6uasJtWCJziofM consumed 5857 of 200000 compute units
[2022-02-12T07:54:33.708494000Z DEBUG solana_program_runtime::stable_log] Program 4uQeVj5tqViQh7yWWGStvkEG1Zmhx6uasJtWCJziofM success
[2022-02-12T07:54:33.717809000Z DEBUG solana_program_runtime::stable_log] Program 4uQeVj5tqViQh7yWWGStvkEG1Zmhx6uasJtWCJziofM invoke [1]
[2022-02-12T07:54:33.718135000Z DEBUG solana_program_runtime::stable_log] Program log: Mango: CachePerpMarkets
[2022-02-12T07:54:33.718527000Z DEBUG solana_program_runtime::stable_log] Program log: mango-log
[2022-02-12T07:54:33.719250000Z DEBUG solana_program_runtime::stable_log] Program log: 9lt9JxCzqw4g36/2qB+NjT2NXvuT04jWXL0iM7Jj6XQvO8kiouaXfwEAAAAAAAAAAAAAAAEAAAAAAAAAAAAAAAAAAAAAAAAAAQAAAAAAAAAAAAAAAAAAAAAAAAA=
[2022-02-12T07:54:33.719352000Z DEBUG solana_bpf_loader_program] Program 4uQeVj5tqViQh7yWWGStvkEG1Zmhx6uasJtWCJziofM consumed 4331 of 200000 compute units
[2022-02-12T07:54:33.719402000Z DEBUG solana_program_runtime::stable_log] Program 4uQeVj5tqViQh7yWWGStvkEG1Zmhx6uasJtWCJziofM success
[2022-02-12T07:54:33.733142000Z DEBUG solana_program_runtime::stable_log] Program 4uQeVj5tqViQh7yWWGStvkEG1Zmhx6uasJtWCJziofM invoke [1]
[2022-02-12T07:54:33.733749000Z DEBUG solana_program_runtime::stable_log] Program log: Mango: CreateSpotOpenOrders
[2022-02-12T07:54:33.734823000Z DEBUG solana_program_runtime::stable_log] Program 11111111111111111111111111111111 invoke [2]
[2022-02-12T07:54:33.734888000Z DEBUG solana_program_runtime::stable_log] Program 11111111111111111111111111111111 success
[2022-02-12T07:54:33.743329000Z DEBUG solana_program_runtime::stable_log] Program 8opHzTAnfzRpPEx21XtnrVTX28YQuCpAjcn1PczScKh invoke [2]
[2022-02-12T07:54:33.744749000Z DEBUG solana_bpf_loader_program] Program 8opHzTAnfzRpPEx21XtnrVTX28YQuCpAjcn1PczScKh consumed 3417 of 190767 compute units
[2022-02-12T07:54:33.744807000Z DEBUG solana_program_runtime::stable_log] Program 8opHzTAnfzRpPEx21XtnrVTX28YQuCpAjcn1PczScKh success
[2022-02-12T07:54:33.745084000Z DEBUG solana_bpf_loader_program] Program 4uQeVj5tqViQh7yWWGStvkEG1Zmhx6uasJtWCJziofM consumed 13058 of 200000 compute units
[2022-02-12T07:54:33.745158000Z DEBUG solana_program_runtime::stable_log] Program 4uQeVj5tqViQh7yWWGStvkEG1Zmhx6uasJtWCJziofM success
[2022-02-12T07:54:33.763165000Z DEBUG solana_program_runtime::stable_log] Program 4uQeVj5tqViQh7yWWGStvkEG1Zmhx6uasJtWCJziofM invoke [1]
[2022-02-12T07:54:33.765107000Z DEBUG solana_program_runtime::stable_log] Program log: Mango: PlaceSpotOrder
[2022-02-12T07:54:33.781467000Z DEBUG solana_program_runtime::stable_log] Program 8opHzTAnfzRpPEx21XtnrVTX28YQuCpAjcn1PczScKh invoke [2]
[2022-02-12T07:54:33.793864000Z DEBUG solana_program_runtime::stable_log] Program TokenkegQfeZyiNwAJbNbGKPFXCWuBvf9Ss623VQ5DA invoke [3]
[2022-02-12T07:54:33.794294000Z DEBUG solana_program_runtime::stable_log] Program log: Instruction: Transfer
[2022-02-12T07:54:33.795195000Z DEBUG solana_bpf_loader_program] Program TokenkegQfeZyiNwAJbNbGKPFXCWuBvf9Ss623VQ5DA consumed 3121 of 157765 compute units
[2022-02-12T07:54:33.795258000Z DEBUG solana_program_runtime::stable_log] Program TokenkegQfeZyiNwAJbNbGKPFXCWuBvf9Ss623VQ5DA success
[2022-02-12T07:54:33.796042000Z DEBUG solana_bpf_loader_program] Program 8opHzTAnfzRpPEx21XtnrVTX28YQuCpAjcn1PczScKh consumed 18030 of 171502 compute units
[2022-02-12T07:54:33.796389000Z DEBUG solana_program_runtime::stable_log] Program 8opHzTAnfzRpPEx21XtnrVTX28YQuCpAjcn1PczScKh success
[2022-02-12T07:54:33.806303000Z DEBUG solana_program_runtime::stable_log] Program 8opHzTAnfzRpPEx21XtnrVTX28YQuCpAjcn1PczScKh invoke [2]
[2022-02-12T07:54:33.816995000Z DEBUG solana_program_runtime::stable_log] Program TokenkegQfeZyiNwAJbNbGKPFXCWuBvf9Ss623VQ5DA invoke [3]
[2022-02-12T07:54:33.817414000Z DEBUG solana_program_runtime::stable_log] Program log: Instruction: Transfer
[2022-02-12T07:54:33.818316000Z DEBUG solana_bpf_loader_program] Program TokenkegQfeZyiNwAJbNbGKPFXCWuBvf9Ss623VQ5DA consumed 3128 of 140119 compute units
[2022-02-12T07:54:33.818366000Z DEBUG solana_program_runtime::stable_log] Program TokenkegQfeZyiNwAJbNbGKPFXCWuBvf9Ss623VQ5DA success
[2022-02-12T07:54:33.826633000Z DEBUG solana_program_runtime::stable_log] Program TokenkegQfeZyiNwAJbNbGKPFXCWuBvf9Ss623VQ5DA invoke [3]
[2022-02-12T07:54:33.827054000Z DEBUG solana_program_runtime::stable_log] Program log: Instruction: Transfer
[2022-02-12T07:54:33.827949000Z DEBUG solana_bpf_loader_program] Program TokenkegQfeZyiNwAJbNbGKPFXCWuBvf9Ss623VQ5DA consumed 3121 of 134248 compute units
[2022-02-12T07:54:33.828000000Z DEBUG solana_program_runtime::stable_log] Program TokenkegQfeZyiNwAJbNbGKPFXCWuBvf9Ss623VQ5DA success
[2022-02-12T07:54:33.828610000Z DEBUG solana_bpf_loader_program] Program 8opHzTAnfzRpPEx21XtnrVTX28YQuCpAjcn1PczScKh consumed 20219 of 150440 compute units
[2022-02-12T07:54:33.828679000Z DEBUG solana_program_runtime::stable_log] Program 8opHzTAnfzRpPEx21XtnrVTX28YQuCpAjcn1PczScKh success
[2022-02-12T07:54:33.830957000Z DEBUG solana_program_runtime::stable_log] Program log: mango-log
[2022-02-12T07:54:33.831702000Z DEBUG solana_program_runtime::stable_log] Program log: F5qwwQsqqPQg36/2qB+NjT2NXvuT04jWXL0iM7Jj6XQvO8kiouaXf1zeOTc5CNFsjuONK+JmgTrl0eCiex99rPV35OHrMbWuDwAAAAAAAAAAAAAAAAAgTgAAAAAAAAAAAAAAAAAAAAAAAAAAAAAAAA==
[2022-02-12T07:54:33.831750000Z DEBUG solana_program_runtime::stable_log] Program log: mango-log
[2022-02-12T07:54:33.832484000Z DEBUG solana_program_runtime::stable_log] Program log: F5qwwQsqqPQg36/2qB+NjT2NXvuT04jWXL0iM7Jj6XQvO8kiouaXf1zeOTc5CNFsjuONK+JmgTrl0eCiex99rPV35OHrMbWuAAAAAAAAAAAAAAAAAAAAAAAAAAAAAAAAAAAAAAAAAAAAAAAAAAAAAA==
[2022-02-12T07:54:33.834358000Z DEBUG solana_program_runtime::stable_log] Program log: mango-log
[2022-02-12T07:54:33.835157000Z DEBUG solana_program_runtime::stable_log] Program log: V4pUNuOCxqwg36/2qB+NjT2NXvuT04jWXL0iM7Jj6XQvO8kiouaXf1zeOTc5CNFsjuONK+JmgTrl0eCiex99rPV35OHrMbWuAAAAAAAAAAAAAAAAAAAAAAAAAAAAAAAAAOQLVAIAAAAAAAAAAAAAAAAAAAAAAAAA
[2022-02-12T07:54:33.835761000Z DEBUG solana_bpf_loader_program] Program 4uQeVj5tqViQh7yWWGStvkEG1Zmhx6uasJtWCJziofM consumed 91187 of 200000 compute units
[2022-02-12T07:54:33.835985000Z DEBUG solana_program_runtime::stable_log] Program 4uQeVj5tqViQh7yWWGStvkEG1Zmhx6uasJtWCJziofM success
[2022-02-12T07:54:33.870495000Z DEBUG solana_program_runtime::stable_log] Program 4uQeVj5tqViQh7yWWGStvkEG1Zmhx6uasJtWCJziofM invoke [1]
[2022-02-12T07:54:33.870867000Z DEBUG solana_program_runtime::stable_log] Program log: Mango: CachePrices
[2022-02-12T07:54:33.871199000Z DEBUG solana_program_runtime::stable_log] Program log: mango-log
[2022-02-12T07:54:33.871796000Z DEBUG solana_program_runtime::stable_log] Program log: ux0uSxX5tBsg36/2qB+NjT2NXvuT04jWXL0iM7Jj6XQvO8kiouaXfwEAAAAAAAAAAAAAAAEAAAAAAAAAAAAQJwAAAAAAAAAA
[2022-02-12T07:54:33.871900000Z DEBUG solana_bpf_loader_program] Program 4uQeVj5tqViQh7yWWGStvkEG1Zmhx6uasJtWCJziofM consumed 3669 of 200000 compute units
[2022-02-12T07:54:33.871960000Z DEBUG solana_program_runtime::stable_log] Program 4uQeVj5tqViQh7yWWGStvkEG1Zmhx6uasJtWCJziofM success
[2022-02-12T07:54:33.882635000Z DEBUG solana_program_runtime::stable_log] Program 4uQeVj5tqViQh7yWWGStvkEG1Zmhx6uasJtWCJziofM invoke [1]
[2022-02-12T07:54:33.883021000Z DEBUG solana_program_runtime::stable_log] Program log: Mango: UpdateRootBank
[2022-02-12T07:54:33.884769000Z DEBUG solana_program_runtime::stable_log] Program log: mango-log
[2022-02-12T07:54:33.885372000Z DEBUG solana_program_runtime::stable_log] Program log: 8HmBNKTUaLgg36/2qB+NjT2NXvuT04jWXL0iM7Jj6XQvO8kiouaXfwAAAAAAAAAAAAAAAAAAQEIPAAAAAAAAAAAAAAAAAEBCDwAAAAAAAAA=
[2022-02-12T07:54:33.885495000Z DEBUG solana_bpf_loader_program] Program 4uQeVj5tqViQh7yWWGStvkEG1Zmhx6uasJtWCJziofM consumed 8519 of 200000 compute units
[2022-02-12T07:54:33.885546000Z DEBUG solana_program_runtime::stable_log] Program 4uQeVj5tqViQh7yWWGStvkEG1Zmhx6uasJtWCJziofM success
[2022-02-12T07:54:33.895815000Z DEBUG solana_program_runtime::stable_log] Program 4uQeVj5tqViQh7yWWGStvkEG1Zmhx6uasJtWCJziofM invoke [1]
[2022-02-12T07:54:33.896259000Z DEBUG solana_program_runtime::stable_log] Program log: Mango: UpdateFunding
[2022-02-12T07:54:33.897343000Z DEBUG solana_program_runtime::stable_log] Program log: mango-log
[2022-02-12T07:54:33.897946000Z DEBUG solana_program_runtime::stable_log] Program log: ta5iwCEXTXsg36/2qB+NjT2NXvuT04jWXL0iM7Jj6XQvO8kiouaXfwAAAAAAAAAAAAAAAAAAAAAAAAAAAAAAAAAAAAAAAAAAAAAAAAAAAAA=
[2022-02-12T07:54:33.898095000Z DEBUG solana_bpf_loader_program] Program 4uQeVj5tqViQh7yWWGStvkEG1Zmhx6uasJtWCJziofM consumed 6381 of 200000 compute units
[2022-02-12T07:54:33.898161000Z DEBUG solana_program_runtime::stable_log] Program 4uQeVj5tqViQh7yWWGStvkEG1Zmhx6uasJtWCJziofM success
[2022-02-12T07:54:33.908454000Z DEBUG solana_program_runtime::stable_log] Program 4uQeVj5tqViQh7yWWGStvkEG1Zmhx6uasJtWCJziofM invoke [1]
[2022-02-12T07:54:33.908839000Z DEBUG solana_program_runtime::stable_log] Program log: Mango: CacheRootBanks
[2022-02-12T07:54:33.909496000Z DEBUG solana_program_runtime::stable_log] Program log: mango-log
[2022-02-12T07:54:33.910375000Z DEBUG solana_program_runtime::stable_log] Program log: IVXYca/Gfegg36/2qB+NjT2NXvuT04jWXL0iM7Jj6XQvO8kiouaXfwIAAAAAAAAAAAAAAA8AAAAAAAAAAgAAAAAAAAAAAEBCDwAAAAAAAAAAAAAAAABAQg8AAAAAAAAAAgAAAAAAAAAAAEBCDwAAAAAAAAAAAAAAAABAQg8AAAAAAAAA
[2022-02-12T07:54:33.910498000Z DEBUG solana_bpf_loader_program] Program 4uQeVj5tqViQh7yWWGStvkEG1Zmhx6uasJtWCJziofM consumed 5857 of 200000 compute units
[2022-02-12T07:54:33.910554000Z DEBUG solana_program_runtime::stable_log] Program 4uQeVj5tqViQh7yWWGStvkEG1Zmhx6uasJtWCJziofM success
[2022-02-12T07:54:33.919993000Z DEBUG solana_program_runtime::stable_log] Program 4uQeVj5tqViQh7yWWGStvkEG1Zmhx6uasJtWCJziofM invoke [1]
[2022-02-12T07:54:33.920318000Z DEBUG solana_program_runtime::stable_log] Program log: Mango: CachePerpMarkets
[2022-02-12T07:54:33.920704000Z DEBUG solana_program_runtime::stable_log] Program log: mango-log
[2022-02-12T07:54:33.921433000Z DEBUG solana_program_runtime::stable_log] Program log: 9lt9JxCzqw4g36/2qB+NjT2NXvuT04jWXL0iM7Jj6XQvO8kiouaXfwEAAAAAAAAAAAAAAAEAAAAAAAAAAAAAAAAAAAAAAAAAAQAAAAAAAAAAAAAAAAAAAAAAAAA=
[2022-02-12T07:54:33.921535000Z DEBUG solana_bpf_loader_program] Program 4uQeVj5tqViQh7yWWGStvkEG1Zmhx6uasJtWCJziofM consumed 4331 of 200000 compute units
[2022-02-12T07:54:33.921585000Z DEBUG solana_program_runtime::stable_log] Program 4uQeVj5tqViQh7yWWGStvkEG1Zmhx6uasJtWCJziofM success
[2022-02-12T07:54:33.953314000Z DEBUG solana_program_runtime::stable_log] Program 4uQeVj5tqViQh7yWWGStvkEG1Zmhx6uasJtWCJziofM invoke [1]
[2022-02-12T07:54:33.953664000Z DEBUG solana_program_runtime::stable_log] Program log: Mango: CachePrices
[2022-02-12T07:54:33.953987000Z DEBUG solana_program_runtime::stable_log] Program log: mango-log
[2022-02-12T07:54:33.954576000Z DEBUG solana_program_runtime::stable_log] Program log: ux0uSxX5tBsg36/2qB+NjT2NXvuT04jWXL0iM7Jj6XQvO8kiouaXfwEAAAAAAAAAAAAAAAEAAAAAAAAAAAAQJwAAAAAAAAAA
[2022-02-12T07:54:33.954678000Z DEBUG solana_bpf_loader_program] Program 4uQeVj5tqViQh7yWWGStvkEG1Zmhx6uasJtWCJziofM consumed 3669 of 200000 compute units
[2022-02-12T07:54:33.954733000Z DEBUG solana_program_runtime::stable_log] Program 4uQeVj5tqViQh7yWWGStvkEG1Zmhx6uasJtWCJziofM success
[2022-02-12T07:54:33.965555000Z DEBUG solana_program_runtime::stable_log] Program 4uQeVj5tqViQh7yWWGStvkEG1Zmhx6uasJtWCJziofM invoke [1]
[2022-02-12T07:54:33.965941000Z DEBUG solana_program_runtime::stable_log] Program log: Mango: UpdateRootBank
[2022-02-12T07:54:33.967696000Z DEBUG solana_program_runtime::stable_log] Program log: mango-log
[2022-02-12T07:54:33.968294000Z DEBUG solana_program_runtime::stable_log] Program log: 8HmBNKTUaLgg36/2qB+NjT2NXvuT04jWXL0iM7Jj6XQvO8kiouaXfwAAAAAAAAAAAAAAAAAAQEIPAAAAAAAAAAAAAAAAAEBCDwAAAAAAAAA=
[2022-02-12T07:54:33.968416000Z DEBUG solana_bpf_loader_program] Program 4uQeVj5tqViQh7yWWGStvkEG1Zmhx6uasJtWCJziofM consumed 8519 of 200000 compute units
[2022-02-12T07:54:33.968467000Z DEBUG solana_program_runtime::stable_log] Program 4uQeVj5tqViQh7yWWGStvkEG1Zmhx6uasJtWCJziofM success
[2022-02-12T07:54:33.978754000Z DEBUG solana_program_runtime::stable_log] Program 4uQeVj5tqViQh7yWWGStvkEG1Zmhx6uasJtWCJziofM invoke [1]
[2022-02-12T07:54:33.979199000Z DEBUG solana_program_runtime::stable_log] Program log: Mango: UpdateFunding
[2022-02-12T07:54:33.980287000Z DEBUG solana_program_runtime::stable_log] Program log: mango-log
[2022-02-12T07:54:33.980887000Z DEBUG solana_program_runtime::stable_log] Program log: ta5iwCEXTXsg36/2qB+NjT2NXvuT04jWXL0iM7Jj6XQvO8kiouaXfwAAAAAAAAAAAAAAAAAAAAAAAAAAAAAAAAAAAAAAAAAAAAAAAAAAAAA=
[2022-02-12T07:54:33.981037000Z DEBUG solana_bpf_loader_program] Program 4uQeVj5tqViQh7yWWGStvkEG1Zmhx6uasJtWCJziofM consumed 6381 of 200000 compute units
[2022-02-12T07:54:33.981102000Z DEBUG solana_program_runtime::stable_log] Program 4uQeVj5tqViQh7yWWGStvkEG1Zmhx6uasJtWCJziofM success
[2022-02-12T07:54:33.991360000Z DEBUG solana_program_runtime::stable_log] Program 4uQeVj5tqViQh7yWWGStvkEG1Zmhx6uasJtWCJziofM invoke [1]
[2022-02-12T07:54:33.991750000Z DEBUG solana_program_runtime::stable_log] Program log: Mango: CacheRootBanks
[2022-02-12T07:54:33.992409000Z DEBUG solana_program_runtime::stable_log] Program log: mango-log
[2022-02-12T07:54:33.993290000Z DEBUG solana_program_runtime::stable_log] Program log: IVXYca/Gfegg36/2qB+NjT2NXvuT04jWXL0iM7Jj6XQvO8kiouaXfwIAAAAAAAAAAAAAAA8AAAAAAAAAAgAAAAAAAAAAAEBCDwAAAAAAAAAAAAAAAABAQg8AAAAAAAAAAgAAAAAAAAAAAEBCDwAAAAAAAAAAAAAAAABAQg8AAAAAAAAA
[2022-02-12T07:54:33.993416000Z DEBUG solana_bpf_loader_program] Program 4uQeVj5tqViQh7yWWGStvkEG1Zmhx6uasJtWCJziofM consumed 5857 of 200000 compute units
[2022-02-12T07:54:33.993468000Z DEBUG solana_program_runtime::stable_log] Program 4uQeVj5tqViQh7yWWGStvkEG1Zmhx6uasJtWCJziofM success
[2022-02-12T07:54:34.003104000Z DEBUG solana_program_runtime::stable_log] Program 4uQeVj5tqViQh7yWWGStvkEG1Zmhx6uasJtWCJziofM invoke [1]
[2022-02-12T07:54:34.003428000Z DEBUG solana_program_runtime::stable_log] Program log: Mango: CachePerpMarkets
[2022-02-12T07:54:34.003814000Z DEBUG solana_program_runtime::stable_log] Program log: mango-log
[2022-02-12T07:54:34.004542000Z DEBUG solana_program_runtime::stable_log] Program log: 9lt9JxCzqw4g36/2qB+NjT2NXvuT04jWXL0iM7Jj6XQvO8kiouaXfwEAAAAAAAAAAAAAAAEAAAAAAAAAAAAAAAAAAAAAAAAAAQAAAAAAAAAAAAAAAAAAAAAAAAA=
[2022-02-12T07:54:34.004644000Z DEBUG solana_bpf_loader_program] Program 4uQeVj5tqViQh7yWWGStvkEG1Zmhx6uasJtWCJziofM consumed 4331 of 200000 compute units
[2022-02-12T07:54:34.004694000Z DEBUG solana_program_runtime::stable_log] Program 4uQeVj5tqViQh7yWWGStvkEG1Zmhx6uasJtWCJziofM success
[2022-02-12T07:54:34.019696000Z DEBUG solana_program_runtime::stable_log] Program 4uQeVj5tqViQh7yWWGStvkEG1Zmhx6uasJtWCJziofM invoke [1]
[2022-02-12T07:54:34.020818000Z DEBUG solana_program_runtime::stable_log] Program log: Mango: Withdraw
[2022-02-12T07:54:34.021485000Z DEBUG solana_program_runtime::stable_log] Program log: MangoErrorCode::InvalidOwner; src/processor.rs:1280
[2022-02-12T07:54:34.021832000Z DEBUG solana_bpf_loader_program] Program 4uQeVj5tqViQh7yWWGStvkEG1Zmhx6uasJtWCJziofM consumed 5523 of 200000 compute units
[2022-02-12T07:54:34.021891000Z DEBUG solana_program_runtime::stable_log] Program 4uQeVj5tqViQh7yWWGStvkEG1Zmhx6uasJtWCJziofM failed: custom program error: 0x1
[2022-02-12T07:54:34.034819000Z DEBUG solana_program_runtime::stable_log] Program 4uQeVj5tqViQh7yWWGStvkEG1Zmhx6uasJtWCJziofM invoke [1]
[2022-02-12T07:54:34.035215000Z DEBUG solana_program_runtime::stable_log] Program log: Mango: SetDelegate
[2022-02-12T07:54:34.035424000Z DEBUG solana_bpf_loader_program] Program 4uQeVj5tqViQh7yWWGStvkEG1Zmhx6uasJtWCJziofM consumed 1357 of 200000 compute units
[2022-02-12T07:54:34.035483000Z DEBUG solana_program_runtime::stable_log] Program 4uQeVj5tqViQh7yWWGStvkEG1Zmhx6uasJtWCJziofM success
[2022-02-12T07:54:34.065192000Z DEBUG solana_program_runtime::stable_log] Program 4uQeVj5tqViQh7yWWGStvkEG1Zmhx6uasJtWCJziofM invoke [1]
[2022-02-12T07:54:34.065550000Z DEBUG solana_program_runtime::stable_log] Program log: Mango: CachePrices
[2022-02-12T07:54:34.065874000Z DEBUG solana_program_runtime::stable_log] Program log: mango-log
[2022-02-12T07:54:34.066465000Z DEBUG solana_program_runtime::stable_log] Program log: ux0uSxX5tBsg36/2qB+NjT2NXvuT04jWXL0iM7Jj6XQvO8kiouaXfwEAAAAAAAAAAAAAAAEAAAAAAAAAAAAQJwAAAAAAAAAA
[2022-02-12T07:54:34.066568000Z DEBUG solana_bpf_loader_program] Program 4uQeVj5tqViQh7yWWGStvkEG1Zmhx6uasJtWCJziofM consumed 3669 of 200000 compute units
[2022-02-12T07:54:34.066627000Z DEBUG solana_program_runtime::stable_log] Program 4uQeVj5tqViQh7yWWGStvkEG1Zmhx6uasJtWCJziofM success
[2022-02-12T07:54:34.077414000Z DEBUG solana_program_runtime::stable_log] Program 4uQeVj5tqViQh7yWWGStvkEG1Zmhx6uasJtWCJziofM invoke [1]
[2022-02-12T07:54:34.077800000Z DEBUG solana_program_runtime::stable_log] Program log: Mango: UpdateRootBank
[2022-02-12T07:54:34.079551000Z DEBUG solana_program_runtime::stable_log] Program log: mango-log
[2022-02-12T07:54:34.080155000Z DEBUG solana_program_runtime::stable_log] Program log: 8HmBNKTUaLgg36/2qB+NjT2NXvuT04jWXL0iM7Jj6XQvO8kiouaXfwAAAAAAAAAAAAAAAAAAQEIPAAAAAAAAAAAAAAAAAEBCDwAAAAAAAAA=
[2022-02-12T07:54:34.080280000Z DEBUG solana_bpf_loader_program] Program 4uQeVj5tqViQh7yWWGStvkEG1Zmhx6uasJtWCJziofM consumed 8519 of 200000 compute units
[2022-02-12T07:54:34.080332000Z DEBUG solana_program_runtime::stable_log] Program 4uQeVj5tqViQh7yWWGStvkEG1Zmhx6uasJtWCJziofM success
[2022-02-12T07:54:34.090597000Z DEBUG solana_program_runtime::stable_log] Program 4uQeVj5tqViQh7yWWGStvkEG1Zmhx6uasJtWCJziofM invoke [1]
[2022-02-12T07:54:34.091035000Z DEBUG solana_program_runtime::stable_log] Program log: Mango: UpdateFunding
[2022-02-12T07:54:34.092122000Z DEBUG solana_program_runtime::stable_log] Program log: mango-log
[2022-02-12T07:54:34.092724000Z DEBUG solana_program_runtime::stable_log] Program log: ta5iwCEXTXsg36/2qB+NjT2NXvuT04jWXL0iM7Jj6XQvO8kiouaXfwAAAAAAAAAAAAAAAAAAAAAAAAAAAAAAAAAAAAAAAAAAAAAAAAAAAAA=
[2022-02-12T07:54:34.092872000Z DEBUG solana_bpf_loader_program] Program 4uQeVj5tqViQh7yWWGStvkEG1Zmhx6uasJtWCJziofM consumed 6381 of 200000 compute units
[2022-02-12T07:54:34.092937000Z DEBUG solana_program_runtime::stable_log] Program 4uQeVj5tqViQh7yWWGStvkEG1Zmhx6uasJtWCJziofM success
[2022-02-12T07:54:34.103276000Z DEBUG solana_program_runtime::stable_log] Program 4uQeVj5tqViQh7yWWGStvkEG1Zmhx6uasJtWCJziofM invoke [1]
[2022-02-12T07:54:34.103660000Z DEBUG solana_program_runtime::stable_log] Program log: Mango: CacheRootBanks
[2022-02-12T07:54:34.104323000Z DEBUG solana_program_runtime::stable_log] Program log: mango-log
[2022-02-12T07:54:34.105204000Z DEBUG solana_program_runtime::stable_log] Program log: IVXYca/Gfegg36/2qB+NjT2NXvuT04jWXL0iM7Jj6XQvO8kiouaXfwIAAAAAAAAAAAAAAA8AAAAAAAAAAgAAAAAAAAAAAEBCDwAAAAAAAAAAAAAAAABAQg8AAAAAAAAAAgAAAAAAAAAAAEBCDwAAAAAAAAAAAAAAAABAQg8AAAAAAAAA
[2022-02-12T07:54:34.105331000Z DEBUG solana_bpf_loader_program] Program 4uQeVj5tqViQh7yWWGStvkEG1Zmhx6uasJtWCJziofM consumed 5857 of 200000 compute units
[2022-02-12T07:54:34.105383000Z DEBUG solana_program_runtime::stable_log] Program 4uQeVj5tqViQh7yWWGStvkEG1Zmhx6uasJtWCJziofM success
[2022-02-12T07:54:34.114659000Z DEBUG solana_program_runtime::stable_log] Program 4uQeVj5tqViQh7yWWGStvkEG1Zmhx6uasJtWCJziofM invoke [1]
[2022-02-12T07:54:34.114984000Z DEBUG solana_program_runtime::stable_log] Program log: Mango: CachePerpMarkets
[2022-02-12T07:54:34.115374000Z DEBUG solana_program_runtime::stable_log] Program log: mango-log
[2022-02-12T07:54:34.116104000Z DEBUG solana_program_runtime::stable_log] Program log: 9lt9JxCzqw4g36/2qB+NjT2NXvuT04jWXL0iM7Jj6XQvO8kiouaXfwEAAAAAAAAAAAAAAAEAAAAAAAAAAAAAAAAAAAAAAAAAAQAAAAAAAAAAAAAAAAAAAAAAAAA=
[2022-02-12T07:54:34.116205000Z DEBUG solana_bpf_loader_program] Program 4uQeVj5tqViQh7yWWGStvkEG1Zmhx6uasJtWCJziofM consumed 4331 of 200000 compute units
[2022-02-12T07:54:34.116256000Z DEBUG solana_program_runtime::stable_log] Program 4uQeVj5tqViQh7yWWGStvkEG1Zmhx6uasJtWCJziofM success
[2022-02-12T07:54:34.137193000Z DEBUG solana_program_runtime::stable_log] Program 4uQeVj5tqViQh7yWWGStvkEG1Zmhx6uasJtWCJziofM invoke [1]
[2022-02-12T07:54:34.139109000Z DEBUG solana_program_runtime::stable_log] Program log: Mango: PlaceSpotOrder
[2022-02-12T07:54:34.139803000Z DEBUG solana_program_runtime::stable_log] Program log: MangoErrorCode::InvalidOwner; src/processor.rs:1616
[2022-02-12T07:54:34.140398000Z DEBUG solana_bpf_loader_program] Program 4uQeVj5tqViQh7yWWGStvkEG1Zmhx6uasJtWCJziofM consumed 8102 of 200000 compute units
[2022-02-12T07:54:34.140453000Z DEBUG solana_program_runtime::stable_log] Program 4uQeVj5tqViQh7yWWGStvkEG1Zmhx6uasJtWCJziofM failed: custom program error: 0x1
test test_delegate ... ok

test result: ok. 1 passed; 0 failed; 0 ignored; 0 measured; 0 filtered out; finished in 1.27s

     Running tests/test_deposit.rs (target/debug/deps/test_deposit-d739c473ca63cc24)

running 1 test
[2022-02-12T07:54:34.255142000Z INFO  solana_program_test] "mango" BPF program from /Users/mc/repos/mango-v3/target/deploy/mango.so, modified 1 hour, 39 minutes, 58 seconds, 537 ms, 775 µs and 245 ns ago
[2022-02-12T07:54:34.256471000Z INFO  solana_program_test] "serum_dex" BPF program from tests/fixtures/serum_dex.so, modified 1 month, 3 weeks, 6 days, 18 hours, 25 minutes, 38 seconds, 593 ms, 144 µs and 382 ns ago
[2022-02-12T07:54:34.413958000Z DEBUG solana_program_runtime::stable_log] Program 11111111111111111111111111111111 invoke [1]
[2022-02-12T07:54:34.414574000Z DEBUG solana_program_runtime::stable_log] Program 11111111111111111111111111111111 success
[2022-02-12T07:54:34.418867000Z DEBUG solana_program_runtime::stable_log] Program 11111111111111111111111111111111 invoke [1]
[2022-02-12T07:54:34.418927000Z DEBUG solana_program_runtime::stable_log] Program 11111111111111111111111111111111 success
[2022-02-12T07:54:34.423428000Z DEBUG solana_program_runtime::stable_log] Program 11111111111111111111111111111111 invoke [1]
[2022-02-12T07:54:34.423485000Z DEBUG solana_program_runtime::stable_log] Program 11111111111111111111111111111111 success
[2022-02-12T07:54:34.449280000Z DEBUG solana_program_runtime::stable_log] Program TokenkegQfeZyiNwAJbNbGKPFXCWuBvf9Ss623VQ5DA invoke [1]
[2022-02-12T07:54:34.450114000Z DEBUG solana_program_runtime::stable_log] Program log: Instruction: InitializeAccount
[2022-02-12T07:54:34.451149000Z DEBUG solana_bpf_loader_program] Program TokenkegQfeZyiNwAJbNbGKPFXCWuBvf9Ss623VQ5DA consumed 3411 of 200000 compute units
[2022-02-12T07:54:34.451240000Z DEBUG solana_program_runtime::stable_log] Program TokenkegQfeZyiNwAJbNbGKPFXCWuBvf9Ss623VQ5DA success
[2022-02-12T07:54:34.454715000Z DEBUG solana_program_runtime::stable_log] Program 11111111111111111111111111111111 invoke [1]
[2022-02-12T07:54:34.454767000Z DEBUG solana_program_runtime::stable_log] Program 11111111111111111111111111111111 success
[2022-02-12T07:54:34.459198000Z DEBUG solana_program_runtime::stable_log] Program 11111111111111111111111111111111 invoke [1]
[2022-02-12T07:54:34.459252000Z DEBUG solana_program_runtime::stable_log] Program 11111111111111111111111111111111 success
[2022-02-12T07:54:34.462849000Z DEBUG solana_program_runtime::stable_log] Program 11111111111111111111111111111111 invoke [1]
[2022-02-12T07:54:34.462906000Z DEBUG solana_program_runtime::stable_log] Program 11111111111111111111111111111111 success
[2022-02-12T07:54:34.470674000Z DEBUG solana_program_runtime::stable_log] Program TokenkegQfeZyiNwAJbNbGKPFXCWuBvf9Ss623VQ5DA invoke [1]
[2022-02-12T07:54:34.471163000Z DEBUG solana_program_runtime::stable_log] Program log: Instruction: InitializeAccount
[2022-02-12T07:54:34.472167000Z DEBUG solana_bpf_loader_program] Program TokenkegQfeZyiNwAJbNbGKPFXCWuBvf9Ss623VQ5DA consumed 3411 of 200000 compute units
[2022-02-12T07:54:34.472222000Z DEBUG solana_program_runtime::stable_log] Program TokenkegQfeZyiNwAJbNbGKPFXCWuBvf9Ss623VQ5DA success
[2022-02-12T07:54:34.475533000Z DEBUG solana_program_runtime::stable_log] Program 11111111111111111111111111111111 invoke [1]
[2022-02-12T07:54:34.475584000Z DEBUG solana_program_runtime::stable_log] Program 11111111111111111111111111111111 success
[2022-02-12T07:54:34.483241000Z DEBUG solana_program_runtime::stable_log] Program TokenkegQfeZyiNwAJbNbGKPFXCWuBvf9Ss623VQ5DA invoke [1]
[2022-02-12T07:54:34.483730000Z DEBUG solana_program_runtime::stable_log] Program log: Instruction: InitializeAccount
[2022-02-12T07:54:34.484732000Z DEBUG solana_bpf_loader_program] Program TokenkegQfeZyiNwAJbNbGKPFXCWuBvf9Ss623VQ5DA consumed 3411 of 200000 compute units
[2022-02-12T07:54:34.484796000Z DEBUG solana_program_runtime::stable_log] Program TokenkegQfeZyiNwAJbNbGKPFXCWuBvf9Ss623VQ5DA success
[2022-02-12T07:54:34.488414000Z DEBUG solana_program_runtime::stable_log] Program 11111111111111111111111111111111 invoke [1]
[2022-02-12T07:54:34.488465000Z DEBUG solana_program_runtime::stable_log] Program 11111111111111111111111111111111 success
[2022-02-12T07:54:34.496108000Z DEBUG solana_program_runtime::stable_log] Program TokenkegQfeZyiNwAJbNbGKPFXCWuBvf9Ss623VQ5DA invoke [1]
[2022-02-12T07:54:34.496596000Z DEBUG solana_program_runtime::stable_log] Program log: Instruction: InitializeAccount
[2022-02-12T07:54:34.497593000Z DEBUG solana_bpf_loader_program] Program TokenkegQfeZyiNwAJbNbGKPFXCWuBvf9Ss623VQ5DA consumed 3411 of 200000 compute units
[2022-02-12T07:54:34.497646000Z DEBUG solana_program_runtime::stable_log] Program TokenkegQfeZyiNwAJbNbGKPFXCWuBvf9Ss623VQ5DA success
[2022-02-12T07:54:34.606919000Z DEBUG solana_program_runtime::stable_log] Program 4uQeVj5tqViQh7yWWGStvkEG1Zmhx6uasJtWCJziofM invoke [1]
[2022-02-12T07:54:34.607801000Z DEBUG solana_program_runtime::stable_log] Program log: Mango: InitMangoGroup
[2022-02-12T07:54:34.612440000Z DEBUG solana_bpf_loader_program] Program 4uQeVj5tqViQh7yWWGStvkEG1Zmhx6uasJtWCJziofM consumed 13160 of 200000 compute units
[2022-02-12T07:54:34.612542000Z DEBUG solana_program_runtime::stable_log] Program 4uQeVj5tqViQh7yWWGStvkEG1Zmhx6uasJtWCJziofM success
[2022-02-12T07:54:34.617434000Z DEBUG solana_program_runtime::stable_log] Program 11111111111111111111111111111111 invoke [1]
[2022-02-12T07:54:34.617507000Z DEBUG solana_program_runtime::stable_log] Program 11111111111111111111111111111111 success
[2022-02-12T07:54:34.627201000Z DEBUG solana_program_runtime::stable_log] Program 4uQeVj5tqViQh7yWWGStvkEG1Zmhx6uasJtWCJziofM invoke [1]
[2022-02-12T07:54:34.627543000Z DEBUG solana_program_runtime::stable_log] Program log: Mango: AddOracle
[2022-02-12T07:54:34.627632000Z DEBUG solana_program_runtime::stable_log] Program log: OracleType: got unknown or stub
[2022-02-12T07:54:34.627967000Z DEBUG solana_bpf_loader_program] Program 4uQeVj5tqViQh7yWWGStvkEG1Zmhx6uasJtWCJziofM consumed 1865 of 200000 compute units
[2022-02-12T07:54:34.628027000Z DEBUG solana_program_runtime::stable_log] Program 4uQeVj5tqViQh7yWWGStvkEG1Zmhx6uasJtWCJziofM success
[2022-02-12T07:54:34.631199000Z DEBUG solana_program_runtime::stable_log] Program 11111111111111111111111111111111 invoke [1]
[2022-02-12T07:54:34.631254000Z DEBUG solana_program_runtime::stable_log] Program 11111111111111111111111111111111 success
[2022-02-12T07:54:34.642012000Z DEBUG solana_program_runtime::stable_log] Program 4uQeVj5tqViQh7yWWGStvkEG1Zmhx6uasJtWCJziofM invoke [1]
[2022-02-12T07:54:34.642343000Z DEBUG solana_program_runtime::stable_log] Program log: Mango: InitMangoAccount DEPRECATED
[2022-02-12T07:54:34.642728000Z DEBUG solana_bpf_loader_program] Program 4uQeVj5tqViQh7yWWGStvkEG1Zmhx6uasJtWCJziofM consumed 1828 of 200000 compute units
[2022-02-12T07:54:34.642786000Z DEBUG solana_program_runtime::stable_log] Program 4uQeVj5tqViQh7yWWGStvkEG1Zmhx6uasJtWCJziofM success
[2022-02-12T07:54:34.646269000Z DEBUG solana_program_runtime::stable_log] Program 11111111111111111111111111111111 invoke [1]
[2022-02-12T07:54:34.646321000Z DEBUG solana_program_runtime::stable_log] Program 11111111111111111111111111111111 success
[2022-02-12T07:54:34.657048000Z DEBUG solana_program_runtime::stable_log] Program 4uQeVj5tqViQh7yWWGStvkEG1Zmhx6uasJtWCJziofM invoke [1]
[2022-02-12T07:54:34.657377000Z DEBUG solana_program_runtime::stable_log] Program log: Mango: InitMangoAccount DEPRECATED
[2022-02-12T07:54:34.657758000Z DEBUG solana_bpf_loader_program] Program 4uQeVj5tqViQh7yWWGStvkEG1Zmhx6uasJtWCJziofM consumed 1828 of 200000 compute units
[2022-02-12T07:54:34.657811000Z DEBUG solana_program_runtime::stable_log] Program 4uQeVj5tqViQh7yWWGStvkEG1Zmhx6uasJtWCJziofM success
[2022-02-12T07:54:34.662844000Z DEBUG solana_program_runtime::stable_log] Program 11111111111111111111111111111111 invoke [1]
[2022-02-12T07:54:34.662897000Z DEBUG solana_program_runtime::stable_log] Program 11111111111111111111111111111111 success
[2022-02-12T07:54:34.670550000Z DEBUG solana_program_runtime::stable_log] Program TokenkegQfeZyiNwAJbNbGKPFXCWuBvf9Ss623VQ5DA invoke [1]
[2022-02-12T07:54:34.671046000Z DEBUG solana_program_runtime::stable_log] Program log: Instruction: InitializeAccount
[2022-02-12T07:54:34.672051000Z DEBUG solana_bpf_loader_program] Program TokenkegQfeZyiNwAJbNbGKPFXCWuBvf9Ss623VQ5DA consumed 3411 of 200000 compute units
[2022-02-12T07:54:34.672107000Z DEBUG solana_program_runtime::stable_log] Program TokenkegQfeZyiNwAJbNbGKPFXCWuBvf9Ss623VQ5DA success
[2022-02-12T07:54:34.675636000Z DEBUG solana_program_runtime::stable_log] Program 11111111111111111111111111111111 invoke [1]
[2022-02-12T07:54:34.675686000Z DEBUG solana_program_runtime::stable_log] Program 11111111111111111111111111111111 success
[2022-02-12T07:54:34.683359000Z DEBUG solana_program_runtime::stable_log] Program TokenkegQfeZyiNwAJbNbGKPFXCWuBvf9Ss623VQ5DA invoke [1]
[2022-02-12T07:54:34.683850000Z DEBUG solana_program_runtime::stable_log] Program log: Instruction: InitializeAccount
[2022-02-12T07:54:34.684851000Z DEBUG solana_bpf_loader_program] Program TokenkegQfeZyiNwAJbNbGKPFXCWuBvf9Ss623VQ5DA consumed 3411 of 200000 compute units
[2022-02-12T07:54:34.684904000Z DEBUG solana_program_runtime::stable_log] Program TokenkegQfeZyiNwAJbNbGKPFXCWuBvf9Ss623VQ5DA success
[2022-02-12T07:54:34.693549000Z DEBUG solana_program_runtime::stable_log] Program 11111111111111111111111111111111 invoke [1]
[2022-02-12T07:54:34.693602000Z DEBUG solana_program_runtime::stable_log] Program 11111111111111111111111111111111 success
[2022-02-12T07:54:34.693653000Z DEBUG solana_program_runtime::stable_log] Program 11111111111111111111111111111111 invoke [1]
[2022-02-12T07:54:34.693694000Z DEBUG solana_program_runtime::stable_log] Program 11111111111111111111111111111111 success
[2022-02-12T07:54:34.693741000Z DEBUG solana_program_runtime::stable_log] Program 11111111111111111111111111111111 invoke [1]
[2022-02-12T07:54:34.693823000Z DEBUG solana_program_runtime::stable_log] Program 11111111111111111111111111111111 success
[2022-02-12T07:54:34.694044000Z DEBUG solana_program_runtime::stable_log] Program 11111111111111111111111111111111 invoke [1]
[2022-02-12T07:54:34.694087000Z DEBUG solana_program_runtime::stable_log] Program 11111111111111111111111111111111 success
[2022-02-12T07:54:34.694144000Z DEBUG solana_program_runtime::stable_log] Program 11111111111111111111111111111111 invoke [1]
[2022-02-12T07:54:34.694186000Z DEBUG solana_program_runtime::stable_log] Program 11111111111111111111111111111111 success
[2022-02-12T07:54:34.730745000Z DEBUG solana_program_runtime::stable_log] Program 8opHzTAnfzRpPEx21XtnrVTX28YQuCpAjcn1PczScKh invoke [1]
[2022-02-12T07:54:34.735653000Z DEBUG solana_bpf_loader_program] Program 8opHzTAnfzRpPEx21XtnrVTX28YQuCpAjcn1PczScKh consumed 13661 of 200000 compute units
[2022-02-12T07:54:34.736037000Z DEBUG solana_program_runtime::stable_log] Program 8opHzTAnfzRpPEx21XtnrVTX28YQuCpAjcn1PczScKh success
[2022-02-12T07:54:34.743847000Z DEBUG solana_program_runtime::stable_log] Program 11111111111111111111111111111111 invoke [1]
[2022-02-12T07:54:34.743922000Z DEBUG solana_program_runtime::stable_log] Program 11111111111111111111111111111111 success
[2022-02-12T07:54:34.751621000Z DEBUG solana_program_runtime::stable_log] Program TokenkegQfeZyiNwAJbNbGKPFXCWuBvf9Ss623VQ5DA invoke [1]
[2022-02-12T07:54:34.752120000Z DEBUG solana_program_runtime::stable_log] Program log: Instruction: InitializeAccount
[2022-02-12T07:54:34.753123000Z DEBUG solana_bpf_loader_program] Program TokenkegQfeZyiNwAJbNbGKPFXCWuBvf9Ss623VQ5DA consumed 3411 of 200000 compute units
[2022-02-12T07:54:34.753184000Z DEBUG solana_program_runtime::stable_log] Program TokenkegQfeZyiNwAJbNbGKPFXCWuBvf9Ss623VQ5DA success
[2022-02-12T07:54:34.756312000Z DEBUG solana_program_runtime::stable_log] Program 11111111111111111111111111111111 invoke [1]
[2022-02-12T07:54:34.756360000Z DEBUG solana_program_runtime::stable_log] Program 11111111111111111111111111111111 success
[2022-02-12T07:54:34.759670000Z DEBUG solana_program_runtime::stable_log] Program 11111111111111111111111111111111 invoke [1]
[2022-02-12T07:54:34.759718000Z DEBUG solana_program_runtime::stable_log] Program 11111111111111111111111111111111 success
[2022-02-12T07:54:34.771336000Z DEBUG solana_program_runtime::stable_log] Program 4uQeVj5tqViQh7yWWGStvkEG1Zmhx6uasJtWCJziofM invoke [1]
[2022-02-12T07:54:34.772031000Z DEBUG solana_program_runtime::stable_log] Program log: Mango: AddSpotMarket
[2022-02-12T07:54:34.778078000Z DEBUG solana_bpf_loader_program] Program 4uQeVj5tqViQh7yWWGStvkEG1Zmhx6uasJtWCJziofM consumed 20512 of 200000 compute units
[2022-02-12T07:54:34.778164000Z DEBUG solana_program_runtime::stable_log] Program 4uQeVj5tqViQh7yWWGStvkEG1Zmhx6uasJtWCJziofM success
[2022-02-12T07:54:34.783242000Z DEBUG solana_program_runtime::stable_log] Program 11111111111111111111111111111111 invoke [1]
[2022-02-12T07:54:34.783298000Z DEBUG solana_program_runtime::stable_log] Program 11111111111111111111111111111111 success
[2022-02-12T07:54:34.786651000Z DEBUG solana_program_runtime::stable_log] Program 11111111111111111111111111111111 invoke [1]
[2022-02-12T07:54:34.786699000Z DEBUG solana_program_runtime::stable_log] Program 11111111111111111111111111111111 success
[2022-02-12T07:54:34.791142000Z DEBUG solana_program_runtime::stable_log] Program 11111111111111111111111111111111 invoke [1]
[2022-02-12T07:54:34.791196000Z DEBUG solana_program_runtime::stable_log] Program 11111111111111111111111111111111 success
[2022-02-12T07:54:34.794498000Z DEBUG solana_program_runtime::stable_log] Program 11111111111111111111111111111111 invoke [1]
[2022-02-12T07:54:34.794547000Z DEBUG solana_program_runtime::stable_log] Program 11111111111111111111111111111111 success
[2022-02-12T07:54:34.799271000Z DEBUG solana_program_runtime::stable_log] Program 11111111111111111111111111111111 invoke [1]
[2022-02-12T07:54:34.799321000Z DEBUG solana_program_runtime::stable_log] Program 11111111111111111111111111111111 success
[2022-02-12T07:54:34.807019000Z DEBUG solana_program_runtime::stable_log] Program TokenkegQfeZyiNwAJbNbGKPFXCWuBvf9Ss623VQ5DA invoke [1]
[2022-02-12T07:54:34.807512000Z DEBUG solana_program_runtime::stable_log] Program log: Instruction: InitializeAccount
[2022-02-12T07:54:34.808516000Z DEBUG solana_bpf_loader_program] Program TokenkegQfeZyiNwAJbNbGKPFXCWuBvf9Ss623VQ5DA consumed 3411 of 200000 compute units
[2022-02-12T07:54:34.808573000Z DEBUG solana_program_runtime::stable_log] Program TokenkegQfeZyiNwAJbNbGKPFXCWuBvf9Ss623VQ5DA success
[2022-02-12T07:54:34.819928000Z DEBUG solana_program_runtime::stable_log] Program 4uQeVj5tqViQh7yWWGStvkEG1Zmhx6uasJtWCJziofM invoke [1]
[2022-02-12T07:54:34.820565000Z DEBUG solana_program_runtime::stable_log] Program log: Mango: AddPerpMarket DEPRECATED
[2022-02-12T07:54:34.826595000Z DEBUG solana_bpf_loader_program] Program 4uQeVj5tqViQh7yWWGStvkEG1Zmhx6uasJtWCJziofM consumed 20524 of 200000 compute units
[2022-02-12T07:54:34.826677000Z DEBUG solana_program_runtime::stable_log] Program 4uQeVj5tqViQh7yWWGStvkEG1Zmhx6uasJtWCJziofM success
[2022-02-12T07:54:34.861646000Z DEBUG solana_program_runtime::stable_log] Program 4uQeVj5tqViQh7yWWGStvkEG1Zmhx6uasJtWCJziofM invoke [1]
[2022-02-12T07:54:34.862015000Z DEBUG solana_program_runtime::stable_log] Program log: Mango: CachePrices
[2022-02-12T07:54:34.862359000Z DEBUG solana_program_runtime::stable_log] Program log: mango-log
[2022-02-12T07:54:34.862959000Z DEBUG solana_program_runtime::stable_log] Program log: ux0uSxX5tBsg7TRlYm1aETKPfNDt44rGpAyF3tE8qdnJUrsPXqftNwEAAAAAAAAAAAAAAAEAAAAAAAAAAAAAAAAAAAAAAAAA
[2022-02-12T07:54:34.863064000Z DEBUG solana_bpf_loader_program] Program 4uQeVj5tqViQh7yWWGStvkEG1Zmhx6uasJtWCJziofM consumed 3669 of 200000 compute units
[2022-02-12T07:54:34.863124000Z DEBUG solana_program_runtime::stable_log] Program 4uQeVj5tqViQh7yWWGStvkEG1Zmhx6uasJtWCJziofM success
[2022-02-12T07:54:34.873923000Z DEBUG solana_program_runtime::stable_log] Program 4uQeVj5tqViQh7yWWGStvkEG1Zmhx6uasJtWCJziofM invoke [1]
[2022-02-12T07:54:34.874314000Z DEBUG solana_program_runtime::stable_log] Program log: Mango: UpdateRootBank
[2022-02-12T07:54:34.876071000Z DEBUG solana_program_runtime::stable_log] Program log: mango-log
[2022-02-12T07:54:34.876673000Z DEBUG solana_program_runtime::stable_log] Program log: 8HmBNKTUaLgg7TRlYm1aETKPfNDt44rGpAyF3tE8qdnJUrsPXqftNwAAAAAAAAAAAAAAAAAAQEIPAAAAAAAAAAAAAAAAAEBCDwAAAAAAAAA=
[2022-02-12T07:54:34.876795000Z DEBUG solana_bpf_loader_program] Program 4uQeVj5tqViQh7yWWGStvkEG1Zmhx6uasJtWCJziofM consumed 8523 of 200000 compute units
[2022-02-12T07:54:34.876850000Z DEBUG solana_program_runtime::stable_log] Program 4uQeVj5tqViQh7yWWGStvkEG1Zmhx6uasJtWCJziofM success
[2022-02-12T07:54:34.887244000Z DEBUG solana_program_runtime::stable_log] Program 4uQeVj5tqViQh7yWWGStvkEG1Zmhx6uasJtWCJziofM invoke [1]
[2022-02-12T07:54:34.887692000Z DEBUG solana_program_runtime::stable_log] Program log: Mango: UpdateFunding
[2022-02-12T07:54:34.888789000Z DEBUG solana_program_runtime::stable_log] Program log: mango-log
[2022-02-12T07:54:34.889394000Z DEBUG solana_program_runtime::stable_log] Program log: ta5iwCEXTXsg7TRlYm1aETKPfNDt44rGpAyF3tE8qdnJUrsPXqftNwAAAAAAAAAAAAAAAAAAAAAAAAAAAAAAAAAAAAAAAAAAAAAAAAAAAAA=
[2022-02-12T07:54:34.889538000Z DEBUG solana_bpf_loader_program] Program 4uQeVj5tqViQh7yWWGStvkEG1Zmhx6uasJtWCJziofM consumed 6381 of 200000 compute units
[2022-02-12T07:54:34.889607000Z DEBUG solana_program_runtime::stable_log] Program 4uQeVj5tqViQh7yWWGStvkEG1Zmhx6uasJtWCJziofM success
[2022-02-12T07:54:34.899868000Z DEBUG solana_program_runtime::stable_log] Program 4uQeVj5tqViQh7yWWGStvkEG1Zmhx6uasJtWCJziofM invoke [1]
[2022-02-12T07:54:34.900258000Z DEBUG solana_program_runtime::stable_log] Program log: Mango: CacheRootBanks
[2022-02-12T07:54:34.900915000Z DEBUG solana_program_runtime::stable_log] Program log: mango-log
[2022-02-12T07:54:34.901796000Z DEBUG solana_program_runtime::stable_log] Program log: IVXYca/Gfegg7TRlYm1aETKPfNDt44rGpAyF3tE8qdnJUrsPXqftNwIAAAAAAAAAAAAAAA8AAAAAAAAAAgAAAAAAAAAAAEBCDwAAAAAAAAAAAAAAAABAQg8AAAAAAAAAAgAAAAAAAAAAAEBCDwAAAAAAAAAAAAAAAABAQg8AAAAAAAAA
[2022-02-12T07:54:34.901928000Z DEBUG solana_bpf_loader_program] Program 4uQeVj5tqViQh7yWWGStvkEG1Zmhx6uasJtWCJziofM consumed 5857 of 200000 compute units
[2022-02-12T07:54:34.901982000Z DEBUG solana_program_runtime::stable_log] Program 4uQeVj5tqViQh7yWWGStvkEG1Zmhx6uasJtWCJziofM success
[2022-02-12T07:54:34.911345000Z DEBUG solana_program_runtime::stable_log] Program 4uQeVj5tqViQh7yWWGStvkEG1Zmhx6uasJtWCJziofM invoke [1]
[2022-02-12T07:54:34.911671000Z DEBUG solana_program_runtime::stable_log] Program log: Mango: CachePerpMarkets
[2022-02-12T07:54:34.912067000Z DEBUG solana_program_runtime::stable_log] Program log: mango-log
[2022-02-12T07:54:34.912794000Z DEBUG solana_program_runtime::stable_log] Program log: 9lt9JxCzqw4g7TRlYm1aETKPfNDt44rGpAyF3tE8qdnJUrsPXqftNwEAAAAAAAAAAAAAAAEAAAAAAAAAAAAAAAAAAAAAAAAAAQAAAAAAAAAAAAAAAAAAAAAAAAA=
[2022-02-12T07:54:34.912895000Z DEBUG solana_bpf_loader_program] Program 4uQeVj5tqViQh7yWWGStvkEG1Zmhx6uasJtWCJziofM consumed 4331 of 200000 compute units
[2022-02-12T07:54:34.912946000Z DEBUG solana_program_runtime::stable_log] Program 4uQeVj5tqViQh7yWWGStvkEG1Zmhx6uasJtWCJziofM success
[2022-02-12T07:54:34.926505000Z DEBUG solana_program_runtime::stable_log] Program 4uQeVj5tqViQh7yWWGStvkEG1Zmhx6uasJtWCJziofM invoke [1]
[2022-02-12T07:54:34.927167000Z DEBUG solana_program_runtime::stable_log] Program log: Mango: Deposit
[2022-02-12T07:54:34.935811000Z DEBUG solana_program_runtime::stable_log] Program TokenkegQfeZyiNwAJbNbGKPFXCWuBvf9Ss623VQ5DA invoke [2]
[2022-02-12T07:54:34.936242000Z DEBUG solana_program_runtime::stable_log] Program log: Instruction: Transfer
[2022-02-12T07:54:34.937138000Z DEBUG solana_bpf_loader_program] Program TokenkegQfeZyiNwAJbNbGKPFXCWuBvf9Ss623VQ5DA consumed 3121 of 194218 compute units
[2022-02-12T07:54:34.937198000Z DEBUG solana_program_runtime::stable_log] Program TokenkegQfeZyiNwAJbNbGKPFXCWuBvf9Ss623VQ5DA success
[2022-02-12T07:54:34.938645000Z DEBUG solana_program_runtime::stable_log] Program log: mango-log
[2022-02-12T07:54:34.939385000Z DEBUG solana_program_runtime::stable_log] Program log: F5qwwQsqqPQg7TRlYm1aETKPfNDt44rGpAyF3tE8qdnJUrsPXqftNzK4P/LYSqsITuZl5kX/mJySbmE7jdJ2PetvN6Womt9uDwAAAAAAAAAAAAAAAAAQJwAAAAAAAAAAAAAAAAAAAAAAAAAAAAAAAA==
[2022-02-12T07:54:34.939414000Z DEBUG solana_program_runtime::stable_log] Program log: mango-log
[2022-02-12T07:54:34.940212000Z DEBUG solana_program_runtime::stable_log] Program log: jbqo/GyNSF4g7TRlYm1aETKPfNDt44rGpAyF3tE8qdnJUrsPXqftNzK4P/LYSqsITuZl5kX/mJySbmE7jdJ2PetvN6Womt9uHYzS6qsGAxCKkSF4eiJwcj+aqXbA50AWS2rcK+0h8KkPAAAAAAAAAADkC1QCAAAA
[2022-02-12T07:54:34.940433000Z DEBUG solana_bpf_loader_program] Program 4uQeVj5tqViQh7yWWGStvkEG1Zmhx6uasJtWCJziofM consumed 18920 of 200000 compute units
[2022-02-12T07:54:34.940500000Z DEBUG solana_program_runtime::stable_log] Program 4uQeVj5tqViQh7yWWGStvkEG1Zmhx6uasJtWCJziofM success
[2022-02-12T07:54:34.970358000Z DEBUG solana_program_runtime::stable_log] Program 4uQeVj5tqViQh7yWWGStvkEG1Zmhx6uasJtWCJziofM invoke [1]
[2022-02-12T07:54:34.970711000Z DEBUG solana_program_runtime::stable_log] Program log: Mango: CachePrices
[2022-02-12T07:54:34.971037000Z DEBUG solana_program_runtime::stable_log] Program log: mango-log
[2022-02-12T07:54:34.971628000Z DEBUG solana_program_runtime::stable_log] Program log: ux0uSxX5tBsg7TRlYm1aETKPfNDt44rGpAyF3tE8qdnJUrsPXqftNwEAAAAAAAAAAAAAAAEAAAAAAAAAAAAAAAAAAAAAAAAA
[2022-02-12T07:54:34.971729000Z DEBUG solana_bpf_loader_program] Program 4uQeVj5tqViQh7yWWGStvkEG1Zmhx6uasJtWCJziofM consumed 3669 of 200000 compute units
[2022-02-12T07:54:34.971786000Z DEBUG solana_program_runtime::stable_log] Program 4uQeVj5tqViQh7yWWGStvkEG1Zmhx6uasJtWCJziofM success
[2022-02-12T07:54:34.982449000Z DEBUG solana_program_runtime::stable_log] Program 4uQeVj5tqViQh7yWWGStvkEG1Zmhx6uasJtWCJziofM invoke [1]
[2022-02-12T07:54:34.982839000Z DEBUG solana_program_runtime::stable_log] Program log: Mango: UpdateRootBank
[2022-02-12T07:54:34.984590000Z DEBUG solana_program_runtime::stable_log] Program log: mango-log
[2022-02-12T07:54:34.985192000Z DEBUG solana_program_runtime::stable_log] Program log: 8HmBNKTUaLgg7TRlYm1aETKPfNDt44rGpAyF3tE8qdnJUrsPXqftNwAAAAAAAAAAAAAAAAAAQEIPAAAAAAAAAAAAAAAAAEBCDwAAAAAAAAA=
[2022-02-12T07:54:34.985316000Z DEBUG solana_bpf_loader_program] Program 4uQeVj5tqViQh7yWWGStvkEG1Zmhx6uasJtWCJziofM consumed 8519 of 200000 compute units
[2022-02-12T07:54:34.985368000Z DEBUG solana_program_runtime::stable_log] Program 4uQeVj5tqViQh7yWWGStvkEG1Zmhx6uasJtWCJziofM success
[2022-02-12T07:54:34.995675000Z DEBUG solana_program_runtime::stable_log] Program 4uQeVj5tqViQh7yWWGStvkEG1Zmhx6uasJtWCJziofM invoke [1]
[2022-02-12T07:54:34.996118000Z DEBUG solana_program_runtime::stable_log] Program log: Mango: UpdateFunding
[2022-02-12T07:54:34.997204000Z DEBUG solana_program_runtime::stable_log] Program log: mango-log
[2022-02-12T07:54:34.997801000Z DEBUG solana_program_runtime::stable_log] Program log: ta5iwCEXTXsg7TRlYm1aETKPfNDt44rGpAyF3tE8qdnJUrsPXqftNwAAAAAAAAAAAAAAAAAAAAAAAAAAAAAAAAAAAAAAAAAAAAAAAAAAAAA=
[2022-02-12T07:54:34.997948000Z DEBUG solana_bpf_loader_program] Program 4uQeVj5tqViQh7yWWGStvkEG1Zmhx6uasJtWCJziofM consumed 6381 of 200000 compute units
[2022-02-12T07:54:34.998013000Z DEBUG solana_program_runtime::stable_log] Program 4uQeVj5tqViQh7yWWGStvkEG1Zmhx6uasJtWCJziofM success
[2022-02-12T07:54:35.008332000Z DEBUG solana_program_runtime::stable_log] Program 4uQeVj5tqViQh7yWWGStvkEG1Zmhx6uasJtWCJziofM invoke [1]
[2022-02-12T07:54:35.008718000Z DEBUG solana_program_runtime::stable_log] Program log: Mango: CacheRootBanks
[2022-02-12T07:54:35.009376000Z DEBUG solana_program_runtime::stable_log] Program log: mango-log
[2022-02-12T07:54:35.010257000Z DEBUG solana_program_runtime::stable_log] Program log: IVXYca/Gfegg7TRlYm1aETKPfNDt44rGpAyF3tE8qdnJUrsPXqftNwIAAAAAAAAAAAAAAA8AAAAAAAAAAgAAAAAAAAAAAEBCDwAAAAAAAAAAAAAAAABAQg8AAAAAAAAAAgAAAAAAAAAAAEBCDwAAAAAAAAAAAAAAAABAQg8AAAAAAAAA
[2022-02-12T07:54:35.010385000Z DEBUG solana_bpf_loader_program] Program 4uQeVj5tqViQh7yWWGStvkEG1Zmhx6uasJtWCJziofM consumed 5857 of 200000 compute units
[2022-02-12T07:54:35.010439000Z DEBUG solana_program_runtime::stable_log] Program 4uQeVj5tqViQh7yWWGStvkEG1Zmhx6uasJtWCJziofM success
[2022-02-12T07:54:35.019726000Z DEBUG solana_program_runtime::stable_log] Program 4uQeVj5tqViQh7yWWGStvkEG1Zmhx6uasJtWCJziofM invoke [1]
[2022-02-12T07:54:35.020049000Z DEBUG solana_program_runtime::stable_log] Program log: Mango: CachePerpMarkets
[2022-02-12T07:54:35.020436000Z DEBUG solana_program_runtime::stable_log] Program log: mango-log
[2022-02-12T07:54:35.021162000Z DEBUG solana_program_runtime::stable_log] Program log: 9lt9JxCzqw4g7TRlYm1aETKPfNDt44rGpAyF3tE8qdnJUrsPXqftNwEAAAAAAAAAAAAAAAEAAAAAAAAAAAAAAAAAAAAAAAAAAQAAAAAAAAAAAAAAAAAAAAAAAAA=
[2022-02-12T07:54:35.021263000Z DEBUG solana_bpf_loader_program] Program 4uQeVj5tqViQh7yWWGStvkEG1Zmhx6uasJtWCJziofM consumed 4331 of 200000 compute units
[2022-02-12T07:54:35.021315000Z DEBUG solana_program_runtime::stable_log] Program 4uQeVj5tqViQh7yWWGStvkEG1Zmhx6uasJtWCJziofM success
test test_deposit_succeeds ... ok

test result: ok. 1 passed; 0 failed; 0 ignored; 0 measured; 0 filtered out; finished in 0.85s

     Running tests/test_funding_rate.rs (target/debug/deps/test_funding_rate-39a8407ba26ba97c)

running 1 test
[2022-02-12T07:54:35.161404000Z INFO  solana_program_test] "mango" BPF program from /Users/mc/repos/mango-v3/target/deploy/mango.so, modified 1 hour, 39 minutes, 59 seconds, 443 ms, 980 µs and 245 ns ago
[2022-02-12T07:54:35.162908000Z INFO  solana_program_test] "serum_dex" BPF program from tests/fixtures/serum_dex.so, modified 1 month, 3 weeks, 6 days, 18 hours, 25 minutes, 39 seconds, 499 ms, 580 µs and 382 ns ago
[2022-02-12T07:54:35.322997000Z DEBUG solana_program_runtime::stable_log] Program 11111111111111111111111111111111 invoke [1]
[2022-02-12T07:54:35.323799000Z DEBUG solana_program_runtime::stable_log] Program 11111111111111111111111111111111 success
[2022-02-12T07:54:35.327818000Z DEBUG solana_program_runtime::stable_log] Program 11111111111111111111111111111111 invoke [1]
[2022-02-12T07:54:35.327875000Z DEBUG solana_program_runtime::stable_log] Program 11111111111111111111111111111111 success
[2022-02-12T07:54:35.332505000Z DEBUG solana_program_runtime::stable_log] Program 11111111111111111111111111111111 invoke [1]
[2022-02-12T07:54:35.332555000Z DEBUG solana_program_runtime::stable_log] Program 11111111111111111111111111111111 success
[2022-02-12T07:54:35.358385000Z DEBUG solana_program_runtime::stable_log] Program TokenkegQfeZyiNwAJbNbGKPFXCWuBvf9Ss623VQ5DA invoke [1]
[2022-02-12T07:54:35.359359000Z DEBUG solana_program_runtime::stable_log] Program log: Instruction: InitializeAccount
[2022-02-12T07:54:35.360383000Z DEBUG solana_bpf_loader_program] Program TokenkegQfeZyiNwAJbNbGKPFXCWuBvf9Ss623VQ5DA consumed 3411 of 200000 compute units
[2022-02-12T07:54:35.360462000Z DEBUG solana_program_runtime::stable_log] Program TokenkegQfeZyiNwAJbNbGKPFXCWuBvf9Ss623VQ5DA success
[2022-02-12T07:54:35.363871000Z DEBUG solana_program_runtime::stable_log] Program 11111111111111111111111111111111 invoke [1]
[2022-02-12T07:54:35.363926000Z DEBUG solana_program_runtime::stable_log] Program 11111111111111111111111111111111 success
[2022-02-12T07:54:35.367186000Z DEBUG solana_program_runtime::stable_log] Program 11111111111111111111111111111111 invoke [1]
[2022-02-12T07:54:35.367236000Z DEBUG solana_program_runtime::stable_log] Program 11111111111111111111111111111111 success
[2022-02-12T07:54:35.370732000Z DEBUG solana_program_runtime::stable_log] Program 11111111111111111111111111111111 invoke [1]
[2022-02-12T07:54:35.370789000Z DEBUG solana_program_runtime::stable_log] Program 11111111111111111111111111111111 success
[2022-02-12T07:54:35.378608000Z DEBUG solana_program_runtime::stable_log] Program TokenkegQfeZyiNwAJbNbGKPFXCWuBvf9Ss623VQ5DA invoke [1]
[2022-02-12T07:54:35.379096000Z DEBUG solana_program_runtime::stable_log] Program log: Instruction: InitializeAccount
[2022-02-12T07:54:35.380097000Z DEBUG solana_bpf_loader_program] Program TokenkegQfeZyiNwAJbNbGKPFXCWuBvf9Ss623VQ5DA consumed 3411 of 200000 compute units
[2022-02-12T07:54:35.380154000Z DEBUG solana_program_runtime::stable_log] Program TokenkegQfeZyiNwAJbNbGKPFXCWuBvf9Ss623VQ5DA success
[2022-02-12T07:54:35.383525000Z DEBUG solana_program_runtime::stable_log] Program 11111111111111111111111111111111 invoke [1]
[2022-02-12T07:54:35.383571000Z DEBUG solana_program_runtime::stable_log] Program 11111111111111111111111111111111 success
[2022-02-12T07:54:35.391255000Z DEBUG solana_program_runtime::stable_log] Program TokenkegQfeZyiNwAJbNbGKPFXCWuBvf9Ss623VQ5DA invoke [1]
[2022-02-12T07:54:35.391742000Z DEBUG solana_program_runtime::stable_log] Program log: Instruction: InitializeAccount
[2022-02-12T07:54:35.392744000Z DEBUG solana_bpf_loader_program] Program TokenkegQfeZyiNwAJbNbGKPFXCWuBvf9Ss623VQ5DA consumed 3411 of 200000 compute units
[2022-02-12T07:54:35.392797000Z DEBUG solana_program_runtime::stable_log] Program TokenkegQfeZyiNwAJbNbGKPFXCWuBvf9Ss623VQ5DA success
[2022-02-12T07:54:35.396371000Z DEBUG solana_program_runtime::stable_log] Program 11111111111111111111111111111111 invoke [1]
[2022-02-12T07:54:35.396419000Z DEBUG solana_program_runtime::stable_log] Program 11111111111111111111111111111111 success
[2022-02-12T07:54:35.404100000Z DEBUG solana_program_runtime::stable_log] Program TokenkegQfeZyiNwAJbNbGKPFXCWuBvf9Ss623VQ5DA invoke [1]
[2022-02-12T07:54:35.404589000Z DEBUG solana_program_runtime::stable_log] Program log: Instruction: InitializeAccount
[2022-02-12T07:54:35.405588000Z DEBUG solana_bpf_loader_program] Program TokenkegQfeZyiNwAJbNbGKPFXCWuBvf9Ss623VQ5DA consumed 3411 of 200000 compute units
[2022-02-12T07:54:35.405643000Z DEBUG solana_program_runtime::stable_log] Program TokenkegQfeZyiNwAJbNbGKPFXCWuBvf9Ss623VQ5DA success
[2022-02-12T07:54:35.514533000Z DEBUG solana_program_runtime::stable_log] Program 4uQeVj5tqViQh7yWWGStvkEG1Zmhx6uasJtWCJziofM invoke [1]
[2022-02-12T07:54:35.515424000Z DEBUG solana_program_runtime::stable_log] Program log: Mango: InitMangoGroup
[2022-02-12T07:54:35.519097000Z DEBUG solana_bpf_loader_program] Program 4uQeVj5tqViQh7yWWGStvkEG1Zmhx6uasJtWCJziofM consumed 13160 of 200000 compute units
[2022-02-12T07:54:35.519196000Z DEBUG solana_program_runtime::stable_log] Program 4uQeVj5tqViQh7yWWGStvkEG1Zmhx6uasJtWCJziofM success
[2022-02-12T07:54:35.523683000Z DEBUG solana_program_runtime::stable_log] Program 11111111111111111111111111111111 invoke [1]
[2022-02-12T07:54:35.523747000Z DEBUG solana_program_runtime::stable_log] Program 11111111111111111111111111111111 success
[2022-02-12T07:54:35.533396000Z DEBUG solana_program_runtime::stable_log] Program 4uQeVj5tqViQh7yWWGStvkEG1Zmhx6uasJtWCJziofM invoke [1]
[2022-02-12T07:54:35.533740000Z DEBUG solana_program_runtime::stable_log] Program log: Mango: AddOracle
[2022-02-12T07:54:35.533824000Z DEBUG solana_program_runtime::stable_log] Program log: OracleType: got unknown or stub
[2022-02-12T07:54:35.534159000Z DEBUG solana_bpf_loader_program] Program 4uQeVj5tqViQh7yWWGStvkEG1Zmhx6uasJtWCJziofM consumed 1865 of 200000 compute units
[2022-02-12T07:54:35.534217000Z DEBUG solana_program_runtime::stable_log] Program 4uQeVj5tqViQh7yWWGStvkEG1Zmhx6uasJtWCJziofM success
[2022-02-12T07:54:35.537570000Z DEBUG solana_program_runtime::stable_log] Program 11111111111111111111111111111111 invoke [1]
[2022-02-12T07:54:35.537618000Z DEBUG solana_program_runtime::stable_log] Program 11111111111111111111111111111111 success
[2022-02-12T07:54:35.548436000Z DEBUG solana_program_runtime::stable_log] Program 4uQeVj5tqViQh7yWWGStvkEG1Zmhx6uasJtWCJziofM invoke [1]
[2022-02-12T07:54:35.548763000Z DEBUG solana_program_runtime::stable_log] Program log: Mango: InitMangoAccount DEPRECATED
[2022-02-12T07:54:35.549150000Z DEBUG solana_bpf_loader_program] Program 4uQeVj5tqViQh7yWWGStvkEG1Zmhx6uasJtWCJziofM consumed 1828 of 200000 compute units
[2022-02-12T07:54:35.549205000Z DEBUG solana_program_runtime::stable_log] Program 4uQeVj5tqViQh7yWWGStvkEG1Zmhx6uasJtWCJziofM success
[2022-02-12T07:54:35.552638000Z DEBUG solana_program_runtime::stable_log] Program 11111111111111111111111111111111 invoke [1]
[2022-02-12T07:54:35.552695000Z DEBUG solana_program_runtime::stable_log] Program 11111111111111111111111111111111 success
[2022-02-12T07:54:35.563430000Z DEBUG solana_program_runtime::stable_log] Program 4uQeVj5tqViQh7yWWGStvkEG1Zmhx6uasJtWCJziofM invoke [1]
[2022-02-12T07:54:35.563760000Z DEBUG solana_program_runtime::stable_log] Program log: Mango: InitMangoAccount DEPRECATED
[2022-02-12T07:54:35.564147000Z DEBUG solana_bpf_loader_program] Program 4uQeVj5tqViQh7yWWGStvkEG1Zmhx6uasJtWCJziofM consumed 1828 of 200000 compute units
[2022-02-12T07:54:35.564205000Z DEBUG solana_program_runtime::stable_log] Program 4uQeVj5tqViQh7yWWGStvkEG1Zmhx6uasJtWCJziofM success
[2022-02-12T07:54:35.569008000Z DEBUG solana_program_runtime::stable_log] Program 11111111111111111111111111111111 invoke [1]
[2022-02-12T07:54:35.569060000Z DEBUG solana_program_runtime::stable_log] Program 11111111111111111111111111111111 success
[2022-02-12T07:54:35.576796000Z DEBUG solana_program_runtime::stable_log] Program TokenkegQfeZyiNwAJbNbGKPFXCWuBvf9Ss623VQ5DA invoke [1]
[2022-02-12T07:54:35.577286000Z DEBUG solana_program_runtime::stable_log] Program log: Instruction: InitializeAccount
[2022-02-12T07:54:35.578292000Z DEBUG solana_bpf_loader_program] Program TokenkegQfeZyiNwAJbNbGKPFXCWuBvf9Ss623VQ5DA consumed 3411 of 200000 compute units
[2022-02-12T07:54:35.578345000Z DEBUG solana_program_runtime::stable_log] Program TokenkegQfeZyiNwAJbNbGKPFXCWuBvf9Ss623VQ5DA success
[2022-02-12T07:54:35.581927000Z DEBUG solana_program_runtime::stable_log] Program 11111111111111111111111111111111 invoke [1]
[2022-02-12T07:54:35.581975000Z DEBUG solana_program_runtime::stable_log] Program 11111111111111111111111111111111 success
[2022-02-12T07:54:35.589669000Z DEBUG solana_program_runtime::stable_log] Program TokenkegQfeZyiNwAJbNbGKPFXCWuBvf9Ss623VQ5DA invoke [1]
[2022-02-12T07:54:35.590157000Z DEBUG solana_program_runtime::stable_log] Program log: Instruction: InitializeAccount
[2022-02-12T07:54:35.591156000Z DEBUG solana_bpf_loader_program] Program TokenkegQfeZyiNwAJbNbGKPFXCWuBvf9Ss623VQ5DA consumed 3411 of 200000 compute units
[2022-02-12T07:54:35.591213000Z DEBUG solana_program_runtime::stable_log] Program TokenkegQfeZyiNwAJbNbGKPFXCWuBvf9Ss623VQ5DA success
[2022-02-12T07:54:35.601027000Z DEBUG solana_program_runtime::stable_log] Program 11111111111111111111111111111111 invoke [1]
[2022-02-12T07:54:35.601084000Z DEBUG solana_program_runtime::stable_log] Program 11111111111111111111111111111111 success
[2022-02-12T07:54:35.601134000Z DEBUG solana_program_runtime::stable_log] Program 11111111111111111111111111111111 invoke [1]
[2022-02-12T07:54:35.601175000Z DEBUG solana_program_runtime::stable_log] Program 11111111111111111111111111111111 success
[2022-02-12T07:54:35.601222000Z DEBUG solana_program_runtime::stable_log] Program 11111111111111111111111111111111 invoke [1]
[2022-02-12T07:54:35.601370000Z DEBUG solana_program_runtime::stable_log] Program 11111111111111111111111111111111 success
[2022-02-12T07:54:35.601591000Z DEBUG solana_program_runtime::stable_log] Program 11111111111111111111111111111111 invoke [1]
[2022-02-12T07:54:35.601649000Z DEBUG solana_program_runtime::stable_log] Program 11111111111111111111111111111111 success
[2022-02-12T07:54:35.601707000Z DEBUG solana_program_runtime::stable_log] Program 11111111111111111111111111111111 invoke [1]
[2022-02-12T07:54:35.601749000Z DEBUG solana_program_runtime::stable_log] Program 11111111111111111111111111111111 success
[2022-02-12T07:54:35.638332000Z DEBUG solana_program_runtime::stable_log] Program 8opHzTAnfzRpPEx21XtnrVTX28YQuCpAjcn1PczScKh invoke [1]
[2022-02-12T07:54:35.643271000Z DEBUG solana_bpf_loader_program] Program 8opHzTAnfzRpPEx21XtnrVTX28YQuCpAjcn1PczScKh consumed 13661 of 200000 compute units
[2022-02-12T07:54:35.643613000Z DEBUG solana_program_runtime::stable_log] Program 8opHzTAnfzRpPEx21XtnrVTX28YQuCpAjcn1PczScKh success
[2022-02-12T07:54:35.653941000Z DEBUG solana_program_runtime::stable_log] Program 11111111111111111111111111111111 invoke [1]
[2022-02-12T07:54:35.654008000Z DEBUG solana_program_runtime::stable_log] Program 11111111111111111111111111111111 success
[2022-02-12T07:54:35.661797000Z DEBUG solana_program_runtime::stable_log] Program TokenkegQfeZyiNwAJbNbGKPFXCWuBvf9Ss623VQ5DA invoke [1]
[2022-02-12T07:54:35.662294000Z DEBUG solana_program_runtime::stable_log] Program log: Instruction: InitializeAccount
[2022-02-12T07:54:35.663296000Z DEBUG solana_bpf_loader_program] Program TokenkegQfeZyiNwAJbNbGKPFXCWuBvf9Ss623VQ5DA consumed 3411 of 200000 compute units
[2022-02-12T07:54:35.663352000Z DEBUG solana_program_runtime::stable_log] Program TokenkegQfeZyiNwAJbNbGKPFXCWuBvf9Ss623VQ5DA success
[2022-02-12T07:54:35.666493000Z DEBUG solana_program_runtime::stable_log] Program 11111111111111111111111111111111 invoke [1]
[2022-02-12T07:54:35.666538000Z DEBUG solana_program_runtime::stable_log] Program 11111111111111111111111111111111 success
[2022-02-12T07:54:35.669803000Z DEBUG solana_program_runtime::stable_log] Program 11111111111111111111111111111111 invoke [1]
[2022-02-12T07:54:35.669848000Z DEBUG solana_program_runtime::stable_log] Program 11111111111111111111111111111111 success
[2022-02-12T07:54:35.681453000Z DEBUG solana_program_runtime::stable_log] Program 4uQeVj5tqViQh7yWWGStvkEG1Zmhx6uasJtWCJziofM invoke [1]
[2022-02-12T07:54:35.682137000Z DEBUG solana_program_runtime::stable_log] Program log: Mango: AddSpotMarket
[2022-02-12T07:54:35.688139000Z DEBUG solana_bpf_loader_program] Program 4uQeVj5tqViQh7yWWGStvkEG1Zmhx6uasJtWCJziofM consumed 20512 of 200000 compute units
[2022-02-12T07:54:35.688223000Z DEBUG solana_program_runtime::stable_log] Program 4uQeVj5tqViQh7yWWGStvkEG1Zmhx6uasJtWCJziofM success
[2022-02-12T07:54:35.693248000Z DEBUG solana_program_runtime::stable_log] Program 11111111111111111111111111111111 invoke [1]
[2022-02-12T07:54:35.693303000Z DEBUG solana_program_runtime::stable_log] Program 11111111111111111111111111111111 success
[2022-02-12T07:54:35.696747000Z DEBUG solana_program_runtime::stable_log] Program 11111111111111111111111111111111 invoke [1]
[2022-02-12T07:54:35.696794000Z DEBUG solana_program_runtime::stable_log] Program 11111111111111111111111111111111 success
[2022-02-12T07:54:35.700092000Z DEBUG solana_program_runtime::stable_log] Program 11111111111111111111111111111111 invoke [1]
[2022-02-12T07:54:35.700141000Z DEBUG solana_program_runtime::stable_log] Program 11111111111111111111111111111111 success
[2022-02-12T07:54:35.703455000Z DEBUG solana_program_runtime::stable_log] Program 11111111111111111111111111111111 invoke [1]
[2022-02-12T07:54:35.703505000Z DEBUG solana_program_runtime::stable_log] Program 11111111111111111111111111111111 success
[2022-02-12T07:54:35.707050000Z DEBUG solana_program_runtime::stable_log] Program 11111111111111111111111111111111 invoke [1]
[2022-02-12T07:54:35.707095000Z DEBUG solana_program_runtime::stable_log] Program 11111111111111111111111111111111 success
[2022-02-12T07:54:35.714892000Z DEBUG solana_program_runtime::stable_log] Program TokenkegQfeZyiNwAJbNbGKPFXCWuBvf9Ss623VQ5DA invoke [1]
[2022-02-12T07:54:35.715411000Z DEBUG solana_program_runtime::stable_log] Program log: Instruction: InitializeAccount
[2022-02-12T07:54:35.716423000Z DEBUG solana_bpf_loader_program] Program TokenkegQfeZyiNwAJbNbGKPFXCWuBvf9Ss623VQ5DA consumed 3411 of 200000 compute units
[2022-02-12T07:54:35.716477000Z DEBUG solana_program_runtime::stable_log] Program TokenkegQfeZyiNwAJbNbGKPFXCWuBvf9Ss623VQ5DA success
[2022-02-12T07:54:35.727749000Z DEBUG solana_program_runtime::stable_log] Program 4uQeVj5tqViQh7yWWGStvkEG1Zmhx6uasJtWCJziofM invoke [1]
[2022-02-12T07:54:35.728384000Z DEBUG solana_program_runtime::stable_log] Program log: Mango: AddPerpMarket DEPRECATED
[2022-02-12T07:54:35.734414000Z DEBUG solana_bpf_loader_program] Program 4uQeVj5tqViQh7yWWGStvkEG1Zmhx6uasJtWCJziofM consumed 20524 of 200000 compute units
[2022-02-12T07:54:35.734490000Z DEBUG solana_program_runtime::stable_log] Program 4uQeVj5tqViQh7yWWGStvkEG1Zmhx6uasJtWCJziofM success
[2022-02-12T07:54:35.745659000Z DEBUG solana_program_runtime::stable_log] Program 4uQeVj5tqViQh7yWWGStvkEG1Zmhx6uasJtWCJziofM invoke [1]
[2022-02-12T07:54:35.746009000Z DEBUG solana_program_runtime::stable_log] Program log: Mango: SetOracle
[2022-02-12T07:54:35.746290000Z DEBUG solana_bpf_loader_program] Program 4uQeVj5tqViQh7yWWGStvkEG1Zmhx6uasJtWCJziofM consumed 1550 of 200000 compute units
[2022-02-12T07:54:35.746349000Z DEBUG solana_program_runtime::stable_log] Program 4uQeVj5tqViQh7yWWGStvkEG1Zmhx6uasJtWCJziofM success
[2022-02-12T07:54:35.776646000Z DEBUG solana_program_runtime::stable_log] Program 4uQeVj5tqViQh7yWWGStvkEG1Zmhx6uasJtWCJziofM invoke [1]
[2022-02-12T07:54:35.777026000Z DEBUG solana_program_runtime::stable_log] Program log: Mango: CachePrices
[2022-02-12T07:54:35.777363000Z DEBUG solana_program_runtime::stable_log] Program log: mango-log
[2022-02-12T07:54:35.777963000Z DEBUG solana_program_runtime::stable_log] Program log: ux0uSxX5tBuu+EG7GE1W8EGD3t/Xx69vsBuq4E+zX+rjK8+jz2o25QEAAAAAAAAAAAAAAAEAAAAAAAAAAAAQJwAAAAAAAAAA
[2022-02-12T07:54:35.778067000Z DEBUG solana_bpf_loader_program] Program 4uQeVj5tqViQh7yWWGStvkEG1Zmhx6uasJtWCJziofM consumed 3669 of 200000 compute units
[2022-02-12T07:54:35.778132000Z DEBUG solana_program_runtime::stable_log] Program 4uQeVj5tqViQh7yWWGStvkEG1Zmhx6uasJtWCJziofM success
[2022-02-12T07:54:35.789184000Z DEBUG solana_program_runtime::stable_log] Program 4uQeVj5tqViQh7yWWGStvkEG1Zmhx6uasJtWCJziofM invoke [1]
[2022-02-12T07:54:35.789581000Z DEBUG solana_program_runtime::stable_log] Program log: Mango: UpdateRootBank
[2022-02-12T07:54:35.791335000Z DEBUG solana_program_runtime::stable_log] Program log: mango-log
[2022-02-12T07:54:35.791940000Z DEBUG solana_program_runtime::stable_log] Program log: 8HmBNKTUaLiu+EG7GE1W8EGD3t/Xx69vsBuq4E+zX+rjK8+jz2o25QAAAAAAAAAAAAAAAAAAQEIPAAAAAAAAAAAAAAAAAEBCDwAAAAAAAAA=
[2022-02-12T07:54:35.792065000Z DEBUG solana_bpf_loader_program] Program 4uQeVj5tqViQh7yWWGStvkEG1Zmhx6uasJtWCJziofM consumed 8523 of 200000 compute units
[2022-02-12T07:54:35.792124000Z DEBUG solana_program_runtime::stable_log] Program 4uQeVj5tqViQh7yWWGStvkEG1Zmhx6uasJtWCJziofM success
[2022-02-12T07:54:35.802486000Z DEBUG solana_program_runtime::stable_log] Program 4uQeVj5tqViQh7yWWGStvkEG1Zmhx6uasJtWCJziofM invoke [1]
[2022-02-12T07:54:35.802928000Z DEBUG solana_program_runtime::stable_log] Program log: Mango: UpdateFunding
[2022-02-12T07:54:35.804021000Z DEBUG solana_program_runtime::stable_log] Program log: mango-log
[2022-02-12T07:54:35.804625000Z DEBUG solana_program_runtime::stable_log] Program log: ta5iwCEXTXuu+EG7GE1W8EGD3t/Xx69vsBuq4E+zX+rjK8+jz2o25QAAAAAAAAAAAAAAAAAAAAAAAAAAAAAAAAAAAAAAAAAAAAAAAAAAAAA=
[2022-02-12T07:54:35.804774000Z DEBUG solana_bpf_loader_program] Program 4uQeVj5tqViQh7yWWGStvkEG1Zmhx6uasJtWCJziofM consumed 6381 of 200000 compute units
[2022-02-12T07:54:35.804844000Z DEBUG solana_program_runtime::stable_log] Program 4uQeVj5tqViQh7yWWGStvkEG1Zmhx6uasJtWCJziofM success
[2022-02-12T07:54:35.815192000Z DEBUG solana_program_runtime::stable_log] Program 4uQeVj5tqViQh7yWWGStvkEG1Zmhx6uasJtWCJziofM invoke [1]
[2022-02-12T07:54:35.815593000Z DEBUG solana_program_runtime::stable_log] Program log: Mango: CacheRootBanks
[2022-02-12T07:54:35.816263000Z DEBUG solana_program_runtime::stable_log] Program log: mango-log
[2022-02-12T07:54:35.817146000Z DEBUG solana_program_runtime::stable_log] Program log: IVXYca/Gfeiu+EG7GE1W8EGD3t/Xx69vsBuq4E+zX+rjK8+jz2o25QIAAAAAAAAAAAAAAA8AAAAAAAAAAgAAAAAAAAAAAEBCDwAAAAAAAAAAAAAAAABAQg8AAAAAAAAAAgAAAAAAAAAAAEBCDwAAAAAAAAAAAAAAAABAQg8AAAAAAAAA
[2022-02-12T07:54:35.817281000Z DEBUG solana_bpf_loader_program] Program 4uQeVj5tqViQh7yWWGStvkEG1Zmhx6uasJtWCJziofM consumed 5857 of 200000 compute units
[2022-02-12T07:54:35.817335000Z DEBUG solana_program_runtime::stable_log] Program 4uQeVj5tqViQh7yWWGStvkEG1Zmhx6uasJtWCJziofM success
[2022-02-12T07:54:35.827862000Z DEBUG solana_program_runtime::stable_log] Program 4uQeVj5tqViQh7yWWGStvkEG1Zmhx6uasJtWCJziofM invoke [1]
[2022-02-12T07:54:35.828197000Z DEBUG solana_program_runtime::stable_log] Program log: Mango: CachePerpMarkets
[2022-02-12T07:54:35.828590000Z DEBUG solana_program_runtime::stable_log] Program log: mango-log
[2022-02-12T07:54:35.829320000Z DEBUG solana_program_runtime::stable_log] Program log: 9lt9JxCzqw6u+EG7GE1W8EGD3t/Xx69vsBuq4E+zX+rjK8+jz2o25QEAAAAAAAAAAAAAAAEAAAAAAAAAAAAAAAAAAAAAAAAAAQAAAAAAAAAAAAAAAAAAAAAAAAA=
[2022-02-12T07:54:35.829421000Z DEBUG solana_bpf_loader_program] Program 4uQeVj5tqViQh7yWWGStvkEG1Zmhx6uasJtWCJziofM consumed 4331 of 200000 compute units
[2022-02-12T07:54:35.829475000Z DEBUG solana_program_runtime::stable_log] Program 4uQeVj5tqViQh7yWWGStvkEG1Zmhx6uasJtWCJziofM success
[2022-02-12T07:54:35.843114000Z DEBUG solana_program_runtime::stable_log] Program 4uQeVj5tqViQh7yWWGStvkEG1Zmhx6uasJtWCJziofM invoke [1]
[2022-02-12T07:54:35.843778000Z DEBUG solana_program_runtime::stable_log] Program log: Mango: Deposit
[2022-02-12T07:54:35.852545000Z DEBUG solana_program_runtime::stable_log] Program TokenkegQfeZyiNwAJbNbGKPFXCWuBvf9Ss623VQ5DA invoke [2]
[2022-02-12T07:54:35.852971000Z DEBUG solana_program_runtime::stable_log] Program log: Instruction: Transfer
[2022-02-12T07:54:35.853867000Z DEBUG solana_bpf_loader_program] Program TokenkegQfeZyiNwAJbNbGKPFXCWuBvf9Ss623VQ5DA consumed 3121 of 194218 compute units
[2022-02-12T07:54:35.853922000Z DEBUG solana_program_runtime::stable_log] Program TokenkegQfeZyiNwAJbNbGKPFXCWuBvf9Ss623VQ5DA success
[2022-02-12T07:54:35.855378000Z DEBUG solana_program_runtime::stable_log] Program log: mango-log
[2022-02-12T07:54:35.856115000Z DEBUG solana_program_runtime::stable_log] Program log: F5qwwQsqqPSu+EG7GE1W8EGD3t/Xx69vsBuq4E+zX+rjK8+jz2o25SGoM+VdE9cMo1ZYDt+p7pYP4FsxhJ3tbtjqemoYNh2VDwAAAAAAAAAAAAAAAAAQJwAAAAAAAAAAAAAAAAAAAAAAAAAAAAAAAA==
[2022-02-12T07:54:35.856144000Z DEBUG solana_program_runtime::stable_log] Program log: mango-log
[2022-02-12T07:54:35.856948000Z DEBUG solana_program_runtime::stable_log] Program log: jbqo/GyNSF6u+EG7GE1W8EGD3t/Xx69vsBuq4E+zX+rjK8+jz2o25SGoM+VdE9cMo1ZYDt+p7pYP4FsxhJ3tbtjqemoYNh2VOdTDh4bOQOpVDu867P6bT7JbwP2KFQ60y9huPEI8O6kPAAAAAAAAAADkC1QCAAAA
[2022-02-12T07:54:35.857169000Z DEBUG solana_bpf_loader_program] Program 4uQeVj5tqViQh7yWWGStvkEG1Zmhx6uasJtWCJziofM consumed 18920 of 200000 compute units
[2022-02-12T07:54:35.857237000Z DEBUG solana_program_runtime::stable_log] Program 4uQeVj5tqViQh7yWWGStvkEG1Zmhx6uasJtWCJziofM success
[2022-02-12T07:54:35.870501000Z DEBUG solana_program_runtime::stable_log] Program 4uQeVj5tqViQh7yWWGStvkEG1Zmhx6uasJtWCJziofM invoke [1]
[2022-02-12T07:54:35.871166000Z DEBUG solana_program_runtime::stable_log] Program log: Mango: Deposit
[2022-02-12T07:54:35.879573000Z DEBUG solana_program_runtime::stable_log] Program TokenkegQfeZyiNwAJbNbGKPFXCWuBvf9Ss623VQ5DA invoke [2]
[2022-02-12T07:54:35.879998000Z DEBUG solana_program_runtime::stable_log] Program log: Instruction: Transfer
[2022-02-12T07:54:35.880894000Z DEBUG solana_bpf_loader_program] Program TokenkegQfeZyiNwAJbNbGKPFXCWuBvf9Ss623VQ5DA consumed 3121 of 194804 compute units
[2022-02-12T07:54:35.880951000Z DEBUG solana_program_runtime::stable_log] Program TokenkegQfeZyiNwAJbNbGKPFXCWuBvf9Ss623VQ5DA success
[2022-02-12T07:54:35.882195000Z DEBUG solana_program_runtime::stable_log] Program log: mango-log
[2022-02-12T07:54:35.882933000Z DEBUG solana_program_runtime::stable_log] Program log: F5qwwQsqqPSu+EG7GE1W8EGD3t/Xx69vsBuq4E+zX+rjK8+jz2o25STlfOCQTSk2iaWAqf+TS1zIne8Qg+PJR0yhOm01pC00AAAAAAAAAAAAAAAAAAABAAAAAAAAAAAAAAAAAAAAAAAAAAAAAAAAAA==
[2022-02-12T07:54:35.882961000Z DEBUG solana_program_runtime::stable_log] Program log: mango-log
[2022-02-12T07:54:35.883769000Z DEBUG solana_program_runtime::stable_log] Program log: jbqo/GyNSF6u+EG7GE1W8EGD3t/Xx69vsBuq4E+zX+rjK8+jz2o25STlfOCQTSk2iaWAqf+TS1zIne8Qg+PJR0yhOm01pC00JJI1VDRYFSYTpk3G2S7+83FhoK2UAr5+4xi4f5XWYD0AAAAAAAAAAEBCDwAAAAAA
[2022-02-12T07:54:35.883990000Z DEBUG solana_bpf_loader_program] Program 4uQeVj5tqViQh7yWWGStvkEG1Zmhx6uasJtWCJziofM consumed 17628 of 200000 compute units
[2022-02-12T07:54:35.884061000Z DEBUG solana_program_runtime::stable_log] Program 4uQeVj5tqViQh7yWWGStvkEG1Zmhx6uasJtWCJziofM success
[2022-02-12T07:54:35.914222000Z DEBUG solana_program_runtime::stable_log] Program 4uQeVj5tqViQh7yWWGStvkEG1Zmhx6uasJtWCJziofM invoke [1]
[2022-02-12T07:54:35.914580000Z DEBUG solana_program_runtime::stable_log] Program log: Mango: CachePrices
[2022-02-12T07:54:35.914914000Z DEBUG solana_program_runtime::stable_log] Program log: mango-log
[2022-02-12T07:54:35.915521000Z DEBUG solana_program_runtime::stable_log] Program log: ux0uSxX5tBuu+EG7GE1W8EGD3t/Xx69vsBuq4E+zX+rjK8+jz2o25QEAAAAAAAAAAAAAAAEAAAAAAAAAAAAQJwAAAAAAAAAA
[2022-02-12T07:54:35.915623000Z DEBUG solana_bpf_loader_program] Program 4uQeVj5tqViQh7yWWGStvkEG1Zmhx6uasJtWCJziofM consumed 3669 of 200000 compute units
[2022-02-12T07:54:35.915683000Z DEBUG solana_program_runtime::stable_log] Program 4uQeVj5tqViQh7yWWGStvkEG1Zmhx6uasJtWCJziofM success
[2022-02-12T07:54:35.926477000Z DEBUG solana_program_runtime::stable_log] Program 4uQeVj5tqViQh7yWWGStvkEG1Zmhx6uasJtWCJziofM invoke [1]
[2022-02-12T07:54:35.926866000Z DEBUG solana_program_runtime::stable_log] Program log: Mango: UpdateRootBank
[2022-02-12T07:54:35.928920000Z DEBUG solana_program_runtime::stable_log] Program log: mango-log
[2022-02-12T07:54:35.929516000Z DEBUG solana_program_runtime::stable_log] Program log: 8HmBNKTUaLiu+EG7GE1W8EGD3t/Xx69vsBuq4E+zX+rjK8+jz2o25QAAAAAAAAAAAAAAAAAAQEIPAAAAAAAAAAAAAAAAAEBCDwAAAAAAAAA=
[2022-02-12T07:54:35.929639000Z DEBUG solana_bpf_loader_program] Program 4uQeVj5tqViQh7yWWGStvkEG1Zmhx6uasJtWCJziofM consumed 9360 of 200000 compute units
[2022-02-12T07:54:35.929692000Z DEBUG solana_program_runtime::stable_log] Program 4uQeVj5tqViQh7yWWGStvkEG1Zmhx6uasJtWCJziofM success
[2022-02-12T07:54:35.939657000Z DEBUG solana_program_runtime::stable_log] Program 4uQeVj5tqViQh7yWWGStvkEG1Zmhx6uasJtWCJziofM invoke [1]
[2022-02-12T07:54:35.940097000Z DEBUG solana_program_runtime::stable_log] Program log: Mango: UpdateFunding
[2022-02-12T07:54:35.941185000Z DEBUG solana_program_runtime::stable_log] Program log: mango-log
[2022-02-12T07:54:35.941784000Z DEBUG solana_program_runtime::stable_log] Program log: ta5iwCEXTXuu+EG7GE1W8EGD3t/Xx69vsBuq4E+zX+rjK8+jz2o25QAAAAAAAAAAAAAAAAAAAAAAAAAAAAAAAAAAAAAAAAAAAAAAAAAAAAA=
[2022-02-12T07:54:35.941931000Z DEBUG solana_bpf_loader_program] Program 4uQeVj5tqViQh7yWWGStvkEG1Zmhx6uasJtWCJziofM consumed 6381 of 200000 compute units
[2022-02-12T07:54:35.941995000Z DEBUG solana_program_runtime::stable_log] Program 4uQeVj5tqViQh7yWWGStvkEG1Zmhx6uasJtWCJziofM success
[2022-02-12T07:54:35.952384000Z DEBUG solana_program_runtime::stable_log] Program 4uQeVj5tqViQh7yWWGStvkEG1Zmhx6uasJtWCJziofM invoke [1]
[2022-02-12T07:54:35.952775000Z DEBUG solana_program_runtime::stable_log] Program log: Mango: CacheRootBanks
[2022-02-12T07:54:35.953433000Z DEBUG solana_program_runtime::stable_log] Program log: mango-log
[2022-02-12T07:54:35.954318000Z DEBUG solana_program_runtime::stable_log] Program log: IVXYca/Gfeiu+EG7GE1W8EGD3t/Xx69vsBuq4E+zX+rjK8+jz2o25QIAAAAAAAAAAAAAAA8AAAAAAAAAAgAAAAAAAAAAAEBCDwAAAAAAAAAAAAAAAABAQg8AAAAAAAAAAgAAAAAAAAAAAEBCDwAAAAAAAAAAAAAAAABAQg8AAAAAAAAA
[2022-02-12T07:54:35.954442000Z DEBUG solana_bpf_loader_program] Program 4uQeVj5tqViQh7yWWGStvkEG1Zmhx6uasJtWCJziofM consumed 5857 of 200000 compute units
[2022-02-12T07:54:35.954496000Z DEBUG solana_program_runtime::stable_log] Program 4uQeVj5tqViQh7yWWGStvkEG1Zmhx6uasJtWCJziofM success
[2022-02-12T07:54:35.963845000Z DEBUG solana_program_runtime::stable_log] Program 4uQeVj5tqViQh7yWWGStvkEG1Zmhx6uasJtWCJziofM invoke [1]
[2022-02-12T07:54:35.964173000Z DEBUG solana_program_runtime::stable_log] Program log: Mango: CachePerpMarkets
[2022-02-12T07:54:35.964561000Z DEBUG solana_program_runtime::stable_log] Program log: mango-log
[2022-02-12T07:54:35.965284000Z DEBUG solana_program_runtime::stable_log] Program log: 9lt9JxCzqw6u+EG7GE1W8EGD3t/Xx69vsBuq4E+zX+rjK8+jz2o25QEAAAAAAAAAAAAAAAEAAAAAAAAAAAAAAAAAAAAAAAAAAQAAAAAAAAAAAAAAAAAAAAAAAAA=
[2022-02-12T07:54:35.965386000Z DEBUG solana_bpf_loader_program] Program 4uQeVj5tqViQh7yWWGStvkEG1Zmhx6uasJtWCJziofM consumed 4331 of 200000 compute units
[2022-02-12T07:54:35.965438000Z DEBUG solana_program_runtime::stable_log] Program 4uQeVj5tqViQh7yWWGStvkEG1Zmhx6uasJtWCJziofM success
[2022-02-12T07:54:35.980960000Z DEBUG solana_program_runtime::stable_log] Program 4uQeVj5tqViQh7yWWGStvkEG1Zmhx6uasJtWCJziofM invoke [1]
[2022-02-12T07:54:35.982138000Z DEBUG solana_program_runtime::stable_log] Program log: Mango: PlacePerpOrder client_order_id=10000
[2022-02-12T07:54:35.986625000Z DEBUG solana_program_runtime::stable_log] Program log: ask on book order_id=1844674407370955161600001 quantity=10000 price=100000
[2022-02-12T07:54:35.987447000Z DEBUG solana_bpf_loader_program] Program 4uQeVj5tqViQh7yWWGStvkEG1Zmhx6uasJtWCJziofM consumed 19343 of 200000 compute units
[2022-02-12T07:54:35.987529000Z DEBUG solana_program_runtime::stable_log] Program 4uQeVj5tqViQh7yWWGStvkEG1Zmhx6uasJtWCJziofM success
[2022-02-12T07:54:36.001632000Z DEBUG solana_program_runtime::stable_log] Program 4uQeVj5tqViQh7yWWGStvkEG1Zmhx6uasJtWCJziofM invoke [1]
[2022-02-12T07:54:36.002808000Z DEBUG solana_program_runtime::stable_log] Program log: Mango: PlacePerpOrder client_order_id=10001
[2022-02-12T07:54:36.007213000Z DEBUG solana_program_runtime::stable_log] Program log: mango-log
[2022-02-12T07:54:36.008166000Z DEBUG solana_program_runtime::stable_log] Program log: hz686jV+Ltmu+EG7GE1W8EGD3t/Xx69vsBuq4E+zX+rjK8+jz2o25SGoM+VdE9cMo1ZYDt+p7pYP4FsxhJ3tbtjqemoYNh2VAAAAAAAAAAAAAAAAAAAAAABUvfn+//8eCvr///////8AAAAAAAAAAAAAAAAAAAAAAAAAAAAAAAAAAAAAAAAAAAAAAAAAAAAAAAAAAAAAAAAAAAAAAAAAAAAAAAAAAAAA
[2022-02-12T07:54:36.008918000Z DEBUG solana_bpf_loader_program] Program 4uQeVj5tqViQh7yWWGStvkEG1Zmhx6uasJtWCJziofM consumed 22058 of 200000 compute units
[2022-02-12T07:54:36.008998000Z DEBUG solana_program_runtime::stable_log] Program 4uQeVj5tqViQh7yWWGStvkEG1Zmhx6uasJtWCJziofM success
[2022-02-12T07:54:36.039692000Z DEBUG solana_program_runtime::stable_log] Program 4uQeVj5tqViQh7yWWGStvkEG1Zmhx6uasJtWCJziofM invoke [1]
[2022-02-12T07:54:36.040083000Z DEBUG solana_program_runtime::stable_log] Program log: Mango: CachePrices
[2022-02-12T07:54:36.040420000Z DEBUG solana_program_runtime::stable_log] Program log: mango-log
[2022-02-12T07:54:36.041020000Z DEBUG solana_program_runtime::stable_log] Program log: ux0uSxX5tBuu+EG7GE1W8EGD3t/Xx69vsBuq4E+zX+rjK8+jz2o25QEAAAAAAAAAAAAAAAEAAAAAAAAAAAAQJwAAAAAAAAAA
[2022-02-12T07:54:36.041122000Z DEBUG solana_bpf_loader_program] Program 4uQeVj5tqViQh7yWWGStvkEG1Zmhx6uasJtWCJziofM consumed 3669 of 200000 compute units
[2022-02-12T07:54:36.041184000Z DEBUG solana_program_runtime::stable_log] Program 4uQeVj5tqViQh7yWWGStvkEG1Zmhx6uasJtWCJziofM success
[2022-02-12T07:54:36.051940000Z DEBUG solana_program_runtime::stable_log] Program 4uQeVj5tqViQh7yWWGStvkEG1Zmhx6uasJtWCJziofM invoke [1]
[2022-02-12T07:54:36.052353000Z DEBUG solana_program_runtime::stable_log] Program log: Mango: UpdateRootBank
[2022-02-12T07:54:36.054426000Z DEBUG solana_program_runtime::stable_log] Program log: mango-log
[2022-02-12T07:54:36.055031000Z DEBUG solana_program_runtime::stable_log] Program log: 8HmBNKTUaLiu+EG7GE1W8EGD3t/Xx69vsBuq4E+zX+rjK8+jz2o25QAAAAAAAAAAAAAAAAAAQEIPAAAAAAAAAAAAAAAAAEBCDwAAAAAAAAA=
[2022-02-12T07:54:36.055154000Z DEBUG solana_bpf_loader_program] Program 4uQeVj5tqViQh7yWWGStvkEG1Zmhx6uasJtWCJziofM consumed 9360 of 200000 compute units
[2022-02-12T07:54:36.055210000Z DEBUG solana_program_runtime::stable_log] Program 4uQeVj5tqViQh7yWWGStvkEG1Zmhx6uasJtWCJziofM success
[2022-02-12T07:54:36.066361000Z DEBUG solana_program_runtime::stable_log] Program 4uQeVj5tqViQh7yWWGStvkEG1Zmhx6uasJtWCJziofM invoke [1]
[2022-02-12T07:54:36.066808000Z DEBUG solana_program_runtime::stable_log] Program log: Mango: UpdateFunding
[2022-02-12T07:54:36.067899000Z DEBUG solana_program_runtime::stable_log] Program log: mango-log
[2022-02-12T07:54:36.068502000Z DEBUG solana_program_runtime::stable_log] Program log: ta5iwCEXTXuu+EG7GE1W8EGD3t/Xx69vsBuq4E+zX+rjK8+jz2o25QAAAAAAAAAAAAAAAAAAAAAAAAAAAAAAAAAAAAAAAAAAAAAAAAAAAAA=
[2022-02-12T07:54:36.068649000Z DEBUG solana_bpf_loader_program] Program 4uQeVj5tqViQh7yWWGStvkEG1Zmhx6uasJtWCJziofM consumed 6381 of 200000 compute units
[2022-02-12T07:54:36.068716000Z DEBUG solana_program_runtime::stable_log] Program 4uQeVj5tqViQh7yWWGStvkEG1Zmhx6uasJtWCJziofM success
[2022-02-12T07:54:36.078974000Z DEBUG solana_program_runtime::stable_log] Program 4uQeVj5tqViQh7yWWGStvkEG1Zmhx6uasJtWCJziofM invoke [1]
[2022-02-12T07:54:36.079362000Z DEBUG solana_program_runtime::stable_log] Program log: Mango: CacheRootBanks
[2022-02-12T07:54:36.080020000Z DEBUG solana_program_runtime::stable_log] Program log: mango-log
[2022-02-12T07:54:36.080902000Z DEBUG solana_program_runtime::stable_log] Program log: IVXYca/Gfeiu+EG7GE1W8EGD3t/Xx69vsBuq4E+zX+rjK8+jz2o25QIAAAAAAAAAAAAAAA8AAAAAAAAAAgAAAAAAAAAAAEBCDwAAAAAAAAAAAAAAAABAQg8AAAAAAAAAAgAAAAAAAAAAAEBCDwAAAAAAAAAAAAAAAABAQg8AAAAAAAAA
[2022-02-12T07:54:36.081029000Z DEBUG solana_bpf_loader_program] Program 4uQeVj5tqViQh7yWWGStvkEG1Zmhx6uasJtWCJziofM consumed 5857 of 200000 compute units
[2022-02-12T07:54:36.081082000Z DEBUG solana_program_runtime::stable_log] Program 4uQeVj5tqViQh7yWWGStvkEG1Zmhx6uasJtWCJziofM success
[2022-02-12T07:54:36.090429000Z DEBUG solana_program_runtime::stable_log] Program 4uQeVj5tqViQh7yWWGStvkEG1Zmhx6uasJtWCJziofM invoke [1]
[2022-02-12T07:54:36.090767000Z DEBUG solana_program_runtime::stable_log] Program log: Mango: CachePerpMarkets
[2022-02-12T07:54:36.091155000Z DEBUG solana_program_runtime::stable_log] Program log: mango-log
[2022-02-12T07:54:36.091880000Z DEBUG solana_program_runtime::stable_log] Program log: 9lt9JxCzqw6u+EG7GE1W8EGD3t/Xx69vsBuq4E+zX+rjK8+jz2o25QEAAAAAAAAAAAAAAAEAAAAAAAAAAAAAAAAAAAAAAAAAAQAAAAAAAAAAAAAAAAAAAAAAAAA=
[2022-02-12T07:54:36.091980000Z DEBUG solana_bpf_loader_program] Program 4uQeVj5tqViQh7yWWGStvkEG1Zmhx6uasJtWCJziofM consumed 4331 of 200000 compute units
[2022-02-12T07:54:36.092032000Z DEBUG solana_program_runtime::stable_log] Program 4uQeVj5tqViQh7yWWGStvkEG1Zmhx6uasJtWCJziofM success
[2022-02-12T07:54:36.103504000Z DEBUG solana_program_runtime::stable_log] Program 4uQeVj5tqViQh7yWWGStvkEG1Zmhx6uasJtWCJziofM invoke [1]
[2022-02-12T07:54:36.104155000Z DEBUG solana_program_runtime::stable_log] Program log: Mango: ConsumeEvents limit=3
[2022-02-12T07:54:36.105976000Z DEBUG solana_program_runtime::stable_log] Program log: mango-log
[2022-02-12T07:54:36.106623000Z DEBUG solana_program_runtime::stable_log] Program log: 9qpXciJ+y8Su+EG7GE1W8EGD3t/Xx69vsBuq4E+zX+rjK8+jz2o25STlfOCQTSk2iaWAqf+TS1zIne8Qg+PJR0yhOm01pC00AAAAAAAAAAAAAAAAAAAAAA==
[2022-02-12T07:54:36.106664000Z DEBUG solana_program_runtime::stable_log] Program log: mango-log
[2022-02-12T07:54:36.107658000Z DEBUG solana_program_runtime::stable_log] Program log: hz686jV+Ltmu+EG7GE1W8EGD3t/Xx69vsBuq4E+zX+rjK8+jz2o25STlfOCQTSk2iaWAqf+TS1zIne8Qg+PJR0yhOm01pC00AAAAAAAAAADw2P///////wBUvfn+//8CFk4CAAAAAAAAAAAAAAAAAAAAAAAAAAAAAAAAAAAAAAAAAAAAAAAAAAAAAAAAAAAAAAAAAAAAAAAAAAAAAAAAAAAAAAAAAAAA
[2022-02-12T07:54:36.107700000Z DEBUG solana_program_runtime::stable_log] Program log: mango-log
[2022-02-12T07:54:36.108691000Z DEBUG solana_program_runtime::stable_log] Program log: hz686jV+Ltmu+EG7GE1W8EGD3t/Xx69vsBuq4E+zX+rjK8+jz2o25SGoM+VdE9cMo1ZYDt+p7pYP4FsxhJ3tbtjqemoYNh2VAAAAAAAAAAAQJwAAAAAAAABUvfn+//86/qX9//////8AAAAAAAAAAAAAAAAAAAAAAAAAAAAAAAAAAAAAAAAAAAAAAAAAAAAAAAAAAAAAAAAAAAAAAAAAAAAAAAAAAAAA
[2022-02-12T07:54:36.108722000Z DEBUG solana_program_runtime::stable_log] Program log: mango-log
[2022-02-12T07:54:36.109863000Z DEBUG solana_program_runtime::stable_log] Program log: lhcplJii10Cu+EG7GE1W8EGD3t/Xx69vsBuq4E+zX+rjK8+jz2o25QAAAAAAAAAAAAABu2cHYgAAAAAAAAAAAAAAACTlfOCQTSk2iaWAqf+TS1zIne8Qg+PJR0yhOm01pC00AQAAAAAAAACghgEAAAAAABAnAAAAAAAAw/UoXI8CAAAAAAAAAAAAAKCGAQAAAAAAu2cHYgAAAAAhqDPlXRPXDKNWWA7fqe6WD+BbMYSd7W7Y6npqGDYdlf3/////////oIYBAAAAAAARJwAAAAAAAMP1KFyPAgAAAAAAAAAAAACghgEAAAAAABAnAAAAAAAA
[2022-02-12T07:54:36.110040000Z DEBUG solana_bpf_loader_program] Program 4uQeVj5tqViQh7yWWGStvkEG1Zmhx6uasJtWCJziofM consumed 19818 of 200000 compute units
[2022-02-12T07:54:36.110103000Z DEBUG solana_program_runtime::stable_log] Program 4uQeVj5tqViQh7yWWGStvkEG1Zmhx6uasJtWCJziofM success
[2022-02-12T07:54:36.141020000Z DEBUG solana_program_runtime::stable_log] Program 4uQeVj5tqViQh7yWWGStvkEG1Zmhx6uasJtWCJziofM invoke [1]
[2022-02-12T07:54:36.141381000Z DEBUG solana_program_runtime::stable_log] Program log: Mango: CachePrices
[2022-02-12T07:54:36.141705000Z DEBUG solana_program_runtime::stable_log] Program log: mango-log
[2022-02-12T07:54:36.142295000Z DEBUG solana_program_runtime::stable_log] Program log: ux0uSxX5tBuu+EG7GE1W8EGD3t/Xx69vsBuq4E+zX+rjK8+jz2o25QEAAAAAAAAAAAAAAAEAAAAAAAAAAAAQJwAAAAAAAAAA
[2022-02-12T07:54:36.142400000Z DEBUG solana_bpf_loader_program] Program 4uQeVj5tqViQh7yWWGStvkEG1Zmhx6uasJtWCJziofM consumed 3669 of 200000 compute units
[2022-02-12T07:54:36.142460000Z DEBUG solana_program_runtime::stable_log] Program 4uQeVj5tqViQh7yWWGStvkEG1Zmhx6uasJtWCJziofM success
[2022-02-12T07:54:36.153296000Z DEBUG solana_program_runtime::stable_log] Program 4uQeVj5tqViQh7yWWGStvkEG1Zmhx6uasJtWCJziofM invoke [1]
[2022-02-12T07:54:36.153688000Z DEBUG solana_program_runtime::stable_log] Program log: Mango: UpdateRootBank
[2022-02-12T07:54:36.155729000Z DEBUG solana_program_runtime::stable_log] Program log: mango-log
[2022-02-12T07:54:36.156331000Z DEBUG solana_program_runtime::stable_log] Program log: 8HmBNKTUaLiu+EG7GE1W8EGD3t/Xx69vsBuq4E+zX+rjK8+jz2o25QAAAAAAAAAAAAAAAAAAQEIPAAAAAAAAAAAAAAAAAEBCDwAAAAAAAAA=
[2022-02-12T07:54:36.156454000Z DEBUG solana_bpf_loader_program] Program 4uQeVj5tqViQh7yWWGStvkEG1Zmhx6uasJtWCJziofM consumed 9360 of 200000 compute units
[2022-02-12T07:54:36.156507000Z DEBUG solana_program_runtime::stable_log] Program 4uQeVj5tqViQh7yWWGStvkEG1Zmhx6uasJtWCJziofM success
[2022-02-12T07:54:36.166599000Z DEBUG solana_program_runtime::stable_log] Program 4uQeVj5tqViQh7yWWGStvkEG1Zmhx6uasJtWCJziofM invoke [1]
[2022-02-12T07:54:36.167047000Z DEBUG solana_program_runtime::stable_log] Program log: Mango: UpdateFunding
[2022-02-12T07:54:36.168139000Z DEBUG solana_program_runtime::stable_log] Program log: mango-log
[2022-02-12T07:54:36.168742000Z DEBUG solana_program_runtime::stable_log] Program log: ta5iwCEXTXuu+EG7GE1W8EGD3t/Xx69vsBuq4E+zX+rjK8+jz2o25QAAAAAAAAAAAAAAAAAAAAAAAAAAAAAAAAAAAAAAAAAAAAAAAAAAAAA=
[2022-02-12T07:54:36.168886000Z DEBUG solana_bpf_loader_program] Program 4uQeVj5tqViQh7yWWGStvkEG1Zmhx6uasJtWCJziofM consumed 6381 of 200000 compute units
[2022-02-12T07:54:36.168952000Z DEBUG solana_program_runtime::stable_log] Program 4uQeVj5tqViQh7yWWGStvkEG1Zmhx6uasJtWCJziofM success
[2022-02-12T07:54:36.179055000Z DEBUG solana_program_runtime::stable_log] Program 4uQeVj5tqViQh7yWWGStvkEG1Zmhx6uasJtWCJziofM invoke [1]
[2022-02-12T07:54:36.179442000Z DEBUG solana_program_runtime::stable_log] Program log: Mango: CacheRootBanks
[2022-02-12T07:54:36.180116000Z DEBUG solana_program_runtime::stable_log] Program log: mango-log
[2022-02-12T07:54:36.180996000Z DEBUG solana_program_runtime::stable_log] Program log: IVXYca/Gfeiu+EG7GE1W8EGD3t/Xx69vsBuq4E+zX+rjK8+jz2o25QIAAAAAAAAAAAAAAA8AAAAAAAAAAgAAAAAAAAAAAEBCDwAAAAAAAAAAAAAAAABAQg8AAAAAAAAAAgAAAAAAAAAAAEBCDwAAAAAAAAAAAAAAAABAQg8AAAAAAAAA
[2022-02-12T07:54:36.181123000Z DEBUG solana_bpf_loader_program] Program 4uQeVj5tqViQh7yWWGStvkEG1Zmhx6uasJtWCJziofM consumed 5857 of 200000 compute units
[2022-02-12T07:54:36.181176000Z DEBUG solana_program_runtime::stable_log] Program 4uQeVj5tqViQh7yWWGStvkEG1Zmhx6uasJtWCJziofM success
[2022-02-12T07:54:36.191670000Z DEBUG solana_program_runtime::stable_log] Program 4uQeVj5tqViQh7yWWGStvkEG1Zmhx6uasJtWCJziofM invoke [1]
[2022-02-12T07:54:36.191998000Z DEBUG solana_program_runtime::stable_log] Program log: Mango: CachePerpMarkets
[2022-02-12T07:54:36.192386000Z DEBUG solana_program_runtime::stable_log] Program log: mango-log
[2022-02-12T07:54:36.193119000Z DEBUG solana_program_runtime::stable_log] Program log: 9lt9JxCzqw6u+EG7GE1W8EGD3t/Xx69vsBuq4E+zX+rjK8+jz2o25QEAAAAAAAAAAAAAAAEAAAAAAAAAAAAAAAAAAAAAAAAAAQAAAAAAAAAAAAAAAAAAAAAAAAA=
[2022-02-12T07:54:36.193221000Z DEBUG solana_bpf_loader_program] Program 4uQeVj5tqViQh7yWWGStvkEG1Zmhx6uasJtWCJziofM consumed 4331 of 200000 compute units
[2022-02-12T07:54:36.193279000Z DEBUG solana_program_runtime::stable_log] Program 4uQeVj5tqViQh7yWWGStvkEG1Zmhx6uasJtWCJziofM success
[2022-02-12T07:54:36.224390000Z DEBUG solana_program_runtime::stable_log] Program 4uQeVj5tqViQh7yWWGStvkEG1Zmhx6uasJtWCJziofM invoke [1]
[2022-02-12T07:54:36.224750000Z DEBUG solana_program_runtime::stable_log] Program log: Mango: CachePrices
[2022-02-12T07:54:36.225082000Z DEBUG solana_program_runtime::stable_log] Program log: mango-log
[2022-02-12T07:54:36.225676000Z DEBUG solana_program_runtime::stable_log] Program log: ux0uSxX5tBuu+EG7GE1W8EGD3t/Xx69vsBuq4E+zX+rjK8+jz2o25QEAAAAAAAAAAAAAAAEAAAAAAAAAAAAQJwAAAAAAAAAA
[2022-02-12T07:54:36.225777000Z DEBUG solana_bpf_loader_program] Program 4uQeVj5tqViQh7yWWGStvkEG1Zmhx6uasJtWCJziofM consumed 3669 of 200000 compute units
[2022-02-12T07:54:36.225836000Z DEBUG solana_program_runtime::stable_log] Program 4uQeVj5tqViQh7yWWGStvkEG1Zmhx6uasJtWCJziofM success
[2022-02-12T07:54:36.236673000Z DEBUG solana_program_runtime::stable_log] Program 4uQeVj5tqViQh7yWWGStvkEG1Zmhx6uasJtWCJziofM invoke [1]
[2022-02-12T07:54:36.237069000Z DEBUG solana_program_runtime::stable_log] Program log: Mango: UpdateRootBank
[2022-02-12T07:54:36.239117000Z DEBUG solana_program_runtime::stable_log] Program log: mango-log
[2022-02-12T07:54:36.239718000Z DEBUG solana_program_runtime::stable_log] Program log: 8HmBNKTUaLiu+EG7GE1W8EGD3t/Xx69vsBuq4E+zX+rjK8+jz2o25QAAAAAAAAAAAAAAAAAAQEIPAAAAAAAAAAAAAAAAAEBCDwAAAAAAAAA=
[2022-02-12T07:54:36.239840000Z DEBUG solana_bpf_loader_program] Program 4uQeVj5tqViQh7yWWGStvkEG1Zmhx6uasJtWCJziofM consumed 9360 of 200000 compute units
[2022-02-12T07:54:36.239892000Z DEBUG solana_program_runtime::stable_log] Program 4uQeVj5tqViQh7yWWGStvkEG1Zmhx6uasJtWCJziofM success
[2022-02-12T07:54:36.249857000Z DEBUG solana_program_runtime::stable_log] Program 4uQeVj5tqViQh7yWWGStvkEG1Zmhx6uasJtWCJziofM invoke [1]
[2022-02-12T07:54:36.250297000Z DEBUG solana_program_runtime::stable_log] Program log: Mango: UpdateFunding
[2022-02-12T07:54:36.251390000Z DEBUG solana_program_runtime::stable_log] Program log: mango-log
[2022-02-12T07:54:36.251991000Z DEBUG solana_program_runtime::stable_log] Program log: ta5iwCEXTXuu+EG7GE1W8EGD3t/Xx69vsBuq4E+zX+rjK8+jz2o25QAAAAAAAAAAAAAAAAAAAAAAAAAAAAAAAAAAAAAAAAAAAAAAAAAAAAA=
[2022-02-12T07:54:36.252140000Z DEBUG solana_bpf_loader_program] Program 4uQeVj5tqViQh7yWWGStvkEG1Zmhx6uasJtWCJziofM consumed 6381 of 200000 compute units
[2022-02-12T07:54:36.252204000Z DEBUG solana_program_runtime::stable_log] Program 4uQeVj5tqViQh7yWWGStvkEG1Zmhx6uasJtWCJziofM success
[2022-02-12T07:54:36.262480000Z DEBUG solana_program_runtime::stable_log] Program 4uQeVj5tqViQh7yWWGStvkEG1Zmhx6uasJtWCJziofM invoke [1]
[2022-02-12T07:54:36.262866000Z DEBUG solana_program_runtime::stable_log] Program log: Mango: CacheRootBanks
[2022-02-12T07:54:36.263528000Z DEBUG solana_program_runtime::stable_log] Program log: mango-log
[2022-02-12T07:54:36.264413000Z DEBUG solana_program_runtime::stable_log] Program log: IVXYca/Gfeiu+EG7GE1W8EGD3t/Xx69vsBuq4E+zX+rjK8+jz2o25QIAAAAAAAAAAAAAAA8AAAAAAAAAAgAAAAAAAAAAAEBCDwAAAAAAAAAAAAAAAABAQg8AAAAAAAAAAgAAAAAAAAAAAEBCDwAAAAAAAAAAAAAAAABAQg8AAAAAAAAA
[2022-02-12T07:54:36.264537000Z DEBUG solana_bpf_loader_program] Program 4uQeVj5tqViQh7yWWGStvkEG1Zmhx6uasJtWCJziofM consumed 5857 of 200000 compute units
[2022-02-12T07:54:36.264590000Z DEBUG solana_program_runtime::stable_log] Program 4uQeVj5tqViQh7yWWGStvkEG1Zmhx6uasJtWCJziofM success
[2022-02-12T07:54:36.275003000Z DEBUG solana_program_runtime::stable_log] Program 4uQeVj5tqViQh7yWWGStvkEG1Zmhx6uasJtWCJziofM invoke [1]
[2022-02-12T07:54:36.275329000Z DEBUG solana_program_runtime::stable_log] Program log: Mango: CachePerpMarkets
[2022-02-12T07:54:36.275718000Z DEBUG solana_program_runtime::stable_log] Program log: mango-log
[2022-02-12T07:54:36.276446000Z DEBUG solana_program_runtime::stable_log] Program log: 9lt9JxCzqw6u+EG7GE1W8EGD3t/Xx69vsBuq4E+zX+rjK8+jz2o25QEAAAAAAAAAAAAAAAEAAAAAAAAAAAAAAAAAAAAAAAAAAQAAAAAAAAAAAAAAAAAAAAAAAAA=
[2022-02-12T07:54:36.276557000Z DEBUG solana_bpf_loader_program] Program 4uQeVj5tqViQh7yWWGStvkEG1Zmhx6uasJtWCJziofM consumed 4331 of 200000 compute units
[2022-02-12T07:54:36.276609000Z DEBUG solana_program_runtime::stable_log] Program 4uQeVj5tqViQh7yWWGStvkEG1Zmhx6uasJtWCJziofM success
[2022-02-12T07:54:36.307345000Z DEBUG solana_program_runtime::stable_log] Program 4uQeVj5tqViQh7yWWGStvkEG1Zmhx6uasJtWCJziofM invoke [1]
[2022-02-12T07:54:36.307695000Z DEBUG solana_program_runtime::stable_log] Program log: Mango: CachePrices
[2022-02-12T07:54:36.308015000Z DEBUG solana_program_runtime::stable_log] Program log: mango-log
[2022-02-12T07:54:36.308607000Z DEBUG solana_program_runtime::stable_log] Program log: ux0uSxX5tBuu+EG7GE1W8EGD3t/Xx69vsBuq4E+zX+rjK8+jz2o25QEAAAAAAAAAAAAAAAEAAAAAAAAAAAAQJwAAAAAAAAAA
[2022-02-12T07:54:36.308711000Z DEBUG solana_bpf_loader_program] Program 4uQeVj5tqViQh7yWWGStvkEG1Zmhx6uasJtWCJziofM consumed 3669 of 200000 compute units
[2022-02-12T07:54:36.308770000Z DEBUG solana_program_runtime::stable_log] Program 4uQeVj5tqViQh7yWWGStvkEG1Zmhx6uasJtWCJziofM success
[2022-02-12T07:54:36.319465000Z DEBUG solana_program_runtime::stable_log] Program 4uQeVj5tqViQh7yWWGStvkEG1Zmhx6uasJtWCJziofM invoke [1]
[2022-02-12T07:54:36.319852000Z DEBUG solana_program_runtime::stable_log] Program log: Mango: UpdateRootBank
[2022-02-12T07:54:36.321910000Z DEBUG solana_program_runtime::stable_log] Program log: mango-log
[2022-02-12T07:54:36.322526000Z DEBUG solana_program_runtime::stable_log] Program log: 8HmBNKTUaLiu+EG7GE1W8EGD3t/Xx69vsBuq4E+zX+rjK8+jz2o25QAAAAAAAAAAAAAAAAAAQEIPAAAAAAAAAAAAAAAAAEBCDwAAAAAAAAA=
[2022-02-12T07:54:36.322649000Z DEBUG solana_bpf_loader_program] Program 4uQeVj5tqViQh7yWWGStvkEG1Zmhx6uasJtWCJziofM consumed 9360 of 200000 compute units
[2022-02-12T07:54:36.322705000Z DEBUG solana_program_runtime::stable_log] Program 4uQeVj5tqViQh7yWWGStvkEG1Zmhx6uasJtWCJziofM success
[2022-02-12T07:54:36.332753000Z DEBUG solana_program_runtime::stable_log] Program 4uQeVj5tqViQh7yWWGStvkEG1Zmhx6uasJtWCJziofM invoke [1]
[2022-02-12T07:54:36.333198000Z DEBUG solana_program_runtime::stable_log] Program log: Mango: UpdateFunding
[2022-02-12T07:54:36.334292000Z DEBUG solana_program_runtime::stable_log] Program log: mango-log
[2022-02-12T07:54:36.334890000Z DEBUG solana_program_runtime::stable_log] Program log: ta5iwCEXTXuu+EG7GE1W8EGD3t/Xx69vsBuq4E+zX+rjK8+jz2o25QAAAAAAAAAAAAAAAAAAAAAAAAAAAAAAAAAAAAAAAAAAAAAAAAAAAAA=
[2022-02-12T07:54:36.335039000Z DEBUG solana_bpf_loader_program] Program 4uQeVj5tqViQh7yWWGStvkEG1Zmhx6uasJtWCJziofM consumed 6381 of 200000 compute units
[2022-02-12T07:54:36.335106000Z DEBUG solana_program_runtime::stable_log] Program 4uQeVj5tqViQh7yWWGStvkEG1Zmhx6uasJtWCJziofM success
[2022-02-12T07:54:36.345408000Z DEBUG solana_program_runtime::stable_log] Program 4uQeVj5tqViQh7yWWGStvkEG1Zmhx6uasJtWCJziofM invoke [1]
[2022-02-12T07:54:36.345795000Z DEBUG solana_program_runtime::stable_log] Program log: Mango: CacheRootBanks
[2022-02-12T07:54:36.346454000Z DEBUG solana_program_runtime::stable_log] Program log: mango-log
[2022-02-12T07:54:36.347332000Z DEBUG solana_program_runtime::stable_log] Program log: IVXYca/Gfeiu+EG7GE1W8EGD3t/Xx69vsBuq4E+zX+rjK8+jz2o25QIAAAAAAAAAAAAAAA8AAAAAAAAAAgAAAAAAAAAAAEBCDwAAAAAAAAAAAAAAAABAQg8AAAAAAAAAAgAAAAAAAAAAAEBCDwAAAAAAAAAAAAAAAABAQg8AAAAAAAAA
[2022-02-12T07:54:36.347462000Z DEBUG solana_bpf_loader_program] Program 4uQeVj5tqViQh7yWWGStvkEG1Zmhx6uasJtWCJziofM consumed 5857 of 200000 compute units
[2022-02-12T07:54:36.347517000Z DEBUG solana_program_runtime::stable_log] Program 4uQeVj5tqViQh7yWWGStvkEG1Zmhx6uasJtWCJziofM success
[2022-02-12T07:54:36.356951000Z DEBUG solana_program_runtime::stable_log] Program 4uQeVj5tqViQh7yWWGStvkEG1Zmhx6uasJtWCJziofM invoke [1]
[2022-02-12T07:54:36.357280000Z DEBUG solana_program_runtime::stable_log] Program log: Mango: CachePerpMarkets
[2022-02-12T07:54:36.357669000Z DEBUG solana_program_runtime::stable_log] Program log: mango-log
[2022-02-12T07:54:36.358400000Z DEBUG solana_program_runtime::stable_log] Program log: 9lt9JxCzqw6u+EG7GE1W8EGD3t/Xx69vsBuq4E+zX+rjK8+jz2o25QEAAAAAAAAAAAAAAAEAAAAAAAAAAAAAAAAAAAAAAAAAAQAAAAAAAAAAAAAAAAAAAAAAAAA=
[2022-02-12T07:54:36.358501000Z DEBUG solana_bpf_loader_program] Program 4uQeVj5tqViQh7yWWGStvkEG1Zmhx6uasJtWCJziofM consumed 4331 of 200000 compute units
[2022-02-12T07:54:36.358554000Z DEBUG solana_program_runtime::stable_log] Program 4uQeVj5tqViQh7yWWGStvkEG1Zmhx6uasJtWCJziofM success
[2022-02-12T07:54:36.371940000Z DEBUG solana_program_runtime::stable_log] Program 4uQeVj5tqViQh7yWWGStvkEG1Zmhx6uasJtWCJziofM invoke [1]
[2022-02-12T07:54:36.373113000Z DEBUG solana_program_runtime::stable_log] Program log: Mango: PlacePerpOrder client_order_id=10002
[2022-02-12T07:54:36.377515000Z DEBUG solana_program_runtime::stable_log] Program log: bid on book order_id=1844692854115028871151612 quantity=10000 price=100000
[2022-02-12T07:54:36.378357000Z DEBUG solana_bpf_loader_program] Program 4uQeVj5tqViQh7yWWGStvkEG1Zmhx6uasJtWCJziofM consumed 19193 of 200000 compute units
[2022-02-12T07:54:36.378442000Z DEBUG solana_program_runtime::stable_log] Program 4uQeVj5tqViQh7yWWGStvkEG1Zmhx6uasJtWCJziofM success
[2022-02-12T07:54:36.393122000Z DEBUG solana_program_runtime::stable_log] Program 4uQeVj5tqViQh7yWWGStvkEG1Zmhx6uasJtWCJziofM invoke [1]
[2022-02-12T07:54:36.394304000Z DEBUG solana_program_runtime::stable_log] Program log: Mango: PlacePerpOrder client_order_id=10003
[2022-02-12T07:54:36.398868000Z DEBUG solana_program_runtime::stable_log] Program log: ask on book order_id=1881567895518374264832004 quantity=10000 price=102000
[2022-02-12T07:54:36.399772000Z DEBUG solana_bpf_loader_program] Program 4uQeVj5tqViQh7yWWGStvkEG1Zmhx6uasJtWCJziofM consumed 19874 of 200000 compute units
[2022-02-12T07:54:36.399855000Z DEBUG solana_program_runtime::stable_log] Program 4uQeVj5tqViQh7yWWGStvkEG1Zmhx6uasJtWCJziofM success
[2022-02-12T07:55:05.017803000Z DEBUG solana_program_runtime::stable_log] Program 4uQeVj5tqViQh7yWWGStvkEG1Zmhx6uasJtWCJziofM invoke [1]
[2022-02-12T07:55:05.018196000Z DEBUG solana_program_runtime::stable_log] Program log: Mango: CachePrices
[2022-02-12T07:55:05.018525000Z DEBUG solana_program_runtime::stable_log] Program log: mango-log
[2022-02-12T07:55:05.019124000Z DEBUG solana_program_runtime::stable_log] Program log: ux0uSxX5tBuu+EG7GE1W8EGD3t/Xx69vsBuq4E+zX+rjK8+jz2o25QEAAAAAAAAAAAAAAAEAAAAAAAAAAAAQJwAAAAAAAAAA
[2022-02-12T07:55:05.019229000Z DEBUG solana_bpf_loader_program] Program 4uQeVj5tqViQh7yWWGStvkEG1Zmhx6uasJtWCJziofM consumed 3669 of 200000 compute units
[2022-02-12T07:55:05.019305000Z DEBUG solana_program_runtime::stable_log] Program 4uQeVj5tqViQh7yWWGStvkEG1Zmhx6uasJtWCJziofM success
[2022-02-12T07:55:05.029781000Z DEBUG solana_program_runtime::stable_log] Program 4uQeVj5tqViQh7yWWGStvkEG1Zmhx6uasJtWCJziofM invoke [1]
[2022-02-12T07:55:05.030176000Z DEBUG solana_program_runtime::stable_log] Program log: Mango: UpdateRootBank
[2022-02-12T07:55:05.032230000Z DEBUG solana_program_runtime::stable_log] Program log: mango-log
[2022-02-12T07:55:05.032827000Z DEBUG solana_program_runtime::stable_log] Program log: 8HmBNKTUaLiu+EG7GE1W8EGD3t/Xx69vsBuq4E+zX+rjK8+jz2o25QAAAAAAAAAAAAAAAAAAQEIPAAAAAAAAAAAAAAAAAEBCDwAAAAAAAAA=
[2022-02-12T07:55:05.032954000Z DEBUG solana_bpf_loader_program] Program 4uQeVj5tqViQh7yWWGStvkEG1Zmhx6uasJtWCJziofM consumed 9364 of 200000 compute units
[2022-02-12T07:55:05.033013000Z DEBUG solana_program_runtime::stable_log] Program 4uQeVj5tqViQh7yWWGStvkEG1Zmhx6uasJtWCJziofM success
[2022-02-12T07:55:05.043304000Z DEBUG solana_program_runtime::stable_log] Program 4uQeVj5tqViQh7yWWGStvkEG1Zmhx6uasJtWCJziofM invoke [1]
[2022-02-12T07:55:05.043761000Z DEBUG solana_program_runtime::stable_log] Program log: Mango: UpdateFunding
[2022-02-12T07:55:05.048070000Z DEBUG solana_program_runtime::stable_log] Program log: mango-log
[2022-02-12T07:55:05.048671000Z DEBUG solana_program_runtime::stable_log] Program log: ta5iwCEXTXuu+EG7GE1W8EGD3t/Xx69vsBuq4E+zX+rjK8+jz2o25QAAAAAAAAAANU7lEtoLYU4AAAAAAAAAADVO5RLaC2FOAAAAAAAAAAA=
[2022-02-12T07:55:05.048815000Z DEBUG solana_bpf_loader_program] Program 4uQeVj5tqViQh7yWWGStvkEG1Zmhx6uasJtWCJziofM consumed 17080 of 200000 compute units
[2022-02-12T07:55:05.048883000Z DEBUG solana_program_runtime::stable_log] Program 4uQeVj5tqViQh7yWWGStvkEG1Zmhx6uasJtWCJziofM success
[2022-02-12T07:55:05.059572000Z DEBUG solana_program_runtime::stable_log] Program 4uQeVj5tqViQh7yWWGStvkEG1Zmhx6uasJtWCJziofM invoke [1]
[2022-02-12T07:55:05.059976000Z DEBUG solana_program_runtime::stable_log] Program log: Mango: CacheRootBanks
[2022-02-12T07:55:05.060644000Z DEBUG solana_program_runtime::stable_log] Program log: mango-log
[2022-02-12T07:55:05.061532000Z DEBUG solana_program_runtime::stable_log] Program log: IVXYca/Gfeiu+EG7GE1W8EGD3t/Xx69vsBuq4E+zX+rjK8+jz2o25QIAAAAAAAAAAAAAAA8AAAAAAAAAAgAAAAAAAAAAAEBCDwAAAAAAAAAAAAAAAABAQg8AAAAAAAAAAgAAAAAAAAAAAEBCDwAAAAAAAAAAAAAAAABAQg8AAAAAAAAA
[2022-02-12T07:55:05.061664000Z DEBUG solana_bpf_loader_program] Program 4uQeVj5tqViQh7yWWGStvkEG1Zmhx6uasJtWCJziofM consumed 5857 of 200000 compute units
[2022-02-12T07:55:05.061726000Z DEBUG solana_program_runtime::stable_log] Program 4uQeVj5tqViQh7yWWGStvkEG1Zmhx6uasJtWCJziofM success
[2022-02-12T07:55:05.071126000Z DEBUG solana_program_runtime::stable_log] Program 4uQeVj5tqViQh7yWWGStvkEG1Zmhx6uasJtWCJziofM invoke [1]
[2022-02-12T07:55:05.071456000Z DEBUG solana_program_runtime::stable_log] Program log: Mango: CachePerpMarkets
[2022-02-12T07:55:05.071847000Z DEBUG solana_program_runtime::stable_log] Program log: mango-log
[2022-02-12T07:55:05.072575000Z DEBUG solana_program_runtime::stable_log] Program log: 9lt9JxCzqw6u+EG7GE1W8EGD3t/Xx69vsBuq4E+zX+rjK8+jz2o25QEAAAAAAAAAAAAAAAEAAAA1TuUS2gthTgAAAAAAAAAAAQAAADVO5RLaC2FOAAAAAAAAAAA=
[2022-02-12T07:55:05.072677000Z DEBUG solana_bpf_loader_program] Program 4uQeVj5tqViQh7yWWGStvkEG1Zmhx6uasJtWCJziofM consumed 4331 of 200000 compute units
[2022-02-12T07:55:05.072732000Z DEBUG solana_program_runtime::stable_log] Program 4uQeVj5tqViQh7yWWGStvkEG1Zmhx6uasJtWCJziofM success
[2022-02-12T07:55:05.084555000Z DEBUG solana_program_runtime::stable_log] Program 4uQeVj5tqViQh7yWWGStvkEG1Zmhx6uasJtWCJziofM invoke [1]
[2022-02-12T07:55:05.085066000Z DEBUG solana_program_runtime::stable_log] Program log: Mango: SettlePnl
[2022-02-12T07:55:05.087411000Z DEBUG solana_program_runtime::stable_log] Program log: mango-log
[2022-02-12T07:55:05.088148000Z DEBUG solana_program_runtime::stable_log] Program log: F5qwwQsqqPSu+EG7GE1W8EGD3t/Xx69vsBuq4E+zX+rjK8+jz2o25STlfOCQTSk2iaWAqf+TS1zIne8Qg+PJR0yhOm01pC00DwAAAAAAAAAn8qC9hKZkAAAAAAAAAAAAAAAAAAAAAAAAAAAAAAAAAA==
[2022-02-12T07:55:05.089449000Z DEBUG solana_program_runtime::stable_log] Program log: mango-log
[2022-02-12T07:55:05.090194000Z DEBUG solana_program_runtime::stable_log] Program log: F5qwwQsqqPSu+EG7GE1W8EGD3t/Xx69vsBuq4E+zX+rjK8+jz2o25SGoM+VdE9cMo1ZYDt+p7pYP4FsxhJ3tbtjqemoYNh2VDwAAAAAAAADZDV9Ce1mrJgAAAAAAAAAAAAAAAAAAAAAAAAAAAAAAAA==
[2022-02-12T07:55:05.090228000Z DEBUG solana_program_runtime::stable_log] Program log: mango-log
[2022-02-12T07:55:05.091028000Z DEBUG solana_program_runtime::stable_log] Program log: BbzLZlG3Wnau+EG7GE1W8EGD3t/Xx69vsBuq4E+zX+rjK8+jz2o25SGoM+VdE9cMo1ZYDt+p7pYP4FsxhJ3tbtjqemoYNh2VJOV84JBNKTaJpYCp/5NLXMid7xCD48lHTKE6bTWkLTQAAAAAAAAAALC1A+l+CSEyAPr///////8=
[2022-02-12T07:55:05.091070000Z DEBUG solana_program_runtime::stable_log] Program log: mango-log
[2022-02-12T07:55:05.092057000Z DEBUG solana_program_runtime::stable_log] Program log: hz686jV+Ltmu+EG7GE1W8EGD3t/Xx69vsBuq4E+zX+rjK8+jz2o25SGoM+VdE9cMo1ZYDt+p7pYP4FsxhJ3tbtjqemoYNh2VAAAAAAAAAAAQJwAAAAAAAACoevP9//9ZCKD9//////81TuUS2gthTgAAAAAAAAAANU7lEtoLYU4AAAAAAAAAADVO5RLaC2FOAAAAAAAAAAA1TuUS2gthTgAAAAAAAAAA
[2022-02-12T07:55:05.092099000Z DEBUG solana_program_runtime::stable_log] Program log: mango-log
[2022-02-12T07:55:05.093094000Z DEBUG solana_program_runtime::stable_log] Program log: hz686jV+Ltmu+EG7GE1W8EGD3t/Xx69vsBuq4E+zX+rjK8+jz2o25STlfOCQTSk2iaWAqf+TS1zIne8Qg+PJR0yhOm01pC00AAAAAAAAAADw2P///////wAAAAAAAADkC1QCAAAAAAA1TuUS2gthTgAAAAAAAAAANU7lEtoLYU4AAAAAAAAAADVO5RLaC2FOAAAAAAAAAAA1TuUS2gthTgAAAAAAAAAA
[2022-02-12T07:55:05.093271000Z DEBUG solana_bpf_loader_program] Program 4uQeVj5tqViQh7yWWGStvkEG1Zmhx6uasJtWCJziofM consumed 26769 of 200000 compute units
[2022-02-12T07:55:05.093333000Z DEBUG solana_program_runtime::stable_log] Program 4uQeVj5tqViQh7yWWGStvkEG1Zmhx6uasJtWCJziofM success
[2022-02-12T07:55:05.150873000Z DEBUG solana_program_runtime::stable_log] Program 4uQeVj5tqViQh7yWWGStvkEG1Zmhx6uasJtWCJziofM invoke [1]
[2022-02-12T07:55:05.151239000Z DEBUG solana_program_runtime::stable_log] Program log: Mango: CachePrices
[2022-02-12T07:55:05.151566000Z DEBUG solana_program_runtime::stable_log] Program log: mango-log
[2022-02-12T07:55:05.152158000Z DEBUG solana_program_runtime::stable_log] Program log: ux0uSxX5tBuu+EG7GE1W8EGD3t/Xx69vsBuq4E+zX+rjK8+jz2o25QEAAAAAAAAAAAAAAAEAAAAAAAAAAAAQJwAAAAAAAAAA
[2022-02-12T07:55:05.152263000Z DEBUG solana_bpf_loader_program] Program 4uQeVj5tqViQh7yWWGStvkEG1Zmhx6uasJtWCJziofM consumed 3669 of 200000 compute units
[2022-02-12T07:55:05.152323000Z DEBUG solana_program_runtime::stable_log] Program 4uQeVj5tqViQh7yWWGStvkEG1Zmhx6uasJtWCJziofM success
[2022-02-12T07:55:05.163196000Z DEBUG solana_program_runtime::stable_log] Program 4uQeVj5tqViQh7yWWGStvkEG1Zmhx6uasJtWCJziofM invoke [1]
[2022-02-12T07:55:05.163592000Z DEBUG solana_program_runtime::stable_log] Program log: Mango: UpdateRootBank
[2022-02-12T07:55:05.165642000Z DEBUG solana_program_runtime::stable_log] Program log: mango-log
[2022-02-12T07:55:05.166249000Z DEBUG solana_program_runtime::stable_log] Program log: 8HmBNKTUaLiu+EG7GE1W8EGD3t/Xx69vsBuq4E+zX+rjK8+jz2o25QAAAAAAAAAAAAAAAAAAQEIPAAAAAAAAAAAAAAAAAEBCDwAAAAAAAAA=
[2022-02-12T07:55:05.166372000Z DEBUG solana_bpf_loader_program] Program 4uQeVj5tqViQh7yWWGStvkEG1Zmhx6uasJtWCJziofM consumed 9364 of 200000 compute units
[2022-02-12T07:55:05.166436000Z DEBUG solana_program_runtime::stable_log] Program 4uQeVj5tqViQh7yWWGStvkEG1Zmhx6uasJtWCJziofM success
[2022-02-12T07:55:05.176419000Z DEBUG solana_program_runtime::stable_log] Program 4uQeVj5tqViQh7yWWGStvkEG1Zmhx6uasJtWCJziofM invoke [1]
[2022-02-12T07:55:05.176860000Z DEBUG solana_program_runtime::stable_log] Program log: Mango: UpdateFunding
[2022-02-12T07:55:05.181043000Z DEBUG solana_program_runtime::stable_log] Program log: mango-log
[2022-02-12T07:55:05.181644000Z DEBUG solana_program_runtime::stable_log] Program log: ta5iwCEXTXuu+EG7GE1W8EGD3t/Xx69vsBuq4E+zX+rjK8+jz2o25QAAAAAAAAAAIzXSOI6ji04AAAAAAAAAACM10jiOo4tOAAAAAAAAAAA=
[2022-02-12T07:55:05.181789000Z DEBUG solana_bpf_loader_program] Program 4uQeVj5tqViQh7yWWGStvkEG1Zmhx6uasJtWCJziofM consumed 16621 of 200000 compute units
[2022-02-12T07:55:05.181862000Z DEBUG solana_program_runtime::stable_log] Program 4uQeVj5tqViQh7yWWGStvkEG1Zmhx6uasJtWCJziofM success
[2022-02-12T07:55:05.192689000Z DEBUG solana_program_runtime::stable_log] Program 4uQeVj5tqViQh7yWWGStvkEG1Zmhx6uasJtWCJziofM invoke [1]
[2022-02-12T07:55:05.193079000Z DEBUG solana_program_runtime::stable_log] Program log: Mango: CacheRootBanks
[2022-02-12T07:55:05.193741000Z DEBUG solana_program_runtime::stable_log] Program log: mango-log
[2022-02-12T07:55:05.194625000Z DEBUG solana_program_runtime::stable_log] Program log: IVXYca/Gfeiu+EG7GE1W8EGD3t/Xx69vsBuq4E+zX+rjK8+jz2o25QIAAAAAAAAAAAAAAA8AAAAAAAAAAgAAAAAAAAAAAEBCDwAAAAAAAAAAAAAAAABAQg8AAAAAAAAAAgAAAAAAAAAAAEBCDwAAAAAAAAAAAAAAAABAQg8AAAAAAAAA
[2022-02-12T07:55:05.194755000Z DEBUG solana_bpf_loader_program] Program 4uQeVj5tqViQh7yWWGStvkEG1Zmhx6uasJtWCJziofM consumed 5857 of 200000 compute units
[2022-02-12T07:55:05.194812000Z DEBUG solana_program_runtime::stable_log] Program 4uQeVj5tqViQh7yWWGStvkEG1Zmhx6uasJtWCJziofM success
[2022-02-12T07:55:05.204205000Z DEBUG solana_program_runtime::stable_log] Program 4uQeVj5tqViQh7yWWGStvkEG1Zmhx6uasJtWCJziofM invoke [1]
[2022-02-12T07:55:05.204537000Z DEBUG solana_program_runtime::stable_log] Program log: Mango: CachePerpMarkets
[2022-02-12T07:55:05.204924000Z DEBUG solana_program_runtime::stable_log] Program log: mango-log
[2022-02-12T07:55:05.205652000Z DEBUG solana_program_runtime::stable_log] Program log: 9lt9JxCzqw6u+EG7GE1W8EGD3t/Xx69vsBuq4E+zX+rjK8+jz2o25QEAAAAAAAAAAAAAAAEAAAAjNdI4jqOLTgAAAAAAAAAAAQAAACM10jiOo4tOAAAAAAAAAAA=
[2022-02-12T07:55:05.205759000Z DEBUG solana_bpf_loader_program] Program 4uQeVj5tqViQh7yWWGStvkEG1Zmhx6uasJtWCJziofM consumed 4331 of 200000 compute units
[2022-02-12T07:55:05.205814000Z DEBUG solana_program_runtime::stable_log] Program 4uQeVj5tqViQh7yWWGStvkEG1Zmhx6uasJtWCJziofM success
[2022-02-12T07:55:05.263864000Z DEBUG solana_program_runtime::stable_log] Program 4uQeVj5tqViQh7yWWGStvkEG1Zmhx6uasJtWCJziofM invoke [1]
[2022-02-12T07:55:05.264230000Z DEBUG solana_program_runtime::stable_log] Program log: Mango: CachePrices
[2022-02-12T07:55:05.264560000Z DEBUG solana_program_runtime::stable_log] Program log: mango-log
[2022-02-12T07:55:05.265155000Z DEBUG solana_program_runtime::stable_log] Program log: ux0uSxX5tBuu+EG7GE1W8EGD3t/Xx69vsBuq4E+zX+rjK8+jz2o25QEAAAAAAAAAAAAAAAEAAAAAAAAAAAAQJwAAAAAAAAAA
[2022-02-12T07:55:05.265260000Z DEBUG solana_bpf_loader_program] Program 4uQeVj5tqViQh7yWWGStvkEG1Zmhx6uasJtWCJziofM consumed 3669 of 200000 compute units
[2022-02-12T07:55:05.265328000Z DEBUG solana_program_runtime::stable_log] Program 4uQeVj5tqViQh7yWWGStvkEG1Zmhx6uasJtWCJziofM success
[2022-02-12T07:55:05.276041000Z DEBUG solana_program_runtime::stable_log] Program 4uQeVj5tqViQh7yWWGStvkEG1Zmhx6uasJtWCJziofM invoke [1]
[2022-02-12T07:55:05.276437000Z DEBUG solana_program_runtime::stable_log] Program log: Mango: UpdateRootBank
[2022-02-12T07:55:05.278485000Z DEBUG solana_program_runtime::stable_log] Program log: mango-log
[2022-02-12T07:55:05.279087000Z DEBUG solana_program_runtime::stable_log] Program log: 8HmBNKTUaLiu+EG7GE1W8EGD3t/Xx69vsBuq4E+zX+rjK8+jz2o25QAAAAAAAAAAAAAAAAAAQEIPAAAAAAAAAAAAAAAAAEBCDwAAAAAAAAA=
[2022-02-12T07:55:05.279211000Z DEBUG solana_bpf_loader_program] Program 4uQeVj5tqViQh7yWWGStvkEG1Zmhx6uasJtWCJziofM consumed 9364 of 200000 compute units
[2022-02-12T07:55:05.279269000Z DEBUG solana_program_runtime::stable_log] Program 4uQeVj5tqViQh7yWWGStvkEG1Zmhx6uasJtWCJziofM success
[2022-02-12T07:55:05.289291000Z DEBUG solana_program_runtime::stable_log] Program 4uQeVj5tqViQh7yWWGStvkEG1Zmhx6uasJtWCJziofM invoke [1]
[2022-02-12T07:55:05.289735000Z DEBUG solana_program_runtime::stable_log] Program log: Mango: UpdateFunding
[2022-02-12T07:55:05.293926000Z DEBUG solana_program_runtime::stable_log] Program log: mango-log
[2022-02-12T07:55:05.294525000Z DEBUG solana_program_runtime::stable_log] Program log: ta5iwCEXTXuu+EG7GE1W8EGD3t/Xx69vsBuq4E+zX+rjK8+jz2o25QAAAAAAAAAAERy/XkI7tk4AAAAAAAAAABEcv15CO7ZOAAAAAAAAAAA=
[2022-02-12T07:55:05.294673000Z DEBUG solana_bpf_loader_program] Program 4uQeVj5tqViQh7yWWGStvkEG1Zmhx6uasJtWCJziofM consumed 16621 of 200000 compute units
[2022-02-12T07:55:05.294744000Z DEBUG solana_program_runtime::stable_log] Program 4uQeVj5tqViQh7yWWGStvkEG1Zmhx6uasJtWCJziofM success
[2022-02-12T07:55:05.305577000Z DEBUG solana_program_runtime::stable_log] Program 4uQeVj5tqViQh7yWWGStvkEG1Zmhx6uasJtWCJziofM invoke [1]
[2022-02-12T07:55:05.305978000Z DEBUG solana_program_runtime::stable_log] Program log: Mango: CacheRootBanks
[2022-02-12T07:55:05.306641000Z DEBUG solana_program_runtime::stable_log] Program log: mango-log
[2022-02-12T07:55:05.307529000Z DEBUG solana_program_runtime::stable_log] Program log: IVXYca/Gfeiu+EG7GE1W8EGD3t/Xx69vsBuq4E+zX+rjK8+jz2o25QIAAAAAAAAAAAAAAA8AAAAAAAAAAgAAAAAAAAAAAEBCDwAAAAAAAAAAAAAAAABAQg8AAAAAAAAAAgAAAAAAAAAAAEBCDwAAAAAAAAAAAAAAAABAQg8AAAAAAAAA
[2022-02-12T07:55:05.307652000Z DEBUG solana_bpf_loader_program] Program 4uQeVj5tqViQh7yWWGStvkEG1Zmhx6uasJtWCJziofM consumed 5857 of 200000 compute units
[2022-02-12T07:55:05.307712000Z DEBUG solana_program_runtime::stable_log] Program 4uQeVj5tqViQh7yWWGStvkEG1Zmhx6uasJtWCJziofM success
[2022-02-12T07:55:05.317022000Z DEBUG solana_program_runtime::stable_log] Program 4uQeVj5tqViQh7yWWGStvkEG1Zmhx6uasJtWCJziofM invoke [1]
[2022-02-12T07:55:05.317348000Z DEBUG solana_program_runtime::stable_log] Program log: Mango: CachePerpMarkets
[2022-02-12T07:55:05.317736000Z DEBUG solana_program_runtime::stable_log] Program log: mango-log
[2022-02-12T07:55:05.318466000Z DEBUG solana_program_runtime::stable_log] Program log: 9lt9JxCzqw6u+EG7GE1W8EGD3t/Xx69vsBuq4E+zX+rjK8+jz2o25QEAAAAAAAAAAAAAAAEAAAARHL9eQju2TgAAAAAAAAAAAQAAABEcv15CO7ZOAAAAAAAAAAA=
[2022-02-12T07:55:05.318568000Z DEBUG solana_bpf_loader_program] Program 4uQeVj5tqViQh7yWWGStvkEG1Zmhx6uasJtWCJziofM consumed 4331 of 200000 compute units
[2022-02-12T07:55:05.318620000Z DEBUG solana_program_runtime::stable_log] Program 4uQeVj5tqViQh7yWWGStvkEG1Zmhx6uasJtWCJziofM success
test test_funding_rate ... ok

test result: ok. 1 passed; 0 failed; 0 ignored; 0 measured; 0 filtered out; finished in 30.63s

     Running tests/test_init.rs (target/debug/deps/test_init-b71eecb8935c5ff8)

running 0 tests

test result: ok. 0 passed; 0 failed; 0 ignored; 0 measured; 0 filtered out; finished in 0.00s

     Running tests/test_instructions.rs (target/debug/deps/test_instructions-ec3fa600eba55fb8)

running 1 test
test test_instruction_serialization ... ok

test result: ok. 1 passed; 0 failed; 0 ignored; 0 measured; 0 filtered out; finished in 0.02s

     Running tests/test_interest_rate.rs (target/debug/deps/test_interest_rate-c74ce11999d30ceb)

running 1 test
[2022-02-12T07:55:06.354910000Z INFO  solana_program_test] "mango" BPF program from /Users/mc/repos/mango-v3/target/deploy/mango.so, modified 1 hour, 40 minutes, 30 seconds, 634 ms, 264 µs and 245 ns ago
[2022-02-12T07:55:06.373963000Z INFO  solana_program_test] "serum_dex" BPF program from tests/fixtures/serum_dex.so, modified 1 month, 3 weeks, 6 days, 18 hours, 26 minutes, 10 seconds, 710 ms, 634 µs and 382 ns ago
[2022-02-12T07:55:06.972703000Z DEBUG solana_program_runtime::stable_log] Program 11111111111111111111111111111111 invoke [1]
[2022-02-12T07:55:06.980507000Z DEBUG solana_program_runtime::stable_log] Program 11111111111111111111111111111111 success
[2022-02-12T07:55:06.988504000Z DEBUG solana_program_runtime::stable_log] Program 11111111111111111111111111111111 invoke [1]
[2022-02-12T07:55:06.988562000Z DEBUG solana_program_runtime::stable_log] Program 11111111111111111111111111111111 success
[2022-02-12T07:55:07.006225000Z DEBUG solana_program_runtime::stable_log] Program 11111111111111111111111111111111 invoke [1]
[2022-02-12T07:55:07.006275000Z DEBUG solana_program_runtime::stable_log] Program 11111111111111111111111111111111 success
[2022-02-12T07:55:07.076956000Z DEBUG solana_program_runtime::stable_log] Program TokenkegQfeZyiNwAJbNbGKPFXCWuBvf9Ss623VQ5DA invoke [1]
[2022-02-12T07:55:07.079313000Z DEBUG solana_program_runtime::stable_log] Program log: Instruction: InitializeAccount
[2022-02-12T07:55:07.080326000Z DEBUG solana_bpf_loader_program] Program TokenkegQfeZyiNwAJbNbGKPFXCWuBvf9Ss623VQ5DA consumed 3411 of 200000 compute units
[2022-02-12T07:55:07.080403000Z DEBUG solana_program_runtime::stable_log] Program TokenkegQfeZyiNwAJbNbGKPFXCWuBvf9Ss623VQ5DA success
[2022-02-12T07:55:07.084258000Z DEBUG solana_program_runtime::stable_log] Program 11111111111111111111111111111111 invoke [1]
[2022-02-12T07:55:07.084319000Z DEBUG solana_program_runtime::stable_log] Program 11111111111111111111111111111111 success
[2022-02-12T07:55:07.087592000Z DEBUG solana_program_runtime::stable_log] Program 11111111111111111111111111111111 invoke [1]
[2022-02-12T07:55:07.087640000Z DEBUG solana_program_runtime::stable_log] Program 11111111111111111111111111111111 success
[2022-02-12T07:55:07.091179000Z DEBUG solana_program_runtime::stable_log] Program 11111111111111111111111111111111 invoke [1]
[2022-02-12T07:55:07.091237000Z DEBUG solana_program_runtime::stable_log] Program 11111111111111111111111111111111 success
[2022-02-12T07:55:07.098914000Z DEBUG solana_program_runtime::stable_log] Program TokenkegQfeZyiNwAJbNbGKPFXCWuBvf9Ss623VQ5DA invoke [1]
[2022-02-12T07:55:07.099405000Z DEBUG solana_program_runtime::stable_log] Program log: Instruction: InitializeAccount
[2022-02-12T07:55:07.100410000Z DEBUG solana_bpf_loader_program] Program TokenkegQfeZyiNwAJbNbGKPFXCWuBvf9Ss623VQ5DA consumed 3411 of 200000 compute units
[2022-02-12T07:55:07.100468000Z DEBUG solana_program_runtime::stable_log] Program TokenkegQfeZyiNwAJbNbGKPFXCWuBvf9Ss623VQ5DA success
[2022-02-12T07:55:07.103990000Z DEBUG solana_program_runtime::stable_log] Program 11111111111111111111111111111111 invoke [1]
[2022-02-12T07:55:07.104040000Z DEBUG solana_program_runtime::stable_log] Program 11111111111111111111111111111111 success
[2022-02-12T07:55:07.111694000Z DEBUG solana_program_runtime::stable_log] Program TokenkegQfeZyiNwAJbNbGKPFXCWuBvf9Ss623VQ5DA invoke [1]
[2022-02-12T07:55:07.112185000Z DEBUG solana_program_runtime::stable_log] Program log: Instruction: InitializeAccount
[2022-02-12T07:55:07.113185000Z DEBUG solana_bpf_loader_program] Program TokenkegQfeZyiNwAJbNbGKPFXCWuBvf9Ss623VQ5DA consumed 3411 of 200000 compute units
[2022-02-12T07:55:07.113241000Z DEBUG solana_program_runtime::stable_log] Program TokenkegQfeZyiNwAJbNbGKPFXCWuBvf9Ss623VQ5DA success
[2022-02-12T07:55:07.116874000Z DEBUG solana_program_runtime::stable_log] Program 11111111111111111111111111111111 invoke [1]
[2022-02-12T07:55:07.116924000Z DEBUG solana_program_runtime::stable_log] Program 11111111111111111111111111111111 success
[2022-02-12T07:55:07.124575000Z DEBUG solana_program_runtime::stable_log] Program TokenkegQfeZyiNwAJbNbGKPFXCWuBvf9Ss623VQ5DA invoke [1]
[2022-02-12T07:55:07.125063000Z DEBUG solana_program_runtime::stable_log] Program log: Instruction: InitializeAccount
[2022-02-12T07:55:07.126067000Z DEBUG solana_bpf_loader_program] Program TokenkegQfeZyiNwAJbNbGKPFXCWuBvf9Ss623VQ5DA consumed 3411 of 200000 compute units
[2022-02-12T07:55:07.126121000Z DEBUG solana_program_runtime::stable_log] Program TokenkegQfeZyiNwAJbNbGKPFXCWuBvf9Ss623VQ5DA success
[2022-02-12T07:55:07.243200000Z DEBUG solana_program_runtime::stable_log] Program 4uQeVj5tqViQh7yWWGStvkEG1Zmhx6uasJtWCJziofM invoke [1]
[2022-02-12T07:55:07.244056000Z DEBUG solana_program_runtime::stable_log] Program log: Mango: InitMangoGroup
[2022-02-12T07:55:07.253626000Z DEBUG solana_bpf_loader_program] Program 4uQeVj5tqViQh7yWWGStvkEG1Zmhx6uasJtWCJziofM consumed 13160 of 200000 compute units
[2022-02-12T07:55:07.253724000Z DEBUG solana_program_runtime::stable_log] Program 4uQeVj5tqViQh7yWWGStvkEG1Zmhx6uasJtWCJziofM success
[2022-02-12T07:55:07.258352000Z DEBUG solana_program_runtime::stable_log] Program 11111111111111111111111111111111 invoke [1]
[2022-02-12T07:55:07.258418000Z DEBUG solana_program_runtime::stable_log] Program 11111111111111111111111111111111 success
[2022-02-12T07:55:07.268175000Z DEBUG solana_program_runtime::stable_log] Program 4uQeVj5tqViQh7yWWGStvkEG1Zmhx6uasJtWCJziofM invoke [1]
[2022-02-12T07:55:07.268511000Z DEBUG solana_program_runtime::stable_log] Program log: Mango: AddOracle
[2022-02-12T07:55:07.268600000Z DEBUG solana_program_runtime::stable_log] Program log: OracleType: got unknown or stub
[2022-02-12T07:55:07.268937000Z DEBUG solana_bpf_loader_program] Program 4uQeVj5tqViQh7yWWGStvkEG1Zmhx6uasJtWCJziofM consumed 1865 of 200000 compute units
[2022-02-12T07:55:07.268994000Z DEBUG solana_program_runtime::stable_log] Program 4uQeVj5tqViQh7yWWGStvkEG1Zmhx6uasJtWCJziofM success
[2022-02-12T07:55:07.272667000Z DEBUG solana_program_runtime::stable_log] Program 11111111111111111111111111111111 invoke [1]
[2022-02-12T07:55:07.272730000Z DEBUG solana_program_runtime::stable_log] Program 11111111111111111111111111111111 success
[2022-02-12T07:55:07.283534000Z DEBUG solana_program_runtime::stable_log] Program 4uQeVj5tqViQh7yWWGStvkEG1Zmhx6uasJtWCJziofM invoke [1]
[2022-02-12T07:55:07.283875000Z DEBUG solana_program_runtime::stable_log] Program log: Mango: InitMangoAccount DEPRECATED
[2022-02-12T07:55:07.284273000Z DEBUG solana_bpf_loader_program] Program 4uQeVj5tqViQh7yWWGStvkEG1Zmhx6uasJtWCJziofM consumed 1828 of 200000 compute units
[2022-02-12T07:55:07.284332000Z DEBUG solana_program_runtime::stable_log] Program 4uQeVj5tqViQh7yWWGStvkEG1Zmhx6uasJtWCJziofM success
[2022-02-12T07:55:07.288840000Z DEBUG solana_program_runtime::stable_log] Program 11111111111111111111111111111111 invoke [1]
[2022-02-12T07:55:07.288900000Z DEBUG solana_program_runtime::stable_log] Program 11111111111111111111111111111111 success
[2022-02-12T07:55:07.299612000Z DEBUG solana_program_runtime::stable_log] Program 4uQeVj5tqViQh7yWWGStvkEG1Zmhx6uasJtWCJziofM invoke [1]
[2022-02-12T07:55:07.299943000Z DEBUG solana_program_runtime::stable_log] Program log: Mango: InitMangoAccount DEPRECATED
[2022-02-12T07:55:07.300329000Z DEBUG solana_bpf_loader_program] Program 4uQeVj5tqViQh7yWWGStvkEG1Zmhx6uasJtWCJziofM consumed 1828 of 200000 compute units
[2022-02-12T07:55:07.300386000Z DEBUG solana_program_runtime::stable_log] Program 4uQeVj5tqViQh7yWWGStvkEG1Zmhx6uasJtWCJziofM success
[2022-02-12T07:55:07.305301000Z DEBUG solana_program_runtime::stable_log] Program 11111111111111111111111111111111 invoke [1]
[2022-02-12T07:55:07.305354000Z DEBUG solana_program_runtime::stable_log] Program 11111111111111111111111111111111 success
[2022-02-12T07:55:07.313021000Z DEBUG solana_program_runtime::stable_log] Program TokenkegQfeZyiNwAJbNbGKPFXCWuBvf9Ss623VQ5DA invoke [1]
[2022-02-12T07:55:07.313518000Z DEBUG solana_program_runtime::stable_log] Program log: Instruction: InitializeAccount
[2022-02-12T07:55:07.314523000Z DEBUG solana_bpf_loader_program] Program TokenkegQfeZyiNwAJbNbGKPFXCWuBvf9Ss623VQ5DA consumed 3411 of 200000 compute units
[2022-02-12T07:55:07.314578000Z DEBUG solana_program_runtime::stable_log] Program TokenkegQfeZyiNwAJbNbGKPFXCWuBvf9Ss623VQ5DA success
[2022-02-12T07:55:07.318146000Z DEBUG solana_program_runtime::stable_log] Program 11111111111111111111111111111111 invoke [1]
[2022-02-12T07:55:07.318195000Z DEBUG solana_program_runtime::stable_log] Program 11111111111111111111111111111111 success
[2022-02-12T07:55:07.325910000Z DEBUG solana_program_runtime::stable_log] Program TokenkegQfeZyiNwAJbNbGKPFXCWuBvf9Ss623VQ5DA invoke [1]
[2022-02-12T07:55:07.326400000Z DEBUG solana_program_runtime::stable_log] Program log: Instruction: InitializeAccount
[2022-02-12T07:55:07.327399000Z DEBUG solana_bpf_loader_program] Program TokenkegQfeZyiNwAJbNbGKPFXCWuBvf9Ss623VQ5DA consumed 3411 of 200000 compute units
[2022-02-12T07:55:07.327454000Z DEBUG solana_program_runtime::stable_log] Program TokenkegQfeZyiNwAJbNbGKPFXCWuBvf9Ss623VQ5DA success
[2022-02-12T07:55:07.336207000Z DEBUG solana_program_runtime::stable_log] Program 11111111111111111111111111111111 invoke [1]
[2022-02-12T07:55:07.336260000Z DEBUG solana_program_runtime::stable_log] Program 11111111111111111111111111111111 success
[2022-02-12T07:55:07.336312000Z DEBUG solana_program_runtime::stable_log] Program 11111111111111111111111111111111 invoke [1]
[2022-02-12T07:55:07.336354000Z DEBUG solana_program_runtime::stable_log] Program 11111111111111111111111111111111 success
[2022-02-12T07:55:07.336403000Z DEBUG solana_program_runtime::stable_log] Program 11111111111111111111111111111111 invoke [1]
[2022-02-12T07:55:07.336740000Z DEBUG solana_program_runtime::stable_log] Program 11111111111111111111111111111111 success
[2022-02-12T07:55:07.336962000Z DEBUG solana_program_runtime::stable_log] Program 11111111111111111111111111111111 invoke [1]
[2022-02-12T07:55:07.337024000Z DEBUG solana_program_runtime::stable_log] Program 11111111111111111111111111111111 success
[2022-02-12T07:55:07.337082000Z DEBUG solana_program_runtime::stable_log] Program 11111111111111111111111111111111 invoke [1]
[2022-02-12T07:55:07.337155000Z DEBUG solana_program_runtime::stable_log] Program 11111111111111111111111111111111 success
[2022-02-12T07:55:07.373713000Z DEBUG solana_program_runtime::stable_log] Program 8opHzTAnfzRpPEx21XtnrVTX28YQuCpAjcn1PczScKh invoke [1]
[2022-02-12T07:55:07.378650000Z DEBUG solana_bpf_loader_program] Program 8opHzTAnfzRpPEx21XtnrVTX28YQuCpAjcn1PczScKh consumed 13661 of 200000 compute units
[2022-02-12T07:55:07.379072000Z DEBUG solana_program_runtime::stable_log] Program 8opHzTAnfzRpPEx21XtnrVTX28YQuCpAjcn1PczScKh success
[2022-02-12T07:55:07.385767000Z DEBUG solana_program_runtime::stable_log] Program 11111111111111111111111111111111 invoke [1]
[2022-02-12T07:55:07.385842000Z DEBUG solana_program_runtime::stable_log] Program 11111111111111111111111111111111 success
[2022-02-12T07:55:07.393612000Z DEBUG solana_program_runtime::stable_log] Program TokenkegQfeZyiNwAJbNbGKPFXCWuBvf9Ss623VQ5DA invoke [1]
[2022-02-12T07:55:07.394113000Z DEBUG solana_program_runtime::stable_log] Program log: Instruction: InitializeAccount
[2022-02-12T07:55:07.395118000Z DEBUG solana_bpf_loader_program] Program TokenkegQfeZyiNwAJbNbGKPFXCWuBvf9Ss623VQ5DA consumed 3411 of 200000 compute units
[2022-02-12T07:55:07.395181000Z DEBUG solana_program_runtime::stable_log] Program TokenkegQfeZyiNwAJbNbGKPFXCWuBvf9Ss623VQ5DA success
[2022-02-12T07:55:07.398319000Z DEBUG solana_program_runtime::stable_log] Program 11111111111111111111111111111111 invoke [1]
[2022-02-12T07:55:07.398368000Z DEBUG solana_program_runtime::stable_log] Program 11111111111111111111111111111111 success
[2022-02-12T07:55:07.401712000Z DEBUG solana_program_runtime::stable_log] Program 11111111111111111111111111111111 invoke [1]
[2022-02-12T07:55:07.401761000Z DEBUG solana_program_runtime::stable_log] Program 11111111111111111111111111111111 success
[2022-02-12T07:55:07.413429000Z DEBUG solana_program_runtime::stable_log] Program 4uQeVj5tqViQh7yWWGStvkEG1Zmhx6uasJtWCJziofM invoke [1]
[2022-02-12T07:55:07.414130000Z DEBUG solana_program_runtime::stable_log] Program log: Mango: AddSpotMarket
[2022-02-12T07:55:07.420181000Z DEBUG solana_bpf_loader_program] Program 4uQeVj5tqViQh7yWWGStvkEG1Zmhx6uasJtWCJziofM consumed 20512 of 200000 compute units
[2022-02-12T07:55:07.420266000Z DEBUG solana_program_runtime::stable_log] Program 4uQeVj5tqViQh7yWWGStvkEG1Zmhx6uasJtWCJziofM success
[2022-02-12T07:55:07.424111000Z DEBUG solana_program_runtime::stable_log] Program 11111111111111111111111111111111 invoke [1]
[2022-02-12T07:55:07.424172000Z DEBUG solana_program_runtime::stable_log] Program 11111111111111111111111111111111 success
[2022-02-12T07:55:07.427473000Z DEBUG solana_program_runtime::stable_log] Program 11111111111111111111111111111111 invoke [1]
[2022-02-12T07:55:07.427521000Z DEBUG solana_program_runtime::stable_log] Program 11111111111111111111111111111111 success
[2022-02-12T07:55:07.430775000Z DEBUG solana_program_runtime::stable_log] Program 11111111111111111111111111111111 invoke [1]
[2022-02-12T07:55:07.430826000Z DEBUG solana_program_runtime::stable_log] Program 11111111111111111111111111111111 success
[2022-02-12T07:55:07.434096000Z DEBUG solana_program_runtime::stable_log] Program 11111111111111111111111111111111 invoke [1]
[2022-02-12T07:55:07.434160000Z DEBUG solana_program_runtime::stable_log] Program 11111111111111111111111111111111 success
[2022-02-12T07:55:07.437938000Z DEBUG solana_program_runtime::stable_log] Program 11111111111111111111111111111111 invoke [1]
[2022-02-12T07:55:07.437991000Z DEBUG solana_program_runtime::stable_log] Program 11111111111111111111111111111111 success
[2022-02-12T07:55:07.445707000Z DEBUG solana_program_runtime::stable_log] Program TokenkegQfeZyiNwAJbNbGKPFXCWuBvf9Ss623VQ5DA invoke [1]
[2022-02-12T07:55:07.446207000Z DEBUG solana_program_runtime::stable_log] Program log: Instruction: InitializeAccount
[2022-02-12T07:55:07.447210000Z DEBUG solana_bpf_loader_program] Program TokenkegQfeZyiNwAJbNbGKPFXCWuBvf9Ss623VQ5DA consumed 3411 of 200000 compute units
[2022-02-12T07:55:07.447268000Z DEBUG solana_program_runtime::stable_log] Program TokenkegQfeZyiNwAJbNbGKPFXCWuBvf9Ss623VQ5DA success
[2022-02-12T07:55:07.459841000Z DEBUG solana_program_runtime::stable_log] Program 4uQeVj5tqViQh7yWWGStvkEG1Zmhx6uasJtWCJziofM invoke [1]
[2022-02-12T07:55:07.460480000Z DEBUG solana_program_runtime::stable_log] Program log: Mango: AddPerpMarket DEPRECATED
[2022-02-12T07:55:07.466518000Z DEBUG solana_bpf_loader_program] Program 4uQeVj5tqViQh7yWWGStvkEG1Zmhx6uasJtWCJziofM consumed 20524 of 200000 compute units
[2022-02-12T07:55:07.466596000Z DEBUG solana_program_runtime::stable_log] Program 4uQeVj5tqViQh7yWWGStvkEG1Zmhx6uasJtWCJziofM success
[2022-02-12T07:55:07.477672000Z DEBUG solana_program_runtime::stable_log] Program 4uQeVj5tqViQh7yWWGStvkEG1Zmhx6uasJtWCJziofM invoke [1]
[2022-02-12T07:55:07.478013000Z DEBUG solana_program_runtime::stable_log] Program log: Mango: SetOracle
[2022-02-12T07:55:07.478296000Z DEBUG solana_bpf_loader_program] Program 4uQeVj5tqViQh7yWWGStvkEG1Zmhx6uasJtWCJziofM consumed 1550 of 200000 compute units
[2022-02-12T07:55:07.478354000Z DEBUG solana_program_runtime::stable_log] Program 4uQeVj5tqViQh7yWWGStvkEG1Zmhx6uasJtWCJziofM success
[2022-02-12T07:55:07.510052000Z DEBUG solana_program_runtime::stable_log] Program 4uQeVj5tqViQh7yWWGStvkEG1Zmhx6uasJtWCJziofM invoke [1]
[2022-02-12T07:55:07.510427000Z DEBUG solana_program_runtime::stable_log] Program log: Mango: CachePrices
[2022-02-12T07:55:07.510762000Z DEBUG solana_program_runtime::stable_log] Program log: mango-log
[2022-02-12T07:55:07.511377000Z DEBUG solana_program_runtime::stable_log] Program log: ux0uSxX5tBt2t0OCLfu5/vohANIGmLQwagqPW0XjOo9cBwqeesN+9AEAAAAAAAAAAAAAAAEAAAAAAAAAAAAQJwAAAAAAAAAA
[2022-02-12T07:55:07.511482000Z DEBUG solana_bpf_loader_program] Program 4uQeVj5tqViQh7yWWGStvkEG1Zmhx6uasJtWCJziofM consumed 3669 of 200000 compute units
[2022-02-12T07:55:07.511548000Z DEBUG solana_program_runtime::stable_log] Program 4uQeVj5tqViQh7yWWGStvkEG1Zmhx6uasJtWCJziofM success
[2022-02-12T07:55:07.522274000Z DEBUG solana_program_runtime::stable_log] Program 4uQeVj5tqViQh7yWWGStvkEG1Zmhx6uasJtWCJziofM invoke [1]
[2022-02-12T07:55:07.522660000Z DEBUG solana_program_runtime::stable_log] Program log: Mango: UpdateRootBank
[2022-02-12T07:55:07.524408000Z DEBUG solana_program_runtime::stable_log] Program log: mango-log
[2022-02-12T07:55:07.525012000Z DEBUG solana_program_runtime::stable_log] Program log: 8HmBNKTUaLh2t0OCLfu5/vohANIGmLQwagqPW0XjOo9cBwqeesN+9AAAAAAAAAAAAAAAAAAAQEIPAAAAAAAAAAAAAAAAAEBCDwAAAAAAAAA=
[2022-02-12T07:55:07.525137000Z DEBUG solana_bpf_loader_program] Program 4uQeVj5tqViQh7yWWGStvkEG1Zmhx6uasJtWCJziofM consumed 8523 of 200000 compute units
[2022-02-12T07:55:07.525193000Z DEBUG solana_program_runtime::stable_log] Program 4uQeVj5tqViQh7yWWGStvkEG1Zmhx6uasJtWCJziofM success
[2022-02-12T07:55:07.535543000Z DEBUG solana_program_runtime::stable_log] Program 4uQeVj5tqViQh7yWWGStvkEG1Zmhx6uasJtWCJziofM invoke [1]
[2022-02-12T07:55:07.535988000Z DEBUG solana_program_runtime::stable_log] Program log: Mango: UpdateFunding
[2022-02-12T07:55:07.537079000Z DEBUG solana_program_runtime::stable_log] Program log: mango-log
[2022-02-12T07:55:07.537679000Z DEBUG solana_program_runtime::stable_log] Program log: ta5iwCEXTXt2t0OCLfu5/vohANIGmLQwagqPW0XjOo9cBwqeesN+9AAAAAAAAAAAAAAAAAAAAAAAAAAAAAAAAAAAAAAAAAAAAAAAAAAAAAA=
[2022-02-12T07:55:07.537829000Z DEBUG solana_bpf_loader_program] Program 4uQeVj5tqViQh7yWWGStvkEG1Zmhx6uasJtWCJziofM consumed 6381 of 200000 compute units
[2022-02-12T07:55:07.537898000Z DEBUG solana_program_runtime::stable_log] Program 4uQeVj5tqViQh7yWWGStvkEG1Zmhx6uasJtWCJziofM success
[2022-02-12T07:55:07.548135000Z DEBUG solana_program_runtime::stable_log] Program 4uQeVj5tqViQh7yWWGStvkEG1Zmhx6uasJtWCJziofM invoke [1]
[2022-02-12T07:55:07.548527000Z DEBUG solana_program_runtime::stable_log] Program log: Mango: CacheRootBanks
[2022-02-12T07:55:07.549191000Z DEBUG solana_program_runtime::stable_log] Program log: mango-log
[2022-02-12T07:55:07.550069000Z DEBUG solana_program_runtime::stable_log] Program log: IVXYca/Gfeh2t0OCLfu5/vohANIGmLQwagqPW0XjOo9cBwqeesN+9AIAAAAAAAAAAAAAAA8AAAAAAAAAAgAAAAAAAAAAAEBCDwAAAAAAAAAAAAAAAABAQg8AAAAAAAAAAgAAAAAAAAAAAEBCDwAAAAAAAAAAAAAAAABAQg8AAAAAAAAA
[2022-02-12T07:55:07.550207000Z DEBUG solana_bpf_loader_program] Program 4uQeVj5tqViQh7yWWGStvkEG1Zmhx6uasJtWCJziofM consumed 5857 of 200000 compute units
[2022-02-12T07:55:07.550262000Z DEBUG solana_program_runtime::stable_log] Program 4uQeVj5tqViQh7yWWGStvkEG1Zmhx6uasJtWCJziofM success
[2022-02-12T07:55:07.559555000Z DEBUG solana_program_runtime::stable_log] Program 4uQeVj5tqViQh7yWWGStvkEG1Zmhx6uasJtWCJziofM invoke [1]
[2022-02-12T07:55:07.559883000Z DEBUG solana_program_runtime::stable_log] Program log: Mango: CachePerpMarkets
[2022-02-12T07:55:07.560271000Z DEBUG solana_program_runtime::stable_log] Program log: mango-log
[2022-02-12T07:55:07.560997000Z DEBUG solana_program_runtime::stable_log] Program log: 9lt9JxCzqw52t0OCLfu5/vohANIGmLQwagqPW0XjOo9cBwqeesN+9AEAAAAAAAAAAAAAAAEAAAAAAAAAAAAAAAAAAAAAAAAAAQAAAAAAAAAAAAAAAAAAAAAAAAA=
[2022-02-12T07:55:07.561100000Z DEBUG solana_bpf_loader_program] Program 4uQeVj5tqViQh7yWWGStvkEG1Zmhx6uasJtWCJziofM consumed 4331 of 200000 compute units
[2022-02-12T07:55:07.561153000Z DEBUG solana_program_runtime::stable_log] Program 4uQeVj5tqViQh7yWWGStvkEG1Zmhx6uasJtWCJziofM success
[2022-02-12T07:55:07.574846000Z DEBUG solana_program_runtime::stable_log] Program 4uQeVj5tqViQh7yWWGStvkEG1Zmhx6uasJtWCJziofM invoke [1]
[2022-02-12T07:55:07.575520000Z DEBUG solana_program_runtime::stable_log] Program log: Mango: Deposit
[2022-02-12T07:55:07.589763000Z DEBUG solana_program_runtime::stable_log] Program TokenkegQfeZyiNwAJbNbGKPFXCWuBvf9Ss623VQ5DA invoke [2]
[2022-02-12T07:55:07.590196000Z DEBUG solana_program_runtime::stable_log] Program log: Instruction: Transfer
[2022-02-12T07:55:07.591098000Z DEBUG solana_bpf_loader_program] Program TokenkegQfeZyiNwAJbNbGKPFXCWuBvf9Ss623VQ5DA consumed 3121 of 194218 compute units
[2022-02-12T07:55:07.591157000Z DEBUG solana_program_runtime::stable_log] Program TokenkegQfeZyiNwAJbNbGKPFXCWuBvf9Ss623VQ5DA success
[2022-02-12T07:55:07.592541000Z DEBUG solana_program_runtime::stable_log] Program log: mango-log
[2022-02-12T07:55:07.593283000Z DEBUG solana_program_runtime::stable_log] Program log: F5qwwQsqqPR2t0OCLfu5/vohANIGmLQwagqPW0XjOo9cBwqeesN+9KHPhvhxsHwkR/e/YWO/w74+IKTWJwJ7FxU3/ffVVbwHDwAAAAAAAAAAAAAAAADIAAAAAAAAAAAAAAAAAAAAAAAAAAAAAAAAAA==
[2022-02-12T07:55:07.593313000Z DEBUG solana_program_runtime::stable_log] Program log: mango-log
[2022-02-12T07:55:07.594113000Z DEBUG solana_program_runtime::stable_log] Program log: jbqo/GyNSF52t0OCLfu5/vohANIGmLQwagqPW0XjOo9cBwqeesN+9KHPhvhxsHwkR/e/YWO/w74+IKTWJwJ7FxU3/ffVVbwHJUz+gN0BuHBxRSjk8Dv65BnpeV4hl/E3Y5kFHbM6H0oPAAAAAAAAAADC6wsAAAAA
[2022-02-12T07:55:07.594336000Z DEBUG solana_bpf_loader_program] Program 4uQeVj5tqViQh7yWWGStvkEG1Zmhx6uasJtWCJziofM consumed 18618 of 200000 compute units
[2022-02-12T07:55:07.594405000Z DEBUG solana_program_runtime::stable_log] Program 4uQeVj5tqViQh7yWWGStvkEG1Zmhx6uasJtWCJziofM success
[2022-02-12T07:55:07.607719000Z DEBUG solana_program_runtime::stable_log] Program 4uQeVj5tqViQh7yWWGStvkEG1Zmhx6uasJtWCJziofM invoke [1]
[2022-02-12T07:55:07.608396000Z DEBUG solana_program_runtime::stable_log] Program log: Mango: Deposit
[2022-02-12T07:55:07.616766000Z DEBUG solana_program_runtime::stable_log] Program TokenkegQfeZyiNwAJbNbGKPFXCWuBvf9Ss623VQ5DA invoke [2]
[2022-02-12T07:55:07.617189000Z DEBUG solana_program_runtime::stable_log] Program log: Instruction: Transfer
[2022-02-12T07:55:07.618082000Z DEBUG solana_bpf_loader_program] Program TokenkegQfeZyiNwAJbNbGKPFXCWuBvf9Ss623VQ5DA consumed 3121 of 194804 compute units
[2022-02-12T07:55:07.618140000Z DEBUG solana_program_runtime::stable_log] Program TokenkegQfeZyiNwAJbNbGKPFXCWuBvf9Ss623VQ5DA success
[2022-02-12T07:55:07.619296000Z DEBUG solana_program_runtime::stable_log] Program log: mango-log
[2022-02-12T07:55:07.620037000Z DEBUG solana_program_runtime::stable_log] Program log: F5qwwQsqqPR2t0OCLfu5/vohANIGmLQwagqPW0XjOo9cBwqeesN+9H/TVhkxtOrLtQ7cRA+MLI+Pm4kGPXny7Xn/kmCvU2+1AAAAAAAAAADC9ShcjwIAAAAAAAAAAAAAAAAAAAAAAAAAAAAAAAAAAA==
[2022-02-12T07:55:07.620067000Z DEBUG solana_program_runtime::stable_log] Program log: mango-log
[2022-02-12T07:55:07.620873000Z DEBUG solana_program_runtime::stable_log] Program log: jbqo/GyNSF52t0OCLfu5/vohANIGmLQwagqPW0XjOo9cBwqeesN+9H/TVhkxtOrLtQ7cRA+MLI+Pm4kGPXny7Xn/kmCvU2+1CS/FyHkO1eyiNojju309wzbFlD12+jqMzWZlOxzWFpoAAAAAAAAAABAnAAAAAAAA
[2022-02-12T07:55:07.621098000Z DEBUG solana_bpf_loader_program] Program 4uQeVj5tqViQh7yWWGStvkEG1Zmhx6uasJtWCJziofM consumed 17286 of 200000 compute units
[2022-02-12T07:55:07.621167000Z DEBUG solana_program_runtime::stable_log] Program 4uQeVj5tqViQh7yWWGStvkEG1Zmhx6uasJtWCJziofM success
[2022-02-12T07:55:07.651524000Z DEBUG solana_program_runtime::stable_log] Program 4uQeVj5tqViQh7yWWGStvkEG1Zmhx6uasJtWCJziofM invoke [1]
[2022-02-12T07:55:07.651888000Z DEBUG solana_program_runtime::stable_log] Program log: Mango: CachePrices
[2022-02-12T07:55:07.652212000Z DEBUG solana_program_runtime::stable_log] Program log: mango-log
[2022-02-12T07:55:07.652804000Z DEBUG solana_program_runtime::stable_log] Program log: ux0uSxX5tBt2t0OCLfu5/vohANIGmLQwagqPW0XjOo9cBwqeesN+9AEAAAAAAAAAAAAAAAEAAAAAAAAAAAAQJwAAAAAAAAAA
[2022-02-12T07:55:07.652909000Z DEBUG solana_bpf_loader_program] Program 4uQeVj5tqViQh7yWWGStvkEG1Zmhx6uasJtWCJziofM consumed 3669 of 200000 compute units
[2022-02-12T07:55:07.652971000Z DEBUG solana_program_runtime::stable_log] Program 4uQeVj5tqViQh7yWWGStvkEG1Zmhx6uasJtWCJziofM success
[2022-02-12T07:55:07.664749000Z DEBUG solana_program_runtime::stable_log] Program 4uQeVj5tqViQh7yWWGStvkEG1Zmhx6uasJtWCJziofM invoke [1]
[2022-02-12T07:55:07.665143000Z DEBUG solana_program_runtime::stable_log] Program log: Mango: UpdateRootBank
[2022-02-12T07:55:07.667196000Z DEBUG solana_program_runtime::stable_log] Program log: mango-log
[2022-02-12T07:55:07.667795000Z DEBUG solana_program_runtime::stable_log] Program log: 8HmBNKTUaLh2t0OCLfu5/vohANIGmLQwagqPW0XjOo9cBwqeesN+9AAAAAAAAAAAAAAAAAAAQEIPAAAAAAAAAAAAAAAAAEBCDwAAAAAAAAA=
[2022-02-12T07:55:07.667919000Z DEBUG solana_bpf_loader_program] Program 4uQeVj5tqViQh7yWWGStvkEG1Zmhx6uasJtWCJziofM consumed 9389 of 200000 compute units
[2022-02-12T07:55:07.667977000Z DEBUG solana_program_runtime::stable_log] Program 4uQeVj5tqViQh7yWWGStvkEG1Zmhx6uasJtWCJziofM success
[2022-02-12T07:55:07.677957000Z DEBUG solana_program_runtime::stable_log] Program 4uQeVj5tqViQh7yWWGStvkEG1Zmhx6uasJtWCJziofM invoke [1]
[2022-02-12T07:55:07.678399000Z DEBUG solana_program_runtime::stable_log] Program log: Mango: UpdateFunding
[2022-02-12T07:55:07.679481000Z DEBUG solana_program_runtime::stable_log] Program log: mango-log
[2022-02-12T07:55:07.680084000Z DEBUG solana_program_runtime::stable_log] Program log: ta5iwCEXTXt2t0OCLfu5/vohANIGmLQwagqPW0XjOo9cBwqeesN+9AAAAAAAAAAAAAAAAAAAAAAAAAAAAAAAAAAAAAAAAAAAAAAAAAAAAAA=
[2022-02-12T07:55:07.680232000Z DEBUG solana_bpf_loader_program] Program 4uQeVj5tqViQh7yWWGStvkEG1Zmhx6uasJtWCJziofM consumed 6381 of 200000 compute units
[2022-02-12T07:55:07.680300000Z DEBUG solana_program_runtime::stable_log] Program 4uQeVj5tqViQh7yWWGStvkEG1Zmhx6uasJtWCJziofM success
[2022-02-12T07:55:07.690535000Z DEBUG solana_program_runtime::stable_log] Program 4uQeVj5tqViQh7yWWGStvkEG1Zmhx6uasJtWCJziofM invoke [1]
[2022-02-12T07:55:07.690922000Z DEBUG solana_program_runtime::stable_log] Program log: Mango: CacheRootBanks
[2022-02-12T07:55:07.691587000Z DEBUG solana_program_runtime::stable_log] Program log: mango-log
[2022-02-12T07:55:07.692463000Z DEBUG solana_program_runtime::stable_log] Program log: IVXYca/Gfeh2t0OCLfu5/vohANIGmLQwagqPW0XjOo9cBwqeesN+9AIAAAAAAAAAAAAAAA8AAAAAAAAAAgAAAAAAAAAAAEBCDwAAAAAAAAAAAAAAAABAQg8AAAAAAAAAAgAAAAAAAAAAAEBCDwAAAAAAAAAAAAAAAABAQg8AAAAAAAAA
[2022-02-12T07:55:07.692586000Z DEBUG solana_bpf_loader_program] Program 4uQeVj5tqViQh7yWWGStvkEG1Zmhx6uasJtWCJziofM consumed 5857 of 200000 compute units
[2022-02-12T07:55:07.692641000Z DEBUG solana_program_runtime::stable_log] Program 4uQeVj5tqViQh7yWWGStvkEG1Zmhx6uasJtWCJziofM success
[2022-02-12T07:55:07.702008000Z DEBUG solana_program_runtime::stable_log] Program 4uQeVj5tqViQh7yWWGStvkEG1Zmhx6uasJtWCJziofM invoke [1]
[2022-02-12T07:55:07.702336000Z DEBUG solana_program_runtime::stable_log] Program log: Mango: CachePerpMarkets
[2022-02-12T07:55:07.702725000Z DEBUG solana_program_runtime::stable_log] Program log: mango-log
[2022-02-12T07:55:07.703455000Z DEBUG solana_program_runtime::stable_log] Program log: 9lt9JxCzqw52t0OCLfu5/vohANIGmLQwagqPW0XjOo9cBwqeesN+9AEAAAAAAAAAAAAAAAEAAAAAAAAAAAAAAAAAAAAAAAAAAQAAAAAAAAAAAAAAAAAAAAAAAAA=
[2022-02-12T07:55:07.703557000Z DEBUG solana_bpf_loader_program] Program 4uQeVj5tqViQh7yWWGStvkEG1Zmhx6uasJtWCJziofM consumed 4331 of 200000 compute units
[2022-02-12T07:55:07.703612000Z DEBUG solana_program_runtime::stable_log] Program 4uQeVj5tqViQh7yWWGStvkEG1Zmhx6uasJtWCJziofM success
[2022-02-12T07:55:07.718056000Z DEBUG solana_program_runtime::stable_log] Program 4uQeVj5tqViQh7yWWGStvkEG1Zmhx6uasJtWCJziofM invoke [1]
[2022-02-12T07:55:07.719151000Z DEBUG solana_program_runtime::stable_log] Program log: Mango: Withdraw
[2022-02-12T07:55:07.720893000Z DEBUG solana_program_runtime::stable_log] Program log: mango-log
[2022-02-12T07:55:07.721632000Z DEBUG solana_program_runtime::stable_log] Program log: F5qwwQsqqPR2t0OCLfu5/vohANIGmLQwagqPW0XjOo9cBwqeesN+9KHPhvhxsHwkR/e/YWO/w74+IKTWJwJ7FxU3/ffVVbwHAAAAAAAAAAAAAAAAAAAAAAAAAAAAAAAAx7q4jQYAAAAAAAAAAAAAAA==
[2022-02-12T07:55:07.729773000Z DEBUG solana_program_runtime::stable_log] Program TokenkegQfeZyiNwAJbNbGKPFXCWuBvf9Ss623VQ5DA invoke [2]
[2022-02-12T07:55:07.730196000Z DEBUG solana_program_runtime::stable_log] Program log: Instruction: Transfer
[2022-02-12T07:55:07.731097000Z DEBUG solana_bpf_loader_program] Program TokenkegQfeZyiNwAJbNbGKPFXCWuBvf9Ss623VQ5DA consumed 3121 of 186570 compute units
[2022-02-12T07:55:07.731157000Z DEBUG solana_program_runtime::stable_log] Program TokenkegQfeZyiNwAJbNbGKPFXCWuBvf9Ss623VQ5DA success
[2022-02-12T07:55:07.731774000Z DEBUG solana_program_runtime::stable_log] Program log: mango-log
[2022-02-12T07:55:07.732536000Z DEBUG solana_program_runtime::stable_log] Program log: 60VzPrmsft92t0OCLfu5/vohANIGmLQwagqPW0XjOo9cBwqeesN+9KHPhvhxsHwkR/e/YWO/w74+IKTWJwJ7FxU3/ffVVbwHJUz+gN0BuHBxRSjk8Dv65BnpeV4hl/E3Y5kFHbM6H0oAAAAAAAAAAGQAAAAAAAAA
[2022-02-12T07:55:07.732868000Z DEBUG solana_bpf_loader_program] Program 4uQeVj5tqViQh7yWWGStvkEG1Zmhx6uasJtWCJziofM consumed 21148 of 200000 compute units
[2022-02-12T07:55:07.732949000Z DEBUG solana_program_runtime::stable_log] Program 4uQeVj5tqViQh7yWWGStvkEG1Zmhx6uasJtWCJziofM success
[2022-02-12T07:55:07.763302000Z DEBUG solana_program_runtime::stable_log] Program 4uQeVj5tqViQh7yWWGStvkEG1Zmhx6uasJtWCJziofM invoke [1]
[2022-02-12T07:55:07.763657000Z DEBUG solana_program_runtime::stable_log] Program log: Mango: CachePrices
[2022-02-12T07:55:07.763991000Z DEBUG solana_program_runtime::stable_log] Program log: mango-log
[2022-02-12T07:55:07.764584000Z DEBUG solana_program_runtime::stable_log] Program log: ux0uSxX5tBt2t0OCLfu5/vohANIGmLQwagqPW0XjOo9cBwqeesN+9AEAAAAAAAAAAAAAAAEAAAAAAAAAAAAQJwAAAAAAAAAA
[2022-02-12T07:55:07.764688000Z DEBUG solana_bpf_loader_program] Program 4uQeVj5tqViQh7yWWGStvkEG1Zmhx6uasJtWCJziofM consumed 3669 of 200000 compute units
[2022-02-12T07:55:07.764750000Z DEBUG solana_program_runtime::stable_log] Program 4uQeVj5tqViQh7yWWGStvkEG1Zmhx6uasJtWCJziofM success
[2022-02-12T07:55:07.775466000Z DEBUG solana_program_runtime::stable_log] Program 4uQeVj5tqViQh7yWWGStvkEG1Zmhx6uasJtWCJziofM invoke [1]
[2022-02-12T07:55:07.775858000Z DEBUG solana_program_runtime::stable_log] Program log: Mango: UpdateRootBank
[2022-02-12T07:55:07.778564000Z DEBUG solana_program_runtime::stable_log] Program log: mango-log
[2022-02-12T07:55:07.779169000Z DEBUG solana_program_runtime::stable_log] Program log: 8HmBNKTUaLh2t0OCLfu5/vohANIGmLQwagqPW0XjOo9cBwqeesN+9AAAAAAAAAAAAAAAAAAAQEIPAAAAAAAAAAAAAAAAAEBCDwAAAAAAAAA=
[2022-02-12T07:55:07.779294000Z DEBUG solana_bpf_loader_program] Program 4uQeVj5tqViQh7yWWGStvkEG1Zmhx6uasJtWCJziofM consumed 11643 of 200000 compute units
[2022-02-12T07:55:07.779349000Z DEBUG solana_program_runtime::stable_log] Program 4uQeVj5tqViQh7yWWGStvkEG1Zmhx6uasJtWCJziofM success
[2022-02-12T07:55:07.789836000Z DEBUG solana_program_runtime::stable_log] Program 4uQeVj5tqViQh7yWWGStvkEG1Zmhx6uasJtWCJziofM invoke [1]
[2022-02-12T07:55:07.790280000Z DEBUG solana_program_runtime::stable_log] Program log: Mango: UpdateFunding
[2022-02-12T07:55:07.791375000Z DEBUG solana_program_runtime::stable_log] Program log: mango-log
[2022-02-12T07:55:07.791978000Z DEBUG solana_program_runtime::stable_log] Program log: ta5iwCEXTXt2t0OCLfu5/vohANIGmLQwagqPW0XjOo9cBwqeesN+9AAAAAAAAAAAAAAAAAAAAAAAAAAAAAAAAAAAAAAAAAAAAAAAAAAAAAA=
[2022-02-12T07:55:07.792124000Z DEBUG solana_bpf_loader_program] Program 4uQeVj5tqViQh7yWWGStvkEG1Zmhx6uasJtWCJziofM consumed 6381 of 200000 compute units
[2022-02-12T07:55:07.792192000Z DEBUG solana_program_runtime::stable_log] Program 4uQeVj5tqViQh7yWWGStvkEG1Zmhx6uasJtWCJziofM success
[2022-02-12T07:55:07.802464000Z DEBUG solana_program_runtime::stable_log] Program 4uQeVj5tqViQh7yWWGStvkEG1Zmhx6uasJtWCJziofM invoke [1]
[2022-02-12T07:55:07.802850000Z DEBUG solana_program_runtime::stable_log] Program log: Mango: CacheRootBanks
[2022-02-12T07:55:07.803507000Z DEBUG solana_program_runtime::stable_log] Program log: mango-log
[2022-02-12T07:55:07.804392000Z DEBUG solana_program_runtime::stable_log] Program log: IVXYca/Gfeh2t0OCLfu5/vohANIGmLQwagqPW0XjOo9cBwqeesN+9AIAAAAAAAAAAAAAAA8AAAAAAAAAAgAAAAAAAAAAAEBCDwAAAAAAAAAAAAAAAABAQg8AAAAAAAAAAgAAAAAAAAAAAEBCDwAAAAAAAAAAAAAAAABAQg8AAAAAAAAA
[2022-02-12T07:55:07.804515000Z DEBUG solana_bpf_loader_program] Program 4uQeVj5tqViQh7yWWGStvkEG1Zmhx6uasJtWCJziofM consumed 5857 of 200000 compute units
[2022-02-12T07:55:07.804571000Z DEBUG solana_program_runtime::stable_log] Program 4uQeVj5tqViQh7yWWGStvkEG1Zmhx6uasJtWCJziofM success
[2022-02-12T07:55:07.815028000Z DEBUG solana_program_runtime::stable_log] Program 4uQeVj5tqViQh7yWWGStvkEG1Zmhx6uasJtWCJziofM invoke [1]
[2022-02-12T07:55:07.815361000Z DEBUG solana_program_runtime::stable_log] Program log: Mango: CachePerpMarkets
[2022-02-12T07:55:07.815751000Z DEBUG solana_program_runtime::stable_log] Program log: mango-log
[2022-02-12T07:55:07.816479000Z DEBUG solana_program_runtime::stable_log] Program log: 9lt9JxCzqw52t0OCLfu5/vohANIGmLQwagqPW0XjOo9cBwqeesN+9AEAAAAAAAAAAAAAAAEAAAAAAAAAAAAAAAAAAAAAAAAAAQAAAAAAAAAAAAAAAAAAAAAAAAA=
[2022-02-12T07:55:07.816586000Z DEBUG solana_bpf_loader_program] Program 4uQeVj5tqViQh7yWWGStvkEG1Zmhx6uasJtWCJziofM consumed 4331 of 200000 compute units
[2022-02-12T07:55:07.816637000Z DEBUG solana_program_runtime::stable_log] Program 4uQeVj5tqViQh7yWWGStvkEG1Zmhx6uasJtWCJziofM success
test test_interest_rate ... ok

test result: ok. 1 passed; 0 failed; 0 ignored; 0 measured; 0 filtered out; finished in 1.90s

     Running tests/test_liquidation_perp_market.rs (target/debug/deps/test_liquidation_perp_market-2511c4323a8ca28a)

running 1 test
[2022-02-12T07:55:08.093934000Z INFO  solana_program_test] "mango" BPF program from /Users/mc/repos/mango-v3/target/deploy/mango.so, modified 1 hour, 40 minutes, 32 seconds, 376 ms, 416 µs and 245 ns ago
[2022-02-12T07:55:08.095654000Z INFO  solana_program_test] "serum_dex" BPF program from tests/fixtures/serum_dex.so, modified 1 month, 3 weeks, 6 days, 18 hours, 26 minutes, 12 seconds, 432 ms, 324 µs and 382 ns ago
[2022-02-12T07:55:08.258492000Z DEBUG solana_program_runtime::stable_log] Program 11111111111111111111111111111111 invoke [1]
[2022-02-12T07:55:08.259331000Z DEBUG solana_program_runtime::stable_log] Program 11111111111111111111111111111111 success
[2022-02-12T07:55:08.262325000Z DEBUG solana_program_runtime::stable_log] Program 11111111111111111111111111111111 invoke [1]
[2022-02-12T07:55:08.262379000Z DEBUG solana_program_runtime::stable_log] Program 11111111111111111111111111111111 success
[2022-02-12T07:55:08.267003000Z DEBUG solana_program_runtime::stable_log] Program 11111111111111111111111111111111 invoke [1]
[2022-02-12T07:55:08.267053000Z DEBUG solana_program_runtime::stable_log] Program 11111111111111111111111111111111 success
[2022-02-12T07:55:08.292707000Z DEBUG solana_program_runtime::stable_log] Program TokenkegQfeZyiNwAJbNbGKPFXCWuBvf9Ss623VQ5DA invoke [1]
[2022-02-12T07:55:08.293804000Z DEBUG solana_program_runtime::stable_log] Program log: Instruction: InitializeAccount
[2022-02-12T07:55:08.294820000Z DEBUG solana_bpf_loader_program] Program TokenkegQfeZyiNwAJbNbGKPFXCWuBvf9Ss623VQ5DA consumed 3411 of 200000 compute units
[2022-02-12T07:55:08.294903000Z DEBUG solana_program_runtime::stable_log] Program TokenkegQfeZyiNwAJbNbGKPFXCWuBvf9Ss623VQ5DA success
[2022-02-12T07:55:08.298299000Z DEBUG solana_program_runtime::stable_log] Program 11111111111111111111111111111111 invoke [1]
[2022-02-12T07:55:08.298351000Z DEBUG solana_program_runtime::stable_log] Program 11111111111111111111111111111111 success
[2022-02-12T07:55:08.301658000Z DEBUG solana_program_runtime::stable_log] Program 11111111111111111111111111111111 invoke [1]
[2022-02-12T07:55:08.301709000Z DEBUG solana_program_runtime::stable_log] Program 11111111111111111111111111111111 success
[2022-02-12T07:55:08.305183000Z DEBUG solana_program_runtime::stable_log] Program 11111111111111111111111111111111 invoke [1]
[2022-02-12T07:55:08.305237000Z DEBUG solana_program_runtime::stable_log] Program 11111111111111111111111111111111 success
[2022-02-12T07:55:08.312908000Z DEBUG solana_program_runtime::stable_log] Program TokenkegQfeZyiNwAJbNbGKPFXCWuBvf9Ss623VQ5DA invoke [1]
[2022-02-12T07:55:08.313395000Z DEBUG solana_program_runtime::stable_log] Program log: Instruction: InitializeAccount
[2022-02-12T07:55:08.314390000Z DEBUG solana_bpf_loader_program] Program TokenkegQfeZyiNwAJbNbGKPFXCWuBvf9Ss623VQ5DA consumed 3411 of 200000 compute units
[2022-02-12T07:55:08.314447000Z DEBUG solana_program_runtime::stable_log] Program TokenkegQfeZyiNwAJbNbGKPFXCWuBvf9Ss623VQ5DA success
[2022-02-12T07:55:08.318016000Z DEBUG solana_program_runtime::stable_log] Program 11111111111111111111111111111111 invoke [1]
[2022-02-12T07:55:08.318068000Z DEBUG solana_program_runtime::stable_log] Program 11111111111111111111111111111111 success
[2022-02-12T07:55:08.326006000Z DEBUG solana_program_runtime::stable_log] Program TokenkegQfeZyiNwAJbNbGKPFXCWuBvf9Ss623VQ5DA invoke [1]
[2022-02-12T07:55:08.326566000Z DEBUG solana_program_runtime::stable_log] Program log: Instruction: InitializeAccount
[2022-02-12T07:55:08.327602000Z DEBUG solana_bpf_loader_program] Program TokenkegQfeZyiNwAJbNbGKPFXCWuBvf9Ss623VQ5DA consumed 3411 of 200000 compute units
[2022-02-12T07:55:08.327690000Z DEBUG solana_program_runtime::stable_log] Program TokenkegQfeZyiNwAJbNbGKPFXCWuBvf9Ss623VQ5DA success
[2022-02-12T07:55:08.330911000Z DEBUG solana_program_runtime::stable_log] Program 11111111111111111111111111111111 invoke [1]
[2022-02-12T07:55:08.330961000Z DEBUG solana_program_runtime::stable_log] Program 11111111111111111111111111111111 success
[2022-02-12T07:55:08.338643000Z DEBUG solana_program_runtime::stable_log] Program TokenkegQfeZyiNwAJbNbGKPFXCWuBvf9Ss623VQ5DA invoke [1]
[2022-02-12T07:55:08.339139000Z DEBUG solana_program_runtime::stable_log] Program log: Instruction: InitializeAccount
[2022-02-12T07:55:08.340140000Z DEBUG solana_bpf_loader_program] Program TokenkegQfeZyiNwAJbNbGKPFXCWuBvf9Ss623VQ5DA consumed 3411 of 200000 compute units
[2022-02-12T07:55:08.340204000Z DEBUG solana_program_runtime::stable_log] Program TokenkegQfeZyiNwAJbNbGKPFXCWuBvf9Ss623VQ5DA success
[2022-02-12T07:55:08.447318000Z DEBUG solana_program_runtime::stable_log] Program 4uQeVj5tqViQh7yWWGStvkEG1Zmhx6uasJtWCJziofM invoke [1]
[2022-02-12T07:55:08.448205000Z DEBUG solana_program_runtime::stable_log] Program log: Mango: InitMangoGroup
[2022-02-12T07:55:08.452720000Z DEBUG solana_bpf_loader_program] Program 4uQeVj5tqViQh7yWWGStvkEG1Zmhx6uasJtWCJziofM consumed 13160 of 200000 compute units
[2022-02-12T07:55:08.452830000Z DEBUG solana_program_runtime::stable_log] Program 4uQeVj5tqViQh7yWWGStvkEG1Zmhx6uasJtWCJziofM success
[2022-02-12T07:55:08.457939000Z DEBUG solana_program_runtime::stable_log] Program 11111111111111111111111111111111 invoke [1]
[2022-02-12T07:55:08.458016000Z DEBUG solana_program_runtime::stable_log] Program 11111111111111111111111111111111 success
[2022-02-12T07:55:08.467772000Z DEBUG solana_program_runtime::stable_log] Program 4uQeVj5tqViQh7yWWGStvkEG1Zmhx6uasJtWCJziofM invoke [1]
[2022-02-12T07:55:08.468112000Z DEBUG solana_program_runtime::stable_log] Program log: Mango: AddOracle
[2022-02-12T07:55:08.468200000Z DEBUG solana_program_runtime::stable_log] Program log: OracleType: got unknown or stub
[2022-02-12T07:55:08.468542000Z DEBUG solana_bpf_loader_program] Program 4uQeVj5tqViQh7yWWGStvkEG1Zmhx6uasJtWCJziofM consumed 1865 of 200000 compute units
[2022-02-12T07:55:08.468605000Z DEBUG solana_program_runtime::stable_log] Program 4uQeVj5tqViQh7yWWGStvkEG1Zmhx6uasJtWCJziofM success
[2022-02-12T07:55:08.471873000Z DEBUG solana_program_runtime::stable_log] Program 11111111111111111111111111111111 invoke [1]
[2022-02-12T07:55:08.471934000Z DEBUG solana_program_runtime::stable_log] Program 11111111111111111111111111111111 success
[2022-02-12T07:55:08.482664000Z DEBUG solana_program_runtime::stable_log] Program 4uQeVj5tqViQh7yWWGStvkEG1Zmhx6uasJtWCJziofM invoke [1]
[2022-02-12T07:55:08.482988000Z DEBUG solana_program_runtime::stable_log] Program log: Mango: InitMangoAccount DEPRECATED
[2022-02-12T07:55:08.483371000Z DEBUG solana_bpf_loader_program] Program 4uQeVj5tqViQh7yWWGStvkEG1Zmhx6uasJtWCJziofM consumed 1828 of 200000 compute units
[2022-02-12T07:55:08.483429000Z DEBUG solana_program_runtime::stable_log] Program 4uQeVj5tqViQh7yWWGStvkEG1Zmhx6uasJtWCJziofM success
[2022-02-12T07:55:08.486991000Z DEBUG solana_program_runtime::stable_log] Program 11111111111111111111111111111111 invoke [1]
[2022-02-12T07:55:08.487046000Z DEBUG solana_program_runtime::stable_log] Program 11111111111111111111111111111111 success
[2022-02-12T07:55:08.497822000Z DEBUG solana_program_runtime::stable_log] Program 4uQeVj5tqViQh7yWWGStvkEG1Zmhx6uasJtWCJziofM invoke [1]
[2022-02-12T07:55:08.498151000Z DEBUG solana_program_runtime::stable_log] Program log: Mango: InitMangoAccount DEPRECATED
[2022-02-12T07:55:08.498539000Z DEBUG solana_bpf_loader_program] Program 4uQeVj5tqViQh7yWWGStvkEG1Zmhx6uasJtWCJziofM consumed 1828 of 200000 compute units
[2022-02-12T07:55:08.498595000Z DEBUG solana_program_runtime::stable_log] Program 4uQeVj5tqViQh7yWWGStvkEG1Zmhx6uasJtWCJziofM success
[2022-02-12T07:55:08.501929000Z DEBUG solana_program_runtime::stable_log] Program 11111111111111111111111111111111 invoke [1]
[2022-02-12T07:55:08.501980000Z DEBUG solana_program_runtime::stable_log] Program 11111111111111111111111111111111 success
[2022-02-12T07:55:08.512689000Z DEBUG solana_program_runtime::stable_log] Program 4uQeVj5tqViQh7yWWGStvkEG1Zmhx6uasJtWCJziofM invoke [1]
[2022-02-12T07:55:08.513018000Z DEBUG solana_program_runtime::stable_log] Program log: Mango: InitMangoAccount DEPRECATED
[2022-02-12T07:55:08.513404000Z DEBUG solana_bpf_loader_program] Program 4uQeVj5tqViQh7yWWGStvkEG1Zmhx6uasJtWCJziofM consumed 1828 of 200000 compute units
[2022-02-12T07:55:08.513466000Z DEBUG solana_program_runtime::stable_log] Program 4uQeVj5tqViQh7yWWGStvkEG1Zmhx6uasJtWCJziofM success
[2022-02-12T07:55:08.518813000Z DEBUG solana_program_runtime::stable_log] Program 11111111111111111111111111111111 invoke [1]
[2022-02-12T07:55:08.518878000Z DEBUG solana_program_runtime::stable_log] Program 11111111111111111111111111111111 success
[2022-02-12T07:55:08.526609000Z DEBUG solana_program_runtime::stable_log] Program TokenkegQfeZyiNwAJbNbGKPFXCWuBvf9Ss623VQ5DA invoke [1]
[2022-02-12T07:55:08.527106000Z DEBUG solana_program_runtime::stable_log] Program log: Instruction: InitializeAccount
[2022-02-12T07:55:08.528107000Z DEBUG solana_bpf_loader_program] Program TokenkegQfeZyiNwAJbNbGKPFXCWuBvf9Ss623VQ5DA consumed 3411 of 200000 compute units
[2022-02-12T07:55:08.528166000Z DEBUG solana_program_runtime::stable_log] Program TokenkegQfeZyiNwAJbNbGKPFXCWuBvf9Ss623VQ5DA success
[2022-02-12T07:55:08.531854000Z DEBUG solana_program_runtime::stable_log] Program 11111111111111111111111111111111 invoke [1]
[2022-02-12T07:55:08.531909000Z DEBUG solana_program_runtime::stable_log] Program 11111111111111111111111111111111 success
[2022-02-12T07:55:08.539612000Z DEBUG solana_program_runtime::stable_log] Program TokenkegQfeZyiNwAJbNbGKPFXCWuBvf9Ss623VQ5DA invoke [1]
[2022-02-12T07:55:08.540097000Z DEBUG solana_program_runtime::stable_log] Program log: Instruction: InitializeAccount
[2022-02-12T07:55:08.541096000Z DEBUG solana_bpf_loader_program] Program TokenkegQfeZyiNwAJbNbGKPFXCWuBvf9Ss623VQ5DA consumed 3411 of 200000 compute units
[2022-02-12T07:55:08.541150000Z DEBUG solana_program_runtime::stable_log] Program TokenkegQfeZyiNwAJbNbGKPFXCWuBvf9Ss623VQ5DA success
[2022-02-12T07:55:08.550144000Z DEBUG solana_program_runtime::stable_log] Program 11111111111111111111111111111111 invoke [1]
[2022-02-12T07:55:08.550196000Z DEBUG solana_program_runtime::stable_log] Program 11111111111111111111111111111111 success
[2022-02-12T07:55:08.550260000Z DEBUG solana_program_runtime::stable_log] Program 11111111111111111111111111111111 invoke [1]
[2022-02-12T07:55:08.550301000Z DEBUG solana_program_runtime::stable_log] Program 11111111111111111111111111111111 success
[2022-02-12T07:55:08.550349000Z DEBUG solana_program_runtime::stable_log] Program 11111111111111111111111111111111 invoke [1]
[2022-02-12T07:55:08.550430000Z DEBUG solana_program_runtime::stable_log] Program 11111111111111111111111111111111 success
[2022-02-12T07:55:08.550653000Z DEBUG solana_program_runtime::stable_log] Program 11111111111111111111111111111111 invoke [1]
[2022-02-12T07:55:08.550703000Z DEBUG solana_program_runtime::stable_log] Program 11111111111111111111111111111111 success
[2022-02-12T07:55:08.550761000Z DEBUG solana_program_runtime::stable_log] Program 11111111111111111111111111111111 invoke [1]
[2022-02-12T07:55:08.550804000Z DEBUG solana_program_runtime::stable_log] Program 11111111111111111111111111111111 success
[2022-02-12T07:55:08.587266000Z DEBUG solana_program_runtime::stable_log] Program 8opHzTAnfzRpPEx21XtnrVTX28YQuCpAjcn1PczScKh invoke [1]
[2022-02-12T07:55:08.592170000Z DEBUG solana_bpf_loader_program] Program 8opHzTAnfzRpPEx21XtnrVTX28YQuCpAjcn1PczScKh consumed 13661 of 200000 compute units
[2022-02-12T07:55:08.592580000Z DEBUG solana_program_runtime::stable_log] Program 8opHzTAnfzRpPEx21XtnrVTX28YQuCpAjcn1PczScKh success
[2022-02-12T07:55:08.600373000Z DEBUG solana_program_runtime::stable_log] Program 11111111111111111111111111111111 invoke [1]
[2022-02-12T07:55:08.600446000Z DEBUG solana_program_runtime::stable_log] Program 11111111111111111111111111111111 success
[2022-02-12T07:55:08.608139000Z DEBUG solana_program_runtime::stable_log] Program TokenkegQfeZyiNwAJbNbGKPFXCWuBvf9Ss623VQ5DA invoke [1]
[2022-02-12T07:55:08.608646000Z DEBUG solana_program_runtime::stable_log] Program log: Instruction: InitializeAccount
[2022-02-12T07:55:08.609650000Z DEBUG solana_bpf_loader_program] Program TokenkegQfeZyiNwAJbNbGKPFXCWuBvf9Ss623VQ5DA consumed 3411 of 200000 compute units
[2022-02-12T07:55:08.609708000Z DEBUG solana_program_runtime::stable_log] Program TokenkegQfeZyiNwAJbNbGKPFXCWuBvf9Ss623VQ5DA success
[2022-02-12T07:55:08.612920000Z DEBUG solana_program_runtime::stable_log] Program 11111111111111111111111111111111 invoke [1]
[2022-02-12T07:55:08.612967000Z DEBUG solana_program_runtime::stable_log] Program 11111111111111111111111111111111 success
[2022-02-12T07:55:08.616270000Z DEBUG solana_program_runtime::stable_log] Program 11111111111111111111111111111111 invoke [1]
[2022-02-12T07:55:08.616318000Z DEBUG solana_program_runtime::stable_log] Program 11111111111111111111111111111111 success
[2022-02-12T07:55:08.627948000Z DEBUG solana_program_runtime::stable_log] Program 4uQeVj5tqViQh7yWWGStvkEG1Zmhx6uasJtWCJziofM invoke [1]
[2022-02-12T07:55:08.628638000Z DEBUG solana_program_runtime::stable_log] Program log: Mango: AddSpotMarket
[2022-02-12T07:55:08.634615000Z DEBUG solana_bpf_loader_program] Program 4uQeVj5tqViQh7yWWGStvkEG1Zmhx6uasJtWCJziofM consumed 20512 of 200000 compute units
[2022-02-12T07:55:08.634698000Z DEBUG solana_program_runtime::stable_log] Program 4uQeVj5tqViQh7yWWGStvkEG1Zmhx6uasJtWCJziofM success
[2022-02-12T07:55:08.638507000Z DEBUG solana_program_runtime::stable_log] Program 11111111111111111111111111111111 invoke [1]
[2022-02-12T07:55:08.638561000Z DEBUG solana_program_runtime::stable_log] Program 11111111111111111111111111111111 success
[2022-02-12T07:55:08.641999000Z DEBUG solana_program_runtime::stable_log] Program 11111111111111111111111111111111 invoke [1]
[2022-02-12T07:55:08.642046000Z DEBUG solana_program_runtime::stable_log] Program 11111111111111111111111111111111 success
[2022-02-12T07:55:08.645387000Z DEBUG solana_program_runtime::stable_log] Program 11111111111111111111111111111111 invoke [1]
[2022-02-12T07:55:08.645443000Z DEBUG solana_program_runtime::stable_log] Program 11111111111111111111111111111111 success
[2022-02-12T07:55:08.648812000Z DEBUG solana_program_runtime::stable_log] Program 11111111111111111111111111111111 invoke [1]
[2022-02-12T07:55:08.648866000Z DEBUG solana_program_runtime::stable_log] Program 11111111111111111111111111111111 success
[2022-02-12T07:55:08.652539000Z DEBUG solana_program_runtime::stable_log] Program 11111111111111111111111111111111 invoke [1]
[2022-02-12T07:55:08.652600000Z DEBUG solana_program_runtime::stable_log] Program 11111111111111111111111111111111 success
[2022-02-12T07:55:08.660368000Z DEBUG solana_program_runtime::stable_log] Program TokenkegQfeZyiNwAJbNbGKPFXCWuBvf9Ss623VQ5DA invoke [1]
[2022-02-12T07:55:08.660865000Z DEBUG solana_program_runtime::stable_log] Program log: Instruction: InitializeAccount
[2022-02-12T07:55:08.661863000Z DEBUG solana_bpf_loader_program] Program TokenkegQfeZyiNwAJbNbGKPFXCWuBvf9Ss623VQ5DA consumed 3411 of 200000 compute units
[2022-02-12T07:55:08.661919000Z DEBUG solana_program_runtime::stable_log] Program TokenkegQfeZyiNwAJbNbGKPFXCWuBvf9Ss623VQ5DA success
[2022-02-12T07:55:08.673073000Z DEBUG solana_program_runtime::stable_log] Program 4uQeVj5tqViQh7yWWGStvkEG1Zmhx6uasJtWCJziofM invoke [1]
[2022-02-12T07:55:08.673701000Z DEBUG solana_program_runtime::stable_log] Program log: Mango: AddPerpMarket DEPRECATED
[2022-02-12T07:55:08.679690000Z DEBUG solana_bpf_loader_program] Program 4uQeVj5tqViQh7yWWGStvkEG1Zmhx6uasJtWCJziofM consumed 20524 of 200000 compute units
[2022-02-12T07:55:08.679768000Z DEBUG solana_program_runtime::stable_log] Program 4uQeVj5tqViQh7yWWGStvkEG1Zmhx6uasJtWCJziofM success
[2022-02-12T07:55:08.691010000Z DEBUG solana_program_runtime::stable_log] Program 4uQeVj5tqViQh7yWWGStvkEG1Zmhx6uasJtWCJziofM invoke [1]
[2022-02-12T07:55:08.691347000Z DEBUG solana_program_runtime::stable_log] Program log: Mango: SetOracle
[2022-02-12T07:55:08.691628000Z DEBUG solana_bpf_loader_program] Program 4uQeVj5tqViQh7yWWGStvkEG1Zmhx6uasJtWCJziofM consumed 1550 of 200000 compute units
[2022-02-12T07:55:08.691682000Z DEBUG solana_program_runtime::stable_log] Program 4uQeVj5tqViQh7yWWGStvkEG1Zmhx6uasJtWCJziofM success
[2022-02-12T07:55:08.723009000Z DEBUG solana_program_runtime::stable_log] Program 4uQeVj5tqViQh7yWWGStvkEG1Zmhx6uasJtWCJziofM invoke [1]
[2022-02-12T07:55:08.723389000Z DEBUG solana_program_runtime::stable_log] Program log: Mango: CachePrices
[2022-02-12T07:55:08.723727000Z DEBUG solana_program_runtime::stable_log] Program log: mango-log
[2022-02-12T07:55:08.724324000Z DEBUG solana_program_runtime::stable_log] Program log: ux0uSxX5tBsvw0eWvBsUTKJNR7w/nT5SCNU8jnm3GGE/0sfqmogNnwEAAAAAAAAAAAAAAAEAAAAAAAAAAAAQJwAAAAAAAAAA
[2022-02-12T07:55:08.724432000Z DEBUG solana_bpf_loader_program] Program 4uQeVj5tqViQh7yWWGStvkEG1Zmhx6uasJtWCJziofM consumed 3669 of 200000 compute units
[2022-02-12T07:55:08.724494000Z DEBUG solana_program_runtime::stable_log] Program 4uQeVj5tqViQh7yWWGStvkEG1Zmhx6uasJtWCJziofM success
[2022-02-12T07:55:08.735124000Z DEBUG solana_program_runtime::stable_log] Program 4uQeVj5tqViQh7yWWGStvkEG1Zmhx6uasJtWCJziofM invoke [1]
[2022-02-12T07:55:08.735513000Z DEBUG solana_program_runtime::stable_log] Program log: Mango: UpdateRootBank
[2022-02-12T07:55:08.737265000Z DEBUG solana_program_runtime::stable_log] Program log: mango-log
[2022-02-12T07:55:08.737857000Z DEBUG solana_program_runtime::stable_log] Program log: 8HmBNKTUaLgvw0eWvBsUTKJNR7w/nT5SCNU8jnm3GGE/0sfqmogNnwAAAAAAAAAAAAAAAAAAQEIPAAAAAAAAAAAAAAAAAEBCDwAAAAAAAAA=
[2022-02-12T07:55:08.737978000Z DEBUG solana_bpf_loader_program] Program 4uQeVj5tqViQh7yWWGStvkEG1Zmhx6uasJtWCJziofM consumed 8523 of 200000 compute units
[2022-02-12T07:55:08.738032000Z DEBUG solana_program_runtime::stable_log] Program 4uQeVj5tqViQh7yWWGStvkEG1Zmhx6uasJtWCJziofM success
[2022-02-12T07:55:08.748597000Z DEBUG solana_program_runtime::stable_log] Program 4uQeVj5tqViQh7yWWGStvkEG1Zmhx6uasJtWCJziofM invoke [1]
[2022-02-12T07:55:08.749046000Z DEBUG solana_program_runtime::stable_log] Program log: Mango: UpdateFunding
[2022-02-12T07:55:08.750133000Z DEBUG solana_program_runtime::stable_log] Program log: mango-log
[2022-02-12T07:55:08.750731000Z DEBUG solana_program_runtime::stable_log] Program log: ta5iwCEXTXsvw0eWvBsUTKJNR7w/nT5SCNU8jnm3GGE/0sfqmogNnwAAAAAAAAAAAAAAAAAAAAAAAAAAAAAAAAAAAAAAAAAAAAAAAAAAAAA=
[2022-02-12T07:55:08.750875000Z DEBUG solana_bpf_loader_program] Program 4uQeVj5tqViQh7yWWGStvkEG1Zmhx6uasJtWCJziofM consumed 6381 of 200000 compute units
[2022-02-12T07:55:08.750946000Z DEBUG solana_program_runtime::stable_log] Program 4uQeVj5tqViQh7yWWGStvkEG1Zmhx6uasJtWCJziofM success
[2022-02-12T07:55:08.761051000Z DEBUG solana_program_runtime::stable_log] Program 4uQeVj5tqViQh7yWWGStvkEG1Zmhx6uasJtWCJziofM invoke [1]
[2022-02-12T07:55:08.761439000Z DEBUG solana_program_runtime::stable_log] Program log: Mango: CacheRootBanks
[2022-02-12T07:55:08.762091000Z DEBUG solana_program_runtime::stable_log] Program log: mango-log
[2022-02-12T07:55:08.762965000Z DEBUG solana_program_runtime::stable_log] Program log: IVXYca/Gfegvw0eWvBsUTKJNR7w/nT5SCNU8jnm3GGE/0sfqmogNnwIAAAAAAAAAAAAAAA8AAAAAAAAAAgAAAAAAAAAAAEBCDwAAAAAAAAAAAAAAAABAQg8AAAAAAAAAAgAAAAAAAAAAAEBCDwAAAAAAAAAAAAAAAABAQg8AAAAAAAAA
[2022-02-12T07:55:08.763097000Z DEBUG solana_bpf_loader_program] Program 4uQeVj5tqViQh7yWWGStvkEG1Zmhx6uasJtWCJziofM consumed 5857 of 200000 compute units
[2022-02-12T07:55:08.763158000Z DEBUG solana_program_runtime::stable_log] Program 4uQeVj5tqViQh7yWWGStvkEG1Zmhx6uasJtWCJziofM success
[2022-02-12T07:55:08.772576000Z DEBUG solana_program_runtime::stable_log] Program 4uQeVj5tqViQh7yWWGStvkEG1Zmhx6uasJtWCJziofM invoke [1]
[2022-02-12T07:55:08.772907000Z DEBUG solana_program_runtime::stable_log] Program log: Mango: CachePerpMarkets
[2022-02-12T07:55:08.773298000Z DEBUG solana_program_runtime::stable_log] Program log: mango-log
[2022-02-12T07:55:08.774020000Z DEBUG solana_program_runtime::stable_log] Program log: 9lt9JxCzqw4vw0eWvBsUTKJNR7w/nT5SCNU8jnm3GGE/0sfqmogNnwEAAAAAAAAAAAAAAAEAAAAAAAAAAAAAAAAAAAAAAAAAAQAAAAAAAAAAAAAAAAAAAAAAAAA=
[2022-02-12T07:55:08.774124000Z DEBUG solana_bpf_loader_program] Program 4uQeVj5tqViQh7yWWGStvkEG1Zmhx6uasJtWCJziofM consumed 4331 of 200000 compute units
[2022-02-12T07:55:08.774177000Z DEBUG solana_program_runtime::stable_log] Program 4uQeVj5tqViQh7yWWGStvkEG1Zmhx6uasJtWCJziofM success
[2022-02-12T07:55:08.788003000Z DEBUG solana_program_runtime::stable_log] Program 4uQeVj5tqViQh7yWWGStvkEG1Zmhx6uasJtWCJziofM invoke [1]
[2022-02-12T07:55:08.788665000Z DEBUG solana_program_runtime::stable_log] Program log: Mango: Deposit
[2022-02-12T07:55:08.797307000Z DEBUG solana_program_runtime::stable_log] Program TokenkegQfeZyiNwAJbNbGKPFXCWuBvf9Ss623VQ5DA invoke [2]
[2022-02-12T07:55:08.797733000Z DEBUG solana_program_runtime::stable_log] Program log: Instruction: Transfer
[2022-02-12T07:55:08.798626000Z DEBUG solana_bpf_loader_program] Program TokenkegQfeZyiNwAJbNbGKPFXCWuBvf9Ss623VQ5DA consumed 3121 of 194218 compute units
[2022-02-12T07:55:08.798683000Z DEBUG solana_program_runtime::stable_log] Program TokenkegQfeZyiNwAJbNbGKPFXCWuBvf9Ss623VQ5DA success
[2022-02-12T07:55:08.800126000Z DEBUG solana_program_runtime::stable_log] Program log: mango-log
[2022-02-12T07:55:08.800862000Z DEBUG solana_program_runtime::stable_log] Program log: F5qwwQsqqPQvw0eWvBsUTKJNR7w/nT5SCNU8jnm3GGE/0sfqmogNn6tpMQ8YnGydi7YUSXRqS3LQlkog64ZS6OETbFgzwqVbDwAAAAAAAAAAAAAAAAAQJwAAAAAAAAAAAAAAAAAAAAAAAAAAAAAAAA==
[2022-02-12T07:55:08.800892000Z DEBUG solana_program_runtime::stable_log] Program log: mango-log
[2022-02-12T07:55:08.801689000Z DEBUG solana_program_runtime::stable_log] Program log: jbqo/GyNSF4vw0eWvBsUTKJNR7w/nT5SCNU8jnm3GGE/0sfqmogNn6tpMQ8YnGydi7YUSXRqS3LQlkog64ZS6OETbFgzwqVbQopsqJtnwREKH8vyxKt/PP7cs1n/0txCFErCTJjZqR8PAAAAAAAAAADkC1QCAAAA
[2022-02-12T07:55:08.801909000Z DEBUG solana_bpf_loader_program] Program 4uQeVj5tqViQh7yWWGStvkEG1Zmhx6uasJtWCJziofM consumed 18920 of 200000 compute units
[2022-02-12T07:55:08.801976000Z DEBUG solana_program_runtime::stable_log] Program 4uQeVj5tqViQh7yWWGStvkEG1Zmhx6uasJtWCJziofM success
[2022-02-12T07:55:08.815321000Z DEBUG solana_program_runtime::stable_log] Program 4uQeVj5tqViQh7yWWGStvkEG1Zmhx6uasJtWCJziofM invoke [1]
[2022-02-12T07:55:08.815982000Z DEBUG solana_program_runtime::stable_log] Program log: Mango: Deposit
[2022-02-12T07:55:08.824316000Z DEBUG solana_program_runtime::stable_log] Program TokenkegQfeZyiNwAJbNbGKPFXCWuBvf9Ss623VQ5DA invoke [2]
[2022-02-12T07:55:08.824738000Z DEBUG solana_program_runtime::stable_log] Program log: Instruction: Transfer
[2022-02-12T07:55:08.825625000Z DEBUG solana_bpf_loader_program] Program TokenkegQfeZyiNwAJbNbGKPFXCWuBvf9Ss623VQ5DA consumed 3121 of 194804 compute units
[2022-02-12T07:55:08.825678000Z DEBUG solana_program_runtime::stable_log] Program TokenkegQfeZyiNwAJbNbGKPFXCWuBvf9Ss623VQ5DA success
[2022-02-12T07:55:08.826920000Z DEBUG solana_program_runtime::stable_log] Program log: mango-log
[2022-02-12T07:55:08.827658000Z DEBUG solana_program_runtime::stable_log] Program log: F5qwwQsqqPQvw0eWvBsUTKJNR7w/nT5SCNU8jnm3GGE/0sfqmogNnwwHrfOMxDc2LRvZjITXDAwJPs9EfRwIwOiD5Sfv2DG6AAAAAAAAAAAAAAAAAAABAAAAAAAAAAAAAAAAAAAAAAAAAAAAAAAAAA==
[2022-02-12T07:55:08.827687000Z DEBUG solana_program_runtime::stable_log] Program log: mango-log
[2022-02-12T07:55:08.828491000Z DEBUG solana_program_runtime::stable_log] Program log: jbqo/GyNSF4vw0eWvBsUTKJNR7w/nT5SCNU8jnm3GGE/0sfqmogNnwwHrfOMxDc2LRvZjITXDAwJPs9EfRwIwOiD5Sfv2DG60h1C52gAQaYun+ZPDKVl+ohbkb50jNqs3HokKgUY49MAAAAAAAAAAEBCDwAAAAAA
[2022-02-12T07:55:08.828712000Z DEBUG solana_bpf_loader_program] Program 4uQeVj5tqViQh7yWWGStvkEG1Zmhx6uasJtWCJziofM consumed 17628 of 200000 compute units
[2022-02-12T07:55:08.828779000Z DEBUG solana_program_runtime::stable_log] Program 4uQeVj5tqViQh7yWWGStvkEG1Zmhx6uasJtWCJziofM success
[2022-02-12T07:55:08.841344000Z DEBUG solana_program_runtime::stable_log] Program 4uQeVj5tqViQh7yWWGStvkEG1Zmhx6uasJtWCJziofM invoke [1]
[2022-02-12T07:55:08.842001000Z DEBUG solana_program_runtime::stable_log] Program log: Mango: Deposit
[2022-02-12T07:55:08.850557000Z DEBUG solana_program_runtime::stable_log] Program TokenkegQfeZyiNwAJbNbGKPFXCWuBvf9Ss623VQ5DA invoke [2]
[2022-02-12T07:55:08.850976000Z DEBUG solana_program_runtime::stable_log] Program log: Instruction: Transfer
[2022-02-12T07:55:08.851866000Z DEBUG solana_bpf_loader_program] Program TokenkegQfeZyiNwAJbNbGKPFXCWuBvf9Ss623VQ5DA consumed 3121 of 194218 compute units
[2022-02-12T07:55:08.851920000Z DEBUG solana_program_runtime::stable_log] Program TokenkegQfeZyiNwAJbNbGKPFXCWuBvf9Ss623VQ5DA success
[2022-02-12T07:55:08.853362000Z DEBUG solana_program_runtime::stable_log] Program log: mango-log
[2022-02-12T07:55:08.854101000Z DEBUG solana_program_runtime::stable_log] Program log: F5qwwQsqqPQvw0eWvBsUTKJNR7w/nT5SCNU8jnm3GGE/0sfqmogNn/dlnOBnWMCyTKVJGYX6gZ9gOOuY5UY6vidgd7AjbnNsDwAAAAAAAAAAAAAAAAAQJwAAAAAAAAAAAAAAAAAAAAAAAAAAAAAAAA==
[2022-02-12T07:55:08.854131000Z DEBUG solana_program_runtime::stable_log] Program log: mango-log
[2022-02-12T07:55:08.854931000Z DEBUG solana_program_runtime::stable_log] Program log: jbqo/GyNSF4vw0eWvBsUTKJNR7w/nT5SCNU8jnm3GGE/0sfqmogNn/dlnOBnWMCyTKVJGYX6gZ9gOOuY5UY6vidgd7AjbnNstHYHHhO/xJicvXAFxfkjNN53lINtuyp1hJjqep0thtsPAAAAAAAAAADkC1QCAAAA
[2022-02-12T07:55:08.855151000Z DEBUG solana_bpf_loader_program] Program 4uQeVj5tqViQh7yWWGStvkEG1Zmhx6uasJtWCJziofM consumed 18920 of 200000 compute units
[2022-02-12T07:55:08.855219000Z DEBUG solana_program_runtime::stable_log] Program 4uQeVj5tqViQh7yWWGStvkEG1Zmhx6uasJtWCJziofM success
[2022-02-12T07:55:08.888406000Z DEBUG solana_program_runtime::stable_log] Program 4uQeVj5tqViQh7yWWGStvkEG1Zmhx6uasJtWCJziofM invoke [1]
[2022-02-12T07:55:08.888769000Z DEBUG solana_program_runtime::stable_log] Program log: Mango: CachePrices
[2022-02-12T07:55:08.889089000Z DEBUG solana_program_runtime::stable_log] Program log: mango-log
[2022-02-12T07:55:08.889678000Z DEBUG solana_program_runtime::stable_log] Program log: ux0uSxX5tBsvw0eWvBsUTKJNR7w/nT5SCNU8jnm3GGE/0sfqmogNnwEAAAAAAAAAAAAAAAEAAAAAAAAAAAAQJwAAAAAAAAAA
[2022-02-12T07:55:08.889782000Z DEBUG solana_bpf_loader_program] Program 4uQeVj5tqViQh7yWWGStvkEG1Zmhx6uasJtWCJziofM consumed 3669 of 200000 compute units
[2022-02-12T07:55:08.889843000Z DEBUG solana_program_runtime::stable_log] Program 4uQeVj5tqViQh7yWWGStvkEG1Zmhx6uasJtWCJziofM success
[2022-02-12T07:55:08.900343000Z DEBUG solana_program_runtime::stable_log] Program 4uQeVj5tqViQh7yWWGStvkEG1Zmhx6uasJtWCJziofM invoke [1]
[2022-02-12T07:55:08.900731000Z DEBUG solana_program_runtime::stable_log] Program log: Mango: UpdateRootBank
[2022-02-12T07:55:08.902761000Z DEBUG solana_program_runtime::stable_log] Program log: mango-log
[2022-02-12T07:55:08.903361000Z DEBUG solana_program_runtime::stable_log] Program log: 8HmBNKTUaLgvw0eWvBsUTKJNR7w/nT5SCNU8jnm3GGE/0sfqmogNnwAAAAAAAAAAAAAAAAAAQEIPAAAAAAAAAAAAAAAAAEBCDwAAAAAAAAA=
[2022-02-12T07:55:08.903483000Z DEBUG solana_bpf_loader_program] Program 4uQeVj5tqViQh7yWWGStvkEG1Zmhx6uasJtWCJziofM consumed 9360 of 200000 compute units
[2022-02-12T07:55:08.903537000Z DEBUG solana_program_runtime::stable_log] Program 4uQeVj5tqViQh7yWWGStvkEG1Zmhx6uasJtWCJziofM success
[2022-02-12T07:55:08.913543000Z DEBUG solana_program_runtime::stable_log] Program 4uQeVj5tqViQh7yWWGStvkEG1Zmhx6uasJtWCJziofM invoke [1]
[2022-02-12T07:55:08.913977000Z DEBUG solana_program_runtime::stable_log] Program log: Mango: UpdateFunding
[2022-02-12T07:55:08.915060000Z DEBUG solana_program_runtime::stable_log] Program log: mango-log
[2022-02-12T07:55:08.915659000Z DEBUG solana_program_runtime::stable_log] Program log: ta5iwCEXTXsvw0eWvBsUTKJNR7w/nT5SCNU8jnm3GGE/0sfqmogNnwAAAAAAAAAAAAAAAAAAAAAAAAAAAAAAAAAAAAAAAAAAAAAAAAAAAAA=
[2022-02-12T07:55:08.915803000Z DEBUG solana_bpf_loader_program] Program 4uQeVj5tqViQh7yWWGStvkEG1Zmhx6uasJtWCJziofM consumed 6381 of 200000 compute units
[2022-02-12T07:55:08.915870000Z DEBUG solana_program_runtime::stable_log] Program 4uQeVj5tqViQh7yWWGStvkEG1Zmhx6uasJtWCJziofM success
[2022-02-12T07:55:08.926231000Z DEBUG solana_program_runtime::stable_log] Program 4uQeVj5tqViQh7yWWGStvkEG1Zmhx6uasJtWCJziofM invoke [1]
[2022-02-12T07:55:08.926619000Z DEBUG solana_program_runtime::stable_log] Program log: Mango: CacheRootBanks
[2022-02-12T07:55:08.927275000Z DEBUG solana_program_runtime::stable_log] Program log: mango-log
[2022-02-12T07:55:08.928147000Z DEBUG solana_program_runtime::stable_log] Program log: IVXYca/Gfegvw0eWvBsUTKJNR7w/nT5SCNU8jnm3GGE/0sfqmogNnwIAAAAAAAAAAAAAAA8AAAAAAAAAAgAAAAAAAAAAAEBCDwAAAAAAAAAAAAAAAABAQg8AAAAAAAAAAgAAAAAAAAAAAEBCDwAAAAAAAAAAAAAAAABAQg8AAAAAAAAA
[2022-02-12T07:55:08.928274000Z DEBUG solana_bpf_loader_program] Program 4uQeVj5tqViQh7yWWGStvkEG1Zmhx6uasJtWCJziofM consumed 5857 of 200000 compute units
[2022-02-12T07:55:08.928326000Z DEBUG solana_program_runtime::stable_log] Program 4uQeVj5tqViQh7yWWGStvkEG1Zmhx6uasJtWCJziofM success
[2022-02-12T07:55:08.937698000Z DEBUG solana_program_runtime::stable_log] Program 4uQeVj5tqViQh7yWWGStvkEG1Zmhx6uasJtWCJziofM invoke [1]
[2022-02-12T07:55:08.938023000Z DEBUG solana_program_runtime::stable_log] Program log: Mango: CachePerpMarkets
[2022-02-12T07:55:08.938410000Z DEBUG solana_program_runtime::stable_log] Program log: mango-log
[2022-02-12T07:55:08.939136000Z DEBUG solana_program_runtime::stable_log] Program log: 9lt9JxCzqw4vw0eWvBsUTKJNR7w/nT5SCNU8jnm3GGE/0sfqmogNnwEAAAAAAAAAAAAAAAEAAAAAAAAAAAAAAAAAAAAAAAAAAQAAAAAAAAAAAAAAAAAAAAAAAAA=
[2022-02-12T07:55:08.939238000Z DEBUG solana_bpf_loader_program] Program 4uQeVj5tqViQh7yWWGStvkEG1Zmhx6uasJtWCJziofM consumed 4331 of 200000 compute units
[2022-02-12T07:55:08.939290000Z DEBUG solana_program_runtime::stable_log] Program 4uQeVj5tqViQh7yWWGStvkEG1Zmhx6uasJtWCJziofM success
[2022-02-12T07:55:08.953991000Z DEBUG solana_program_runtime::stable_log] Program 4uQeVj5tqViQh7yWWGStvkEG1Zmhx6uasJtWCJziofM invoke [1]
[2022-02-12T07:55:08.955171000Z DEBUG solana_program_runtime::stable_log] Program log: Mango: PlacePerpOrder client_order_id=10000
[2022-02-12T07:55:08.959628000Z DEBUG solana_program_runtime::stable_log] Program log: ask on book order_id=1844674407370955161600001 quantity=10000 price=100000
[2022-02-12T07:55:08.960439000Z DEBUG solana_bpf_loader_program] Program 4uQeVj5tqViQh7yWWGStvkEG1Zmhx6uasJtWCJziofM consumed 19343 of 200000 compute units
[2022-02-12T07:55:08.960522000Z DEBUG solana_program_runtime::stable_log] Program 4uQeVj5tqViQh7yWWGStvkEG1Zmhx6uasJtWCJziofM success
[2022-02-12T07:55:08.974191000Z DEBUG solana_program_runtime::stable_log] Program 4uQeVj5tqViQh7yWWGStvkEG1Zmhx6uasJtWCJziofM invoke [1]
[2022-02-12T07:55:08.975359000Z DEBUG solana_program_runtime::stable_log] Program log: Mango: PlacePerpOrder client_order_id=10001
[2022-02-12T07:55:08.979764000Z DEBUG solana_program_runtime::stable_log] Program log: mango-log
[2022-02-12T07:55:08.980715000Z DEBUG solana_program_runtime::stable_log] Program log: hz686jV+Ltkvw0eWvBsUTKJNR7w/nT5SCNU8jnm3GGE/0sfqmogNn6tpMQ8YnGydi7YUSXRqS3LQlkog64ZS6OETbFgzwqVbAAAAAAAAAAAAAAAAAAAAAABUvfn+//8eCvr///////8AAAAAAAAAAAAAAAAAAAAAAAAAAAAAAAAAAAAAAAAAAAAAAAAAAAAAAAAAAAAAAAAAAAAAAAAAAAAAAAAAAAAA
[2022-02-12T07:55:08.981459000Z DEBUG solana_bpf_loader_program] Program 4uQeVj5tqViQh7yWWGStvkEG1Zmhx6uasJtWCJziofM consumed 22058 of 200000 compute units
[2022-02-12T07:55:08.981547000Z DEBUG solana_program_runtime::stable_log] Program 4uQeVj5tqViQh7yWWGStvkEG1Zmhx6uasJtWCJziofM success
[2022-02-12T07:55:09.014059000Z DEBUG solana_program_runtime::stable_log] Program 4uQeVj5tqViQh7yWWGStvkEG1Zmhx6uasJtWCJziofM invoke [1]
[2022-02-12T07:55:09.014411000Z DEBUG solana_program_runtime::stable_log] Program log: Mango: CachePrices
[2022-02-12T07:55:09.014743000Z DEBUG solana_program_runtime::stable_log] Program log: mango-log
[2022-02-12T07:55:09.015330000Z DEBUG solana_program_runtime::stable_log] Program log: ux0uSxX5tBsvw0eWvBsUTKJNR7w/nT5SCNU8jnm3GGE/0sfqmogNnwEAAAAAAAAAAAAAAAEAAAAAAAAAAAAQJwAAAAAAAAAA
[2022-02-12T07:55:09.015431000Z DEBUG solana_bpf_loader_program] Program 4uQeVj5tqViQh7yWWGStvkEG1Zmhx6uasJtWCJziofM consumed 3669 of 200000 compute units
[2022-02-12T07:55:09.015489000Z DEBUG solana_program_runtime::stable_log] Program 4uQeVj5tqViQh7yWWGStvkEG1Zmhx6uasJtWCJziofM success
[2022-02-12T07:55:09.026290000Z DEBUG solana_program_runtime::stable_log] Program 4uQeVj5tqViQh7yWWGStvkEG1Zmhx6uasJtWCJziofM invoke [1]
[2022-02-12T07:55:09.026677000Z DEBUG solana_program_runtime::stable_log] Program log: Mango: UpdateRootBank
[2022-02-12T07:55:09.028718000Z DEBUG solana_program_runtime::stable_log] Program log: mango-log
[2022-02-12T07:55:09.029317000Z DEBUG solana_program_runtime::stable_log] Program log: 8HmBNKTUaLgvw0eWvBsUTKJNR7w/nT5SCNU8jnm3GGE/0sfqmogNnwAAAAAAAAAAAAAAAAAAQEIPAAAAAAAAAAAAAAAAAEBCDwAAAAAAAAA=
[2022-02-12T07:55:09.029441000Z DEBUG solana_bpf_loader_program] Program 4uQeVj5tqViQh7yWWGStvkEG1Zmhx6uasJtWCJziofM consumed 9360 of 200000 compute units
[2022-02-12T07:55:09.029497000Z DEBUG solana_program_runtime::stable_log] Program 4uQeVj5tqViQh7yWWGStvkEG1Zmhx6uasJtWCJziofM success
[2022-02-12T07:55:09.039601000Z DEBUG solana_program_runtime::stable_log] Program 4uQeVj5tqViQh7yWWGStvkEG1Zmhx6uasJtWCJziofM invoke [1]
[2022-02-12T07:55:09.040040000Z DEBUG solana_program_runtime::stable_log] Program log: Mango: UpdateFunding
[2022-02-12T07:55:09.041127000Z DEBUG solana_program_runtime::stable_log] Program log: mango-log
[2022-02-12T07:55:09.041725000Z DEBUG solana_program_runtime::stable_log] Program log: ta5iwCEXTXsvw0eWvBsUTKJNR7w/nT5SCNU8jnm3GGE/0sfqmogNnwAAAAAAAAAAAAAAAAAAAAAAAAAAAAAAAAAAAAAAAAAAAAAAAAAAAAA=
[2022-02-12T07:55:09.041873000Z DEBUG solana_bpf_loader_program] Program 4uQeVj5tqViQh7yWWGStvkEG1Zmhx6uasJtWCJziofM consumed 6381 of 200000 compute units
[2022-02-12T07:55:09.041940000Z DEBUG solana_program_runtime::stable_log] Program 4uQeVj5tqViQh7yWWGStvkEG1Zmhx6uasJtWCJziofM success
[2022-02-12T07:55:09.052304000Z DEBUG solana_program_runtime::stable_log] Program 4uQeVj5tqViQh7yWWGStvkEG1Zmhx6uasJtWCJziofM invoke [1]
[2022-02-12T07:55:09.052690000Z DEBUG solana_program_runtime::stable_log] Program log: Mango: CacheRootBanks
[2022-02-12T07:55:09.053347000Z DEBUG solana_program_runtime::stable_log] Program log: mango-log
[2022-02-12T07:55:09.054227000Z DEBUG solana_program_runtime::stable_log] Program log: IVXYca/Gfegvw0eWvBsUTKJNR7w/nT5SCNU8jnm3GGE/0sfqmogNnwIAAAAAAAAAAAAAAA8AAAAAAAAAAgAAAAAAAAAAAEBCDwAAAAAAAAAAAAAAAABAQg8AAAAAAAAAAgAAAAAAAAAAAEBCDwAAAAAAAAAAAAAAAABAQg8AAAAAAAAA
[2022-02-12T07:55:09.054353000Z DEBUG solana_bpf_loader_program] Program 4uQeVj5tqViQh7yWWGStvkEG1Zmhx6uasJtWCJziofM consumed 5857 of 200000 compute units
[2022-02-12T07:55:09.054406000Z DEBUG solana_program_runtime::stable_log] Program 4uQeVj5tqViQh7yWWGStvkEG1Zmhx6uasJtWCJziofM success
[2022-02-12T07:55:09.063737000Z DEBUG solana_program_runtime::stable_log] Program 4uQeVj5tqViQh7yWWGStvkEG1Zmhx6uasJtWCJziofM invoke [1]
[2022-02-12T07:55:09.064063000Z DEBUG solana_program_runtime::stable_log] Program log: Mango: CachePerpMarkets
[2022-02-12T07:55:09.064455000Z DEBUG solana_program_runtime::stable_log] Program log: mango-log
[2022-02-12T07:55:09.065178000Z DEBUG solana_program_runtime::stable_log] Program log: 9lt9JxCzqw4vw0eWvBsUTKJNR7w/nT5SCNU8jnm3GGE/0sfqmogNnwEAAAAAAAAAAAAAAAEAAAAAAAAAAAAAAAAAAAAAAAAAAQAAAAAAAAAAAAAAAAAAAAAAAAA=
[2022-02-12T07:55:09.065282000Z DEBUG solana_bpf_loader_program] Program 4uQeVj5tqViQh7yWWGStvkEG1Zmhx6uasJtWCJziofM consumed 4331 of 200000 compute units
[2022-02-12T07:55:09.065336000Z DEBUG solana_program_runtime::stable_log] Program 4uQeVj5tqViQh7yWWGStvkEG1Zmhx6uasJtWCJziofM success
[2022-02-12T07:55:09.077058000Z DEBUG solana_program_runtime::stable_log] Program 4uQeVj5tqViQh7yWWGStvkEG1Zmhx6uasJtWCJziofM invoke [1]
[2022-02-12T07:55:09.077703000Z DEBUG solana_program_runtime::stable_log] Program log: Mango: ConsumeEvents limit=3
[2022-02-12T07:55:09.079507000Z DEBUG solana_program_runtime::stable_log] Program log: mango-log
[2022-02-12T07:55:09.080145000Z DEBUG solana_program_runtime::stable_log] Program log: 9qpXciJ+y8Qvw0eWvBsUTKJNR7w/nT5SCNU8jnm3GGE/0sfqmogNnwwHrfOMxDc2LRvZjITXDAwJPs9EfRwIwOiD5Sfv2DG6AAAAAAAAAAAAAAAAAAAAAA==
[2022-02-12T07:55:09.080186000Z DEBUG solana_program_runtime::stable_log] Program log: mango-log
[2022-02-12T07:55:09.081175000Z DEBUG solana_program_runtime::stable_log] Program log: hz686jV+Ltkvw0eWvBsUTKJNR7w/nT5SCNU8jnm3GGE/0sfqmogNnwwHrfOMxDc2LRvZjITXDAwJPs9EfRwIwOiD5Sfv2DG6AAAAAAAAAADw2P///////wBUvfn+//8CFk4CAAAAAAAAAAAAAAAAAAAAAAAAAAAAAAAAAAAAAAAAAAAAAAAAAAAAAAAAAAAAAAAAAAAAAAAAAAAAAAAAAAAAAAAAAAAA
[2022-02-12T07:55:09.081217000Z DEBUG solana_program_runtime::stable_log] Program log: mango-log
[2022-02-12T07:55:09.082202000Z DEBUG solana_program_runtime::stable_log] Program log: hz686jV+Ltkvw0eWvBsUTKJNR7w/nT5SCNU8jnm3GGE/0sfqmogNn6tpMQ8YnGydi7YUSXRqS3LQlkog64ZS6OETbFgzwqVbAAAAAAAAAAAQJwAAAAAAAABUvfn+//86/qX9//////8AAAAAAAAAAAAAAAAAAAAAAAAAAAAAAAAAAAAAAAAAAAAAAAAAAAAAAAAAAAAAAAAAAAAAAAAAAAAAAAAAAAAA
[2022-02-12T07:55:09.082237000Z DEBUG solana_program_runtime::stable_log] Program log: mango-log
[2022-02-12T07:55:09.083369000Z DEBUG solana_program_runtime::stable_log] Program log: lhcplJii10Avw0eWvBsUTKJNR7w/nT5SCNU8jnm3GGE/0sfqmogNnwAAAAAAAAAAAAAB3GcHYgAAAAAAAAAAAAAAAAwHrfOMxDc2LRvZjITXDAwJPs9EfRwIwOiD5Sfv2DG6AQAAAAAAAACghgEAAAAAABAnAAAAAAAAw/UoXI8CAAAAAAAAAAAAAKCGAQAAAAAA3GcHYgAAAACraTEPGJxsnYu2FEl0akty0JZKIOuGUujhE2xYM8KlW/3/////////oIYBAAAAAAARJwAAAAAAAMP1KFyPAgAAAAAAAAAAAACghgEAAAAAABAnAAAAAAAA
[2022-02-12T07:55:09.083545000Z DEBUG solana_bpf_loader_program] Program 4uQeVj5tqViQh7yWWGStvkEG1Zmhx6uasJtWCJziofM consumed 19818 of 200000 compute units
[2022-02-12T07:55:09.083618000Z DEBUG solana_program_runtime::stable_log] Program 4uQeVj5tqViQh7yWWGStvkEG1Zmhx6uasJtWCJziofM success
[2022-02-12T07:55:09.114816000Z DEBUG solana_program_runtime::stable_log] Program 4uQeVj5tqViQh7yWWGStvkEG1Zmhx6uasJtWCJziofM invoke [1]
[2022-02-12T07:55:09.115173000Z DEBUG solana_program_runtime::stable_log] Program log: Mango: CachePrices
[2022-02-12T07:55:09.115492000Z DEBUG solana_program_runtime::stable_log] Program log: mango-log
[2022-02-12T07:55:09.116079000Z DEBUG solana_program_runtime::stable_log] Program log: ux0uSxX5tBsvw0eWvBsUTKJNR7w/nT5SCNU8jnm3GGE/0sfqmogNnwEAAAAAAAAAAAAAAAEAAAAAAAAAAAAQJwAAAAAAAAAA
[2022-02-12T07:55:09.116183000Z DEBUG solana_bpf_loader_program] Program 4uQeVj5tqViQh7yWWGStvkEG1Zmhx6uasJtWCJziofM consumed 3669 of 200000 compute units
[2022-02-12T07:55:09.116244000Z DEBUG solana_program_runtime::stable_log] Program 4uQeVj5tqViQh7yWWGStvkEG1Zmhx6uasJtWCJziofM success
[2022-02-12T07:55:09.126954000Z DEBUG solana_program_runtime::stable_log] Program 4uQeVj5tqViQh7yWWGStvkEG1Zmhx6uasJtWCJziofM invoke [1]
[2022-02-12T07:55:09.127340000Z DEBUG solana_program_runtime::stable_log] Program log: Mango: UpdateRootBank
[2022-02-12T07:55:09.129378000Z DEBUG solana_program_runtime::stable_log] Program log: mango-log
[2022-02-12T07:55:09.129976000Z DEBUG solana_program_runtime::stable_log] Program log: 8HmBNKTUaLgvw0eWvBsUTKJNR7w/nT5SCNU8jnm3GGE/0sfqmogNnwAAAAAAAAAAAAAAAAAAQEIPAAAAAAAAAAAAAAAAAEBCDwAAAAAAAAA=
[2022-02-12T07:55:09.130098000Z DEBUG solana_bpf_loader_program] Program 4uQeVj5tqViQh7yWWGStvkEG1Zmhx6uasJtWCJziofM consumed 9360 of 200000 compute units
[2022-02-12T07:55:09.130151000Z DEBUG solana_program_runtime::stable_log] Program 4uQeVj5tqViQh7yWWGStvkEG1Zmhx6uasJtWCJziofM success
[2022-02-12T07:55:09.140134000Z DEBUG solana_program_runtime::stable_log] Program 4uQeVj5tqViQh7yWWGStvkEG1Zmhx6uasJtWCJziofM invoke [1]
[2022-02-12T07:55:09.140574000Z DEBUG solana_program_runtime::stable_log] Program log: Mango: UpdateFunding
[2022-02-12T07:55:09.141655000Z DEBUG solana_program_runtime::stable_log] Program log: mango-log
[2022-02-12T07:55:09.142253000Z DEBUG solana_program_runtime::stable_log] Program log: ta5iwCEXTXsvw0eWvBsUTKJNR7w/nT5SCNU8jnm3GGE/0sfqmogNnwAAAAAAAAAAAAAAAAAAAAAAAAAAAAAAAAAAAAAAAAAAAAAAAAAAAAA=
[2022-02-12T07:55:09.142399000Z DEBUG solana_bpf_loader_program] Program 4uQeVj5tqViQh7yWWGStvkEG1Zmhx6uasJtWCJziofM consumed 6381 of 200000 compute units
[2022-02-12T07:55:09.142465000Z DEBUG solana_program_runtime::stable_log] Program 4uQeVj5tqViQh7yWWGStvkEG1Zmhx6uasJtWCJziofM success
[2022-02-12T07:55:09.152803000Z DEBUG solana_program_runtime::stable_log] Program 4uQeVj5tqViQh7yWWGStvkEG1Zmhx6uasJtWCJziofM invoke [1]
[2022-02-12T07:55:09.153184000Z DEBUG solana_program_runtime::stable_log] Program log: Mango: CacheRootBanks
[2022-02-12T07:55:09.153834000Z DEBUG solana_program_runtime::stable_log] Program log: mango-log
[2022-02-12T07:55:09.154706000Z DEBUG solana_program_runtime::stable_log] Program log: IVXYca/Gfegvw0eWvBsUTKJNR7w/nT5SCNU8jnm3GGE/0sfqmogNnwIAAAAAAAAAAAAAAA8AAAAAAAAAAgAAAAAAAAAAAEBCDwAAAAAAAAAAAAAAAABAQg8AAAAAAAAAAgAAAAAAAAAAAEBCDwAAAAAAAAAAAAAAAABAQg8AAAAAAAAA
[2022-02-12T07:55:09.154829000Z DEBUG solana_bpf_loader_program] Program 4uQeVj5tqViQh7yWWGStvkEG1Zmhx6uasJtWCJziofM consumed 5857 of 200000 compute units
[2022-02-12T07:55:09.154885000Z DEBUG solana_program_runtime::stable_log] Program 4uQeVj5tqViQh7yWWGStvkEG1Zmhx6uasJtWCJziofM success
[2022-02-12T07:55:09.164247000Z DEBUG solana_program_runtime::stable_log] Program 4uQeVj5tqViQh7yWWGStvkEG1Zmhx6uasJtWCJziofM invoke [1]
[2022-02-12T07:55:09.164572000Z DEBUG solana_program_runtime::stable_log] Program log: Mango: CachePerpMarkets
[2022-02-12T07:55:09.164957000Z DEBUG solana_program_runtime::stable_log] Program log: mango-log
[2022-02-12T07:55:09.165681000Z DEBUG solana_program_runtime::stable_log] Program log: 9lt9JxCzqw4vw0eWvBsUTKJNR7w/nT5SCNU8jnm3GGE/0sfqmogNnwEAAAAAAAAAAAAAAAEAAAAAAAAAAAAAAAAAAAAAAAAAAQAAAAAAAAAAAAAAAAAAAAAAAAA=
[2022-02-12T07:55:09.165782000Z DEBUG solana_bpf_loader_program] Program 4uQeVj5tqViQh7yWWGStvkEG1Zmhx6uasJtWCJziofM consumed 4331 of 200000 compute units
[2022-02-12T07:55:09.165835000Z DEBUG solana_program_runtime::stable_log] Program 4uQeVj5tqViQh7yWWGStvkEG1Zmhx6uasJtWCJziofM success
[2022-02-12T07:55:09.196557000Z DEBUG solana_program_runtime::stable_log] Program 4uQeVj5tqViQh7yWWGStvkEG1Zmhx6uasJtWCJziofM invoke [1]
[2022-02-12T07:55:09.196909000Z DEBUG solana_program_runtime::stable_log] Program log: Mango: CachePrices
[2022-02-12T07:55:09.197237000Z DEBUG solana_program_runtime::stable_log] Program log: mango-log
[2022-02-12T07:55:09.197831000Z DEBUG solana_program_runtime::stable_log] Program log: ux0uSxX5tBsvw0eWvBsUTKJNR7w/nT5SCNU8jnm3GGE/0sfqmogNnwEAAAAAAAAAAAAAAAEAAAAAAAAAAAAQJwAAAAAAAAAA
[2022-02-12T07:55:09.197931000Z DEBUG solana_bpf_loader_program] Program 4uQeVj5tqViQh7yWWGStvkEG1Zmhx6uasJtWCJziofM consumed 3669 of 200000 compute units
[2022-02-12T07:55:09.197987000Z DEBUG solana_program_runtime::stable_log] Program 4uQeVj5tqViQh7yWWGStvkEG1Zmhx6uasJtWCJziofM success
[2022-02-12T07:55:09.208804000Z DEBUG solana_program_runtime::stable_log] Program 4uQeVj5tqViQh7yWWGStvkEG1Zmhx6uasJtWCJziofM invoke [1]
[2022-02-12T07:55:09.209186000Z DEBUG solana_program_runtime::stable_log] Program log: Mango: UpdateRootBank
[2022-02-12T07:55:09.211221000Z DEBUG solana_program_runtime::stable_log] Program log: mango-log
[2022-02-12T07:55:09.211818000Z DEBUG solana_program_runtime::stable_log] Program log: 8HmBNKTUaLgvw0eWvBsUTKJNR7w/nT5SCNU8jnm3GGE/0sfqmogNnwAAAAAAAAAAAAAAAAAAQEIPAAAAAAAAAAAAAAAAAEBCDwAAAAAAAAA=
[2022-02-12T07:55:09.211939000Z DEBUG solana_bpf_loader_program] Program 4uQeVj5tqViQh7yWWGStvkEG1Zmhx6uasJtWCJziofM consumed 9360 of 200000 compute units
[2022-02-12T07:55:09.211990000Z DEBUG solana_program_runtime::stable_log] Program 4uQeVj5tqViQh7yWWGStvkEG1Zmhx6uasJtWCJziofM success
[2022-02-12T07:55:09.221958000Z DEBUG solana_program_runtime::stable_log] Program 4uQeVj5tqViQh7yWWGStvkEG1Zmhx6uasJtWCJziofM invoke [1]
[2022-02-12T07:55:09.222391000Z DEBUG solana_program_runtime::stable_log] Program log: Mango: UpdateFunding
[2022-02-12T07:55:09.223466000Z DEBUG solana_program_runtime::stable_log] Program log: mango-log
[2022-02-12T07:55:09.224066000Z DEBUG solana_program_runtime::stable_log] Program log: ta5iwCEXTXsvw0eWvBsUTKJNR7w/nT5SCNU8jnm3GGE/0sfqmogNnwAAAAAAAAAAAAAAAAAAAAAAAAAAAAAAAAAAAAAAAAAAAAAAAAAAAAA=
[2022-02-12T07:55:09.224208000Z DEBUG solana_bpf_loader_program] Program 4uQeVj5tqViQh7yWWGStvkEG1Zmhx6uasJtWCJziofM consumed 6381 of 200000 compute units
[2022-02-12T07:55:09.224273000Z DEBUG solana_program_runtime::stable_log] Program 4uQeVj5tqViQh7yWWGStvkEG1Zmhx6uasJtWCJziofM success
[2022-02-12T07:55:09.234630000Z DEBUG solana_program_runtime::stable_log] Program 4uQeVj5tqViQh7yWWGStvkEG1Zmhx6uasJtWCJziofM invoke [1]
[2022-02-12T07:55:09.235020000Z DEBUG solana_program_runtime::stable_log] Program log: Mango: CacheRootBanks
[2022-02-12T07:55:09.235671000Z DEBUG solana_program_runtime::stable_log] Program log: mango-log
[2022-02-12T07:55:09.236546000Z DEBUG solana_program_runtime::stable_log] Program log: IVXYca/Gfegvw0eWvBsUTKJNR7w/nT5SCNU8jnm3GGE/0sfqmogNnwIAAAAAAAAAAAAAAA8AAAAAAAAAAgAAAAAAAAAAAEBCDwAAAAAAAAAAAAAAAABAQg8AAAAAAAAAAgAAAAAAAAAAAEBCDwAAAAAAAAAAAAAAAABAQg8AAAAAAAAA
[2022-02-12T07:55:09.236672000Z DEBUG solana_bpf_loader_program] Program 4uQeVj5tqViQh7yWWGStvkEG1Zmhx6uasJtWCJziofM consumed 5857 of 200000 compute units
[2022-02-12T07:55:09.236728000Z DEBUG solana_program_runtime::stable_log] Program 4uQeVj5tqViQh7yWWGStvkEG1Zmhx6uasJtWCJziofM success
[2022-02-12T07:55:09.246069000Z DEBUG solana_program_runtime::stable_log] Program 4uQeVj5tqViQh7yWWGStvkEG1Zmhx6uasJtWCJziofM invoke [1]
[2022-02-12T07:55:09.246391000Z DEBUG solana_program_runtime::stable_log] Program log: Mango: CachePerpMarkets
[2022-02-12T07:55:09.246777000Z DEBUG solana_program_runtime::stable_log] Program log: mango-log
[2022-02-12T07:55:09.247502000Z DEBUG solana_program_runtime::stable_log] Program log: 9lt9JxCzqw4vw0eWvBsUTKJNR7w/nT5SCNU8jnm3GGE/0sfqmogNnwEAAAAAAAAAAAAAAAEAAAAAAAAAAAAAAAAAAAAAAAAAAQAAAAAAAAAAAAAAAAAAAAAAAAA=
[2022-02-12T07:55:09.247602000Z DEBUG solana_bpf_loader_program] Program 4uQeVj5tqViQh7yWWGStvkEG1Zmhx6uasJtWCJziofM consumed 4331 of 200000 compute units
[2022-02-12T07:55:09.247653000Z DEBUG solana_program_runtime::stable_log] Program 4uQeVj5tqViQh7yWWGStvkEG1Zmhx6uasJtWCJziofM success
[2022-02-12T07:55:09.259997000Z DEBUG solana_program_runtime::stable_log] Program 4uQeVj5tqViQh7yWWGStvkEG1Zmhx6uasJtWCJziofM invoke [1]
[2022-02-12T07:55:09.260330000Z DEBUG solana_program_runtime::stable_log] Program log: Mango: SetOracle
[2022-02-12T07:55:09.260612000Z DEBUG solana_bpf_loader_program] Program 4uQeVj5tqViQh7yWWGStvkEG1Zmhx6uasJtWCJziofM consumed 1550 of 200000 compute units
[2022-02-12T07:55:09.260666000Z DEBUG solana_program_runtime::stable_log] Program 4uQeVj5tqViQh7yWWGStvkEG1Zmhx6uasJtWCJziofM success
[2022-02-12T07:55:09.290139000Z DEBUG solana_program_runtime::stable_log] Program 4uQeVj5tqViQh7yWWGStvkEG1Zmhx6uasJtWCJziofM invoke [1]
[2022-02-12T07:55:09.290504000Z DEBUG solana_program_runtime::stable_log] Program log: Mango: CachePrices
[2022-02-12T07:55:09.290840000Z DEBUG solana_program_runtime::stable_log] Program log: mango-log
[2022-02-12T07:55:09.291430000Z DEBUG solana_program_runtime::stable_log] Program log: ux0uSxX5tBsvw0eWvBsUTKJNR7w/nT5SCNU8jnm3GGE/0sfqmogNnwEAAAAAAAAAAAAAAAEAAACsqqqqqqpCAAAAAAAAAAAA
[2022-02-12T07:55:09.291532000Z DEBUG solana_bpf_loader_program] Program 4uQeVj5tqViQh7yWWGStvkEG1Zmhx6uasJtWCJziofM consumed 3669 of 200000 compute units
[2022-02-12T07:55:09.291595000Z DEBUG solana_program_runtime::stable_log] Program 4uQeVj5tqViQh7yWWGStvkEG1Zmhx6uasJtWCJziofM success
[2022-02-12T07:55:09.302380000Z DEBUG solana_program_runtime::stable_log] Program 4uQeVj5tqViQh7yWWGStvkEG1Zmhx6uasJtWCJziofM invoke [1]
[2022-02-12T07:55:09.302770000Z DEBUG solana_program_runtime::stable_log] Program log: Mango: UpdateRootBank
[2022-02-12T07:55:09.304816000Z DEBUG solana_program_runtime::stable_log] Program log: mango-log
[2022-02-12T07:55:09.305413000Z DEBUG solana_program_runtime::stable_log] Program log: 8HmBNKTUaLgvw0eWvBsUTKJNR7w/nT5SCNU8jnm3GGE/0sfqmogNnwAAAAAAAAAAAAAAAAAAQEIPAAAAAAAAAAAAAAAAAEBCDwAAAAAAAAA=
[2022-02-12T07:55:09.305537000Z DEBUG solana_bpf_loader_program] Program 4uQeVj5tqViQh7yWWGStvkEG1Zmhx6uasJtWCJziofM consumed 9360 of 200000 compute units
[2022-02-12T07:55:09.305594000Z DEBUG solana_program_runtime::stable_log] Program 4uQeVj5tqViQh7yWWGStvkEG1Zmhx6uasJtWCJziofM success
[2022-02-12T07:55:09.315703000Z DEBUG solana_program_runtime::stable_log] Program 4uQeVj5tqViQh7yWWGStvkEG1Zmhx6uasJtWCJziofM invoke [1]
[2022-02-12T07:55:09.316147000Z DEBUG solana_program_runtime::stable_log] Program log: Mango: UpdateFunding
[2022-02-12T07:55:09.317228000Z DEBUG solana_program_runtime::stable_log] Program log: mango-log
[2022-02-12T07:55:09.317824000Z DEBUG solana_program_runtime::stable_log] Program log: ta5iwCEXTXsvw0eWvBsUTKJNR7w/nT5SCNU8jnm3GGE/0sfqmogNnwAAAAAAAAAAAAAAAAAAAAAAAAAAAAAAAAAAAAAAAAAAAAAAAAAAAAA=
[2022-02-12T07:55:09.317969000Z DEBUG solana_bpf_loader_program] Program 4uQeVj5tqViQh7yWWGStvkEG1Zmhx6uasJtWCJziofM consumed 6381 of 200000 compute units
[2022-02-12T07:55:09.318037000Z DEBUG solana_program_runtime::stable_log] Program 4uQeVj5tqViQh7yWWGStvkEG1Zmhx6uasJtWCJziofM success
[2022-02-12T07:55:09.328390000Z DEBUG solana_program_runtime::stable_log] Program 4uQeVj5tqViQh7yWWGStvkEG1Zmhx6uasJtWCJziofM invoke [1]
[2022-02-12T07:55:09.328790000Z DEBUG solana_program_runtime::stable_log] Program log: Mango: CacheRootBanks
[2022-02-12T07:55:09.329448000Z DEBUG solana_program_runtime::stable_log] Program log: mango-log
[2022-02-12T07:55:09.330321000Z DEBUG solana_program_runtime::stable_log] Program log: IVXYca/Gfegvw0eWvBsUTKJNR7w/nT5SCNU8jnm3GGE/0sfqmogNnwIAAAAAAAAAAAAAAA8AAAAAAAAAAgAAAAAAAAAAAEBCDwAAAAAAAAAAAAAAAABAQg8AAAAAAAAAAgAAAAAAAAAAAEBCDwAAAAAAAAAAAAAAAABAQg8AAAAAAAAA
[2022-02-12T07:55:09.330448000Z DEBUG solana_bpf_loader_program] Program 4uQeVj5tqViQh7yWWGStvkEG1Zmhx6uasJtWCJziofM consumed 5857 of 200000 compute units
[2022-02-12T07:55:09.330507000Z DEBUG solana_program_runtime::stable_log] Program 4uQeVj5tqViQh7yWWGStvkEG1Zmhx6uasJtWCJziofM success
[2022-02-12T07:55:09.341037000Z DEBUG solana_program_runtime::stable_log] Program 4uQeVj5tqViQh7yWWGStvkEG1Zmhx6uasJtWCJziofM invoke [1]
[2022-02-12T07:55:09.341363000Z DEBUG solana_program_runtime::stable_log] Program log: Mango: CachePerpMarkets
[2022-02-12T07:55:09.341754000Z DEBUG solana_program_runtime::stable_log] Program log: mango-log
[2022-02-12T07:55:09.342479000Z DEBUG solana_program_runtime::stable_log] Program log: 9lt9JxCzqw4vw0eWvBsUTKJNR7w/nT5SCNU8jnm3GGE/0sfqmogNnwEAAAAAAAAAAAAAAAEAAAAAAAAAAAAAAAAAAAAAAAAAAQAAAAAAAAAAAAAAAAAAAAAAAAA=
[2022-02-12T07:55:09.342580000Z DEBUG solana_bpf_loader_program] Program 4uQeVj5tqViQh7yWWGStvkEG1Zmhx6uasJtWCJziofM consumed 4331 of 200000 compute units
[2022-02-12T07:55:09.342632000Z DEBUG solana_program_runtime::stable_log] Program 4uQeVj5tqViQh7yWWGStvkEG1Zmhx6uasJtWCJziofM success
[2022-02-12T07:55:09.374111000Z DEBUG solana_program_runtime::stable_log] Program 4uQeVj5tqViQh7yWWGStvkEG1Zmhx6uasJtWCJziofM invoke [1]
[2022-02-12T07:55:09.374476000Z DEBUG solana_program_runtime::stable_log] Program log: Mango: CachePrices
[2022-02-12T07:55:09.374810000Z DEBUG solana_program_runtime::stable_log] Program log: mango-log
[2022-02-12T07:55:09.375400000Z DEBUG solana_program_runtime::stable_log] Program log: ux0uSxX5tBsvw0eWvBsUTKJNR7w/nT5SCNU8jnm3GGE/0sfqmogNnwEAAAAAAAAAAAAAAAEAAACsqqqqqqpCAAAAAAAAAAAA
[2022-02-12T07:55:09.375504000Z DEBUG solana_bpf_loader_program] Program 4uQeVj5tqViQh7yWWGStvkEG1Zmhx6uasJtWCJziofM consumed 3669 of 200000 compute units
[2022-02-12T07:55:09.375563000Z DEBUG solana_program_runtime::stable_log] Program 4uQeVj5tqViQh7yWWGStvkEG1Zmhx6uasJtWCJziofM success
[2022-02-12T07:55:09.387427000Z DEBUG solana_program_runtime::stable_log] Program 4uQeVj5tqViQh7yWWGStvkEG1Zmhx6uasJtWCJziofM invoke [1]
[2022-02-12T07:55:09.387811000Z DEBUG solana_program_runtime::stable_log] Program log: Mango: UpdateRootBank
[2022-02-12T07:55:09.389845000Z DEBUG solana_program_runtime::stable_log] Program log: mango-log
[2022-02-12T07:55:09.390442000Z DEBUG solana_program_runtime::stable_log] Program log: 8HmBNKTUaLgvw0eWvBsUTKJNR7w/nT5SCNU8jnm3GGE/0sfqmogNnwAAAAAAAAAAAAAAAAAAQEIPAAAAAAAAAAAAAAAAAEBCDwAAAAAAAAA=
[2022-02-12T07:55:09.390563000Z DEBUG solana_bpf_loader_program] Program 4uQeVj5tqViQh7yWWGStvkEG1Zmhx6uasJtWCJziofM consumed 9360 of 200000 compute units
[2022-02-12T07:55:09.390616000Z DEBUG solana_program_runtime::stable_log] Program 4uQeVj5tqViQh7yWWGStvkEG1Zmhx6uasJtWCJziofM success
[2022-02-12T07:55:09.400634000Z DEBUG solana_program_runtime::stable_log] Program 4uQeVj5tqViQh7yWWGStvkEG1Zmhx6uasJtWCJziofM invoke [1]
[2022-02-12T07:55:09.401075000Z DEBUG solana_program_runtime::stable_log] Program log: Mango: UpdateFunding
[2022-02-12T07:55:09.402155000Z DEBUG solana_program_runtime::stable_log] Program log: mango-log
[2022-02-12T07:55:09.402756000Z DEBUG solana_program_runtime::stable_log] Program log: ta5iwCEXTXsvw0eWvBsUTKJNR7w/nT5SCNU8jnm3GGE/0sfqmogNnwAAAAAAAAAAAAAAAAAAAAAAAAAAAAAAAAAAAAAAAAAAAAAAAAAAAAA=
[2022-02-12T07:55:09.402903000Z DEBUG solana_bpf_loader_program] Program 4uQeVj5tqViQh7yWWGStvkEG1Zmhx6uasJtWCJziofM consumed 6381 of 200000 compute units
[2022-02-12T07:55:09.402966000Z DEBUG solana_program_runtime::stable_log] Program 4uQeVj5tqViQh7yWWGStvkEG1Zmhx6uasJtWCJziofM success
[2022-02-12T07:55:09.413193000Z DEBUG solana_program_runtime::stable_log] Program 4uQeVj5tqViQh7yWWGStvkEG1Zmhx6uasJtWCJziofM invoke [1]
[2022-02-12T07:55:09.413579000Z DEBUG solana_program_runtime::stable_log] Program log: Mango: CacheRootBanks
[2022-02-12T07:55:09.414237000Z DEBUG solana_program_runtime::stable_log] Program log: mango-log
[2022-02-12T07:55:09.415115000Z DEBUG solana_program_runtime::stable_log] Program log: IVXYca/Gfegvw0eWvBsUTKJNR7w/nT5SCNU8jnm3GGE/0sfqmogNnwIAAAAAAAAAAAAAAA8AAAAAAAAAAgAAAAAAAAAAAEBCDwAAAAAAAAAAAAAAAABAQg8AAAAAAAAAAgAAAAAAAAAAAEBCDwAAAAAAAAAAAAAAAABAQg8AAAAAAAAA
[2022-02-12T07:55:09.415241000Z DEBUG solana_bpf_loader_program] Program 4uQeVj5tqViQh7yWWGStvkEG1Zmhx6uasJtWCJziofM consumed 5857 of 200000 compute units
[2022-02-12T07:55:09.415294000Z DEBUG solana_program_runtime::stable_log] Program 4uQeVj5tqViQh7yWWGStvkEG1Zmhx6uasJtWCJziofM success
[2022-02-12T07:55:09.424666000Z DEBUG solana_program_runtime::stable_log] Program 4uQeVj5tqViQh7yWWGStvkEG1Zmhx6uasJtWCJziofM invoke [1]
[2022-02-12T07:55:09.424992000Z DEBUG solana_program_runtime::stable_log] Program log: Mango: CachePerpMarkets
[2022-02-12T07:55:09.425378000Z DEBUG solana_program_runtime::stable_log] Program log: mango-log
[2022-02-12T07:55:09.426101000Z DEBUG solana_program_runtime::stable_log] Program log: 9lt9JxCzqw4vw0eWvBsUTKJNR7w/nT5SCNU8jnm3GGE/0sfqmogNnwEAAAAAAAAAAAAAAAEAAAAAAAAAAAAAAAAAAAAAAAAAAQAAAAAAAAAAAAAAAAAAAAAAAAA=
[2022-02-12T07:55:09.426202000Z DEBUG solana_bpf_loader_program] Program 4uQeVj5tqViQh7yWWGStvkEG1Zmhx6uasJtWCJziofM consumed 4331 of 200000 compute units
[2022-02-12T07:55:09.426259000Z DEBUG solana_program_runtime::stable_log] Program 4uQeVj5tqViQh7yWWGStvkEG1Zmhx6uasJtWCJziofM success
[2022-02-12T07:55:09.439648000Z DEBUG solana_program_runtime::stable_log] Program 4uQeVj5tqViQh7yWWGStvkEG1Zmhx6uasJtWCJziofM invoke [1]
[2022-02-12T07:55:09.440926000Z DEBUG solana_program_runtime::stable_log] Program log: Mango: LiquidatePerpMarket
[2022-02-12T07:55:09.445557000Z DEBUG solana_program_runtime::stable_log] Program log: mango-log
[2022-02-12T07:55:09.446457000Z DEBUG solana_program_runtime::stable_log] Program log: xL0/TYaKkmovw0eWvBsUTKJNR7w/nT5SCNU8jnm3GGE/0sfqmogNn6tpMQ8YnGydi7YUSXRqS3LQlkog64ZS6OETbFgzwqVb92Wc4GdYwLJMpUkZhfqBn2A465jlRjq+J2B3sCNuc2wAAAAAAAAAAKyqqqqqqkIAAAAAAAAAAADoAwAAAAAAAIVT1f///1/RnP////////8A
[2022-02-12T07:55:09.446499000Z DEBUG solana_program_runtime::stable_log] Program log: mango-log
[2022-02-12T07:55:09.447485000Z DEBUG solana_program_runtime::stable_log] Program log: hz686jV+Ltkvw0eWvBsUTKJNR7w/nT5SCNU8jnm3GGE/0sfqmogNn6tpMQ8YnGydi7YUSXRqS3LQlkog64ZS6OETbFgzwqVbAAAAAAAAAAAoIwAAAAAAAHsA6Pn+/59pYab9//////8AAAAAAAAAAAAAAAAAAAAAAAAAAAAAAAAAAAAAAAAAAAAAAAAAAAAAAAAAAAAAAAAAAAAAAAAAAAAAAAAAAAAA
[2022-02-12T07:55:09.447528000Z DEBUG solana_program_runtime::stable_log] Program log: mango-log
[2022-02-12T07:55:09.448514000Z DEBUG solana_program_runtime::stable_log] Program log: hz686jV+Ltkvw0eWvBsUTKJNR7w/nT5SCNU8jnm3GGE/0sfqmogNn/dlnOBnWMCyTKVJGYX6gZ9gOOuY5UY6vidgd7AjbnNsAAAAAAAAAADoAwAAAAAAAIVT1f///1/RnP////////8AAAAAAAAAAAAAAAAAAAAAAAAAAAAAAAAAAAAAAAAAAAAAAAAAAAAAAAAAAAAAAAAAAAAAAAAAAAAAAAAAAAAA
[2022-02-12T07:55:09.448870000Z DEBUG solana_bpf_loader_program] Program 4uQeVj5tqViQh7yWWGStvkEG1Zmhx6uasJtWCJziofM consumed 28240 of 200000 compute units
[2022-02-12T07:55:09.448952000Z DEBUG solana_program_runtime::stable_log] Program 4uQeVj5tqViQh7yWWGStvkEG1Zmhx6uasJtWCJziofM success
[2022-02-12T07:55:09.480863000Z DEBUG solana_program_runtime::stable_log] Program 4uQeVj5tqViQh7yWWGStvkEG1Zmhx6uasJtWCJziofM invoke [1]
[2022-02-12T07:55:09.481226000Z DEBUG solana_program_runtime::stable_log] Program log: Mango: CachePrices
[2022-02-12T07:55:09.481559000Z DEBUG solana_program_runtime::stable_log] Program log: mango-log
[2022-02-12T07:55:09.482147000Z DEBUG solana_program_runtime::stable_log] Program log: ux0uSxX5tBsvw0eWvBsUTKJNR7w/nT5SCNU8jnm3GGE/0sfqmogNnwEAAAAAAAAAAAAAAAEAAACsqqqqqqpCAAAAAAAAAAAA
[2022-02-12T07:55:09.482248000Z DEBUG solana_bpf_loader_program] Program 4uQeVj5tqViQh7yWWGStvkEG1Zmhx6uasJtWCJziofM consumed 3669 of 200000 compute units
[2022-02-12T07:55:09.482307000Z DEBUG solana_program_runtime::stable_log] Program 4uQeVj5tqViQh7yWWGStvkEG1Zmhx6uasJtWCJziofM success
[2022-02-12T07:55:09.493018000Z DEBUG solana_program_runtime::stable_log] Program 4uQeVj5tqViQh7yWWGStvkEG1Zmhx6uasJtWCJziofM invoke [1]
[2022-02-12T07:55:09.493402000Z DEBUG solana_program_runtime::stable_log] Program log: Mango: UpdateRootBank
[2022-02-12T07:55:09.495429000Z DEBUG solana_program_runtime::stable_log] Program log: mango-log
[2022-02-12T07:55:09.496027000Z DEBUG solana_program_runtime::stable_log] Program log: 8HmBNKTUaLgvw0eWvBsUTKJNR7w/nT5SCNU8jnm3GGE/0sfqmogNnwAAAAAAAAAAAAAAAAAAQEIPAAAAAAAAAAAAAAAAAEBCDwAAAAAAAAA=
[2022-02-12T07:55:09.496148000Z DEBUG solana_bpf_loader_program] Program 4uQeVj5tqViQh7yWWGStvkEG1Zmhx6uasJtWCJziofM consumed 9360 of 200000 compute units
[2022-02-12T07:55:09.496203000Z DEBUG solana_program_runtime::stable_log] Program 4uQeVj5tqViQh7yWWGStvkEG1Zmhx6uasJtWCJziofM success
[2022-02-12T07:55:09.506298000Z DEBUG solana_program_runtime::stable_log] Program 4uQeVj5tqViQh7yWWGStvkEG1Zmhx6uasJtWCJziofM invoke [1]
[2022-02-12T07:55:09.506738000Z DEBUG solana_program_runtime::stable_log] Program log: Mango: UpdateFunding
[2022-02-12T07:55:09.507821000Z DEBUG solana_program_runtime::stable_log] Program log: mango-log
[2022-02-12T07:55:09.508424000Z DEBUG solana_program_runtime::stable_log] Program log: ta5iwCEXTXsvw0eWvBsUTKJNR7w/nT5SCNU8jnm3GGE/0sfqmogNnwAAAAAAAAAAAAAAAAAAAAAAAAAAAAAAAAAAAAAAAAAAAAAAAAAAAAA=
[2022-02-12T07:55:09.508570000Z DEBUG solana_bpf_loader_program] Program 4uQeVj5tqViQh7yWWGStvkEG1Zmhx6uasJtWCJziofM consumed 6381 of 200000 compute units
[2022-02-12T07:55:09.508636000Z DEBUG solana_program_runtime::stable_log] Program 4uQeVj5tqViQh7yWWGStvkEG1Zmhx6uasJtWCJziofM success
[2022-02-12T07:55:09.520043000Z DEBUG solana_program_runtime::stable_log] Program 4uQeVj5tqViQh7yWWGStvkEG1Zmhx6uasJtWCJziofM invoke [1]
[2022-02-12T07:55:09.520426000Z DEBUG solana_program_runtime::stable_log] Program log: Mango: CacheRootBanks
[2022-02-12T07:55:09.521078000Z DEBUG solana_program_runtime::stable_log] Program log: mango-log
[2022-02-12T07:55:09.521952000Z DEBUG solana_program_runtime::stable_log] Program log: IVXYca/Gfegvw0eWvBsUTKJNR7w/nT5SCNU8jnm3GGE/0sfqmogNnwIAAAAAAAAAAAAAAA8AAAAAAAAAAgAAAAAAAAAAAEBCDwAAAAAAAAAAAAAAAABAQg8AAAAAAAAAAgAAAAAAAAAAAEBCDwAAAAAAAAAAAAAAAABAQg8AAAAAAAAA
[2022-02-12T07:55:09.522072000Z DEBUG solana_bpf_loader_program] Program 4uQeVj5tqViQh7yWWGStvkEG1Zmhx6uasJtWCJziofM consumed 5857 of 200000 compute units
[2022-02-12T07:55:09.522129000Z DEBUG solana_program_runtime::stable_log] Program 4uQeVj5tqViQh7yWWGStvkEG1Zmhx6uasJtWCJziofM success
[2022-02-12T07:55:09.531501000Z DEBUG solana_program_runtime::stable_log] Program 4uQeVj5tqViQh7yWWGStvkEG1Zmhx6uasJtWCJziofM invoke [1]
[2022-02-12T07:55:09.531825000Z DEBUG solana_program_runtime::stable_log] Program log: Mango: CachePerpMarkets
[2022-02-12T07:55:09.532211000Z DEBUG solana_program_runtime::stable_log] Program log: mango-log
[2022-02-12T07:55:09.532940000Z DEBUG solana_program_runtime::stable_log] Program log: 9lt9JxCzqw4vw0eWvBsUTKJNR7w/nT5SCNU8jnm3GGE/0sfqmogNnwEAAAAAAAAAAAAAAAEAAAAAAAAAAAAAAAAAAAAAAAAAAQAAAAAAAAAAAAAAAAAAAAAAAAA=
[2022-02-12T07:55:09.533041000Z DEBUG solana_bpf_loader_program] Program 4uQeVj5tqViQh7yWWGStvkEG1Zmhx6uasJtWCJziofM consumed 4331 of 200000 compute units
[2022-02-12T07:55:09.533091000Z DEBUG solana_program_runtime::stable_log] Program 4uQeVj5tqViQh7yWWGStvkEG1Zmhx6uasJtWCJziofM success
[2022-02-12T07:55:09.546419000Z DEBUG solana_program_runtime::stable_log] Program 4uQeVj5tqViQh7yWWGStvkEG1Zmhx6uasJtWCJziofM invoke [1]
[2022-02-12T07:55:09.547681000Z DEBUG solana_program_runtime::stable_log] Program log: Mango: LiquidatePerpMarket
[2022-02-12T07:55:09.552385000Z DEBUG solana_program_runtime::stable_log] Program log: mango-log
[2022-02-12T07:55:09.553285000Z DEBUG solana_program_runtime::stable_log] Program log: xL0/TYaKkmovw0eWvBsUTKJNR7w/nT5SCNU8jnm3GGE/0sfqmogNn6tpMQ8YnGydi7YUSXRqS3LQlkog64ZS6OETbFgzwqVb92Wc4GdYwLJMpUkZhfqBn2A465jlRjq+J2B3sCNuc2wAAAAAAAAAAKyqqqqqqkIAAAAAAAAAAADoAwAAAAAAAIVT1f///1/RnP////////8A
[2022-02-12T07:55:09.553327000Z DEBUG solana_program_runtime::stable_log] Program log: mango-log
[2022-02-12T07:55:09.554322000Z DEBUG solana_program_runtime::stable_log] Program log: hz686jV+Ltkvw0eWvBsUTKJNR7w/nT5SCNU8jnm3GGE/0sfqmogNn6tpMQ8YnGydi7YUSXRqS3LQlkog64ZS6OETbFgzwqVbAAAAAAAAAABAHwAAAAAAAPasEvr+/z+YxKb9//////8AAAAAAAAAAAAAAAAAAAAAAAAAAAAAAAAAAAAAAAAAAAAAAAAAAAAAAAAAAAAAAAAAAAAAAAAAAAAAAAAAAAAA
[2022-02-12T07:55:09.554366000Z DEBUG solana_program_runtime::stable_log] Program log: mango-log
[2022-02-12T07:55:09.555365000Z DEBUG solana_program_runtime::stable_log] Program log: hz686jV+Ltkvw0eWvBsUTKJNR7w/nT5SCNU8jnm3GGE/0sfqmogNn/dlnOBnWMCyTKVJGYX6gZ9gOOuY5UY6vidgd7AjbnNsAAAAAAAAAADQBwAAAAAAAAqnqv///7+iOf////////8AAAAAAAAAAAAAAAAAAAAAAAAAAAAAAAAAAAAAAAAAAAAAAAAAAAAAAAAAAAAAAAAAAAAAAAAAAAAAAAAAAAAA
[2022-02-12T07:55:09.555725000Z DEBUG solana_bpf_loader_program] Program 4uQeVj5tqViQh7yWWGStvkEG1Zmhx6uasJtWCJziofM consumed 28465 of 200000 compute units
[2022-02-12T07:55:09.555803000Z DEBUG solana_program_runtime::stable_log] Program 4uQeVj5tqViQh7yWWGStvkEG1Zmhx6uasJtWCJziofM success
[2022-02-12T07:55:09.589266000Z DEBUG solana_program_runtime::stable_log] Program 4uQeVj5tqViQh7yWWGStvkEG1Zmhx6uasJtWCJziofM invoke [1]
[2022-02-12T07:55:09.589640000Z DEBUG solana_program_runtime::stable_log] Program log: Mango: CachePrices
[2022-02-12T07:55:09.589965000Z DEBUG solana_program_runtime::stable_log] Program log: mango-log
[2022-02-12T07:55:09.590552000Z DEBUG solana_program_runtime::stable_log] Program log: ux0uSxX5tBsvw0eWvBsUTKJNR7w/nT5SCNU8jnm3GGE/0sfqmogNnwEAAAAAAAAAAAAAAAEAAACsqqqqqqpCAAAAAAAAAAAA
[2022-02-12T07:55:09.590655000Z DEBUG solana_bpf_loader_program] Program 4uQeVj5tqViQh7yWWGStvkEG1Zmhx6uasJtWCJziofM consumed 3669 of 200000 compute units
[2022-02-12T07:55:09.590718000Z DEBUG solana_program_runtime::stable_log] Program 4uQeVj5tqViQh7yWWGStvkEG1Zmhx6uasJtWCJziofM success
[2022-02-12T07:55:09.601381000Z DEBUG solana_program_runtime::stable_log] Program 4uQeVj5tqViQh7yWWGStvkEG1Zmhx6uasJtWCJziofM invoke [1]
[2022-02-12T07:55:09.601768000Z DEBUG solana_program_runtime::stable_log] Program log: Mango: UpdateRootBank
[2022-02-12T07:55:09.603801000Z DEBUG solana_program_runtime::stable_log] Program log: mango-log
[2022-02-12T07:55:09.604399000Z DEBUG solana_program_runtime::stable_log] Program log: 8HmBNKTUaLgvw0eWvBsUTKJNR7w/nT5SCNU8jnm3GGE/0sfqmogNnwAAAAAAAAAAAAAAAAAAQEIPAAAAAAAAAAAAAAAAAEBCDwAAAAAAAAA=
[2022-02-12T07:55:09.604521000Z DEBUG solana_bpf_loader_program] Program 4uQeVj5tqViQh7yWWGStvkEG1Zmhx6uasJtWCJziofM consumed 9360 of 200000 compute units
[2022-02-12T07:55:09.604574000Z DEBUG solana_program_runtime::stable_log] Program 4uQeVj5tqViQh7yWWGStvkEG1Zmhx6uasJtWCJziofM success
[2022-02-12T07:55:09.614636000Z DEBUG solana_program_runtime::stable_log] Program 4uQeVj5tqViQh7yWWGStvkEG1Zmhx6uasJtWCJziofM invoke [1]
[2022-02-12T07:55:09.615074000Z DEBUG solana_program_runtime::stable_log] Program log: Mango: UpdateFunding
[2022-02-12T07:55:09.616149000Z DEBUG solana_program_runtime::stable_log] Program log: mango-log
[2022-02-12T07:55:09.616750000Z DEBUG solana_program_runtime::stable_log] Program log: ta5iwCEXTXsvw0eWvBsUTKJNR7w/nT5SCNU8jnm3GGE/0sfqmogNnwAAAAAAAAAAAAAAAAAAAAAAAAAAAAAAAAAAAAAAAAAAAAAAAAAAAAA=
[2022-02-12T07:55:09.616896000Z DEBUG solana_bpf_loader_program] Program 4uQeVj5tqViQh7yWWGStvkEG1Zmhx6uasJtWCJziofM consumed 6381 of 200000 compute units
[2022-02-12T07:55:09.616961000Z DEBUG solana_program_runtime::stable_log] Program 4uQeVj5tqViQh7yWWGStvkEG1Zmhx6uasJtWCJziofM success
[2022-02-12T07:55:09.627207000Z DEBUG solana_program_runtime::stable_log] Program 4uQeVj5tqViQh7yWWGStvkEG1Zmhx6uasJtWCJziofM invoke [1]
[2022-02-12T07:55:09.627591000Z DEBUG solana_program_runtime::stable_log] Program log: Mango: CacheRootBanks
[2022-02-12T07:55:09.628245000Z DEBUG solana_program_runtime::stable_log] Program log: mango-log
[2022-02-12T07:55:09.629120000Z DEBUG solana_program_runtime::stable_log] Program log: IVXYca/Gfegvw0eWvBsUTKJNR7w/nT5SCNU8jnm3GGE/0sfqmogNnwIAAAAAAAAAAAAAAA8AAAAAAAAAAgAAAAAAAAAAAEBCDwAAAAAAAAAAAAAAAABAQg8AAAAAAAAAAgAAAAAAAAAAAEBCDwAAAAAAAAAAAAAAAABAQg8AAAAAAAAA
[2022-02-12T07:55:09.629244000Z DEBUG solana_bpf_loader_program] Program 4uQeVj5tqViQh7yWWGStvkEG1Zmhx6uasJtWCJziofM consumed 5857 of 200000 compute units
[2022-02-12T07:55:09.629300000Z DEBUG solana_program_runtime::stable_log] Program 4uQeVj5tqViQh7yWWGStvkEG1Zmhx6uasJtWCJziofM success
[2022-02-12T07:55:09.638658000Z DEBUG solana_program_runtime::stable_log] Program 4uQeVj5tqViQh7yWWGStvkEG1Zmhx6uasJtWCJziofM invoke [1]
[2022-02-12T07:55:09.638982000Z DEBUG solana_program_runtime::stable_log] Program log: Mango: CachePerpMarkets
[2022-02-12T07:55:09.639369000Z DEBUG solana_program_runtime::stable_log] Program log: mango-log
[2022-02-12T07:55:09.640094000Z DEBUG solana_program_runtime::stable_log] Program log: 9lt9JxCzqw4vw0eWvBsUTKJNR7w/nT5SCNU8jnm3GGE/0sfqmogNnwEAAAAAAAAAAAAAAAEAAAAAAAAAAAAAAAAAAAAAAAAAAQAAAAAAAAAAAAAAAAAAAAAAAAA=
[2022-02-12T07:55:09.640195000Z DEBUG solana_bpf_loader_program] Program 4uQeVj5tqViQh7yWWGStvkEG1Zmhx6uasJtWCJziofM consumed 4331 of 200000 compute units
[2022-02-12T07:55:09.640249000Z DEBUG solana_program_runtime::stable_log] Program 4uQeVj5tqViQh7yWWGStvkEG1Zmhx6uasJtWCJziofM success
[2022-02-12T07:55:09.653557000Z DEBUG solana_program_runtime::stable_log] Program 4uQeVj5tqViQh7yWWGStvkEG1Zmhx6uasJtWCJziofM invoke [1]
[2022-02-12T07:55:09.654821000Z DEBUG solana_program_runtime::stable_log] Program log: Mango: LiquidatePerpMarket
[2022-02-12T07:55:09.659532000Z DEBUG solana_program_runtime::stable_log] Program log: mango-log
[2022-02-12T07:55:09.660431000Z DEBUG solana_program_runtime::stable_log] Program log: xL0/TYaKkmovw0eWvBsUTKJNR7w/nT5SCNU8jnm3GGE/0sfqmogNn6tpMQ8YnGydi7YUSXRqS3LQlkog64ZS6OETbFgzwqVb92Wc4GdYwLJMpUkZhfqBn2A465jlRjq+J2B3sCNuc2wAAAAAAAAAAKyqqqqqqkIAAAAAAAAAAADoAwAAAAAAAIVT1f///1/RnP////////8A
[2022-02-12T07:55:09.660477000Z DEBUG solana_program_runtime::stable_log] Program log: mango-log
[2022-02-12T07:55:09.661464000Z DEBUG solana_program_runtime::stable_log] Program log: hz686jV+Ltkvw0eWvBsUTKJNR7w/nT5SCNU8jnm3GGE/0sfqmogNn6tpMQ8YnGydi7YUSXRqS3LQlkog64ZS6OETbFgzwqVbAAAAAAAAAABYGwAAAAAAAHFZPfr+/9/GJ6f9//////8AAAAAAAAAAAAAAAAAAAAAAAAAAAAAAAAAAAAAAAAAAAAAAAAAAAAAAAAAAAAAAAAAAAAAAAAAAAAAAAAAAAAA
[2022-02-12T07:55:09.661505000Z DEBUG solana_program_runtime::stable_log] Program log: mango-log
[2022-02-12T07:55:09.662500000Z DEBUG solana_program_runtime::stable_log] Program log: hz686jV+Ltkvw0eWvBsUTKJNR7w/nT5SCNU8jnm3GGE/0sfqmogNn/dlnOBnWMCyTKVJGYX6gZ9gOOuY5UY6vidgd7AjbnNsAAAAAAAAAAC4CwAAAAAAAI/6f////x901v7///////8AAAAAAAAAAAAAAAAAAAAAAAAAAAAAAAAAAAAAAAAAAAAAAAAAAAAAAAAAAAAAAAAAAAAAAAAAAAAAAAAAAAAA
[2022-02-12T07:55:09.662855000Z DEBUG solana_bpf_loader_program] Program 4uQeVj5tqViQh7yWWGStvkEG1Zmhx6uasJtWCJziofM consumed 28463 of 200000 compute units
[2022-02-12T07:55:09.662934000Z DEBUG solana_program_runtime::stable_log] Program 4uQeVj5tqViQh7yWWGStvkEG1Zmhx6uasJtWCJziofM success
[2022-02-12T07:55:09.693702000Z DEBUG solana_program_runtime::stable_log] Program 4uQeVj5tqViQh7yWWGStvkEG1Zmhx6uasJtWCJziofM invoke [1]
[2022-02-12T07:55:09.694050000Z DEBUG solana_program_runtime::stable_log] Program log: Mango: CachePrices
[2022-02-12T07:55:09.694381000Z DEBUG solana_program_runtime::stable_log] Program log: mango-log
[2022-02-12T07:55:09.694968000Z DEBUG solana_program_runtime::stable_log] Program log: ux0uSxX5tBsvw0eWvBsUTKJNR7w/nT5SCNU8jnm3GGE/0sfqmogNnwEAAAAAAAAAAAAAAAEAAACsqqqqqqpCAAAAAAAAAAAA
[2022-02-12T07:55:09.695071000Z DEBUG solana_bpf_loader_program] Program 4uQeVj5tqViQh7yWWGStvkEG1Zmhx6uasJtWCJziofM consumed 3669 of 200000 compute units
[2022-02-12T07:55:09.695125000Z DEBUG solana_program_runtime::stable_log] Program 4uQeVj5tqViQh7yWWGStvkEG1Zmhx6uasJtWCJziofM success
[2022-02-12T07:55:09.705944000Z DEBUG solana_program_runtime::stable_log] Program 4uQeVj5tqViQh7yWWGStvkEG1Zmhx6uasJtWCJziofM invoke [1]
[2022-02-12T07:55:09.706335000Z DEBUG solana_program_runtime::stable_log] Program log: Mango: UpdateRootBank
[2022-02-12T07:55:09.708369000Z DEBUG solana_program_runtime::stable_log] Program log: mango-log
[2022-02-12T07:55:09.708964000Z DEBUG solana_program_runtime::stable_log] Program log: 8HmBNKTUaLgvw0eWvBsUTKJNR7w/nT5SCNU8jnm3GGE/0sfqmogNnwAAAAAAAAAAAAAAAAAAQEIPAAAAAAAAAAAAAAAAAEBCDwAAAAAAAAA=
[2022-02-12T07:55:09.709085000Z DEBUG solana_bpf_loader_program] Program 4uQeVj5tqViQh7yWWGStvkEG1Zmhx6uasJtWCJziofM consumed 9360 of 200000 compute units
[2022-02-12T07:55:09.709138000Z DEBUG solana_program_runtime::stable_log] Program 4uQeVj5tqViQh7yWWGStvkEG1Zmhx6uasJtWCJziofM success
[2022-02-12T07:55:09.720372000Z DEBUG solana_program_runtime::stable_log] Program 4uQeVj5tqViQh7yWWGStvkEG1Zmhx6uasJtWCJziofM invoke [1]
[2022-02-12T07:55:09.720804000Z DEBUG solana_program_runtime::stable_log] Program log: Mango: UpdateFunding
[2022-02-12T07:55:09.721886000Z DEBUG solana_program_runtime::stable_log] Program log: mango-log
[2022-02-12T07:55:09.722485000Z DEBUG solana_program_runtime::stable_log] Program log: ta5iwCEXTXsvw0eWvBsUTKJNR7w/nT5SCNU8jnm3GGE/0sfqmogNnwAAAAAAAAAAAAAAAAAAAAAAAAAAAAAAAAAAAAAAAAAAAAAAAAAAAAA=
[2022-02-12T07:55:09.722629000Z DEBUG solana_bpf_loader_program] Program 4uQeVj5tqViQh7yWWGStvkEG1Zmhx6uasJtWCJziofM consumed 6381 of 200000 compute units
[2022-02-12T07:55:09.722694000Z DEBUG solana_program_runtime::stable_log] Program 4uQeVj5tqViQh7yWWGStvkEG1Zmhx6uasJtWCJziofM success
[2022-02-12T07:55:09.732990000Z DEBUG solana_program_runtime::stable_log] Program 4uQeVj5tqViQh7yWWGStvkEG1Zmhx6uasJtWCJziofM invoke [1]
[2022-02-12T07:55:09.733372000Z DEBUG solana_program_runtime::stable_log] Program log: Mango: CacheRootBanks
[2022-02-12T07:55:09.734026000Z DEBUG solana_program_runtime::stable_log] Program log: mango-log
[2022-02-12T07:55:09.734900000Z DEBUG solana_program_runtime::stable_log] Program log: IVXYca/Gfegvw0eWvBsUTKJNR7w/nT5SCNU8jnm3GGE/0sfqmogNnwIAAAAAAAAAAAAAAA8AAAAAAAAAAgAAAAAAAAAAAEBCDwAAAAAAAAAAAAAAAABAQg8AAAAAAAAAAgAAAAAAAAAAAEBCDwAAAAAAAAAAAAAAAABAQg8AAAAAAAAA
[2022-02-12T07:55:09.735021000Z DEBUG solana_bpf_loader_program] Program 4uQeVj5tqViQh7yWWGStvkEG1Zmhx6uasJtWCJziofM consumed 5857 of 200000 compute units
[2022-02-12T07:55:09.735078000Z DEBUG solana_program_runtime::stable_log] Program 4uQeVj5tqViQh7yWWGStvkEG1Zmhx6uasJtWCJziofM success
[2022-02-12T07:55:09.744448000Z DEBUG solana_program_runtime::stable_log] Program 4uQeVj5tqViQh7yWWGStvkEG1Zmhx6uasJtWCJziofM invoke [1]
[2022-02-12T07:55:09.744771000Z DEBUG solana_program_runtime::stable_log] Program log: Mango: CachePerpMarkets
[2022-02-12T07:55:09.745160000Z DEBUG solana_program_runtime::stable_log] Program log: mango-log
[2022-02-12T07:55:09.745884000Z DEBUG solana_program_runtime::stable_log] Program log: 9lt9JxCzqw4vw0eWvBsUTKJNR7w/nT5SCNU8jnm3GGE/0sfqmogNnwEAAAAAAAAAAAAAAAEAAAAAAAAAAAAAAAAAAAAAAAAAAQAAAAAAAAAAAAAAAAAAAAAAAAA=
[2022-02-12T07:55:09.745985000Z DEBUG solana_bpf_loader_program] Program 4uQeVj5tqViQh7yWWGStvkEG1Zmhx6uasJtWCJziofM consumed 4331 of 200000 compute units
[2022-02-12T07:55:09.746035000Z DEBUG solana_program_runtime::stable_log] Program 4uQeVj5tqViQh7yWWGStvkEG1Zmhx6uasJtWCJziofM success
[2022-02-12T07:55:09.759479000Z DEBUG solana_program_runtime::stable_log] Program 4uQeVj5tqViQh7yWWGStvkEG1Zmhx6uasJtWCJziofM invoke [1]
[2022-02-12T07:55:09.760744000Z DEBUG solana_program_runtime::stable_log] Program log: Mango: LiquidatePerpMarket
[2022-02-12T07:55:09.765456000Z DEBUG solana_program_runtime::stable_log] Program log: mango-log
[2022-02-12T07:55:09.766362000Z DEBUG solana_program_runtime::stable_log] Program log: xL0/TYaKkmovw0eWvBsUTKJNR7w/nT5SCNU8jnm3GGE/0sfqmogNn6tpMQ8YnGydi7YUSXRqS3LQlkog64ZS6OETbFgzwqVb92Wc4GdYwLJMpUkZhfqBn2A465jlRjq+J2B3sCNuc2wAAAAAAAAAAKyqqqqqqkIAAAAAAAAAAADoAwAAAAAAAIVT1f///1/RnP////////8A
[2022-02-12T07:55:09.766404000Z DEBUG solana_program_runtime::stable_log] Program log: mango-log
[2022-02-12T07:55:09.767404000Z DEBUG solana_program_runtime::stable_log] Program log: hz686jV+Ltkvw0eWvBsUTKJNR7w/nT5SCNU8jnm3GGE/0sfqmogNn6tpMQ8YnGydi7YUSXRqS3LQlkog64ZS6OETbFgzwqVbAAAAAAAAAABwFwAAAAAAAOwFaPr+/3/1iqf9//////8AAAAAAAAAAAAAAAAAAAAAAAAAAAAAAAAAAAAAAAAAAAAAAAAAAAAAAAAAAAAAAAAAAAAAAAAAAAAAAAAAAAAA
[2022-02-12T07:55:09.767450000Z DEBUG solana_program_runtime::stable_log] Program log: mango-log
[2022-02-12T07:55:09.768435000Z DEBUG solana_program_runtime::stable_log] Program log: hz686jV+Ltkvw0eWvBsUTKJNR7w/nT5SCNU8jnm3GGE/0sfqmogNn/dlnOBnWMCyTKVJGYX6gZ9gOOuY5UY6vidgd7AjbnNsAAAAAAAAAACgDwAAAAAAABROVf///39Fc/7///////8AAAAAAAAAAAAAAAAAAAAAAAAAAAAAAAAAAAAAAAAAAAAAAAAAAAAAAAAAAAAAAAAAAAAAAAAAAAAAAAAAAAAA
[2022-02-12T07:55:09.768789000Z DEBUG solana_bpf_loader_program] Program 4uQeVj5tqViQh7yWWGStvkEG1Zmhx6uasJtWCJziofM consumed 28457 of 200000 compute units
[2022-02-12T07:55:09.768867000Z DEBUG solana_program_runtime::stable_log] Program 4uQeVj5tqViQh7yWWGStvkEG1Zmhx6uasJtWCJziofM success
[2022-02-12T07:55:09.799354000Z DEBUG solana_program_runtime::stable_log] Program 4uQeVj5tqViQh7yWWGStvkEG1Zmhx6uasJtWCJziofM invoke [1]
[2022-02-12T07:55:09.799708000Z DEBUG solana_program_runtime::stable_log] Program log: Mango: CachePrices
[2022-02-12T07:55:09.800031000Z DEBUG solana_program_runtime::stable_log] Program log: mango-log
[2022-02-12T07:55:09.800624000Z DEBUG solana_program_runtime::stable_log] Program log: ux0uSxX5tBsvw0eWvBsUTKJNR7w/nT5SCNU8jnm3GGE/0sfqmogNnwEAAAAAAAAAAAAAAAEAAACsqqqqqqpCAAAAAAAAAAAA
[2022-02-12T07:55:09.800727000Z DEBUG solana_bpf_loader_program] Program 4uQeVj5tqViQh7yWWGStvkEG1Zmhx6uasJtWCJziofM consumed 3669 of 200000 compute units
[2022-02-12T07:55:09.800793000Z DEBUG solana_program_runtime::stable_log] Program 4uQeVj5tqViQh7yWWGStvkEG1Zmhx6uasJtWCJziofM success
[2022-02-12T07:55:09.811486000Z DEBUG solana_program_runtime::stable_log] Program 4uQeVj5tqViQh7yWWGStvkEG1Zmhx6uasJtWCJziofM invoke [1]
[2022-02-12T07:55:09.811868000Z DEBUG solana_program_runtime::stable_log] Program log: Mango: UpdateRootBank
[2022-02-12T07:55:09.813900000Z DEBUG solana_program_runtime::stable_log] Program log: mango-log
[2022-02-12T07:55:09.814496000Z DEBUG solana_program_runtime::stable_log] Program log: 8HmBNKTUaLgvw0eWvBsUTKJNR7w/nT5SCNU8jnm3GGE/0sfqmogNnwAAAAAAAAAAAAAAAAAAQEIPAAAAAAAAAAAAAAAAAEBCDwAAAAAAAAA=
[2022-02-12T07:55:09.814618000Z DEBUG solana_bpf_loader_program] Program 4uQeVj5tqViQh7yWWGStvkEG1Zmhx6uasJtWCJziofM consumed 9360 of 200000 compute units
[2022-02-12T07:55:09.814673000Z DEBUG solana_program_runtime::stable_log] Program 4uQeVj5tqViQh7yWWGStvkEG1Zmhx6uasJtWCJziofM success
[2022-02-12T07:55:09.824805000Z DEBUG solana_program_runtime::stable_log] Program 4uQeVj5tqViQh7yWWGStvkEG1Zmhx6uasJtWCJziofM invoke [1]
[2022-02-12T07:55:09.825268000Z DEBUG solana_program_runtime::stable_log] Program log: Mango: UpdateFunding
[2022-02-12T07:55:09.826356000Z DEBUG solana_program_runtime::stable_log] Program log: mango-log
[2022-02-12T07:55:09.826956000Z DEBUG solana_program_runtime::stable_log] Program log: ta5iwCEXTXsvw0eWvBsUTKJNR7w/nT5SCNU8jnm3GGE/0sfqmogNnwAAAAAAAAAAAAAAAAAAAAAAAAAAAAAAAAAAAAAAAAAAAAAAAAAAAAA=
[2022-02-12T07:55:09.827105000Z DEBUG solana_bpf_loader_program] Program 4uQeVj5tqViQh7yWWGStvkEG1Zmhx6uasJtWCJziofM consumed 6381 of 200000 compute units
[2022-02-12T07:55:09.827168000Z DEBUG solana_program_runtime::stable_log] Program 4uQeVj5tqViQh7yWWGStvkEG1Zmhx6uasJtWCJziofM success
[2022-02-12T07:55:09.837399000Z DEBUG solana_program_runtime::stable_log] Program 4uQeVj5tqViQh7yWWGStvkEG1Zmhx6uasJtWCJziofM invoke [1]
[2022-02-12T07:55:09.837791000Z DEBUG solana_program_runtime::stable_log] Program log: Mango: CacheRootBanks
[2022-02-12T07:55:09.838449000Z DEBUG solana_program_runtime::stable_log] Program log: mango-log
[2022-02-12T07:55:09.839320000Z DEBUG solana_program_runtime::stable_log] Program log: IVXYca/Gfegvw0eWvBsUTKJNR7w/nT5SCNU8jnm3GGE/0sfqmogNnwIAAAAAAAAAAAAAAA8AAAAAAAAAAgAAAAAAAAAAAEBCDwAAAAAAAAAAAAAAAABAQg8AAAAAAAAAAgAAAAAAAAAAAEBCDwAAAAAAAAAAAAAAAABAQg8AAAAAAAAA
[2022-02-12T07:55:09.839448000Z DEBUG solana_bpf_loader_program] Program 4uQeVj5tqViQh7yWWGStvkEG1Zmhx6uasJtWCJziofM consumed 5857 of 200000 compute units
[2022-02-12T07:55:09.839504000Z DEBUG solana_program_runtime::stable_log] Program 4uQeVj5tqViQh7yWWGStvkEG1Zmhx6uasJtWCJziofM success
[2022-02-12T07:55:09.848860000Z DEBUG solana_program_runtime::stable_log] Program 4uQeVj5tqViQh7yWWGStvkEG1Zmhx6uasJtWCJziofM invoke [1]
[2022-02-12T07:55:09.849184000Z DEBUG solana_program_runtime::stable_log] Program log: Mango: CachePerpMarkets
[2022-02-12T07:55:09.849572000Z DEBUG solana_program_runtime::stable_log] Program log: mango-log
[2022-02-12T07:55:09.850298000Z DEBUG solana_program_runtime::stable_log] Program log: 9lt9JxCzqw4vw0eWvBsUTKJNR7w/nT5SCNU8jnm3GGE/0sfqmogNnwEAAAAAAAAAAAAAAAEAAAAAAAAAAAAAAAAAAAAAAAAAAQAAAAAAAAAAAAAAAAAAAAAAAAA=
[2022-02-12T07:55:09.850398000Z DEBUG solana_bpf_loader_program] Program 4uQeVj5tqViQh7yWWGStvkEG1Zmhx6uasJtWCJziofM consumed 4331 of 200000 compute units
[2022-02-12T07:55:09.850449000Z DEBUG solana_program_runtime::stable_log] Program 4uQeVj5tqViQh7yWWGStvkEG1Zmhx6uasJtWCJziofM success
[2022-02-12T07:55:09.864902000Z DEBUG solana_program_runtime::stable_log] Program 4uQeVj5tqViQh7yWWGStvkEG1Zmhx6uasJtWCJziofM invoke [1]
[2022-02-12T07:55:09.866169000Z DEBUG solana_program_runtime::stable_log] Program log: Mango: LiquidatePerpMarket
[2022-02-12T07:55:09.870877000Z DEBUG solana_program_runtime::stable_log] Program log: mango-log
[2022-02-12T07:55:09.871788000Z DEBUG solana_program_runtime::stable_log] Program log: xL0/TYaKkmovw0eWvBsUTKJNR7w/nT5SCNU8jnm3GGE/0sfqmogNn6tpMQ8YnGydi7YUSXRqS3LQlkog64ZS6OETbFgzwqVb92Wc4GdYwLJMpUkZhfqBn2A465jlRjq+J2B3sCNuc2wAAAAAAAAAAKyqqqqqqkIAAAAAAAAAAADoAwAAAAAAAIVT1f///1/RnP////////8A
[2022-02-12T07:55:09.871834000Z DEBUG solana_program_runtime::stable_log] Program log: mango-log
[2022-02-12T07:55:09.872829000Z DEBUG solana_program_runtime::stable_log] Program log: hz686jV+Ltkvw0eWvBsUTKJNR7w/nT5SCNU8jnm3GGE/0sfqmogNn6tpMQ8YnGydi7YUSXRqS3LQlkog64ZS6OETbFgzwqVbAAAAAAAAAACIEwAAAAAAAGeykvr+/x8k7qf9//////8AAAAAAAAAAAAAAAAAAAAAAAAAAAAAAAAAAAAAAAAAAAAAAAAAAAAAAAAAAAAAAAAAAAAAAAAAAAAAAAAAAAAA
[2022-02-12T07:55:09.872873000Z DEBUG solana_program_runtime::stable_log] Program log: mango-log
[2022-02-12T07:55:09.873859000Z DEBUG solana_program_runtime::stable_log] Program log: hz686jV+Ltkvw0eWvBsUTKJNR7w/nT5SCNU8jnm3GGE/0sfqmogNn/dlnOBnWMCyTKVJGYX6gZ9gOOuY5UY6vidgd7AjbnNsAAAAAAAAAACIEwAAAAAAAJmhKv///98WEP7///////8AAAAAAAAAAAAAAAAAAAAAAAAAAAAAAAAAAAAAAAAAAAAAAAAAAAAAAAAAAAAAAAAAAAAAAAAAAAAAAAAAAAAA
[2022-02-12T07:55:09.874214000Z DEBUG solana_bpf_loader_program] Program 4uQeVj5tqViQh7yWWGStvkEG1Zmhx6uasJtWCJziofM consumed 28467 of 200000 compute units
[2022-02-12T07:55:09.874293000Z DEBUG solana_program_runtime::stable_log] Program 4uQeVj5tqViQh7yWWGStvkEG1Zmhx6uasJtWCJziofM success
[2022-02-12T07:55:09.905933000Z DEBUG solana_program_runtime::stable_log] Program 4uQeVj5tqViQh7yWWGStvkEG1Zmhx6uasJtWCJziofM invoke [1]
[2022-02-12T07:55:09.906287000Z DEBUG solana_program_runtime::stable_log] Program log: Mango: CachePrices
[2022-02-12T07:55:09.906612000Z DEBUG solana_program_runtime::stable_log] Program log: mango-log
[2022-02-12T07:55:09.907199000Z DEBUG solana_program_runtime::stable_log] Program log: ux0uSxX5tBsvw0eWvBsUTKJNR7w/nT5SCNU8jnm3GGE/0sfqmogNnwEAAAAAAAAAAAAAAAEAAACsqqqqqqpCAAAAAAAAAAAA
[2022-02-12T07:55:09.907302000Z DEBUG solana_bpf_loader_program] Program 4uQeVj5tqViQh7yWWGStvkEG1Zmhx6uasJtWCJziofM consumed 3669 of 200000 compute units
[2022-02-12T07:55:09.907359000Z DEBUG solana_program_runtime::stable_log] Program 4uQeVj5tqViQh7yWWGStvkEG1Zmhx6uasJtWCJziofM success
[2022-02-12T07:55:09.918071000Z DEBUG solana_program_runtime::stable_log] Program 4uQeVj5tqViQh7yWWGStvkEG1Zmhx6uasJtWCJziofM invoke [1]
[2022-02-12T07:55:09.918469000Z DEBUG solana_program_runtime::stable_log] Program log: Mango: UpdateRootBank
[2022-02-12T07:55:09.920497000Z DEBUG solana_program_runtime::stable_log] Program log: mango-log
[2022-02-12T07:55:09.921097000Z DEBUG solana_program_runtime::stable_log] Program log: 8HmBNKTUaLgvw0eWvBsUTKJNR7w/nT5SCNU8jnm3GGE/0sfqmogNnwAAAAAAAAAAAAAAAAAAQEIPAAAAAAAAAAAAAAAAAEBCDwAAAAAAAAA=
[2022-02-12T07:55:09.921218000Z DEBUG solana_bpf_loader_program] Program 4uQeVj5tqViQh7yWWGStvkEG1Zmhx6uasJtWCJziofM consumed 9360 of 200000 compute units
[2022-02-12T07:55:09.921271000Z DEBUG solana_program_runtime::stable_log] Program 4uQeVj5tqViQh7yWWGStvkEG1Zmhx6uasJtWCJziofM success
[2022-02-12T07:55:09.931318000Z DEBUG solana_program_runtime::stable_log] Program 4uQeVj5tqViQh7yWWGStvkEG1Zmhx6uasJtWCJziofM invoke [1]
[2022-02-12T07:55:09.931755000Z DEBUG solana_program_runtime::stable_log] Program log: Mango: UpdateFunding
[2022-02-12T07:55:09.932838000Z DEBUG solana_program_runtime::stable_log] Program log: mango-log
[2022-02-12T07:55:09.933434000Z DEBUG solana_program_runtime::stable_log] Program log: ta5iwCEXTXsvw0eWvBsUTKJNR7w/nT5SCNU8jnm3GGE/0sfqmogNnwAAAAAAAAAAAAAAAAAAAAAAAAAAAAAAAAAAAAAAAAAAAAAAAAAAAAA=
[2022-02-12T07:55:09.933584000Z DEBUG solana_bpf_loader_program] Program 4uQeVj5tqViQh7yWWGStvkEG1Zmhx6uasJtWCJziofM consumed 6381 of 200000 compute units
[2022-02-12T07:55:09.933647000Z DEBUG solana_program_runtime::stable_log] Program 4uQeVj5tqViQh7yWWGStvkEG1Zmhx6uasJtWCJziofM success
[2022-02-12T07:55:09.943845000Z DEBUG solana_program_runtime::stable_log] Program 4uQeVj5tqViQh7yWWGStvkEG1Zmhx6uasJtWCJziofM invoke [1]
[2022-02-12T07:55:09.944228000Z DEBUG solana_program_runtime::stable_log] Program log: Mango: CacheRootBanks
[2022-02-12T07:55:09.944881000Z DEBUG solana_program_runtime::stable_log] Program log: mango-log
[2022-02-12T07:55:09.945753000Z DEBUG solana_program_runtime::stable_log] Program log: IVXYca/Gfegvw0eWvBsUTKJNR7w/nT5SCNU8jnm3GGE/0sfqmogNnwIAAAAAAAAAAAAAAA8AAAAAAAAAAgAAAAAAAAAAAEBCDwAAAAAAAAAAAAAAAABAQg8AAAAAAAAAAgAAAAAAAAAAAEBCDwAAAAAAAAAAAAAAAABAQg8AAAAAAAAA
[2022-02-12T07:55:09.945874000Z DEBUG solana_bpf_loader_program] Program 4uQeVj5tqViQh7yWWGStvkEG1Zmhx6uasJtWCJziofM consumed 5857 of 200000 compute units
[2022-02-12T07:55:09.945930000Z DEBUG solana_program_runtime::stable_log] Program 4uQeVj5tqViQh7yWWGStvkEG1Zmhx6uasJtWCJziofM success
[2022-02-12T07:55:09.955340000Z DEBUG solana_program_runtime::stable_log] Program 4uQeVj5tqViQh7yWWGStvkEG1Zmhx6uasJtWCJziofM invoke [1]
[2022-02-12T07:55:09.955672000Z DEBUG solana_program_runtime::stable_log] Program log: Mango: CachePerpMarkets
[2022-02-12T07:55:09.956061000Z DEBUG solana_program_runtime::stable_log] Program log: mango-log
[2022-02-12T07:55:09.956794000Z DEBUG solana_program_runtime::stable_log] Program log: 9lt9JxCzqw4vw0eWvBsUTKJNR7w/nT5SCNU8jnm3GGE/0sfqmogNnwEAAAAAAAAAAAAAAAEAAAAAAAAAAAAAAAAAAAAAAAAAAQAAAAAAAAAAAAAAAAAAAAAAAAA=
[2022-02-12T07:55:09.956895000Z DEBUG solana_bpf_loader_program] Program 4uQeVj5tqViQh7yWWGStvkEG1Zmhx6uasJtWCJziofM consumed 4331 of 200000 compute units
[2022-02-12T07:55:09.956947000Z DEBUG solana_program_runtime::stable_log] Program 4uQeVj5tqViQh7yWWGStvkEG1Zmhx6uasJtWCJziofM success
[2022-02-12T07:55:09.970265000Z DEBUG solana_program_runtime::stable_log] Program 4uQeVj5tqViQh7yWWGStvkEG1Zmhx6uasJtWCJziofM invoke [1]
[2022-02-12T07:55:09.971535000Z DEBUG solana_program_runtime::stable_log] Program log: Mango: LiquidatePerpMarket
[2022-02-12T07:55:09.976239000Z DEBUG solana_program_runtime::stable_log] Program log: mango-log
[2022-02-12T07:55:09.977151000Z DEBUG solana_program_runtime::stable_log] Program log: xL0/TYaKkmovw0eWvBsUTKJNR7w/nT5SCNU8jnm3GGE/0sfqmogNn6tpMQ8YnGydi7YUSXRqS3LQlkog64ZS6OETbFgzwqVb92Wc4GdYwLJMpUkZhfqBn2A465jlRjq+J2B3sCNuc2wAAAAAAAAAAKyqqqqqqkIAAAAAAAAAAADoAwAAAAAAAIVT1f///1/RnP////////8A
[2022-02-12T07:55:09.977195000Z DEBUG solana_program_runtime::stable_log] Program log: mango-log
[2022-02-12T07:55:09.978189000Z DEBUG solana_program_runtime::stable_log] Program log: hz686jV+Ltkvw0eWvBsUTKJNR7w/nT5SCNU8jnm3GGE/0sfqmogNn6tpMQ8YnGydi7YUSXRqS3LQlkog64ZS6OETbFgzwqVbAAAAAAAAAACgDwAAAAAAAOJevfr+/79SUaj9//////8AAAAAAAAAAAAAAAAAAAAAAAAAAAAAAAAAAAAAAAAAAAAAAAAAAAAAAAAAAAAAAAAAAAAAAAAAAAAAAAAAAAAA
[2022-02-12T07:55:09.978234000Z DEBUG solana_program_runtime::stable_log] Program log: mango-log
[2022-02-12T07:55:09.979221000Z DEBUG solana_program_runtime::stable_log] Program log: hz686jV+Ltkvw0eWvBsUTKJNR7w/nT5SCNU8jnm3GGE/0sfqmogNn/dlnOBnWMCyTKVJGYX6gZ9gOOuY5UY6vidgd7AjbnNsAAAAAAAAAABwFwAAAAAAAB71//7//z/orP3///////8AAAAAAAAAAAAAAAAAAAAAAAAAAAAAAAAAAAAAAAAAAAAAAAAAAAAAAAAAAAAAAAAAAAAAAAAAAAAAAAAAAAAA
[2022-02-12T07:55:09.979576000Z DEBUG solana_bpf_loader_program] Program 4uQeVj5tqViQh7yWWGStvkEG1Zmhx6uasJtWCJziofM consumed 28466 of 200000 compute units
[2022-02-12T07:55:09.979654000Z DEBUG solana_program_runtime::stable_log] Program 4uQeVj5tqViQh7yWWGStvkEG1Zmhx6uasJtWCJziofM success
test test_liquidation_perp_market_basic ... ok

test result: ok. 1 passed; 0 failed; 0 ignored; 0 measured; 0 filtered out; finished in 2.09s

     Running tests/test_liquidation_token_and_perp.rs (target/debug/deps/test_liquidation_token_and_perp-26e831054e066a4e)

running 1 test
[2022-02-12T07:55:10.246211000Z INFO  solana_program_test] "mango" BPF program from /Users/mc/repos/mango-v3/target/deploy/mango.so, modified 1 hour, 40 minutes, 34 seconds, 528 ms, 719 µs and 245 ns ago
[2022-02-12T07:55:10.248084000Z INFO  solana_program_test] "serum_dex" BPF program from tests/fixtures/serum_dex.so, modified 1 month, 3 weeks, 6 days, 18 hours, 26 minutes, 14 seconds, 584 ms, 755 µs and 382 ns ago
[2022-02-12T07:55:10.411647000Z DEBUG solana_program_runtime::stable_log] Program 11111111111111111111111111111111 invoke [1]
[2022-02-12T07:55:10.412450000Z DEBUG solana_program_runtime::stable_log] Program 11111111111111111111111111111111 success
[2022-02-12T07:55:10.416594000Z DEBUG solana_program_runtime::stable_log] Program 11111111111111111111111111111111 invoke [1]
[2022-02-12T07:55:10.416653000Z DEBUG solana_program_runtime::stable_log] Program 11111111111111111111111111111111 success
[2022-02-12T07:55:10.421482000Z DEBUG solana_program_runtime::stable_log] Program 11111111111111111111111111111111 invoke [1]
[2022-02-12T07:55:10.421539000Z DEBUG solana_program_runtime::stable_log] Program 11111111111111111111111111111111 success
[2022-02-12T07:55:10.447367000Z DEBUG solana_program_runtime::stable_log] Program TokenkegQfeZyiNwAJbNbGKPFXCWuBvf9Ss623VQ5DA invoke [1]
[2022-02-12T07:55:10.448443000Z DEBUG solana_program_runtime::stable_log] Program log: Instruction: InitializeAccount
[2022-02-12T07:55:10.449462000Z DEBUG solana_bpf_loader_program] Program TokenkegQfeZyiNwAJbNbGKPFXCWuBvf9Ss623VQ5DA consumed 3411 of 200000 compute units
[2022-02-12T07:55:10.449548000Z DEBUG solana_program_runtime::stable_log] Program TokenkegQfeZyiNwAJbNbGKPFXCWuBvf9Ss623VQ5DA success
[2022-02-12T07:55:10.452780000Z DEBUG solana_program_runtime::stable_log] Program 11111111111111111111111111111111 invoke [1]
[2022-02-12T07:55:10.452836000Z DEBUG solana_program_runtime::stable_log] Program 11111111111111111111111111111111 success
[2022-02-12T07:55:10.456100000Z DEBUG solana_program_runtime::stable_log] Program 11111111111111111111111111111111 invoke [1]
[2022-02-12T07:55:10.456151000Z DEBUG solana_program_runtime::stable_log] Program 11111111111111111111111111111111 success
[2022-02-12T07:55:10.459638000Z DEBUG solana_program_runtime::stable_log] Program 11111111111111111111111111111111 invoke [1]
[2022-02-12T07:55:10.459686000Z DEBUG solana_program_runtime::stable_log] Program 11111111111111111111111111111111 success
[2022-02-12T07:55:10.467342000Z DEBUG solana_program_runtime::stable_log] Program TokenkegQfeZyiNwAJbNbGKPFXCWuBvf9Ss623VQ5DA invoke [1]
[2022-02-12T07:55:10.467833000Z DEBUG solana_program_runtime::stable_log] Program log: Instruction: InitializeAccount
[2022-02-12T07:55:10.468833000Z DEBUG solana_bpf_loader_program] Program TokenkegQfeZyiNwAJbNbGKPFXCWuBvf9Ss623VQ5DA consumed 3411 of 200000 compute units
[2022-02-12T07:55:10.468890000Z DEBUG solana_program_runtime::stable_log] Program TokenkegQfeZyiNwAJbNbGKPFXCWuBvf9Ss623VQ5DA success
[2022-02-12T07:55:10.472395000Z DEBUG solana_program_runtime::stable_log] Program 11111111111111111111111111111111 invoke [1]
[2022-02-12T07:55:10.472451000Z DEBUG solana_program_runtime::stable_log] Program 11111111111111111111111111111111 success
[2022-02-12T07:55:10.480139000Z DEBUG solana_program_runtime::stable_log] Program TokenkegQfeZyiNwAJbNbGKPFXCWuBvf9Ss623VQ5DA invoke [1]
[2022-02-12T07:55:10.480625000Z DEBUG solana_program_runtime::stable_log] Program log: Instruction: InitializeAccount
[2022-02-12T07:55:10.481633000Z DEBUG solana_bpf_loader_program] Program TokenkegQfeZyiNwAJbNbGKPFXCWuBvf9Ss623VQ5DA consumed 3411 of 200000 compute units
[2022-02-12T07:55:10.481687000Z DEBUG solana_program_runtime::stable_log] Program TokenkegQfeZyiNwAJbNbGKPFXCWuBvf9Ss623VQ5DA success
[2022-02-12T07:55:10.485270000Z DEBUG solana_program_runtime::stable_log] Program 11111111111111111111111111111111 invoke [1]
[2022-02-12T07:55:10.485319000Z DEBUG solana_program_runtime::stable_log] Program 11111111111111111111111111111111 success
[2022-02-12T07:55:10.492973000Z DEBUG solana_program_runtime::stable_log] Program TokenkegQfeZyiNwAJbNbGKPFXCWuBvf9Ss623VQ5DA invoke [1]
[2022-02-12T07:55:10.493467000Z DEBUG solana_program_runtime::stable_log] Program log: Instruction: InitializeAccount
[2022-02-12T07:55:10.494468000Z DEBUG solana_bpf_loader_program] Program TokenkegQfeZyiNwAJbNbGKPFXCWuBvf9Ss623VQ5DA consumed 3411 of 200000 compute units
[2022-02-12T07:55:10.494523000Z DEBUG solana_program_runtime::stable_log] Program TokenkegQfeZyiNwAJbNbGKPFXCWuBvf9Ss623VQ5DA success
[2022-02-12T07:55:10.602057000Z DEBUG solana_program_runtime::stable_log] Program 4uQeVj5tqViQh7yWWGStvkEG1Zmhx6uasJtWCJziofM invoke [1]
[2022-02-12T07:55:10.602946000Z DEBUG solana_program_runtime::stable_log] Program log: Mango: InitMangoGroup
[2022-02-12T07:55:10.606427000Z DEBUG solana_bpf_loader_program] Program 4uQeVj5tqViQh7yWWGStvkEG1Zmhx6uasJtWCJziofM consumed 13160 of 200000 compute units
[2022-02-12T07:55:10.606524000Z DEBUG solana_program_runtime::stable_log] Program 4uQeVj5tqViQh7yWWGStvkEG1Zmhx6uasJtWCJziofM success
[2022-02-12T07:55:10.612782000Z DEBUG solana_program_runtime::stable_log] Program 11111111111111111111111111111111 invoke [1]
[2022-02-12T07:55:10.612872000Z DEBUG solana_program_runtime::stable_log] Program 11111111111111111111111111111111 success
[2022-02-12T07:55:10.622688000Z DEBUG solana_program_runtime::stable_log] Program 4uQeVj5tqViQh7yWWGStvkEG1Zmhx6uasJtWCJziofM invoke [1]
[2022-02-12T07:55:10.623023000Z DEBUG solana_program_runtime::stable_log] Program log: Mango: AddOracle
[2022-02-12T07:55:10.623111000Z DEBUG solana_program_runtime::stable_log] Program log: OracleType: got unknown or stub
[2022-02-12T07:55:10.623445000Z DEBUG solana_bpf_loader_program] Program 4uQeVj5tqViQh7yWWGStvkEG1Zmhx6uasJtWCJziofM consumed 1865 of 200000 compute units
[2022-02-12T07:55:10.623509000Z DEBUG solana_program_runtime::stable_log] Program 4uQeVj5tqViQh7yWWGStvkEG1Zmhx6uasJtWCJziofM success
[2022-02-12T07:55:10.626538000Z DEBUG solana_program_runtime::stable_log] Program 11111111111111111111111111111111 invoke [1]
[2022-02-12T07:55:10.626594000Z DEBUG solana_program_runtime::stable_log] Program 11111111111111111111111111111111 success
[2022-02-12T07:55:10.637351000Z DEBUG solana_program_runtime::stable_log] Program 4uQeVj5tqViQh7yWWGStvkEG1Zmhx6uasJtWCJziofM invoke [1]
[2022-02-12T07:55:10.637685000Z DEBUG solana_program_runtime::stable_log] Program log: Mango: InitMangoAccount DEPRECATED
[2022-02-12T07:55:10.638071000Z DEBUG solana_bpf_loader_program] Program 4uQeVj5tqViQh7yWWGStvkEG1Zmhx6uasJtWCJziofM consumed 1828 of 200000 compute units
[2022-02-12T07:55:10.638126000Z DEBUG solana_program_runtime::stable_log] Program 4uQeVj5tqViQh7yWWGStvkEG1Zmhx6uasJtWCJziofM success
[2022-02-12T07:55:10.641675000Z DEBUG solana_program_runtime::stable_log] Program 11111111111111111111111111111111 invoke [1]
[2022-02-12T07:55:10.641731000Z DEBUG solana_program_runtime::stable_log] Program 11111111111111111111111111111111 success
[2022-02-12T07:55:10.652420000Z DEBUG solana_program_runtime::stable_log] Program 4uQeVj5tqViQh7yWWGStvkEG1Zmhx6uasJtWCJziofM invoke [1]
[2022-02-12T07:55:10.652750000Z DEBUG solana_program_runtime::stable_log] Program log: Mango: InitMangoAccount DEPRECATED
[2022-02-12T07:55:10.653131000Z DEBUG solana_bpf_loader_program] Program 4uQeVj5tqViQh7yWWGStvkEG1Zmhx6uasJtWCJziofM consumed 1828 of 200000 compute units
[2022-02-12T07:55:10.653185000Z DEBUG solana_program_runtime::stable_log] Program 4uQeVj5tqViQh7yWWGStvkEG1Zmhx6uasJtWCJziofM success
[2022-02-12T07:55:10.656643000Z DEBUG solana_program_runtime::stable_log] Program 11111111111111111111111111111111 invoke [1]
[2022-02-12T07:55:10.656694000Z DEBUG solana_program_runtime::stable_log] Program 11111111111111111111111111111111 success
[2022-02-12T07:55:10.667482000Z DEBUG solana_program_runtime::stable_log] Program 4uQeVj5tqViQh7yWWGStvkEG1Zmhx6uasJtWCJziofM invoke [1]
[2022-02-12T07:55:10.667808000Z DEBUG solana_program_runtime::stable_log] Program log: Mango: InitMangoAccount DEPRECATED
[2022-02-12T07:55:10.668190000Z DEBUG solana_bpf_loader_program] Program 4uQeVj5tqViQh7yWWGStvkEG1Zmhx6uasJtWCJziofM consumed 1828 of 200000 compute units
[2022-02-12T07:55:10.668246000Z DEBUG solana_program_runtime::stable_log] Program 4uQeVj5tqViQh7yWWGStvkEG1Zmhx6uasJtWCJziofM success
[2022-02-12T07:55:10.674359000Z DEBUG solana_program_runtime::stable_log] Program 11111111111111111111111111111111 invoke [1]
[2022-02-12T07:55:10.674418000Z DEBUG solana_program_runtime::stable_log] Program 11111111111111111111111111111111 success
[2022-02-12T07:55:10.682093000Z DEBUG solana_program_runtime::stable_log] Program TokenkegQfeZyiNwAJbNbGKPFXCWuBvf9Ss623VQ5DA invoke [1]
[2022-02-12T07:55:10.682592000Z DEBUG solana_program_runtime::stable_log] Program log: Instruction: InitializeAccount
[2022-02-12T07:55:10.683596000Z DEBUG solana_bpf_loader_program] Program TokenkegQfeZyiNwAJbNbGKPFXCWuBvf9Ss623VQ5DA consumed 3411 of 200000 compute units
[2022-02-12T07:55:10.683651000Z DEBUG solana_program_runtime::stable_log] Program TokenkegQfeZyiNwAJbNbGKPFXCWuBvf9Ss623VQ5DA success
[2022-02-12T07:55:10.687217000Z DEBUG solana_program_runtime::stable_log] Program 11111111111111111111111111111111 invoke [1]
[2022-02-12T07:55:10.687271000Z DEBUG solana_program_runtime::stable_log] Program 11111111111111111111111111111111 success
[2022-02-12T07:55:10.694989000Z DEBUG solana_program_runtime::stable_log] Program TokenkegQfeZyiNwAJbNbGKPFXCWuBvf9Ss623VQ5DA invoke [1]
[2022-02-12T07:55:10.695475000Z DEBUG solana_program_runtime::stable_log] Program log: Instruction: InitializeAccount
[2022-02-12T07:55:10.696476000Z DEBUG solana_bpf_loader_program] Program TokenkegQfeZyiNwAJbNbGKPFXCWuBvf9Ss623VQ5DA consumed 3411 of 200000 compute units
[2022-02-12T07:55:10.696534000Z DEBUG solana_program_runtime::stable_log] Program TokenkegQfeZyiNwAJbNbGKPFXCWuBvf9Ss623VQ5DA success
[2022-02-12T07:55:10.705011000Z DEBUG solana_program_runtime::stable_log] Program 11111111111111111111111111111111 invoke [1]
[2022-02-12T07:55:10.705058000Z DEBUG solana_program_runtime::stable_log] Program 11111111111111111111111111111111 success
[2022-02-12T07:55:10.705109000Z DEBUG solana_program_runtime::stable_log] Program 11111111111111111111111111111111 invoke [1]
[2022-02-12T07:55:10.705149000Z DEBUG solana_program_runtime::stable_log] Program 11111111111111111111111111111111 success
[2022-02-12T07:55:10.705197000Z DEBUG solana_program_runtime::stable_log] Program 11111111111111111111111111111111 invoke [1]
[2022-02-12T07:55:10.705505000Z DEBUG solana_program_runtime::stable_log] Program 11111111111111111111111111111111 success
[2022-02-12T07:55:10.705729000Z DEBUG solana_program_runtime::stable_log] Program 11111111111111111111111111111111 invoke [1]
[2022-02-12T07:55:10.705772000Z DEBUG solana_program_runtime::stable_log] Program 11111111111111111111111111111111 success
[2022-02-12T07:55:10.705833000Z DEBUG solana_program_runtime::stable_log] Program 11111111111111111111111111111111 invoke [1]
[2022-02-12T07:55:10.705875000Z DEBUG solana_program_runtime::stable_log] Program 11111111111111111111111111111111 success
[2022-02-12T07:55:10.742406000Z DEBUG solana_program_runtime::stable_log] Program 8opHzTAnfzRpPEx21XtnrVTX28YQuCpAjcn1PczScKh invoke [1]
[2022-02-12T07:55:10.747343000Z DEBUG solana_bpf_loader_program] Program 8opHzTAnfzRpPEx21XtnrVTX28YQuCpAjcn1PczScKh consumed 13661 of 200000 compute units
[2022-02-12T07:55:10.747683000Z DEBUG solana_program_runtime::stable_log] Program 8opHzTAnfzRpPEx21XtnrVTX28YQuCpAjcn1PczScKh success
[2022-02-12T07:55:10.755386000Z DEBUG solana_program_runtime::stable_log] Program 11111111111111111111111111111111 invoke [1]
[2022-02-12T07:55:10.755455000Z DEBUG solana_program_runtime::stable_log] Program 11111111111111111111111111111111 success
[2022-02-12T07:55:10.763152000Z DEBUG solana_program_runtime::stable_log] Program TokenkegQfeZyiNwAJbNbGKPFXCWuBvf9Ss623VQ5DA invoke [1]
[2022-02-12T07:55:10.763658000Z DEBUG solana_program_runtime::stable_log] Program log: Instruction: InitializeAccount
[2022-02-12T07:55:10.764663000Z DEBUG solana_bpf_loader_program] Program TokenkegQfeZyiNwAJbNbGKPFXCWuBvf9Ss623VQ5DA consumed 3411 of 200000 compute units
[2022-02-12T07:55:10.764723000Z DEBUG solana_program_runtime::stable_log] Program TokenkegQfeZyiNwAJbNbGKPFXCWuBvf9Ss623VQ5DA success
[2022-02-12T07:55:10.767833000Z DEBUG solana_program_runtime::stable_log] Program 11111111111111111111111111111111 invoke [1]
[2022-02-12T07:55:10.767880000Z DEBUG solana_program_runtime::stable_log] Program 11111111111111111111111111111111 success
[2022-02-12T07:55:10.771180000Z DEBUG solana_program_runtime::stable_log] Program 11111111111111111111111111111111 invoke [1]
[2022-02-12T07:55:10.771229000Z DEBUG solana_program_runtime::stable_log] Program 11111111111111111111111111111111 success
[2022-02-12T07:55:10.782807000Z DEBUG solana_program_runtime::stable_log] Program 4uQeVj5tqViQh7yWWGStvkEG1Zmhx6uasJtWCJziofM invoke [1]
[2022-02-12T07:55:10.783491000Z DEBUG solana_program_runtime::stable_log] Program log: Mango: AddSpotMarket
[2022-02-12T07:55:10.789524000Z DEBUG solana_bpf_loader_program] Program 4uQeVj5tqViQh7yWWGStvkEG1Zmhx6uasJtWCJziofM consumed 20512 of 200000 compute units
[2022-02-12T07:55:10.789608000Z DEBUG solana_program_runtime::stable_log] Program 4uQeVj5tqViQh7yWWGStvkEG1Zmhx6uasJtWCJziofM success
[2022-02-12T07:55:10.793729000Z DEBUG solana_program_runtime::stable_log] Program 11111111111111111111111111111111 invoke [1]
[2022-02-12T07:55:10.793785000Z DEBUG solana_program_runtime::stable_log] Program 11111111111111111111111111111111 success
[2022-02-12T07:55:10.797228000Z DEBUG solana_program_runtime::stable_log] Program 11111111111111111111111111111111 invoke [1]
[2022-02-12T07:55:10.797275000Z DEBUG solana_program_runtime::stable_log] Program 11111111111111111111111111111111 success
[2022-02-12T07:55:10.800607000Z DEBUG solana_program_runtime::stable_log] Program 11111111111111111111111111111111 invoke [1]
[2022-02-12T07:55:10.800671000Z DEBUG solana_program_runtime::stable_log] Program 11111111111111111111111111111111 success
[2022-02-12T07:55:10.803978000Z DEBUG solana_program_runtime::stable_log] Program 11111111111111111111111111111111 invoke [1]
[2022-02-12T07:55:10.804027000Z DEBUG solana_program_runtime::stable_log] Program 11111111111111111111111111111111 success
[2022-02-12T07:55:10.807578000Z DEBUG solana_program_runtime::stable_log] Program 11111111111111111111111111111111 invoke [1]
[2022-02-12T07:55:10.807626000Z DEBUG solana_program_runtime::stable_log] Program 11111111111111111111111111111111 success
[2022-02-12T07:55:10.815339000Z DEBUG solana_program_runtime::stable_log] Program TokenkegQfeZyiNwAJbNbGKPFXCWuBvf9Ss623VQ5DA invoke [1]
[2022-02-12T07:55:10.815831000Z DEBUG solana_program_runtime::stable_log] Program log: Instruction: InitializeAccount
[2022-02-12T07:55:10.816834000Z DEBUG solana_bpf_loader_program] Program TokenkegQfeZyiNwAJbNbGKPFXCWuBvf9Ss623VQ5DA consumed 3411 of 200000 compute units
[2022-02-12T07:55:10.816892000Z DEBUG solana_program_runtime::stable_log] Program TokenkegQfeZyiNwAJbNbGKPFXCWuBvf9Ss623VQ5DA success
[2022-02-12T07:55:10.828333000Z DEBUG solana_program_runtime::stable_log] Program 4uQeVj5tqViQh7yWWGStvkEG1Zmhx6uasJtWCJziofM invoke [1]
[2022-02-12T07:55:10.828964000Z DEBUG solana_program_runtime::stable_log] Program log: Mango: AddPerpMarket DEPRECATED
[2022-02-12T07:55:10.834992000Z DEBUG solana_bpf_loader_program] Program 4uQeVj5tqViQh7yWWGStvkEG1Zmhx6uasJtWCJziofM consumed 20524 of 200000 compute units
[2022-02-12T07:55:10.835069000Z DEBUG solana_program_runtime::stable_log] Program 4uQeVj5tqViQh7yWWGStvkEG1Zmhx6uasJtWCJziofM success
[2022-02-12T07:55:10.846147000Z DEBUG solana_program_runtime::stable_log] Program 4uQeVj5tqViQh7yWWGStvkEG1Zmhx6uasJtWCJziofM invoke [1]
[2022-02-12T07:55:10.846492000Z DEBUG solana_program_runtime::stable_log] Program log: Mango: SetOracle
[2022-02-12T07:55:10.846776000Z DEBUG solana_bpf_loader_program] Program 4uQeVj5tqViQh7yWWGStvkEG1Zmhx6uasJtWCJziofM consumed 1550 of 200000 compute units
[2022-02-12T07:55:10.846835000Z DEBUG solana_program_runtime::stable_log] Program 4uQeVj5tqViQh7yWWGStvkEG1Zmhx6uasJtWCJziofM success
[2022-02-12T07:55:10.878041000Z DEBUG solana_program_runtime::stable_log] Program 4uQeVj5tqViQh7yWWGStvkEG1Zmhx6uasJtWCJziofM invoke [1]
[2022-02-12T07:55:10.878404000Z DEBUG solana_program_runtime::stable_log] Program log: Mango: CachePrices
[2022-02-12T07:55:10.878739000Z DEBUG solana_program_runtime::stable_log] Program log: mango-log
[2022-02-12T07:55:10.879337000Z DEBUG solana_program_runtime::stable_log] Program log: ux0uSxX5tBtj/bu0hxFHHk1ag9FJ+7ogZJAzFSPdfKc/C19EAXoRigEAAAAAAAAAAAAAAAEAAAAAAAAAAAAQJwAAAAAAAAAA
[2022-02-12T07:55:10.879441000Z DEBUG solana_bpf_loader_program] Program 4uQeVj5tqViQh7yWWGStvkEG1Zmhx6uasJtWCJziofM consumed 3669 of 200000 compute units
[2022-02-12T07:55:10.879500000Z DEBUG solana_program_runtime::stable_log] Program 4uQeVj5tqViQh7yWWGStvkEG1Zmhx6uasJtWCJziofM success
[2022-02-12T07:55:10.890308000Z DEBUG solana_program_runtime::stable_log] Program 4uQeVj5tqViQh7yWWGStvkEG1Zmhx6uasJtWCJziofM invoke [1]
[2022-02-12T07:55:10.890701000Z DEBUG solana_program_runtime::stable_log] Program log: Mango: UpdateRootBank
[2022-02-12T07:55:10.892454000Z DEBUG solana_program_runtime::stable_log] Program log: mango-log
[2022-02-12T07:55:10.893060000Z DEBUG solana_program_runtime::stable_log] Program log: 8HmBNKTUaLhj/bu0hxFHHk1ag9FJ+7ogZJAzFSPdfKc/C19EAXoRigAAAAAAAAAAAAAAAAAAQEIPAAAAAAAAAAAAAAAAAEBCDwAAAAAAAAA=
[2022-02-12T07:55:10.893184000Z DEBUG solana_bpf_loader_program] Program 4uQeVj5tqViQh7yWWGStvkEG1Zmhx6uasJtWCJziofM consumed 8523 of 200000 compute units
[2022-02-12T07:55:10.893240000Z DEBUG solana_program_runtime::stable_log] Program 4uQeVj5tqViQh7yWWGStvkEG1Zmhx6uasJtWCJziofM success
[2022-02-12T07:55:10.903597000Z DEBUG solana_program_runtime::stable_log] Program 4uQeVj5tqViQh7yWWGStvkEG1Zmhx6uasJtWCJziofM invoke [1]
[2022-02-12T07:55:10.904046000Z DEBUG solana_program_runtime::stable_log] Program log: Mango: UpdateFunding
[2022-02-12T07:55:10.905137000Z DEBUG solana_program_runtime::stable_log] Program log: mango-log
[2022-02-12T07:55:10.905738000Z DEBUG solana_program_runtime::stable_log] Program log: ta5iwCEXTXtj/bu0hxFHHk1ag9FJ+7ogZJAzFSPdfKc/C19EAXoRigAAAAAAAAAAAAAAAAAAAAAAAAAAAAAAAAAAAAAAAAAAAAAAAAAAAAA=
[2022-02-12T07:55:10.905886000Z DEBUG solana_bpf_loader_program] Program 4uQeVj5tqViQh7yWWGStvkEG1Zmhx6uasJtWCJziofM consumed 6381 of 200000 compute units
[2022-02-12T07:55:10.905955000Z DEBUG solana_program_runtime::stable_log] Program 4uQeVj5tqViQh7yWWGStvkEG1Zmhx6uasJtWCJziofM success
[2022-02-12T07:55:10.916297000Z DEBUG solana_program_runtime::stable_log] Program 4uQeVj5tqViQh7yWWGStvkEG1Zmhx6uasJtWCJziofM invoke [1]
[2022-02-12T07:55:10.916683000Z DEBUG solana_program_runtime::stable_log] Program log: Mango: CacheRootBanks
[2022-02-12T07:55:10.917340000Z DEBUG solana_program_runtime::stable_log] Program log: mango-log
[2022-02-12T07:55:10.918218000Z DEBUG solana_program_runtime::stable_log] Program log: IVXYca/Gfehj/bu0hxFHHk1ag9FJ+7ogZJAzFSPdfKc/C19EAXoRigIAAAAAAAAAAAAAAA8AAAAAAAAAAgAAAAAAAAAAAEBCDwAAAAAAAAAAAAAAAABAQg8AAAAAAAAAAgAAAAAAAAAAAEBCDwAAAAAAAAAAAAAAAABAQg8AAAAAAAAA
[2022-02-12T07:55:10.918358000Z DEBUG solana_bpf_loader_program] Program 4uQeVj5tqViQh7yWWGStvkEG1Zmhx6uasJtWCJziofM consumed 5857 of 200000 compute units
[2022-02-12T07:55:10.918413000Z DEBUG solana_program_runtime::stable_log] Program 4uQeVj5tqViQh7yWWGStvkEG1Zmhx6uasJtWCJziofM success
[2022-02-12T07:55:10.927757000Z DEBUG solana_program_runtime::stable_log] Program 4uQeVj5tqViQh7yWWGStvkEG1Zmhx6uasJtWCJziofM invoke [1]
[2022-02-12T07:55:10.928084000Z DEBUG solana_program_runtime::stable_log] Program log: Mango: CachePerpMarkets
[2022-02-12T07:55:10.928471000Z DEBUG solana_program_runtime::stable_log] Program log: mango-log
[2022-02-12T07:55:10.929202000Z DEBUG solana_program_runtime::stable_log] Program log: 9lt9JxCzqw5j/bu0hxFHHk1ag9FJ+7ogZJAzFSPdfKc/C19EAXoRigEAAAAAAAAAAAAAAAEAAAAAAAAAAAAAAAAAAAAAAAAAAQAAAAAAAAAAAAAAAAAAAAAAAAA=
[2022-02-12T07:55:10.929305000Z DEBUG solana_bpf_loader_program] Program 4uQeVj5tqViQh7yWWGStvkEG1Zmhx6uasJtWCJziofM consumed 4331 of 200000 compute units
[2022-02-12T07:55:10.929364000Z DEBUG solana_program_runtime::stable_log] Program 4uQeVj5tqViQh7yWWGStvkEG1Zmhx6uasJtWCJziofM success
[2022-02-12T07:55:10.943124000Z DEBUG solana_program_runtime::stable_log] Program 4uQeVj5tqViQh7yWWGStvkEG1Zmhx6uasJtWCJziofM invoke [1]
[2022-02-12T07:55:10.943783000Z DEBUG solana_program_runtime::stable_log] Program log: Mango: Deposit
[2022-02-12T07:55:10.953446000Z DEBUG solana_program_runtime::stable_log] Program TokenkegQfeZyiNwAJbNbGKPFXCWuBvf9Ss623VQ5DA invoke [2]
[2022-02-12T07:55:10.953880000Z DEBUG solana_program_runtime::stable_log] Program log: Instruction: Transfer
[2022-02-12T07:55:10.954777000Z DEBUG solana_bpf_loader_program] Program TokenkegQfeZyiNwAJbNbGKPFXCWuBvf9Ss623VQ5DA consumed 3121 of 194218 compute units
[2022-02-12T07:55:10.954835000Z DEBUG solana_program_runtime::stable_log] Program TokenkegQfeZyiNwAJbNbGKPFXCWuBvf9Ss623VQ5DA success
[2022-02-12T07:55:10.956291000Z DEBUG solana_program_runtime::stable_log] Program log: mango-log
[2022-02-12T07:55:10.957033000Z DEBUG solana_program_runtime::stable_log] Program log: F5qwwQsqqPRj/bu0hxFHHk1ag9FJ+7ogZJAzFSPdfKc/C19EAXoRisaI6QpVrN653lR58v1BHMhKwrLhmR6G8kkQgit0ti4ADwAAAAAAAAAAAAAAAAAQJwAAAAAAAAAAAAAAAAAAAAAAAAAAAAAAAA==
[2022-02-12T07:55:10.957062000Z DEBUG solana_program_runtime::stable_log] Program log: mango-log
[2022-02-12T07:55:10.957865000Z DEBUG solana_program_runtime::stable_log] Program log: jbqo/GyNSF5j/bu0hxFHHk1ag9FJ+7ogZJAzFSPdfKc/C19EAXoRisaI6QpVrN653lR58v1BHMhKwrLhmR6G8kkQgit0ti4AxLxOzw++CaGbwl40zNGzk21el6dGZZxJZxPRXzAUvFkPAAAAAAAAAADkC1QCAAAA
[2022-02-12T07:55:10.958087000Z DEBUG solana_bpf_loader_program] Program 4uQeVj5tqViQh7yWWGStvkEG1Zmhx6uasJtWCJziofM consumed 18920 of 200000 compute units
[2022-02-12T07:55:10.958154000Z DEBUG solana_program_runtime::stable_log] Program 4uQeVj5tqViQh7yWWGStvkEG1Zmhx6uasJtWCJziofM success
[2022-02-12T07:55:10.971445000Z DEBUG solana_program_runtime::stable_log] Program 4uQeVj5tqViQh7yWWGStvkEG1Zmhx6uasJtWCJziofM invoke [1]
[2022-02-12T07:55:10.972110000Z DEBUG solana_program_runtime::stable_log] Program log: Mango: Deposit
[2022-02-12T07:55:10.980459000Z DEBUG solana_program_runtime::stable_log] Program TokenkegQfeZyiNwAJbNbGKPFXCWuBvf9Ss623VQ5DA invoke [2]
[2022-02-12T07:55:10.980882000Z DEBUG solana_program_runtime::stable_log] Program log: Instruction: Transfer
[2022-02-12T07:55:10.981780000Z DEBUG solana_bpf_loader_program] Program TokenkegQfeZyiNwAJbNbGKPFXCWuBvf9Ss623VQ5DA consumed 3121 of 194804 compute units
[2022-02-12T07:55:10.981833000Z DEBUG solana_program_runtime::stable_log] Program TokenkegQfeZyiNwAJbNbGKPFXCWuBvf9Ss623VQ5DA success
[2022-02-12T07:55:10.983079000Z DEBUG solana_program_runtime::stable_log] Program log: mango-log
[2022-02-12T07:55:10.983819000Z DEBUG solana_program_runtime::stable_log] Program log: F5qwwQsqqPRj/bu0hxFHHk1ag9FJ+7ogZJAzFSPdfKc/C19EAXoRilr2n+yVUz1Dw0aCA2sDWhQTdLeC8nMa2M+B6X9w0FVRAAAAAAAAAAAAAAAAAAABAAAAAAAAAAAAAAAAAAAAAAAAAAAAAAAAAA==
[2022-02-12T07:55:10.983848000Z DEBUG solana_program_runtime::stable_log] Program log: mango-log
[2022-02-12T07:55:10.984655000Z DEBUG solana_program_runtime::stable_log] Program log: jbqo/GyNSF5j/bu0hxFHHk1ag9FJ+7ogZJAzFSPdfKc/C19EAXoRilr2n+yVUz1Dw0aCA2sDWhQTdLeC8nMa2M+B6X9w0FVRZnv4RIWhTfOyoFcjJXj4e5GsAAWLsGjcWDKCrU8U0rYAAAAAAAAAAEBCDwAAAAAA
[2022-02-12T07:55:10.984875000Z DEBUG solana_bpf_loader_program] Program 4uQeVj5tqViQh7yWWGStvkEG1Zmhx6uasJtWCJziofM consumed 17628 of 200000 compute units
[2022-02-12T07:55:10.984945000Z DEBUG solana_program_runtime::stable_log] Program 4uQeVj5tqViQh7yWWGStvkEG1Zmhx6uasJtWCJziofM success
[2022-02-12T07:55:10.997470000Z DEBUG solana_program_runtime::stable_log] Program 4uQeVj5tqViQh7yWWGStvkEG1Zmhx6uasJtWCJziofM invoke [1]
[2022-02-12T07:55:10.998137000Z DEBUG solana_program_runtime::stable_log] Program log: Mango: Deposit
[2022-02-12T07:55:11.006669000Z DEBUG solana_program_runtime::stable_log] Program TokenkegQfeZyiNwAJbNbGKPFXCWuBvf9Ss623VQ5DA invoke [2]
[2022-02-12T07:55:11.007091000Z DEBUG solana_program_runtime::stable_log] Program log: Instruction: Transfer
[2022-02-12T07:55:11.007987000Z DEBUG solana_bpf_loader_program] Program TokenkegQfeZyiNwAJbNbGKPFXCWuBvf9Ss623VQ5DA consumed 3121 of 194218 compute units
[2022-02-12T07:55:11.008043000Z DEBUG solana_program_runtime::stable_log] Program TokenkegQfeZyiNwAJbNbGKPFXCWuBvf9Ss623VQ5DA success
[2022-02-12T07:55:11.009487000Z DEBUG solana_program_runtime::stable_log] Program log: mango-log
[2022-02-12T07:55:11.010227000Z DEBUG solana_program_runtime::stable_log] Program log: F5qwwQsqqPRj/bu0hxFHHk1ag9FJ+7ogZJAzFSPdfKc/C19EAXoRiu7zyRRWQvIZzFjrPLS3oFGg1ISWaRvjOzqLjXFDwyPKDwAAAAAAAAAAAAAAAAAQJwAAAAAAAAAAAAAAAAAAAAAAAAAAAAAAAA==
[2022-02-12T07:55:11.010255000Z DEBUG solana_program_runtime::stable_log] Program log: mango-log
[2022-02-12T07:55:11.011063000Z DEBUG solana_program_runtime::stable_log] Program log: jbqo/GyNSF5j/bu0hxFHHk1ag9FJ+7ogZJAzFSPdfKc/C19EAXoRiu7zyRRWQvIZzFjrPLS3oFGg1ISWaRvjOzqLjXFDwyPK1sYTBSXXq2jRpljUgt2XBt3hQtfQWK9NRHdefsJXGL4PAAAAAAAAAADkC1QCAAAA
[2022-02-12T07:55:11.011284000Z DEBUG solana_bpf_loader_program] Program 4uQeVj5tqViQh7yWWGStvkEG1Zmhx6uasJtWCJziofM consumed 18920 of 200000 compute units
[2022-02-12T07:55:11.011353000Z DEBUG solana_program_runtime::stable_log] Program 4uQeVj5tqViQh7yWWGStvkEG1Zmhx6uasJtWCJziofM success
[2022-02-12T07:55:11.045625000Z DEBUG solana_program_runtime::stable_log] Program 4uQeVj5tqViQh7yWWGStvkEG1Zmhx6uasJtWCJziofM invoke [1]
[2022-02-12T07:55:11.045989000Z DEBUG solana_program_runtime::stable_log] Program log: Mango: CachePrices
[2022-02-12T07:55:11.046317000Z DEBUG solana_program_runtime::stable_log] Program log: mango-log
[2022-02-12T07:55:11.046913000Z DEBUG solana_program_runtime::stable_log] Program log: ux0uSxX5tBtj/bu0hxFHHk1ag9FJ+7ogZJAzFSPdfKc/C19EAXoRigEAAAAAAAAAAAAAAAEAAAAAAAAAAAAQJwAAAAAAAAAA
[2022-02-12T07:55:11.047015000Z DEBUG solana_bpf_loader_program] Program 4uQeVj5tqViQh7yWWGStvkEG1Zmhx6uasJtWCJziofM consumed 3669 of 200000 compute units
[2022-02-12T07:55:11.047078000Z DEBUG solana_program_runtime::stable_log] Program 4uQeVj5tqViQh7yWWGStvkEG1Zmhx6uasJtWCJziofM success
[2022-02-12T07:55:11.057834000Z DEBUG solana_program_runtime::stable_log] Program 4uQeVj5tqViQh7yWWGStvkEG1Zmhx6uasJtWCJziofM invoke [1]
[2022-02-12T07:55:11.058232000Z DEBUG solana_program_runtime::stable_log] Program log: Mango: UpdateRootBank
[2022-02-12T07:55:11.060278000Z DEBUG solana_program_runtime::stable_log] Program log: mango-log
[2022-02-12T07:55:11.060885000Z DEBUG solana_program_runtime::stable_log] Program log: 8HmBNKTUaLhj/bu0hxFHHk1ag9FJ+7ogZJAzFSPdfKc/C19EAXoRigAAAAAAAAAAAAAAAAAAQEIPAAAAAAAAAAAAAAAAAEBCDwAAAAAAAAA=
[2022-02-12T07:55:11.061008000Z DEBUG solana_bpf_loader_program] Program 4uQeVj5tqViQh7yWWGStvkEG1Zmhx6uasJtWCJziofM consumed 9360 of 200000 compute units
[2022-02-12T07:55:11.061066000Z DEBUG solana_program_runtime::stable_log] Program 4uQeVj5tqViQh7yWWGStvkEG1Zmhx6uasJtWCJziofM success
[2022-02-12T07:55:11.071009000Z DEBUG solana_program_runtime::stable_log] Program 4uQeVj5tqViQh7yWWGStvkEG1Zmhx6uasJtWCJziofM invoke [1]
[2022-02-12T07:55:11.071458000Z DEBUG solana_program_runtime::stable_log] Program log: Mango: UpdateFunding
[2022-02-12T07:55:11.072569000Z DEBUG solana_program_runtime::stable_log] Program log: mango-log
[2022-02-12T07:55:11.073205000Z DEBUG solana_program_runtime::stable_log] Program log: ta5iwCEXTXtj/bu0hxFHHk1ag9FJ+7ogZJAzFSPdfKc/C19EAXoRigAAAAAAAAAAAAAAAAAAAAAAAAAAAAAAAAAAAAAAAAAAAAAAAAAAAAA=
[2022-02-12T07:55:11.073350000Z DEBUG solana_bpf_loader_program] Program 4uQeVj5tqViQh7yWWGStvkEG1Zmhx6uasJtWCJziofM consumed 6381 of 200000 compute units
[2022-02-12T07:55:11.073417000Z DEBUG solana_program_runtime::stable_log] Program 4uQeVj5tqViQh7yWWGStvkEG1Zmhx6uasJtWCJziofM success
[2022-02-12T07:55:11.083587000Z DEBUG solana_program_runtime::stable_log] Program 4uQeVj5tqViQh7yWWGStvkEG1Zmhx6uasJtWCJziofM invoke [1]
[2022-02-12T07:55:11.083985000Z DEBUG solana_program_runtime::stable_log] Program log: Mango: CacheRootBanks
[2022-02-12T07:55:11.084647000Z DEBUG solana_program_runtime::stable_log] Program log: mango-log
[2022-02-12T07:55:11.085527000Z DEBUG solana_program_runtime::stable_log] Program log: IVXYca/Gfehj/bu0hxFHHk1ag9FJ+7ogZJAzFSPdfKc/C19EAXoRigIAAAAAAAAAAAAAAA8AAAAAAAAAAgAAAAAAAAAAAEBCDwAAAAAAAAAAAAAAAABAQg8AAAAAAAAAAgAAAAAAAAAAAEBCDwAAAAAAAAAAAAAAAABAQg8AAAAAAAAA
[2022-02-12T07:55:11.085655000Z DEBUG solana_bpf_loader_program] Program 4uQeVj5tqViQh7yWWGStvkEG1Zmhx6uasJtWCJziofM consumed 5857 of 200000 compute units
[2022-02-12T07:55:11.085709000Z DEBUG solana_program_runtime::stable_log] Program 4uQeVj5tqViQh7yWWGStvkEG1Zmhx6uasJtWCJziofM success
[2022-02-12T07:55:11.094984000Z DEBUG solana_program_runtime::stable_log] Program 4uQeVj5tqViQh7yWWGStvkEG1Zmhx6uasJtWCJziofM invoke [1]
[2022-02-12T07:55:11.095320000Z DEBUG solana_program_runtime::stable_log] Program log: Mango: CachePerpMarkets
[2022-02-12T07:55:11.095708000Z DEBUG solana_program_runtime::stable_log] Program log: mango-log
[2022-02-12T07:55:11.096430000Z DEBUG solana_program_runtime::stable_log] Program log: 9lt9JxCzqw5j/bu0hxFHHk1ag9FJ+7ogZJAzFSPdfKc/C19EAXoRigEAAAAAAAAAAAAAAAEAAAAAAAAAAAAAAAAAAAAAAAAAAQAAAAAAAAAAAAAAAAAAAAAAAAA=
[2022-02-12T07:55:11.096531000Z DEBUG solana_bpf_loader_program] Program 4uQeVj5tqViQh7yWWGStvkEG1Zmhx6uasJtWCJziofM consumed 4331 of 200000 compute units
[2022-02-12T07:55:11.096583000Z DEBUG solana_program_runtime::stable_log] Program 4uQeVj5tqViQh7yWWGStvkEG1Zmhx6uasJtWCJziofM success
[2022-02-12T07:55:11.128657000Z DEBUG solana_program_runtime::stable_log] Program 4uQeVj5tqViQh7yWWGStvkEG1Zmhx6uasJtWCJziofM invoke [1]
[2022-02-12T07:55:11.129012000Z DEBUG solana_program_runtime::stable_log] Program log: Mango: CachePrices
[2022-02-12T07:55:11.129335000Z DEBUG solana_program_runtime::stable_log] Program log: mango-log
[2022-02-12T07:55:11.129927000Z DEBUG solana_program_runtime::stable_log] Program log: ux0uSxX5tBtj/bu0hxFHHk1ag9FJ+7ogZJAzFSPdfKc/C19EAXoRigEAAAAAAAAAAAAAAAEAAAAAAAAAAAAQJwAAAAAAAAAA
[2022-02-12T07:55:11.130030000Z DEBUG solana_bpf_loader_program] Program 4uQeVj5tqViQh7yWWGStvkEG1Zmhx6uasJtWCJziofM consumed 3669 of 200000 compute units
[2022-02-12T07:55:11.130095000Z DEBUG solana_program_runtime::stable_log] Program 4uQeVj5tqViQh7yWWGStvkEG1Zmhx6uasJtWCJziofM success
[2022-02-12T07:55:11.140729000Z DEBUG solana_program_runtime::stable_log] Program 4uQeVj5tqViQh7yWWGStvkEG1Zmhx6uasJtWCJziofM invoke [1]
[2022-02-12T07:55:11.141114000Z DEBUG solana_program_runtime::stable_log] Program log: Mango: UpdateRootBank
[2022-02-12T07:55:11.143154000Z DEBUG solana_program_runtime::stable_log] Program log: mango-log
[2022-02-12T07:55:11.143753000Z DEBUG solana_program_runtime::stable_log] Program log: 8HmBNKTUaLhj/bu0hxFHHk1ag9FJ+7ogZJAzFSPdfKc/C19EAXoRigAAAAAAAAAAAAAAAAAAQEIPAAAAAAAAAAAAAAAAAEBCDwAAAAAAAAA=
[2022-02-12T07:55:11.143876000Z DEBUG solana_bpf_loader_program] Program 4uQeVj5tqViQh7yWWGStvkEG1Zmhx6uasJtWCJziofM consumed 9360 of 200000 compute units
[2022-02-12T07:55:11.143929000Z DEBUG solana_program_runtime::stable_log] Program 4uQeVj5tqViQh7yWWGStvkEG1Zmhx6uasJtWCJziofM success
[2022-02-12T07:55:11.153960000Z DEBUG solana_program_runtime::stable_log] Program 4uQeVj5tqViQh7yWWGStvkEG1Zmhx6uasJtWCJziofM invoke [1]
[2022-02-12T07:55:11.154406000Z DEBUG solana_program_runtime::stable_log] Program log: Mango: UpdateFunding
[2022-02-12T07:55:11.155493000Z DEBUG solana_program_runtime::stable_log] Program log: mango-log
[2022-02-12T07:55:11.156096000Z DEBUG solana_program_runtime::stable_log] Program log: ta5iwCEXTXtj/bu0hxFHHk1ag9FJ+7ogZJAzFSPdfKc/C19EAXoRigAAAAAAAAAAAAAAAAAAAAAAAAAAAAAAAAAAAAAAAAAAAAAAAAAAAAA=
[2022-02-12T07:55:11.156243000Z DEBUG solana_bpf_loader_program] Program 4uQeVj5tqViQh7yWWGStvkEG1Zmhx6uasJtWCJziofM consumed 6381 of 200000 compute units
[2022-02-12T07:55:11.156312000Z DEBUG solana_program_runtime::stable_log] Program 4uQeVj5tqViQh7yWWGStvkEG1Zmhx6uasJtWCJziofM success
[2022-02-12T07:55:11.166588000Z DEBUG solana_program_runtime::stable_log] Program 4uQeVj5tqViQh7yWWGStvkEG1Zmhx6uasJtWCJziofM invoke [1]
[2022-02-12T07:55:11.166977000Z DEBUG solana_program_runtime::stable_log] Program log: Mango: CacheRootBanks
[2022-02-12T07:55:11.167640000Z DEBUG solana_program_runtime::stable_log] Program log: mango-log
[2022-02-12T07:55:11.168520000Z DEBUG solana_program_runtime::stable_log] Program log: IVXYca/Gfehj/bu0hxFHHk1ag9FJ+7ogZJAzFSPdfKc/C19EAXoRigIAAAAAAAAAAAAAAA8AAAAAAAAAAgAAAAAAAAAAAEBCDwAAAAAAAAAAAAAAAABAQg8AAAAAAAAAAgAAAAAAAAAAAEBCDwAAAAAAAAAAAAAAAABAQg8AAAAAAAAA
[2022-02-12T07:55:11.168646000Z DEBUG solana_bpf_loader_program] Program 4uQeVj5tqViQh7yWWGStvkEG1Zmhx6uasJtWCJziofM consumed 5857 of 200000 compute units
[2022-02-12T07:55:11.168699000Z DEBUG solana_program_runtime::stable_log] Program 4uQeVj5tqViQh7yWWGStvkEG1Zmhx6uasJtWCJziofM success
[2022-02-12T07:55:11.178001000Z DEBUG solana_program_runtime::stable_log] Program 4uQeVj5tqViQh7yWWGStvkEG1Zmhx6uasJtWCJziofM invoke [1]
[2022-02-12T07:55:11.178332000Z DEBUG solana_program_runtime::stable_log] Program log: Mango: CachePerpMarkets
[2022-02-12T07:55:11.178722000Z DEBUG solana_program_runtime::stable_log] Program log: mango-log
[2022-02-12T07:55:11.179463000Z DEBUG solana_program_runtime::stable_log] Program log: 9lt9JxCzqw5j/bu0hxFHHk1ag9FJ+7ogZJAzFSPdfKc/C19EAXoRigEAAAAAAAAAAAAAAAEAAAAAAAAAAAAAAAAAAAAAAAAAAQAAAAAAAAAAAAAAAAAAAAAAAAA=
[2022-02-12T07:55:11.179564000Z DEBUG solana_bpf_loader_program] Program 4uQeVj5tqViQh7yWWGStvkEG1Zmhx6uasJtWCJziofM consumed 4331 of 200000 compute units
[2022-02-12T07:55:11.179618000Z DEBUG solana_program_runtime::stable_log] Program 4uQeVj5tqViQh7yWWGStvkEG1Zmhx6uasJtWCJziofM success
[2022-02-12T07:55:11.194151000Z DEBUG solana_program_runtime::stable_log] Program 4uQeVj5tqViQh7yWWGStvkEG1Zmhx6uasJtWCJziofM invoke [1]
[2022-02-12T07:55:11.195326000Z DEBUG solana_program_runtime::stable_log] Program log: Mango: PlacePerpOrder client_order_id=10000
[2022-02-12T07:55:11.199817000Z DEBUG solana_program_runtime::stable_log] Program log: ask on book order_id=1844674407370955161600001 quantity=10000 price=100000
[2022-02-12T07:55:11.200631000Z DEBUG solana_bpf_loader_program] Program 4uQeVj5tqViQh7yWWGStvkEG1Zmhx6uasJtWCJziofM consumed 19343 of 200000 compute units
[2022-02-12T07:55:11.200712000Z DEBUG solana_program_runtime::stable_log] Program 4uQeVj5tqViQh7yWWGStvkEG1Zmhx6uasJtWCJziofM success
[2022-02-12T07:55:11.214274000Z DEBUG solana_program_runtime::stable_log] Program 4uQeVj5tqViQh7yWWGStvkEG1Zmhx6uasJtWCJziofM invoke [1]
[2022-02-12T07:55:11.215454000Z DEBUG solana_program_runtime::stable_log] Program log: Mango: PlacePerpOrder client_order_id=10001
[2022-02-12T07:55:11.219854000Z DEBUG solana_program_runtime::stable_log] Program log: mango-log
[2022-02-12T07:55:11.220799000Z DEBUG solana_program_runtime::stable_log] Program log: hz686jV+Ltlj/bu0hxFHHk1ag9FJ+7ogZJAzFSPdfKc/C19EAXoRisaI6QpVrN653lR58v1BHMhKwrLhmR6G8kkQgit0ti4AAAAAAAAAAAAAAAAAAAAAAABUvfn+//8eCvr///////8AAAAAAAAAAAAAAAAAAAAAAAAAAAAAAAAAAAAAAAAAAAAAAAAAAAAAAAAAAAAAAAAAAAAAAAAAAAAAAAAAAAAA
[2022-02-12T07:55:11.221547000Z DEBUG solana_bpf_loader_program] Program 4uQeVj5tqViQh7yWWGStvkEG1Zmhx6uasJtWCJziofM consumed 22058 of 200000 compute units
[2022-02-12T07:55:11.221635000Z DEBUG solana_program_runtime::stable_log] Program 4uQeVj5tqViQh7yWWGStvkEG1Zmhx6uasJtWCJziofM success
[2022-02-12T07:55:11.252076000Z DEBUG solana_program_runtime::stable_log] Program 4uQeVj5tqViQh7yWWGStvkEG1Zmhx6uasJtWCJziofM invoke [1]
[2022-02-12T07:55:11.252440000Z DEBUG solana_program_runtime::stable_log] Program log: Mango: CachePrices
[2022-02-12T07:55:11.252765000Z DEBUG solana_program_runtime::stable_log] Program log: mango-log
[2022-02-12T07:55:11.253359000Z DEBUG solana_program_runtime::stable_log] Program log: ux0uSxX5tBtj/bu0hxFHHk1ag9FJ+7ogZJAzFSPdfKc/C19EAXoRigEAAAAAAAAAAAAAAAEAAAAAAAAAAAAQJwAAAAAAAAAA
[2022-02-12T07:55:11.253466000Z DEBUG solana_bpf_loader_program] Program 4uQeVj5tqViQh7yWWGStvkEG1Zmhx6uasJtWCJziofM consumed 3669 of 200000 compute units
[2022-02-12T07:55:11.253528000Z DEBUG solana_program_runtime::stable_log] Program 4uQeVj5tqViQh7yWWGStvkEG1Zmhx6uasJtWCJziofM success
[2022-02-12T07:55:11.264258000Z DEBUG solana_program_runtime::stable_log] Program 4uQeVj5tqViQh7yWWGStvkEG1Zmhx6uasJtWCJziofM invoke [1]
[2022-02-12T07:55:11.264648000Z DEBUG solana_program_runtime::stable_log] Program log: Mango: UpdateRootBank
[2022-02-12T07:55:11.266691000Z DEBUG solana_program_runtime::stable_log] Program log: mango-log
[2022-02-12T07:55:11.267289000Z DEBUG solana_program_runtime::stable_log] Program log: 8HmBNKTUaLhj/bu0hxFHHk1ag9FJ+7ogZJAzFSPdfKc/C19EAXoRigAAAAAAAAAAAAAAAAAAQEIPAAAAAAAAAAAAAAAAAEBCDwAAAAAAAAA=
[2022-02-12T07:55:11.267411000Z DEBUG solana_bpf_loader_program] Program 4uQeVj5tqViQh7yWWGStvkEG1Zmhx6uasJtWCJziofM consumed 9360 of 200000 compute units
[2022-02-12T07:55:11.267465000Z DEBUG solana_program_runtime::stable_log] Program 4uQeVj5tqViQh7yWWGStvkEG1Zmhx6uasJtWCJziofM success
[2022-02-12T07:55:11.277538000Z DEBUG solana_program_runtime::stable_log] Program 4uQeVj5tqViQh7yWWGStvkEG1Zmhx6uasJtWCJziofM invoke [1]
[2022-02-12T07:55:11.277990000Z DEBUG solana_program_runtime::stable_log] Program log: Mango: UpdateFunding
[2022-02-12T07:55:11.279077000Z DEBUG solana_program_runtime::stable_log] Program log: mango-log
[2022-02-12T07:55:11.279677000Z DEBUG solana_program_runtime::stable_log] Program log: ta5iwCEXTXtj/bu0hxFHHk1ag9FJ+7ogZJAzFSPdfKc/C19EAXoRigAAAAAAAAAAAAAAAAAAAAAAAAAAAAAAAAAAAAAAAAAAAAAAAAAAAAA=
[2022-02-12T07:55:11.279824000Z DEBUG solana_bpf_loader_program] Program 4uQeVj5tqViQh7yWWGStvkEG1Zmhx6uasJtWCJziofM consumed 6381 of 200000 compute units
[2022-02-12T07:55:11.279890000Z DEBUG solana_program_runtime::stable_log] Program 4uQeVj5tqViQh7yWWGStvkEG1Zmhx6uasJtWCJziofM success
[2022-02-12T07:55:11.291314000Z DEBUG solana_program_runtime::stable_log] Program 4uQeVj5tqViQh7yWWGStvkEG1Zmhx6uasJtWCJziofM invoke [1]
[2022-02-12T07:55:11.291703000Z DEBUG solana_program_runtime::stable_log] Program log: Mango: CacheRootBanks
[2022-02-12T07:55:11.292360000Z DEBUG solana_program_runtime::stable_log] Program log: mango-log
[2022-02-12T07:55:11.293240000Z DEBUG solana_program_runtime::stable_log] Program log: IVXYca/Gfehj/bu0hxFHHk1ag9FJ+7ogZJAzFSPdfKc/C19EAXoRigIAAAAAAAAAAAAAAA8AAAAAAAAAAgAAAAAAAAAAAEBCDwAAAAAAAAAAAAAAAABAQg8AAAAAAAAAAgAAAAAAAAAAAEBCDwAAAAAAAAAAAAAAAABAQg8AAAAAAAAA
[2022-02-12T07:55:11.293369000Z DEBUG solana_bpf_loader_program] Program 4uQeVj5tqViQh7yWWGStvkEG1Zmhx6uasJtWCJziofM consumed 5857 of 200000 compute units
[2022-02-12T07:55:11.293424000Z DEBUG solana_program_runtime::stable_log] Program 4uQeVj5tqViQh7yWWGStvkEG1Zmhx6uasJtWCJziofM success
[2022-02-12T07:55:11.302802000Z DEBUG solana_program_runtime::stable_log] Program 4uQeVj5tqViQh7yWWGStvkEG1Zmhx6uasJtWCJziofM invoke [1]
[2022-02-12T07:55:11.303129000Z DEBUG solana_program_runtime::stable_log] Program log: Mango: CachePerpMarkets
[2022-02-12T07:55:11.303518000Z DEBUG solana_program_runtime::stable_log] Program log: mango-log
[2022-02-12T07:55:11.304244000Z DEBUG solana_program_runtime::stable_log] Program log: 9lt9JxCzqw5j/bu0hxFHHk1ag9FJ+7ogZJAzFSPdfKc/C19EAXoRigEAAAAAAAAAAAAAAAEAAAAAAAAAAAAAAAAAAAAAAAAAAQAAAAAAAAAAAAAAAAAAAAAAAAA=
[2022-02-12T07:55:11.304346000Z DEBUG solana_bpf_loader_program] Program 4uQeVj5tqViQh7yWWGStvkEG1Zmhx6uasJtWCJziofM consumed 4331 of 200000 compute units
[2022-02-12T07:55:11.304398000Z DEBUG solana_program_runtime::stable_log] Program 4uQeVj5tqViQh7yWWGStvkEG1Zmhx6uasJtWCJziofM success
[2022-02-12T07:55:11.316029000Z DEBUG solana_program_runtime::stable_log] Program 4uQeVj5tqViQh7yWWGStvkEG1Zmhx6uasJtWCJziofM invoke [1]
[2022-02-12T07:55:11.316672000Z DEBUG solana_program_runtime::stable_log] Program log: Mango: ConsumeEvents limit=3
[2022-02-12T07:55:11.318485000Z DEBUG solana_program_runtime::stable_log] Program log: mango-log
[2022-02-12T07:55:11.319132000Z DEBUG solana_program_runtime::stable_log] Program log: 9qpXciJ+y8Rj/bu0hxFHHk1ag9FJ+7ogZJAzFSPdfKc/C19EAXoRilr2n+yVUz1Dw0aCA2sDWhQTdLeC8nMa2M+B6X9w0FVRAAAAAAAAAAAAAAAAAAAAAA==
[2022-02-12T07:55:11.319173000Z DEBUG solana_program_runtime::stable_log] Program log: mango-log
[2022-02-12T07:55:11.320173000Z DEBUG solana_program_runtime::stable_log] Program log: hz686jV+Ltlj/bu0hxFHHk1ag9FJ+7ogZJAzFSPdfKc/C19EAXoRilr2n+yVUz1Dw0aCA2sDWhQTdLeC8nMa2M+B6X9w0FVRAAAAAAAAAADw2P///////wBUvfn+//8CFk4CAAAAAAAAAAAAAAAAAAAAAAAAAAAAAAAAAAAAAAAAAAAAAAAAAAAAAAAAAAAAAAAAAAAAAAAAAAAAAAAAAAAAAAAAAAAA
[2022-02-12T07:55:11.320218000Z DEBUG solana_program_runtime::stable_log] Program log: mango-log
[2022-02-12T07:55:11.321210000Z DEBUG solana_program_runtime::stable_log] Program log: hz686jV+Ltlj/bu0hxFHHk1ag9FJ+7ogZJAzFSPdfKc/C19EAXoRisaI6QpVrN653lR58v1BHMhKwrLhmR6G8kkQgit0ti4AAAAAAAAAAAAQJwAAAAAAAABUvfn+//86/qX9//////8AAAAAAAAAAAAAAAAAAAAAAAAAAAAAAAAAAAAAAAAAAAAAAAAAAAAAAAAAAAAAAAAAAAAAAAAAAAAAAAAAAAAA
[2022-02-12T07:55:11.321241000Z DEBUG solana_program_runtime::stable_log] Program log: mango-log
[2022-02-12T07:55:11.322415000Z DEBUG solana_program_runtime::stable_log] Program log: lhcplJii10Bj/bu0hxFHHk1ag9FJ+7ogZJAzFSPdfKc/C19EAXoRigAAAAAAAAAAAAAB3mcHYgAAAAAAAAAAAAAAAFr2n+yVUz1Dw0aCA2sDWhQTdLeC8nMa2M+B6X9w0FVRAQAAAAAAAACghgEAAAAAABAnAAAAAAAAw/UoXI8CAAAAAAAAAAAAAKCGAQAAAAAA3mcHYgAAAADGiOkKVazeud5UefL9QRzISsKy4ZkehvJJEIIrdLYuAP3/////////oIYBAAAAAAARJwAAAAAAAMP1KFyPAgAAAAAAAAAAAACghgEAAAAAABAnAAAAAAAA
[2022-02-12T07:55:11.322595000Z DEBUG solana_bpf_loader_program] Program 4uQeVj5tqViQh7yWWGStvkEG1Zmhx6uasJtWCJziofM consumed 19818 of 200000 compute units
[2022-02-12T07:55:11.322660000Z DEBUG solana_program_runtime::stable_log] Program 4uQeVj5tqViQh7yWWGStvkEG1Zmhx6uasJtWCJziofM success
[2022-02-12T07:55:11.357043000Z DEBUG solana_program_runtime::stable_log] Program 4uQeVj5tqViQh7yWWGStvkEG1Zmhx6uasJtWCJziofM invoke [1]
[2022-02-12T07:55:11.357411000Z DEBUG solana_program_runtime::stable_log] Program log: Mango: CachePrices
[2022-02-12T07:55:11.357749000Z DEBUG solana_program_runtime::stable_log] Program log: mango-log
[2022-02-12T07:55:11.358343000Z DEBUG solana_program_runtime::stable_log] Program log: ux0uSxX5tBtj/bu0hxFHHk1ag9FJ+7ogZJAzFSPdfKc/C19EAXoRigEAAAAAAAAAAAAAAAEAAAAAAAAAAAAQJwAAAAAAAAAA
[2022-02-12T07:55:11.358447000Z DEBUG solana_bpf_loader_program] Program 4uQeVj5tqViQh7yWWGStvkEG1Zmhx6uasJtWCJziofM consumed 3669 of 200000 compute units
[2022-02-12T07:55:11.358509000Z DEBUG solana_program_runtime::stable_log] Program 4uQeVj5tqViQh7yWWGStvkEG1Zmhx6uasJtWCJziofM success
[2022-02-12T07:55:11.369157000Z DEBUG solana_program_runtime::stable_log] Program 4uQeVj5tqViQh7yWWGStvkEG1Zmhx6uasJtWCJziofM invoke [1]
[2022-02-12T07:55:11.369549000Z DEBUG solana_program_runtime::stable_log] Program log: Mango: UpdateRootBank
[2022-02-12T07:55:11.371594000Z DEBUG solana_program_runtime::stable_log] Program log: mango-log
[2022-02-12T07:55:11.372191000Z DEBUG solana_program_runtime::stable_log] Program log: 8HmBNKTUaLhj/bu0hxFHHk1ag9FJ+7ogZJAzFSPdfKc/C19EAXoRigAAAAAAAAAAAAAAAAAAQEIPAAAAAAAAAAAAAAAAAEBCDwAAAAAAAAA=
[2022-02-12T07:55:11.372313000Z DEBUG solana_bpf_loader_program] Program 4uQeVj5tqViQh7yWWGStvkEG1Zmhx6uasJtWCJziofM consumed 9360 of 200000 compute units
[2022-02-12T07:55:11.372367000Z DEBUG solana_program_runtime::stable_log] Program 4uQeVj5tqViQh7yWWGStvkEG1Zmhx6uasJtWCJziofM success
[2022-02-12T07:55:11.383552000Z DEBUG solana_program_runtime::stable_log] Program 4uQeVj5tqViQh7yWWGStvkEG1Zmhx6uasJtWCJziofM invoke [1]
[2022-02-12T07:55:11.383995000Z DEBUG solana_program_runtime::stable_log] Program log: Mango: UpdateFunding
[2022-02-12T07:55:11.385082000Z DEBUG solana_program_runtime::stable_log] Program log: mango-log
[2022-02-12T07:55:11.385685000Z DEBUG solana_program_runtime::stable_log] Program log: ta5iwCEXTXtj/bu0hxFHHk1ag9FJ+7ogZJAzFSPdfKc/C19EAXoRigAAAAAAAAAAAAAAAAAAAAAAAAAAAAAAAAAAAAAAAAAAAAAAAAAAAAA=
[2022-02-12T07:55:11.385832000Z DEBUG solana_bpf_loader_program] Program 4uQeVj5tqViQh7yWWGStvkEG1Zmhx6uasJtWCJziofM consumed 6381 of 200000 compute units
[2022-02-12T07:55:11.385899000Z DEBUG solana_program_runtime::stable_log] Program 4uQeVj5tqViQh7yWWGStvkEG1Zmhx6uasJtWCJziofM success
[2022-02-12T07:55:11.396219000Z DEBUG solana_program_runtime::stable_log] Program 4uQeVj5tqViQh7yWWGStvkEG1Zmhx6uasJtWCJziofM invoke [1]
[2022-02-12T07:55:11.396608000Z DEBUG solana_program_runtime::stable_log] Program log: Mango: CacheRootBanks
[2022-02-12T07:55:11.397264000Z DEBUG solana_program_runtime::stable_log] Program log: mango-log
[2022-02-12T07:55:11.398146000Z DEBUG solana_program_runtime::stable_log] Program log: IVXYca/Gfehj/bu0hxFHHk1ag9FJ+7ogZJAzFSPdfKc/C19EAXoRigIAAAAAAAAAAAAAAA8AAAAAAAAAAgAAAAAAAAAAAEBCDwAAAAAAAAAAAAAAAABAQg8AAAAAAAAAAgAAAAAAAAAAAEBCDwAAAAAAAAAAAAAAAABAQg8AAAAAAAAA
[2022-02-12T07:55:11.398271000Z DEBUG solana_bpf_loader_program] Program 4uQeVj5tqViQh7yWWGStvkEG1Zmhx6uasJtWCJziofM consumed 5857 of 200000 compute units
[2022-02-12T07:55:11.398324000Z DEBUG solana_program_runtime::stable_log] Program 4uQeVj5tqViQh7yWWGStvkEG1Zmhx6uasJtWCJziofM success
[2022-02-12T07:55:11.407633000Z DEBUG solana_program_runtime::stable_log] Program 4uQeVj5tqViQh7yWWGStvkEG1Zmhx6uasJtWCJziofM invoke [1]
[2022-02-12T07:55:11.407958000Z DEBUG solana_program_runtime::stable_log] Program log: Mango: CachePerpMarkets
[2022-02-12T07:55:11.408349000Z DEBUG solana_program_runtime::stable_log] Program log: mango-log
[2022-02-12T07:55:11.409078000Z DEBUG solana_program_runtime::stable_log] Program log: 9lt9JxCzqw5j/bu0hxFHHk1ag9FJ+7ogZJAzFSPdfKc/C19EAXoRigEAAAAAAAAAAAAAAAEAAAAAAAAAAAAAAAAAAAAAAAAAAQAAAAAAAAAAAAAAAAAAAAAAAAA=
[2022-02-12T07:55:11.409180000Z DEBUG solana_bpf_loader_program] Program 4uQeVj5tqViQh7yWWGStvkEG1Zmhx6uasJtWCJziofM consumed 4331 of 200000 compute units
[2022-02-12T07:55:11.409234000Z DEBUG solana_program_runtime::stable_log] Program 4uQeVj5tqViQh7yWWGStvkEG1Zmhx6uasJtWCJziofM success
[2022-02-12T07:55:11.440951000Z DEBUG solana_program_runtime::stable_log] Program 4uQeVj5tqViQh7yWWGStvkEG1Zmhx6uasJtWCJziofM invoke [1]
[2022-02-12T07:55:11.441313000Z DEBUG solana_program_runtime::stable_log] Program log: Mango: CachePrices
[2022-02-12T07:55:11.441637000Z DEBUG solana_program_runtime::stable_log] Program log: mango-log
[2022-02-12T07:55:11.442239000Z DEBUG solana_program_runtime::stable_log] Program log: ux0uSxX5tBtj/bu0hxFHHk1ag9FJ+7ogZJAzFSPdfKc/C19EAXoRigEAAAAAAAAAAAAAAAEAAAAAAAAAAAAQJwAAAAAAAAAA
[2022-02-12T07:55:11.442342000Z DEBUG solana_bpf_loader_program] Program 4uQeVj5tqViQh7yWWGStvkEG1Zmhx6uasJtWCJziofM consumed 3669 of 200000 compute units
[2022-02-12T07:55:11.442401000Z DEBUG solana_program_runtime::stable_log] Program 4uQeVj5tqViQh7yWWGStvkEG1Zmhx6uasJtWCJziofM success
[2022-02-12T07:55:11.453077000Z DEBUG solana_program_runtime::stable_log] Program 4uQeVj5tqViQh7yWWGStvkEG1Zmhx6uasJtWCJziofM invoke [1]
[2022-02-12T07:55:11.453467000Z DEBUG solana_program_runtime::stable_log] Program log: Mango: UpdateRootBank
[2022-02-12T07:55:11.455509000Z DEBUG solana_program_runtime::stable_log] Program log: mango-log
[2022-02-12T07:55:11.456107000Z DEBUG solana_program_runtime::stable_log] Program log: 8HmBNKTUaLhj/bu0hxFHHk1ag9FJ+7ogZJAzFSPdfKc/C19EAXoRigAAAAAAAAAAAAAAAAAAQEIPAAAAAAAAAAAAAAAAAEBCDwAAAAAAAAA=
[2022-02-12T07:55:11.456228000Z DEBUG solana_bpf_loader_program] Program 4uQeVj5tqViQh7yWWGStvkEG1Zmhx6uasJtWCJziofM consumed 9360 of 200000 compute units
[2022-02-12T07:55:11.456285000Z DEBUG solana_program_runtime::stable_log] Program 4uQeVj5tqViQh7yWWGStvkEG1Zmhx6uasJtWCJziofM success
[2022-02-12T07:55:11.466393000Z DEBUG solana_program_runtime::stable_log] Program 4uQeVj5tqViQh7yWWGStvkEG1Zmhx6uasJtWCJziofM invoke [1]
[2022-02-12T07:55:11.466839000Z DEBUG solana_program_runtime::stable_log] Program log: Mango: UpdateFunding
[2022-02-12T07:55:11.467924000Z DEBUG solana_program_runtime::stable_log] Program log: mango-log
[2022-02-12T07:55:11.468531000Z DEBUG solana_program_runtime::stable_log] Program log: ta5iwCEXTXtj/bu0hxFHHk1ag9FJ+7ogZJAzFSPdfKc/C19EAXoRigAAAAAAAAAAAAAAAAAAAAAAAAAAAAAAAAAAAAAAAAAAAAAAAAAAAAA=
[2022-02-12T07:55:11.468676000Z DEBUG solana_bpf_loader_program] Program 4uQeVj5tqViQh7yWWGStvkEG1Zmhx6uasJtWCJziofM consumed 6381 of 200000 compute units
[2022-02-12T07:55:11.468742000Z DEBUG solana_program_runtime::stable_log] Program 4uQeVj5tqViQh7yWWGStvkEG1Zmhx6uasJtWCJziofM success
[2022-02-12T07:55:11.479280000Z DEBUG solana_program_runtime::stable_log] Program 4uQeVj5tqViQh7yWWGStvkEG1Zmhx6uasJtWCJziofM invoke [1]
[2022-02-12T07:55:11.479670000Z DEBUG solana_program_runtime::stable_log] Program log: Mango: CacheRootBanks
[2022-02-12T07:55:11.480329000Z DEBUG solana_program_runtime::stable_log] Program log: mango-log
[2022-02-12T07:55:11.481209000Z DEBUG solana_program_runtime::stable_log] Program log: IVXYca/Gfehj/bu0hxFHHk1ag9FJ+7ogZJAzFSPdfKc/C19EAXoRigIAAAAAAAAAAAAAAA8AAAAAAAAAAgAAAAAAAAAAAEBCDwAAAAAAAAAAAAAAAABAQg8AAAAAAAAAAgAAAAAAAAAAAEBCDwAAAAAAAAAAAAAAAABAQg8AAAAAAAAA
[2022-02-12T07:55:11.481332000Z DEBUG solana_bpf_loader_program] Program 4uQeVj5tqViQh7yWWGStvkEG1Zmhx6uasJtWCJziofM consumed 5857 of 200000 compute units
[2022-02-12T07:55:11.481385000Z DEBUG solana_program_runtime::stable_log] Program 4uQeVj5tqViQh7yWWGStvkEG1Zmhx6uasJtWCJziofM success
[2022-02-12T07:55:11.490749000Z DEBUG solana_program_runtime::stable_log] Program 4uQeVj5tqViQh7yWWGStvkEG1Zmhx6uasJtWCJziofM invoke [1]
[2022-02-12T07:55:11.491074000Z DEBUG solana_program_runtime::stable_log] Program log: Mango: CachePerpMarkets
[2022-02-12T07:55:11.491461000Z DEBUG solana_program_runtime::stable_log] Program log: mango-log
[2022-02-12T07:55:11.492201000Z DEBUG solana_program_runtime::stable_log] Program log: 9lt9JxCzqw5j/bu0hxFHHk1ag9FJ+7ogZJAzFSPdfKc/C19EAXoRigEAAAAAAAAAAAAAAAEAAAAAAAAAAAAAAAAAAAAAAAAAAQAAAAAAAAAAAAAAAAAAAAAAAAA=
[2022-02-12T07:55:11.492301000Z DEBUG solana_bpf_loader_program] Program 4uQeVj5tqViQh7yWWGStvkEG1Zmhx6uasJtWCJziofM consumed 4331 of 200000 compute units
[2022-02-12T07:55:11.492356000Z DEBUG solana_program_runtime::stable_log] Program 4uQeVj5tqViQh7yWWGStvkEG1Zmhx6uasJtWCJziofM success
[2022-02-12T07:55:11.503153000Z DEBUG solana_program_runtime::stable_log] Program 4uQeVj5tqViQh7yWWGStvkEG1Zmhx6uasJtWCJziofM invoke [1]
[2022-02-12T07:55:11.503488000Z DEBUG solana_program_runtime::stable_log] Program log: Mango: SetOracle
[2022-02-12T07:55:11.503769000Z DEBUG solana_bpf_loader_program] Program 4uQeVj5tqViQh7yWWGStvkEG1Zmhx6uasJtWCJziofM consumed 1550 of 200000 compute units
[2022-02-12T07:55:11.503824000Z DEBUG solana_program_runtime::stable_log] Program 4uQeVj5tqViQh7yWWGStvkEG1Zmhx6uasJtWCJziofM success
[2022-02-12T07:55:11.534911000Z DEBUG solana_program_runtime::stable_log] Program 4uQeVj5tqViQh7yWWGStvkEG1Zmhx6uasJtWCJziofM invoke [1]
[2022-02-12T07:55:11.535268000Z DEBUG solana_program_runtime::stable_log] Program log: Mango: CachePrices
[2022-02-12T07:55:11.535600000Z DEBUG solana_program_runtime::stable_log] Program log: mango-log
[2022-02-12T07:55:11.536191000Z DEBUG solana_program_runtime::stable_log] Program log: ux0uSxX5tBtj/bu0hxFHHk1ag9FJ+7ogZJAzFSPdfKc/C19EAXoRigEAAAAAAAAAAAAAAAEAAACsqqqqqqpCAAAAAAAAAAAA
[2022-02-12T07:55:11.536293000Z DEBUG solana_bpf_loader_program] Program 4uQeVj5tqViQh7yWWGStvkEG1Zmhx6uasJtWCJziofM consumed 3669 of 200000 compute units
[2022-02-12T07:55:11.536356000Z DEBUG solana_program_runtime::stable_log] Program 4uQeVj5tqViQh7yWWGStvkEG1Zmhx6uasJtWCJziofM success
[2022-02-12T07:55:11.547153000Z DEBUG solana_program_runtime::stable_log] Program 4uQeVj5tqViQh7yWWGStvkEG1Zmhx6uasJtWCJziofM invoke [1]
[2022-02-12T07:55:11.547542000Z DEBUG solana_program_runtime::stable_log] Program log: Mango: UpdateRootBank
[2022-02-12T07:55:11.549590000Z DEBUG solana_program_runtime::stable_log] Program log: mango-log
[2022-02-12T07:55:11.550188000Z DEBUG solana_program_runtime::stable_log] Program log: 8HmBNKTUaLhj/bu0hxFHHk1ag9FJ+7ogZJAzFSPdfKc/C19EAXoRigAAAAAAAAAAAAAAAAAAQEIPAAAAAAAAAAAAAAAAAEBCDwAAAAAAAAA=
[2022-02-12T07:55:11.550310000Z DEBUG solana_bpf_loader_program] Program 4uQeVj5tqViQh7yWWGStvkEG1Zmhx6uasJtWCJziofM consumed 9360 of 200000 compute units
[2022-02-12T07:55:11.550363000Z DEBUG solana_program_runtime::stable_log] Program 4uQeVj5tqViQh7yWWGStvkEG1Zmhx6uasJtWCJziofM success
[2022-02-12T07:55:11.561567000Z DEBUG solana_program_runtime::stable_log] Program 4uQeVj5tqViQh7yWWGStvkEG1Zmhx6uasJtWCJziofM invoke [1]
[2022-02-12T07:55:11.562011000Z DEBUG solana_program_runtime::stable_log] Program log: Mango: UpdateFunding
[2022-02-12T07:55:11.563096000Z DEBUG solana_program_runtime::stable_log] Program log: mango-log
[2022-02-12T07:55:11.563697000Z DEBUG solana_program_runtime::stable_log] Program log: ta5iwCEXTXtj/bu0hxFHHk1ag9FJ+7ogZJAzFSPdfKc/C19EAXoRigAAAAAAAAAAAAAAAAAAAAAAAAAAAAAAAAAAAAAAAAAAAAAAAAAAAAA=
[2022-02-12T07:55:11.563845000Z DEBUG solana_bpf_loader_program] Program 4uQeVj5tqViQh7yWWGStvkEG1Zmhx6uasJtWCJziofM consumed 6381 of 200000 compute units
[2022-02-12T07:55:11.563913000Z DEBUG solana_program_runtime::stable_log] Program 4uQeVj5tqViQh7yWWGStvkEG1Zmhx6uasJtWCJziofM success
[2022-02-12T07:55:11.574235000Z DEBUG solana_program_runtime::stable_log] Program 4uQeVj5tqViQh7yWWGStvkEG1Zmhx6uasJtWCJziofM invoke [1]
[2022-02-12T07:55:11.574627000Z DEBUG solana_program_runtime::stable_log] Program log: Mango: CacheRootBanks
[2022-02-12T07:55:11.575296000Z DEBUG solana_program_runtime::stable_log] Program log: mango-log
[2022-02-12T07:55:11.576178000Z DEBUG solana_program_runtime::stable_log] Program log: IVXYca/Gfehj/bu0hxFHHk1ag9FJ+7ogZJAzFSPdfKc/C19EAXoRigIAAAAAAAAAAAAAAA8AAAAAAAAAAgAAAAAAAAAAAEBCDwAAAAAAAAAAAAAAAABAQg8AAAAAAAAAAgAAAAAAAAAAAEBCDwAAAAAAAAAAAAAAAABAQg8AAAAAAAAA
[2022-02-12T07:55:11.576305000Z DEBUG solana_bpf_loader_program] Program 4uQeVj5tqViQh7yWWGStvkEG1Zmhx6uasJtWCJziofM consumed 5857 of 200000 compute units
[2022-02-12T07:55:11.576357000Z DEBUG solana_program_runtime::stable_log] Program 4uQeVj5tqViQh7yWWGStvkEG1Zmhx6uasJtWCJziofM success
[2022-02-12T07:55:11.585683000Z DEBUG solana_program_runtime::stable_log] Program 4uQeVj5tqViQh7yWWGStvkEG1Zmhx6uasJtWCJziofM invoke [1]
[2022-02-12T07:55:11.586011000Z DEBUG solana_program_runtime::stable_log] Program log: Mango: CachePerpMarkets
[2022-02-12T07:55:11.586400000Z DEBUG solana_program_runtime::stable_log] Program log: mango-log
[2022-02-12T07:55:11.587128000Z DEBUG solana_program_runtime::stable_log] Program log: 9lt9JxCzqw5j/bu0hxFHHk1ag9FJ+7ogZJAzFSPdfKc/C19EAXoRigEAAAAAAAAAAAAAAAEAAAAAAAAAAAAAAAAAAAAAAAAAAQAAAAAAAAAAAAAAAAAAAAAAAAA=
[2022-02-12T07:55:11.587229000Z DEBUG solana_bpf_loader_program] Program 4uQeVj5tqViQh7yWWGStvkEG1Zmhx6uasJtWCJziofM consumed 4331 of 200000 compute units
[2022-02-12T07:55:11.587280000Z DEBUG solana_program_runtime::stable_log] Program 4uQeVj5tqViQh7yWWGStvkEG1Zmhx6uasJtWCJziofM success
[2022-02-12T07:55:11.618436000Z DEBUG solana_program_runtime::stable_log] Program 4uQeVj5tqViQh7yWWGStvkEG1Zmhx6uasJtWCJziofM invoke [1]
[2022-02-12T07:55:11.618789000Z DEBUG solana_program_runtime::stable_log] Program log: Mango: CachePrices
[2022-02-12T07:55:11.619113000Z DEBUG solana_program_runtime::stable_log] Program log: mango-log
[2022-02-12T07:55:11.619704000Z DEBUG solana_program_runtime::stable_log] Program log: ux0uSxX5tBtj/bu0hxFHHk1ag9FJ+7ogZJAzFSPdfKc/C19EAXoRigEAAAAAAAAAAAAAAAEAAACsqqqqqqpCAAAAAAAAAAAA
[2022-02-12T07:55:11.619805000Z DEBUG solana_bpf_loader_program] Program 4uQeVj5tqViQh7yWWGStvkEG1Zmhx6uasJtWCJziofM consumed 3669 of 200000 compute units
[2022-02-12T07:55:11.619867000Z DEBUG solana_program_runtime::stable_log] Program 4uQeVj5tqViQh7yWWGStvkEG1Zmhx6uasJtWCJziofM success
[2022-02-12T07:55:11.630578000Z DEBUG solana_program_runtime::stable_log] Program 4uQeVj5tqViQh7yWWGStvkEG1Zmhx6uasJtWCJziofM invoke [1]
[2022-02-12T07:55:11.630968000Z DEBUG solana_program_runtime::stable_log] Program log: Mango: UpdateRootBank
[2022-02-12T07:55:11.633012000Z DEBUG solana_program_runtime::stable_log] Program log: mango-log
[2022-02-12T07:55:11.633614000Z DEBUG solana_program_runtime::stable_log] Program log: 8HmBNKTUaLhj/bu0hxFHHk1ag9FJ+7ogZJAzFSPdfKc/C19EAXoRigAAAAAAAAAAAAAAAAAAQEIPAAAAAAAAAAAAAAAAAEBCDwAAAAAAAAA=
[2022-02-12T07:55:11.633736000Z DEBUG solana_bpf_loader_program] Program 4uQeVj5tqViQh7yWWGStvkEG1Zmhx6uasJtWCJziofM consumed 9360 of 200000 compute units
[2022-02-12T07:55:11.633790000Z DEBUG solana_program_runtime::stable_log] Program 4uQeVj5tqViQh7yWWGStvkEG1Zmhx6uasJtWCJziofM success
[2022-02-12T07:55:11.643885000Z DEBUG solana_program_runtime::stable_log] Program 4uQeVj5tqViQh7yWWGStvkEG1Zmhx6uasJtWCJziofM invoke [1]
[2022-02-12T07:55:11.644327000Z DEBUG solana_program_runtime::stable_log] Program log: Mango: UpdateFunding
[2022-02-12T07:55:11.645413000Z DEBUG solana_program_runtime::stable_log] Program log: mango-log
[2022-02-12T07:55:11.646015000Z DEBUG solana_program_runtime::stable_log] Program log: ta5iwCEXTXtj/bu0hxFHHk1ag9FJ+7ogZJAzFSPdfKc/C19EAXoRigAAAAAAAAAAAAAAAAAAAAAAAAAAAAAAAAAAAAAAAAAAAAAAAAAAAAA=
[2022-02-12T07:55:11.646163000Z DEBUG solana_bpf_loader_program] Program 4uQeVj5tqViQh7yWWGStvkEG1Zmhx6uasJtWCJziofM consumed 6381 of 200000 compute units
[2022-02-12T07:55:11.646230000Z DEBUG solana_program_runtime::stable_log] Program 4uQeVj5tqViQh7yWWGStvkEG1Zmhx6uasJtWCJziofM success
[2022-02-12T07:55:11.656407000Z DEBUG solana_program_runtime::stable_log] Program 4uQeVj5tqViQh7yWWGStvkEG1Zmhx6uasJtWCJziofM invoke [1]
[2022-02-12T07:55:11.656794000Z DEBUG solana_program_runtime::stable_log] Program log: Mango: CacheRootBanks
[2022-02-12T07:55:11.657449000Z DEBUG solana_program_runtime::stable_log] Program log: mango-log
[2022-02-12T07:55:11.658331000Z DEBUG solana_program_runtime::stable_log] Program log: IVXYca/Gfehj/bu0hxFHHk1ag9FJ+7ogZJAzFSPdfKc/C19EAXoRigIAAAAAAAAAAAAAAA8AAAAAAAAAAgAAAAAAAAAAAEBCDwAAAAAAAAAAAAAAAABAQg8AAAAAAAAAAgAAAAAAAAAAAEBCDwAAAAAAAAAAAAAAAABAQg8AAAAAAAAA
[2022-02-12T07:55:11.658452000Z DEBUG solana_bpf_loader_program] Program 4uQeVj5tqViQh7yWWGStvkEG1Zmhx6uasJtWCJziofM consumed 5857 of 200000 compute units
[2022-02-12T07:55:11.658510000Z DEBUG solana_program_runtime::stable_log] Program 4uQeVj5tqViQh7yWWGStvkEG1Zmhx6uasJtWCJziofM success
[2022-02-12T07:55:11.668903000Z DEBUG solana_program_runtime::stable_log] Program 4uQeVj5tqViQh7yWWGStvkEG1Zmhx6uasJtWCJziofM invoke [1]
[2022-02-12T07:55:11.669229000Z DEBUG solana_program_runtime::stable_log] Program log: Mango: CachePerpMarkets
[2022-02-12T07:55:11.669619000Z DEBUG solana_program_runtime::stable_log] Program log: mango-log
[2022-02-12T07:55:11.670346000Z DEBUG solana_program_runtime::stable_log] Program log: 9lt9JxCzqw5j/bu0hxFHHk1ag9FJ+7ogZJAzFSPdfKc/C19EAXoRigEAAAAAAAAAAAAAAAEAAAAAAAAAAAAAAAAAAAAAAAAAAQAAAAAAAAAAAAAAAAAAAAAAAAA=
[2022-02-12T07:55:11.670447000Z DEBUG solana_bpf_loader_program] Program 4uQeVj5tqViQh7yWWGStvkEG1Zmhx6uasJtWCJziofM consumed 4331 of 200000 compute units
[2022-02-12T07:55:11.670499000Z DEBUG solana_program_runtime::stable_log] Program 4uQeVj5tqViQh7yWWGStvkEG1Zmhx6uasJtWCJziofM success
[2022-02-12T07:55:11.684110000Z DEBUG solana_program_runtime::stable_log] Program 4uQeVj5tqViQh7yWWGStvkEG1Zmhx6uasJtWCJziofM invoke [1]
[2022-02-12T07:55:11.685287000Z DEBUG solana_program_runtime::stable_log] Program log: Mango: PlacePerpOrder client_order_id=10002
[2022-02-12T07:55:11.689785000Z DEBUG solana_program_runtime::stable_log] Program log: bid on book order_id=12303978297164270927868 quantity=10000 price=666
[2022-02-12T07:55:11.690614000Z DEBUG solana_bpf_loader_program] Program 4uQeVj5tqViQh7yWWGStvkEG1Zmhx6uasJtWCJziofM consumed 19438 of 200000 compute units
[2022-02-12T07:55:11.690695000Z DEBUG solana_program_runtime::stable_log] Program 4uQeVj5tqViQh7yWWGStvkEG1Zmhx6uasJtWCJziofM success
[2022-02-12T07:55:11.705672000Z DEBUG solana_program_runtime::stable_log] Program 4uQeVj5tqViQh7yWWGStvkEG1Zmhx6uasJtWCJziofM invoke [1]
[2022-02-12T07:55:11.706856000Z DEBUG solana_program_runtime::stable_log] Program log: Mango: PlacePerpOrder client_order_id=10003
[2022-02-12T07:55:11.711229000Z DEBUG solana_program_runtime::stable_log] Program log: mango-log
[2022-02-12T07:55:11.712188000Z DEBUG solana_program_runtime::stable_log] Program log: hz686jV+Ltlj/bu0hxFHHk1ag9FJ+7ogZJAzFSPdfKc/C19EAXoRisaI6QpVrN653lR58v1BHMhKwrLhmR6G8kkQgit0ti4AAAAAAAAAAAAQJwAAAAAAAEAv/vf+/28R9KX9//////8AAAAAAAAAAAAAAAAAAAAAAAAAAAAAAAAAAAAAAAAAAAAAAAAAAAAAAAAAAAAAAAAAAAAAAAAAAAAAAAAAAAAA
[2022-02-12T07:55:11.713013000Z DEBUG solana_bpf_loader_program] Program 4uQeVj5tqViQh7yWWGStvkEG1Zmhx6uasJtWCJziofM consumed 22157 of 200000 compute units
[2022-02-12T07:55:11.713095000Z DEBUG solana_program_runtime::stable_log] Program 4uQeVj5tqViQh7yWWGStvkEG1Zmhx6uasJtWCJziofM success
[2022-02-12T07:55:11.743973000Z DEBUG solana_program_runtime::stable_log] Program 4uQeVj5tqViQh7yWWGStvkEG1Zmhx6uasJtWCJziofM invoke [1]
[2022-02-12T07:55:11.744340000Z DEBUG solana_program_runtime::stable_log] Program log: Mango: CachePrices
[2022-02-12T07:55:11.744673000Z DEBUG solana_program_runtime::stable_log] Program log: mango-log
[2022-02-12T07:55:11.745270000Z DEBUG solana_program_runtime::stable_log] Program log: ux0uSxX5tBtj/bu0hxFHHk1ag9FJ+7ogZJAzFSPdfKc/C19EAXoRigEAAAAAAAAAAAAAAAEAAACsqqqqqqpCAAAAAAAAAAAA
[2022-02-12T07:55:11.745371000Z DEBUG solana_bpf_loader_program] Program 4uQeVj5tqViQh7yWWGStvkEG1Zmhx6uasJtWCJziofM consumed 3669 of 200000 compute units
[2022-02-12T07:55:11.745433000Z DEBUG solana_program_runtime::stable_log] Program 4uQeVj5tqViQh7yWWGStvkEG1Zmhx6uasJtWCJziofM success
[2022-02-12T07:55:11.756158000Z DEBUG solana_program_runtime::stable_log] Program 4uQeVj5tqViQh7yWWGStvkEG1Zmhx6uasJtWCJziofM invoke [1]
[2022-02-12T07:55:11.756548000Z DEBUG solana_program_runtime::stable_log] Program log: Mango: UpdateRootBank
[2022-02-12T07:55:11.758583000Z DEBUG solana_program_runtime::stable_log] Program log: mango-log
[2022-02-12T07:55:11.759185000Z DEBUG solana_program_runtime::stable_log] Program log: 8HmBNKTUaLhj/bu0hxFHHk1ag9FJ+7ogZJAzFSPdfKc/C19EAXoRigAAAAAAAAAAAAAAAAAAQEIPAAAAAAAAAAAAAAAAAEBCDwAAAAAAAAA=
[2022-02-12T07:55:11.759307000Z DEBUG solana_bpf_loader_program] Program 4uQeVj5tqViQh7yWWGStvkEG1Zmhx6uasJtWCJziofM consumed 9360 of 200000 compute units
[2022-02-12T07:55:11.759361000Z DEBUG solana_program_runtime::stable_log] Program 4uQeVj5tqViQh7yWWGStvkEG1Zmhx6uasJtWCJziofM success
[2022-02-12T07:55:11.769358000Z DEBUG solana_program_runtime::stable_log] Program 4uQeVj5tqViQh7yWWGStvkEG1Zmhx6uasJtWCJziofM invoke [1]
[2022-02-12T07:55:11.769798000Z DEBUG solana_program_runtime::stable_log] Program log: Mango: UpdateFunding
[2022-02-12T07:55:11.770886000Z DEBUG solana_program_runtime::stable_log] Program log: mango-log
[2022-02-12T07:55:11.771488000Z DEBUG solana_program_runtime::stable_log] Program log: ta5iwCEXTXtj/bu0hxFHHk1ag9FJ+7ogZJAzFSPdfKc/C19EAXoRigAAAAAAAAAAAAAAAAAAAAAAAAAAAAAAAAAAAAAAAAAAAAAAAAAAAAA=
[2022-02-12T07:55:11.771631000Z DEBUG solana_bpf_loader_program] Program 4uQeVj5tqViQh7yWWGStvkEG1Zmhx6uasJtWCJziofM consumed 6381 of 200000 compute units
[2022-02-12T07:55:11.771698000Z DEBUG solana_program_runtime::stable_log] Program 4uQeVj5tqViQh7yWWGStvkEG1Zmhx6uasJtWCJziofM success
[2022-02-12T07:55:11.782061000Z DEBUG solana_program_runtime::stable_log] Program 4uQeVj5tqViQh7yWWGStvkEG1Zmhx6uasJtWCJziofM invoke [1]
[2022-02-12T07:55:11.782447000Z DEBUG solana_program_runtime::stable_log] Program log: Mango: CacheRootBanks
[2022-02-12T07:55:11.783109000Z DEBUG solana_program_runtime::stable_log] Program log: mango-log
[2022-02-12T07:55:11.783992000Z DEBUG solana_program_runtime::stable_log] Program log: IVXYca/Gfehj/bu0hxFHHk1ag9FJ+7ogZJAzFSPdfKc/C19EAXoRigIAAAAAAAAAAAAAAA8AAAAAAAAAAgAAAAAAAAAAAEBCDwAAAAAAAAAAAAAAAABAQg8AAAAAAAAAAgAAAAAAAAAAAEBCDwAAAAAAAAAAAAAAAABAQg8AAAAAAAAA
[2022-02-12T07:55:11.784119000Z DEBUG solana_bpf_loader_program] Program 4uQeVj5tqViQh7yWWGStvkEG1Zmhx6uasJtWCJziofM consumed 5857 of 200000 compute units
[2022-02-12T07:55:11.784171000Z DEBUG solana_program_runtime::stable_log] Program 4uQeVj5tqViQh7yWWGStvkEG1Zmhx6uasJtWCJziofM success
[2022-02-12T07:55:11.793525000Z DEBUG solana_program_runtime::stable_log] Program 4uQeVj5tqViQh7yWWGStvkEG1Zmhx6uasJtWCJziofM invoke [1]
[2022-02-12T07:55:11.793850000Z DEBUG solana_program_runtime::stable_log] Program log: Mango: CachePerpMarkets
[2022-02-12T07:55:11.794237000Z DEBUG solana_program_runtime::stable_log] Program log: mango-log
[2022-02-12T07:55:11.794966000Z DEBUG solana_program_runtime::stable_log] Program log: 9lt9JxCzqw5j/bu0hxFHHk1ag9FJ+7ogZJAzFSPdfKc/C19EAXoRigEAAAAAAAAAAAAAAAEAAAAAAAAAAAAAAAAAAAAAAAAAAQAAAAAAAAAAAAAAAAAAAAAAAAA=
[2022-02-12T07:55:11.795070000Z DEBUG solana_bpf_loader_program] Program 4uQeVj5tqViQh7yWWGStvkEG1Zmhx6uasJtWCJziofM consumed 4331 of 200000 compute units
[2022-02-12T07:55:11.795124000Z DEBUG solana_program_runtime::stable_log] Program 4uQeVj5tqViQh7yWWGStvkEG1Zmhx6uasJtWCJziofM success
[2022-02-12T07:55:11.806619000Z DEBUG solana_program_runtime::stable_log] Program 4uQeVj5tqViQh7yWWGStvkEG1Zmhx6uasJtWCJziofM invoke [1]
[2022-02-12T07:55:11.807258000Z DEBUG solana_program_runtime::stable_log] Program log: Mango: ConsumeEvents limit=3
[2022-02-12T07:55:11.809242000Z DEBUG solana_program_runtime::stable_log] Program log: mango-log
[2022-02-12T07:55:11.809889000Z DEBUG solana_program_runtime::stable_log] Program log: 9qpXciJ+y8Rj/bu0hxFHHk1ag9FJ+7ogZJAzFSPdfKc/C19EAXoRilr2n+yVUz1Dw0aCA2sDWhQTdLeC8nMa2M+B6X9w0FVRAAAAAAAAAAAAAAAAAAAAAA==
[2022-02-12T07:55:11.809928000Z DEBUG solana_program_runtime::stable_log] Program log: mango-log
[2022-02-12T07:55:11.810929000Z DEBUG solana_program_runtime::stable_log] Program log: hz686jV+Ltlj/bu0hxFHHk1ag9FJ+7ogZJAzFSPdfKc/C19EAXoRilr2n+yVUz1Dw0aCA2sDWhQTdLeC8nMa2M+B6X9w0FVRAAAAAAAAAAAAAAAAAAAAAEAv/vf+/y+dE0oCAAAAAAAAAAAAAAAAAAAAAAAAAAAAAAAAAAAAAAAAAAAAAAAAAAAAAAAAAAAAAAAAAAAAAAAAAAAAAAAAAAAAAAAAAAAA
[2022-02-12T07:55:11.810971000Z DEBUG solana_program_runtime::stable_log] Program log: mango-log
[2022-02-12T07:55:11.811965000Z DEBUG solana_program_runtime::stable_log] Program log: hz686jV+Ltlj/bu0hxFHHk1ag9FJ+7ogZJAzFSPdfKc/C19EAXoRisaI6QpVrN653lR58v1BHMhKwrLhmR6G8kkQgit0ti4AAAAAAAAAAAAAAAAAAAAAAEAv/vf+/69N7Kn9//////8AAAAAAAAAAAAAAAAAAAAAAAAAAAAAAAAAAAAAAAAAAAAAAAAAAAAAAAAAAAAAAAAAAAAAAAAAAAAAAAAAAAAA
[2022-02-12T07:55:11.811997000Z DEBUG solana_program_runtime::stable_log] Program log: mango-log
[2022-02-12T07:55:11.813133000Z DEBUG solana_program_runtime::stable_log] Program log: lhcplJii10Bj/bu0hxFHHk1ag9FJ+7ogZJAzFSPdfKc/C19EAXoRigAAAAAAAAAAAQAB3mcHYgAAAAABAAAAAAAAAFr2n+yVUz1Dw0aCA2sDWhQTdLeC8nMa2M+B6X9w0FVR/P////////+aAgAAAAAAABInAAAAAAAAw/UoXI8CAAAAAAAAAAAAAJoCAAAAAAAA3mcHYgAAAADGiOkKVazeud5UefL9QRzISsKy4ZkehvJJEIIrdLYuAAQAAAAAAAAAmgIAAAAAAAATJwAAAAAAAMP1KFyPAgAAAAAAAAAAAACaAgAAAAAAABAnAAAAAAAA
[2022-02-12T07:55:11.813318000Z DEBUG solana_bpf_loader_program] Program 4uQeVj5tqViQh7yWWGStvkEG1Zmhx6uasJtWCJziofM consumed 20337 of 200000 compute units
[2022-02-12T07:55:11.813377000Z DEBUG solana_program_runtime::stable_log] Program 4uQeVj5tqViQh7yWWGStvkEG1Zmhx6uasJtWCJziofM success
[2022-02-12T07:55:11.844723000Z DEBUG solana_program_runtime::stable_log] Program 4uQeVj5tqViQh7yWWGStvkEG1Zmhx6uasJtWCJziofM invoke [1]
[2022-02-12T07:55:11.845080000Z DEBUG solana_program_runtime::stable_log] Program log: Mango: CachePrices
[2022-02-12T07:55:11.845408000Z DEBUG solana_program_runtime::stable_log] Program log: mango-log
[2022-02-12T07:55:11.846004000Z DEBUG solana_program_runtime::stable_log] Program log: ux0uSxX5tBtj/bu0hxFHHk1ag9FJ+7ogZJAzFSPdfKc/C19EAXoRigEAAAAAAAAAAAAAAAEAAACsqqqqqqpCAAAAAAAAAAAA
[2022-02-12T07:55:11.846107000Z DEBUG solana_bpf_loader_program] Program 4uQeVj5tqViQh7yWWGStvkEG1Zmhx6uasJtWCJziofM consumed 3669 of 200000 compute units
[2022-02-12T07:55:11.846167000Z DEBUG solana_program_runtime::stable_log] Program 4uQeVj5tqViQh7yWWGStvkEG1Zmhx6uasJtWCJziofM success
[2022-02-12T07:55:11.856736000Z DEBUG solana_program_runtime::stable_log] Program 4uQeVj5tqViQh7yWWGStvkEG1Zmhx6uasJtWCJziofM invoke [1]
[2022-02-12T07:55:11.857126000Z DEBUG solana_program_runtime::stable_log] Program log: Mango: UpdateRootBank
[2022-02-12T07:55:11.859165000Z DEBUG solana_program_runtime::stable_log] Program log: mango-log
[2022-02-12T07:55:11.859765000Z DEBUG solana_program_runtime::stable_log] Program log: 8HmBNKTUaLhj/bu0hxFHHk1ag9FJ+7ogZJAzFSPdfKc/C19EAXoRigAAAAAAAAAAAAAAAAAAQEIPAAAAAAAAAAAAAAAAAEBCDwAAAAAAAAA=
[2022-02-12T07:55:11.859887000Z DEBUG solana_bpf_loader_program] Program 4uQeVj5tqViQh7yWWGStvkEG1Zmhx6uasJtWCJziofM consumed 9360 of 200000 compute units
[2022-02-12T07:55:11.859940000Z DEBUG solana_program_runtime::stable_log] Program 4uQeVj5tqViQh7yWWGStvkEG1Zmhx6uasJtWCJziofM success
[2022-02-12T07:55:11.871139000Z DEBUG solana_program_runtime::stable_log] Program 4uQeVj5tqViQh7yWWGStvkEG1Zmhx6uasJtWCJziofM invoke [1]
[2022-02-12T07:55:11.871578000Z DEBUG solana_program_runtime::stable_log] Program log: Mango: UpdateFunding
[2022-02-12T07:55:11.872665000Z DEBUG solana_program_runtime::stable_log] Program log: mango-log
[2022-02-12T07:55:11.873268000Z DEBUG solana_program_runtime::stable_log] Program log: ta5iwCEXTXtj/bu0hxFHHk1ag9FJ+7ogZJAzFSPdfKc/C19EAXoRigAAAAAAAAAAAAAAAAAAAAAAAAAAAAAAAAAAAAAAAAAAAAAAAAAAAAA=
[2022-02-12T07:55:11.873413000Z DEBUG solana_bpf_loader_program] Program 4uQeVj5tqViQh7yWWGStvkEG1Zmhx6uasJtWCJziofM consumed 6381 of 200000 compute units
[2022-02-12T07:55:11.873481000Z DEBUG solana_program_runtime::stable_log] Program 4uQeVj5tqViQh7yWWGStvkEG1Zmhx6uasJtWCJziofM success
[2022-02-12T07:55:11.883755000Z DEBUG solana_program_runtime::stable_log] Program 4uQeVj5tqViQh7yWWGStvkEG1Zmhx6uasJtWCJziofM invoke [1]
[2022-02-12T07:55:11.884146000Z DEBUG solana_program_runtime::stable_log] Program log: Mango: CacheRootBanks
[2022-02-12T07:55:11.884801000Z DEBUG solana_program_runtime::stable_log] Program log: mango-log
[2022-02-12T07:55:11.885686000Z DEBUG solana_program_runtime::stable_log] Program log: IVXYca/Gfehj/bu0hxFHHk1ag9FJ+7ogZJAzFSPdfKc/C19EAXoRigIAAAAAAAAAAAAAAA8AAAAAAAAAAgAAAAAAAAAAAEBCDwAAAAAAAAAAAAAAAABAQg8AAAAAAAAAAgAAAAAAAAAAAEBCDwAAAAAAAAAAAAAAAABAQg8AAAAAAAAA
[2022-02-12T07:55:11.885813000Z DEBUG solana_bpf_loader_program] Program 4uQeVj5tqViQh7yWWGStvkEG1Zmhx6uasJtWCJziofM consumed 5857 of 200000 compute units
[2022-02-12T07:55:11.885865000Z DEBUG solana_program_runtime::stable_log] Program 4uQeVj5tqViQh7yWWGStvkEG1Zmhx6uasJtWCJziofM success
[2022-02-12T07:55:11.895231000Z DEBUG solana_program_runtime::stable_log] Program 4uQeVj5tqViQh7yWWGStvkEG1Zmhx6uasJtWCJziofM invoke [1]
[2022-02-12T07:55:11.895559000Z DEBUG solana_program_runtime::stable_log] Program log: Mango: CachePerpMarkets
[2022-02-12T07:55:11.895946000Z DEBUG solana_program_runtime::stable_log] Program log: mango-log
[2022-02-12T07:55:11.896675000Z DEBUG solana_program_runtime::stable_log] Program log: 9lt9JxCzqw5j/bu0hxFHHk1ag9FJ+7ogZJAzFSPdfKc/C19EAXoRigEAAAAAAAAAAAAAAAEAAAAAAAAAAAAAAAAAAAAAAAAAAQAAAAAAAAAAAAAAAAAAAAAAAAA=
[2022-02-12T07:55:11.896776000Z DEBUG solana_bpf_loader_program] Program 4uQeVj5tqViQh7yWWGStvkEG1Zmhx6uasJtWCJziofM consumed 4331 of 200000 compute units
[2022-02-12T07:55:11.896829000Z DEBUG solana_program_runtime::stable_log] Program 4uQeVj5tqViQh7yWWGStvkEG1Zmhx6uasJtWCJziofM success
[2022-02-12T07:55:11.928668000Z DEBUG solana_program_runtime::stable_log] Program 4uQeVj5tqViQh7yWWGStvkEG1Zmhx6uasJtWCJziofM invoke [1]
[2022-02-12T07:55:11.929024000Z DEBUG solana_program_runtime::stable_log] Program log: Mango: CachePrices
[2022-02-12T07:55:11.929354000Z DEBUG solana_program_runtime::stable_log] Program log: mango-log
[2022-02-12T07:55:11.929944000Z DEBUG solana_program_runtime::stable_log] Program log: ux0uSxX5tBtj/bu0hxFHHk1ag9FJ+7ogZJAzFSPdfKc/C19EAXoRigEAAAAAAAAAAAAAAAEAAACsqqqqqqpCAAAAAAAAAAAA
[2022-02-12T07:55:11.930049000Z DEBUG solana_bpf_loader_program] Program 4uQeVj5tqViQh7yWWGStvkEG1Zmhx6uasJtWCJziofM consumed 3669 of 200000 compute units
[2022-02-12T07:55:11.930111000Z DEBUG solana_program_runtime::stable_log] Program 4uQeVj5tqViQh7yWWGStvkEG1Zmhx6uasJtWCJziofM success
[2022-02-12T07:55:11.940727000Z DEBUG solana_program_runtime::stable_log] Program 4uQeVj5tqViQh7yWWGStvkEG1Zmhx6uasJtWCJziofM invoke [1]
[2022-02-12T07:55:11.941110000Z DEBUG solana_program_runtime::stable_log] Program log: Mango: UpdateRootBank
[2022-02-12T07:55:11.943151000Z DEBUG solana_program_runtime::stable_log] Program log: mango-log
[2022-02-12T07:55:11.943750000Z DEBUG solana_program_runtime::stable_log] Program log: 8HmBNKTUaLhj/bu0hxFHHk1ag9FJ+7ogZJAzFSPdfKc/C19EAXoRigAAAAAAAAAAAAAAAAAAQEIPAAAAAAAAAAAAAAAAAEBCDwAAAAAAAAA=
[2022-02-12T07:55:11.943872000Z DEBUG solana_bpf_loader_program] Program 4uQeVj5tqViQh7yWWGStvkEG1Zmhx6uasJtWCJziofM consumed 9360 of 200000 compute units
[2022-02-12T07:55:11.943925000Z DEBUG solana_program_runtime::stable_log] Program 4uQeVj5tqViQh7yWWGStvkEG1Zmhx6uasJtWCJziofM success
[2022-02-12T07:55:11.953925000Z DEBUG solana_program_runtime::stable_log] Program 4uQeVj5tqViQh7yWWGStvkEG1Zmhx6uasJtWCJziofM invoke [1]
[2022-02-12T07:55:11.954363000Z DEBUG solana_program_runtime::stable_log] Program log: Mango: UpdateFunding
[2022-02-12T07:55:11.955450000Z DEBUG solana_program_runtime::stable_log] Program log: mango-log
[2022-02-12T07:55:11.956056000Z DEBUG solana_program_runtime::stable_log] Program log: ta5iwCEXTXtj/bu0hxFHHk1ag9FJ+7ogZJAzFSPdfKc/C19EAXoRigAAAAAAAAAAAAAAAAAAAAAAAAAAAAAAAAAAAAAAAAAAAAAAAAAAAAA=
[2022-02-12T07:55:11.956201000Z DEBUG solana_bpf_loader_program] Program 4uQeVj5tqViQh7yWWGStvkEG1Zmhx6uasJtWCJziofM consumed 6381 of 200000 compute units
[2022-02-12T07:55:11.956268000Z DEBUG solana_program_runtime::stable_log] Program 4uQeVj5tqViQh7yWWGStvkEG1Zmhx6uasJtWCJziofM success
[2022-02-12T07:55:11.966554000Z DEBUG solana_program_runtime::stable_log] Program 4uQeVj5tqViQh7yWWGStvkEG1Zmhx6uasJtWCJziofM invoke [1]
[2022-02-12T07:55:11.966938000Z DEBUG solana_program_runtime::stable_log] Program log: Mango: CacheRootBanks
[2022-02-12T07:55:11.967593000Z DEBUG solana_program_runtime::stable_log] Program log: mango-log
[2022-02-12T07:55:11.968471000Z DEBUG solana_program_runtime::stable_log] Program log: IVXYca/Gfehj/bu0hxFHHk1ag9FJ+7ogZJAzFSPdfKc/C19EAXoRigIAAAAAAAAAAAAAAA8AAAAAAAAAAgAAAAAAAAAAAEBCDwAAAAAAAAAAAAAAAABAQg8AAAAAAAAAAgAAAAAAAAAAAEBCDwAAAAAAAAAAAAAAAABAQg8AAAAAAAAA
[2022-02-12T07:55:11.968595000Z DEBUG solana_bpf_loader_program] Program 4uQeVj5tqViQh7yWWGStvkEG1Zmhx6uasJtWCJziofM consumed 5857 of 200000 compute units
[2022-02-12T07:55:11.968653000Z DEBUG solana_program_runtime::stable_log] Program 4uQeVj5tqViQh7yWWGStvkEG1Zmhx6uasJtWCJziofM success
[2022-02-12T07:55:11.977919000Z DEBUG solana_program_runtime::stable_log] Program 4uQeVj5tqViQh7yWWGStvkEG1Zmhx6uasJtWCJziofM invoke [1]
[2022-02-12T07:55:11.978247000Z DEBUG solana_program_runtime::stable_log] Program log: Mango: CachePerpMarkets
[2022-02-12T07:55:11.978636000Z DEBUG solana_program_runtime::stable_log] Program log: mango-log
[2022-02-12T07:55:11.979366000Z DEBUG solana_program_runtime::stable_log] Program log: 9lt9JxCzqw5j/bu0hxFHHk1ag9FJ+7ogZJAzFSPdfKc/C19EAXoRigEAAAAAAAAAAAAAAAEAAAAAAAAAAAAAAAAAAAAAAAAAAQAAAAAAAAAAAAAAAAAAAAAAAAA=
[2022-02-12T07:55:11.979467000Z DEBUG solana_bpf_loader_program] Program 4uQeVj5tqViQh7yWWGStvkEG1Zmhx6uasJtWCJziofM consumed 4331 of 200000 compute units
[2022-02-12T07:55:11.979519000Z DEBUG solana_program_runtime::stable_log] Program 4uQeVj5tqViQh7yWWGStvkEG1Zmhx6uasJtWCJziofM success
[2022-02-12T07:55:12.011793000Z DEBUG solana_program_runtime::stable_log] Program 4uQeVj5tqViQh7yWWGStvkEG1Zmhx6uasJtWCJziofM invoke [1]
[2022-02-12T07:55:12.012161000Z DEBUG solana_program_runtime::stable_log] Program log: Mango: CachePrices
[2022-02-12T07:55:12.012493000Z DEBUG solana_program_runtime::stable_log] Program log: mango-log
[2022-02-12T07:55:12.013087000Z DEBUG solana_program_runtime::stable_log] Program log: ux0uSxX5tBtj/bu0hxFHHk1ag9FJ+7ogZJAzFSPdfKc/C19EAXoRigEAAAAAAAAAAAAAAAEAAACsqqqqqqpCAAAAAAAAAAAA
[2022-02-12T07:55:12.013190000Z DEBUG solana_bpf_loader_program] Program 4uQeVj5tqViQh7yWWGStvkEG1Zmhx6uasJtWCJziofM consumed 3669 of 200000 compute units
[2022-02-12T07:55:12.013253000Z DEBUG solana_program_runtime::stable_log] Program 4uQeVj5tqViQh7yWWGStvkEG1Zmhx6uasJtWCJziofM success
[2022-02-12T07:55:12.023989000Z DEBUG solana_program_runtime::stable_log] Program 4uQeVj5tqViQh7yWWGStvkEG1Zmhx6uasJtWCJziofM invoke [1]
[2022-02-12T07:55:12.024379000Z DEBUG solana_program_runtime::stable_log] Program log: Mango: UpdateRootBank
[2022-02-12T07:55:12.026465000Z DEBUG solana_program_runtime::stable_log] Program log: mango-log
[2022-02-12T07:55:12.027065000Z DEBUG solana_program_runtime::stable_log] Program log: 8HmBNKTUaLhj/bu0hxFHHk1ag9FJ+7ogZJAzFSPdfKc/C19EAXoRigAAAAAAAAAAAAAAAAAAQEIPAAAAAAAAAAAAAAAAAEBCDwAAAAAAAAA=
[2022-02-12T07:55:12.027190000Z DEBUG solana_bpf_loader_program] Program 4uQeVj5tqViQh7yWWGStvkEG1Zmhx6uasJtWCJziofM consumed 9360 of 200000 compute units
[2022-02-12T07:55:12.027246000Z DEBUG solana_program_runtime::stable_log] Program 4uQeVj5tqViQh7yWWGStvkEG1Zmhx6uasJtWCJziofM success
[2022-02-12T07:55:12.037240000Z DEBUG solana_program_runtime::stable_log] Program 4uQeVj5tqViQh7yWWGStvkEG1Zmhx6uasJtWCJziofM invoke [1]
[2022-02-12T07:55:12.037680000Z DEBUG solana_program_runtime::stable_log] Program log: Mango: UpdateFunding
[2022-02-12T07:55:12.038767000Z DEBUG solana_program_runtime::stable_log] Program log: mango-log
[2022-02-12T07:55:12.039379000Z DEBUG solana_program_runtime::stable_log] Program log: ta5iwCEXTXtj/bu0hxFHHk1ag9FJ+7ogZJAzFSPdfKc/C19EAXoRigAAAAAAAAAAAAAAAAAAAAAAAAAAAAAAAAAAAAAAAAAAAAAAAAAAAAA=
[2022-02-12T07:55:12.039527000Z DEBUG solana_bpf_loader_program] Program 4uQeVj5tqViQh7yWWGStvkEG1Zmhx6uasJtWCJziofM consumed 6381 of 200000 compute units
[2022-02-12T07:55:12.039596000Z DEBUG solana_program_runtime::stable_log] Program 4uQeVj5tqViQh7yWWGStvkEG1Zmhx6uasJtWCJziofM success
[2022-02-12T07:55:12.049887000Z DEBUG solana_program_runtime::stable_log] Program 4uQeVj5tqViQh7yWWGStvkEG1Zmhx6uasJtWCJziofM invoke [1]
[2022-02-12T07:55:12.050276000Z DEBUG solana_program_runtime::stable_log] Program log: Mango: CacheRootBanks
[2022-02-12T07:55:12.050934000Z DEBUG solana_program_runtime::stable_log] Program log: mango-log
[2022-02-12T07:55:12.051817000Z DEBUG solana_program_runtime::stable_log] Program log: IVXYca/Gfehj/bu0hxFHHk1ag9FJ+7ogZJAzFSPdfKc/C19EAXoRigIAAAAAAAAAAAAAAA8AAAAAAAAAAgAAAAAAAAAAAEBCDwAAAAAAAAAAAAAAAABAQg8AAAAAAAAAAgAAAAAAAAAAAEBCDwAAAAAAAAAAAAAAAABAQg8AAAAAAAAA
[2022-02-12T07:55:12.051946000Z DEBUG solana_bpf_loader_program] Program 4uQeVj5tqViQh7yWWGStvkEG1Zmhx6uasJtWCJziofM consumed 5857 of 200000 compute units
[2022-02-12T07:55:12.051999000Z DEBUG solana_program_runtime::stable_log] Program 4uQeVj5tqViQh7yWWGStvkEG1Zmhx6uasJtWCJziofM success
[2022-02-12T07:55:12.061296000Z DEBUG solana_program_runtime::stable_log] Program 4uQeVj5tqViQh7yWWGStvkEG1Zmhx6uasJtWCJziofM invoke [1]
[2022-02-12T07:55:12.061623000Z DEBUG solana_program_runtime::stable_log] Program log: Mango: CachePerpMarkets
[2022-02-12T07:55:12.062011000Z DEBUG solana_program_runtime::stable_log] Program log: mango-log
[2022-02-12T07:55:12.062744000Z DEBUG solana_program_runtime::stable_log] Program log: 9lt9JxCzqw5j/bu0hxFHHk1ag9FJ+7ogZJAzFSPdfKc/C19EAXoRigEAAAAAAAAAAAAAAAEAAAAAAAAAAAAAAAAAAAAAAAAAAQAAAAAAAAAAAAAAAAAAAAAAAAA=
[2022-02-12T07:55:12.062847000Z DEBUG solana_bpf_loader_program] Program 4uQeVj5tqViQh7yWWGStvkEG1Zmhx6uasJtWCJziofM consumed 4331 of 200000 compute units
[2022-02-12T07:55:12.062898000Z DEBUG solana_program_runtime::stable_log] Program 4uQeVj5tqViQh7yWWGStvkEG1Zmhx6uasJtWCJziofM success
[2022-02-12T07:55:12.076534000Z DEBUG solana_program_runtime::stable_log] Program 4uQeVj5tqViQh7yWWGStvkEG1Zmhx6uasJtWCJziofM invoke [1]
[2022-02-12T07:55:12.077823000Z DEBUG solana_program_runtime::stable_log] Program log: Mango: LiquidateTokenAndPerp
[2022-02-12T07:55:12.081458000Z DEBUG solana_program_runtime::stable_log] Program log: mango-log
[2022-02-12T07:55:12.082189000Z DEBUG solana_program_runtime::stable_log] Program log: F5qwwQsqqPRj/bu0hxFHHk1ag9FJ+7ogZJAzFSPdfKc/C19EAXoRiu7zyRRWQvIZzFjrPLS3oFGg1ISWaRvjOzqLjXFDwyPKDwAAAAAAAACZmZmZmRkQJwAAAAAAAAAAAAAAAAAAAAAAAAAAAAAAAA==
[2022-02-12T07:55:12.083343000Z DEBUG solana_program_runtime::stable_log] Program log: mango-log
[2022-02-12T07:55:12.084072000Z DEBUG solana_program_runtime::stable_log] Program log: F5qwwQsqqPRj/bu0hxFHHk1ag9FJ+7ogZJAzFSPdfKc/C19EAXoRisaI6QpVrN653lR58v1BHMhKwrLhmR6G8kkQgit0ti4ADwAAAAAAAABnZmZmZuYPJwAAAAAAAAAAAAAAAAAAAAAAAAAAAAAAAA==
[2022-02-12T07:55:12.085369000Z DEBUG solana_program_runtime::stable_log] Program log: mango-log
[2022-02-12T07:55:12.086407000Z DEBUG solana_program_runtime::stable_log] Program log: EmyboIQCGyBj/bu0hxFHHk1ag9FJ+7ogZJAzFSPdfKc/C19EAXoRisaI6QpVrN653lR58v1BHMhKwrLhmR6G8kkQgit0ti4A7vPJFFZC8hnMWOs8tLegUaDUhJZpG+M7OouNcUPDI8oPAAAAAAAAAAAAAAAAAAAAAAEAAAAAAAABAAAAAAAAAAAAAAAAAAAAAQAAAAAAAAAAAAAAAAAAAKCGAQAAAAAAAAAAAAAAAACghgEAAAAAAAAAAA==
[2022-02-12T07:55:12.086456000Z DEBUG solana_program_runtime::stable_log] Program log: mango-log
[2022-02-12T07:55:12.087460000Z DEBUG solana_program_runtime::stable_log] Program log: hz686jV+Ltlj/bu0hxFHHk1ag9FJ+7ogZJAzFSPdfKc/C19EAXoRisaI6QpVrN653lR58v1BHMhKwrLhmR6G8kkQgit0ti4AAAAAAAAAAAAAAAAAAAAAAEAv/vf+/0/U7an9//////8AAAAAAAAAAAAAAAAAAAAAAAAAAAAAAAAAAAAAAAAAAAAAAAAAAAAAAAAAAAAAAAAAAAAAAAAAAAAAAAAAAAAA
[2022-02-12T07:55:12.087506000Z DEBUG solana_program_runtime::stable_log] Program log: mango-log
[2022-02-12T07:55:12.088493000Z DEBUG solana_program_runtime::stable_log] Program log: hz686jV+Ltlj/bu0hxFHHk1ag9FJ+7ogZJAzFSPdfKc/C19EAXoRiu7zyRRWQvIZzFjrPLS3oFGg1ISWaRvjOzqLjXFDwyPKAAAAAAAAAAAAAAAAAAAAAAAAAAAAAGB5/v////////8AAAAAAAAAAAAAAAAAAAAAAAAAAAAAAAAAAAAAAAAAAAAAAAAAAAAAAAAAAAAAAAAAAAAAAAAAAAAAAAAAAAAA
[2022-02-12T07:55:12.088863000Z DEBUG solana_bpf_loader_program] Program 4uQeVj5tqViQh7yWWGStvkEG1Zmhx6uasJtWCJziofM consumed 37542 of 200000 compute units
[2022-02-12T07:55:12.088948000Z DEBUG solana_program_runtime::stable_log] Program 4uQeVj5tqViQh7yWWGStvkEG1Zmhx6uasJtWCJziofM success
[2022-02-12T07:55:12.119949000Z DEBUG solana_program_runtime::stable_log] Program 4uQeVj5tqViQh7yWWGStvkEG1Zmhx6uasJtWCJziofM invoke [1]
[2022-02-12T07:55:12.120320000Z DEBUG solana_program_runtime::stable_log] Program log: Mango: CachePrices
[2022-02-12T07:55:12.120646000Z DEBUG solana_program_runtime::stable_log] Program log: mango-log
[2022-02-12T07:55:12.121238000Z DEBUG solana_program_runtime::stable_log] Program log: ux0uSxX5tBtj/bu0hxFHHk1ag9FJ+7ogZJAzFSPdfKc/C19EAXoRigEAAAAAAAAAAAAAAAEAAACsqqqqqqpCAAAAAAAAAAAA
[2022-02-12T07:55:12.121338000Z DEBUG solana_bpf_loader_program] Program 4uQeVj5tqViQh7yWWGStvkEG1Zmhx6uasJtWCJziofM consumed 3669 of 200000 compute units
[2022-02-12T07:55:12.121394000Z DEBUG solana_program_runtime::stable_log] Program 4uQeVj5tqViQh7yWWGStvkEG1Zmhx6uasJtWCJziofM success
[2022-02-12T07:55:12.132083000Z DEBUG solana_program_runtime::stable_log] Program 4uQeVj5tqViQh7yWWGStvkEG1Zmhx6uasJtWCJziofM invoke [1]
[2022-02-12T07:55:12.132472000Z DEBUG solana_program_runtime::stable_log] Program log: Mango: UpdateRootBank
[2022-02-12T07:55:12.134510000Z DEBUG solana_program_runtime::stable_log] Program log: mango-log
[2022-02-12T07:55:12.135110000Z DEBUG solana_program_runtime::stable_log] Program log: 8HmBNKTUaLhj/bu0hxFHHk1ag9FJ+7ogZJAzFSPdfKc/C19EAXoRigAAAAAAAAAAAAAAAAAAQEIPAAAAAAAAAAAAAAAAAEBCDwAAAAAAAAA=
[2022-02-12T07:55:12.135232000Z DEBUG solana_bpf_loader_program] Program 4uQeVj5tqViQh7yWWGStvkEG1Zmhx6uasJtWCJziofM consumed 9360 of 200000 compute units
[2022-02-12T07:55:12.135287000Z DEBUG solana_program_runtime::stable_log] Program 4uQeVj5tqViQh7yWWGStvkEG1Zmhx6uasJtWCJziofM success
[2022-02-12T07:55:12.145315000Z DEBUG solana_program_runtime::stable_log] Program 4uQeVj5tqViQh7yWWGStvkEG1Zmhx6uasJtWCJziofM invoke [1]
[2022-02-12T07:55:12.145755000Z DEBUG solana_program_runtime::stable_log] Program log: Mango: UpdateFunding
[2022-02-12T07:55:12.146841000Z DEBUG solana_program_runtime::stable_log] Program log: mango-log
[2022-02-12T07:55:12.147444000Z DEBUG solana_program_runtime::stable_log] Program log: ta5iwCEXTXtj/bu0hxFHHk1ag9FJ+7ogZJAzFSPdfKc/C19EAXoRigAAAAAAAAAAAAAAAAAAAAAAAAAAAAAAAAAAAAAAAAAAAAAAAAAAAAA=
[2022-02-12T07:55:12.147589000Z DEBUG solana_bpf_loader_program] Program 4uQeVj5tqViQh7yWWGStvkEG1Zmhx6uasJtWCJziofM consumed 6381 of 200000 compute units
[2022-02-12T07:55:12.147656000Z DEBUG solana_program_runtime::stable_log] Program 4uQeVj5tqViQh7yWWGStvkEG1Zmhx6uasJtWCJziofM success
[2022-02-12T07:55:12.157905000Z DEBUG solana_program_runtime::stable_log] Program 4uQeVj5tqViQh7yWWGStvkEG1Zmhx6uasJtWCJziofM invoke [1]
[2022-02-12T07:55:12.158295000Z DEBUG solana_program_runtime::stable_log] Program log: Mango: CacheRootBanks
[2022-02-12T07:55:12.158956000Z DEBUG solana_program_runtime::stable_log] Program log: mango-log
[2022-02-12T07:55:12.159836000Z DEBUG solana_program_runtime::stable_log] Program log: IVXYca/Gfehj/bu0hxFHHk1ag9FJ+7ogZJAzFSPdfKc/C19EAXoRigIAAAAAAAAAAAAAAA8AAAAAAAAAAgAAAAAAAAAAAEBCDwAAAAAAAAAAAAAAAABAQg8AAAAAAAAAAgAAAAAAAAAAAEBCDwAAAAAAAAAAAAAAAABAQg8AAAAAAAAA
[2022-02-12T07:55:12.159960000Z DEBUG solana_bpf_loader_program] Program 4uQeVj5tqViQh7yWWGStvkEG1Zmhx6uasJtWCJziofM consumed 5857 of 200000 compute units
[2022-02-12T07:55:12.160013000Z DEBUG solana_program_runtime::stable_log] Program 4uQeVj5tqViQh7yWWGStvkEG1Zmhx6uasJtWCJziofM success
[2022-02-12T07:55:12.169413000Z DEBUG solana_program_runtime::stable_log] Program 4uQeVj5tqViQh7yWWGStvkEG1Zmhx6uasJtWCJziofM invoke [1]
[2022-02-12T07:55:12.169739000Z DEBUG solana_program_runtime::stable_log] Program log: Mango: CachePerpMarkets
[2022-02-12T07:55:12.170128000Z DEBUG solana_program_runtime::stable_log] Program log: mango-log
[2022-02-12T07:55:12.170855000Z DEBUG solana_program_runtime::stable_log] Program log: 9lt9JxCzqw5j/bu0hxFHHk1ag9FJ+7ogZJAzFSPdfKc/C19EAXoRigEAAAAAAAAAAAAAAAEAAAAAAAAAAAAAAAAAAAAAAAAAAQAAAAAAAAAAAAAAAAAAAAAAAAA=
[2022-02-12T07:55:12.170956000Z DEBUG solana_bpf_loader_program] Program 4uQeVj5tqViQh7yWWGStvkEG1Zmhx6uasJtWCJziofM consumed 4331 of 200000 compute units
[2022-02-12T07:55:12.171008000Z DEBUG solana_program_runtime::stable_log] Program 4uQeVj5tqViQh7yWWGStvkEG1Zmhx6uasJtWCJziofM success
[2022-02-12T07:55:12.184558000Z DEBUG solana_program_runtime::stable_log] Program 4uQeVj5tqViQh7yWWGStvkEG1Zmhx6uasJtWCJziofM invoke [1]
[2022-02-12T07:55:12.185845000Z DEBUG solana_program_runtime::stable_log] Program log: Mango: LiquidateTokenAndPerp
[2022-02-12T07:55:12.189440000Z DEBUG solana_program_runtime::stable_log] Program log: mango-log
[2022-02-12T07:55:12.190174000Z DEBUG solana_program_runtime::stable_log] Program log: F5qwwQsqqPRj/bu0hxFHHk1ag9FJ+7ogZJAzFSPdfKc/C19EAXoRiu7zyRRWQvIZzFjrPLS3oFGg1ISWaRvjOzqLjXFDwyPKDwAAAAAAAAAyMzMzMzMQJwAAAAAAAAAAAAAAAAAAAAAAAAAAAAAAAA==
[2022-02-12T07:55:12.191333000Z DEBUG solana_program_runtime::stable_log] Program log: mango-log
[2022-02-12T07:55:12.192074000Z DEBUG solana_program_runtime::stable_log] Program log: F5qwwQsqqPRj/bu0hxFHHk1ag9FJ+7ogZJAzFSPdfKc/C19EAXoRisaI6QpVrN653lR58v1BHMhKwrLhmR6G8kkQgit0ti4ADwAAAAAAAADOzMzMzMwPJwAAAAAAAAAAAAAAAAAAAAAAAAAAAAAAAA==
[2022-02-12T07:55:12.193377000Z DEBUG solana_program_runtime::stable_log] Program log: mango-log
[2022-02-12T07:55:12.194416000Z DEBUG solana_program_runtime::stable_log] Program log: EmyboIQCGyBj/bu0hxFHHk1ag9FJ+7ogZJAzFSPdfKc/C19EAXoRisaI6QpVrN653lR58v1BHMhKwrLhmR6G8kkQgit0ti4A7vPJFFZC8hnMWOs8tLegUaDUhJZpG+M7OouNcUPDI8oPAAAAAAAAAAAAAAAAAAAAAAEAAAAAAAABAAAAAAAAAAAAAAAAAAAAAQAAAAAAAAAAAAAAAAAAAKCGAQAAAAAAAAAAAAAAAACghgEAAAAAAAAAAA==
[2022-02-12T07:55:12.194464000Z DEBUG solana_program_runtime::stable_log] Program log: mango-log
[2022-02-12T07:55:12.195463000Z DEBUG solana_program_runtime::stable_log] Program log: hz686jV+Ltlj/bu0hxFHHk1ag9FJ+7ogZJAzFSPdfKc/C19EAXoRisaI6QpVrN653lR58v1BHMhKwrLhmR6G8kkQgit0ti4AAAAAAAAAAAAAAAAAAAAAAEAv/vf+/+9a76n9//////8AAAAAAAAAAAAAAAAAAAAAAAAAAAAAAAAAAAAAAAAAAAAAAAAAAAAAAAAAAAAAAAAAAAAAAAAAAAAAAAAAAAAA
[2022-02-12T07:55:12.195504000Z DEBUG solana_program_runtime::stable_log] Program log: mango-log
[2022-02-12T07:55:12.196512000Z DEBUG solana_program_runtime::stable_log] Program log: hz686jV+Ltlj/bu0hxFHHk1ag9FJ+7ogZJAzFSPdfKc/C19EAXoRiu7zyRRWQvIZzFjrPLS3oFGg1ISWaRvjOzqLjXFDwyPKAAAAAAAAAAAAAAAAAAAAAAAAAAAAAMDy/P////////8AAAAAAAAAAAAAAAAAAAAAAAAAAAAAAAAAAAAAAAAAAAAAAAAAAAAAAAAAAAAAAAAAAAAAAAAAAAAAAAAAAAAA
[2022-02-12T07:55:12.196867000Z DEBUG solana_bpf_loader_program] Program 4uQeVj5tqViQh7yWWGStvkEG1Zmhx6uasJtWCJziofM consumed 37536 of 200000 compute units
[2022-02-12T07:55:12.196945000Z DEBUG solana_program_runtime::stable_log] Program 4uQeVj5tqViQh7yWWGStvkEG1Zmhx6uasJtWCJziofM success
[2022-02-12T07:55:12.227853000Z DEBUG solana_program_runtime::stable_log] Program 4uQeVj5tqViQh7yWWGStvkEG1Zmhx6uasJtWCJziofM invoke [1]
[2022-02-12T07:55:12.228208000Z DEBUG solana_program_runtime::stable_log] Program log: Mango: CachePrices
[2022-02-12T07:55:12.228532000Z DEBUG solana_program_runtime::stable_log] Program log: mango-log
[2022-02-12T07:55:12.229124000Z DEBUG solana_program_runtime::stable_log] Program log: ux0uSxX5tBtj/bu0hxFHHk1ag9FJ+7ogZJAzFSPdfKc/C19EAXoRigEAAAAAAAAAAAAAAAEAAACsqqqqqqpCAAAAAAAAAAAA
[2022-02-12T07:55:12.229228000Z DEBUG solana_bpf_loader_program] Program 4uQeVj5tqViQh7yWWGStvkEG1Zmhx6uasJtWCJziofM consumed 3669 of 200000 compute units
[2022-02-12T07:55:12.229286000Z DEBUG solana_program_runtime::stable_log] Program 4uQeVj5tqViQh7yWWGStvkEG1Zmhx6uasJtWCJziofM success
[2022-02-12T07:55:12.240090000Z DEBUG solana_program_runtime::stable_log] Program 4uQeVj5tqViQh7yWWGStvkEG1Zmhx6uasJtWCJziofM invoke [1]
[2022-02-12T07:55:12.240473000Z DEBUG solana_program_runtime::stable_log] Program log: Mango: UpdateRootBank
[2022-02-12T07:55:12.242511000Z DEBUG solana_program_runtime::stable_log] Program log: mango-log
[2022-02-12T07:55:12.243114000Z DEBUG solana_program_runtime::stable_log] Program log: 8HmBNKTUaLhj/bu0hxFHHk1ag9FJ+7ogZJAzFSPdfKc/C19EAXoRigAAAAAAAAAAAAAAAAAAQEIPAAAAAAAAAAAAAAAAAEBCDwAAAAAAAAA=
[2022-02-12T07:55:12.243236000Z DEBUG solana_bpf_loader_program] Program 4uQeVj5tqViQh7yWWGStvkEG1Zmhx6uasJtWCJziofM consumed 9360 of 200000 compute units
[2022-02-12T07:55:12.243289000Z DEBUG solana_program_runtime::stable_log] Program 4uQeVj5tqViQh7yWWGStvkEG1Zmhx6uasJtWCJziofM success
[2022-02-12T07:55:12.253233000Z DEBUG solana_program_runtime::stable_log] Program 4uQeVj5tqViQh7yWWGStvkEG1Zmhx6uasJtWCJziofM invoke [1]
[2022-02-12T07:55:12.253675000Z DEBUG solana_program_runtime::stable_log] Program log: Mango: UpdateFunding
[2022-02-12T07:55:12.254761000Z DEBUG solana_program_runtime::stable_log] Program log: mango-log
[2022-02-12T07:55:12.255366000Z DEBUG solana_program_runtime::stable_log] Program log: ta5iwCEXTXtj/bu0hxFHHk1ag9FJ+7ogZJAzFSPdfKc/C19EAXoRigAAAAAAAAAAAAAAAAAAAAAAAAAAAAAAAAAAAAAAAAAAAAAAAAAAAAA=
[2022-02-12T07:55:12.255513000Z DEBUG solana_bpf_loader_program] Program 4uQeVj5tqViQh7yWWGStvkEG1Zmhx6uasJtWCJziofM consumed 6381 of 200000 compute units
[2022-02-12T07:55:12.255582000Z DEBUG solana_program_runtime::stable_log] Program 4uQeVj5tqViQh7yWWGStvkEG1Zmhx6uasJtWCJziofM success
[2022-02-12T07:55:12.265928000Z DEBUG solana_program_runtime::stable_log] Program 4uQeVj5tqViQh7yWWGStvkEG1Zmhx6uasJtWCJziofM invoke [1]
[2022-02-12T07:55:12.266319000Z DEBUG solana_program_runtime::stable_log] Program log: Mango: CacheRootBanks
[2022-02-12T07:55:12.266981000Z DEBUG solana_program_runtime::stable_log] Program log: mango-log
[2022-02-12T07:55:12.267868000Z DEBUG solana_program_runtime::stable_log] Program log: IVXYca/Gfehj/bu0hxFHHk1ag9FJ+7ogZJAzFSPdfKc/C19EAXoRigIAAAAAAAAAAAAAAA8AAAAAAAAAAgAAAAAAAAAAAEBCDwAAAAAAAAAAAAAAAABAQg8AAAAAAAAAAgAAAAAAAAAAAEBCDwAAAAAAAAAAAAAAAABAQg8AAAAAAAAA
[2022-02-12T07:55:12.267993000Z DEBUG solana_bpf_loader_program] Program 4uQeVj5tqViQh7yWWGStvkEG1Zmhx6uasJtWCJziofM consumed 5857 of 200000 compute units
[2022-02-12T07:55:12.268047000Z DEBUG solana_program_runtime::stable_log] Program 4uQeVj5tqViQh7yWWGStvkEG1Zmhx6uasJtWCJziofM success
[2022-02-12T07:55:12.277389000Z DEBUG solana_program_runtime::stable_log] Program 4uQeVj5tqViQh7yWWGStvkEG1Zmhx6uasJtWCJziofM invoke [1]
[2022-02-12T07:55:12.277717000Z DEBUG solana_program_runtime::stable_log] Program log: Mango: CachePerpMarkets
[2022-02-12T07:55:12.278103000Z DEBUG solana_program_runtime::stable_log] Program log: mango-log
[2022-02-12T07:55:12.278836000Z DEBUG solana_program_runtime::stable_log] Program log: 9lt9JxCzqw5j/bu0hxFHHk1ag9FJ+7ogZJAzFSPdfKc/C19EAXoRigEAAAAAAAAAAAAAAAEAAAAAAAAAAAAAAAAAAAAAAAAAAQAAAAAAAAAAAAAAAAAAAAAAAAA=
[2022-02-12T07:55:12.278937000Z DEBUG solana_bpf_loader_program] Program 4uQeVj5tqViQh7yWWGStvkEG1Zmhx6uasJtWCJziofM consumed 4331 of 200000 compute units
[2022-02-12T07:55:12.278988000Z DEBUG solana_program_runtime::stable_log] Program 4uQeVj5tqViQh7yWWGStvkEG1Zmhx6uasJtWCJziofM success
[2022-02-12T07:55:12.292636000Z DEBUG solana_program_runtime::stable_log] Program 4uQeVj5tqViQh7yWWGStvkEG1Zmhx6uasJtWCJziofM invoke [1]
[2022-02-12T07:55:12.293922000Z DEBUG solana_program_runtime::stable_log] Program log: Mango: LiquidateTokenAndPerp
[2022-02-12T07:55:12.297571000Z DEBUG solana_program_runtime::stable_log] Program log: mango-log
[2022-02-12T07:55:12.298305000Z DEBUG solana_program_runtime::stable_log] Program log: F5qwwQsqqPRj/bu0hxFHHk1ag9FJ+7ogZJAzFSPdfKc/C19EAXoRiu7zyRRWQvIZzFjrPLS3oFGg1ISWaRvjOzqLjXFDwyPKDwAAAAAAAADLzMzMzEwQJwAAAAAAAAAAAAAAAAAAAAAAAAAAAAAAAA==
[2022-02-12T07:55:12.299458000Z DEBUG solana_program_runtime::stable_log] Program log: mango-log
[2022-02-12T07:55:12.300182000Z DEBUG solana_program_runtime::stable_log] Program log: F5qwwQsqqPRj/bu0hxFHHk1ag9FJ+7ogZJAzFSPdfKc/C19EAXoRisaI6QpVrN653lR58v1BHMhKwrLhmR6G8kkQgit0ti4ADwAAAAAAAAA1MzMzM7MPJwAAAAAAAAAAAAAAAAAAAAAAAAAAAAAAAA==
[2022-02-12T07:55:12.301477000Z DEBUG solana_program_runtime::stable_log] Program log: mango-log
[2022-02-12T07:55:12.302507000Z DEBUG solana_program_runtime::stable_log] Program log: EmyboIQCGyBj/bu0hxFHHk1ag9FJ+7ogZJAzFSPdfKc/C19EAXoRisaI6QpVrN653lR58v1BHMhKwrLhmR6G8kkQgit0ti4A7vPJFFZC8hnMWOs8tLegUaDUhJZpG+M7OouNcUPDI8oPAAAAAAAAAAAAAAAAAAAAAAEAAAAAAAABAAAAAAAAAAAAAAAAAAAAAQAAAAAAAAAAAAAAAAAAAKCGAQAAAAAAAAAAAAAAAACghgEAAAAAAAAAAA==
[2022-02-12T07:55:12.302556000Z DEBUG solana_program_runtime::stable_log] Program log: mango-log
[2022-02-12T07:55:12.303553000Z DEBUG solana_program_runtime::stable_log] Program log: hz686jV+Ltlj/bu0hxFHHk1ag9FJ+7ogZJAzFSPdfKc/C19EAXoRisaI6QpVrN653lR58v1BHMhKwrLhmR6G8kkQgit0ti4AAAAAAAAAAAAAAAAAAAAAAEAv/vf+/4/h8Kn9//////8AAAAAAAAAAAAAAAAAAAAAAAAAAAAAAAAAAAAAAAAAAAAAAAAAAAAAAAAAAAAAAAAAAAAAAAAAAAAAAAAAAAAA
[2022-02-12T07:55:12.303595000Z DEBUG solana_program_runtime::stable_log] Program log: mango-log
[2022-02-12T07:55:12.304589000Z DEBUG solana_program_runtime::stable_log] Program log: hz686jV+Ltlj/bu0hxFHHk1ag9FJ+7ogZJAzFSPdfKc/C19EAXoRiu7zyRRWQvIZzFjrPLS3oFGg1ISWaRvjOzqLjXFDwyPKAAAAAAAAAAAAAAAAAAAAAAAAAAAAACBs+/////////8AAAAAAAAAAAAAAAAAAAAAAAAAAAAAAAAAAAAAAAAAAAAAAAAAAAAAAAAAAAAAAAAAAAAAAAAAAAAAAAAAAAAA
[2022-02-12T07:55:12.304943000Z DEBUG solana_bpf_loader_program] Program 4uQeVj5tqViQh7yWWGStvkEG1Zmhx6uasJtWCJziofM consumed 37539 of 200000 compute units
[2022-02-12T07:55:12.305024000Z DEBUG solana_program_runtime::stable_log] Program 4uQeVj5tqViQh7yWWGStvkEG1Zmhx6uasJtWCJziofM success
[2022-02-12T07:55:12.336316000Z DEBUG solana_program_runtime::stable_log] Program 4uQeVj5tqViQh7yWWGStvkEG1Zmhx6uasJtWCJziofM invoke [1]
[2022-02-12T07:55:12.336681000Z DEBUG solana_program_runtime::stable_log] Program log: Mango: CachePrices
[2022-02-12T07:55:12.337011000Z DEBUG solana_program_runtime::stable_log] Program log: mango-log
[2022-02-12T07:55:12.337603000Z DEBUG solana_program_runtime::stable_log] Program log: ux0uSxX5tBtj/bu0hxFHHk1ag9FJ+7ogZJAzFSPdfKc/C19EAXoRigEAAAAAAAAAAAAAAAEAAACsqqqqqqpCAAAAAAAAAAAA
[2022-02-12T07:55:12.337706000Z DEBUG solana_bpf_loader_program] Program 4uQeVj5tqViQh7yWWGStvkEG1Zmhx6uasJtWCJziofM consumed 3669 of 200000 compute units
[2022-02-12T07:55:12.337766000Z DEBUG solana_program_runtime::stable_log] Program 4uQeVj5tqViQh7yWWGStvkEG1Zmhx6uasJtWCJziofM success
[2022-02-12T07:55:12.348348000Z DEBUG solana_program_runtime::stable_log] Program 4uQeVj5tqViQh7yWWGStvkEG1Zmhx6uasJtWCJziofM invoke [1]
[2022-02-12T07:55:12.348738000Z DEBUG solana_program_runtime::stable_log] Program log: Mango: UpdateRootBank
[2022-02-12T07:55:12.350780000Z DEBUG solana_program_runtime::stable_log] Program log: mango-log
[2022-02-12T07:55:12.351381000Z DEBUG solana_program_runtime::stable_log] Program log: 8HmBNKTUaLhj/bu0hxFHHk1ag9FJ+7ogZJAzFSPdfKc/C19EAXoRigAAAAAAAAAAAAAAAAAAQEIPAAAAAAAAAAAAAAAAAEBCDwAAAAAAAAA=
[2022-02-12T07:55:12.351506000Z DEBUG solana_bpf_loader_program] Program 4uQeVj5tqViQh7yWWGStvkEG1Zmhx6uasJtWCJziofM consumed 9360 of 200000 compute units
[2022-02-12T07:55:12.351559000Z DEBUG solana_program_runtime::stable_log] Program 4uQeVj5tqViQh7yWWGStvkEG1Zmhx6uasJtWCJziofM success
[2022-02-12T07:55:12.361587000Z DEBUG solana_program_runtime::stable_log] Program 4uQeVj5tqViQh7yWWGStvkEG1Zmhx6uasJtWCJziofM invoke [1]
[2022-02-12T07:55:12.362035000Z DEBUG solana_program_runtime::stable_log] Program log: Mango: UpdateFunding
[2022-02-12T07:55:12.363133000Z DEBUG solana_program_runtime::stable_log] Program log: mango-log
[2022-02-12T07:55:12.363732000Z DEBUG solana_program_runtime::stable_log] Program log: ta5iwCEXTXtj/bu0hxFHHk1ag9FJ+7ogZJAzFSPdfKc/C19EAXoRigAAAAAAAAAAAAAAAAAAAAAAAAAAAAAAAAAAAAAAAAAAAAAAAAAAAAA=
[2022-02-12T07:55:12.363878000Z DEBUG solana_bpf_loader_program] Program 4uQeVj5tqViQh7yWWGStvkEG1Zmhx6uasJtWCJziofM consumed 6381 of 200000 compute units
[2022-02-12T07:55:12.363946000Z DEBUG solana_program_runtime::stable_log] Program 4uQeVj5tqViQh7yWWGStvkEG1Zmhx6uasJtWCJziofM success
[2022-02-12T07:55:12.374269000Z DEBUG solana_program_runtime::stable_log] Program 4uQeVj5tqViQh7yWWGStvkEG1Zmhx6uasJtWCJziofM invoke [1]
[2022-02-12T07:55:12.374658000Z DEBUG solana_program_runtime::stable_log] Program log: Mango: CacheRootBanks
[2022-02-12T07:55:12.375314000Z DEBUG solana_program_runtime::stable_log] Program log: mango-log
[2022-02-12T07:55:12.376196000Z DEBUG solana_program_runtime::stable_log] Program log: IVXYca/Gfehj/bu0hxFHHk1ag9FJ+7ogZJAzFSPdfKc/C19EAXoRigIAAAAAAAAAAAAAAA8AAAAAAAAAAgAAAAAAAAAAAEBCDwAAAAAAAAAAAAAAAABAQg8AAAAAAAAAAgAAAAAAAAAAAEBCDwAAAAAAAAAAAAAAAABAQg8AAAAAAAAA
[2022-02-12T07:55:12.376327000Z DEBUG solana_bpf_loader_program] Program 4uQeVj5tqViQh7yWWGStvkEG1Zmhx6uasJtWCJziofM consumed 5857 of 200000 compute units
[2022-02-12T07:55:12.376380000Z DEBUG solana_program_runtime::stable_log] Program 4uQeVj5tqViQh7yWWGStvkEG1Zmhx6uasJtWCJziofM success
[2022-02-12T07:55:12.385699000Z DEBUG solana_program_runtime::stable_log] Program 4uQeVj5tqViQh7yWWGStvkEG1Zmhx6uasJtWCJziofM invoke [1]
[2022-02-12T07:55:12.386026000Z DEBUG solana_program_runtime::stable_log] Program log: Mango: CachePerpMarkets
[2022-02-12T07:55:12.386413000Z DEBUG solana_program_runtime::stable_log] Program log: mango-log
[2022-02-12T07:55:12.387143000Z DEBUG solana_program_runtime::stable_log] Program log: 9lt9JxCzqw5j/bu0hxFHHk1ag9FJ+7ogZJAzFSPdfKc/C19EAXoRigEAAAAAAAAAAAAAAAEAAAAAAAAAAAAAAAAAAAAAAAAAAQAAAAAAAAAAAAAAAAAAAAAAAAA=
[2022-02-12T07:55:12.387244000Z DEBUG solana_bpf_loader_program] Program 4uQeVj5tqViQh7yWWGStvkEG1Zmhx6uasJtWCJziofM consumed 4331 of 200000 compute units
[2022-02-12T07:55:12.387297000Z DEBUG solana_program_runtime::stable_log] Program 4uQeVj5tqViQh7yWWGStvkEG1Zmhx6uasJtWCJziofM success
[2022-02-12T07:55:12.400955000Z DEBUG solana_program_runtime::stable_log] Program 4uQeVj5tqViQh7yWWGStvkEG1Zmhx6uasJtWCJziofM invoke [1]
[2022-02-12T07:55:12.402236000Z DEBUG solana_program_runtime::stable_log] Program log: Mango: LiquidateTokenAndPerp
[2022-02-12T07:55:12.405843000Z DEBUG solana_program_runtime::stable_log] Program log: mango-log
[2022-02-12T07:55:12.406577000Z DEBUG solana_program_runtime::stable_log] Program log: F5qwwQsqqPRj/bu0hxFHHk1ag9FJ+7ogZJAzFSPdfKc/C19EAXoRiu7zyRRWQvIZzFjrPLS3oFGg1ISWaRvjOzqLjXFDwyPKDwAAAAAAAABkZmZmZmYQJwAAAAAAAAAAAAAAAAAAAAAAAAAAAAAAAA==
[2022-02-12T07:55:12.407739000Z DEBUG solana_program_runtime::stable_log] Program log: mango-log
[2022-02-12T07:55:12.408477000Z DEBUG solana_program_runtime::stable_log] Program log: F5qwwQsqqPRj/bu0hxFHHk1ag9FJ+7ogZJAzFSPdfKc/C19EAXoRisaI6QpVrN653lR58v1BHMhKwrLhmR6G8kkQgit0ti4ADwAAAAAAAACcmZmZmZkPJwAAAAAAAAAAAAAAAAAAAAAAAAAAAAAAAA==
[2022-02-12T07:55:12.409771000Z DEBUG solana_program_runtime::stable_log] Program log: mango-log
[2022-02-12T07:55:12.410799000Z DEBUG solana_program_runtime::stable_log] Program log: EmyboIQCGyBj/bu0hxFHHk1ag9FJ+7ogZJAzFSPdfKc/C19EAXoRisaI6QpVrN653lR58v1BHMhKwrLhmR6G8kkQgit0ti4A7vPJFFZC8hnMWOs8tLegUaDUhJZpG+M7OouNcUPDI8oPAAAAAAAAAAAAAAAAAAAAAAEAAAAAAAABAAAAAAAAAAAAAAAAAAAAAQAAAAAAAAAAAAAAAAAAAKCGAQAAAAAAAAAAAAAAAACghgEAAAAAAAAAAA==
[2022-02-12T07:55:12.410846000Z DEBUG solana_program_runtime::stable_log] Program log: mango-log
[2022-02-12T07:55:12.411839000Z DEBUG solana_program_runtime::stable_log] Program log: hz686jV+Ltlj/bu0hxFHHk1ag9FJ+7ogZJAzFSPdfKc/C19EAXoRisaI6QpVrN653lR58v1BHMhKwrLhmR6G8kkQgit0ti4AAAAAAAAAAAAAAAAAAAAAAEAv/vf+/y9o8qn9//////8AAAAAAAAAAAAAAAAAAAAAAAAAAAAAAAAAAAAAAAAAAAAAAAAAAAAAAAAAAAAAAAAAAAAAAAAAAAAAAAAAAAAA
[2022-02-12T07:55:12.411883000Z DEBUG solana_program_runtime::stable_log] Program log: mango-log
[2022-02-12T07:55:12.412870000Z DEBUG solana_program_runtime::stable_log] Program log: hz686jV+Ltlj/bu0hxFHHk1ag9FJ+7ogZJAzFSPdfKc/C19EAXoRiu7zyRRWQvIZzFjrPLS3oFGg1ISWaRvjOzqLjXFDwyPKAAAAAAAAAAAAAAAAAAAAAAAAAAAAAIDl+f////////8AAAAAAAAAAAAAAAAAAAAAAAAAAAAAAAAAAAAAAAAAAAAAAAAAAAAAAAAAAAAAAAAAAAAAAAAAAAAAAAAAAAAA
[2022-02-12T07:55:12.413227000Z DEBUG solana_bpf_loader_program] Program 4uQeVj5tqViQh7yWWGStvkEG1Zmhx6uasJtWCJziofM consumed 37536 of 200000 compute units
[2022-02-12T07:55:12.413308000Z DEBUG solana_program_runtime::stable_log] Program 4uQeVj5tqViQh7yWWGStvkEG1Zmhx6uasJtWCJziofM success
[2022-02-12T07:55:12.450626000Z DEBUG solana_program_runtime::stable_log] Program 4uQeVj5tqViQh7yWWGStvkEG1Zmhx6uasJtWCJziofM invoke [1]
[2022-02-12T07:55:12.451000000Z DEBUG solana_program_runtime::stable_log] Program log: Mango: CachePrices
[2022-02-12T07:55:12.451334000Z DEBUG solana_program_runtime::stable_log] Program log: mango-log
[2022-02-12T07:55:12.451928000Z DEBUG solana_program_runtime::stable_log] Program log: ux0uSxX5tBtj/bu0hxFHHk1ag9FJ+7ogZJAzFSPdfKc/C19EAXoRigEAAAAAAAAAAAAAAAEAAACsqqqqqqpCAAAAAAAAAAAA
[2022-02-12T07:55:12.452034000Z DEBUG solana_bpf_loader_program] Program 4uQeVj5tqViQh7yWWGStvkEG1Zmhx6uasJtWCJziofM consumed 3669 of 200000 compute units
[2022-02-12T07:55:12.452094000Z DEBUG solana_program_runtime::stable_log] Program 4uQeVj5tqViQh7yWWGStvkEG1Zmhx6uasJtWCJziofM success
[2022-02-12T07:55:12.462848000Z DEBUG solana_program_runtime::stable_log] Program 4uQeVj5tqViQh7yWWGStvkEG1Zmhx6uasJtWCJziofM invoke [1]
[2022-02-12T07:55:12.463235000Z DEBUG solana_program_runtime::stable_log] Program log: Mango: UpdateRootBank
[2022-02-12T07:55:12.465273000Z DEBUG solana_program_runtime::stable_log] Program log: mango-log
[2022-02-12T07:55:12.465870000Z DEBUG solana_program_runtime::stable_log] Program log: 8HmBNKTUaLhj/bu0hxFHHk1ag9FJ+7ogZJAzFSPdfKc/C19EAXoRigAAAAAAAAAAAAAAAAAAQEIPAAAAAAAAAAAAAAAAAEBCDwAAAAAAAAA=
[2022-02-12T07:55:12.465993000Z DEBUG solana_bpf_loader_program] Program 4uQeVj5tqViQh7yWWGStvkEG1Zmhx6uasJtWCJziofM consumed 9360 of 200000 compute units
[2022-02-12T07:55:12.466046000Z DEBUG solana_program_runtime::stable_log] Program 4uQeVj5tqViQh7yWWGStvkEG1Zmhx6uasJtWCJziofM success
[2022-02-12T07:55:12.476027000Z DEBUG solana_program_runtime::stable_log] Program 4uQeVj5tqViQh7yWWGStvkEG1Zmhx6uasJtWCJziofM invoke [1]
[2022-02-12T07:55:12.476471000Z DEBUG solana_program_runtime::stable_log] Program log: Mango: UpdateFunding
[2022-02-12T07:55:12.477558000Z DEBUG solana_program_runtime::stable_log] Program log: mango-log
[2022-02-12T07:55:12.478163000Z DEBUG solana_program_runtime::stable_log] Program log: ta5iwCEXTXtj/bu0hxFHHk1ag9FJ+7ogZJAzFSPdfKc/C19EAXoRigAAAAAAAAAAAAAAAAAAAAAAAAAAAAAAAAAAAAAAAAAAAAAAAAAAAAA=
[2022-02-12T07:55:12.478311000Z DEBUG solana_bpf_loader_program] Program 4uQeVj5tqViQh7yWWGStvkEG1Zmhx6uasJtWCJziofM consumed 6381 of 200000 compute units
[2022-02-12T07:55:12.478380000Z DEBUG solana_program_runtime::stable_log] Program 4uQeVj5tqViQh7yWWGStvkEG1Zmhx6uasJtWCJziofM success
[2022-02-12T07:55:12.488612000Z DEBUG solana_program_runtime::stable_log] Program 4uQeVj5tqViQh7yWWGStvkEG1Zmhx6uasJtWCJziofM invoke [1]
[2022-02-12T07:55:12.489002000Z DEBUG solana_program_runtime::stable_log] Program log: Mango: CacheRootBanks
[2022-02-12T07:55:12.489663000Z DEBUG solana_program_runtime::stable_log] Program log: mango-log
[2022-02-12T07:55:12.490538000Z DEBUG solana_program_runtime::stable_log] Program log: IVXYca/Gfehj/bu0hxFHHk1ag9FJ+7ogZJAzFSPdfKc/C19EAXoRigIAAAAAAAAAAAAAAA8AAAAAAAAAAgAAAAAAAAAAAEBCDwAAAAAAAAAAAAAAAABAQg8AAAAAAAAAAgAAAAAAAAAAAEBCDwAAAAAAAAAAAAAAAABAQg8AAAAAAAAA
[2022-02-12T07:55:12.490669000Z DEBUG solana_bpf_loader_program] Program 4uQeVj5tqViQh7yWWGStvkEG1Zmhx6uasJtWCJziofM consumed 5857 of 200000 compute units
[2022-02-12T07:55:12.490725000Z DEBUG solana_program_runtime::stable_log] Program 4uQeVj5tqViQh7yWWGStvkEG1Zmhx6uasJtWCJziofM success
[2022-02-12T07:55:12.500098000Z DEBUG solana_program_runtime::stable_log] Program 4uQeVj5tqViQh7yWWGStvkEG1Zmhx6uasJtWCJziofM invoke [1]
[2022-02-12T07:55:12.500429000Z DEBUG solana_program_runtime::stable_log] Program log: Mango: CachePerpMarkets
[2022-02-12T07:55:12.500818000Z DEBUG solana_program_runtime::stable_log] Program log: mango-log
[2022-02-12T07:55:12.501546000Z DEBUG solana_program_runtime::stable_log] Program log: 9lt9JxCzqw5j/bu0hxFHHk1ag9FJ+7ogZJAzFSPdfKc/C19EAXoRigEAAAAAAAAAAAAAAAEAAAAAAAAAAAAAAAAAAAAAAAAAAQAAAAAAAAAAAAAAAAAAAAAAAAA=
[2022-02-12T07:55:12.501647000Z DEBUG solana_bpf_loader_program] Program 4uQeVj5tqViQh7yWWGStvkEG1Zmhx6uasJtWCJziofM consumed 4331 of 200000 compute units
[2022-02-12T07:55:12.501699000Z DEBUG solana_program_runtime::stable_log] Program 4uQeVj5tqViQh7yWWGStvkEG1Zmhx6uasJtWCJziofM success
[2022-02-12T07:55:12.515333000Z DEBUG solana_program_runtime::stable_log] Program 4uQeVj5tqViQh7yWWGStvkEG1Zmhx6uasJtWCJziofM invoke [1]
[2022-02-12T07:55:12.516622000Z DEBUG solana_program_runtime::stable_log] Program log: Mango: LiquidateTokenAndPerp
[2022-02-12T07:55:12.520232000Z DEBUG solana_program_runtime::stable_log] Program log: mango-log
[2022-02-12T07:55:12.520965000Z DEBUG solana_program_runtime::stable_log] Program log: F5qwwQsqqPRj/bu0hxFHHk1ag9FJ+7ogZJAzFSPdfKc/C19EAXoRiu7zyRRWQvIZzFjrPLS3oFGg1ISWaRvjOzqLjXFDwyPKDwAAAAAAAAD9/////38QJwAAAAAAAAAAAAAAAAAAAAAAAAAAAAAAAA==
[2022-02-12T07:55:12.522119000Z DEBUG solana_program_runtime::stable_log] Program log: mango-log
[2022-02-12T07:55:12.522846000Z DEBUG solana_program_runtime::stable_log] Program log: F5qwwQsqqPRj/bu0hxFHHk1ag9FJ+7ogZJAzFSPdfKc/C19EAXoRisaI6QpVrN653lR58v1BHMhKwrLhmR6G8kkQgit0ti4ADwAAAAAAAAADAAAAAIAPJwAAAAAAAAAAAAAAAAAAAAAAAAAAAAAAAA==
[2022-02-12T07:55:12.524153000Z DEBUG solana_program_runtime::stable_log] Program log: mango-log
[2022-02-12T07:55:12.525196000Z DEBUG solana_program_runtime::stable_log] Program log: EmyboIQCGyBj/bu0hxFHHk1ag9FJ+7ogZJAzFSPdfKc/C19EAXoRisaI6QpVrN653lR58v1BHMhKwrLhmR6G8kkQgit0ti4A7vPJFFZC8hnMWOs8tLegUaDUhJZpG+M7OouNcUPDI8oPAAAAAAAAAAAAAAAAAAAAAAEAAAAAAAABAAAAAAAAAAAAAAAAAAAAAQAAAAAAAAAAAAAAAAAAAKCGAQAAAAAAAAAAAAAAAACghgEAAAAAAAAAAA==
[2022-02-12T07:55:12.525245000Z DEBUG solana_program_runtime::stable_log] Program log: mango-log
[2022-02-12T07:55:12.526246000Z DEBUG solana_program_runtime::stable_log] Program log: hz686jV+Ltlj/bu0hxFHHk1ag9FJ+7ogZJAzFSPdfKc/C19EAXoRisaI6QpVrN653lR58v1BHMhKwrLhmR6G8kkQgit0ti4AAAAAAAAAAAAAAAAAAAAAAEAv/vf+/8/u86n9//////8AAAAAAAAAAAAAAAAAAAAAAAAAAAAAAAAAAAAAAAAAAAAAAAAAAAAAAAAAAAAAAAAAAAAAAAAAAAAAAAAAAAAA
[2022-02-12T07:55:12.526291000Z DEBUG solana_program_runtime::stable_log] Program log: mango-log
[2022-02-12T07:55:12.527285000Z DEBUG solana_program_runtime::stable_log] Program log: hz686jV+Ltlj/bu0hxFHHk1ag9FJ+7ogZJAzFSPdfKc/C19EAXoRiu7zyRRWQvIZzFjrPLS3oFGg1ISWaRvjOzqLjXFDwyPKAAAAAAAAAAAAAAAAAAAAAAAAAAAAAOBe+P////////8AAAAAAAAAAAAAAAAAAAAAAAAAAAAAAAAAAAAAAAAAAAAAAAAAAAAAAAAAAAAAAAAAAAAAAAAAAAAAAAAAAAAA
[2022-02-12T07:55:12.527642000Z DEBUG solana_bpf_loader_program] Program 4uQeVj5tqViQh7yWWGStvkEG1Zmhx6uasJtWCJziofM consumed 37539 of 200000 compute units
[2022-02-12T07:55:12.527724000Z DEBUG solana_program_runtime::stable_log] Program 4uQeVj5tqViQh7yWWGStvkEG1Zmhx6uasJtWCJziofM success
[2022-02-12T07:55:12.562957000Z DEBUG solana_program_runtime::stable_log] Program 4uQeVj5tqViQh7yWWGStvkEG1Zmhx6uasJtWCJziofM invoke [1]
[2022-02-12T07:55:12.563320000Z DEBUG solana_program_runtime::stable_log] Program log: Mango: CachePrices
[2022-02-12T07:55:12.563647000Z DEBUG solana_program_runtime::stable_log] Program log: mango-log
[2022-02-12T07:55:12.564242000Z DEBUG solana_program_runtime::stable_log] Program log: ux0uSxX5tBtj/bu0hxFHHk1ag9FJ+7ogZJAzFSPdfKc/C19EAXoRigEAAAAAAAAAAAAAAAEAAACsqqqqqqpCAAAAAAAAAAAA
[2022-02-12T07:55:12.564343000Z DEBUG solana_bpf_loader_program] Program 4uQeVj5tqViQh7yWWGStvkEG1Zmhx6uasJtWCJziofM consumed 3669 of 200000 compute units
[2022-02-12T07:55:12.564405000Z DEBUG solana_program_runtime::stable_log] Program 4uQeVj5tqViQh7yWWGStvkEG1Zmhx6uasJtWCJziofM success
[2022-02-12T07:55:12.575182000Z DEBUG solana_program_runtime::stable_log] Program 4uQeVj5tqViQh7yWWGStvkEG1Zmhx6uasJtWCJziofM invoke [1]
[2022-02-12T07:55:12.575571000Z DEBUG solana_program_runtime::stable_log] Program log: Mango: UpdateRootBank
[2022-02-12T07:55:12.577616000Z DEBUG solana_program_runtime::stable_log] Program log: mango-log
[2022-02-12T07:55:12.578216000Z DEBUG solana_program_runtime::stable_log] Program log: 8HmBNKTUaLhj/bu0hxFHHk1ag9FJ+7ogZJAzFSPdfKc/C19EAXoRigAAAAAAAAAAAAAAAAAAQEIPAAAAAAAAAAAAAAAAAEBCDwAAAAAAAAA=
[2022-02-12T07:55:12.578337000Z DEBUG solana_bpf_loader_program] Program 4uQeVj5tqViQh7yWWGStvkEG1Zmhx6uasJtWCJziofM consumed 9360 of 200000 compute units
[2022-02-12T07:55:12.578390000Z DEBUG solana_program_runtime::stable_log] Program 4uQeVj5tqViQh7yWWGStvkEG1Zmhx6uasJtWCJziofM success
[2022-02-12T07:55:12.589643000Z DEBUG solana_program_runtime::stable_log] Program 4uQeVj5tqViQh7yWWGStvkEG1Zmhx6uasJtWCJziofM invoke [1]
[2022-02-12T07:55:12.590080000Z DEBUG solana_program_runtime::stable_log] Program log: Mango: UpdateFunding
[2022-02-12T07:55:12.591167000Z DEBUG solana_program_runtime::stable_log] Program log: mango-log
[2022-02-12T07:55:12.591770000Z DEBUG solana_program_runtime::stable_log] Program log: ta5iwCEXTXtj/bu0hxFHHk1ag9FJ+7ogZJAzFSPdfKc/C19EAXoRigAAAAAAAAAAAAAAAAAAAAAAAAAAAAAAAAAAAAAAAAAAAAAAAAAAAAA=
[2022-02-12T07:55:12.591913000Z DEBUG solana_bpf_loader_program] Program 4uQeVj5tqViQh7yWWGStvkEG1Zmhx6uasJtWCJziofM consumed 6381 of 200000 compute units
[2022-02-12T07:55:12.591978000Z DEBUG solana_program_runtime::stable_log] Program 4uQeVj5tqViQh7yWWGStvkEG1Zmhx6uasJtWCJziofM success
[2022-02-12T07:55:12.602248000Z DEBUG solana_program_runtime::stable_log] Program 4uQeVj5tqViQh7yWWGStvkEG1Zmhx6uasJtWCJziofM invoke [1]
[2022-02-12T07:55:12.602640000Z DEBUG solana_program_runtime::stable_log] Program log: Mango: CacheRootBanks
[2022-02-12T07:55:12.603296000Z DEBUG solana_program_runtime::stable_log] Program log: mango-log
[2022-02-12T07:55:12.604180000Z DEBUG solana_program_runtime::stable_log] Program log: IVXYca/Gfehj/bu0hxFHHk1ag9FJ+7ogZJAzFSPdfKc/C19EAXoRigIAAAAAAAAAAAAAAA8AAAAAAAAAAgAAAAAAAAAAAEBCDwAAAAAAAAAAAAAAAABAQg8AAAAAAAAAAgAAAAAAAAAAAEBCDwAAAAAAAAAAAAAAAABAQg8AAAAAAAAA
[2022-02-12T07:55:12.604306000Z DEBUG solana_bpf_loader_program] Program 4uQeVj5tqViQh7yWWGStvkEG1Zmhx6uasJtWCJziofM consumed 5857 of 200000 compute units
[2022-02-12T07:55:12.604359000Z DEBUG solana_program_runtime::stable_log] Program 4uQeVj5tqViQh7yWWGStvkEG1Zmhx6uasJtWCJziofM success
[2022-02-12T07:55:12.613686000Z DEBUG solana_program_runtime::stable_log] Program 4uQeVj5tqViQh7yWWGStvkEG1Zmhx6uasJtWCJziofM invoke [1]
[2022-02-12T07:55:12.614013000Z DEBUG solana_program_runtime::stable_log] Program log: Mango: CachePerpMarkets
[2022-02-12T07:55:12.614402000Z DEBUG solana_program_runtime::stable_log] Program log: mango-log
[2022-02-12T07:55:12.615128000Z DEBUG solana_program_runtime::stable_log] Program log: 9lt9JxCzqw5j/bu0hxFHHk1ag9FJ+7ogZJAzFSPdfKc/C19EAXoRigEAAAAAAAAAAAAAAAEAAAAAAAAAAAAAAAAAAAAAAAAAAQAAAAAAAAAAAAAAAAAAAAAAAAA=
[2022-02-12T07:55:12.615229000Z DEBUG solana_bpf_loader_program] Program 4uQeVj5tqViQh7yWWGStvkEG1Zmhx6uasJtWCJziofM consumed 4331 of 200000 compute units
[2022-02-12T07:55:12.615281000Z DEBUG solana_program_runtime::stable_log] Program 4uQeVj5tqViQh7yWWGStvkEG1Zmhx6uasJtWCJziofM success
[2022-02-12T07:55:12.628974000Z DEBUG solana_program_runtime::stable_log] Program 4uQeVj5tqViQh7yWWGStvkEG1Zmhx6uasJtWCJziofM invoke [1]
[2022-02-12T07:55:12.630253000Z DEBUG solana_program_runtime::stable_log] Program log: Mango: LiquidateTokenAndPerp
[2022-02-12T07:55:12.633863000Z DEBUG solana_program_runtime::stable_log] Program log: mango-log
[2022-02-12T07:55:12.634605000Z DEBUG solana_program_runtime::stable_log] Program log: F5qwwQsqqPRj/bu0hxFHHk1ag9FJ+7ogZJAzFSPdfKc/C19EAXoRiu7zyRRWQvIZzFjrPLS3oFGg1ISWaRvjOzqLjXFDwyPKDwAAAAAAAACWmZmZmZkQJwAAAAAAAAAAAAAAAAAAAAAAAAAAAAAAAA==
[2022-02-12T07:55:12.635756000Z DEBUG solana_program_runtime::stable_log] Program log: mango-log
[2022-02-12T07:55:12.636484000Z DEBUG solana_program_runtime::stable_log] Program log: F5qwwQsqqPRj/bu0hxFHHk1ag9FJ+7ogZJAzFSPdfKc/C19EAXoRisaI6QpVrN653lR58v1BHMhKwrLhmR6G8kkQgit0ti4ADwAAAAAAAABqZmZmZmYPJwAAAAAAAAAAAAAAAAAAAAAAAAAAAAAAAA==
[2022-02-12T07:55:12.637775000Z DEBUG solana_program_runtime::stable_log] Program log: mango-log
[2022-02-12T07:55:12.638806000Z DEBUG solana_program_runtime::stable_log] Program log: EmyboIQCGyBj/bu0hxFHHk1ag9FJ+7ogZJAzFSPdfKc/C19EAXoRisaI6QpVrN653lR58v1BHMhKwrLhmR6G8kkQgit0ti4A7vPJFFZC8hnMWOs8tLegUaDUhJZpG+M7OouNcUPDI8oPAAAAAAAAAAAAAAAAAAAAAAEAAAAAAAABAAAAAAAAAAAAAAAAAAAAAQAAAAAAAAAAAAAAAAAAAKCGAQAAAAAAAAAAAAAAAACghgEAAAAAAAAAAA==
[2022-02-12T07:55:12.638853000Z DEBUG solana_program_runtime::stable_log] Program log: mango-log
[2022-02-12T07:55:12.639852000Z DEBUG solana_program_runtime::stable_log] Program log: hz686jV+Ltlj/bu0hxFHHk1ag9FJ+7ogZJAzFSPdfKc/C19EAXoRisaI6QpVrN653lR58v1BHMhKwrLhmR6G8kkQgit0ti4AAAAAAAAAAAAAAAAAAAAAAEAv/vf+/2919an9//////8AAAAAAAAAAAAAAAAAAAAAAAAAAAAAAAAAAAAAAAAAAAAAAAAAAAAAAAAAAAAAAAAAAAAAAAAAAAAAAAAAAAAA
[2022-02-12T07:55:12.639898000Z DEBUG solana_program_runtime::stable_log] Program log: mango-log
[2022-02-12T07:55:12.640899000Z DEBUG solana_program_runtime::stable_log] Program log: hz686jV+Ltlj/bu0hxFHHk1ag9FJ+7ogZJAzFSPdfKc/C19EAXoRiu7zyRRWQvIZzFjrPLS3oFGg1ISWaRvjOzqLjXFDwyPKAAAAAAAAAAAAAAAAAAAAAAAAAAAAAEDY9v////////8AAAAAAAAAAAAAAAAAAAAAAAAAAAAAAAAAAAAAAAAAAAAAAAAAAAAAAAAAAAAAAAAAAAAAAAAAAAAAAAAAAAAA
[2022-02-12T07:55:12.641252000Z DEBUG solana_bpf_loader_program] Program 4uQeVj5tqViQh7yWWGStvkEG1Zmhx6uasJtWCJziofM consumed 37537 of 200000 compute units
[2022-02-12T07:55:12.641334000Z DEBUG solana_program_runtime::stable_log] Program 4uQeVj5tqViQh7yWWGStvkEG1Zmhx6uasJtWCJziofM success
[2022-02-12T07:55:12.673724000Z DEBUG solana_program_runtime::stable_log] Program 4uQeVj5tqViQh7yWWGStvkEG1Zmhx6uasJtWCJziofM invoke [1]
[2022-02-12T07:55:12.674077000Z DEBUG solana_program_runtime::stable_log] Program log: Mango: CachePrices
[2022-02-12T07:55:12.674399000Z DEBUG solana_program_runtime::stable_log] Program log: mango-log
[2022-02-12T07:55:12.674992000Z DEBUG solana_program_runtime::stable_log] Program log: ux0uSxX5tBtj/bu0hxFHHk1ag9FJ+7ogZJAzFSPdfKc/C19EAXoRigEAAAAAAAAAAAAAAAEAAACsqqqqqqpCAAAAAAAAAAAA
[2022-02-12T07:55:12.675094000Z DEBUG solana_bpf_loader_program] Program 4uQeVj5tqViQh7yWWGStvkEG1Zmhx6uasJtWCJziofM consumed 3669 of 200000 compute units
[2022-02-12T07:55:12.675153000Z DEBUG solana_program_runtime::stable_log] Program 4uQeVj5tqViQh7yWWGStvkEG1Zmhx6uasJtWCJziofM success
[2022-02-12T07:55:12.685951000Z DEBUG solana_program_runtime::stable_log] Program 4uQeVj5tqViQh7yWWGStvkEG1Zmhx6uasJtWCJziofM invoke [1]
[2022-02-12T07:55:12.686333000Z DEBUG solana_program_runtime::stable_log] Program log: Mango: UpdateRootBank
[2022-02-12T07:55:12.688368000Z DEBUG solana_program_runtime::stable_log] Program log: mango-log
[2022-02-12T07:55:12.688969000Z DEBUG solana_program_runtime::stable_log] Program log: 8HmBNKTUaLhj/bu0hxFHHk1ag9FJ+7ogZJAzFSPdfKc/C19EAXoRigAAAAAAAAAAAAAAAAAAQEIPAAAAAAAAAAAAAAAAAEBCDwAAAAAAAAA=
[2022-02-12T07:55:12.689090000Z DEBUG solana_bpf_loader_program] Program 4uQeVj5tqViQh7yWWGStvkEG1Zmhx6uasJtWCJziofM consumed 9360 of 200000 compute units
[2022-02-12T07:55:12.689143000Z DEBUG solana_program_runtime::stable_log] Program 4uQeVj5tqViQh7yWWGStvkEG1Zmhx6uasJtWCJziofM success
[2022-02-12T07:55:12.699257000Z DEBUG solana_program_runtime::stable_log] Program 4uQeVj5tqViQh7yWWGStvkEG1Zmhx6uasJtWCJziofM invoke [1]
[2022-02-12T07:55:12.699700000Z DEBUG solana_program_runtime::stable_log] Program log: Mango: UpdateFunding
[2022-02-12T07:55:12.700788000Z DEBUG solana_program_runtime::stable_log] Program log: mango-log
[2022-02-12T07:55:12.701386000Z DEBUG solana_program_runtime::stable_log] Program log: ta5iwCEXTXtj/bu0hxFHHk1ag9FJ+7ogZJAzFSPdfKc/C19EAXoRigAAAAAAAAAAAAAAAAAAAAAAAAAAAAAAAAAAAAAAAAAAAAAAAAAAAAA=
[2022-02-12T07:55:12.701531000Z DEBUG solana_bpf_loader_program] Program 4uQeVj5tqViQh7yWWGStvkEG1Zmhx6uasJtWCJziofM consumed 6381 of 200000 compute units
[2022-02-12T07:55:12.701597000Z DEBUG solana_program_runtime::stable_log] Program 4uQeVj5tqViQh7yWWGStvkEG1Zmhx6uasJtWCJziofM success
[2022-02-12T07:55:12.712055000Z DEBUG solana_program_runtime::stable_log] Program 4uQeVj5tqViQh7yWWGStvkEG1Zmhx6uasJtWCJziofM invoke [1]
[2022-02-12T07:55:12.712448000Z DEBUG solana_program_runtime::stable_log] Program log: Mango: CacheRootBanks
[2022-02-12T07:55:12.713105000Z DEBUG solana_program_runtime::stable_log] Program log: mango-log
[2022-02-12T07:55:12.713986000Z DEBUG solana_program_runtime::stable_log] Program log: IVXYca/Gfehj/bu0hxFHHk1ag9FJ+7ogZJAzFSPdfKc/C19EAXoRigIAAAAAAAAAAAAAAA8AAAAAAAAAAgAAAAAAAAAAAEBCDwAAAAAAAAAAAAAAAABAQg8AAAAAAAAAAgAAAAAAAAAAAEBCDwAAAAAAAAAAAAAAAABAQg8AAAAAAAAA
[2022-02-12T07:55:12.714116000Z DEBUG solana_bpf_loader_program] Program 4uQeVj5tqViQh7yWWGStvkEG1Zmhx6uasJtWCJziofM consumed 5857 of 200000 compute units
[2022-02-12T07:55:12.714179000Z DEBUG solana_program_runtime::stable_log] Program 4uQeVj5tqViQh7yWWGStvkEG1Zmhx6uasJtWCJziofM success
[2022-02-12T07:55:12.723520000Z DEBUG solana_program_runtime::stable_log] Program 4uQeVj5tqViQh7yWWGStvkEG1Zmhx6uasJtWCJziofM invoke [1]
[2022-02-12T07:55:12.723849000Z DEBUG solana_program_runtime::stable_log] Program log: Mango: CachePerpMarkets
[2022-02-12T07:55:12.724244000Z DEBUG solana_program_runtime::stable_log] Program log: mango-log
[2022-02-12T07:55:12.724968000Z DEBUG solana_program_runtime::stable_log] Program log: 9lt9JxCzqw5j/bu0hxFHHk1ag9FJ+7ogZJAzFSPdfKc/C19EAXoRigEAAAAAAAAAAAAAAAEAAAAAAAAAAAAAAAAAAAAAAAAAAQAAAAAAAAAAAAAAAAAAAAAAAAA=
[2022-02-12T07:55:12.725069000Z DEBUG solana_bpf_loader_program] Program 4uQeVj5tqViQh7yWWGStvkEG1Zmhx6uasJtWCJziofM consumed 4331 of 200000 compute units
[2022-02-12T07:55:12.725122000Z DEBUG solana_program_runtime::stable_log] Program 4uQeVj5tqViQh7yWWGStvkEG1Zmhx6uasJtWCJziofM success
test test_liquidation_token_and_perp_basic ... ok

test result: ok. 1 passed; 0 failed; 0 ignored; 0 measured; 0 filtered out; finished in 2.72s

     Running tests/test_liquidation_token_and_token.rs (target/debug/deps/test_liquidation_token_and_token-50aa66d3e2feb0fd)

running 2 tests
[2022-02-12T07:55:14.520570000Z INFO  solana_program_test] "mango" BPF program from /Users/mc/repos/mango-v3/target/deploy/mango.so, modified 1 hour, 40 minutes, 38 seconds, 803 ms, 432 µs and 245 ns ago
[2022-02-12T07:55:14.520629000Z INFO  solana_program_test] "mango" BPF program from /Users/mc/repos/mango-v3/target/deploy/mango.so, modified 1 hour, 40 minutes, 38 seconds, 803 ms, 564 µs and 245 ns ago
[2022-02-12T07:55:14.520839000Z INFO  solana_program_test] "serum_dex" BPF program from tests/fixtures/serum_dex.so, modified 1 month, 3 weeks, 6 days, 18 hours, 26 minutes, 18 seconds, 857 ms, 512 µs and 382 ns ago
[2022-02-12T07:55:14.520929000Z INFO  solana_program_test] "serum_dex" BPF program from tests/fixtures/serum_dex.so, modified 1 month, 3 weeks, 6 days, 18 hours, 26 minutes, 18 seconds, 857 ms, 596 µs and 382 ns ago
[2022-02-12T07:55:14.663575000Z DEBUG solana_program_runtime::stable_log] Program 11111111111111111111111111111111 invoke [1]
[2022-02-12T07:55:14.663772000Z DEBUG solana_program_runtime::stable_log] Program 11111111111111111111111111111111 success
[2022-02-12T07:55:14.665535000Z DEBUG solana_program_runtime::stable_log] Program 11111111111111111111111111111111 invoke [1]
[2022-02-12T07:55:14.665595000Z DEBUG solana_program_runtime::stable_log] Program 11111111111111111111111111111111 success
[2022-02-12T07:55:14.667895000Z DEBUG solana_program_runtime::stable_log] Program 11111111111111111111111111111111 invoke [1]
[2022-02-12T07:55:14.667954000Z DEBUG solana_program_runtime::stable_log] Program 11111111111111111111111111111111 success
[2022-02-12T07:55:14.668963000Z DEBUG solana_program_runtime::stable_log] Program 11111111111111111111111111111111 invoke [1]
[2022-02-12T07:55:14.669013000Z DEBUG solana_program_runtime::stable_log] Program 11111111111111111111111111111111 success
[2022-02-12T07:55:14.671711000Z DEBUG solana_program_runtime::stable_log] Program 11111111111111111111111111111111 invoke [1]
[2022-02-12T07:55:14.671765000Z DEBUG solana_program_runtime::stable_log] Program 11111111111111111111111111111111 success
[2022-02-12T07:55:14.672698000Z DEBUG solana_program_runtime::stable_log] Program 11111111111111111111111111111111 invoke [1]
[2022-02-12T07:55:14.672743000Z DEBUG solana_program_runtime::stable_log] Program 11111111111111111111111111111111 success
[2022-02-12T07:55:14.694959000Z DEBUG solana_program_runtime::stable_log] Program TokenkegQfeZyiNwAJbNbGKPFXCWuBvf9Ss623VQ5DA invoke [1]
[2022-02-12T07:55:14.695052000Z DEBUG solana_program_runtime::stable_log] Program TokenkegQfeZyiNwAJbNbGKPFXCWuBvf9Ss623VQ5DA invoke [1]
[2022-02-12T07:55:14.695543000Z DEBUG solana_program_runtime::stable_log] Program log: Instruction: InitializeAccount
[2022-02-12T07:55:14.695560000Z DEBUG solana_program_runtime::stable_log] Program log: Instruction: InitializeAccount
[2022-02-12T07:55:14.696609000Z DEBUG solana_bpf_loader_program] Program TokenkegQfeZyiNwAJbNbGKPFXCWuBvf9Ss623VQ5DA consumed 3411 of 200000 compute units
[2022-02-12T07:55:14.696609000Z DEBUG solana_bpf_loader_program] Program TokenkegQfeZyiNwAJbNbGKPFXCWuBvf9Ss623VQ5DA consumed 3411 of 200000 compute units
[2022-02-12T07:55:14.696699000Z DEBUG solana_program_runtime::stable_log] Program TokenkegQfeZyiNwAJbNbGKPFXCWuBvf9Ss623VQ5DA success
[2022-02-12T07:55:14.696699000Z DEBUG solana_program_runtime::stable_log] Program TokenkegQfeZyiNwAJbNbGKPFXCWuBvf9Ss623VQ5DA success
[2022-02-12T07:55:14.700631000Z DEBUG solana_program_runtime::stable_log] Program 11111111111111111111111111111111 invoke [1]
[2022-02-12T07:55:14.700687000Z DEBUG solana_program_runtime::stable_log] Program 11111111111111111111111111111111 success
[2022-02-12T07:55:14.700726000Z DEBUG solana_program_runtime::stable_log] Program 11111111111111111111111111111111 invoke [1]
[2022-02-12T07:55:14.700815000Z DEBUG solana_program_runtime::stable_log] Program 11111111111111111111111111111111 success
[2022-02-12T07:55:14.704006000Z DEBUG solana_program_runtime::stable_log] Program 11111111111111111111111111111111 invoke [1]
[2022-02-12T07:55:14.704010000Z DEBUG solana_program_runtime::stable_log] Program 11111111111111111111111111111111 invoke [1]
[2022-02-12T07:55:14.704063000Z DEBUG solana_program_runtime::stable_log] Program 11111111111111111111111111111111 success
[2022-02-12T07:55:14.704098000Z DEBUG solana_program_runtime::stable_log] Program 11111111111111111111111111111111 success
[2022-02-12T07:55:14.707661000Z DEBUG solana_program_runtime::stable_log] Program 11111111111111111111111111111111 invoke [1]
[2022-02-12T07:55:14.707672000Z DEBUG solana_program_runtime::stable_log] Program 11111111111111111111111111111111 invoke [1]
[2022-02-12T07:55:14.707715000Z DEBUG solana_program_runtime::stable_log] Program 11111111111111111111111111111111 success
[2022-02-12T07:55:14.707722000Z DEBUG solana_program_runtime::stable_log] Program 11111111111111111111111111111111 success
[2022-02-12T07:55:14.715617000Z DEBUG solana_program_runtime::stable_log] Program TokenkegQfeZyiNwAJbNbGKPFXCWuBvf9Ss623VQ5DA invoke [1]
[2022-02-12T07:55:14.715630000Z DEBUG solana_program_runtime::stable_log] Program TokenkegQfeZyiNwAJbNbGKPFXCWuBvf9Ss623VQ5DA invoke [1]
[2022-02-12T07:55:14.716130000Z DEBUG solana_program_runtime::stable_log] Program log: Instruction: InitializeAccount
[2022-02-12T07:55:14.716138000Z DEBUG solana_program_runtime::stable_log] Program log: Instruction: InitializeAccount
[2022-02-12T07:55:14.717179000Z DEBUG solana_bpf_loader_program] Program TokenkegQfeZyiNwAJbNbGKPFXCWuBvf9Ss623VQ5DA consumed 3411 of 200000 compute units
[2022-02-12T07:55:14.717183000Z DEBUG solana_bpf_loader_program] Program TokenkegQfeZyiNwAJbNbGKPFXCWuBvf9Ss623VQ5DA consumed 3411 of 200000 compute units
[2022-02-12T07:55:14.717239000Z DEBUG solana_program_runtime::stable_log] Program TokenkegQfeZyiNwAJbNbGKPFXCWuBvf9Ss623VQ5DA success
[2022-02-12T07:55:14.717244000Z DEBUG solana_program_runtime::stable_log] Program TokenkegQfeZyiNwAJbNbGKPFXCWuBvf9Ss623VQ5DA success
[2022-02-12T07:55:14.720609000Z DEBUG solana_program_runtime::stable_log] Program 11111111111111111111111111111111 invoke [1]
[2022-02-12T07:55:14.720663000Z DEBUG solana_program_runtime::stable_log] Program 11111111111111111111111111111111 success
[2022-02-12T07:55:14.720609000Z DEBUG solana_program_runtime::stable_log] Program 11111111111111111111111111111111 invoke [1]
[2022-02-12T07:55:14.720760000Z DEBUG solana_program_runtime::stable_log] Program 11111111111111111111111111111111 success
[2022-02-12T07:55:14.728572000Z DEBUG solana_program_runtime::stable_log] Program TokenkegQfeZyiNwAJbNbGKPFXCWuBvf9Ss623VQ5DA invoke [1]
[2022-02-12T07:55:14.728649000Z DEBUG solana_program_runtime::stable_log] Program TokenkegQfeZyiNwAJbNbGKPFXCWuBvf9Ss623VQ5DA invoke [1]
[2022-02-12T07:55:14.729089000Z DEBUG solana_program_runtime::stable_log] Program log: Instruction: InitializeAccount
[2022-02-12T07:55:14.729149000Z DEBUG solana_program_runtime::stable_log] Program log: Instruction: InitializeAccount
[2022-02-12T07:55:14.730140000Z DEBUG solana_bpf_loader_program] Program TokenkegQfeZyiNwAJbNbGKPFXCWuBvf9Ss623VQ5DA consumed 3411 of 200000 compute units
[2022-02-12T07:55:14.730197000Z DEBUG solana_bpf_loader_program] Program TokenkegQfeZyiNwAJbNbGKPFXCWuBvf9Ss623VQ5DA consumed 3411 of 200000 compute units
[2022-02-12T07:55:14.730197000Z DEBUG solana_program_runtime::stable_log] Program TokenkegQfeZyiNwAJbNbGKPFXCWuBvf9Ss623VQ5DA success
[2022-02-12T07:55:14.730251000Z DEBUG solana_program_runtime::stable_log] Program TokenkegQfeZyiNwAJbNbGKPFXCWuBvf9Ss623VQ5DA success
[2022-02-12T07:55:14.733521000Z DEBUG solana_program_runtime::stable_log] Program 11111111111111111111111111111111 invoke [1]
[2022-02-12T07:55:14.733572000Z DEBUG solana_program_runtime::stable_log] Program 11111111111111111111111111111111 success
[2022-02-12T07:55:14.733603000Z DEBUG solana_program_runtime::stable_log] Program 11111111111111111111111111111111 invoke [1]
[2022-02-12T07:55:14.733655000Z DEBUG solana_program_runtime::stable_log] Program 11111111111111111111111111111111 success
[2022-02-12T07:55:14.741475000Z DEBUG solana_program_runtime::stable_log] Program TokenkegQfeZyiNwAJbNbGKPFXCWuBvf9Ss623VQ5DA invoke [1]
[2022-02-12T07:55:14.741565000Z DEBUG solana_program_runtime::stable_log] Program TokenkegQfeZyiNwAJbNbGKPFXCWuBvf9Ss623VQ5DA invoke [1]
[2022-02-12T07:55:14.741992000Z DEBUG solana_program_runtime::stable_log] Program log: Instruction: InitializeAccount
[2022-02-12T07:55:14.742068000Z DEBUG solana_program_runtime::stable_log] Program log: Instruction: InitializeAccount
[2022-02-12T07:55:14.743038000Z DEBUG solana_bpf_loader_program] Program TokenkegQfeZyiNwAJbNbGKPFXCWuBvf9Ss623VQ5DA consumed 3411 of 200000 compute units
[2022-02-12T07:55:14.743092000Z DEBUG solana_program_runtime::stable_log] Program TokenkegQfeZyiNwAJbNbGKPFXCWuBvf9Ss623VQ5DA success
[2022-02-12T07:55:14.743112000Z DEBUG solana_bpf_loader_program] Program TokenkegQfeZyiNwAJbNbGKPFXCWuBvf9Ss623VQ5DA consumed 3411 of 200000 compute units
[2022-02-12T07:55:14.743168000Z DEBUG solana_program_runtime::stable_log] Program TokenkegQfeZyiNwAJbNbGKPFXCWuBvf9Ss623VQ5DA success
[2022-02-12T07:55:14.852531000Z DEBUG solana_program_runtime::stable_log] Program 4uQeVj5tqViQh7yWWGStvkEG1Zmhx6uasJtWCJziofM invoke [1]
[2022-02-12T07:55:14.852535000Z DEBUG solana_program_runtime::stable_log] Program 8opHzTAnfzRpPEx21XtnrVTX28YQuCpAjcn1PczScKh invoke [1]
[2022-02-12T07:55:14.853484000Z DEBUG solana_program_runtime::stable_log] Program log: Mango: InitMangoGroup
[2022-02-12T07:55:14.853499000Z DEBUG solana_program_runtime::stable_log] Program log: Mango: InitMangoGroup
[2022-02-12T07:55:14.857129000Z DEBUG solana_bpf_loader_program] Program 8opHzTAnfzRpPEx21XtnrVTX28YQuCpAjcn1PczScKh consumed 13160 of 200000 compute units
[2022-02-12T07:55:14.857177000Z DEBUG solana_bpf_loader_program] Program 4uQeVj5tqViQh7yWWGStvkEG1Zmhx6uasJtWCJziofM consumed 13160 of 200000 compute units
[2022-02-12T07:55:14.857278000Z DEBUG solana_program_runtime::stable_log] Program 4uQeVj5tqViQh7yWWGStvkEG1Zmhx6uasJtWCJziofM success
[2022-02-12T07:55:14.857278000Z DEBUG solana_program_runtime::stable_log] Program 8opHzTAnfzRpPEx21XtnrVTX28YQuCpAjcn1PczScKh success
[2022-02-12T07:55:14.863286000Z DEBUG solana_program_runtime::stable_log] Program 11111111111111111111111111111111 invoke [1]
[2022-02-12T07:55:14.863353000Z DEBUG solana_program_runtime::stable_log] Program 11111111111111111111111111111111 success
[2022-02-12T07:55:14.863419000Z DEBUG solana_program_runtime::stable_log] Program 11111111111111111111111111111111 invoke [1]
[2022-02-12T07:55:14.863520000Z DEBUG solana_program_runtime::stable_log] Program 11111111111111111111111111111111 success
[2022-02-12T07:55:14.866699000Z DEBUG solana_program_runtime::stable_log] Program 11111111111111111111111111111111 invoke [1]
[2022-02-12T07:55:14.866756000Z DEBUG solana_program_runtime::stable_log] Program 11111111111111111111111111111111 success
[2022-02-12T07:55:14.870142000Z DEBUG solana_program_runtime::stable_log] Program 11111111111111111111111111111111 invoke [1]
[2022-02-12T07:55:14.870192000Z DEBUG solana_program_runtime::stable_log] Program 11111111111111111111111111111111 success
[2022-02-12T07:55:14.873468000Z DEBUG solana_program_runtime::stable_log] Program 4uQeVj5tqViQh7yWWGStvkEG1Zmhx6uasJtWCJziofM invoke [1]
[2022-02-12T07:55:14.873568000Z DEBUG solana_program_runtime::stable_log] Program 11111111111111111111111111111111 invoke [1]
[2022-02-12T07:55:14.873619000Z DEBUG solana_program_runtime::stable_log] Program 11111111111111111111111111111111 success
[2022-02-12T07:55:14.873823000Z DEBUG solana_program_runtime::stable_log] Program log: Mango: AddOracle
[2022-02-12T07:55:14.873917000Z DEBUG solana_program_runtime::stable_log] Program log: OracleType: got unknown or stub
[2022-02-12T07:55:14.874262000Z DEBUG solana_bpf_loader_program] Program 4uQeVj5tqViQh7yWWGStvkEG1Zmhx6uasJtWCJziofM consumed 1865 of 200000 compute units
[2022-02-12T07:55:14.874327000Z DEBUG solana_program_runtime::stable_log] Program 4uQeVj5tqViQh7yWWGStvkEG1Zmhx6uasJtWCJziofM success
[2022-02-12T07:55:14.877035000Z DEBUG solana_program_runtime::stable_log] Program 11111111111111111111111111111111 invoke [1]
[2022-02-12T07:55:14.877087000Z DEBUG solana_program_runtime::stable_log] Program 11111111111111111111111111111111 success
[2022-02-12T07:55:14.878151000Z DEBUG solana_program_runtime::stable_log] Program 11111111111111111111111111111111 invoke [1]
[2022-02-12T07:55:14.878204000Z DEBUG solana_program_runtime::stable_log] Program 11111111111111111111111111111111 success
[2022-02-12T07:55:14.880431000Z DEBUG solana_program_runtime::stable_log] Program 11111111111111111111111111111111 invoke [1]
[2022-02-12T07:55:14.880489000Z DEBUG solana_program_runtime::stable_log] Program 11111111111111111111111111111111 success
[2022-02-12T07:55:14.883819000Z DEBUG solana_program_runtime::stable_log] Program 11111111111111111111111111111111 invoke [1]
[2022-02-12T07:55:14.883870000Z DEBUG solana_program_runtime::stable_log] Program 11111111111111111111111111111111 success
[2022-02-12T07:55:14.887376000Z DEBUG solana_program_runtime::stable_log] Program 11111111111111111111111111111111 invoke [1]
[2022-02-12T07:55:14.887436000Z DEBUG solana_program_runtime::stable_log] Program 11111111111111111111111111111111 success
[2022-02-12T07:55:14.889311000Z DEBUG solana_program_runtime::stable_log] Program 4uQeVj5tqViQh7yWWGStvkEG1Zmhx6uasJtWCJziofM invoke [1]
[2022-02-12T07:55:14.889667000Z DEBUG solana_program_runtime::stable_log] Program log: Mango: InitMangoAccount DEPRECATED
[2022-02-12T07:55:14.890080000Z DEBUG solana_bpf_loader_program] Program 4uQeVj5tqViQh7yWWGStvkEG1Zmhx6uasJtWCJziofM consumed 1828 of 200000 compute units
[2022-02-12T07:55:14.890144000Z DEBUG solana_program_runtime::stable_log] Program 4uQeVj5tqViQh7yWWGStvkEG1Zmhx6uasJtWCJziofM success
[2022-02-12T07:55:14.890796000Z DEBUG solana_program_runtime::stable_log] Program 11111111111111111111111111111111 invoke [1]
[2022-02-12T07:55:14.890846000Z DEBUG solana_program_runtime::stable_log] Program 11111111111111111111111111111111 success
[2022-02-12T07:55:14.893490000Z DEBUG solana_program_runtime::stable_log] Program 11111111111111111111111111111111 invoke [1]
[2022-02-12T07:55:14.893543000Z DEBUG solana_program_runtime::stable_log] Program 11111111111111111111111111111111 success
[2022-02-12T07:55:14.894250000Z DEBUG solana_program_runtime::stable_log] Program 11111111111111111111111111111111 invoke [1]
[2022-02-12T07:55:14.894308000Z DEBUG solana_program_runtime::stable_log] Program 11111111111111111111111111111111 success
[2022-02-12T07:55:14.897697000Z DEBUG solana_program_runtime::stable_log] Program 11111111111111111111111111111111 invoke [1]
[2022-02-12T07:55:14.905574000Z DEBUG solana_program_runtime::stable_log] Program 4uQeVj5tqViQh7yWWGStvkEG1Zmhx6uasJtWCJziofM invoke [1]
[2022-02-12T07:55:14.910855000Z DEBUG solana_program_runtime::stable_log] Program 11111111111111111111111111111111 success
[2022-02-12T07:55:14.911173000Z DEBUG solana_program_runtime::stable_log] Program log: Mango: InitMangoAccount DEPRECATED
[2022-02-12T07:55:14.912045000Z DEBUG solana_bpf_loader_program] Program 4uQeVj5tqViQh7yWWGStvkEG1Zmhx6uasJtWCJziofM consumed 1828 of 200000 compute units
[2022-02-12T07:55:14.913768000Z DEBUG solana_program_runtime::stable_log] Program 4uQeVj5tqViQh7yWWGStvkEG1Zmhx6uasJtWCJziofM success
[2022-02-12T07:55:14.914068000Z DEBUG solana_program_runtime::stable_log] Program 11111111111111111111111111111111 invoke [1]
[2022-02-12T07:55:14.914125000Z DEBUG solana_program_runtime::stable_log] Program 11111111111111111111111111111111 success
[2022-02-12T07:55:14.916878000Z DEBUG solana_program_runtime::stable_log] Program 11111111111111111111111111111111 invoke [1]
[2022-02-12T07:55:14.916948000Z DEBUG solana_program_runtime::stable_log] Program 11111111111111111111111111111111 success
[2022-02-12T07:55:14.917485000Z DEBUG solana_program_runtime::stable_log] Program 11111111111111111111111111111111 invoke [1]
[2022-02-12T07:55:14.917537000Z DEBUG solana_program_runtime::stable_log] Program 11111111111111111111111111111111 success
[2022-02-12T07:55:14.920959000Z DEBUG solana_program_runtime::stable_log] Program 11111111111111111111111111111111 invoke [1]
[2022-02-12T07:55:14.921017000Z DEBUG solana_program_runtime::stable_log] Program 11111111111111111111111111111111 success
[2022-02-12T07:55:14.924419000Z DEBUG solana_program_runtime::stable_log] Program 11111111111111111111111111111111 invoke [1]
[2022-02-12T07:55:14.924472000Z DEBUG solana_program_runtime::stable_log] Program 11111111111111111111111111111111 success
[2022-02-12T07:55:14.927908000Z DEBUG solana_program_runtime::stable_log] Program 4uQeVj5tqViQh7yWWGStvkEG1Zmhx6uasJtWCJziofM invoke [1]
[2022-02-12T07:55:14.928272000Z DEBUG solana_program_runtime::stable_log] Program log: Mango: InitMangoAccount DEPRECATED
[2022-02-12T07:55:14.928702000Z DEBUG solana_bpf_loader_program] Program 4uQeVj5tqViQh7yWWGStvkEG1Zmhx6uasJtWCJziofM consumed 1828 of 200000 compute units
[2022-02-12T07:55:14.928777000Z DEBUG solana_program_runtime::stable_log] Program 4uQeVj5tqViQh7yWWGStvkEG1Zmhx6uasJtWCJziofM success
[2022-02-12T07:55:14.935181000Z DEBUG solana_program_runtime::stable_log] Program 11111111111111111111111111111111 invoke [1]
[2022-02-12T07:55:14.935291000Z DEBUG solana_program_runtime::stable_log] Program 11111111111111111111111111111111 success
[2022-02-12T07:55:14.939631000Z DEBUG solana_program_runtime::stable_log] Program 8opHzTAnfzRpPEx21XtnrVTX28YQuCpAjcn1PczScKh invoke [1]
[2022-02-12T07:55:14.940001000Z DEBUG solana_program_runtime::stable_log] Program log: Mango: AddOracle
[2022-02-12T07:55:14.940097000Z DEBUG solana_program_runtime::stable_log] Program log: OracleType: got unknown or stub
[2022-02-12T07:55:14.940451000Z DEBUG solana_bpf_loader_program] Program 8opHzTAnfzRpPEx21XtnrVTX28YQuCpAjcn1PczScKh consumed 1865 of 200000 compute units
[2022-02-12T07:55:14.940519000Z DEBUG solana_program_runtime::stable_log] Program 8opHzTAnfzRpPEx21XtnrVTX28YQuCpAjcn1PczScKh success
[2022-02-12T07:55:14.943225000Z DEBUG solana_program_runtime::stable_log] Program TokenkegQfeZyiNwAJbNbGKPFXCWuBvf9Ss623VQ5DA invoke [1]
[2022-02-12T07:55:14.943735000Z DEBUG solana_program_runtime::stable_log] Program log: Instruction: InitializeAccount
[2022-02-12T07:55:14.944789000Z DEBUG solana_bpf_loader_program] Program TokenkegQfeZyiNwAJbNbGKPFXCWuBvf9Ss623VQ5DA consumed 3411 of 200000 compute units
[2022-02-12T07:55:14.944847000Z DEBUG solana_program_runtime::stable_log] Program TokenkegQfeZyiNwAJbNbGKPFXCWuBvf9Ss623VQ5DA success
[2022-02-12T07:55:14.948109000Z DEBUG solana_program_runtime::stable_log] Program 11111111111111111111111111111111 invoke [1]
[2022-02-12T07:55:14.948163000Z DEBUG solana_program_runtime::stable_log] Program 11111111111111111111111111111111 success
[2022-02-12T07:55:14.948170000Z DEBUG solana_program_runtime::stable_log] Program 8opHzTAnfzRpPEx21XtnrVTX28YQuCpAjcn1PczScKh invoke [1]
[2022-02-12T07:55:14.948496000Z DEBUG solana_program_runtime::stable_log] Program log: Mango: AddOracle
[2022-02-12T07:55:14.948580000Z DEBUG solana_program_runtime::stable_log] Program log: OracleType: got unknown or stub
[2022-02-12T07:55:14.948915000Z DEBUG solana_bpf_loader_program] Program 8opHzTAnfzRpPEx21XtnrVTX28YQuCpAjcn1PczScKh consumed 1865 of 198135 compute units
[2022-02-12T07:55:14.948970000Z DEBUG solana_program_runtime::stable_log] Program 8opHzTAnfzRpPEx21XtnrVTX28YQuCpAjcn1PczScKh success
[2022-02-12T07:55:14.955917000Z DEBUG solana_program_runtime::stable_log] Program TokenkegQfeZyiNwAJbNbGKPFXCWuBvf9Ss623VQ5DA invoke [1]
[2022-02-12T07:55:14.956417000Z DEBUG solana_program_runtime::stable_log] Program log: Instruction: InitializeAccount
[2022-02-12T07:55:14.956444000Z DEBUG solana_program_runtime::stable_log] Program 8opHzTAnfzRpPEx21XtnrVTX28YQuCpAjcn1PczScKh invoke [1]
[2022-02-12T07:55:14.956765000Z DEBUG solana_program_runtime::stable_log] Program log: Mango: AddOracle
[2022-02-12T07:55:14.956851000Z DEBUG solana_program_runtime::stable_log] Program log: OracleType: got unknown or stub
[2022-02-12T07:55:14.957186000Z DEBUG solana_bpf_loader_program] Program 8opHzTAnfzRpPEx21XtnrVTX28YQuCpAjcn1PczScKh consumed 1865 of 196270 compute units
[2022-02-12T07:55:14.957238000Z DEBUG solana_program_runtime::stable_log] Program 8opHzTAnfzRpPEx21XtnrVTX28YQuCpAjcn1PczScKh success
[2022-02-12T07:55:14.957430000Z DEBUG solana_bpf_loader_program] Program TokenkegQfeZyiNwAJbNbGKPFXCWuBvf9Ss623VQ5DA consumed 3411 of 200000 compute units
[2022-02-12T07:55:14.957497000Z DEBUG solana_program_runtime::stable_log] Program TokenkegQfeZyiNwAJbNbGKPFXCWuBvf9Ss623VQ5DA success
[2022-02-12T07:55:14.964919000Z DEBUG solana_program_runtime::stable_log] Program 8opHzTAnfzRpPEx21XtnrVTX28YQuCpAjcn1PczScKh invoke [1]
[2022-02-12T07:55:14.965259000Z DEBUG solana_program_runtime::stable_log] Program log: Mango: AddOracle
[2022-02-12T07:55:14.965350000Z DEBUG solana_program_runtime::stable_log] Program log: OracleType: got unknown or stub
[2022-02-12T07:55:14.965693000Z DEBUG solana_bpf_loader_program] Program 8opHzTAnfzRpPEx21XtnrVTX28YQuCpAjcn1PczScKh consumed 1865 of 194405 compute units
[2022-02-12T07:55:14.965751000Z DEBUG solana_program_runtime::stable_log] Program 8opHzTAnfzRpPEx21XtnrVTX28YQuCpAjcn1PczScKh success
[2022-02-12T07:55:14.966110000Z DEBUG solana_program_runtime::stable_log] Program 11111111111111111111111111111111 invoke [1]
[2022-02-12T07:55:14.966165000Z DEBUG solana_program_runtime::stable_log] Program 11111111111111111111111111111111 success
[2022-02-12T07:55:14.966222000Z DEBUG solana_program_runtime::stable_log] Program 11111111111111111111111111111111 invoke [1]
[2022-02-12T07:55:14.966265000Z DEBUG solana_program_runtime::stable_log] Program 11111111111111111111111111111111 success
[2022-02-12T07:55:14.966315000Z DEBUG solana_program_runtime::stable_log] Program 11111111111111111111111111111111 invoke [1]
[2022-02-12T07:55:14.966639000Z DEBUG solana_program_runtime::stable_log] Program 11111111111111111111111111111111 success
[2022-02-12T07:55:14.966863000Z DEBUG solana_program_runtime::stable_log] Program 11111111111111111111111111111111 invoke [1]
[2022-02-12T07:55:14.966908000Z DEBUG solana_program_runtime::stable_log] Program 11111111111111111111111111111111 success
[2022-02-12T07:55:14.966968000Z DEBUG solana_program_runtime::stable_log] Program 11111111111111111111111111111111 invoke [1]
[2022-02-12T07:55:14.967015000Z DEBUG solana_program_runtime::stable_log] Program 11111111111111111111111111111111 success
[2022-02-12T07:55:14.973422000Z DEBUG solana_program_runtime::stable_log] Program 8opHzTAnfzRpPEx21XtnrVTX28YQuCpAjcn1PczScKh invoke [1]
[2022-02-12T07:55:14.973754000Z DEBUG solana_program_runtime::stable_log] Program log: Mango: AddOracle
[2022-02-12T07:55:14.973846000Z DEBUG solana_program_runtime::stable_log] Program log: OracleType: got unknown or stub
[2022-02-12T07:55:14.974185000Z DEBUG solana_bpf_loader_program] Program 8opHzTAnfzRpPEx21XtnrVTX28YQuCpAjcn1PczScKh consumed 1865 of 192540 compute units
[2022-02-12T07:55:14.974242000Z DEBUG solana_program_runtime::stable_log] Program 8opHzTAnfzRpPEx21XtnrVTX28YQuCpAjcn1PczScKh success
[2022-02-12T07:55:14.981914000Z DEBUG solana_program_runtime::stable_log] Program 8opHzTAnfzRpPEx21XtnrVTX28YQuCpAjcn1PczScKh invoke [1]
[2022-02-12T07:55:14.982244000Z DEBUG solana_program_runtime::stable_log] Program log: Mango: AddOracle
[2022-02-12T07:55:14.982330000Z DEBUG solana_program_runtime::stable_log] Program log: OracleType: got unknown or stub
[2022-02-12T07:55:14.982671000Z DEBUG solana_bpf_loader_program] Program 8opHzTAnfzRpPEx21XtnrVTX28YQuCpAjcn1PczScKh consumed 1865 of 190675 compute units
[2022-02-12T07:55:14.982731000Z DEBUG solana_program_runtime::stable_log] Program 8opHzTAnfzRpPEx21XtnrVTX28YQuCpAjcn1PczScKh success
[2022-02-12T07:55:14.990402000Z DEBUG solana_program_runtime::stable_log] Program 8opHzTAnfzRpPEx21XtnrVTX28YQuCpAjcn1PczScKh invoke [1]
[2022-02-12T07:55:14.990728000Z DEBUG solana_program_runtime::stable_log] Program log: Mango: AddOracle
[2022-02-12T07:55:14.990816000Z DEBUG solana_program_runtime::stable_log] Program log: OracleType: got unknown or stub
[2022-02-12T07:55:14.991161000Z DEBUG solana_bpf_loader_program] Program 8opHzTAnfzRpPEx21XtnrVTX28YQuCpAjcn1PczScKh consumed 1865 of 188810 compute units
[2022-02-12T07:55:14.991215000Z DEBUG solana_program_runtime::stable_log] Program 8opHzTAnfzRpPEx21XtnrVTX28YQuCpAjcn1PczScKh success
[2022-02-12T07:55:14.998875000Z DEBUG solana_program_runtime::stable_log] Program 8opHzTAnfzRpPEx21XtnrVTX28YQuCpAjcn1PczScKh invoke [1]
[2022-02-12T07:55:14.999207000Z DEBUG solana_program_runtime::stable_log] Program log: Mango: AddOracle
[2022-02-12T07:55:14.999295000Z DEBUG solana_program_runtime::stable_log] Program log: OracleType: got unknown or stub
[2022-02-12T07:55:14.999634000Z DEBUG solana_bpf_loader_program] Program 8opHzTAnfzRpPEx21XtnrVTX28YQuCpAjcn1PczScKh consumed 1865 of 186945 compute units
[2022-02-12T07:55:14.999687000Z DEBUG solana_program_runtime::stable_log] Program 8opHzTAnfzRpPEx21XtnrVTX28YQuCpAjcn1PczScKh success
[2022-02-12T07:55:15.004735000Z DEBUG solana_program_runtime::stable_log] Program GcdayuLaLyrdmUu324nahyv33G5poQdLUEZ1nEytDeP invoke [1]
[2022-02-12T07:55:15.007346000Z DEBUG solana_program_runtime::stable_log] Program 8opHzTAnfzRpPEx21XtnrVTX28YQuCpAjcn1PczScKh invoke [1]
[2022-02-12T07:55:15.007772000Z DEBUG solana_program_runtime::stable_log] Program log: Mango: AddOracle
[2022-02-12T07:55:15.007874000Z DEBUG solana_program_runtime::stable_log] Program log: OracleType: got unknown or stub
[2022-02-12T07:55:15.008224000Z DEBUG solana_bpf_loader_program] Program 8opHzTAnfzRpPEx21XtnrVTX28YQuCpAjcn1PczScKh consumed 1865 of 185080 compute units
[2022-02-12T07:55:15.008289000Z DEBUG solana_program_runtime::stable_log] Program 8opHzTAnfzRpPEx21XtnrVTX28YQuCpAjcn1PczScKh success
[2022-02-12T07:55:15.009853000Z DEBUG solana_bpf_loader_program] Program GcdayuLaLyrdmUu324nahyv33G5poQdLUEZ1nEytDeP consumed 13654 of 200000 compute units
[2022-02-12T07:55:15.010347000Z DEBUG solana_program_runtime::stable_log] Program GcdayuLaLyrdmUu324nahyv33G5poQdLUEZ1nEytDeP success
[2022-02-12T07:55:15.016088000Z DEBUG solana_program_runtime::stable_log] Program 8opHzTAnfzRpPEx21XtnrVTX28YQuCpAjcn1PczScKh invoke [1]
[2022-02-12T07:55:15.016450000Z DEBUG solana_program_runtime::stable_log] Program log: Mango: AddOracle
[2022-02-12T07:55:15.016538000Z DEBUG solana_program_runtime::stable_log] Program log: OracleType: got unknown or stub
[2022-02-12T07:55:15.016874000Z DEBUG solana_bpf_loader_program] Program 8opHzTAnfzRpPEx21XtnrVTX28YQuCpAjcn1PczScKh consumed 1865 of 183215 compute units
[2022-02-12T07:55:15.016941000Z DEBUG solana_program_runtime::stable_log] Program 8opHzTAnfzRpPEx21XtnrVTX28YQuCpAjcn1PczScKh success
[2022-02-12T07:55:15.017787000Z DEBUG solana_program_runtime::stable_log] Program 11111111111111111111111111111111 invoke [1]
[2022-02-12T07:55:15.017878000Z DEBUG solana_program_runtime::stable_log] Program 11111111111111111111111111111111 success
[2022-02-12T07:55:15.024741000Z DEBUG solana_program_runtime::stable_log] Program 8opHzTAnfzRpPEx21XtnrVTX28YQuCpAjcn1PczScKh invoke [1]
[2022-02-12T07:55:15.025109000Z DEBUG solana_program_runtime::stable_log] Program log: Mango: AddOracle
[2022-02-12T07:55:15.025205000Z DEBUG solana_program_runtime::stable_log] Program log: OracleType: got unknown or stub
[2022-02-12T07:55:15.025556000Z DEBUG solana_bpf_loader_program] Program 8opHzTAnfzRpPEx21XtnrVTX28YQuCpAjcn1PczScKh consumed 1865 of 181350 compute units
[2022-02-12T07:55:15.025623000Z DEBUG solana_program_runtime::stable_log] Program 8opHzTAnfzRpPEx21XtnrVTX28YQuCpAjcn1PczScKh success
[2022-02-12T07:55:15.025881000Z DEBUG solana_program_runtime::stable_log] Program TokenkegQfeZyiNwAJbNbGKPFXCWuBvf9Ss623VQ5DA invoke [1]
[2022-02-12T07:55:15.026402000Z DEBUG solana_program_runtime::stable_log] Program log: Instruction: InitializeAccount
[2022-02-12T07:55:15.027608000Z DEBUG solana_bpf_loader_program] Program TokenkegQfeZyiNwAJbNbGKPFXCWuBvf9Ss623VQ5DA consumed 3411 of 200000 compute units
[2022-02-12T07:55:15.027669000Z DEBUG solana_program_runtime::stable_log] Program TokenkegQfeZyiNwAJbNbGKPFXCWuBvf9Ss623VQ5DA success
[2022-02-12T07:55:15.031493000Z DEBUG solana_program_runtime::stable_log] Program 11111111111111111111111111111111 invoke [1]
[2022-02-12T07:55:15.031551000Z DEBUG solana_program_runtime::stable_log] Program 11111111111111111111111111111111 success
[2022-02-12T07:55:15.033220000Z DEBUG solana_program_runtime::stable_log] Program 8opHzTAnfzRpPEx21XtnrVTX28YQuCpAjcn1PczScKh invoke [1]
[2022-02-12T07:55:15.033556000Z DEBUG solana_program_runtime::stable_log] Program log: Mango: AddOracle
[2022-02-12T07:55:15.033645000Z DEBUG solana_program_runtime::stable_log] Program log: OracleType: got unknown or stub
[2022-02-12T07:55:15.033981000Z DEBUG solana_bpf_loader_program] Program 8opHzTAnfzRpPEx21XtnrVTX28YQuCpAjcn1PczScKh consumed 1865 of 179485 compute units
[2022-02-12T07:55:15.034040000Z DEBUG solana_program_runtime::stable_log] Program 8opHzTAnfzRpPEx21XtnrVTX28YQuCpAjcn1PczScKh success
[2022-02-12T07:55:15.034779000Z DEBUG solana_program_runtime::stable_log] Program 11111111111111111111111111111111 invoke [1]
[2022-02-12T07:55:15.034834000Z DEBUG solana_program_runtime::stable_log] Program 11111111111111111111111111111111 success
[2022-02-12T07:55:15.041933000Z DEBUG solana_program_runtime::stable_log] Program 8opHzTAnfzRpPEx21XtnrVTX28YQuCpAjcn1PczScKh invoke [1]
[2022-02-12T07:55:15.042311000Z DEBUG solana_program_runtime::stable_log] Program log: Mango: AddOracle
[2022-02-12T07:55:15.042406000Z DEBUG solana_program_runtime::stable_log] Program log: OracleType: got unknown or stub
[2022-02-12T07:55:15.042768000Z DEBUG solana_bpf_loader_program] Program 8opHzTAnfzRpPEx21XtnrVTX28YQuCpAjcn1PczScKh consumed 1865 of 177620 compute units
[2022-02-12T07:55:15.042833000Z DEBUG solana_program_runtime::stable_log] Program 8opHzTAnfzRpPEx21XtnrVTX28YQuCpAjcn1PczScKh success
[2022-02-12T07:55:15.047007000Z DEBUG solana_program_runtime::stable_log] Program 4uQeVj5tqViQh7yWWGStvkEG1Zmhx6uasJtWCJziofM invoke [1]
[2022-02-12T07:55:15.047710000Z DEBUG solana_program_runtime::stable_log] Program log: Mango: AddSpotMarket
[2022-02-12T07:55:15.050512000Z DEBUG solana_program_runtime::stable_log] Program 8opHzTAnfzRpPEx21XtnrVTX28YQuCpAjcn1PczScKh invoke [1]
[2022-02-12T07:55:15.050845000Z DEBUG solana_program_runtime::stable_log] Program log: Mango: AddOracle
[2022-02-12T07:55:15.050935000Z DEBUG solana_program_runtime::stable_log] Program log: OracleType: got unknown or stub
[2022-02-12T07:55:15.051277000Z DEBUG solana_bpf_loader_program] Program 8opHzTAnfzRpPEx21XtnrVTX28YQuCpAjcn1PczScKh consumed 1865 of 175755 compute units
[2022-02-12T07:55:15.051336000Z DEBUG solana_program_runtime::stable_log] Program 8opHzTAnfzRpPEx21XtnrVTX28YQuCpAjcn1PczScKh success
[2022-02-12T07:55:15.053979000Z DEBUG solana_bpf_loader_program] Program 4uQeVj5tqViQh7yWWGStvkEG1Zmhx6uasJtWCJziofM consumed 20512 of 200000 compute units
[2022-02-12T07:55:15.054064000Z DEBUG solana_program_runtime::stable_log] Program 4uQeVj5tqViQh7yWWGStvkEG1Zmhx6uasJtWCJziofM success
[2022-02-12T07:55:15.057358000Z DEBUG solana_program_runtime::stable_log] Program 11111111111111111111111111111111 invoke [1]
[2022-02-12T07:55:15.057411000Z DEBUG solana_program_runtime::stable_log] Program 11111111111111111111111111111111 success
[2022-02-12T07:55:15.058901000Z DEBUG solana_program_runtime::stable_log] Program 8opHzTAnfzRpPEx21XtnrVTX28YQuCpAjcn1PczScKh invoke [1]
[2022-02-12T07:55:15.059235000Z DEBUG solana_program_runtime::stable_log] Program log: Mango: AddOracle
[2022-02-12T07:55:15.059322000Z DEBUG solana_program_runtime::stable_log] Program log: OracleType: got unknown or stub
[2022-02-12T07:55:15.059658000Z DEBUG solana_bpf_loader_program] Program 8opHzTAnfzRpPEx21XtnrVTX28YQuCpAjcn1PczScKh consumed 1865 of 173890 compute units
[2022-02-12T07:55:15.059714000Z DEBUG solana_program_runtime::stable_log] Program 8opHzTAnfzRpPEx21XtnrVTX28YQuCpAjcn1PczScKh success
[2022-02-12T07:55:15.060816000Z DEBUG solana_program_runtime::stable_log] Program 11111111111111111111111111111111 invoke [1]
[2022-02-12T07:55:15.060882000Z DEBUG solana_program_runtime::stable_log] Program 11111111111111111111111111111111 success
[2022-02-12T07:55:15.063559000Z DEBUG solana_program_runtime::stable_log] Program 11111111111111111111111111111111 invoke [1]
[2022-02-12T07:55:15.063614000Z DEBUG solana_program_runtime::stable_log] Program 11111111111111111111111111111111 success
[2022-02-12T07:55:15.064345000Z DEBUG solana_program_runtime::stable_log] Program 11111111111111111111111111111111 invoke [1]
[2022-02-12T07:55:15.064407000Z DEBUG solana_program_runtime::stable_log] Program 11111111111111111111111111111111 success
[2022-02-12T07:55:15.067796000Z DEBUG solana_program_runtime::stable_log] Program 11111111111111111111111111111111 invoke [1]
[2022-02-12T07:55:15.067859000Z DEBUG solana_program_runtime::stable_log] Program 11111111111111111111111111111111 success
[2022-02-12T07:55:15.071475000Z DEBUG solana_program_runtime::stable_log] Program 11111111111111111111111111111111 invoke [1]
[2022-02-12T07:55:15.071528000Z DEBUG solana_program_runtime::stable_log] Program 11111111111111111111111111111111 success
[2022-02-12T07:55:15.074929000Z DEBUG solana_program_runtime::stable_log] Program 8opHzTAnfzRpPEx21XtnrVTX28YQuCpAjcn1PczScKh invoke [1]
[2022-02-12T07:55:15.075298000Z DEBUG solana_program_runtime::stable_log] Program log: Mango: InitMangoAccount DEPRECATED
[2022-02-12T07:55:15.075715000Z DEBUG solana_bpf_loader_program] Program 8opHzTAnfzRpPEx21XtnrVTX28YQuCpAjcn1PczScKh consumed 1828 of 200000 compute units
[2022-02-12T07:55:15.075777000Z DEBUG solana_program_runtime::stable_log] Program 8opHzTAnfzRpPEx21XtnrVTX28YQuCpAjcn1PczScKh success
[2022-02-12T07:55:15.078812000Z DEBUG solana_program_runtime::stable_log] Program 11111111111111111111111111111111 invoke [1]
[2022-02-12T07:55:15.078863000Z DEBUG solana_program_runtime::stable_log] Program 11111111111111111111111111111111 success
[2022-02-12T07:55:15.079599000Z DEBUG solana_program_runtime::stable_log] Program TokenkegQfeZyiNwAJbNbGKPFXCWuBvf9Ss623VQ5DA invoke [1]
[2022-02-12T07:55:15.080125000Z DEBUG solana_program_runtime::stable_log] Program log: Instruction: InitializeAccount
[2022-02-12T07:55:15.081190000Z DEBUG solana_bpf_loader_program] Program TokenkegQfeZyiNwAJbNbGKPFXCWuBvf9Ss623VQ5DA consumed 3411 of 200000 compute units
[2022-02-12T07:55:15.081251000Z DEBUG solana_program_runtime::stable_log] Program TokenkegQfeZyiNwAJbNbGKPFXCWuBvf9Ss623VQ5DA success
[2022-02-12T07:55:15.089982000Z DEBUG solana_program_runtime::stable_log] Program 8opHzTAnfzRpPEx21XtnrVTX28YQuCpAjcn1PczScKh invoke [1]
[2022-02-12T07:55:15.090359000Z DEBUG solana_program_runtime::stable_log] Program log: Mango: InitMangoAccount DEPRECATED
[2022-02-12T07:55:15.090762000Z DEBUG solana_bpf_loader_program] Program 8opHzTAnfzRpPEx21XtnrVTX28YQuCpAjcn1PczScKh consumed 1828 of 200000 compute units
[2022-02-12T07:55:15.090836000Z DEBUG solana_program_runtime::stable_log] Program 8opHzTAnfzRpPEx21XtnrVTX28YQuCpAjcn1PczScKh success
[2022-02-12T07:55:15.092467000Z DEBUG solana_program_runtime::stable_log] Program 4uQeVj5tqViQh7yWWGStvkEG1Zmhx6uasJtWCJziofM invoke [1]
[2022-02-12T07:55:15.093137000Z DEBUG solana_program_runtime::stable_log] Program log: Mango: AddPerpMarket DEPRECATED
[2022-02-12T07:55:15.094047000Z DEBUG solana_program_runtime::stable_log] Program 11111111111111111111111111111111 invoke [1]
[2022-02-12T07:55:15.094107000Z DEBUG solana_program_runtime::stable_log] Program 11111111111111111111111111111111 success
[2022-02-12T07:55:15.099508000Z DEBUG solana_bpf_loader_program] Program 4uQeVj5tqViQh7yWWGStvkEG1Zmhx6uasJtWCJziofM consumed 20524 of 200000 compute units
[2022-02-12T07:55:15.099593000Z DEBUG solana_program_runtime::stable_log] Program 4uQeVj5tqViQh7yWWGStvkEG1Zmhx6uasJtWCJziofM success
[2022-02-12T07:55:15.105746000Z DEBUG solana_program_runtime::stable_log] Program 8opHzTAnfzRpPEx21XtnrVTX28YQuCpAjcn1PczScKh invoke [1]
[2022-02-12T07:55:15.106116000Z DEBUG solana_program_runtime::stable_log] Program log: Mango: InitMangoAccount DEPRECATED
[2022-02-12T07:55:15.106522000Z DEBUG solana_bpf_loader_program] Program 8opHzTAnfzRpPEx21XtnrVTX28YQuCpAjcn1PczScKh consumed 1828 of 200000 compute units
[2022-02-12T07:55:15.106585000Z DEBUG solana_program_runtime::stable_log] Program 8opHzTAnfzRpPEx21XtnrVTX28YQuCpAjcn1PczScKh success
[2022-02-12T07:55:15.110344000Z DEBUG solana_program_runtime::stable_log] Program 4uQeVj5tqViQh7yWWGStvkEG1Zmhx6uasJtWCJziofM invoke [1]
[2022-02-12T07:55:15.110696000Z DEBUG solana_program_runtime::stable_log] Program log: Mango: SetOracle
[2022-02-12T07:55:15.110991000Z DEBUG solana_bpf_loader_program] Program 4uQeVj5tqViQh7yWWGStvkEG1Zmhx6uasJtWCJziofM consumed 1550 of 200000 compute units
[2022-02-12T07:55:15.111046000Z DEBUG solana_program_runtime::stable_log] Program 4uQeVj5tqViQh7yWWGStvkEG1Zmhx6uasJtWCJziofM success
[2022-02-12T07:55:15.111867000Z DEBUG solana_program_runtime::stable_log] Program 11111111111111111111111111111111 invoke [1]
[2022-02-12T07:55:15.111931000Z DEBUG solana_program_runtime::stable_log] Program 11111111111111111111111111111111 success
[2022-02-12T07:55:15.119882000Z DEBUG solana_program_runtime::stable_log] Program TokenkegQfeZyiNwAJbNbGKPFXCWuBvf9Ss623VQ5DA invoke [1]
[2022-02-12T07:55:15.120411000Z DEBUG solana_program_runtime::stable_log] Program log: Instruction: InitializeAccount
[2022-02-12T07:55:15.121490000Z DEBUG solana_bpf_loader_program] Program TokenkegQfeZyiNwAJbNbGKPFXCWuBvf9Ss623VQ5DA consumed 3411 of 200000 compute units
[2022-02-12T07:55:15.121547000Z DEBUG solana_program_runtime::stable_log] Program TokenkegQfeZyiNwAJbNbGKPFXCWuBvf9Ss623VQ5DA success
[2022-02-12T07:55:15.124954000Z DEBUG solana_program_runtime::stable_log] Program 11111111111111111111111111111111 invoke [1]
[2022-02-12T07:55:15.125030000Z DEBUG solana_program_runtime::stable_log] Program 11111111111111111111111111111111 success
[2022-02-12T07:55:15.132782000Z DEBUG solana_program_runtime::stable_log] Program TokenkegQfeZyiNwAJbNbGKPFXCWuBvf9Ss623VQ5DA invoke [1]
[2022-02-12T07:55:15.133287000Z DEBUG solana_program_runtime::stable_log] Program log: Instruction: InitializeAccount
[2022-02-12T07:55:15.134296000Z DEBUG solana_bpf_loader_program] Program TokenkegQfeZyiNwAJbNbGKPFXCWuBvf9Ss623VQ5DA consumed 3411 of 200000 compute units
[2022-02-12T07:55:15.134354000Z DEBUG solana_program_runtime::stable_log] Program TokenkegQfeZyiNwAJbNbGKPFXCWuBvf9Ss623VQ5DA success
[2022-02-12T07:55:15.142348000Z DEBUG solana_program_runtime::stable_log] Program 4uQeVj5tqViQh7yWWGStvkEG1Zmhx6uasJtWCJziofM invoke [1]
[2022-02-12T07:55:15.142739000Z DEBUG solana_program_runtime::stable_log] Program log: Mango: CachePrices
[2022-02-12T07:55:15.142831000Z DEBUG solana_program_runtime::stable_log] Program 11111111111111111111111111111111 invoke [1]
[2022-02-12T07:55:15.142897000Z DEBUG solana_program_runtime::stable_log] Program 11111111111111111111111111111111 success
[2022-02-12T07:55:15.142962000Z DEBUG solana_program_runtime::stable_log] Program 11111111111111111111111111111111 invoke [1]
[2022-02-12T07:55:15.143005000Z DEBUG solana_program_runtime::stable_log] Program 11111111111111111111111111111111 success
[2022-02-12T07:55:15.143057000Z DEBUG solana_program_runtime::stable_log] Program 11111111111111111111111111111111 invoke [1]
[2022-02-12T07:55:15.143084000Z DEBUG solana_program_runtime::stable_log] Program log: mango-log
[2022-02-12T07:55:15.143139000Z DEBUG solana_program_runtime::stable_log] Program 11111111111111111111111111111111 success
[2022-02-12T07:55:15.143368000Z DEBUG solana_program_runtime::stable_log] Program 11111111111111111111111111111111 invoke [1]
[2022-02-12T07:55:15.143424000Z DEBUG solana_program_runtime::stable_log] Program 11111111111111111111111111111111 success
[2022-02-12T07:55:15.143486000Z DEBUG solana_program_runtime::stable_log] Program 11111111111111111111111111111111 invoke [1]
[2022-02-12T07:55:15.143532000Z DEBUG solana_program_runtime::stable_log] Program 11111111111111111111111111111111 success
[2022-02-12T07:55:15.143717000Z DEBUG solana_program_runtime::stable_log] Program log: ux0uSxX5tBsUKe5/PL8czqjQHgAKx8rTVSdab9LrSJK5Jkk3jR829gEAAAAAAAAAAAAAAAEAAAAAAAAAAACYOgAAAAAAAAAA
[2022-02-12T07:55:15.143828000Z DEBUG solana_bpf_loader_program] Program 4uQeVj5tqViQh7yWWGStvkEG1Zmhx6uasJtWCJziofM consumed 3669 of 200000 compute units
[2022-02-12T07:55:15.143894000Z DEBUG solana_program_runtime::stable_log] Program 4uQeVj5tqViQh7yWWGStvkEG1Zmhx6uasJtWCJziofM success
[2022-02-12T07:55:15.154714000Z DEBUG solana_program_runtime::stable_log] Program 4uQeVj5tqViQh7yWWGStvkEG1Zmhx6uasJtWCJziofM invoke [1]
[2022-02-12T07:55:15.155134000Z DEBUG solana_program_runtime::stable_log] Program log: Mango: UpdateRootBank
[2022-02-12T07:55:15.157009000Z DEBUG solana_program_runtime::stable_log] Program log: mango-log
[2022-02-12T07:55:15.157642000Z DEBUG solana_program_runtime::stable_log] Program log: 8HmBNKTUaLgUKe5/PL8czqjQHgAKx8rTVSdab9LrSJK5Jkk3jR829gAAAAAAAAAAAAAAAAAAQEIPAAAAAAAAAAAAAAAAAEBCDwAAAAAAAAA=
[2022-02-12T07:55:15.157777000Z DEBUG solana_bpf_loader_program] Program 4uQeVj5tqViQh7yWWGStvkEG1Zmhx6uasJtWCJziofM consumed 8523 of 200000 compute units
[2022-02-12T07:55:15.157839000Z DEBUG solana_program_runtime::stable_log] Program 4uQeVj5tqViQh7yWWGStvkEG1Zmhx6uasJtWCJziofM success
[2022-02-12T07:55:15.169718000Z DEBUG solana_program_runtime::stable_log] Program 4uQeVj5tqViQh7yWWGStvkEG1Zmhx6uasJtWCJziofM invoke [1]
[2022-02-12T07:55:15.170187000Z DEBUG solana_program_runtime::stable_log] Program log: Mango: UpdateFunding
[2022-02-12T07:55:15.171326000Z DEBUG solana_program_runtime::stable_log] Program log: mango-log
[2022-02-12T07:55:15.171953000Z DEBUG solana_program_runtime::stable_log] Program log: ta5iwCEXTXsUKe5/PL8czqjQHgAKx8rTVSdab9LrSJK5Jkk3jR829gAAAAAAAAAAAAAAAAAAAAAAAAAAAAAAAAAAAAAAAAAAAAAAAAAAAAA=
[2022-02-12T07:55:15.172109000Z DEBUG solana_bpf_loader_program] Program 4uQeVj5tqViQh7yWWGStvkEG1Zmhx6uasJtWCJziofM consumed 6381 of 200000 compute units
[2022-02-12T07:55:15.172181000Z DEBUG solana_program_runtime::stable_log] Program 4uQeVj5tqViQh7yWWGStvkEG1Zmhx6uasJtWCJziofM success
[2022-02-12T07:55:15.181152000Z DEBUG solana_program_runtime::stable_log] Program CiDwVBFgWV9E5MvXWoLgnEgn2hK7rJikbvfWavzAQz3 invoke [1]
[2022-02-12T07:55:15.183357000Z DEBUG solana_program_runtime::stable_log] Program 4uQeVj5tqViQh7yWWGStvkEG1Zmhx6uasJtWCJziofM invoke [1]
[2022-02-12T07:55:15.183748000Z DEBUG solana_program_runtime::stable_log] Program log: Mango: CacheRootBanks
[2022-02-12T07:55:15.184431000Z DEBUG solana_program_runtime::stable_log] Program log: mango-log
[2022-02-12T07:55:15.185354000Z DEBUG solana_program_runtime::stable_log] Program log: IVXYca/GfegUKe5/PL8czqjQHgAKx8rTVSdab9LrSJK5Jkk3jR829gIAAAAAAAAAAAAAAA8AAAAAAAAAAgAAAAAAAAAAAEBCDwAAAAAAAAAAAAAAAABAQg8AAAAAAAAAAgAAAAAAAAAAAEBCDwAAAAAAAAAAAAAAAABAQg8AAAAAAAAA
[2022-02-12T07:55:15.185494000Z DEBUG solana_bpf_loader_program] Program 4uQeVj5tqViQh7yWWGStvkEG1Zmhx6uasJtWCJziofM consumed 5857 of 200000 compute units
[2022-02-12T07:55:15.185552000Z DEBUG solana_program_runtime::stable_log] Program 4uQeVj5tqViQh7yWWGStvkEG1Zmhx6uasJtWCJziofM success
[2022-02-12T07:55:15.186298000Z DEBUG solana_bpf_loader_program] Program CiDwVBFgWV9E5MvXWoLgnEgn2hK7rJikbvfWavzAQz3 consumed 13661 of 200000 compute units
[2022-02-12T07:55:15.186682000Z DEBUG solana_program_runtime::stable_log] Program CiDwVBFgWV9E5MvXWoLgnEgn2hK7rJikbvfWavzAQz3 success
[2022-02-12T07:55:15.194612000Z DEBUG solana_program_runtime::stable_log] Program 11111111111111111111111111111111 invoke [1]
[2022-02-12T07:55:15.194712000Z DEBUG solana_program_runtime::stable_log] Program 11111111111111111111111111111111 success
[2022-02-12T07:55:15.196412000Z DEBUG solana_program_runtime::stable_log] Program 4uQeVj5tqViQh7yWWGStvkEG1Zmhx6uasJtWCJziofM invoke [1]
[2022-02-12T07:55:15.196775000Z DEBUG solana_program_runtime::stable_log] Program log: Mango: CachePerpMarkets
[2022-02-12T07:55:15.197194000Z DEBUG solana_program_runtime::stable_log] Program log: mango-log
[2022-02-12T07:55:15.197962000Z DEBUG solana_program_runtime::stable_log] Program log: 9lt9JxCzqw4UKe5/PL8czqjQHgAKx8rTVSdab9LrSJK5Jkk3jR829gEAAAAAAAAAAAAAAAEAAAAAAAAAAAAAAAAAAAAAAAAAAQAAAAAAAAAAAAAAAAAAAAAAAAA=
[2022-02-12T07:55:15.198074000Z DEBUG solana_bpf_loader_program] Program 4uQeVj5tqViQh7yWWGStvkEG1Zmhx6uasJtWCJziofM consumed 4331 of 200000 compute units
[2022-02-12T07:55:15.198136000Z DEBUG solana_program_runtime::stable_log] Program 4uQeVj5tqViQh7yWWGStvkEG1Zmhx6uasJtWCJziofM success
[2022-02-12T07:55:15.202651000Z DEBUG solana_program_runtime::stable_log] Program TokenkegQfeZyiNwAJbNbGKPFXCWuBvf9Ss623VQ5DA invoke [1]
[2022-02-12T07:55:15.203152000Z DEBUG solana_program_runtime::stable_log] Program log: Instruction: InitializeAccount
[2022-02-12T07:55:15.204175000Z DEBUG solana_bpf_loader_program] Program TokenkegQfeZyiNwAJbNbGKPFXCWuBvf9Ss623VQ5DA consumed 3411 of 200000 compute units
[2022-02-12T07:55:15.204232000Z DEBUG solana_program_runtime::stable_log] Program TokenkegQfeZyiNwAJbNbGKPFXCWuBvf9Ss623VQ5DA success
[2022-02-12T07:55:15.207145000Z DEBUG solana_program_runtime::stable_log] Program 11111111111111111111111111111111 invoke [1]
[2022-02-12T07:55:15.207197000Z DEBUG solana_program_runtime::stable_log] Program 11111111111111111111111111111111 success
[2022-02-12T07:55:15.210456000Z DEBUG solana_program_runtime::stable_log] Program 11111111111111111111111111111111 invoke [1]
[2022-02-12T07:55:15.210506000Z DEBUG solana_program_runtime::stable_log] Program 11111111111111111111111111111111 success
[2022-02-12T07:55:15.211451000Z DEBUG solana_program_runtime::stable_log] Program 4uQeVj5tqViQh7yWWGStvkEG1Zmhx6uasJtWCJziofM invoke [1]
[2022-02-12T07:55:15.212182000Z DEBUG solana_program_runtime::stable_log] Program log: Mango: Deposit
[2022-02-12T07:55:15.221213000Z DEBUG solana_program_runtime::stable_log] Program TokenkegQfeZyiNwAJbNbGKPFXCWuBvf9Ss623VQ5DA invoke [2]
[2022-02-12T07:55:15.221695000Z DEBUG solana_program_runtime::stable_log] Program log: Instruction: Transfer
[2022-02-12T07:55:15.222652000Z DEBUG solana_bpf_loader_program] Program TokenkegQfeZyiNwAJbNbGKPFXCWuBvf9Ss623VQ5DA consumed 3121 of 194218 compute units
[2022-02-12T07:55:15.222715000Z DEBUG solana_program_runtime::stable_log] Program TokenkegQfeZyiNwAJbNbGKPFXCWuBvf9Ss623VQ5DA success
[2022-02-12T07:55:15.223635000Z DEBUG solana_program_runtime::stable_log] Program 8opHzTAnfzRpPEx21XtnrVTX28YQuCpAjcn1PczScKh invoke [1]
[2022-02-12T07:55:15.224264000Z DEBUG solana_program_runtime::stable_log] Program log: mango-log
[2022-02-12T07:55:15.224340000Z DEBUG solana_program_runtime::stable_log] Program log: Mango: AddSpotMarket
[2022-02-12T07:55:15.225062000Z DEBUG solana_program_runtime::stable_log] Program log: F5qwwQsqqPQUKe5/PL8czqjQHgAKx8rTVSdab9LrSJK5Jkk3jR829nwJYdq3U+mxyarAAn8O9qA3y7Hs91k8NSEnTQy+LXMhDwAAAAAAAAAAAAAAAAAQJwAAAAAAAAAAAAAAAAAAAAAAAAAAAAAAAA==
[2022-02-12T07:55:15.225097000Z DEBUG solana_program_runtime::stable_log] Program log: mango-log
[2022-02-12T07:55:15.225947000Z DEBUG solana_program_runtime::stable_log] Program log: jbqo/GyNSF4UKe5/PL8czqjQHgAKx8rTVSdab9LrSJK5Jkk3jR829nwJYdq3U+mxyarAAn8O9qA3y7Hs91k8NSEnTQy+LXMhJNRmczd/btn0cqtspbIc7uD+IU/xTpjunq2cXmaE6ZUPAAAAAAAAAADkC1QCAAAA
[2022-02-12T07:55:15.226193000Z DEBUG solana_bpf_loader_program] Program 4uQeVj5tqViQh7yWWGStvkEG1Zmhx6uasJtWCJziofM consumed 18920 of 200000 compute units
[2022-02-12T07:55:15.226268000Z DEBUG solana_program_runtime::stable_log] Program 4uQeVj5tqViQh7yWWGStvkEG1Zmhx6uasJtWCJziofM success
[2022-02-12T07:55:15.230590000Z DEBUG solana_bpf_loader_program] Program 8opHzTAnfzRpPEx21XtnrVTX28YQuCpAjcn1PczScKh consumed 20512 of 200000 compute units
[2022-02-12T07:55:15.230695000Z DEBUG solana_program_runtime::stable_log] Program 8opHzTAnfzRpPEx21XtnrVTX28YQuCpAjcn1PczScKh success
[2022-02-12T07:55:15.235840000Z DEBUG solana_program_runtime::stable_log] Program 11111111111111111111111111111111 invoke [1]
[2022-02-12T07:55:15.235926000Z DEBUG solana_program_runtime::stable_log] Program 11111111111111111111111111111111 success
[2022-02-12T07:55:15.239954000Z DEBUG solana_program_runtime::stable_log] Program 4uQeVj5tqViQh7yWWGStvkEG1Zmhx6uasJtWCJziofM invoke [1]
[2022-02-12T07:55:15.240656000Z DEBUG solana_program_runtime::stable_log] Program log: Mango: Deposit
[2022-02-12T07:55:15.244042000Z DEBUG solana_program_runtime::stable_log] Program TokenkegQfeZyiNwAJbNbGKPFXCWuBvf9Ss623VQ5DA invoke [1]
[2022-02-12T07:55:15.244560000Z DEBUG solana_program_runtime::stable_log] Program log: Instruction: InitializeAccount
[2022-02-12T07:55:15.245611000Z DEBUG solana_bpf_loader_program] Program TokenkegQfeZyiNwAJbNbGKPFXCWuBvf9Ss623VQ5DA consumed 3411 of 200000 compute units
[2022-02-12T07:55:15.245678000Z DEBUG solana_program_runtime::stable_log] Program TokenkegQfeZyiNwAJbNbGKPFXCWuBvf9Ss623VQ5DA success
[2022-02-12T07:55:15.248768000Z DEBUG solana_program_runtime::stable_log] Program 11111111111111111111111111111111 invoke [1]
[2022-02-12T07:55:15.248820000Z DEBUG solana_program_runtime::stable_log] Program 11111111111111111111111111111111 success
[2022-02-12T07:55:15.249348000Z DEBUG solana_program_runtime::stable_log] Program TokenkegQfeZyiNwAJbNbGKPFXCWuBvf9Ss623VQ5DA invoke [2]
[2022-02-12T07:55:15.249800000Z DEBUG solana_program_runtime::stable_log] Program log: Instruction: Transfer
[2022-02-12T07:55:15.250737000Z DEBUG solana_bpf_loader_program] Program TokenkegQfeZyiNwAJbNbGKPFXCWuBvf9Ss623VQ5DA consumed 3121 of 194804 compute units
[2022-02-12T07:55:15.250796000Z DEBUG solana_program_runtime::stable_log] Program TokenkegQfeZyiNwAJbNbGKPFXCWuBvf9Ss623VQ5DA success
[2022-02-12T07:55:15.252096000Z DEBUG solana_program_runtime::stable_log] Program log: mango-log
[2022-02-12T07:55:15.252868000Z DEBUG solana_program_runtime::stable_log] Program log: F5qwwQsqqPQUKe5/PL8czqjQHgAKx8rTVSdab9LrSJK5Jkk3jR829lEsXkBHmV8kPlnls39WXZP19KmJnq2lcFcBzob/4dj9AAAAAAAAAAAAAAAAAAABAAAAAAAAAAAAAAAAAAAAAAAAAAAAAAAAAA==
[2022-02-12T07:55:15.252902000Z DEBUG solana_program_runtime::stable_log] Program log: mango-log
[2022-02-12T07:55:15.253745000Z DEBUG solana_program_runtime::stable_log] Program log: jbqo/GyNSF4UKe5/PL8czqjQHgAKx8rTVSdab9LrSJK5Jkk3jR829lEsXkBHmV8kPlnls39WXZP19KmJnq2lcFcBzob/4dj9hqetkd7OZj/6Y7UX22uJiDiArtq+9wEZDUJ2xBl0jGoAAAAAAAAAAEBCDwAAAAAA
[2022-02-12T07:55:15.253984000Z DEBUG solana_bpf_loader_program] Program 4uQeVj5tqViQh7yWWGStvkEG1Zmhx6uasJtWCJziofM consumed 17628 of 200000 compute units
[2022-02-12T07:55:15.254056000Z DEBUG solana_program_runtime::stable_log] Program 4uQeVj5tqViQh7yWWGStvkEG1Zmhx6uasJtWCJziofM success
[2022-02-12T07:55:15.256762000Z DEBUG solana_program_runtime::stable_log] Program TokenkegQfeZyiNwAJbNbGKPFXCWuBvf9Ss623VQ5DA invoke [1]
[2022-02-12T07:55:15.257275000Z DEBUG solana_program_runtime::stable_log] Program log: Instruction: InitializeAccount
[2022-02-12T07:55:15.258325000Z DEBUG solana_bpf_loader_program] Program TokenkegQfeZyiNwAJbNbGKPFXCWuBvf9Ss623VQ5DA consumed 3411 of 200000 compute units
[2022-02-12T07:55:15.258382000Z DEBUG solana_program_runtime::stable_log] Program TokenkegQfeZyiNwAJbNbGKPFXCWuBvf9Ss623VQ5DA success
[2022-02-12T07:55:15.266656000Z DEBUG solana_program_runtime::stable_log] Program 11111111111111111111111111111111 invoke [1]
[2022-02-12T07:55:15.266719000Z DEBUG solana_program_runtime::stable_log] Program 11111111111111111111111111111111 success
[2022-02-12T07:55:15.266776000Z DEBUG solana_program_runtime::stable_log] Program 11111111111111111111111111111111 invoke [1]
[2022-02-12T07:55:15.266820000Z DEBUG solana_program_runtime::stable_log] Program 11111111111111111111111111111111 success
[2022-02-12T07:55:15.266874000Z DEBUG solana_program_runtime::stable_log] Program 11111111111111111111111111111111 invoke [1]
[2022-02-12T07:55:15.266946000Z DEBUG solana_program_runtime::stable_log] Program 11111111111111111111111111111111 success
[2022-02-12T07:55:15.267181000Z DEBUG solana_program_runtime::stable_log] Program 11111111111111111111111111111111 invoke [1]
[2022-02-12T07:55:15.267206000Z DEBUG solana_program_runtime::stable_log] Program 4uQeVj5tqViQh7yWWGStvkEG1Zmhx6uasJtWCJziofM invoke [1]
[2022-02-12T07:55:15.267229000Z DEBUG solana_program_runtime::stable_log] Program 11111111111111111111111111111111 success
[2022-02-12T07:55:15.267297000Z DEBUG solana_program_runtime::stable_log] Program 11111111111111111111111111111111 invoke [1]
[2022-02-12T07:55:15.267341000Z DEBUG solana_program_runtime::stable_log] Program 11111111111111111111111111111111 success
[2022-02-12T07:55:15.267896000Z DEBUG solana_program_runtime::stable_log] Program log: Mango: Deposit
[2022-02-12T07:55:15.276770000Z DEBUG solana_program_runtime::stable_log] Program TokenkegQfeZyiNwAJbNbGKPFXCWuBvf9Ss623VQ5DA invoke [2]
[2022-02-12T07:55:15.277132000Z DEBUG solana_program_runtime::stable_log] Program CiDwVBFgWV9E5MvXWoLgnEgn2hK7rJikbvfWavzAQz3 invoke [1]
[2022-02-12T07:55:15.277209000Z DEBUG solana_program_runtime::stable_log] Program log: Instruction: Transfer
[2022-02-12T07:55:15.278147000Z DEBUG solana_bpf_loader_program] Program TokenkegQfeZyiNwAJbNbGKPFXCWuBvf9Ss623VQ5DA consumed 3121 of 194218 compute units
[2022-02-12T07:55:15.278210000Z DEBUG solana_program_runtime::stable_log] Program TokenkegQfeZyiNwAJbNbGKPFXCWuBvf9Ss623VQ5DA success
[2022-02-12T07:55:15.279726000Z DEBUG solana_program_runtime::stable_log] Program log: mango-log
[2022-02-12T07:55:15.280501000Z DEBUG solana_program_runtime::stable_log] Program log: F5qwwQsqqPQUKe5/PL8czqjQHgAKx8rTVSdab9LrSJK5Jkk3jR829lEsXkBHmV8kPlnls39WXZP19KmJnq2lcFcBzob/4dj9DwAAAAAAAAAAAAAAAAAQJwAAAAAAAAAAAAAAAAAAAAAAAAAAAAAAAA==
[2022-02-12T07:55:15.280535000Z DEBUG solana_program_runtime::stable_log] Program log: mango-log
[2022-02-12T07:55:15.281373000Z DEBUG solana_program_runtime::stable_log] Program log: jbqo/GyNSF4UKe5/PL8czqjQHgAKx8rTVSdab9LrSJK5Jkk3jR829lEsXkBHmV8kPlnls39WXZP19KmJnq2lcFcBzob/4dj9hqetkd7OZj/6Y7UX22uJiDiArtq+9wEZDUJ2xBl0jGoPAAAAAAAAAADkC1QCAAAA
[2022-02-12T07:55:15.281607000Z DEBUG solana_bpf_loader_program] Program 4uQeVj5tqViQh7yWWGStvkEG1Zmhx6uasJtWCJziofM consumed 18920 of 200000 compute units
[2022-02-12T07:55:15.281677000Z DEBUG solana_program_runtime::stable_log] Program 4uQeVj5tqViQh7yWWGStvkEG1Zmhx6uasJtWCJziofM success
[2022-02-12T07:55:15.282275000Z DEBUG solana_bpf_loader_program] Program CiDwVBFgWV9E5MvXWoLgnEgn2hK7rJikbvfWavzAQz3 consumed 13661 of 200000 compute units
[2022-02-12T07:55:15.282732000Z DEBUG solana_program_runtime::stable_log] Program CiDwVBFgWV9E5MvXWoLgnEgn2hK7rJikbvfWavzAQz3 success
[2022-02-12T07:55:15.290592000Z DEBUG solana_program_runtime::stable_log] Program 11111111111111111111111111111111 invoke [1]
[2022-02-12T07:55:15.290663000Z DEBUG solana_program_runtime::stable_log] Program 11111111111111111111111111111111 success
[2022-02-12T07:55:15.295547000Z DEBUG solana_program_runtime::stable_log] Program 4uQeVj5tqViQh7yWWGStvkEG1Zmhx6uasJtWCJziofM invoke [1]
[2022-02-12T07:55:15.296244000Z DEBUG solana_program_runtime::stable_log] Program log: Mango: Deposit
[2022-02-12T07:55:15.298398000Z DEBUG solana_program_runtime::stable_log] Program TokenkegQfeZyiNwAJbNbGKPFXCWuBvf9Ss623VQ5DA invoke [1]
[2022-02-12T07:55:15.298914000Z DEBUG solana_program_runtime::stable_log] Program log: Instruction: InitializeAccount
[2022-02-12T07:55:15.299925000Z DEBUG solana_bpf_loader_program] Program TokenkegQfeZyiNwAJbNbGKPFXCWuBvf9Ss623VQ5DA consumed 3411 of 200000 compute units
[2022-02-12T07:55:15.299983000Z DEBUG solana_program_runtime::stable_log] Program TokenkegQfeZyiNwAJbNbGKPFXCWuBvf9Ss623VQ5DA success
[2022-02-12T07:55:15.303076000Z DEBUG solana_program_runtime::stable_log] Program 11111111111111111111111111111111 invoke [1]
[2022-02-12T07:55:15.303125000Z DEBUG solana_program_runtime::stable_log] Program 11111111111111111111111111111111 success
[2022-02-12T07:55:15.305009000Z DEBUG solana_program_runtime::stable_log] Program TokenkegQfeZyiNwAJbNbGKPFXCWuBvf9Ss623VQ5DA invoke [2]
[2022-02-12T07:55:15.305442000Z DEBUG solana_program_runtime::stable_log] Program log: Instruction: Transfer
[2022-02-12T07:55:15.306374000Z DEBUG solana_bpf_loader_program] Program TokenkegQfeZyiNwAJbNbGKPFXCWuBvf9Ss623VQ5DA consumed 3121 of 194218 compute units
[2022-02-12T07:55:15.306418000Z DEBUG solana_program_runtime::stable_log] Program 11111111111111111111111111111111 invoke [1]
[2022-02-12T07:55:15.306438000Z DEBUG solana_program_runtime::stable_log] Program TokenkegQfeZyiNwAJbNbGKPFXCWuBvf9Ss623VQ5DA success
[2022-02-12T07:55:15.306470000Z DEBUG solana_program_runtime::stable_log] Program 11111111111111111111111111111111 success
[2022-02-12T07:55:15.307981000Z DEBUG solana_program_runtime::stable_log] Program log: mango-log
[2022-02-12T07:55:15.308761000Z DEBUG solana_program_runtime::stable_log] Program log: F5qwwQsqqPQUKe5/PL8czqjQHgAKx8rTVSdab9LrSJK5Jkk3jR829oU3E1h9Mn1K0YyLcEg3Re2Ay85OeBIuSdLmDXnAvlfSDwAAAAAAAAAAAAAAAAAQJwAAAAAAAAAAAAAAAAAAAAAAAAAAAAAAAA==
[2022-02-12T07:55:15.308793000Z DEBUG solana_program_runtime::stable_log] Program log: mango-log
[2022-02-12T07:55:15.309632000Z DEBUG solana_program_runtime::stable_log] Program log: jbqo/GyNSF4UKe5/PL8czqjQHgAKx8rTVSdab9LrSJK5Jkk3jR829oU3E1h9Mn1K0YyLcEg3Re2Ay85OeBIuSdLmDXnAvlfSflJ/rnvxKjZiAjeuKKN0pzLl8Cav0+d0pV4DzrffMmMPAAAAAAAAAADkC1QCAAAA
[2022-02-12T07:55:15.309875000Z DEBUG solana_bpf_loader_program] Program 4uQeVj5tqViQh7yWWGStvkEG1Zmhx6uasJtWCJziofM consumed 18920 of 200000 compute units
[2022-02-12T07:55:15.309956000Z DEBUG solana_program_runtime::stable_log] Program 4uQeVj5tqViQh7yWWGStvkEG1Zmhx6uasJtWCJziofM success
[2022-02-12T07:55:15.318547000Z DEBUG solana_program_runtime::stable_log] Program 8opHzTAnfzRpPEx21XtnrVTX28YQuCpAjcn1PczScKh invoke [1]
[2022-02-12T07:55:15.319290000Z DEBUG solana_program_runtime::stable_log] Program log: Mango: AddSpotMarket
[2022-02-12T07:55:15.325628000Z DEBUG solana_bpf_loader_program] Program 8opHzTAnfzRpPEx21XtnrVTX28YQuCpAjcn1PczScKh consumed 20552 of 200000 compute units
[2022-02-12T07:55:15.325731000Z DEBUG solana_program_runtime::stable_log] Program 8opHzTAnfzRpPEx21XtnrVTX28YQuCpAjcn1PczScKh success
[2022-02-12T07:55:15.330655000Z DEBUG solana_program_runtime::stable_log] Program 11111111111111111111111111111111 invoke [1]
[2022-02-12T07:55:15.330723000Z DEBUG solana_program_runtime::stable_log] Program 11111111111111111111111111111111 success
[2022-02-12T07:55:15.338787000Z DEBUG solana_program_runtime::stable_log] Program TokenkegQfeZyiNwAJbNbGKPFXCWuBvf9Ss623VQ5DA invoke [1]
[2022-02-12T07:55:15.339335000Z DEBUG solana_program_runtime::stable_log] Program log: Instruction: InitializeAccount
[2022-02-12T07:55:15.340390000Z DEBUG solana_bpf_loader_program] Program TokenkegQfeZyiNwAJbNbGKPFXCWuBvf9Ss623VQ5DA consumed 3411 of 200000 compute units
[2022-02-12T07:55:15.340455000Z DEBUG solana_program_runtime::stable_log] Program TokenkegQfeZyiNwAJbNbGKPFXCWuBvf9Ss623VQ5DA success
[2022-02-12T07:55:15.340774000Z DEBUG solana_program_runtime::stable_log] Program 4uQeVj5tqViQh7yWWGStvkEG1Zmhx6uasJtWCJziofM invoke [1]
[2022-02-12T07:55:15.341128000Z DEBUG solana_program_runtime::stable_log] Program log: Mango: CachePrices
[2022-02-12T07:55:15.341464000Z DEBUG solana_program_runtime::stable_log] Program log: mango-log
[2022-02-12T07:55:15.342075000Z DEBUG solana_program_runtime::stable_log] Program log: ux0uSxX5tBsUKe5/PL8czqjQHgAKx8rTVSdab9LrSJK5Jkk3jR829gEAAAAAAAAAAAAAAAEAAAAAAAAAAACYOgAAAAAAAAAA
[2022-02-12T07:55:15.342185000Z DEBUG solana_bpf_loader_program] Program 4uQeVj5tqViQh7yWWGStvkEG1Zmhx6uasJtWCJziofM consumed 3669 of 200000 compute units
[2022-02-12T07:55:15.342248000Z DEBUG solana_program_runtime::stable_log] Program 4uQeVj5tqViQh7yWWGStvkEG1Zmhx6uasJtWCJziofM success
[2022-02-12T07:55:15.344704000Z DEBUG solana_program_runtime::stable_log] Program 11111111111111111111111111111111 invoke [1]
[2022-02-12T07:55:15.344764000Z DEBUG solana_program_runtime::stable_log] Program 11111111111111111111111111111111 success
[2022-02-12T07:55:15.352696000Z DEBUG solana_program_runtime::stable_log] Program TokenkegQfeZyiNwAJbNbGKPFXCWuBvf9Ss623VQ5DA invoke [1]
[2022-02-12T07:55:15.352849000Z DEBUG solana_program_runtime::stable_log] Program 4uQeVj5tqViQh7yWWGStvkEG1Zmhx6uasJtWCJziofM invoke [1]
[2022-02-12T07:55:15.353215000Z DEBUG solana_program_runtime::stable_log] Program log: Instruction: InitializeAccount
[2022-02-12T07:55:15.353243000Z DEBUG solana_program_runtime::stable_log] Program log: Mango: UpdateRootBank
[2022-02-12T07:55:15.354270000Z DEBUG solana_bpf_loader_program] Program TokenkegQfeZyiNwAJbNbGKPFXCWuBvf9Ss623VQ5DA consumed 3411 of 200000 compute units
[2022-02-12T07:55:15.354336000Z DEBUG solana_program_runtime::stable_log] Program TokenkegQfeZyiNwAJbNbGKPFXCWuBvf9Ss623VQ5DA success
[2022-02-12T07:55:15.355396000Z DEBUG solana_program_runtime::stable_log] Program log: mango-log
[2022-02-12T07:55:15.356030000Z DEBUG solana_program_runtime::stable_log] Program log: 8HmBNKTUaLgUKe5/PL8czqjQHgAKx8rTVSdab9LrSJK5Jkk3jR829gAAAAAAAAAAAAAAAAAAQEIPAAAAAAAAAAAAAAAAAEBCDwAAAAAAAAA=
[2022-02-12T07:55:15.356159000Z DEBUG solana_bpf_loader_program] Program 4uQeVj5tqViQh7yWWGStvkEG1Zmhx6uasJtWCJziofM consumed 9360 of 200000 compute units
[2022-02-12T07:55:15.356217000Z DEBUG solana_program_runtime::stable_log] Program 4uQeVj5tqViQh7yWWGStvkEG1Zmhx6uasJtWCJziofM success
[2022-02-12T07:55:15.362588000Z DEBUG solana_program_runtime::stable_log] Program 11111111111111111111111111111111 invoke [1]
[2022-02-12T07:55:15.362654000Z DEBUG solana_program_runtime::stable_log] Program 11111111111111111111111111111111 success
[2022-02-12T07:55:15.362709000Z DEBUG solana_program_runtime::stable_log] Program 11111111111111111111111111111111 invoke [1]
[2022-02-12T07:55:15.362752000Z DEBUG solana_program_runtime::stable_log] Program 11111111111111111111111111111111 success
[2022-02-12T07:55:15.362801000Z DEBUG solana_program_runtime::stable_log] Program 11111111111111111111111111111111 invoke [1]
[2022-02-12T07:55:15.362879000Z DEBUG solana_program_runtime::stable_log] Program 11111111111111111111111111111111 success
[2022-02-12T07:55:15.363112000Z DEBUG solana_program_runtime::stable_log] Program 11111111111111111111111111111111 invoke [1]
[2022-02-12T07:55:15.363158000Z DEBUG solana_program_runtime::stable_log] Program 11111111111111111111111111111111 success
[2022-02-12T07:55:15.363218000Z DEBUG solana_program_runtime::stable_log] Program 11111111111111111111111111111111 invoke [1]
[2022-02-12T07:55:15.363263000Z DEBUG solana_program_runtime::stable_log] Program 11111111111111111111111111111111 success
[2022-02-12T07:55:15.367461000Z DEBUG solana_program_runtime::stable_log] Program 4uQeVj5tqViQh7yWWGStvkEG1Zmhx6uasJtWCJziofM invoke [1]
[2022-02-12T07:55:15.367925000Z DEBUG solana_program_runtime::stable_log] Program log: Mango: UpdateFunding
[2022-02-12T07:55:15.369068000Z DEBUG solana_program_runtime::stable_log] Program log: mango-log
[2022-02-12T07:55:15.369695000Z DEBUG solana_program_runtime::stable_log] Program log: ta5iwCEXTXsUKe5/PL8czqjQHgAKx8rTVSdab9LrSJK5Jkk3jR829gAAAAAAAAAAAAAAAAAAAAAAAAAAAAAAAAAAAAAAAAAAAAAAAAAAAAA=
[2022-02-12T07:55:15.369848000Z DEBUG solana_bpf_loader_program] Program 4uQeVj5tqViQh7yWWGStvkEG1Zmhx6uasJtWCJziofM consumed 6381 of 200000 compute units
[2022-02-12T07:55:15.369922000Z DEBUG solana_program_runtime::stable_log] Program 4uQeVj5tqViQh7yWWGStvkEG1Zmhx6uasJtWCJziofM success
[2022-02-12T07:55:15.372886000Z DEBUG solana_program_runtime::stable_log] Program CiDwVBFgWV9E5MvXWoLgnEgn2hK7rJikbvfWavzAQz3 invoke [1]
[2022-02-12T07:55:15.378032000Z DEBUG solana_bpf_loader_program] Program CiDwVBFgWV9E5MvXWoLgnEgn2hK7rJikbvfWavzAQz3 consumed 13661 of 200000 compute units
[2022-02-12T07:55:15.378291000Z DEBUG solana_program_runtime::stable_log] Program CiDwVBFgWV9E5MvXWoLgnEgn2hK7rJikbvfWavzAQz3 success
[2022-02-12T07:55:15.380325000Z DEBUG solana_program_runtime::stable_log] Program 4uQeVj5tqViQh7yWWGStvkEG1Zmhx6uasJtWCJziofM invoke [1]
[2022-02-12T07:55:15.380835000Z DEBUG solana_program_runtime::stable_log] Program log: Mango: CacheRootBanks
[2022-02-12T07:55:15.381558000Z DEBUG solana_program_runtime::stable_log] Program log: mango-log
[2022-02-12T07:55:15.382534000Z DEBUG solana_program_runtime::stable_log] Program log: IVXYca/GfegUKe5/PL8czqjQHgAKx8rTVSdab9LrSJK5Jkk3jR829gIAAAAAAAAAAAAAAA8AAAAAAAAAAgAAAAAAAAAAAEBCDwAAAAAAAAAAAAAAAABAQg8AAAAAAAAAAgAAAAAAAAAAAEBCDwAAAAAAAAAAAAAAAABAQg8AAAAAAAAA
[2022-02-12T07:55:15.382676000Z DEBUG solana_bpf_loader_program] Program 4uQeVj5tqViQh7yWWGStvkEG1Zmhx6uasJtWCJziofM consumed 5857 of 200000 compute units
[2022-02-12T07:55:15.382734000Z DEBUG solana_program_runtime::stable_log] Program 4uQeVj5tqViQh7yWWGStvkEG1Zmhx6uasJtWCJziofM success
[2022-02-12T07:55:15.385997000Z DEBUG solana_program_runtime::stable_log] Program 11111111111111111111111111111111 invoke [1]
[2022-02-12T07:55:15.386074000Z DEBUG solana_program_runtime::stable_log] Program 11111111111111111111111111111111 success
[2022-02-12T07:55:15.392990000Z DEBUG solana_program_runtime::stable_log] Program 4uQeVj5tqViQh7yWWGStvkEG1Zmhx6uasJtWCJziofM invoke [1]
[2022-02-12T07:55:15.393344000Z DEBUG solana_program_runtime::stable_log] Program log: Mango: CachePerpMarkets
[2022-02-12T07:55:15.393764000Z DEBUG solana_program_runtime::stable_log] Program log: mango-log
[2022-02-12T07:55:15.394004000Z DEBUG solana_program_runtime::stable_log] Program TokenkegQfeZyiNwAJbNbGKPFXCWuBvf9Ss623VQ5DA invoke [1]
[2022-02-12T07:55:15.394515000Z DEBUG solana_program_runtime::stable_log] Program log: Instruction: InitializeAccount
[2022-02-12T07:55:15.394533000Z DEBUG solana_program_runtime::stable_log] Program log: 9lt9JxCzqw4UKe5/PL8czqjQHgAKx8rTVSdab9LrSJK5Jkk3jR829gEAAAAAAAAAAAAAAAEAAAAAAAAAAAAAAAAAAAAAAAAAAQAAAAAAAAAAAAAAAAAAAAAAAAA=
[2022-02-12T07:55:15.394640000Z DEBUG solana_bpf_loader_program] Program 4uQeVj5tqViQh7yWWGStvkEG1Zmhx6uasJtWCJziofM consumed 4331 of 200000 compute units
[2022-02-12T07:55:15.394693000Z DEBUG solana_program_runtime::stable_log] Program 4uQeVj5tqViQh7yWWGStvkEG1Zmhx6uasJtWCJziofM success
[2022-02-12T07:55:15.395580000Z DEBUG solana_bpf_loader_program] Program TokenkegQfeZyiNwAJbNbGKPFXCWuBvf9Ss623VQ5DA consumed 3411 of 200000 compute units
[2022-02-12T07:55:15.395644000Z DEBUG solana_program_runtime::stable_log] Program TokenkegQfeZyiNwAJbNbGKPFXCWuBvf9Ss623VQ5DA success
[2022-02-12T07:55:15.398658000Z DEBUG solana_program_runtime::stable_log] Program 11111111111111111111111111111111 invoke [1]
[2022-02-12T07:55:15.398710000Z DEBUG solana_program_runtime::stable_log] Program 11111111111111111111111111111111 success
[2022-02-12T07:55:15.402162000Z DEBUG solana_program_runtime::stable_log] Program 11111111111111111111111111111111 invoke [1]
[2022-02-12T07:55:15.402224000Z DEBUG solana_program_runtime::stable_log] Program 11111111111111111111111111111111 success
[2022-02-12T07:55:15.408768000Z DEBUG solana_program_runtime::stable_log] Program 4uQeVj5tqViQh7yWWGStvkEG1Zmhx6uasJtWCJziofM invoke [1]
[2022-02-12T07:55:15.409421000Z DEBUG solana_program_runtime::stable_log] Program log: Mango: CreateSpotOpenOrders
[2022-02-12T07:55:15.410637000Z DEBUG solana_program_runtime::stable_log] Program 11111111111111111111111111111111 invoke [2]
[2022-02-12T07:55:15.410688000Z DEBUG solana_program_runtime::stable_log] Program 11111111111111111111111111111111 success
[2022-02-12T07:55:15.414159000Z DEBUG solana_program_runtime::stable_log] Program 8opHzTAnfzRpPEx21XtnrVTX28YQuCpAjcn1PczScKh invoke [1]
[2022-02-12T07:55:15.414860000Z DEBUG solana_program_runtime::stable_log] Program log: Mango: AddSpotMarket
[2022-02-12T07:55:15.419462000Z DEBUG solana_program_runtime::stable_log] Program GcdayuLaLyrdmUu324nahyv33G5poQdLUEZ1nEytDeP invoke [2]
[2022-02-12T07:55:15.420958000Z DEBUG solana_bpf_loader_program] Program GcdayuLaLyrdmUu324nahyv33G5poQdLUEZ1nEytDeP consumed 3417 of 187767 compute units
[2022-02-12T07:55:15.421021000Z DEBUG solana_program_runtime::stable_log] Program GcdayuLaLyrdmUu324nahyv33G5poQdLUEZ1nEytDeP success
[2022-02-12T07:55:15.421179000Z DEBUG solana_bpf_loader_program] Program 8opHzTAnfzRpPEx21XtnrVTX28YQuCpAjcn1PczScKh consumed 20591 of 200000 compute units
[2022-02-12T07:55:15.421261000Z DEBUG solana_program_runtime::stable_log] Program 8opHzTAnfzRpPEx21XtnrVTX28YQuCpAjcn1PczScKh success
[2022-02-12T07:55:15.421308000Z DEBUG solana_bpf_loader_program] Program 4uQeVj5tqViQh7yWWGStvkEG1Zmhx6uasJtWCJziofM consumed 16058 of 200000 compute units
[2022-02-12T07:55:15.421384000Z DEBUG solana_program_runtime::stable_log] Program 4uQeVj5tqViQh7yWWGStvkEG1Zmhx6uasJtWCJziofM success
[2022-02-12T07:55:15.426118000Z DEBUG solana_program_runtime::stable_log] Program 11111111111111111111111111111111 invoke [1]
[2022-02-12T07:55:15.426176000Z DEBUG solana_program_runtime::stable_log] Program 11111111111111111111111111111111 success
[2022-02-12T07:55:15.433836000Z DEBUG solana_program_runtime::stable_log] Program TokenkegQfeZyiNwAJbNbGKPFXCWuBvf9Ss623VQ5DA invoke [1]
[2022-02-12T07:55:15.434335000Z DEBUG solana_program_runtime::stable_log] Program log: Instruction: InitializeAccount
[2022-02-12T07:55:15.435343000Z DEBUG solana_bpf_loader_program] Program TokenkegQfeZyiNwAJbNbGKPFXCWuBvf9Ss623VQ5DA consumed 3411 of 200000 compute units
[2022-02-12T07:55:15.435402000Z DEBUG solana_program_runtime::stable_log] Program TokenkegQfeZyiNwAJbNbGKPFXCWuBvf9Ss623VQ5DA success
[2022-02-12T07:55:15.439233000Z DEBUG solana_program_runtime::stable_log] Program 11111111111111111111111111111111 invoke [1]
[2022-02-12T07:55:15.439340000Z DEBUG solana_program_runtime::stable_log] Program 11111111111111111111111111111111 success
[2022-02-12T07:55:15.439791000Z DEBUG solana_program_runtime::stable_log] Program 4uQeVj5tqViQh7yWWGStvkEG1Zmhx6uasJtWCJziofM invoke [1]
[2022-02-12T07:55:15.441761000Z DEBUG solana_program_runtime::stable_log] Program log: Mango: PlaceSpotOrder
[2022-02-12T07:55:15.447287000Z DEBUG solana_program_runtime::stable_log] Program TokenkegQfeZyiNwAJbNbGKPFXCWuBvf9Ss623VQ5DA invoke [1]
[2022-02-12T07:55:15.447804000Z DEBUG solana_program_runtime::stable_log] Program log: Instruction: InitializeAccount
[2022-02-12T07:55:15.448876000Z DEBUG solana_bpf_loader_program] Program TokenkegQfeZyiNwAJbNbGKPFXCWuBvf9Ss623VQ5DA consumed 3411 of 200000 compute units
[2022-02-12T07:55:15.448940000Z DEBUG solana_program_runtime::stable_log] Program TokenkegQfeZyiNwAJbNbGKPFXCWuBvf9Ss623VQ5DA success
[2022-02-12T07:55:15.457131000Z DEBUG solana_program_runtime::stable_log] Program 11111111111111111111111111111111 invoke [1]
[2022-02-12T07:55:15.457202000Z DEBUG solana_program_runtime::stable_log] Program 11111111111111111111111111111111 success
[2022-02-12T07:55:15.457257000Z DEBUG solana_program_runtime::stable_log] Program 11111111111111111111111111111111 invoke [1]
[2022-02-12T07:55:15.457299000Z DEBUG solana_program_runtime::stable_log] Program 11111111111111111111111111111111 success
[2022-02-12T07:55:15.457351000Z DEBUG solana_program_runtime::stable_log] Program 11111111111111111111111111111111 invoke [1]
[2022-02-12T07:55:15.457427000Z DEBUG solana_program_runtime::stable_log] Program 11111111111111111111111111111111 success
[2022-02-12T07:55:15.457661000Z DEBUG solana_program_runtime::stable_log] Program 11111111111111111111111111111111 invoke [1]
[2022-02-12T07:55:15.457718000Z DEBUG solana_program_runtime::stable_log] Program 11111111111111111111111111111111 success
[2022-02-12T07:55:15.457777000Z DEBUG solana_program_runtime::stable_log] Program 11111111111111111111111111111111 invoke [1]
[2022-02-12T07:55:15.457823000Z DEBUG solana_program_runtime::stable_log] Program 11111111111111111111111111111111 success
[2022-02-12T07:55:15.458551000Z DEBUG solana_program_runtime::stable_log] Program GcdayuLaLyrdmUu324nahyv33G5poQdLUEZ1nEytDeP invoke [2]
[2022-02-12T07:55:15.467307000Z DEBUG solana_program_runtime::stable_log] Program CiDwVBFgWV9E5MvXWoLgnEgn2hK7rJikbvfWavzAQz3 invoke [1]
[2022-02-12T07:55:15.471362000Z DEBUG solana_program_runtime::stable_log] Program TokenkegQfeZyiNwAJbNbGKPFXCWuBvf9Ss623VQ5DA invoke [3]
[2022-02-12T07:55:15.471817000Z DEBUG solana_program_runtime::stable_log] Program log: Instruction: Transfer
[2022-02-12T07:55:15.472417000Z DEBUG solana_bpf_loader_program] Program CiDwVBFgWV9E5MvXWoLgnEgn2hK7rJikbvfWavzAQz3 consumed 13661 of 200000 compute units
[2022-02-12T07:55:15.472644000Z DEBUG solana_program_runtime::stable_log] Program CiDwVBFgWV9E5MvXWoLgnEgn2hK7rJikbvfWavzAQz3 success
[2022-02-12T07:55:15.472755000Z DEBUG solana_bpf_loader_program] Program TokenkegQfeZyiNwAJbNbGKPFXCWuBvf9Ss623VQ5DA consumed 3121 of 157759 compute units
[2022-02-12T07:55:15.472811000Z DEBUG solana_program_runtime::stable_log] Program TokenkegQfeZyiNwAJbNbGKPFXCWuBvf9Ss623VQ5DA success
[2022-02-12T07:55:15.473592000Z DEBUG solana_bpf_loader_program] Program GcdayuLaLyrdmUu324nahyv33G5poQdLUEZ1nEytDeP consumed 18030 of 171496 compute units
[2022-02-12T07:55:15.473935000Z DEBUG solana_program_runtime::stable_log] Program GcdayuLaLyrdmUu324nahyv33G5poQdLUEZ1nEytDeP success
[2022-02-12T07:55:15.482723000Z DEBUG solana_program_runtime::stable_log] Program 11111111111111111111111111111111 invoke [1]
[2022-02-12T07:55:15.482804000Z DEBUG solana_program_runtime::stable_log] Program 11111111111111111111111111111111 success
[2022-02-12T07:55:15.484097000Z DEBUG solana_program_runtime::stable_log] Program GcdayuLaLyrdmUu324nahyv33G5poQdLUEZ1nEytDeP invoke [2]
[2022-02-12T07:55:15.490736000Z DEBUG solana_program_runtime::stable_log] Program TokenkegQfeZyiNwAJbNbGKPFXCWuBvf9Ss623VQ5DA invoke [1]
[2022-02-12T07:55:15.491254000Z DEBUG solana_program_runtime::stable_log] Program log: Instruction: InitializeAccount
[2022-02-12T07:55:15.492307000Z DEBUG solana_bpf_loader_program] Program TokenkegQfeZyiNwAJbNbGKPFXCWuBvf9Ss623VQ5DA consumed 3411 of 200000 compute units
[2022-02-12T07:55:15.492371000Z DEBUG solana_program_runtime::stable_log] Program TokenkegQfeZyiNwAJbNbGKPFXCWuBvf9Ss623VQ5DA success
[2022-02-12T07:55:15.495184000Z DEBUG solana_program_runtime::stable_log] Program TokenkegQfeZyiNwAJbNbGKPFXCWuBvf9Ss623VQ5DA invoke [3]
[2022-02-12T07:55:15.495624000Z DEBUG solana_program_runtime::stable_log] Program log: Instruction: Transfer
[2022-02-12T07:55:15.496534000Z DEBUG solana_program_runtime::stable_log] Program 11111111111111111111111111111111 invoke [1]
[2022-02-12T07:55:15.496528000Z DEBUG solana_bpf_loader_program] Program TokenkegQfeZyiNwAJbNbGKPFXCWuBvf9Ss623VQ5DA consumed 3121 of 140127 compute units
[2022-02-12T07:55:15.496594000Z DEBUG solana_program_runtime::stable_log] Program 11111111111111111111111111111111 success
[2022-02-12T07:55:15.496598000Z DEBUG solana_program_runtime::stable_log] Program TokenkegQfeZyiNwAJbNbGKPFXCWuBvf9Ss623VQ5DA success
[2022-02-12T07:55:15.499815000Z DEBUG solana_program_runtime::stable_log] Program 11111111111111111111111111111111 invoke [1]
[2022-02-12T07:55:15.499865000Z DEBUG solana_program_runtime::stable_log] Program 11111111111111111111111111111111 success
[2022-02-12T07:55:15.505028000Z DEBUG solana_program_runtime::stable_log] Program TokenkegQfeZyiNwAJbNbGKPFXCWuBvf9Ss623VQ5DA invoke [3]
[2022-02-12T07:55:15.505458000Z DEBUG solana_program_runtime::stable_log] Program log: Instruction: Transfer
[2022-02-12T07:55:15.506359000Z DEBUG solana_bpf_loader_program] Program TokenkegQfeZyiNwAJbNbGKPFXCWuBvf9Ss623VQ5DA consumed 3121 of 134263 compute units
[2022-02-12T07:55:15.506413000Z DEBUG solana_program_runtime::stable_log] Program TokenkegQfeZyiNwAJbNbGKPFXCWuBvf9Ss623VQ5DA success
[2022-02-12T07:55:15.507028000Z DEBUG solana_bpf_loader_program] Program GcdayuLaLyrdmUu324nahyv33G5poQdLUEZ1nEytDeP consumed 20198 of 150434 compute units
[2022-02-12T07:55:15.507097000Z DEBUG solana_program_runtime::stable_log] Program GcdayuLaLyrdmUu324nahyv33G5poQdLUEZ1nEytDeP success
[2022-02-12T07:55:15.509557000Z DEBUG solana_program_runtime::stable_log] Program log: mango-log
[2022-02-12T07:55:15.510305000Z DEBUG solana_program_runtime::stable_log] Program log: F5qwwQsqqPQUKe5/PL8czqjQHgAKx8rTVSdab9LrSJK5Jkk3jR829nwJYdq3U+mxyarAAn8O9qA3y7Hs91k8NSEnTQy+LXMhDwAAAAAAAAAAAAAAAAAAAAAAAAAAAAAAAAAAAAAAiBMAAAAAAAAAAA==
[2022-02-12T07:55:15.510357000Z DEBUG solana_program_runtime::stable_log] Program log: mango-log
[2022-02-12T07:55:15.511099000Z DEBUG solana_program_runtime::stable_log] Program log: F5qwwQsqqPQUKe5/PL8czqjQHgAKx8rTVSdab9LrSJK5Jkk3jR829nwJYdq3U+mxyarAAn8O9qA3y7Hs91k8NSEnTQy+LXMhAAAAAAAAAAAAAAAAAAAAAAAAAAAAAAAAAAAAAAAAAAAAAAAAAAAAAA==
[2022-02-12T07:55:15.511537000Z DEBUG solana_program_runtime::stable_log] Program 8opHzTAnfzRpPEx21XtnrVTX28YQuCpAjcn1PczScKh invoke [1]
[2022-02-12T07:55:15.512240000Z DEBUG solana_program_runtime::stable_log] Program log: Mango: AddSpotMarket
[2022-02-12T07:55:15.512992000Z DEBUG solana_program_runtime::stable_log] Program log: mango-log
[2022-02-12T07:55:15.513870000Z DEBUG solana_program_runtime::stable_log] Program log: V4pUNuOCxqwUKe5/PL8czqjQHgAKx8rTVSdab9LrSJK5Jkk3jR829nwJYdq3U+mxyarAAn8O9qA3y7Hs91k8NSEnTQy+LXMhAAAAAAAAAAAAAAAAAAAAAAAAAAAAAAAAANYRfgMAAAAAAAAAAAAAAAAAAAAAAAAA
[2022-02-12T07:55:15.514532000Z DEBUG solana_bpf_loader_program] Program 4uQeVj5tqViQh7yWWGStvkEG1Zmhx6uasJtWCJziofM consumed 91739 of 200000 compute units
[2022-02-12T07:55:15.514769000Z DEBUG solana_program_runtime::stable_log] Program 4uQeVj5tqViQh7yWWGStvkEG1Zmhx6uasJtWCJziofM success
[2022-02-12T07:55:15.518522000Z DEBUG solana_bpf_loader_program] Program 8opHzTAnfzRpPEx21XtnrVTX28YQuCpAjcn1PczScKh consumed 20630 of 200000 compute units
[2022-02-12T07:55:15.518631000Z DEBUG solana_program_runtime::stable_log] Program 8opHzTAnfzRpPEx21XtnrVTX28YQuCpAjcn1PczScKh success
[2022-02-12T07:55:15.523817000Z DEBUG solana_program_runtime::stable_log] Program 11111111111111111111111111111111 invoke [1]
[2022-02-12T07:55:15.523896000Z DEBUG solana_program_runtime::stable_log] Program 11111111111111111111111111111111 success
[2022-02-12T07:55:15.531896000Z DEBUG solana_program_runtime::stable_log] Program TokenkegQfeZyiNwAJbNbGKPFXCWuBvf9Ss623VQ5DA invoke [1]
[2022-02-12T07:55:15.532431000Z DEBUG solana_program_runtime::stable_log] Program log: Instruction: InitializeAccount
[2022-02-12T07:55:15.532696000Z DEBUG solana_program_runtime::stable_log] Program 4uQeVj5tqViQh7yWWGStvkEG1Zmhx6uasJtWCJziofM invoke [1]
[2022-02-12T07:55:15.533326000Z DEBUG solana_program_runtime::stable_log] Program log: Mango: CreateSpotOpenOrders
[2022-02-12T07:55:15.533484000Z DEBUG solana_bpf_loader_program] Program TokenkegQfeZyiNwAJbNbGKPFXCWuBvf9Ss623VQ5DA consumed 3411 of 200000 compute units
[2022-02-12T07:55:15.533551000Z DEBUG solana_program_runtime::stable_log] Program TokenkegQfeZyiNwAJbNbGKPFXCWuBvf9Ss623VQ5DA success
[2022-02-12T07:55:15.534568000Z DEBUG solana_program_runtime::stable_log] Program 11111111111111111111111111111111 invoke [2]
[2022-02-12T07:55:15.534620000Z DEBUG solana_program_runtime::stable_log] Program 11111111111111111111111111111111 success
[2022-02-12T07:55:15.537881000Z DEBUG solana_program_runtime::stable_log] Program 11111111111111111111111111111111 invoke [1]
[2022-02-12T07:55:15.537929000Z DEBUG solana_program_runtime::stable_log] Program 11111111111111111111111111111111 success
[2022-02-12T07:55:15.543316000Z DEBUG solana_program_runtime::stable_log] Program GcdayuLaLyrdmUu324nahyv33G5poQdLUEZ1nEytDeP invoke [2]
[2022-02-12T07:55:15.544812000Z DEBUG solana_bpf_loader_program] Program GcdayuLaLyrdmUu324nahyv33G5poQdLUEZ1nEytDeP consumed 3417 of 187767 compute units
[2022-02-12T07:55:15.544870000Z DEBUG solana_program_runtime::stable_log] Program GcdayuLaLyrdmUu324nahyv33G5poQdLUEZ1nEytDeP success
[2022-02-12T07:55:15.545156000Z DEBUG solana_bpf_loader_program] Program 4uQeVj5tqViQh7yWWGStvkEG1Zmhx6uasJtWCJziofM consumed 16058 of 200000 compute units
[2022-02-12T07:55:15.545242000Z DEBUG solana_program_runtime::stable_log] Program 4uQeVj5tqViQh7yWWGStvkEG1Zmhx6uasJtWCJziofM success
[2022-02-12T07:55:15.545895000Z DEBUG solana_program_runtime::stable_log] Program TokenkegQfeZyiNwAJbNbGKPFXCWuBvf9Ss623VQ5DA invoke [1]
[2022-02-12T07:55:15.546422000Z DEBUG solana_program_runtime::stable_log] Program log: Instruction: InitializeAccount
[2022-02-12T07:55:15.547483000Z DEBUG solana_bpf_loader_program] Program TokenkegQfeZyiNwAJbNbGKPFXCWuBvf9Ss623VQ5DA consumed 3411 of 200000 compute units
[2022-02-12T07:55:15.547544000Z DEBUG solana_program_runtime::stable_log] Program TokenkegQfeZyiNwAJbNbGKPFXCWuBvf9Ss623VQ5DA success
[2022-02-12T07:55:15.555399000Z DEBUG solana_program_runtime::stable_log] Program 11111111111111111111111111111111 invoke [1]
[2022-02-12T07:55:15.555460000Z DEBUG solana_program_runtime::stable_log] Program 11111111111111111111111111111111 success
[2022-02-12T07:55:15.555512000Z DEBUG solana_program_runtime::stable_log] Program 11111111111111111111111111111111 invoke [1]
[2022-02-12T07:55:15.555559000Z DEBUG solana_program_runtime::stable_log] Program 11111111111111111111111111111111 success
[2022-02-12T07:55:15.555606000Z DEBUG solana_program_runtime::stable_log] Program 11111111111111111111111111111111 invoke [1]
[2022-02-12T07:55:15.555693000Z DEBUG solana_program_runtime::stable_log] Program 11111111111111111111111111111111 success
[2022-02-12T07:55:15.555911000Z DEBUG solana_program_runtime::stable_log] Program 11111111111111111111111111111111 invoke [1]
[2022-02-12T07:55:15.555954000Z DEBUG solana_program_runtime::stable_log] Program 11111111111111111111111111111111 success
[2022-02-12T07:55:15.556011000Z DEBUG solana_program_runtime::stable_log] Program 11111111111111111111111111111111 invoke [1]
[2022-02-12T07:55:15.556054000Z DEBUG solana_program_runtime::stable_log] Program 11111111111111111111111111111111 success
[2022-02-12T07:55:15.564107000Z DEBUG solana_program_runtime::stable_log] Program 4uQeVj5tqViQh7yWWGStvkEG1Zmhx6uasJtWCJziofM invoke [1]
[2022-02-12T07:55:15.565554000Z DEBUG solana_program_runtime::stable_log] Program CiDwVBFgWV9E5MvXWoLgnEgn2hK7rJikbvfWavzAQz3 invoke [1]
[2022-02-12T07:55:15.566088000Z DEBUG solana_program_runtime::stable_log] Program log: Mango: PlaceSpotOrder
[2022-02-12T07:55:15.570751000Z DEBUG solana_bpf_loader_program] Program CiDwVBFgWV9E5MvXWoLgnEgn2hK7rJikbvfWavzAQz3 consumed 13661 of 200000 compute units
[2022-02-12T07:55:15.570880000Z DEBUG solana_program_runtime::stable_log] Program CiDwVBFgWV9E5MvXWoLgnEgn2hK7rJikbvfWavzAQz3 success
[2022-02-12T07:55:15.578894000Z DEBUG solana_program_runtime::stable_log] Program 11111111111111111111111111111111 invoke [1]
[2022-02-12T07:55:15.578983000Z DEBUG solana_program_runtime::stable_log] Program 11111111111111111111111111111111 success
[2022-02-12T07:55:15.583129000Z DEBUG solana_program_runtime::stable_log] Program GcdayuLaLyrdmUu324nahyv33G5poQdLUEZ1nEytDeP invoke [2]
[2022-02-12T07:55:15.587003000Z DEBUG solana_program_runtime::stable_log] Program TokenkegQfeZyiNwAJbNbGKPFXCWuBvf9Ss623VQ5DA invoke [1]
[2022-02-12T07:55:15.587518000Z DEBUG solana_program_runtime::stable_log] Program log: Instruction: InitializeAccount
[2022-02-12T07:55:15.588576000Z DEBUG solana_bpf_loader_program] Program TokenkegQfeZyiNwAJbNbGKPFXCWuBvf9Ss623VQ5DA consumed 3411 of 200000 compute units
[2022-02-12T07:55:15.588635000Z DEBUG solana_program_runtime::stable_log] Program TokenkegQfeZyiNwAJbNbGKPFXCWuBvf9Ss623VQ5DA success
[2022-02-12T07:55:15.592672000Z DEBUG solana_program_runtime::stable_log] Program 11111111111111111111111111111111 invoke [1]
[2022-02-12T07:55:15.592721000Z DEBUG solana_program_runtime::stable_log] Program 11111111111111111111111111111111 success
[2022-02-12T07:55:15.595603000Z DEBUG solana_program_runtime::stable_log] Program TokenkegQfeZyiNwAJbNbGKPFXCWuBvf9Ss623VQ5DA invoke [3]
[2022-02-12T07:55:15.595991000Z DEBUG solana_program_runtime::stable_log] Program 11111111111111111111111111111111 invoke [1]
[2022-02-12T07:55:15.596044000Z DEBUG solana_program_runtime::stable_log] Program log: Instruction: Transfer
[2022-02-12T07:55:15.596044000Z DEBUG solana_program_runtime::stable_log] Program 11111111111111111111111111111111 success
[2022-02-12T07:55:15.596956000Z DEBUG solana_bpf_loader_program] Program TokenkegQfeZyiNwAJbNbGKPFXCWuBvf9Ss623VQ5DA consumed 3121 of 158860 compute units
[2022-02-12T07:55:15.597021000Z DEBUG solana_program_runtime::stable_log] Program TokenkegQfeZyiNwAJbNbGKPFXCWuBvf9Ss623VQ5DA success
[2022-02-12T07:55:15.597809000Z DEBUG solana_bpf_loader_program] Program GcdayuLaLyrdmUu324nahyv33G5poQdLUEZ1nEytDeP consumed 16702 of 171269 compute units
[2022-02-12T07:55:15.598151000Z DEBUG solana_program_runtime::stable_log] Program GcdayuLaLyrdmUu324nahyv33G5poQdLUEZ1nEytDeP success
[2022-02-12T07:55:15.607803000Z DEBUG solana_program_runtime::stable_log] Program 8opHzTAnfzRpPEx21XtnrVTX28YQuCpAjcn1PczScKh invoke [1]
[2022-02-12T07:55:15.608390000Z DEBUG solana_program_runtime::stable_log] Program GcdayuLaLyrdmUu324nahyv33G5poQdLUEZ1nEytDeP invoke [2]
[2022-02-12T07:55:15.608519000Z DEBUG solana_program_runtime::stable_log] Program log: Mango: AddSpotMarket
[2022-02-12T07:55:15.614823000Z DEBUG solana_bpf_loader_program] Program 8opHzTAnfzRpPEx21XtnrVTX28YQuCpAjcn1PczScKh consumed 20669 of 200000 compute units
[2022-02-12T07:55:15.614916000Z DEBUG solana_program_runtime::stable_log] Program 8opHzTAnfzRpPEx21XtnrVTX28YQuCpAjcn1PczScKh success
[2022-02-12T07:55:15.619482000Z DEBUG solana_program_runtime::stable_log] Program TokenkegQfeZyiNwAJbNbGKPFXCWuBvf9Ss623VQ5DA invoke [3]
[2022-02-12T07:55:15.619864000Z DEBUG solana_program_runtime::stable_log] Program 11111111111111111111111111111111 invoke [1]
[2022-02-12T07:55:15.619915000Z DEBUG solana_program_runtime::stable_log] Program log: Instruction: Transfer
[2022-02-12T07:55:15.619932000Z DEBUG solana_program_runtime::stable_log] Program 11111111111111111111111111111111 success
[2022-02-12T07:55:15.620820000Z DEBUG solana_bpf_loader_program] Program TokenkegQfeZyiNwAJbNbGKPFXCWuBvf9Ss623VQ5DA consumed 3121 of 141228 compute units
[2022-02-12T07:55:15.620878000Z DEBUG solana_program_runtime::stable_log] Program TokenkegQfeZyiNwAJbNbGKPFXCWuBvf9Ss623VQ5DA success
[2022-02-12T07:55:15.627672000Z DEBUG solana_program_runtime::stable_log] Program TokenkegQfeZyiNwAJbNbGKPFXCWuBvf9Ss623VQ5DA invoke [1]
[2022-02-12T07:55:15.628208000Z DEBUG solana_program_runtime::stable_log] Program log: Instruction: InitializeAccount
[2022-02-12T07:55:15.629260000Z DEBUG solana_bpf_loader_program] Program TokenkegQfeZyiNwAJbNbGKPFXCWuBvf9Ss623VQ5DA consumed 3411 of 200000 compute units
[2022-02-12T07:55:15.629319000Z DEBUG solana_program_runtime::stable_log] Program TokenkegQfeZyiNwAJbNbGKPFXCWuBvf9Ss623VQ5DA success
[2022-02-12T07:55:15.629438000Z DEBUG solana_program_runtime::stable_log] Program TokenkegQfeZyiNwAJbNbGKPFXCWuBvf9Ss623VQ5DA invoke [3]
[2022-02-12T07:55:15.629900000Z DEBUG solana_program_runtime::stable_log] Program log: Instruction: Transfer
[2022-02-12T07:55:15.630854000Z DEBUG solana_bpf_loader_program] Program TokenkegQfeZyiNwAJbNbGKPFXCWuBvf9Ss623VQ5DA consumed 3121 of 135364 compute units
[2022-02-12T07:55:15.630913000Z DEBUG solana_program_runtime::stable_log] Program TokenkegQfeZyiNwAJbNbGKPFXCWuBvf9Ss623VQ5DA success
[2022-02-12T07:55:15.631575000Z DEBUG solana_bpf_loader_program] Program GcdayuLaLyrdmUu324nahyv33G5poQdLUEZ1nEytDeP consumed 20198 of 151535 compute units
[2022-02-12T07:55:15.631647000Z DEBUG solana_program_runtime::stable_log] Program GcdayuLaLyrdmUu324nahyv33G5poQdLUEZ1nEytDeP success
[2022-02-12T07:55:15.632797000Z DEBUG solana_program_runtime::stable_log] Program 11111111111111111111111111111111 invoke [1]
[2022-02-12T07:55:15.632845000Z DEBUG solana_program_runtime::stable_log] Program 11111111111111111111111111111111 success
[2022-02-12T07:55:15.633968000Z DEBUG solana_program_runtime::stable_log] Program log: mango-log
[2022-02-12T07:55:15.634735000Z DEBUG solana_program_runtime::stable_log] Program log: F5qwwQsqqPQUKe5/PL8czqjQHgAKx8rTVSdab9LrSJK5Jkk3jR829lEsXkBHmV8kPlnls39WXZP19KmJnq2lcFcBzob/4dj9DwAAAAAAAAAAAAAAAACHYQAAAAAAAAAAAAAAAAAAAAAAAAAAAAAAAA==
[2022-02-12T07:55:15.635397000Z DEBUG solana_program_runtime::stable_log] Program log: mango-log
[2022-02-12T07:55:15.636171000Z DEBUG solana_program_runtime::stable_log] Program log: F5qwwQsqqPQUKe5/PL8czqjQHgAKx8rTVSdab9LrSJK5Jkk3jR829lEsXkBHmV8kPlnls39WXZP19KmJnq2lcFcBzob/4dj9AAAAAAAAAAAAAAAAAAAAAAAAAAAAAAAAAAAAAAAAAAAAAAAAAAAAAA==
[2022-02-12T07:55:15.637081000Z DEBUG solana_program_runtime::stable_log] Program log: mango-log
[2022-02-12T07:55:15.637915000Z DEBUG solana_program_runtime::stable_log] Program log: V4pUNuOCxqwUKe5/PL8czqjQHgAKx8rTVSdab9LrSJK5Jkk3jR829lEsXkBHmV8kPlnls39WXZP19KmJnq2lcFcBzob/4dj9AAAAAAAAAAAAAAAAAAAAAAAAAAAAAAAAAAAAAAAAAAAAAAAAAAAAAAAAAAAAAAAA
[2022-02-12T07:55:15.638562000Z DEBUG solana_bpf_loader_program] Program 4uQeVj5tqViQh7yWWGStvkEG1Zmhx6uasJtWCJziofM consumed 88017 of 200000 compute units
[2022-02-12T07:55:15.638810000Z DEBUG solana_program_runtime::stable_log] Program 4uQeVj5tqViQh7yWWGStvkEG1Zmhx6uasJtWCJziofM success
[2022-02-12T07:55:15.640758000Z DEBUG solana_program_runtime::stable_log] Program TokenkegQfeZyiNwAJbNbGKPFXCWuBvf9Ss623VQ5DA invoke [1]
[2022-02-12T07:55:15.641281000Z DEBUG solana_program_runtime::stable_log] Program log: Instruction: InitializeAccount
[2022-02-12T07:55:15.642342000Z DEBUG solana_bpf_loader_program] Program TokenkegQfeZyiNwAJbNbGKPFXCWuBvf9Ss623VQ5DA consumed 3411 of 200000 compute units
[2022-02-12T07:55:15.642401000Z DEBUG solana_program_runtime::stable_log] Program TokenkegQfeZyiNwAJbNbGKPFXCWuBvf9Ss623VQ5DA success
[2022-02-12T07:55:15.650915000Z DEBUG solana_program_runtime::stable_log] Program 11111111111111111111111111111111 invoke [1]
[2022-02-12T07:55:15.650985000Z DEBUG solana_program_runtime::stable_log] Program 11111111111111111111111111111111 success
[2022-02-12T07:55:15.651041000Z DEBUG solana_program_runtime::stable_log] Program 11111111111111111111111111111111 invoke [1]
[2022-02-12T07:55:15.651083000Z DEBUG solana_program_runtime::stable_log] Program 11111111111111111111111111111111 success
[2022-02-12T07:55:15.651131000Z DEBUG solana_program_runtime::stable_log] Program 11111111111111111111111111111111 invoke [1]
[2022-02-12T07:55:15.651202000Z DEBUG solana_program_runtime::stable_log] Program 11111111111111111111111111111111 success
[2022-02-12T07:55:15.651434000Z DEBUG solana_program_runtime::stable_log] Program 11111111111111111111111111111111 invoke [1]
[2022-02-12T07:55:15.651479000Z DEBUG solana_program_runtime::stable_log] Program 11111111111111111111111111111111 success
[2022-02-12T07:55:15.651539000Z DEBUG solana_program_runtime::stable_log] Program 11111111111111111111111111111111 invoke [1]
[2022-02-12T07:55:15.651583000Z DEBUG solana_program_runtime::stable_log] Program 11111111111111111111111111111111 success
[2022-02-12T07:55:15.661195000Z DEBUG solana_program_runtime::stable_log] Program CiDwVBFgWV9E5MvXWoLgnEgn2hK7rJikbvfWavzAQz3 invoke [1]
[2022-02-12T07:55:15.666437000Z DEBUG solana_bpf_loader_program] Program CiDwVBFgWV9E5MvXWoLgnEgn2hK7rJikbvfWavzAQz3 consumed 13661 of 200000 compute units
[2022-02-12T07:55:15.666581000Z DEBUG solana_program_runtime::stable_log] Program CiDwVBFgWV9E5MvXWoLgnEgn2hK7rJikbvfWavzAQz3 success
[2022-02-12T07:55:15.674260000Z DEBUG solana_program_runtime::stable_log] Program 11111111111111111111111111111111 invoke [1]
[2022-02-12T07:55:15.674346000Z DEBUG solana_program_runtime::stable_log] Program 11111111111111111111111111111111 success
[2022-02-12T07:55:15.676522000Z DEBUG solana_program_runtime::stable_log] Program 4uQeVj5tqViQh7yWWGStvkEG1Zmhx6uasJtWCJziofM invoke [1]
[2022-02-12T07:55:15.676875000Z DEBUG solana_program_runtime::stable_log] Program log: Mango: CachePrices
[2022-02-12T07:55:15.677217000Z DEBUG solana_program_runtime::stable_log] Program log: mango-log
[2022-02-12T07:55:15.677849000Z DEBUG solana_program_runtime::stable_log] Program log: ux0uSxX5tBsUKe5/PL8czqjQHgAKx8rTVSdab9LrSJK5Jkk3jR829gEAAAAAAAAAAAAAAAEAAAAAAAAAAACYOgAAAAAAAAAA
[2022-02-12T07:55:15.677960000Z DEBUG solana_bpf_loader_program] Program 4uQeVj5tqViQh7yWWGStvkEG1Zmhx6uasJtWCJziofM consumed 3669 of 200000 compute units
[2022-02-12T07:55:15.678017000Z DEBUG solana_program_runtime::stable_log] Program 4uQeVj5tqViQh7yWWGStvkEG1Zmhx6uasJtWCJziofM success
[2022-02-12T07:55:15.682338000Z DEBUG solana_program_runtime::stable_log] Program TokenkegQfeZyiNwAJbNbGKPFXCWuBvf9Ss623VQ5DA invoke [1]
[2022-02-12T07:55:15.682860000Z DEBUG solana_program_runtime::stable_log] Program log: Instruction: InitializeAccount
[2022-02-12T07:55:15.683916000Z DEBUG solana_bpf_loader_program] Program TokenkegQfeZyiNwAJbNbGKPFXCWuBvf9Ss623VQ5DA consumed 3411 of 200000 compute units
[2022-02-12T07:55:15.683977000Z DEBUG solana_program_runtime::stable_log] Program TokenkegQfeZyiNwAJbNbGKPFXCWuBvf9Ss623VQ5DA success
[2022-02-12T07:55:15.688023000Z DEBUG solana_program_runtime::stable_log] Program 11111111111111111111111111111111 invoke [1]
[2022-02-12T07:55:15.688081000Z DEBUG solana_program_runtime::stable_log] Program 11111111111111111111111111111111 success
[2022-02-12T07:55:15.688479000Z DEBUG solana_program_runtime::stable_log] Program 4uQeVj5tqViQh7yWWGStvkEG1Zmhx6uasJtWCJziofM invoke [1]
[2022-02-12T07:55:15.688884000Z DEBUG solana_program_runtime::stable_log] Program log: Mango: UpdateRootBank
[2022-02-12T07:55:15.690707000Z DEBUG solana_program_runtime::stable_log] Program log: mango-log
[2022-02-12T07:55:15.691336000Z DEBUG solana_program_runtime::stable_log] Program log: 8HmBNKTUaLgUKe5/PL8czqjQHgAKx8rTVSdab9LrSJK5Jkk3jR829gAAAAAAAAAAAAAAAAAAQEIPAAAAAAAAAAAAAAAAAEBCDwAAAAAAAAA=
[2022-02-12T07:55:15.691438000Z DEBUG solana_program_runtime::stable_log] Program 11111111111111111111111111111111 invoke [1]
[2022-02-12T07:55:15.691483000Z DEBUG solana_program_runtime::stable_log] Program 11111111111111111111111111111111 success
[2022-02-12T07:55:15.691466000Z DEBUG solana_bpf_loader_program] Program 4uQeVj5tqViQh7yWWGStvkEG1Zmhx6uasJtWCJziofM consumed 8519 of 200000 compute units
[2022-02-12T07:55:15.691526000Z DEBUG solana_program_runtime::stable_log] Program 4uQeVj5tqViQh7yWWGStvkEG1Zmhx6uasJtWCJziofM success
[2022-02-12T07:55:15.701769000Z DEBUG solana_program_runtime::stable_log] Program 4uQeVj5tqViQh7yWWGStvkEG1Zmhx6uasJtWCJziofM invoke [1]
[2022-02-12T07:55:15.702253000Z DEBUG solana_program_runtime::stable_log] Program log: Mango: UpdateFunding
[2022-02-12T07:55:15.703397000Z DEBUG solana_program_runtime::stable_log] Program log: mango-log
[2022-02-12T07:55:15.703387000Z DEBUG solana_program_runtime::stable_log] Program 8opHzTAnfzRpPEx21XtnrVTX28YQuCpAjcn1PczScKh invoke [1]
[2022-02-12T07:55:15.704018000Z DEBUG solana_program_runtime::stable_log] Program log: ta5iwCEXTXsUKe5/PL8czqjQHgAKx8rTVSdab9LrSJK5Jkk3jR829gAAAAAAAAAAAAAAAAAAAAAAAAAAAAAAAAAAAAAAAAAAAAAAAAAAAAA=
[2022-02-12T07:55:15.704085000Z DEBUG solana_program_runtime::stable_log] Program log: Mango: AddSpotMarket
[2022-02-12T07:55:15.704171000Z DEBUG solana_bpf_loader_program] Program 4uQeVj5tqViQh7yWWGStvkEG1Zmhx6uasJtWCJziofM consumed 6381 of 200000 compute units
[2022-02-12T07:55:15.704243000Z DEBUG solana_program_runtime::stable_log] Program 4uQeVj5tqViQh7yWWGStvkEG1Zmhx6uasJtWCJziofM success
[2022-02-12T07:55:15.710461000Z DEBUG solana_bpf_loader_program] Program 8opHzTAnfzRpPEx21XtnrVTX28YQuCpAjcn1PczScKh consumed 20708 of 200000 compute units
[2022-02-12T07:55:15.710557000Z DEBUG solana_program_runtime::stable_log] Program 8opHzTAnfzRpPEx21XtnrVTX28YQuCpAjcn1PczScKh success
[2022-02-12T07:55:15.714575000Z DEBUG solana_program_runtime::stable_log] Program 4uQeVj5tqViQh7yWWGStvkEG1Zmhx6uasJtWCJziofM invoke [1]
[2022-02-12T07:55:15.714977000Z DEBUG solana_program_runtime::stable_log] Program log: Mango: CacheRootBanks
[2022-02-12T07:55:15.715666000Z DEBUG solana_program_runtime::stable_log] Program log: mango-log
[2022-02-12T07:55:15.716568000Z DEBUG solana_program_runtime::stable_log] Program 11111111111111111111111111111111 invoke [1]
[2022-02-12T07:55:15.716591000Z DEBUG solana_program_runtime::stable_log] Program log: IVXYca/GfegUKe5/PL8czqjQHgAKx8rTVSdab9LrSJK5Jkk3jR829gIAAAAAAAAAAAAAAA8AAAAAAAAAAgAAAAAAAAAAAEBCDwAAAAAAAAAAAAAAAABAQg8AAAAAAAAAAgAAAAAAAAAAAEBCDwAAAAAAAAAAAAAAAABAQg8AAAAAAAAA
[2022-02-12T07:55:15.716638000Z DEBUG solana_program_runtime::stable_log] Program 11111111111111111111111111111111 success
[2022-02-12T07:55:15.716719000Z DEBUG solana_bpf_loader_program] Program 4uQeVj5tqViQh7yWWGStvkEG1Zmhx6uasJtWCJziofM consumed 5857 of 200000 compute units
[2022-02-12T07:55:15.716773000Z DEBUG solana_program_runtime::stable_log] Program 4uQeVj5tqViQh7yWWGStvkEG1Zmhx6uasJtWCJziofM success
[2022-02-12T07:55:15.724534000Z DEBUG solana_program_runtime::stable_log] Program TokenkegQfeZyiNwAJbNbGKPFXCWuBvf9Ss623VQ5DA invoke [1]
[2022-02-12T07:55:15.725044000Z DEBUG solana_program_runtime::stable_log] Program log: Instruction: InitializeAccount
[2022-02-12T07:55:15.726096000Z DEBUG solana_bpf_loader_program] Program TokenkegQfeZyiNwAJbNbGKPFXCWuBvf9Ss623VQ5DA consumed 3411 of 200000 compute units
[2022-02-12T07:55:15.726153000Z DEBUG solana_program_runtime::stable_log] Program TokenkegQfeZyiNwAJbNbGKPFXCWuBvf9Ss623VQ5DA success
[2022-02-12T07:55:15.727273000Z DEBUG solana_program_runtime::stable_log] Program 4uQeVj5tqViQh7yWWGStvkEG1Zmhx6uasJtWCJziofM invoke [1]
[2022-02-12T07:55:15.727614000Z DEBUG solana_program_runtime::stable_log] Program log: Mango: CachePerpMarkets
[2022-02-12T07:55:15.728014000Z DEBUG solana_program_runtime::stable_log] Program log: mango-log
[2022-02-12T07:55:15.728776000Z DEBUG solana_program_runtime::stable_log] Program log: 9lt9JxCzqw4UKe5/PL8czqjQHgAKx8rTVSdab9LrSJK5Jkk3jR829gEAAAAAAAAAAAAAAAEAAAAAAAAAAAAAAAAAAAAAAAAAAQAAAAAAAAAAAAAAAAAAAAAAAAA=
[2022-02-12T07:55:15.728883000Z DEBUG solana_bpf_loader_program] Program 4uQeVj5tqViQh7yWWGStvkEG1Zmhx6uasJtWCJziofM consumed 4331 of 200000 compute units
[2022-02-12T07:55:15.728935000Z DEBUG solana_program_runtime::stable_log] Program 4uQeVj5tqViQh7yWWGStvkEG1Zmhx6uasJtWCJziofM success
[2022-02-12T07:55:15.729519000Z DEBUG solana_program_runtime::stable_log] Program 11111111111111111111111111111111 invoke [1]
[2022-02-12T07:55:15.729582000Z DEBUG solana_program_runtime::stable_log] Program 11111111111111111111111111111111 success
[2022-02-12T07:55:15.737248000Z DEBUG solana_program_runtime::stable_log] Program TokenkegQfeZyiNwAJbNbGKPFXCWuBvf9Ss623VQ5DA invoke [1]
[2022-02-12T07:55:15.737745000Z DEBUG solana_program_runtime::stable_log] Program log: Instruction: InitializeAccount
[2022-02-12T07:55:15.738748000Z DEBUG solana_bpf_loader_program] Program TokenkegQfeZyiNwAJbNbGKPFXCWuBvf9Ss623VQ5DA consumed 3411 of 200000 compute units
[2022-02-12T07:55:15.738802000Z DEBUG solana_program_runtime::stable_log] Program TokenkegQfeZyiNwAJbNbGKPFXCWuBvf9Ss623VQ5DA success
[2022-02-12T07:55:15.740089000Z DEBUG solana_program_runtime::stable_log] Program GcdayuLaLyrdmUu324nahyv33G5poQdLUEZ1nEytDeP invoke [1]
[2022-02-12T07:55:15.743014000Z DEBUG solana_bpf_loader_program] Program GcdayuLaLyrdmUu324nahyv33G5poQdLUEZ1nEytDeP consumed 6263 of 200000 compute units
[2022-02-12T07:55:15.743126000Z DEBUG solana_program_runtime::stable_log] Program GcdayuLaLyrdmUu324nahyv33G5poQdLUEZ1nEytDeP success
[2022-02-12T07:55:15.747481000Z DEBUG solana_program_runtime::stable_log] Program 11111111111111111111111111111111 invoke [1]
[2022-02-12T07:55:15.747558000Z DEBUG solana_program_runtime::stable_log] Program 11111111111111111111111111111111 success
[2022-02-12T07:55:15.747614000Z DEBUG solana_program_runtime::stable_log] Program 11111111111111111111111111111111 invoke [1]
[2022-02-12T07:55:15.747658000Z DEBUG solana_program_runtime::stable_log] Program 11111111111111111111111111111111 success
[2022-02-12T07:55:15.747708000Z DEBUG solana_program_runtime::stable_log] Program 11111111111111111111111111111111 invoke [1]
[2022-02-12T07:55:15.747883000Z DEBUG solana_program_runtime::stable_log] Program 11111111111111111111111111111111 success
[2022-02-12T07:55:15.748107000Z DEBUG solana_program_runtime::stable_log] Program 11111111111111111111111111111111 invoke [1]
[2022-02-12T07:55:15.748153000Z DEBUG solana_program_runtime::stable_log] Program 11111111111111111111111111111111 success
[2022-02-12T07:55:15.748213000Z DEBUG solana_program_runtime::stable_log] Program 11111111111111111111111111111111 invoke [1]
[2022-02-12T07:55:15.748257000Z DEBUG solana_program_runtime::stable_log] Program 11111111111111111111111111111111 success
[2022-02-12T07:55:15.757935000Z DEBUG solana_program_runtime::stable_log] Program CiDwVBFgWV9E5MvXWoLgnEgn2hK7rJikbvfWavzAQz3 invoke [1]
[2022-02-12T07:55:15.758374000Z DEBUG solana_program_runtime::stable_log] Program GcdayuLaLyrdmUu324nahyv33G5poQdLUEZ1nEytDeP invoke [1]
[2022-02-12T07:55:15.760681000Z DEBUG solana_bpf_loader_program] Program GcdayuLaLyrdmUu324nahyv33G5poQdLUEZ1nEytDeP consumed 5006 of 200000 compute units
[2022-02-12T07:55:15.760783000Z DEBUG solana_program_runtime::stable_log] Program GcdayuLaLyrdmUu324nahyv33G5poQdLUEZ1nEytDeP success
[2022-02-12T07:55:15.763129000Z DEBUG solana_bpf_loader_program] Program CiDwVBFgWV9E5MvXWoLgnEgn2hK7rJikbvfWavzAQz3 consumed 13661 of 200000 compute units
[2022-02-12T07:55:15.763251000Z DEBUG solana_program_runtime::stable_log] Program CiDwVBFgWV9E5MvXWoLgnEgn2hK7rJikbvfWavzAQz3 success
[2022-02-12T07:55:15.770000000Z DEBUG solana_program_runtime::stable_log] Program 11111111111111111111111111111111 invoke [1]
[2022-02-12T07:55:15.770078000Z DEBUG solana_program_runtime::stable_log] Program 11111111111111111111111111111111 success
[2022-02-12T07:55:15.778176000Z DEBUG solana_program_runtime::stable_log] Program TokenkegQfeZyiNwAJbNbGKPFXCWuBvf9Ss623VQ5DA invoke [1]
[2022-02-12T07:55:15.778716000Z DEBUG solana_program_runtime::stable_log] Program log: Instruction: InitializeAccount
[2022-02-12T07:55:15.779800000Z DEBUG solana_bpf_loader_program] Program TokenkegQfeZyiNwAJbNbGKPFXCWuBvf9Ss623VQ5DA consumed 3411 of 200000 compute units
[2022-02-12T07:55:15.779864000Z DEBUG solana_program_runtime::stable_log] Program TokenkegQfeZyiNwAJbNbGKPFXCWuBvf9Ss623VQ5DA success
[2022-02-12T07:55:15.783867000Z DEBUG solana_program_runtime::stable_log] Program 11111111111111111111111111111111 invoke [1]
[2022-02-12T07:55:15.783928000Z DEBUG solana_program_runtime::stable_log] Program 11111111111111111111111111111111 success
[2022-02-12T07:55:15.787276000Z DEBUG solana_program_runtime::stable_log] Program 11111111111111111111111111111111 invoke [1]
[2022-02-12T07:55:15.787344000Z DEBUG solana_program_runtime::stable_log] Program 11111111111111111111111111111111 success
[2022-02-12T07:55:15.794692000Z DEBUG solana_program_runtime::stable_log] Program 4uQeVj5tqViQh7yWWGStvkEG1Zmhx6uasJtWCJziofM invoke [1]
[2022-02-12T07:55:15.795058000Z DEBUG solana_program_runtime::stable_log] Program log: Mango: CachePrices
[2022-02-12T07:55:15.795402000Z DEBUG solana_program_runtime::stable_log] Program log: mango-log
[2022-02-12T07:55:15.796034000Z DEBUG solana_program_runtime::stable_log] Program log: ux0uSxX5tBsUKe5/PL8czqjQHgAKx8rTVSdab9LrSJK5Jkk3jR829gEAAAAAAAAAAAAAAAEAAAAAAAAAAACYOgAAAAAAAAAA
[2022-02-12T07:55:15.796141000Z DEBUG solana_bpf_loader_program] Program 4uQeVj5tqViQh7yWWGStvkEG1Zmhx6uasJtWCJziofM consumed 3669 of 200000 compute units
[2022-02-12T07:55:15.796201000Z DEBUG solana_program_runtime::stable_log] Program 4uQeVj5tqViQh7yWWGStvkEG1Zmhx6uasJtWCJziofM success
[2022-02-12T07:55:15.799341000Z DEBUG solana_program_runtime::stable_log] Program 8opHzTAnfzRpPEx21XtnrVTX28YQuCpAjcn1PczScKh invoke [1]
[2022-02-12T07:55:15.800056000Z DEBUG solana_program_runtime::stable_log] Program log: Mango: AddSpotMarket
[2022-02-12T07:55:15.806402000Z DEBUG solana_bpf_loader_program] Program 8opHzTAnfzRpPEx21XtnrVTX28YQuCpAjcn1PczScKh consumed 20747 of 200000 compute units
[2022-02-12T07:55:15.806488000Z DEBUG solana_program_runtime::stable_log] Program 8opHzTAnfzRpPEx21XtnrVTX28YQuCpAjcn1PczScKh success
[2022-02-12T07:55:15.806870000Z DEBUG solana_program_runtime::stable_log] Program 4uQeVj5tqViQh7yWWGStvkEG1Zmhx6uasJtWCJziofM invoke [1]
[2022-02-12T07:55:15.807277000Z DEBUG solana_program_runtime::stable_log] Program log: Mango: UpdateRootBank
[2022-02-12T07:55:15.809104000Z DEBUG solana_program_runtime::stable_log] Program log: mango-log
[2022-02-12T07:55:15.809729000Z DEBUG solana_program_runtime::stable_log] Program log: 8HmBNKTUaLgUKe5/PL8czqjQHgAKx8rTVSdab9LrSJK5Jkk3jR829gAAAAAAAAAAAAAAAAAAQEIPAAAAAAAAAAAAAAAAAEBCDwAAAAAAAAA=
[2022-02-12T07:55:15.809858000Z DEBUG solana_bpf_loader_program] Program 4uQeVj5tqViQh7yWWGStvkEG1Zmhx6uasJtWCJziofM consumed 8519 of 200000 compute units
[2022-02-12T07:55:15.809911000Z DEBUG solana_program_runtime::stable_log] Program 4uQeVj5tqViQh7yWWGStvkEG1Zmhx6uasJtWCJziofM success
[2022-02-12T07:55:15.811354000Z DEBUG solana_program_runtime::stable_log] Program 11111111111111111111111111111111 invoke [1]
[2022-02-12T07:55:15.811413000Z DEBUG solana_program_runtime::stable_log] Program 11111111111111111111111111111111 success
[2022-02-12T07:55:15.819337000Z DEBUG solana_program_runtime::stable_log] Program TokenkegQfeZyiNwAJbNbGKPFXCWuBvf9Ss623VQ5DA invoke [1]
[2022-02-12T07:55:15.819854000Z DEBUG solana_program_runtime::stable_log] Program log: Instruction: InitializeAccount
[2022-02-12T07:55:15.820244000Z DEBUG solana_program_runtime::stable_log] Program 4uQeVj5tqViQh7yWWGStvkEG1Zmhx6uasJtWCJziofM invoke [1]
[2022-02-12T07:55:15.820697000Z DEBUG solana_program_runtime::stable_log] Program log: Mango: UpdateFunding
[2022-02-12T07:55:15.820899000Z DEBUG solana_bpf_loader_program] Program TokenkegQfeZyiNwAJbNbGKPFXCWuBvf9Ss623VQ5DA consumed 3411 of 200000 compute units
[2022-02-12T07:55:15.820956000Z DEBUG solana_program_runtime::stable_log] Program TokenkegQfeZyiNwAJbNbGKPFXCWuBvf9Ss623VQ5DA success
[2022-02-12T07:55:15.821858000Z DEBUG solana_program_runtime::stable_log] Program log: mango-log
[2022-02-12T07:55:15.822479000Z DEBUG solana_program_runtime::stable_log] Program log: ta5iwCEXTXsUKe5/PL8czqjQHgAKx8rTVSdab9LrSJK5Jkk3jR829gAAAAAAAAAAAAAAAAAAAAAAAAAAAAAAAAAAAAAAAAAAAAAAAAAAAAA=
[2022-02-12T07:55:15.822633000Z DEBUG solana_bpf_loader_program] Program 4uQeVj5tqViQh7yWWGStvkEG1Zmhx6uasJtWCJziofM consumed 6381 of 200000 compute units
[2022-02-12T07:55:15.822698000Z DEBUG solana_program_runtime::stable_log] Program 4uQeVj5tqViQh7yWWGStvkEG1Zmhx6uasJtWCJziofM success
[2022-02-12T07:55:15.824419000Z DEBUG solana_program_runtime::stable_log] Program 11111111111111111111111111111111 invoke [1]
[2022-02-12T07:55:15.824471000Z DEBUG solana_program_runtime::stable_log] Program 11111111111111111111111111111111 success
[2022-02-12T07:55:15.832397000Z DEBUG solana_program_runtime::stable_log] Program TokenkegQfeZyiNwAJbNbGKPFXCWuBvf9Ss623VQ5DA invoke [1]
[2022-02-12T07:55:15.832879000Z DEBUG solana_program_runtime::stable_log] Program 4uQeVj5tqViQh7yWWGStvkEG1Zmhx6uasJtWCJziofM invoke [1]
[2022-02-12T07:55:15.832919000Z DEBUG solana_program_runtime::stable_log] Program log: Instruction: InitializeAccount
[2022-02-12T07:55:15.833267000Z DEBUG solana_program_runtime::stable_log] Program log: Mango: CacheRootBanks
[2022-02-12T07:55:15.833954000Z DEBUG solana_program_runtime::stable_log] Program log: mango-log
[2022-02-12T07:55:15.833959000Z DEBUG solana_bpf_loader_program] Program TokenkegQfeZyiNwAJbNbGKPFXCWuBvf9Ss623VQ5DA consumed 3411 of 200000 compute units
[2022-02-12T07:55:15.834021000Z DEBUG solana_program_runtime::stable_log] Program TokenkegQfeZyiNwAJbNbGKPFXCWuBvf9Ss623VQ5DA success
[2022-02-12T07:55:15.834894000Z DEBUG solana_program_runtime::stable_log] Program log: IVXYca/GfegUKe5/PL8czqjQHgAKx8rTVSdab9LrSJK5Jkk3jR829gIAAAAAAAAAAAAAAA8AAAAAAAAAAgAAAAAAAAAAAEBCDwAAAAAAAAAAAAAAAABAQg8AAAAAAAAAAgAAAAAAAAAAAEBCDwAAAAAAAAAAAAAAAABAQg8AAAAAAAAA
[2022-02-12T07:55:15.835022000Z DEBUG solana_bpf_loader_program] Program 4uQeVj5tqViQh7yWWGStvkEG1Zmhx6uasJtWCJziofM consumed 5857 of 200000 compute units
[2022-02-12T07:55:15.835073000Z DEBUG solana_program_runtime::stable_log] Program 4uQeVj5tqViQh7yWWGStvkEG1Zmhx6uasJtWCJziofM success
[2022-02-12T07:55:15.841937000Z DEBUG solana_program_runtime::stable_log] Program 11111111111111111111111111111111 invoke [1]
[2022-02-12T07:55:15.841993000Z DEBUG solana_program_runtime::stable_log] Program 11111111111111111111111111111111 success
[2022-02-12T07:55:15.842044000Z DEBUG solana_program_runtime::stable_log] Program 11111111111111111111111111111111 invoke [1]
[2022-02-12T07:55:15.842086000Z DEBUG solana_program_runtime::stable_log] Program 11111111111111111111111111111111 success
[2022-02-12T07:55:15.842139000Z DEBUG solana_program_runtime::stable_log] Program 11111111111111111111111111111111 invoke [1]
[2022-02-12T07:55:15.842216000Z DEBUG solana_program_runtime::stable_log] Program 11111111111111111111111111111111 success
[2022-02-12T07:55:15.842433000Z DEBUG solana_program_runtime::stable_log] Program 11111111111111111111111111111111 invoke [1]
[2022-02-12T07:55:15.842476000Z DEBUG solana_program_runtime::stable_log] Program 11111111111111111111111111111111 success
[2022-02-12T07:55:15.842534000Z DEBUG solana_program_runtime::stable_log] Program 11111111111111111111111111111111 invoke [1]
[2022-02-12T07:55:15.842576000Z DEBUG solana_program_runtime::stable_log] Program 11111111111111111111111111111111 success
[2022-02-12T07:55:15.846395000Z DEBUG solana_program_runtime::stable_log] Program 4uQeVj5tqViQh7yWWGStvkEG1Zmhx6uasJtWCJziofM invoke [1]
[2022-02-12T07:55:15.846730000Z DEBUG solana_program_runtime::stable_log] Program log: Mango: CachePerpMarkets
[2022-02-12T07:55:15.847128000Z DEBUG solana_program_runtime::stable_log] Program log: mango-log
[2022-02-12T07:55:15.847866000Z DEBUG solana_program_runtime::stable_log] Program log: 9lt9JxCzqw4UKe5/PL8czqjQHgAKx8rTVSdab9LrSJK5Jkk3jR829gEAAAAAAAAAAAAAAAEAAAAAAAAAAAAAAAAAAAAAAAAAAQAAAAAAAAAAAAAAAAAAAAAAAAA=
[2022-02-12T07:55:15.847970000Z DEBUG solana_bpf_loader_program] Program 4uQeVj5tqViQh7yWWGStvkEG1Zmhx6uasJtWCJziofM consumed 4331 of 200000 compute units
[2022-02-12T07:55:15.848023000Z DEBUG solana_program_runtime::stable_log] Program 4uQeVj5tqViQh7yWWGStvkEG1Zmhx6uasJtWCJziofM success
[2022-02-12T07:55:15.852198000Z DEBUG solana_program_runtime::stable_log] Program CiDwVBFgWV9E5MvXWoLgnEgn2hK7rJikbvfWavzAQz3 invoke [1]
[2022-02-12T07:55:15.857436000Z DEBUG solana_bpf_loader_program] Program CiDwVBFgWV9E5MvXWoLgnEgn2hK7rJikbvfWavzAQz3 consumed 13661 of 200000 compute units
[2022-02-12T07:55:15.857558000Z DEBUG solana_program_runtime::stable_log] Program CiDwVBFgWV9E5MvXWoLgnEgn2hK7rJikbvfWavzAQz3 success
[2022-02-12T07:55:15.865716000Z DEBUG solana_program_runtime::stable_log] Program 11111111111111111111111111111111 invoke [1]
[2022-02-12T07:55:15.865797000Z DEBUG solana_program_runtime::stable_log] Program 11111111111111111111111111111111 success
[2022-02-12T07:55:15.873790000Z DEBUG solana_program_runtime::stable_log] Program TokenkegQfeZyiNwAJbNbGKPFXCWuBvf9Ss623VQ5DA invoke [1]
[2022-02-12T07:55:15.874310000Z DEBUG solana_program_runtime::stable_log] Program log: Instruction: InitializeAccount
[2022-02-12T07:55:15.875355000Z DEBUG solana_bpf_loader_program] Program TokenkegQfeZyiNwAJbNbGKPFXCWuBvf9Ss623VQ5DA consumed 3411 of 200000 compute units
[2022-02-12T07:55:15.875418000Z DEBUG solana_program_runtime::stable_log] Program TokenkegQfeZyiNwAJbNbGKPFXCWuBvf9Ss623VQ5DA success
[2022-02-12T07:55:15.879341000Z DEBUG solana_program_runtime::stable_log] Program 11111111111111111111111111111111 invoke [1]
[2022-02-12T07:55:15.879392000Z DEBUG solana_program_runtime::stable_log] Program 11111111111111111111111111111111 success
[2022-02-12T07:55:15.879970000Z DEBUG solana_program_runtime::stable_log] Program 4uQeVj5tqViQh7yWWGStvkEG1Zmhx6uasJtWCJziofM invoke [1]
[2022-02-12T07:55:15.880332000Z DEBUG solana_program_runtime::stable_log] Program log: Mango: CachePrices
[2022-02-12T07:55:15.880665000Z DEBUG solana_program_runtime::stable_log] Program log: mango-log
[2022-02-12T07:55:15.881264000Z DEBUG solana_program_runtime::stable_log] Program log: ux0uSxX5tBsUKe5/PL8czqjQHgAKx8rTVSdab9LrSJK5Jkk3jR829gEAAAAAAAAAAAAAAAEAAAAAAAAAAACYOgAAAAAAAAAA
[2022-02-12T07:55:15.881370000Z DEBUG solana_bpf_loader_program] Program 4uQeVj5tqViQh7yWWGStvkEG1Zmhx6uasJtWCJziofM consumed 3669 of 200000 compute units
[2022-02-12T07:55:15.881429000Z DEBUG solana_program_runtime::stable_log] Program 4uQeVj5tqViQh7yWWGStvkEG1Zmhx6uasJtWCJziofM success
[2022-02-12T07:55:15.882729000Z DEBUG solana_program_runtime::stable_log] Program 11111111111111111111111111111111 invoke [1]
[2022-02-12T07:55:15.882780000Z DEBUG solana_program_runtime::stable_log] Program 11111111111111111111111111111111 success
[2022-02-12T07:55:15.892511000Z DEBUG solana_program_runtime::stable_log] Program 4uQeVj5tqViQh7yWWGStvkEG1Zmhx6uasJtWCJziofM invoke [1]
[2022-02-12T07:55:15.892945000Z DEBUG solana_program_runtime::stable_log] Program log: Mango: UpdateRootBank
[2022-02-12T07:55:15.894692000Z DEBUG solana_program_runtime::stable_log] Program 8opHzTAnfzRpPEx21XtnrVTX28YQuCpAjcn1PczScKh invoke [1]
[2022-02-12T07:55:15.894785000Z DEBUG solana_program_runtime::stable_log] Program log: mango-log
[2022-02-12T07:55:15.895389000Z DEBUG solana_program_runtime::stable_log] Program log: Mango: AddSpotMarket
[2022-02-12T07:55:15.895411000Z DEBUG solana_program_runtime::stable_log] Program log: 8HmBNKTUaLgUKe5/PL8czqjQHgAKx8rTVSdab9LrSJK5Jkk3jR829gAAAAAAAAAAAAAAAAAAQEIPAAAAAAAAAAAAAAAAAEBCDwAAAAAAAAA=
[2022-02-12T07:55:15.895542000Z DEBUG solana_bpf_loader_program] Program 4uQeVj5tqViQh7yWWGStvkEG1Zmhx6uasJtWCJziofM consumed 8519 of 200000 compute units
[2022-02-12T07:55:15.895607000Z DEBUG solana_program_runtime::stable_log] Program 4uQeVj5tqViQh7yWWGStvkEG1Zmhx6uasJtWCJziofM success
[2022-02-12T07:55:15.901771000Z DEBUG solana_bpf_loader_program] Program 8opHzTAnfzRpPEx21XtnrVTX28YQuCpAjcn1PczScKh consumed 20786 of 200000 compute units
[2022-02-12T07:55:15.901873000Z DEBUG solana_program_runtime::stable_log] Program 8opHzTAnfzRpPEx21XtnrVTX28YQuCpAjcn1PczScKh success
[2022-02-12T07:55:15.906701000Z DEBUG solana_program_runtime::stable_log] Program 11111111111111111111111111111111 invoke [1]
[2022-02-12T07:55:15.906767000Z DEBUG solana_program_runtime::stable_log] Program 11111111111111111111111111111111 success
[2022-02-12T07:55:15.907179000Z DEBUG solana_program_runtime::stable_log] Program 4uQeVj5tqViQh7yWWGStvkEG1Zmhx6uasJtWCJziofM invoke [1]
[2022-02-12T07:55:15.907644000Z DEBUG solana_program_runtime::stable_log] Program log: Mango: UpdateFunding
[2022-02-12T07:55:15.908791000Z DEBUG solana_program_runtime::stable_log] Program log: mango-log
[2022-02-12T07:55:15.909421000Z DEBUG solana_program_runtime::stable_log] Program log: ta5iwCEXTXsUKe5/PL8czqjQHgAKx8rTVSdab9LrSJK5Jkk3jR829gAAAAAAAAAAAAAAAAAAAAAAAAAAAAAAAAAAAAAAAAAAAAAAAAAAAAA=
[2022-02-12T07:55:15.909575000Z DEBUG solana_bpf_loader_program] Program 4uQeVj5tqViQh7yWWGStvkEG1Zmhx6uasJtWCJziofM consumed 6381 of 200000 compute units
[2022-02-12T07:55:15.909641000Z DEBUG solana_program_runtime::stable_log] Program 4uQeVj5tqViQh7yWWGStvkEG1Zmhx6uasJtWCJziofM success
[2022-02-12T07:55:15.914713000Z DEBUG solana_program_runtime::stable_log] Program TokenkegQfeZyiNwAJbNbGKPFXCWuBvf9Ss623VQ5DA invoke [1]
[2022-02-12T07:55:15.915234000Z DEBUG solana_program_runtime::stable_log] Program log: Instruction: InitializeAccount
[2022-02-12T07:55:15.916277000Z DEBUG solana_bpf_loader_program] Program TokenkegQfeZyiNwAJbNbGKPFXCWuBvf9Ss623VQ5DA consumed 3411 of 200000 compute units
[2022-02-12T07:55:15.916341000Z DEBUG solana_program_runtime::stable_log] Program TokenkegQfeZyiNwAJbNbGKPFXCWuBvf9Ss623VQ5DA success
[2022-02-12T07:55:15.919580000Z DEBUG solana_program_runtime::stable_log] Program 11111111111111111111111111111111 invoke [1]
[2022-02-12T07:55:15.919636000Z DEBUG solana_program_runtime::stable_log] Program 11111111111111111111111111111111 success
[2022-02-12T07:55:15.919808000Z DEBUG solana_program_runtime::stable_log] Program 4uQeVj5tqViQh7yWWGStvkEG1Zmhx6uasJtWCJziofM invoke [1]
[2022-02-12T07:55:15.920205000Z DEBUG solana_program_runtime::stable_log] Program log: Mango: CacheRootBanks
[2022-02-12T07:55:15.920902000Z DEBUG solana_program_runtime::stable_log] Program log: mango-log
[2022-02-12T07:55:15.921838000Z DEBUG solana_program_runtime::stable_log] Program log: IVXYca/GfegUKe5/PL8czqjQHgAKx8rTVSdab9LrSJK5Jkk3jR829gIAAAAAAAAAAAAAAA8AAAAAAAAAAgAAAAAAAAAAAEBCDwAAAAAAAAAAAAAAAABAQg8AAAAAAAAAAgAAAAAAAAAAAEBCDwAAAAAAAAAAAAAAAABAQg8AAAAAAAAA
[2022-02-12T07:55:15.921966000Z DEBUG solana_bpf_loader_program] Program 4uQeVj5tqViQh7yWWGStvkEG1Zmhx6uasJtWCJziofM consumed 5857 of 200000 compute units
[2022-02-12T07:55:15.922019000Z DEBUG solana_program_runtime::stable_log] Program 4uQeVj5tqViQh7yWWGStvkEG1Zmhx6uasJtWCJziofM success
[2022-02-12T07:55:15.927565000Z DEBUG solana_program_runtime::stable_log] Program TokenkegQfeZyiNwAJbNbGKPFXCWuBvf9Ss623VQ5DA invoke [1]
[2022-02-12T07:55:15.928085000Z DEBUG solana_program_runtime::stable_log] Program log: Instruction: InitializeAccount
[2022-02-12T07:55:15.929129000Z DEBUG solana_bpf_loader_program] Program TokenkegQfeZyiNwAJbNbGKPFXCWuBvf9Ss623VQ5DA consumed 3411 of 200000 compute units
[2022-02-12T07:55:15.929188000Z DEBUG solana_program_runtime::stable_log] Program TokenkegQfeZyiNwAJbNbGKPFXCWuBvf9Ss623VQ5DA success
[2022-02-12T07:55:15.932513000Z DEBUG solana_program_runtime::stable_log] Program 4uQeVj5tqViQh7yWWGStvkEG1Zmhx6uasJtWCJziofM invoke [1]
[2022-02-12T07:55:15.932851000Z DEBUG solana_program_runtime::stable_log] Program log: Mango: CachePerpMarkets
[2022-02-12T07:55:15.933259000Z DEBUG solana_program_runtime::stable_log] Program log: mango-log
[2022-02-12T07:55:15.934020000Z DEBUG solana_program_runtime::stable_log] Program log: 9lt9JxCzqw4UKe5/PL8czqjQHgAKx8rTVSdab9LrSJK5Jkk3jR829gEAAAAAAAAAAAAAAAEAAAAAAAAAAAAAAAAAAAAAAAAAAQAAAAAAAAAAAAAAAAAAAAAAAAA=
[2022-02-12T07:55:15.934127000Z DEBUG solana_bpf_loader_program] Program 4uQeVj5tqViQh7yWWGStvkEG1Zmhx6uasJtWCJziofM consumed 4331 of 200000 compute units
[2022-02-12T07:55:15.934178000Z DEBUG solana_program_runtime::stable_log] Program 4uQeVj5tqViQh7yWWGStvkEG1Zmhx6uasJtWCJziofM success
[2022-02-12T07:55:15.937503000Z DEBUG solana_program_runtime::stable_log] Program 11111111111111111111111111111111 invoke [1]
[2022-02-12T07:55:15.937560000Z DEBUG solana_program_runtime::stable_log] Program 11111111111111111111111111111111 success
[2022-02-12T07:55:15.937612000Z DEBUG solana_program_runtime::stable_log] Program 11111111111111111111111111111111 invoke [1]
[2022-02-12T07:55:15.937654000Z DEBUG solana_program_runtime::stable_log] Program 11111111111111111111111111111111 success
[2022-02-12T07:55:15.937703000Z DEBUG solana_program_runtime::stable_log] Program 11111111111111111111111111111111 invoke [1]
[2022-02-12T07:55:15.937774000Z DEBUG solana_program_runtime::stable_log] Program 11111111111111111111111111111111 success
[2022-02-12T07:55:15.938005000Z DEBUG solana_program_runtime::stable_log] Program 11111111111111111111111111111111 invoke [1]
[2022-02-12T07:55:15.938054000Z DEBUG solana_program_runtime::stable_log] Program 11111111111111111111111111111111 success
[2022-02-12T07:55:15.938116000Z DEBUG solana_program_runtime::stable_log] Program 11111111111111111111111111111111 invoke [1]
[2022-02-12T07:55:15.938160000Z DEBUG solana_program_runtime::stable_log] Program 11111111111111111111111111111111 success
[2022-02-12T07:55:15.947653000Z DEBUG solana_program_runtime::stable_log] Program CiDwVBFgWV9E5MvXWoLgnEgn2hK7rJikbvfWavzAQz3 invoke [1]
[2022-02-12T07:55:15.951446000Z DEBUG solana_program_runtime::stable_log] Program 4uQeVj5tqViQh7yWWGStvkEG1Zmhx6uasJtWCJziofM invoke [1]
[2022-02-12T07:55:15.952657000Z DEBUG solana_program_runtime::stable_log] Program log: Mango: SettleFunds
[2022-02-12T07:55:15.952810000Z DEBUG solana_bpf_loader_program] Program CiDwVBFgWV9E5MvXWoLgnEgn2hK7rJikbvfWavzAQz3 consumed 13661 of 200000 compute units
[2022-02-12T07:55:15.953071000Z DEBUG solana_program_runtime::stable_log] Program CiDwVBFgWV9E5MvXWoLgnEgn2hK7rJikbvfWavzAQz3 success
[2022-02-12T07:55:15.961102000Z DEBUG solana_program_runtime::stable_log] Program 11111111111111111111111111111111 invoke [1]
[2022-02-12T07:55:15.961184000Z DEBUG solana_program_runtime::stable_log] Program 11111111111111111111111111111111 success
[2022-02-12T07:55:15.963369000Z DEBUG solana_program_runtime::stable_log] Program GcdayuLaLyrdmUu324nahyv33G5poQdLUEZ1nEytDeP invoke [2]
[2022-02-12T07:55:15.969090000Z DEBUG solana_program_runtime::stable_log] Program TokenkegQfeZyiNwAJbNbGKPFXCWuBvf9Ss623VQ5DA invoke [1]
[2022-02-12T07:55:15.969603000Z DEBUG solana_program_runtime::stable_log] Program log: Instruction: InitializeAccount
[2022-02-12T07:55:15.970650000Z DEBUG solana_bpf_loader_program] Program TokenkegQfeZyiNwAJbNbGKPFXCWuBvf9Ss623VQ5DA consumed 3411 of 200000 compute units
[2022-02-12T07:55:15.970712000Z DEBUG solana_program_runtime::stable_log] Program TokenkegQfeZyiNwAJbNbGKPFXCWuBvf9Ss623VQ5DA success
[2022-02-12T07:55:15.973681000Z DEBUG solana_program_runtime::stable_log] Program 11111111111111111111111111111111 invoke [1]
[2022-02-12T07:55:15.973745000Z DEBUG solana_program_runtime::stable_log] Program 11111111111111111111111111111111 success
[2022-02-12T07:55:15.974428000Z DEBUG solana_program_runtime::stable_log] Program TokenkegQfeZyiNwAJbNbGKPFXCWuBvf9Ss623VQ5DA invoke [3]
[2022-02-12T07:55:15.974873000Z DEBUG solana_program_runtime::stable_log] Program log: Instruction: Transfer
[2022-02-12T07:55:15.975802000Z DEBUG solana_bpf_loader_program] Program TokenkegQfeZyiNwAJbNbGKPFXCWuBvf9Ss623VQ5DA consumed 3121 of 182138 compute units
[2022-02-12T07:55:15.975858000Z DEBUG solana_program_runtime::stable_log] Program TokenkegQfeZyiNwAJbNbGKPFXCWuBvf9Ss623VQ5DA success
[2022-02-12T07:55:15.977208000Z DEBUG solana_program_runtime::stable_log] Program 11111111111111111111111111111111 invoke [1]
[2022-02-12T07:55:15.977259000Z DEBUG solana_program_runtime::stable_log] Program 11111111111111111111111111111111 success
[2022-02-12T07:55:15.984428000Z DEBUG solana_program_runtime::stable_log] Program TokenkegQfeZyiNwAJbNbGKPFXCWuBvf9Ss623VQ5DA invoke [3]
[2022-02-12T07:55:15.984874000Z DEBUG solana_program_runtime::stable_log] Program log: Instruction: Transfer
[2022-02-12T07:55:15.985809000Z DEBUG solana_bpf_loader_program] Program TokenkegQfeZyiNwAJbNbGKPFXCWuBvf9Ss623VQ5DA consumed 3121 of 176274 compute units
[2022-02-12T07:55:15.985866000Z DEBUG solana_program_runtime::stable_log] Program TokenkegQfeZyiNwAJbNbGKPFXCWuBvf9Ss623VQ5DA success
[2022-02-12T07:55:15.986503000Z DEBUG solana_bpf_loader_program] Program GcdayuLaLyrdmUu324nahyv33G5poQdLUEZ1nEytDeP consumed 20198 of 192445 compute units
[2022-02-12T07:55:15.986580000Z DEBUG solana_program_runtime::stable_log] Program GcdayuLaLyrdmUu324nahyv33G5poQdLUEZ1nEytDeP success
[2022-02-12T07:55:15.986798000Z DEBUG solana_program_runtime::stable_log] Program log: mango-log
[2022-02-12T07:55:15.987622000Z DEBUG solana_program_runtime::stable_log] Program log: V4pUNuOCxqwUKe5/PL8czqjQHgAKx8rTVSdab9LrSJK5Jkk3jR829nwJYdq3U+mxyarAAn8O9qA3y7Hs91k8NSEnTQy+LXMhAAAAAAAAAAAAAAAAAAAAAAAAAAAAAAAAAAAAAAAAAAAAAAAAAAAAAAAAAAAAAAAA
[2022-02-12T07:55:15.988930000Z DEBUG solana_program_runtime::stable_log] Program log: mango-log
[2022-02-12T07:55:15.989141000Z DEBUG solana_program_runtime::stable_log] Program 8opHzTAnfzRpPEx21XtnrVTX28YQuCpAjcn1PczScKh invoke [1]
[2022-02-12T07:55:15.989689000Z DEBUG solana_program_runtime::stable_log] Program log: F5qwwQsqqPQUKe5/PL8czqjQHgAKx8rTVSdab9LrSJK5Jkk3jR829nwJYdq3U+mxyarAAn8O9qA3y7Hs91k8NSEnTQy+LXMhAAAAAAAAAAAAAAAAAAABAAAAAAAAAAAAAAAAAAAAAAAAAAAAAAAAAA==
[2022-02-12T07:55:15.989839000Z DEBUG solana_program_runtime::stable_log] Program log: Mango: AddSpotMarket
[2022-02-12T07:55:15.991003000Z DEBUG solana_program_runtime::stable_log] Program log: mango-log
[2022-02-12T07:55:15.991769000Z DEBUG solana_program_runtime::stable_log] Program log: F5qwwQsqqPQUKe5/PL8czqjQHgAKx8rTVSdab9LrSJK5Jkk3jR829nwJYdq3U+mxyarAAn8O9qA3y7Hs91k8NSEnTQy+LXMhDwAAAAAAAAAAAAAAAAAAAAAAAAAAAAAAAAAAAACAgxMAAAAAAAAAAA==
[2022-02-12T07:55:15.992194000Z DEBUG solana_bpf_loader_program] Program 4uQeVj5tqViQh7yWWGStvkEG1Zmhx6uasJtWCJziofM consumed 44130 of 200000 compute units
[2022-02-12T07:55:15.992302000Z DEBUG solana_program_runtime::stable_log] Program 4uQeVj5tqViQh7yWWGStvkEG1Zmhx6uasJtWCJziofM success
[2022-02-12T07:55:15.996206000Z DEBUG solana_bpf_loader_program] Program 8opHzTAnfzRpPEx21XtnrVTX28YQuCpAjcn1PczScKh consumed 20825 of 200000 compute units
[2022-02-12T07:55:15.996298000Z DEBUG solana_program_runtime::stable_log] Program 8opHzTAnfzRpPEx21XtnrVTX28YQuCpAjcn1PczScKh success
[2022-02-12T07:55:16.001304000Z DEBUG solana_program_runtime::stable_log] Program 11111111111111111111111111111111 invoke [1]
[2022-02-12T07:55:16.001385000Z DEBUG solana_program_runtime::stable_log] Program 11111111111111111111111111111111 success
[2022-02-12T07:55:16.009323000Z DEBUG solana_program_runtime::stable_log] Program TokenkegQfeZyiNwAJbNbGKPFXCWuBvf9Ss623VQ5DA invoke [1]
[2022-02-12T07:55:16.009504000Z DEBUG solana_program_runtime::stable_log] Program 4uQeVj5tqViQh7yWWGStvkEG1Zmhx6uasJtWCJziofM invoke [1]
[2022-02-12T07:55:16.009850000Z DEBUG solana_program_runtime::stable_log] Program log: Instruction: InitializeAccount
[2022-02-12T07:55:16.010700000Z DEBUG solana_program_runtime::stable_log] Program log: Mango: SettleFunds
[2022-02-12T07:55:16.010964000Z DEBUG solana_bpf_loader_program] Program TokenkegQfeZyiNwAJbNbGKPFXCWuBvf9Ss623VQ5DA consumed 3411 of 200000 compute units
[2022-02-12T07:55:16.011040000Z DEBUG solana_program_runtime::stable_log] Program TokenkegQfeZyiNwAJbNbGKPFXCWuBvf9Ss623VQ5DA success
[2022-02-12T07:55:16.014325000Z DEBUG solana_program_runtime::stable_log] Program 11111111111111111111111111111111 invoke [1]
[2022-02-12T07:55:16.014384000Z DEBUG solana_program_runtime::stable_log] Program 11111111111111111111111111111111 success
[2022-02-12T07:55:16.021140000Z DEBUG solana_program_runtime::stable_log] Program GcdayuLaLyrdmUu324nahyv33G5poQdLUEZ1nEytDeP invoke [2]
[2022-02-12T07:55:16.022144000Z DEBUG solana_program_runtime::stable_log] Program TokenkegQfeZyiNwAJbNbGKPFXCWuBvf9Ss623VQ5DA invoke [1]
[2022-02-12T07:55:16.022654000Z DEBUG solana_program_runtime::stable_log] Program log: Instruction: InitializeAccount
[2022-02-12T07:55:16.023699000Z DEBUG solana_bpf_loader_program] Program TokenkegQfeZyiNwAJbNbGKPFXCWuBvf9Ss623VQ5DA consumed 3411 of 200000 compute units
[2022-02-12T07:55:16.023760000Z DEBUG solana_program_runtime::stable_log] Program TokenkegQfeZyiNwAJbNbGKPFXCWuBvf9Ss623VQ5DA success
[2022-02-12T07:55:16.032193000Z DEBUG solana_program_runtime::stable_log] Program 11111111111111111111111111111111 invoke [1]
[2022-02-12T07:55:16.032249000Z DEBUG solana_program_runtime::stable_log] Program 11111111111111111111111111111111 success
[2022-02-12T07:55:16.032303000Z DEBUG solana_program_runtime::stable_log] Program 11111111111111111111111111111111 invoke [1]
[2022-02-12T07:55:16.032346000Z DEBUG solana_program_runtime::stable_log] Program 11111111111111111111111111111111 success
[2022-02-12T07:55:16.032329000Z DEBUG solana_program_runtime::stable_log] Program TokenkegQfeZyiNwAJbNbGKPFXCWuBvf9Ss623VQ5DA invoke [3]
[2022-02-12T07:55:16.032398000Z DEBUG solana_program_runtime::stable_log] Program 11111111111111111111111111111111 invoke [1]
[2022-02-12T07:55:16.032468000Z DEBUG solana_program_runtime::stable_log] Program 11111111111111111111111111111111 success
[2022-02-12T07:55:16.032699000Z DEBUG solana_program_runtime::stable_log] Program 11111111111111111111111111111111 invoke [1]
[2022-02-12T07:55:16.032746000Z DEBUG solana_program_runtime::stable_log] Program 11111111111111111111111111111111 success
[2022-02-12T07:55:16.032781000Z DEBUG solana_program_runtime::stable_log] Program log: Instruction: Transfer
[2022-02-12T07:55:16.032804000Z DEBUG solana_program_runtime::stable_log] Program 11111111111111111111111111111111 invoke [1]
[2022-02-12T07:55:16.032850000Z DEBUG solana_program_runtime::stable_log] Program 11111111111111111111111111111111 success
[2022-02-12T07:55:16.033712000Z DEBUG solana_bpf_loader_program] Program TokenkegQfeZyiNwAJbNbGKPFXCWuBvf9Ss623VQ5DA consumed 3121 of 182138 compute units
[2022-02-12T07:55:16.033769000Z DEBUG solana_program_runtime::stable_log] Program TokenkegQfeZyiNwAJbNbGKPFXCWuBvf9Ss623VQ5DA success
[2022-02-12T07:55:16.042278000Z DEBUG solana_program_runtime::stable_log] Program CiDwVBFgWV9E5MvXWoLgnEgn2hK7rJikbvfWavzAQz3 invoke [1]
[2022-02-12T07:55:16.042347000Z DEBUG solana_program_runtime::stable_log] Program TokenkegQfeZyiNwAJbNbGKPFXCWuBvf9Ss623VQ5DA invoke [3]
[2022-02-12T07:55:16.042782000Z DEBUG solana_program_runtime::stable_log] Program log: Instruction: Transfer
[2022-02-12T07:55:16.043722000Z DEBUG solana_bpf_loader_program] Program TokenkegQfeZyiNwAJbNbGKPFXCWuBvf9Ss623VQ5DA consumed 3121 of 176274 compute units
[2022-02-12T07:55:16.043793000Z DEBUG solana_program_runtime::stable_log] Program TokenkegQfeZyiNwAJbNbGKPFXCWuBvf9Ss623VQ5DA success
[2022-02-12T07:55:16.047385000Z DEBUG solana_bpf_loader_program] Program CiDwVBFgWV9E5MvXWoLgnEgn2hK7rJikbvfWavzAQz3 consumed 13661 of 200000 compute units
[2022-02-12T07:55:16.047495000Z DEBUG solana_program_runtime::stable_log] Program CiDwVBFgWV9E5MvXWoLgnEgn2hK7rJikbvfWavzAQz3 success
[2022-02-12T07:55:16.052373000Z DEBUG solana_program_runtime::stable_log] Program TokenkegQfeZyiNwAJbNbGKPFXCWuBvf9Ss623VQ5DA invoke [3]
[2022-02-12T07:55:16.052849000Z DEBUG solana_program_runtime::stable_log] Program log: Instruction: Transfer
[2022-02-12T07:55:16.053774000Z DEBUG solana_bpf_loader_program] Program TokenkegQfeZyiNwAJbNbGKPFXCWuBvf9Ss623VQ5DA consumed 3121 of 170406 compute units
[2022-02-12T07:55:16.053839000Z DEBUG solana_program_runtime::stable_log] Program TokenkegQfeZyiNwAJbNbGKPFXCWuBvf9Ss623VQ5DA success
[2022-02-12T07:55:16.054472000Z DEBUG solana_bpf_loader_program] Program GcdayuLaLyrdmUu324nahyv33G5poQdLUEZ1nEytDeP consumed 26055 of 192445 compute units
[2022-02-12T07:55:16.054547000Z DEBUG solana_program_runtime::stable_log] Program GcdayuLaLyrdmUu324nahyv33G5poQdLUEZ1nEytDeP success
[2022-02-12T07:55:16.054778000Z DEBUG solana_program_runtime::stable_log] Program log: mango-log
[2022-02-12T07:55:16.055631000Z DEBUG solana_program_runtime::stable_log] Program log: V4pUNuOCxqwUKe5/PL8czqjQHgAKx8rTVSdab9LrSJK5Jkk3jR829lEsXkBHmV8kPlnls39WXZP19KmJnq2lcFcBzob/4dj9AAAAAAAAAAAAAAAAAAAAAAAAAAAAAAAAAAAAAAAAAAAAAAAAAAAAAAAAAAAAAAAA
[2022-02-12T07:55:16.055821000Z DEBUG solana_program_runtime::stable_log] Program log: mango-log
[2022-02-12T07:55:16.056544000Z DEBUG solana_program_runtime::stable_log] Program 11111111111111111111111111111111 invoke [1]
[2022-02-12T07:55:16.056599000Z DEBUG solana_program_runtime::stable_log] Program log: F5qwwQsqqPQUKe5/PL8czqjQHgAKx8rTVSdab9LrSJK5Jkk3jR829lEsXkBHmV8kPlnls39WXZP19KmJnq2lcFcBzob/4dj9AAAAAAAAAAAAAAAAAAAAAAAAAAAAAAAAAAAAAAAAAAAAAAAAAAAAAA==
[2022-02-12T07:55:16.056607000Z DEBUG solana_program_runtime::stable_log] Program 11111111111111111111111111111111 success
[2022-02-12T07:55:16.057814000Z DEBUG solana_program_runtime::stable_log] Program log: mango-log
[2022-02-12T07:55:16.058582000Z DEBUG solana_program_runtime::stable_log] Program log: F5qwwQsqqPQUKe5/PL8czqjQHgAKx8rTVSdab9LrSJK5Jkk3jR829lEsXkBHmV8kPlnls39WXZP19KmJnq2lcFcBzob/4dj9DwAAAAAAAACZmZmZmZmNYQAAAAAAAAAAAAAAAAAAAAAAAAAAAAAAAA==
[2022-02-12T07:55:16.059011000Z DEBUG solana_bpf_loader_program] Program 4uQeVj5tqViQh7yWWGStvkEG1Zmhx6uasJtWCJziofM consumed 46121 of 200000 compute units
[2022-02-12T07:55:16.059120000Z DEBUG solana_program_runtime::stable_log] Program 4uQeVj5tqViQh7yWWGStvkEG1Zmhx6uasJtWCJziofM success
[2022-02-12T07:55:16.064665000Z DEBUG solana_program_runtime::stable_log] Program TokenkegQfeZyiNwAJbNbGKPFXCWuBvf9Ss623VQ5DA invoke [1]
[2022-02-12T07:55:16.065190000Z DEBUG solana_program_runtime::stable_log] Program log: Instruction: InitializeAccount
[2022-02-12T07:55:16.066255000Z DEBUG solana_bpf_loader_program] Program TokenkegQfeZyiNwAJbNbGKPFXCWuBvf9Ss623VQ5DA consumed 3411 of 200000 compute units
[2022-02-12T07:55:16.066315000Z DEBUG solana_program_runtime::stable_log] Program TokenkegQfeZyiNwAJbNbGKPFXCWuBvf9Ss623VQ5DA success
[2022-02-12T07:55:16.069278000Z DEBUG solana_program_runtime::stable_log] Program 11111111111111111111111111111111 invoke [1]
[2022-02-12T07:55:16.069333000Z DEBUG solana_program_runtime::stable_log] Program 11111111111111111111111111111111 success
[2022-02-12T07:55:16.072816000Z DEBUG solana_program_runtime::stable_log] Program 11111111111111111111111111111111 invoke [1]
[2022-02-12T07:55:16.072876000Z DEBUG solana_program_runtime::stable_log] Program 11111111111111111111111111111111 success
[2022-02-12T07:55:16.084938000Z DEBUG solana_program_runtime::stable_log] Program 8opHzTAnfzRpPEx21XtnrVTX28YQuCpAjcn1PczScKh invoke [1]
[2022-02-12T07:55:16.085700000Z DEBUG solana_program_runtime::stable_log] Program log: Mango: AddSpotMarket
[2022-02-12T07:55:16.090834000Z DEBUG solana_program_runtime::stable_log] Program 4uQeVj5tqViQh7yWWGStvkEG1Zmhx6uasJtWCJziofM invoke [1]
[2022-02-12T07:55:16.091177000Z DEBUG solana_program_runtime::stable_log] Program log: Mango: CachePrices
[2022-02-12T07:55:16.091520000Z DEBUG solana_program_runtime::stable_log] Program log: mango-log
[2022-02-12T07:55:16.092141000Z DEBUG solana_program_runtime::stable_log] Program log: ux0uSxX5tBsUKe5/PL8czqjQHgAKx8rTVSdab9LrSJK5Jkk3jR829gEAAAAAAAAAAAAAAAEAAAAAAAAAAACYOgAAAAAAAAAA
[2022-02-12T07:55:16.092168000Z DEBUG solana_bpf_loader_program] Program 8opHzTAnfzRpPEx21XtnrVTX28YQuCpAjcn1PczScKh consumed 20864 of 200000 compute units
[2022-02-12T07:55:16.092246000Z DEBUG solana_bpf_loader_program] Program 4uQeVj5tqViQh7yWWGStvkEG1Zmhx6uasJtWCJziofM consumed 3669 of 200000 compute units
[2022-02-12T07:55:16.092261000Z DEBUG solana_program_runtime::stable_log] Program 8opHzTAnfzRpPEx21XtnrVTX28YQuCpAjcn1PczScKh success
[2022-02-12T07:55:16.092300000Z DEBUG solana_program_runtime::stable_log] Program 4uQeVj5tqViQh7yWWGStvkEG1Zmhx6uasJtWCJziofM success
[2022-02-12T07:55:16.096633000Z DEBUG solana_program_runtime::stable_log] Program 11111111111111111111111111111111 invoke [1]
[2022-02-12T07:55:16.096704000Z DEBUG solana_program_runtime::stable_log] Program 11111111111111111111111111111111 success
[2022-02-12T07:55:16.103026000Z DEBUG solana_program_runtime::stable_log] Program 4uQeVj5tqViQh7yWWGStvkEG1Zmhx6uasJtWCJziofM invoke [1]
[2022-02-12T07:55:16.103436000Z DEBUG solana_program_runtime::stable_log] Program log: Mango: UpdateRootBank
[2022-02-12T07:55:16.104650000Z DEBUG solana_program_runtime::stable_log] Program TokenkegQfeZyiNwAJbNbGKPFXCWuBvf9Ss623VQ5DA invoke [1]
[2022-02-12T07:55:16.105158000Z DEBUG solana_program_runtime::stable_log] Program log: Instruction: InitializeAccount
[2022-02-12T07:55:16.105571000Z DEBUG solana_program_runtime::stable_log] Program log: mango-log
[2022-02-12T07:55:16.106202000Z DEBUG solana_program_runtime::stable_log] Program log: 8HmBNKTUaLgUKe5/PL8czqjQHgAKx8rTVSdab9LrSJK5Jkk3jR829gAAAAAAAAAAAAAAAAAAQEIPAAAAAAAAAAAAAAAAAEBCDwAAAAAAAAA=
[2022-02-12T07:55:16.106202000Z DEBUG solana_bpf_loader_program] Program TokenkegQfeZyiNwAJbNbGKPFXCWuBvf9Ss623VQ5DA consumed 3411 of 200000 compute units
[2022-02-12T07:55:16.106263000Z DEBUG solana_program_runtime::stable_log] Program TokenkegQfeZyiNwAJbNbGKPFXCWuBvf9Ss623VQ5DA success
[2022-02-12T07:55:16.106330000Z DEBUG solana_bpf_loader_program] Program 4uQeVj5tqViQh7yWWGStvkEG1Zmhx6uasJtWCJziofM consumed 9360 of 200000 compute units
[2022-02-12T07:55:16.106384000Z DEBUG solana_program_runtime::stable_log] Program 4uQeVj5tqViQh7yWWGStvkEG1Zmhx6uasJtWCJziofM success
[2022-02-12T07:55:16.109607000Z DEBUG solana_program_runtime::stable_log] Program 11111111111111111111111111111111 invoke [1]
[2022-02-12T07:55:16.109665000Z DEBUG solana_program_runtime::stable_log] Program 11111111111111111111111111111111 success
[2022-02-12T07:55:16.117458000Z DEBUG solana_program_runtime::stable_log] Program 4uQeVj5tqViQh7yWWGStvkEG1Zmhx6uasJtWCJziofM invoke [1]
[2022-02-12T07:55:16.117586000Z DEBUG solana_program_runtime::stable_log] Program TokenkegQfeZyiNwAJbNbGKPFXCWuBvf9Ss623VQ5DA invoke [1]
[2022-02-12T07:55:16.117915000Z DEBUG solana_program_runtime::stable_log] Program log: Mango: UpdateFunding
[2022-02-12T07:55:16.118091000Z DEBUG solana_program_runtime::stable_log] Program log: Instruction: InitializeAccount
[2022-02-12T07:55:16.119058000Z DEBUG solana_program_runtime::stable_log] Program log: mango-log
[2022-02-12T07:55:16.119134000Z DEBUG solana_bpf_loader_program] Program TokenkegQfeZyiNwAJbNbGKPFXCWuBvf9Ss623VQ5DA consumed 3411 of 200000 compute units
[2022-02-12T07:55:16.119192000Z DEBUG solana_program_runtime::stable_log] Program TokenkegQfeZyiNwAJbNbGKPFXCWuBvf9Ss623VQ5DA success
[2022-02-12T07:55:16.119709000Z DEBUG solana_program_runtime::stable_log] Program log: ta5iwCEXTXsUKe5/PL8czqjQHgAKx8rTVSdab9LrSJK5Jkk3jR829gAAAAAAAAAAAAAAAAAAAAAAAAAAAAAAAAAAAAAAAAAAAAAAAAAAAAA=
[2022-02-12T07:55:16.119873000Z DEBUG solana_bpf_loader_program] Program 4uQeVj5tqViQh7yWWGStvkEG1Zmhx6uasJtWCJziofM consumed 6381 of 200000 compute units
[2022-02-12T07:55:16.119945000Z DEBUG solana_program_runtime::stable_log] Program 4uQeVj5tqViQh7yWWGStvkEG1Zmhx6uasJtWCJziofM success
[2022-02-12T07:55:16.127569000Z DEBUG solana_program_runtime::stable_log] Program 11111111111111111111111111111111 invoke [1]
[2022-02-12T07:55:16.127632000Z DEBUG solana_program_runtime::stable_log] Program 11111111111111111111111111111111 success
[2022-02-12T07:55:16.127687000Z DEBUG solana_program_runtime::stable_log] Program 11111111111111111111111111111111 invoke [1]
[2022-02-12T07:55:16.127733000Z DEBUG solana_program_runtime::stable_log] Program 11111111111111111111111111111111 success
[2022-02-12T07:55:16.127785000Z DEBUG solana_program_runtime::stable_log] Program 11111111111111111111111111111111 invoke [1]
[2022-02-12T07:55:16.127859000Z DEBUG solana_program_runtime::stable_log] Program 11111111111111111111111111111111 success
[2022-02-12T07:55:16.128086000Z DEBUG solana_program_runtime::stable_log] Program 11111111111111111111111111111111 invoke [1]
[2022-02-12T07:55:16.128130000Z DEBUG solana_program_runtime::stable_log] Program 11111111111111111111111111111111 success
[2022-02-12T07:55:16.128192000Z DEBUG solana_program_runtime::stable_log] Program 11111111111111111111111111111111 invoke [1]
[2022-02-12T07:55:16.128238000Z DEBUG solana_program_runtime::stable_log] Program 11111111111111111111111111111111 success
[2022-02-12T07:55:16.130142000Z DEBUG solana_program_runtime::stable_log] Program 4uQeVj5tqViQh7yWWGStvkEG1Zmhx6uasJtWCJziofM invoke [1]
[2022-02-12T07:55:16.130550000Z DEBUG solana_program_runtime::stable_log] Program log: Mango: CacheRootBanks
[2022-02-12T07:55:16.131236000Z DEBUG solana_program_runtime::stable_log] Program log: mango-log
[2022-02-12T07:55:16.132165000Z DEBUG solana_program_runtime::stable_log] Program log: IVXYca/GfegUKe5/PL8czqjQHgAKx8rTVSdab9LrSJK5Jkk3jR829gIAAAAAAAAAAAAAAA8AAAAAAAAAAgAAAAAAAAAAAEBCDwAAAAAAAAAAAAAAAABAQg8AAAAAAAAAAgAAAAAAAAAAAEBCDwAAAAAAAAAAAAAAAABAQg8AAAAAAAAA
[2022-02-12T07:55:16.132297000Z DEBUG solana_bpf_loader_program] Program 4uQeVj5tqViQh7yWWGStvkEG1Zmhx6uasJtWCJziofM consumed 5857 of 200000 compute units
[2022-02-12T07:55:16.132358000Z DEBUG solana_program_runtime::stable_log] Program 4uQeVj5tqViQh7yWWGStvkEG1Zmhx6uasJtWCJziofM success
[2022-02-12T07:55:16.137701000Z DEBUG solana_program_runtime::stable_log] Program CiDwVBFgWV9E5MvXWoLgnEgn2hK7rJikbvfWavzAQz3 invoke [1]
[2022-02-12T07:55:16.142821000Z DEBUG solana_bpf_loader_program] Program CiDwVBFgWV9E5MvXWoLgnEgn2hK7rJikbvfWavzAQz3 consumed 13661 of 200000 compute units
[2022-02-12T07:55:16.142850000Z DEBUG solana_program_runtime::stable_log] Program 4uQeVj5tqViQh7yWWGStvkEG1Zmhx6uasJtWCJziofM invoke [1]
[2022-02-12T07:55:16.142932000Z DEBUG solana_program_runtime::stable_log] Program CiDwVBFgWV9E5MvXWoLgnEgn2hK7rJikbvfWavzAQz3 success
[2022-02-12T07:55:16.143196000Z DEBUG solana_program_runtime::stable_log] Program log: Mango: CachePerpMarkets
[2022-02-12T07:55:16.143604000Z DEBUG solana_program_runtime::stable_log] Program log: mango-log
[2022-02-12T07:55:16.144368000Z DEBUG solana_program_runtime::stable_log] Program log: 9lt9JxCzqw4UKe5/PL8czqjQHgAKx8rTVSdab9LrSJK5Jkk3jR829gEAAAAAAAAAAAAAAAEAAAAAAAAAAAAAAAAAAAAAAAAAAQAAAAAAAAAAAAAAAAAAAAAAAAA=
[2022-02-12T07:55:16.144477000Z DEBUG solana_bpf_loader_program] Program 4uQeVj5tqViQh7yWWGStvkEG1Zmhx6uasJtWCJziofM consumed 4331 of 200000 compute units
[2022-02-12T07:55:16.144532000Z DEBUG solana_program_runtime::stable_log] Program 4uQeVj5tqViQh7yWWGStvkEG1Zmhx6uasJtWCJziofM success
[2022-02-12T07:55:16.150545000Z DEBUG solana_program_runtime::stable_log] Program 11111111111111111111111111111111 invoke [1]
[2022-02-12T07:55:16.150628000Z DEBUG solana_program_runtime::stable_log] Program 11111111111111111111111111111111 success
[2022-02-12T07:55:16.155538000Z DEBUG solana_program_runtime::stable_log] Program 4uQeVj5tqViQh7yWWGStvkEG1Zmhx6uasJtWCJziofM invoke [1]
[2022-02-12T07:55:16.155894000Z DEBUG solana_program_runtime::stable_log] Program log: Mango: SetOracle
[2022-02-12T07:55:16.156192000Z DEBUG solana_bpf_loader_program] Program 4uQeVj5tqViQh7yWWGStvkEG1Zmhx6uasJtWCJziofM consumed 1550 of 200000 compute units
[2022-02-12T07:55:16.156249000Z DEBUG solana_program_runtime::stable_log] Program 4uQeVj5tqViQh7yWWGStvkEG1Zmhx6uasJtWCJziofM success
[2022-02-12T07:55:16.158631000Z DEBUG solana_program_runtime::stable_log] Program TokenkegQfeZyiNwAJbNbGKPFXCWuBvf9Ss623VQ5DA invoke [1]
[2022-02-12T07:55:16.159142000Z DEBUG solana_program_runtime::stable_log] Program log: Instruction: InitializeAccount
[2022-02-12T07:55:16.160193000Z DEBUG solana_bpf_loader_program] Program TokenkegQfeZyiNwAJbNbGKPFXCWuBvf9Ss623VQ5DA consumed 3411 of 200000 compute units
[2022-02-12T07:55:16.160254000Z DEBUG solana_program_runtime::stable_log] Program TokenkegQfeZyiNwAJbNbGKPFXCWuBvf9Ss623VQ5DA success
[2022-02-12T07:55:16.163210000Z DEBUG solana_program_runtime::stable_log] Program 11111111111111111111111111111111 invoke [1]
[2022-02-12T07:55:16.163265000Z DEBUG solana_program_runtime::stable_log] Program 11111111111111111111111111111111 success
[2022-02-12T07:55:16.166595000Z DEBUG solana_program_runtime::stable_log] Program 11111111111111111111111111111111 invoke [1]
[2022-02-12T07:55:16.166645000Z DEBUG solana_program_runtime::stable_log] Program 11111111111111111111111111111111 success
[2022-02-12T07:55:16.178706000Z DEBUG solana_program_runtime::stable_log] Program 8opHzTAnfzRpPEx21XtnrVTX28YQuCpAjcn1PczScKh invoke [1]
[2022-02-12T07:55:16.179462000Z DEBUG solana_program_runtime::stable_log] Program log: Mango: AddSpotMarket
[2022-02-12T07:55:16.185909000Z DEBUG solana_bpf_loader_program] Program 8opHzTAnfzRpPEx21XtnrVTX28YQuCpAjcn1PczScKh consumed 20903 of 200000 compute units
[2022-02-12T07:55:16.186002000Z DEBUG solana_program_runtime::stable_log] Program 8opHzTAnfzRpPEx21XtnrVTX28YQuCpAjcn1PczScKh success
[2022-02-12T07:55:16.186258000Z DEBUG solana_program_runtime::stable_log] Program 4uQeVj5tqViQh7yWWGStvkEG1Zmhx6uasJtWCJziofM invoke [1]
[2022-02-12T07:55:16.186602000Z DEBUG solana_program_runtime::stable_log] Program log: Mango: CachePrices
[2022-02-12T07:55:16.186948000Z DEBUG solana_program_runtime::stable_log] Program log: mango-log
[2022-02-12T07:55:16.187571000Z DEBUG solana_program_runtime::stable_log] Program log: ux0uSxX5tBsUKe5/PL8czqjQHgAKx8rTVSdab9LrSJK5Jkk3jR829gEAAAAAAAAAAAAAAAEAAAAAAAAAAADoAwAAAAAAAAAA
[2022-02-12T07:55:16.187680000Z DEBUG solana_bpf_loader_program] Program 4uQeVj5tqViQh7yWWGStvkEG1Zmhx6uasJtWCJziofM consumed 3669 of 200000 compute units
[2022-02-12T07:55:16.187734000Z DEBUG solana_program_runtime::stable_log] Program 4uQeVj5tqViQh7yWWGStvkEG1Zmhx6uasJtWCJziofM success
[2022-02-12T07:55:16.190463000Z DEBUG solana_program_runtime::stable_log] Program 11111111111111111111111111111111 invoke [1]
[2022-02-12T07:55:16.190531000Z DEBUG solana_program_runtime::stable_log] Program 11111111111111111111111111111111 success
[2022-02-12T07:55:16.198466000Z DEBUG solana_program_runtime::stable_log] Program TokenkegQfeZyiNwAJbNbGKPFXCWuBvf9Ss623VQ5DA invoke [1]
[2022-02-12T07:55:16.198481000Z DEBUG solana_program_runtime::stable_log] Program 4uQeVj5tqViQh7yWWGStvkEG1Zmhx6uasJtWCJziofM invoke [1]
[2022-02-12T07:55:16.198875000Z DEBUG solana_program_runtime::stable_log] Program log: Mango: UpdateRootBank
[2022-02-12T07:55:16.198977000Z DEBUG solana_program_runtime::stable_log] Program log: Instruction: InitializeAccount
[2022-02-12T07:55:16.200019000Z DEBUG solana_bpf_loader_program] Program TokenkegQfeZyiNwAJbNbGKPFXCWuBvf9Ss623VQ5DA consumed 3411 of 200000 compute units
[2022-02-12T07:55:16.200081000Z DEBUG solana_program_runtime::stable_log] Program TokenkegQfeZyiNwAJbNbGKPFXCWuBvf9Ss623VQ5DA success
[2022-02-12T07:55:16.201045000Z DEBUG solana_program_runtime::stable_log] Program log: mango-log
[2022-02-12T07:55:16.201674000Z DEBUG solana_program_runtime::stable_log] Program log: 8HmBNKTUaLgUKe5/PL8czqjQHgAKx8rTVSdab9LrSJK5Jkk3jR829gAAAAAAAAAAAAAAAAAAQEIPAAAAAAAAAAAAAAAAAEBCDwAAAAAAAAA=
[2022-02-12T07:55:16.201802000Z DEBUG solana_bpf_loader_program] Program 4uQeVj5tqViQh7yWWGStvkEG1Zmhx6uasJtWCJziofM consumed 9360 of 200000 compute units
[2022-02-12T07:55:16.201857000Z DEBUG solana_program_runtime::stable_log] Program 4uQeVj5tqViQh7yWWGStvkEG1Zmhx6uasJtWCJziofM success
[2022-02-12T07:55:16.203455000Z DEBUG solana_program_runtime::stable_log] Program 11111111111111111111111111111111 invoke [1]
[2022-02-12T07:55:16.203507000Z DEBUG solana_program_runtime::stable_log] Program 11111111111111111111111111111111 success
[2022-02-12T07:55:16.211447000Z DEBUG solana_program_runtime::stable_log] Program TokenkegQfeZyiNwAJbNbGKPFXCWuBvf9Ss623VQ5DA invoke [1]
[2022-02-12T07:55:16.211967000Z DEBUG solana_program_runtime::stable_log] Program log: Instruction: InitializeAccount
[2022-02-12T07:55:16.212872000Z DEBUG solana_program_runtime::stable_log] Program 4uQeVj5tqViQh7yWWGStvkEG1Zmhx6uasJtWCJziofM invoke [1]
[2022-02-12T07:55:16.213012000Z DEBUG solana_bpf_loader_program] Program TokenkegQfeZyiNwAJbNbGKPFXCWuBvf9Ss623VQ5DA consumed 3411 of 200000 compute units
[2022-02-12T07:55:16.213074000Z DEBUG solana_program_runtime::stable_log] Program TokenkegQfeZyiNwAJbNbGKPFXCWuBvf9Ss623VQ5DA success
[2022-02-12T07:55:16.213329000Z DEBUG solana_program_runtime::stable_log] Program log: Mango: UpdateFunding
[2022-02-12T07:55:16.214475000Z DEBUG solana_program_runtime::stable_log] Program log: mango-log
[2022-02-12T07:55:16.215102000Z DEBUG solana_program_runtime::stable_log] Program log: ta5iwCEXTXsUKe5/PL8czqjQHgAKx8rTVSdab9LrSJK5Jkk3jR829gAAAAAAAAAAAAAAAAAAAAAAAAAAAAAAAAAAAAAAAAAAAAAAAAAAAAA=
[2022-02-12T07:55:16.215257000Z DEBUG solana_bpf_loader_program] Program 4uQeVj5tqViQh7yWWGStvkEG1Zmhx6uasJtWCJziofM consumed 6381 of 200000 compute units
[2022-02-12T07:55:16.215325000Z DEBUG solana_program_runtime::stable_log] Program 4uQeVj5tqViQh7yWWGStvkEG1Zmhx6uasJtWCJziofM success
[2022-02-12T07:55:16.221378000Z DEBUG solana_program_runtime::stable_log] Program 11111111111111111111111111111111 invoke [1]
[2022-02-12T07:55:16.221440000Z DEBUG solana_program_runtime::stable_log] Program 11111111111111111111111111111111 success
[2022-02-12T07:55:16.221492000Z DEBUG solana_program_runtime::stable_log] Program 11111111111111111111111111111111 invoke [1]
[2022-02-12T07:55:16.221534000Z DEBUG solana_program_runtime::stable_log] Program 11111111111111111111111111111111 success
[2022-02-12T07:55:16.221582000Z DEBUG solana_program_runtime::stable_log] Program 11111111111111111111111111111111 invoke [1]
[2022-02-12T07:55:16.221650000Z DEBUG solana_program_runtime::stable_log] Program 11111111111111111111111111111111 success
[2022-02-12T07:55:16.221878000Z DEBUG solana_program_runtime::stable_log] Program 11111111111111111111111111111111 invoke [1]
[2022-02-12T07:55:16.221922000Z DEBUG solana_program_runtime::stable_log] Program 11111111111111111111111111111111 success
[2022-02-12T07:55:16.221982000Z DEBUG solana_program_runtime::stable_log] Program 11111111111111111111111111111111 invoke [1]
[2022-02-12T07:55:16.222026000Z DEBUG solana_program_runtime::stable_log] Program 11111111111111111111111111111111 success
[2022-02-12T07:55:16.225561000Z DEBUG solana_program_runtime::stable_log] Program 4uQeVj5tqViQh7yWWGStvkEG1Zmhx6uasJtWCJziofM invoke [1]
[2022-02-12T07:55:16.225963000Z DEBUG solana_program_runtime::stable_log] Program log: Mango: CacheRootBanks
[2022-02-12T07:55:16.226663000Z DEBUG solana_program_runtime::stable_log] Program log: mango-log
[2022-02-12T07:55:16.227582000Z DEBUG solana_program_runtime::stable_log] Program log: IVXYca/GfegUKe5/PL8czqjQHgAKx8rTVSdab9LrSJK5Jkk3jR829gIAAAAAAAAAAAAAAA8AAAAAAAAAAgAAAAAAAAAAAEBCDwAAAAAAAAAAAAAAAABAQg8AAAAAAAAAAgAAAAAAAAAAAEBCDwAAAAAAAAAAAAAAAABAQg8AAAAAAAAA
[2022-02-12T07:55:16.227715000Z DEBUG solana_bpf_loader_program] Program 4uQeVj5tqViQh7yWWGStvkEG1Zmhx6uasJtWCJziofM consumed 5857 of 200000 compute units
[2022-02-12T07:55:16.227772000Z DEBUG solana_program_runtime::stable_log] Program 4uQeVj5tqViQh7yWWGStvkEG1Zmhx6uasJtWCJziofM success
[2022-02-12T07:55:16.231497000Z DEBUG solana_program_runtime::stable_log] Program CiDwVBFgWV9E5MvXWoLgnEgn2hK7rJikbvfWavzAQz3 invoke [1]
[2022-02-12T07:55:16.236626000Z DEBUG solana_bpf_loader_program] Program CiDwVBFgWV9E5MvXWoLgnEgn2hK7rJikbvfWavzAQz3 consumed 13661 of 200000 compute units
[2022-02-12T07:55:16.236743000Z DEBUG solana_program_runtime::stable_log] Program CiDwVBFgWV9E5MvXWoLgnEgn2hK7rJikbvfWavzAQz3 success
[2022-02-12T07:55:16.238268000Z DEBUG solana_program_runtime::stable_log] Program 4uQeVj5tqViQh7yWWGStvkEG1Zmhx6uasJtWCJziofM invoke [1]
[2022-02-12T07:55:16.238601000Z DEBUG solana_program_runtime::stable_log] Program log: Mango: CachePerpMarkets
[2022-02-12T07:55:16.238990000Z DEBUG solana_program_runtime::stable_log] Program log: mango-log
[2022-02-12T07:55:16.239750000Z DEBUG solana_program_runtime::stable_log] Program log: 9lt9JxCzqw4UKe5/PL8czqjQHgAKx8rTVSdab9LrSJK5Jkk3jR829gEAAAAAAAAAAAAAAAEAAAAAAAAAAAAAAAAAAAAAAAAAAQAAAAAAAAAAAAAAAAAAAAAAAAA=
[2022-02-12T07:55:16.239860000Z DEBUG solana_bpf_loader_program] Program 4uQeVj5tqViQh7yWWGStvkEG1Zmhx6uasJtWCJziofM consumed 4331 of 200000 compute units
[2022-02-12T07:55:16.239923000Z DEBUG solana_program_runtime::stable_log] Program 4uQeVj5tqViQh7yWWGStvkEG1Zmhx6uasJtWCJziofM success
[2022-02-12T07:55:16.244413000Z DEBUG solana_program_runtime::stable_log] Program 11111111111111111111111111111111 invoke [1]
[2022-02-12T07:55:16.244475000Z DEBUG solana_program_runtime::stable_log] Program 11111111111111111111111111111111 success
[2022-02-12T07:55:16.252518000Z DEBUG solana_program_runtime::stable_log] Program TokenkegQfeZyiNwAJbNbGKPFXCWuBvf9Ss623VQ5DA invoke [1]
[2022-02-12T07:55:16.253045000Z DEBUG solana_program_runtime::stable_log] Program log: Instruction: InitializeAccount
[2022-02-12T07:55:16.254096000Z DEBUG solana_bpf_loader_program] Program TokenkegQfeZyiNwAJbNbGKPFXCWuBvf9Ss623VQ5DA consumed 3411 of 200000 compute units
[2022-02-12T07:55:16.254158000Z DEBUG solana_program_runtime::stable_log] Program TokenkegQfeZyiNwAJbNbGKPFXCWuBvf9Ss623VQ5DA success
[2022-02-12T07:55:16.255205000Z DEBUG solana_program_runtime::stable_log] Program 4uQeVj5tqViQh7yWWGStvkEG1Zmhx6uasJtWCJziofM invoke [1]
[2022-02-12T07:55:16.256658000Z DEBUG solana_program_runtime::stable_log] Program log: Mango: LiquidateTokenAndToken
[2022-02-12T07:55:16.258128000Z DEBUG solana_program_runtime::stable_log] Program 11111111111111111111111111111111 invoke [1]
[2022-02-12T07:55:16.258180000Z DEBUG solana_program_runtime::stable_log] Program 11111111111111111111111111111111 success
[2022-02-12T07:55:16.261412000Z DEBUG solana_program_runtime::stable_log] Program 11111111111111111111111111111111 invoke [1]
[2022-02-12T07:55:16.261462000Z DEBUG solana_program_runtime::stable_log] Program 11111111111111111111111111111111 success
[2022-02-12T07:55:16.263501000Z DEBUG solana_program_runtime::stable_log] Program log: mango-log
[2022-02-12T07:55:16.264247000Z DEBUG solana_program_runtime::stable_log] Program log: F5qwwQsqqPQUKe5/PL8czqjQHgAKx8rTVSdab9LrSJK5Jkk3jR829nwJYdq3U+mxyarAAn8O9qA3y7Hs91k8NSEnTQy+LXMhDwAAAAAAAAAAAAAAAAAAAAAAAAAAAAAAPgrXo3B9gxMAAAAAAAAAAA==
[2022-02-12T07:55:16.265453000Z DEBUG solana_program_runtime::stable_log] Program log: mango-log
[2022-02-12T07:55:16.266255000Z DEBUG solana_program_runtime::stable_log] Program log: F5qwwQsqqPQUKe5/PL8czqjQHgAKx8rTVSdab9LrSJK5Jkk3jR829oU3E1h9Mn1K0YyLcEg3Re2Ay85OeBIuSdLmDXnAvlfSDwAAAAAAAAA+CtejcP0PJwAAAAAAAAAAAAAAAAAAAAAAAAAAAAAAAA==
[2022-02-12T07:55:16.268533000Z DEBUG solana_program_runtime::stable_log] Program log: mango-log
[2022-02-12T07:55:16.269293000Z DEBUG solana_program_runtime::stable_log] Program log: F5qwwQsqqPQUKe5/PL8czqjQHgAKx8rTVSdab9LrSJK5Jkk3jR829oU3E1h9Mn1K0YyLcEg3Re2Ay85OeBIuSdLmDXnAvlfSAAAAAAAAAAAvaverAAAAAAAAAAAAAAAAAAAAAAAAAAAAAAAAAAAAAA==
[2022-02-12T07:55:16.270297000Z DEBUG solana_program_runtime::stable_log] Program log: mango-log
[2022-02-12T07:55:16.271062000Z DEBUG solana_program_runtime::stable_log] Program log: F5qwwQsqqPQUKe5/PL8czqjQHgAKx8rTVSdab9LrSJK5Jkk3jR829nwJYdq3U+mxyarAAn8O9qA3y7Hs91k8NSEnTQy+LXMhAAAAAAAAAADRlQhU//8AAAAAAAAAAAAAAAAAAAAAAAAAAAAAAAAAAA==
[2022-02-12T07:55:16.272368000Z DEBUG solana_program_runtime::stable_log] Program log: mango-log
[2022-02-12T07:55:16.273256000Z DEBUG solana_program_runtime::stable_log] Program 8opHzTAnfzRpPEx21XtnrVTX28YQuCpAjcn1PczScKh invoke [1]
[2022-02-12T07:55:16.273453000Z DEBUG solana_program_runtime::stable_log] Program log: cO8nQbWsEVQUKe5/PL8czqjQHgAKx8rTVSdab9LrSJK5Jkk3jR829nwJYdq3U+mxyarAAn8O9qA3y7Hs91k8NSEnTQy+LXMhhTcTWH0yfUrRjItwSDdF7YDLzk54Ei5J0uYNecC+V9IAAAAAAAAAAA8AAAAAAAAA/P////8/CgAAAAAAAAAAAAAAAAAAABAnAAAAAAAAAAAAAAAAAADoAwAAAAAAAAAAAAAAAAAAAQAAAAAAAAAAAAA=
[2022-02-12T07:55:16.273894000Z DEBUG solana_bpf_loader_program] Program 4uQeVj5tqViQh7yWWGStvkEG1Zmhx6uasJtWCJziofM consumed 56229 of 200000 compute units
[2022-02-12T07:55:16.273960000Z DEBUG solana_program_runtime::stable_log] Program log: Mango: AddSpotMarket
[2022-02-12T07:55:16.273992000Z DEBUG solana_program_runtime::stable_log] Program 4uQeVj5tqViQh7yWWGStvkEG1Zmhx6uasJtWCJziofM success
[2022-02-12T07:55:16.280406000Z DEBUG solana_bpf_loader_program] Program 8opHzTAnfzRpPEx21XtnrVTX28YQuCpAjcn1PczScKh consumed 20942 of 200000 compute units
[2022-02-12T07:55:16.280499000Z DEBUG solana_program_runtime::stable_log] Program 8opHzTAnfzRpPEx21XtnrVTX28YQuCpAjcn1PczScKh success
[2022-02-12T07:55:16.285269000Z DEBUG solana_program_runtime::stable_log] Program 11111111111111111111111111111111 invoke [1]
[2022-02-12T07:55:16.285327000Z DEBUG solana_program_runtime::stable_log] Program 11111111111111111111111111111111 success
[2022-02-12T07:55:16.293323000Z DEBUG solana_program_runtime::stable_log] Program TokenkegQfeZyiNwAJbNbGKPFXCWuBvf9Ss623VQ5DA invoke [1]
[2022-02-12T07:55:16.293858000Z DEBUG solana_program_runtime::stable_log] Program log: Instruction: InitializeAccount
[2022-02-12T07:55:16.294937000Z DEBUG solana_bpf_loader_program] Program TokenkegQfeZyiNwAJbNbGKPFXCWuBvf9Ss623VQ5DA consumed 3411 of 200000 compute units
[2022-02-12T07:55:16.295002000Z DEBUG solana_program_runtime::stable_log] Program TokenkegQfeZyiNwAJbNbGKPFXCWuBvf9Ss623VQ5DA success
[2022-02-12T07:55:16.298389000Z DEBUG solana_program_runtime::stable_log] Program 11111111111111111111111111111111 invoke [1]
[2022-02-12T07:55:16.298457000Z DEBUG solana_program_runtime::stable_log] Program 11111111111111111111111111111111 success
[2022-02-12T07:55:16.305337000Z DEBUG solana_program_runtime::stable_log] Program 4uQeVj5tqViQh7yWWGStvkEG1Zmhx6uasJtWCJziofM invoke [1]
[2022-02-12T07:55:16.305697000Z DEBUG solana_program_runtime::stable_log] Program log: Mango: CachePrices
[2022-02-12T07:55:16.306043000Z DEBUG solana_program_runtime::stable_log] Program log: mango-log
[2022-02-12T07:55:16.306461000Z DEBUG solana_program_runtime::stable_log] Program TokenkegQfeZyiNwAJbNbGKPFXCWuBvf9Ss623VQ5DA invoke [1]
[2022-02-12T07:55:16.306668000Z DEBUG solana_program_runtime::stable_log] Program log: ux0uSxX5tBsUKe5/PL8czqjQHgAKx8rTVSdab9LrSJK5Jkk3jR829gEAAAAAAAAAAAAAAAEAAAAAAAAAAADoAwAAAAAAAAAA
[2022-02-12T07:55:16.306777000Z DEBUG solana_bpf_loader_program] Program 4uQeVj5tqViQh7yWWGStvkEG1Zmhx6uasJtWCJziofM consumed 3669 of 200000 compute units
[2022-02-12T07:55:16.306835000Z DEBUG solana_program_runtime::stable_log] Program 4uQeVj5tqViQh7yWWGStvkEG1Zmhx6uasJtWCJziofM success
[2022-02-12T07:55:16.306968000Z DEBUG solana_program_runtime::stable_log] Program log: Instruction: InitializeAccount
[2022-02-12T07:55:16.308033000Z DEBUG solana_bpf_loader_program] Program TokenkegQfeZyiNwAJbNbGKPFXCWuBvf9Ss623VQ5DA consumed 3411 of 200000 compute units
[2022-02-12T07:55:16.308099000Z DEBUG solana_program_runtime::stable_log] Program TokenkegQfeZyiNwAJbNbGKPFXCWuBvf9Ss623VQ5DA success
[2022-02-12T07:55:16.316172000Z DEBUG solana_program_runtime::stable_log] Program 11111111111111111111111111111111 invoke [1]
[2022-02-12T07:55:16.316240000Z DEBUG solana_program_runtime::stable_log] Program 11111111111111111111111111111111 success
[2022-02-12T07:55:16.316293000Z DEBUG solana_program_runtime::stable_log] Program 11111111111111111111111111111111 invoke [1]
[2022-02-12T07:55:16.316336000Z DEBUG solana_program_runtime::stable_log] Program 11111111111111111111111111111111 success
[2022-02-12T07:55:16.316394000Z DEBUG solana_program_runtime::stable_log] Program 11111111111111111111111111111111 invoke [1]
[2022-02-12T07:55:16.316461000Z DEBUG solana_program_runtime::stable_log] Program 11111111111111111111111111111111 success
[2022-02-12T07:55:16.316692000Z DEBUG solana_program_runtime::stable_log] Program 11111111111111111111111111111111 invoke [1]
[2022-02-12T07:55:16.316737000Z DEBUG solana_program_runtime::stable_log] Program 11111111111111111111111111111111 success
[2022-02-12T07:55:16.316796000Z DEBUG solana_program_runtime::stable_log] Program 11111111111111111111111111111111 invoke [1]
[2022-02-12T07:55:16.316838000Z DEBUG solana_program_runtime::stable_log] Program 11111111111111111111111111111111 success
[2022-02-12T07:55:16.317530000Z DEBUG solana_program_runtime::stable_log] Program 4uQeVj5tqViQh7yWWGStvkEG1Zmhx6uasJtWCJziofM invoke [1]
[2022-02-12T07:55:16.317940000Z DEBUG solana_program_runtime::stable_log] Program log: Mango: UpdateRootBank
[2022-02-12T07:55:16.320083000Z DEBUG solana_program_runtime::stable_log] Program log: mango-log
[2022-02-12T07:55:16.320708000Z DEBUG solana_program_runtime::stable_log] Program log: 8HmBNKTUaLgUKe5/PL8czqjQHgAKx8rTVSdab9LrSJK5Jkk3jR829gAAAAAAAAAAAAAAAAAAQEIPAAAAAAAAAAAAAAAAAEBCDwAAAAAAAAA=
[2022-02-12T07:55:16.320837000Z DEBUG solana_bpf_loader_program] Program 4uQeVj5tqViQh7yWWGStvkEG1Zmhx6uasJtWCJziofM consumed 9360 of 200000 compute units
[2022-02-12T07:55:16.320893000Z DEBUG solana_program_runtime::stable_log] Program 4uQeVj5tqViQh7yWWGStvkEG1Zmhx6uasJtWCJziofM success
[2022-02-12T07:55:16.326316000Z DEBUG solana_program_runtime::stable_log] Program CiDwVBFgWV9E5MvXWoLgnEgn2hK7rJikbvfWavzAQz3 invoke [1]
[2022-02-12T07:55:16.331366000Z DEBUG solana_bpf_loader_program] Program CiDwVBFgWV9E5MvXWoLgnEgn2hK7rJikbvfWavzAQz3 consumed 13661 of 200000 compute units
[2022-02-12T07:55:16.331495000Z DEBUG solana_program_runtime::stable_log] Program CiDwVBFgWV9E5MvXWoLgnEgn2hK7rJikbvfWavzAQz3 success
[2022-02-12T07:55:16.332101000Z DEBUG solana_program_runtime::stable_log] Program 4uQeVj5tqViQh7yWWGStvkEG1Zmhx6uasJtWCJziofM invoke [1]
[2022-02-12T07:55:16.332563000Z DEBUG solana_program_runtime::stable_log] Program log: Mango: UpdateFunding
[2022-02-12T07:55:16.333713000Z DEBUG solana_program_runtime::stable_log] Program log: mango-log
[2022-02-12T07:55:16.334346000Z DEBUG solana_program_runtime::stable_log] Program log: ta5iwCEXTXsUKe5/PL8czqjQHgAKx8rTVSdab9LrSJK5Jkk3jR829gAAAAAAAAAAAAAAAAAAAAAAAAAAAAAAAAAAAAAAAAAAAAAAAAAAAAA=
[2022-02-12T07:55:16.334502000Z DEBUG solana_bpf_loader_program] Program 4uQeVj5tqViQh7yWWGStvkEG1Zmhx6uasJtWCJziofM consumed 6381 of 200000 compute units
[2022-02-12T07:55:16.334579000Z DEBUG solana_program_runtime::stable_log] Program 4uQeVj5tqViQh7yWWGStvkEG1Zmhx6uasJtWCJziofM success
[2022-02-12T07:55:16.340344000Z DEBUG solana_program_runtime::stable_log] Program 11111111111111111111111111111111 invoke [1]
[2022-02-12T07:55:16.340430000Z DEBUG solana_program_runtime::stable_log] Program 11111111111111111111111111111111 success
[2022-02-12T07:55:16.344969000Z DEBUG solana_program_runtime::stable_log] Program 4uQeVj5tqViQh7yWWGStvkEG1Zmhx6uasJtWCJziofM invoke [1]
[2022-02-12T07:55:16.345374000Z DEBUG solana_program_runtime::stable_log] Program log: Mango: CacheRootBanks
[2022-02-12T07:55:16.346074000Z DEBUG solana_program_runtime::stable_log] Program log: mango-log
[2022-02-12T07:55:16.346994000Z DEBUG solana_program_runtime::stable_log] Program log: IVXYca/GfegUKe5/PL8czqjQHgAKx8rTVSdab9LrSJK5Jkk3jR829gIAAAAAAAAAAAAAAA8AAAAAAAAAAgAAAAAAAAAAAEBCDwAAAAAAAAAAAAAAAABAQg8AAAAAAAAAAgAAAAAAAAAAAEBCDwAAAAAAAAAAAAAAAABAQg8AAAAAAAAA
[2022-02-12T07:55:16.347129000Z DEBUG solana_bpf_loader_program] Program 4uQeVj5tqViQh7yWWGStvkEG1Zmhx6uasJtWCJziofM consumed 5857 of 200000 compute units
[2022-02-12T07:55:16.347189000Z DEBUG solana_program_runtime::stable_log] Program 4uQeVj5tqViQh7yWWGStvkEG1Zmhx6uasJtWCJziofM success
[2022-02-12T07:55:16.348364000Z DEBUG solana_program_runtime::stable_log] Program TokenkegQfeZyiNwAJbNbGKPFXCWuBvf9Ss623VQ5DA invoke [1]
[2022-02-12T07:55:16.348876000Z DEBUG solana_program_runtime::stable_log] Program log: Instruction: InitializeAccount
[2022-02-12T07:55:16.349921000Z DEBUG solana_bpf_loader_program] Program TokenkegQfeZyiNwAJbNbGKPFXCWuBvf9Ss623VQ5DA consumed 3411 of 200000 compute units
[2022-02-12T07:55:16.349987000Z DEBUG solana_program_runtime::stable_log] Program TokenkegQfeZyiNwAJbNbGKPFXCWuBvf9Ss623VQ5DA success
[2022-02-12T07:55:16.353059000Z DEBUG solana_program_runtime::stable_log] Program 11111111111111111111111111111111 invoke [1]
[2022-02-12T07:55:16.353112000Z DEBUG solana_program_runtime::stable_log] Program 11111111111111111111111111111111 success
[2022-02-12T07:55:16.356531000Z DEBUG solana_program_runtime::stable_log] Program 11111111111111111111111111111111 invoke [1]
[2022-02-12T07:55:16.356582000Z DEBUG solana_program_runtime::stable_log] Program 11111111111111111111111111111111 success
[2022-02-12T07:55:16.357426000Z DEBUG solana_program_runtime::stable_log] Program 4uQeVj5tqViQh7yWWGStvkEG1Zmhx6uasJtWCJziofM invoke [1]
[2022-02-12T07:55:16.357768000Z DEBUG solana_program_runtime::stable_log] Program log: Mango: CachePerpMarkets
[2022-02-12T07:55:16.358170000Z DEBUG solana_program_runtime::stable_log] Program log: mango-log
[2022-02-12T07:55:16.358936000Z DEBUG solana_program_runtime::stable_log] Program log: 9lt9JxCzqw4UKe5/PL8czqjQHgAKx8rTVSdab9LrSJK5Jkk3jR829gEAAAAAAAAAAAAAAAEAAAAAAAAAAAAAAAAAAAAAAAAAAQAAAAAAAAAAAAAAAAAAAAAAAAA=
[2022-02-12T07:55:16.359043000Z DEBUG solana_bpf_loader_program] Program 4uQeVj5tqViQh7yWWGStvkEG1Zmhx6uasJtWCJziofM consumed 4331 of 200000 compute units
[2022-02-12T07:55:16.359095000Z DEBUG solana_program_runtime::stable_log] Program 4uQeVj5tqViQh7yWWGStvkEG1Zmhx6uasJtWCJziofM success
[2022-02-12T07:55:16.368500000Z DEBUG solana_program_runtime::stable_log] Program 8opHzTAnfzRpPEx21XtnrVTX28YQuCpAjcn1PczScKh invoke [1]
[2022-02-12T07:55:16.369220000Z DEBUG solana_program_runtime::stable_log] Program log: Mango: AddSpotMarket
[2022-02-12T07:55:16.373764000Z DEBUG solana_program_runtime::stable_log] Program 4uQeVj5tqViQh7yWWGStvkEG1Zmhx6uasJtWCJziofM invoke [1]
[2022-02-12T07:55:16.375201000Z DEBUG solana_program_runtime::stable_log] Program log: Mango: LiquidateTokenAndToken
[2022-02-12T07:55:16.375452000Z DEBUG solana_bpf_loader_program] Program 8opHzTAnfzRpPEx21XtnrVTX28YQuCpAjcn1PczScKh consumed 20981 of 200000 compute units
[2022-02-12T07:55:16.375541000Z DEBUG solana_program_runtime::stable_log] Program 8opHzTAnfzRpPEx21XtnrVTX28YQuCpAjcn1PczScKh success
[2022-02-12T07:55:16.380535000Z DEBUG solana_program_runtime::stable_log] Program 11111111111111111111111111111111 invoke [1]
[2022-02-12T07:55:16.380609000Z DEBUG solana_program_runtime::stable_log] Program 11111111111111111111111111111111 success
[2022-02-12T07:55:16.382222000Z DEBUG solana_program_runtime::stable_log] Program log: mango-log
[2022-02-12T07:55:16.382995000Z DEBUG solana_program_runtime::stable_log] Program log: F5qwwQsqqPQUKe5/PL8czqjQHgAKx8rTVSdab9LrSJK5Jkk3jR829nwJYdq3U+mxyarAAn8O9qA3y7Hs91k8NSEnTQy+LXMhDwAAAAAAAAAAAAAAAAAAAAAAAAAAAAAAfBSuR+F6gxMAAAAAAAAAAA==
[2022-02-12T07:55:16.384159000Z DEBUG solana_program_runtime::stable_log] Program log: mango-log
[2022-02-12T07:55:16.384921000Z DEBUG solana_program_runtime::stable_log] Program log: F5qwwQsqqPQUKe5/PL8czqjQHgAKx8rTVSdab9LrSJK5Jkk3jR829oU3E1h9Mn1K0YyLcEg3Re2Ay85OeBIuSdLmDXnAvlfSDwAAAAAAAAB8FK5H4foPJwAAAAAAAAAAAAAAAAAAAAAAAAAAAAAAAA==
[2022-02-12T07:55:16.387183000Z DEBUG solana_program_runtime::stable_log] Program log: mango-log
[2022-02-12T07:55:16.387943000Z DEBUG solana_program_runtime::stable_log] Program log: F5qwwQsqqPQUKe5/PL8czqjQHgAKx8rTVSdab9LrSJK5Jkk3jR829oU3E1h9Mn1K0YyLcEg3Re2Ay85OeBIuSdLmDXnAvlfSAAAAAAAAAABe1O5XAQAAAAAAAAAAAAAAAAAAAAAAAAAAAAAAAAAAAA==
[2022-02-12T07:55:16.388512000Z DEBUG solana_program_runtime::stable_log] Program TokenkegQfeZyiNwAJbNbGKPFXCWuBvf9Ss623VQ5DA invoke [1]
[2022-02-12T07:55:16.388945000Z DEBUG solana_program_runtime::stable_log] Program log: mango-log
[2022-02-12T07:55:16.389023000Z DEBUG solana_program_runtime::stable_log] Program log: Instruction: InitializeAccount
[2022-02-12T07:55:16.389703000Z DEBUG solana_program_runtime::stable_log] Program log: F5qwwQsqqPQUKe5/PL8czqjQHgAKx8rTVSdab9LrSJK5Jkk3jR829nwJYdq3U+mxyarAAn8O9qA3y7Hs91k8NSEnTQy+LXMhAAAAAAAAAACiKxGo/v8AAAAAAAAAAAAAAAAAAAAAAAAAAAAAAAAAAA==
[2022-02-12T07:55:16.390067000Z DEBUG solana_bpf_loader_program] Program TokenkegQfeZyiNwAJbNbGKPFXCWuBvf9Ss623VQ5DA consumed 3411 of 200000 compute units
[2022-02-12T07:55:16.390139000Z DEBUG solana_program_runtime::stable_log] Program TokenkegQfeZyiNwAJbNbGKPFXCWuBvf9Ss623VQ5DA success
[2022-02-12T07:55:16.391022000Z DEBUG solana_program_runtime::stable_log] Program log: mango-log
[2022-02-12T07:55:16.392112000Z DEBUG solana_program_runtime::stable_log] Program log: cO8nQbWsEVQUKe5/PL8czqjQHgAKx8rTVSdab9LrSJK5Jkk3jR829nwJYdq3U+mxyarAAn8O9qA3y7Hs91k8NSEnTQy+LXMhhTcTWH0yfUrRjItwSDdF7YDLzk54Ei5J0uYNecC+V9IAAAAAAAAAAA8AAAAAAAAA/P////8/CgAAAAAAAAAAAAAAAAAAABAnAAAAAAAAAAAAAAAAAADoAwAAAAAAAAAAAAAAAAAAAQAAAAAAAAAAAAA=
[2022-02-12T07:55:16.392546000Z DEBUG solana_bpf_loader_program] Program 4uQeVj5tqViQh7yWWGStvkEG1Zmhx6uasJtWCJziofM consumed 56035 of 200000 compute units
[2022-02-12T07:55:16.392645000Z DEBUG solana_program_runtime::stable_log] Program 4uQeVj5tqViQh7yWWGStvkEG1Zmhx6uasJtWCJziofM success
[2022-02-12T07:55:16.393398000Z DEBUG solana_program_runtime::stable_log] Program 11111111111111111111111111111111 invoke [1]
[2022-02-12T07:55:16.393446000Z DEBUG solana_program_runtime::stable_log] Program 11111111111111111111111111111111 success
[2022-02-12T07:55:16.401292000Z DEBUG solana_program_runtime::stable_log] Program TokenkegQfeZyiNwAJbNbGKPFXCWuBvf9Ss623VQ5DA invoke [1]
[2022-02-12T07:55:16.401791000Z DEBUG solana_program_runtime::stable_log] Program log: Instruction: InitializeAccount
[2022-02-12T07:55:16.402805000Z DEBUG solana_bpf_loader_program] Program TokenkegQfeZyiNwAJbNbGKPFXCWuBvf9Ss623VQ5DA consumed 3411 of 200000 compute units
[2022-02-12T07:55:16.402861000Z DEBUG solana_program_runtime::stable_log] Program TokenkegQfeZyiNwAJbNbGKPFXCWuBvf9Ss623VQ5DA success
[2022-02-12T07:55:16.411469000Z DEBUG solana_program_runtime::stable_log] Program 11111111111111111111111111111111 invoke [1]
[2022-02-12T07:55:16.411539000Z DEBUG solana_program_runtime::stable_log] Program 11111111111111111111111111111111 success
[2022-02-12T07:55:16.411596000Z DEBUG solana_program_runtime::stable_log] Program 11111111111111111111111111111111 invoke [1]
[2022-02-12T07:55:16.411638000Z DEBUG solana_program_runtime::stable_log] Program 11111111111111111111111111111111 success
[2022-02-12T07:55:16.411687000Z DEBUG solana_program_runtime::stable_log] Program 11111111111111111111111111111111 invoke [1]
[2022-02-12T07:55:16.411758000Z DEBUG solana_program_runtime::stable_log] Program 11111111111111111111111111111111 success
[2022-02-12T07:55:16.411988000Z DEBUG solana_program_runtime::stable_log] Program 11111111111111111111111111111111 invoke [1]
[2022-02-12T07:55:16.412034000Z DEBUG solana_program_runtime::stable_log] Program 11111111111111111111111111111111 success
[2022-02-12T07:55:16.412095000Z DEBUG solana_program_runtime::stable_log] Program 11111111111111111111111111111111 invoke [1]
[2022-02-12T07:55:16.412139000Z DEBUG solana_program_runtime::stable_log] Program 11111111111111111111111111111111 success
[2022-02-12T07:55:16.421743000Z DEBUG solana_program_runtime::stable_log] Program CiDwVBFgWV9E5MvXWoLgnEgn2hK7rJikbvfWavzAQz3 invoke [1]
[2022-02-12T07:55:16.426252000Z DEBUG solana_program_runtime::stable_log] Program 4uQeVj5tqViQh7yWWGStvkEG1Zmhx6uasJtWCJziofM invoke [1]
[2022-02-12T07:55:16.426601000Z DEBUG solana_program_runtime::stable_log] Program log: Mango: CachePrices
[2022-02-12T07:55:16.426937000Z DEBUG solana_program_runtime::stable_log] Program log: mango-log
[2022-02-12T07:55:16.426987000Z DEBUG solana_bpf_loader_program] Program CiDwVBFgWV9E5MvXWoLgnEgn2hK7rJikbvfWavzAQz3 consumed 13661 of 200000 compute units
[2022-02-12T07:55:16.427118000Z DEBUG solana_program_runtime::stable_log] Program CiDwVBFgWV9E5MvXWoLgnEgn2hK7rJikbvfWavzAQz3 success
[2022-02-12T07:55:16.427559000Z DEBUG solana_program_runtime::stable_log] Program log: ux0uSxX5tBsUKe5/PL8czqjQHgAKx8rTVSdab9LrSJK5Jkk3jR829gEAAAAAAAAAAAAAAAEAAAAAAAAAAADoAwAAAAAAAAAA
[2022-02-12T07:55:16.427670000Z DEBUG solana_bpf_loader_program] Program 4uQeVj5tqViQh7yWWGStvkEG1Zmhx6uasJtWCJziofM consumed 3669 of 200000 compute units
[2022-02-12T07:55:16.427724000Z DEBUG solana_program_runtime::stable_log] Program 4uQeVj5tqViQh7yWWGStvkEG1Zmhx6uasJtWCJziofM success
[2022-02-12T07:55:16.434811000Z DEBUG solana_program_runtime::stable_log] Program 11111111111111111111111111111111 invoke [1]
[2022-02-12T07:55:16.434898000Z DEBUG solana_program_runtime::stable_log] Program 11111111111111111111111111111111 success
[2022-02-12T07:55:16.438940000Z DEBUG solana_program_runtime::stable_log] Program 4uQeVj5tqViQh7yWWGStvkEG1Zmhx6uasJtWCJziofM invoke [1]
[2022-02-12T07:55:16.439360000Z DEBUG solana_program_runtime::stable_log] Program log: Mango: UpdateRootBank
[2022-02-12T07:55:16.441526000Z DEBUG solana_program_runtime::stable_log] Program log: mango-log
[2022-02-12T07:55:16.442158000Z DEBUG solana_program_runtime::stable_log] Program log: 8HmBNKTUaLgUKe5/PL8czqjQHgAKx8rTVSdab9LrSJK5Jkk3jR829gAAAAAAAAAAAAAAAAAAQEIPAAAAAAAAAAAAAAAAAEBCDwAAAAAAAAA=
[2022-02-12T07:55:16.442289000Z DEBUG solana_bpf_loader_program] Program 4uQeVj5tqViQh7yWWGStvkEG1Zmhx6uasJtWCJziofM consumed 9360 of 200000 compute units
[2022-02-12T07:55:16.442345000Z DEBUG solana_program_runtime::stable_log] Program 4uQeVj5tqViQh7yWWGStvkEG1Zmhx6uasJtWCJziofM success
[2022-02-12T07:55:16.442936000Z DEBUG solana_program_runtime::stable_log] Program TokenkegQfeZyiNwAJbNbGKPFXCWuBvf9Ss623VQ5DA invoke [1]
[2022-02-12T07:55:16.443470000Z DEBUG solana_program_runtime::stable_log] Program log: Instruction: InitializeAccount
[2022-02-12T07:55:16.444536000Z DEBUG solana_bpf_loader_program] Program TokenkegQfeZyiNwAJbNbGKPFXCWuBvf9Ss623VQ5DA consumed 3411 of 200000 compute units
[2022-02-12T07:55:16.444593000Z DEBUG solana_program_runtime::stable_log] Program TokenkegQfeZyiNwAJbNbGKPFXCWuBvf9Ss623VQ5DA success
[2022-02-12T07:55:16.447661000Z DEBUG solana_program_runtime::stable_log] Program 11111111111111111111111111111111 invoke [1]
[2022-02-12T07:55:16.447722000Z DEBUG solana_program_runtime::stable_log] Program 11111111111111111111111111111111 success
[2022-02-12T07:55:16.451099000Z DEBUG solana_program_runtime::stable_log] Program 11111111111111111111111111111111 invoke [1]
[2022-02-12T07:55:16.451152000Z DEBUG solana_program_runtime::stable_log] Program 11111111111111111111111111111111 success
[2022-02-12T07:55:16.453152000Z DEBUG solana_program_runtime::stable_log] Program 4uQeVj5tqViQh7yWWGStvkEG1Zmhx6uasJtWCJziofM invoke [1]
[2022-02-12T07:55:16.453616000Z DEBUG solana_program_runtime::stable_log] Program log: Mango: UpdateFunding
[2022-02-12T07:55:16.454758000Z DEBUG solana_program_runtime::stable_log] Program log: mango-log
[2022-02-12T07:55:16.455387000Z DEBUG solana_program_runtime::stable_log] Program log: ta5iwCEXTXsUKe5/PL8czqjQHgAKx8rTVSdab9LrSJK5Jkk3jR829gAAAAAAAAAAAAAAAAAAAAAAAAAAAAAAAAAAAAAAAAAAAAAAAAAAAAA=
[2022-02-12T07:55:16.455540000Z DEBUG solana_bpf_loader_program] Program 4uQeVj5tqViQh7yWWGStvkEG1Zmhx6uasJtWCJziofM consumed 6381 of 200000 compute units
[2022-02-12T07:55:16.455611000Z DEBUG solana_program_runtime::stable_log] Program 4uQeVj5tqViQh7yWWGStvkEG1Zmhx6uasJtWCJziofM success
[2022-02-12T07:55:16.463112000Z DEBUG solana_program_runtime::stable_log] Program 8opHzTAnfzRpPEx21XtnrVTX28YQuCpAjcn1PczScKh invoke [1]
[2022-02-12T07:55:16.463828000Z DEBUG solana_program_runtime::stable_log] Program log: Mango: AddSpotMarket
[2022-02-12T07:55:16.467009000Z DEBUG solana_program_runtime::stable_log] Program 4uQeVj5tqViQh7yWWGStvkEG1Zmhx6uasJtWCJziofM invoke [1]
[2022-02-12T07:55:16.467403000Z DEBUG solana_program_runtime::stable_log] Program log: Mango: CacheRootBanks
[2022-02-12T07:55:16.468095000Z DEBUG solana_program_runtime::stable_log] Program log: mango-log
[2022-02-12T07:55:16.469034000Z DEBUG solana_program_runtime::stable_log] Program log: IVXYca/GfegUKe5/PL8czqjQHgAKx8rTVSdab9LrSJK5Jkk3jR829gIAAAAAAAAAAAAAAA8AAAAAAAAAAgAAAAAAAAAAAEBCDwAAAAAAAAAAAAAAAABAQg8AAAAAAAAAAgAAAAAAAAAAAEBCDwAAAAAAAAAAAAAAAABAQg8AAAAAAAAA
[2022-02-12T07:55:16.469162000Z DEBUG solana_bpf_loader_program] Program 4uQeVj5tqViQh7yWWGStvkEG1Zmhx6uasJtWCJziofM consumed 5857 of 200000 compute units
[2022-02-12T07:55:16.469217000Z DEBUG solana_program_runtime::stable_log] Program 4uQeVj5tqViQh7yWWGStvkEG1Zmhx6uasJtWCJziofM success
[2022-02-12T07:55:16.470303000Z DEBUG solana_bpf_loader_program] Program 8opHzTAnfzRpPEx21XtnrVTX28YQuCpAjcn1PczScKh consumed 21020 of 200000 compute units
[2022-02-12T07:55:16.470397000Z DEBUG solana_program_runtime::stable_log] Program 8opHzTAnfzRpPEx21XtnrVTX28YQuCpAjcn1PczScKh success
[2022-02-12T07:55:16.475062000Z DEBUG solana_program_runtime::stable_log] Program 11111111111111111111111111111111 invoke [1]
[2022-02-12T07:55:16.475141000Z DEBUG solana_program_runtime::stable_log] Program 11111111111111111111111111111111 success
[2022-02-12T07:55:16.479735000Z DEBUG solana_program_runtime::stable_log] Program 4uQeVj5tqViQh7yWWGStvkEG1Zmhx6uasJtWCJziofM invoke [1]
[2022-02-12T07:55:16.480079000Z DEBUG solana_program_runtime::stable_log] Program log: Mango: CachePerpMarkets
[2022-02-12T07:55:16.480481000Z DEBUG solana_program_runtime::stable_log] Program log: mango-log
[2022-02-12T07:55:16.481243000Z DEBUG solana_program_runtime::stable_log] Program log: 9lt9JxCzqw4UKe5/PL8czqjQHgAKx8rTVSdab9LrSJK5Jkk3jR829gEAAAAAAAAAAAAAAAEAAAAAAAAAAAAAAAAAAAAAAAAAAQAAAAAAAAAAAAAAAAAAAAAAAAA=
[2022-02-12T07:55:16.481349000Z DEBUG solana_bpf_loader_program] Program 4uQeVj5tqViQh7yWWGStvkEG1Zmhx6uasJtWCJziofM consumed 4331 of 200000 compute units
[2022-02-12T07:55:16.481403000Z DEBUG solana_program_runtime::stable_log] Program 4uQeVj5tqViQh7yWWGStvkEG1Zmhx6uasJtWCJziofM success
[2022-02-12T07:55:16.483098000Z DEBUG solana_program_runtime::stable_log] Program TokenkegQfeZyiNwAJbNbGKPFXCWuBvf9Ss623VQ5DA invoke [1]
[2022-02-12T07:55:16.483614000Z DEBUG solana_program_runtime::stable_log] Program log: Instruction: InitializeAccount
[2022-02-12T07:55:16.484660000Z DEBUG solana_bpf_loader_program] Program TokenkegQfeZyiNwAJbNbGKPFXCWuBvf9Ss623VQ5DA consumed 3411 of 200000 compute units
[2022-02-12T07:55:16.484726000Z DEBUG solana_program_runtime::stable_log] Program TokenkegQfeZyiNwAJbNbGKPFXCWuBvf9Ss623VQ5DA success
[2022-02-12T07:55:16.487986000Z DEBUG solana_program_runtime::stable_log] Program 11111111111111111111111111111111 invoke [1]
[2022-02-12T07:55:16.488043000Z DEBUG solana_program_runtime::stable_log] Program 11111111111111111111111111111111 success
[2022-02-12T07:55:16.495969000Z DEBUG solana_program_runtime::stable_log] Program TokenkegQfeZyiNwAJbNbGKPFXCWuBvf9Ss623VQ5DA invoke [1]
[2022-02-12T07:55:16.496387000Z DEBUG solana_program_runtime::stable_log] Program 4uQeVj5tqViQh7yWWGStvkEG1Zmhx6uasJtWCJziofM invoke [1]
[2022-02-12T07:55:16.496482000Z DEBUG solana_program_runtime::stable_log] Program log: Instruction: InitializeAccount
[2022-02-12T07:55:16.497533000Z DEBUG solana_bpf_loader_program] Program TokenkegQfeZyiNwAJbNbGKPFXCWuBvf9Ss623VQ5DA consumed 3411 of 200000 compute units
[2022-02-12T07:55:16.497589000Z DEBUG solana_program_runtime::stable_log] Program TokenkegQfeZyiNwAJbNbGKPFXCWuBvf9Ss623VQ5DA success
[2022-02-12T07:55:16.497867000Z DEBUG solana_program_runtime::stable_log] Program log: Mango: LiquidateTokenAndToken
[2022-02-12T07:55:16.505007000Z DEBUG solana_program_runtime::stable_log] Program log: mango-log
[2022-02-12T07:55:16.505773000Z DEBUG solana_program_runtime::stable_log] Program log: F5qwwQsqqPQUKe5/PL8czqjQHgAKx8rTVSdab9LrSJK5Jkk3jR829nwJYdq3U+mxyarAAn8O9qA3y7Hs91k8NSEnTQy+LXMhDwAAAAAAAAAAAAAAAAAAAAAAAAAAAAAAuh6F61F4gxMAAAAAAAAAAA==
[2022-02-12T07:55:16.505883000Z DEBUG solana_program_runtime::stable_log] Program 11111111111111111111111111111111 invoke [1]
[2022-02-12T07:55:16.505930000Z DEBUG solana_program_runtime::stable_log] Program 11111111111111111111111111111111 success
[2022-02-12T07:55:16.505982000Z DEBUG solana_program_runtime::stable_log] Program 11111111111111111111111111111111 invoke [1]
[2022-02-12T07:55:16.506024000Z DEBUG solana_program_runtime::stable_log] Program 11111111111111111111111111111111 success
[2022-02-12T07:55:16.506072000Z DEBUG solana_program_runtime::stable_log] Program 11111111111111111111111111111111 invoke [1]
[2022-02-12T07:55:16.506144000Z DEBUG solana_program_runtime::stable_log] Program 11111111111111111111111111111111 success
[2022-02-12T07:55:16.506372000Z DEBUG solana_program_runtime::stable_log] Program 11111111111111111111111111111111 invoke [1]
[2022-02-12T07:55:16.506416000Z DEBUG solana_program_runtime::stable_log] Program 11111111111111111111111111111111 success
[2022-02-12T07:55:16.506475000Z DEBUG solana_program_runtime::stable_log] Program 11111111111111111111111111111111 invoke [1]
[2022-02-12T07:55:16.506522000Z DEBUG solana_program_runtime::stable_log] Program 11111111111111111111111111111111 success
[2022-02-12T07:55:16.506931000Z DEBUG solana_program_runtime::stable_log] Program log: mango-log
[2022-02-12T07:55:16.507693000Z DEBUG solana_program_runtime::stable_log] Program log: F5qwwQsqqPQUKe5/PL8czqjQHgAKx8rTVSdab9LrSJK5Jkk3jR829oU3E1h9Mn1K0YyLcEg3Re2Ay85OeBIuSdLmDXnAvlfSDwAAAAAAAAC6HoXrUfgPJwAAAAAAAAAAAAAAAAAAAAAAAAAAAAAAAA==
[2022-02-12T07:55:16.509954000Z DEBUG solana_program_runtime::stable_log] Program log: mango-log
[2022-02-12T07:55:16.510712000Z DEBUG solana_program_runtime::stable_log] Program log: F5qwwQsqqPQUKe5/PL8czqjQHgAKx8rTVSdab9LrSJK5Jkk3jR829oU3E1h9Mn1K0YyLcEg3Re2Ay85OeBIuSdLmDXnAvlfSAAAAAAAAAACNPuYDAgAAAAAAAAAAAAAAAAAAAAAAAAAAAAAAAAAAAA==
[2022-02-12T07:55:16.511721000Z DEBUG solana_program_runtime::stable_log] Program log: mango-log
[2022-02-12T07:55:16.512484000Z DEBUG solana_program_runtime::stable_log] Program log: F5qwwQsqqPQUKe5/PL8czqjQHgAKx8rTVSdab9LrSJK5Jkk3jR829nwJYdq3U+mxyarAAn8O9qA3y7Hs91k8NSEnTQy+LXMhAAAAAAAAAABzwRn8/f8AAAAAAAAAAAAAAAAAAAAAAAAAAAAAAAAAAA==
[2022-02-12T07:55:16.513772000Z DEBUG solana_program_runtime::stable_log] Program log: mango-log
[2022-02-12T07:55:16.514858000Z DEBUG solana_program_runtime::stable_log] Program log: cO8nQbWsEVQUKe5/PL8czqjQHgAKx8rTVSdab9LrSJK5Jkk3jR829nwJYdq3U+mxyarAAn8O9qA3y7Hs91k8NSEnTQy+LXMhhTcTWH0yfUrRjItwSDdF7YDLzk54Ei5J0uYNecC+V9IAAAAAAAAAAA8AAAAAAAAA/P////8/CgAAAAAAAAAAAAAAAAAAABAnAAAAAAAAAAAAAAAAAADoAwAAAAAAAAAAAAAAAAAAAQAAAAAAAAAAAAA=
[2022-02-12T07:55:16.515289000Z DEBUG solana_bpf_loader_program] Program 4uQeVj5tqViQh7yWWGStvkEG1Zmhx6uasJtWCJziofM consumed 56363 of 200000 compute units
[2022-02-12T07:55:16.515389000Z DEBUG solana_program_runtime::stable_log] Program 4uQeVj5tqViQh7yWWGStvkEG1Zmhx6uasJtWCJziofM success
[2022-02-12T07:55:16.515969000Z DEBUG solana_program_runtime::stable_log] Program CiDwVBFgWV9E5MvXWoLgnEgn2hK7rJikbvfWavzAQz3 invoke [1]
[2022-02-12T07:55:16.521102000Z DEBUG solana_bpf_loader_program] Program CiDwVBFgWV9E5MvXWoLgnEgn2hK7rJikbvfWavzAQz3 consumed 13661 of 200000 compute units
[2022-02-12T07:55:16.521208000Z DEBUG solana_program_runtime::stable_log] Program CiDwVBFgWV9E5MvXWoLgnEgn2hK7rJikbvfWavzAQz3 success
[2022-02-12T07:55:16.527828000Z DEBUG solana_program_runtime::stable_log] Program 11111111111111111111111111111111 invoke [1]
[2022-02-12T07:55:16.527887000Z DEBUG solana_program_runtime::stable_log] Program 11111111111111111111111111111111 success
[2022-02-12T07:55:16.535533000Z DEBUG solana_program_runtime::stable_log] Program TokenkegQfeZyiNwAJbNbGKPFXCWuBvf9Ss623VQ5DA invoke [1]
[2022-02-12T07:55:16.536033000Z DEBUG solana_program_runtime::stable_log] Program log: Instruction: InitializeAccount
[2022-02-12T07:55:16.537046000Z DEBUG solana_bpf_loader_program] Program TokenkegQfeZyiNwAJbNbGKPFXCWuBvf9Ss623VQ5DA consumed 3411 of 200000 compute units
[2022-02-12T07:55:16.537102000Z DEBUG solana_program_runtime::stable_log] Program TokenkegQfeZyiNwAJbNbGKPFXCWuBvf9Ss623VQ5DA success
[2022-02-12T07:55:16.540566000Z DEBUG solana_program_runtime::stable_log] Program 11111111111111111111111111111111 invoke [1]
[2022-02-12T07:55:16.540660000Z DEBUG solana_program_runtime::stable_log] Program 11111111111111111111111111111111 success
[2022-02-12T07:55:16.543976000Z DEBUG solana_program_runtime::stable_log] Program 11111111111111111111111111111111 invoke [1]
[2022-02-12T07:55:16.544027000Z DEBUG solana_program_runtime::stable_log] Program 11111111111111111111111111111111 success
[2022-02-12T07:55:16.547775000Z DEBUG solana_program_runtime::stable_log] Program 4uQeVj5tqViQh7yWWGStvkEG1Zmhx6uasJtWCJziofM invoke [1]
[2022-02-12T07:55:16.548166000Z DEBUG solana_program_runtime::stable_log] Program log: Mango: CachePrices
[2022-02-12T07:55:16.548509000Z DEBUG solana_program_runtime::stable_log] Program log: mango-log
[2022-02-12T07:55:16.549139000Z DEBUG solana_program_runtime::stable_log] Program log: ux0uSxX5tBsUKe5/PL8czqjQHgAKx8rTVSdab9LrSJK5Jkk3jR829gEAAAAAAAAAAAAAAAEAAAAAAAAAAADoAwAAAAAAAAAA
[2022-02-12T07:55:16.549248000Z DEBUG solana_bpf_loader_program] Program 4uQeVj5tqViQh7yWWGStvkEG1Zmhx6uasJtWCJziofM consumed 3669 of 200000 compute units
[2022-02-12T07:55:16.549311000Z DEBUG solana_program_runtime::stable_log] Program 4uQeVj5tqViQh7yWWGStvkEG1Zmhx6uasJtWCJziofM success
[2022-02-12T07:55:16.555980000Z DEBUG solana_program_runtime::stable_log] Program 8opHzTAnfzRpPEx21XtnrVTX28YQuCpAjcn1PczScKh invoke [1]
[2022-02-12T07:55:16.556699000Z DEBUG solana_program_runtime::stable_log] Program log: Mango: AddSpotMarket
[2022-02-12T07:55:16.559899000Z DEBUG solana_program_runtime::stable_log] Program 4uQeVj5tqViQh7yWWGStvkEG1Zmhx6uasJtWCJziofM invoke [1]
[2022-02-12T07:55:16.560291000Z DEBUG solana_program_runtime::stable_log] Program log: Mango: UpdateRootBank
[2022-02-12T07:55:16.562422000Z DEBUG solana_program_runtime::stable_log] Program log: mango-log
[2022-02-12T07:55:16.563052000Z DEBUG solana_program_runtime::stable_log] Program log: 8HmBNKTUaLgUKe5/PL8czqjQHgAKx8rTVSdab9LrSJK5Jkk3jR829gAAAAAAAAAAAAAAAAAAQEIPAAAAAAAAAAAAAAAAAEBCDwAAAAAAAAA=
[2022-02-12T07:55:16.563147000Z DEBUG solana_bpf_loader_program] Program 8opHzTAnfzRpPEx21XtnrVTX28YQuCpAjcn1PczScKh consumed 21059 of 200000 compute units
[2022-02-12T07:55:16.563181000Z DEBUG solana_bpf_loader_program] Program 4uQeVj5tqViQh7yWWGStvkEG1Zmhx6uasJtWCJziofM consumed 9360 of 200000 compute units
[2022-02-12T07:55:16.563233000Z DEBUG solana_program_runtime::stable_log] Program 8opHzTAnfzRpPEx21XtnrVTX28YQuCpAjcn1PczScKh success
[2022-02-12T07:55:16.563234000Z DEBUG solana_program_runtime::stable_log] Program 4uQeVj5tqViQh7yWWGStvkEG1Zmhx6uasJtWCJziofM success
[2022-02-12T07:55:16.566328000Z DEBUG solana_program_runtime::stable_log] Program 11111111111111111111111111111111 invoke [1]
[2022-02-12T07:55:16.566400000Z DEBUG solana_program_runtime::stable_log] Program 11111111111111111111111111111111 success
[2022-02-12T07:55:16.569908000Z DEBUG solana_program_runtime::stable_log] Program 11111111111111111111111111111111 invoke [1]
[2022-02-12T07:55:16.569960000Z DEBUG solana_program_runtime::stable_log] Program 11111111111111111111111111111111 success
[2022-02-12T07:55:16.573335000Z DEBUG solana_program_runtime::stable_log] Program 11111111111111111111111111111111 invoke [1]
[2022-02-12T07:55:16.573387000Z DEBUG solana_program_runtime::stable_log] Program 11111111111111111111111111111111 success
[2022-02-12T07:55:16.574268000Z DEBUG solana_program_runtime::stable_log] Program 4uQeVj5tqViQh7yWWGStvkEG1Zmhx6uasJtWCJziofM invoke [1]
[2022-02-12T07:55:16.574743000Z DEBUG solana_program_runtime::stable_log] Program log: Mango: UpdateFunding
[2022-02-12T07:55:16.575886000Z DEBUG solana_program_runtime::stable_log] Program log: mango-log
[2022-02-12T07:55:16.576506000Z DEBUG solana_program_runtime::stable_log] Program log: ta5iwCEXTXsUKe5/PL8czqjQHgAKx8rTVSdab9LrSJK5Jkk3jR829gAAAAAAAAAAAAAAAAAAAAAAAAAAAAAAAAAAAAAAAAAAAAAAAAAAAAA=
[2022-02-12T07:55:16.576664000Z DEBUG solana_bpf_loader_program] Program 4uQeVj5tqViQh7yWWGStvkEG1Zmhx6uasJtWCJziofM consumed 6381 of 200000 compute units
[2022-02-12T07:55:16.576734000Z DEBUG solana_program_runtime::stable_log] Program 4uQeVj5tqViQh7yWWGStvkEG1Zmhx6uasJtWCJziofM success
[2022-02-12T07:55:16.576808000Z DEBUG solana_program_runtime::stable_log] Program 11111111111111111111111111111111 invoke [1]
[2022-02-12T07:55:16.576861000Z DEBUG solana_program_runtime::stable_log] Program 11111111111111111111111111111111 success
[2022-02-12T07:55:16.580465000Z DEBUG solana_program_runtime::stable_log] Program 11111111111111111111111111111111 invoke [1]
[2022-02-12T07:55:16.580525000Z DEBUG solana_program_runtime::stable_log] Program 11111111111111111111111111111111 success
[2022-02-12T07:55:16.587022000Z DEBUG solana_program_runtime::stable_log] Program 4uQeVj5tqViQh7yWWGStvkEG1Zmhx6uasJtWCJziofM invoke [1]
[2022-02-12T07:55:16.587434000Z DEBUG solana_program_runtime::stable_log] Program log: Mango: CacheRootBanks
[2022-02-12T07:55:16.588118000Z DEBUG solana_program_runtime::stable_log] Program log: mango-log
[2022-02-12T07:55:16.588428000Z DEBUG solana_program_runtime::stable_log] Program TokenkegQfeZyiNwAJbNbGKPFXCWuBvf9Ss623VQ5DA invoke [1]
[2022-02-12T07:55:16.588944000Z DEBUG solana_program_runtime::stable_log] Program log: Instruction: InitializeAccount
[2022-02-12T07:55:16.589041000Z DEBUG solana_program_runtime::stable_log] Program log: IVXYca/GfegUKe5/PL8czqjQHgAKx8rTVSdab9LrSJK5Jkk3jR829gIAAAAAAAAAAAAAAA8AAAAAAAAAAgAAAAAAAAAAAEBCDwAAAAAAAAAAAAAAAABAQg8AAAAAAAAAAgAAAAAAAAAAAEBCDwAAAAAAAAAAAAAAAABAQg8AAAAAAAAA
[2022-02-12T07:55:16.589173000Z DEBUG solana_bpf_loader_program] Program 4uQeVj5tqViQh7yWWGStvkEG1Zmhx6uasJtWCJziofM consumed 5857 of 200000 compute units
[2022-02-12T07:55:16.589234000Z DEBUG solana_program_runtime::stable_log] Program 4uQeVj5tqViQh7yWWGStvkEG1Zmhx6uasJtWCJziofM success
[2022-02-12T07:55:16.590028000Z DEBUG solana_bpf_loader_program] Program TokenkegQfeZyiNwAJbNbGKPFXCWuBvf9Ss623VQ5DA consumed 3411 of 200000 compute units
[2022-02-12T07:55:16.590113000Z DEBUG solana_program_runtime::stable_log] Program TokenkegQfeZyiNwAJbNbGKPFXCWuBvf9Ss623VQ5DA success
[2022-02-12T07:55:16.599679000Z DEBUG solana_program_runtime::stable_log] Program 4uQeVj5tqViQh7yWWGStvkEG1Zmhx6uasJtWCJziofM invoke [1]
[2022-02-12T07:55:16.600050000Z DEBUG solana_program_runtime::stable_log] Program log: Mango: CachePerpMarkets
[2022-02-12T07:55:16.600459000Z DEBUG solana_program_runtime::stable_log] Program log: mango-log
[2022-02-12T07:55:16.601229000Z DEBUG solana_program_runtime::stable_log] Program log: 9lt9JxCzqw4UKe5/PL8czqjQHgAKx8rTVSdab9LrSJK5Jkk3jR829gEAAAAAAAAAAAAAAAEAAAAAAAAAAAAAAAAAAAAAAAAAAQAAAAAAAAAAAAAAAAAAAAAAAAA=
[2022-02-12T07:55:16.601220000Z DEBUG solana_program_runtime::stable_log] Program 8opHzTAnfzRpPEx21XtnrVTX28YQuCpAjcn1PczScKh invoke [1]
[2022-02-12T07:55:16.601338000Z DEBUG solana_bpf_loader_program] Program 4uQeVj5tqViQh7yWWGStvkEG1Zmhx6uasJtWCJziofM consumed 4331 of 200000 compute units
[2022-02-12T07:55:16.601393000Z DEBUG solana_program_runtime::stable_log] Program 4uQeVj5tqViQh7yWWGStvkEG1Zmhx6uasJtWCJziofM success
[2022-02-12T07:55:16.601884000Z DEBUG solana_program_runtime::stable_log] Program log: Mango: AddPerpMarket DEPRECATED
[2022-02-12T07:55:16.608167000Z DEBUG solana_bpf_loader_program] Program 8opHzTAnfzRpPEx21XtnrVTX28YQuCpAjcn1PczScKh consumed 20524 of 200000 compute units
[2022-02-12T07:55:16.608242000Z DEBUG solana_program_runtime::stable_log] Program 8opHzTAnfzRpPEx21XtnrVTX28YQuCpAjcn1PczScKh success
[2022-02-12T07:55:16.613197000Z DEBUG solana_program_runtime::stable_log] Program 11111111111111111111111111111111 invoke [1]
[2022-02-12T07:55:16.613247000Z DEBUG solana_program_runtime::stable_log] Program 11111111111111111111111111111111 success
[2022-02-12T07:55:16.616347000Z DEBUG solana_program_runtime::stable_log] Program 4uQeVj5tqViQh7yWWGStvkEG1Zmhx6uasJtWCJziofM invoke [1]
[2022-02-12T07:55:16.616812000Z DEBUG solana_program_runtime::stable_log] Program 11111111111111111111111111111111 invoke [1]
[2022-02-12T07:55:16.616868000Z DEBUG solana_program_runtime::stable_log] Program 11111111111111111111111111111111 success
[2022-02-12T07:55:16.617804000Z DEBUG solana_program_runtime::stable_log] Program log: Mango: LiquidateTokenAndToken
[2022-02-12T07:55:16.620241000Z DEBUG solana_program_runtime::stable_log] Program 11111111111111111111111111111111 invoke [1]
[2022-02-12T07:55:16.620293000Z DEBUG solana_program_runtime::stable_log] Program 11111111111111111111111111111111 success
[2022-02-12T07:55:16.623571000Z DEBUG solana_program_runtime::stable_log] Program 11111111111111111111111111111111 invoke [1]
[2022-02-12T07:55:16.623619000Z DEBUG solana_program_runtime::stable_log] Program 11111111111111111111111111111111 success
[2022-02-12T07:55:16.624674000Z DEBUG solana_program_runtime::stable_log] Program log: mango-log
[2022-02-12T07:55:16.625415000Z DEBUG solana_program_runtime::stable_log] Program log: F5qwwQsqqPQUKe5/PL8czqjQHgAKx8rTVSdab9LrSJK5Jkk3jR829nwJYdq3U+mxyarAAn8O9qA3y7Hs91k8NSEnTQy+LXMhDwAAAAAAAAAAAAAAAAAAAAAAAAAAAAAA+Chcj8J1gxMAAAAAAAAAAA==
[2022-02-12T07:55:16.626592000Z DEBUG solana_program_runtime::stable_log] Program log: mango-log
[2022-02-12T07:55:16.627188000Z DEBUG solana_program_runtime::stable_log] Program 11111111111111111111111111111111 invoke [1]
[2022-02-12T07:55:16.627237000Z DEBUG solana_program_runtime::stable_log] Program 11111111111111111111111111111111 success
[2022-02-12T07:55:16.627382000Z DEBUG solana_program_runtime::stable_log] Program log: F5qwwQsqqPQUKe5/PL8czqjQHgAKx8rTVSdab9LrSJK5Jkk3jR829oU3E1h9Mn1K0YyLcEg3Re2Ay85OeBIuSdLmDXnAvlfSDwAAAAAAAAD4KFyPwvUPJwAAAAAAAAAAAAAAAAAAAAAAAAAAAAAAAA==
[2022-02-12T07:55:16.629674000Z DEBUG solana_program_runtime::stable_log] Program log: mango-log
[2022-02-12T07:55:16.630439000Z DEBUG solana_program_runtime::stable_log] Program log: F5qwwQsqqPQUKe5/PL8czqjQHgAKx8rTVSdab9LrSJK5Jkk3jR829oU3E1h9Mn1K0YyLcEg3Re2Ay85OeBIuSdLmDXnAvlfSAAAAAAAAAAC8qN2vAgAAAAAAAAAAAAAAAAAAAAAAAAAAAAAAAAAAAA==
[2022-02-12T07:55:16.631454000Z DEBUG solana_program_runtime::stable_log] Program log: mango-log
[2022-02-12T07:55:16.632226000Z DEBUG solana_program_runtime::stable_log] Program log: F5qwwQsqqPQUKe5/PL8czqjQHgAKx8rTVSdab9LrSJK5Jkk3jR829nwJYdq3U+mxyarAAn8O9qA3y7Hs91k8NSEnTQy+LXMhAAAAAAAAAABEVyJQ/f8AAAAAAAAAAAAAAAAAAAAAAAAAAAAAAAAAAA==
[2022-02-12T07:55:16.633534000Z DEBUG solana_program_runtime::stable_log] Program log: mango-log
[2022-02-12T07:55:16.634624000Z DEBUG solana_program_runtime::stable_log] Program log: cO8nQbWsEVQUKe5/PL8czqjQHgAKx8rTVSdab9LrSJK5Jkk3jR829nwJYdq3U+mxyarAAn8O9qA3y7Hs91k8NSEnTQy+LXMhhTcTWH0yfUrRjItwSDdF7YDLzk54Ei5J0uYNecC+V9IAAAAAAAAAAA8AAAAAAAAA/P////8/CgAAAAAAAAAAAAAAAAAAABAnAAAAAAAAAAAAAAAAAADoAwAAAAAAAAAAAAAAAAAAAQAAAAAAAAAAAAA=
[2022-02-12T07:55:16.635072000Z DEBUG solana_bpf_loader_program] Program 4uQeVj5tqViQh7yWWGStvkEG1Zmhx6uasJtWCJziofM consumed 56239 of 200000 compute units
[2022-02-12T07:55:16.635170000Z DEBUG solana_program_runtime::stable_log] Program 4uQeVj5tqViQh7yWWGStvkEG1Zmhx6uasJtWCJziofM success
[2022-02-12T07:55:16.635179000Z DEBUG solana_program_runtime::stable_log] Program TokenkegQfeZyiNwAJbNbGKPFXCWuBvf9Ss623VQ5DA invoke [1]
[2022-02-12T07:55:16.635699000Z DEBUG solana_program_runtime::stable_log] Program log: Instruction: InitializeAccount
[2022-02-12T07:55:16.636751000Z DEBUG solana_bpf_loader_program] Program TokenkegQfeZyiNwAJbNbGKPFXCWuBvf9Ss623VQ5DA consumed 3411 of 200000 compute units
[2022-02-12T07:55:16.636809000Z DEBUG solana_program_runtime::stable_log] Program TokenkegQfeZyiNwAJbNbGKPFXCWuBvf9Ss623VQ5DA success
[2022-02-12T07:55:16.649393000Z DEBUG solana_program_runtime::stable_log] Program 8opHzTAnfzRpPEx21XtnrVTX28YQuCpAjcn1PczScKh invoke [1]
[2022-02-12T07:55:16.650087000Z DEBUG solana_program_runtime::stable_log] Program log: Mango: AddPerpMarket DEPRECATED
[2022-02-12T07:55:16.656494000Z DEBUG solana_bpf_loader_program] Program 8opHzTAnfzRpPEx21XtnrVTX28YQuCpAjcn1PczScKh consumed 20564 of 200000 compute units
[2022-02-12T07:55:16.656574000Z DEBUG solana_program_runtime::stable_log] Program 8opHzTAnfzRpPEx21XtnrVTX28YQuCpAjcn1PczScKh success
[2022-02-12T07:55:16.661413000Z DEBUG solana_program_runtime::stable_log] Program 11111111111111111111111111111111 invoke [1]
[2022-02-12T07:55:16.661505000Z DEBUG solana_program_runtime::stable_log] Program 11111111111111111111111111111111 success
[2022-02-12T07:55:16.664870000Z DEBUG solana_program_runtime::stable_log] Program 11111111111111111111111111111111 invoke [1]
[2022-02-12T07:55:16.664926000Z DEBUG solana_program_runtime::stable_log] Program 11111111111111111111111111111111 success
[2022-02-12T07:55:16.666600000Z DEBUG solana_program_runtime::stable_log] Program 4uQeVj5tqViQh7yWWGStvkEG1Zmhx6uasJtWCJziofM invoke [1]
[2022-02-12T07:55:16.666967000Z DEBUG solana_program_runtime::stable_log] Program log: Mango: CachePrices
[2022-02-12T07:55:16.667312000Z DEBUG solana_program_runtime::stable_log] Program log: mango-log
[2022-02-12T07:55:16.667936000Z DEBUG solana_program_runtime::stable_log] Program log: ux0uSxX5tBsUKe5/PL8czqjQHgAKx8rTVSdab9LrSJK5Jkk3jR829gEAAAAAAAAAAAAAAAEAAAAAAAAAAADoAwAAAAAAAAAA
[2022-02-12T07:55:16.668049000Z DEBUG solana_bpf_loader_program] Program 4uQeVj5tqViQh7yWWGStvkEG1Zmhx6uasJtWCJziofM consumed 3669 of 200000 compute units
[2022-02-12T07:55:16.668112000Z DEBUG solana_program_runtime::stable_log] Program 4uQeVj5tqViQh7yWWGStvkEG1Zmhx6uasJtWCJziofM success
[2022-02-12T07:55:16.668255000Z DEBUG solana_program_runtime::stable_log] Program 11111111111111111111111111111111 invoke [1]
[2022-02-12T07:55:16.668309000Z DEBUG solana_program_runtime::stable_log] Program 11111111111111111111111111111111 success
[2022-02-12T07:55:16.671675000Z DEBUG solana_program_runtime::stable_log] Program 11111111111111111111111111111111 invoke [1]
[2022-02-12T07:55:16.671739000Z DEBUG solana_program_runtime::stable_log] Program 11111111111111111111111111111111 success
[2022-02-12T07:55:16.675405000Z DEBUG solana_program_runtime::stable_log] Program 11111111111111111111111111111111 invoke [1]
[2022-02-12T07:55:16.675456000Z DEBUG solana_program_runtime::stable_log] Program 11111111111111111111111111111111 success
[2022-02-12T07:55:16.678884000Z DEBUG solana_program_runtime::stable_log] Program 4uQeVj5tqViQh7yWWGStvkEG1Zmhx6uasJtWCJziofM invoke [1]
[2022-02-12T07:55:16.679294000Z DEBUG solana_program_runtime::stable_log] Program log: Mango: UpdateRootBank
[2022-02-12T07:55:16.681453000Z DEBUG solana_program_runtime::stable_log] Program log: mango-log
[2022-02-12T07:55:16.682081000Z DEBUG solana_program_runtime::stable_log] Program log: 8HmBNKTUaLgUKe5/PL8czqjQHgAKx8rTVSdab9LrSJK5Jkk3jR829gAAAAAAAAAAAAAAAAAAQEIPAAAAAAAAAAAAAAAAAEBCDwAAAAAAAAA=
[2022-02-12T07:55:16.682214000Z DEBUG solana_bpf_loader_program] Program 4uQeVj5tqViQh7yWWGStvkEG1Zmhx6uasJtWCJziofM consumed 9360 of 200000 compute units
[2022-02-12T07:55:16.682272000Z DEBUG solana_program_runtime::stable_log] Program 4uQeVj5tqViQh7yWWGStvkEG1Zmhx6uasJtWCJziofM success
[2022-02-12T07:55:16.683456000Z DEBUG solana_program_runtime::stable_log] Program TokenkegQfeZyiNwAJbNbGKPFXCWuBvf9Ss623VQ5DA invoke [1]
[2022-02-12T07:55:16.683974000Z DEBUG solana_program_runtime::stable_log] Program log: Instruction: InitializeAccount
[2022-02-12T07:55:16.685023000Z DEBUG solana_bpf_loader_program] Program TokenkegQfeZyiNwAJbNbGKPFXCWuBvf9Ss623VQ5DA consumed 3411 of 200000 compute units
[2022-02-12T07:55:16.685086000Z DEBUG solana_program_runtime::stable_log] Program TokenkegQfeZyiNwAJbNbGKPFXCWuBvf9Ss623VQ5DA success
[2022-02-12T07:55:16.692898000Z DEBUG solana_program_runtime::stable_log] Program 4uQeVj5tqViQh7yWWGStvkEG1Zmhx6uasJtWCJziofM invoke [1]
[2022-02-12T07:55:16.693342000Z DEBUG solana_program_runtime::stable_log] Program log: Mango: UpdateFunding
[2022-02-12T07:55:16.694446000Z DEBUG solana_program_runtime::stable_log] Program log: mango-log
[2022-02-12T07:55:16.695060000Z DEBUG solana_program_runtime::stable_log] Program log: ta5iwCEXTXsUKe5/PL8czqjQHgAKx8rTVSdab9LrSJK5Jkk3jR829gAAAAAAAAAAAAAAAAAAAAAAAAAAAAAAAAAAAAAAAAAAAAAAAAAAAAA=
[2022-02-12T07:55:16.695215000Z DEBUG solana_bpf_loader_program] Program 4uQeVj5tqViQh7yWWGStvkEG1Zmhx6uasJtWCJziofM consumed 6381 of 200000 compute units
[2022-02-12T07:55:16.695279000Z DEBUG solana_program_runtime::stable_log] Program 4uQeVj5tqViQh7yWWGStvkEG1Zmhx6uasJtWCJziofM success
[2022-02-12T07:55:16.696044000Z DEBUG solana_program_runtime::stable_log] Program 8opHzTAnfzRpPEx21XtnrVTX28YQuCpAjcn1PczScKh invoke [1]
[2022-02-12T07:55:16.696691000Z DEBUG solana_program_runtime::stable_log] Program log: Mango: AddPerpMarket DEPRECATED
[2022-02-12T07:55:16.702880000Z DEBUG solana_bpf_loader_program] Program 8opHzTAnfzRpPEx21XtnrVTX28YQuCpAjcn1PczScKh consumed 20603 of 200000 compute units
[2022-02-12T07:55:16.702960000Z DEBUG solana_program_runtime::stable_log] Program 8opHzTAnfzRpPEx21XtnrVTX28YQuCpAjcn1PczScKh success
[2022-02-12T07:55:16.705504000Z DEBUG solana_program_runtime::stable_log] Program 4uQeVj5tqViQh7yWWGStvkEG1Zmhx6uasJtWCJziofM invoke [1]
[2022-02-12T07:55:16.705888000Z DEBUG solana_program_runtime::stable_log] Program log: Mango: CacheRootBanks
[2022-02-12T07:55:16.706552000Z DEBUG solana_program_runtime::stable_log] Program log: mango-log
[2022-02-12T07:55:16.707195000Z DEBUG solana_program_runtime::stable_log] Program 11111111111111111111111111111111 invoke [1]
[2022-02-12T07:55:16.707252000Z DEBUG solana_program_runtime::stable_log] Program 11111111111111111111111111111111 success
[2022-02-12T07:55:16.707441000Z DEBUG solana_program_runtime::stable_log] Program log: IVXYca/GfegUKe5/PL8czqjQHgAKx8rTVSdab9LrSJK5Jkk3jR829gIAAAAAAAAAAAAAAA8AAAAAAAAAAgAAAAAAAAAAAEBCDwAAAAAAAAAAAAAAAABAQg8AAAAAAAAAAgAAAAAAAAAAAEBCDwAAAAAAAAAAAAAAAABAQg8AAAAAAAAA
[2022-02-12T07:55:16.707596000Z DEBUG solana_bpf_loader_program] Program 4uQeVj5tqViQh7yWWGStvkEG1Zmhx6uasJtWCJziofM consumed 5857 of 200000 compute units
[2022-02-12T07:55:16.707665000Z DEBUG solana_program_runtime::stable_log] Program 4uQeVj5tqViQh7yWWGStvkEG1Zmhx6uasJtWCJziofM success
[2022-02-12T07:55:16.710777000Z DEBUG solana_program_runtime::stable_log] Program 11111111111111111111111111111111 invoke [1]
[2022-02-12T07:55:16.710846000Z DEBUG solana_program_runtime::stable_log] Program 11111111111111111111111111111111 success
[2022-02-12T07:55:16.714178000Z DEBUG solana_program_runtime::stable_log] Program 11111111111111111111111111111111 invoke [1]
[2022-02-12T07:55:16.714235000Z DEBUG solana_program_runtime::stable_log] Program 11111111111111111111111111111111 success
[2022-02-12T07:55:16.717313000Z DEBUG solana_program_runtime::stable_log] Program 4uQeVj5tqViQh7yWWGStvkEG1Zmhx6uasJtWCJziofM invoke [1]
[2022-02-12T07:55:16.717623000Z DEBUG solana_program_runtime::stable_log] Program 11111111111111111111111111111111 invoke [1]
[2022-02-12T07:55:16.717666000Z DEBUG solana_program_runtime::stable_log] Program log: Mango: CachePerpMarkets
[2022-02-12T07:55:16.717673000Z DEBUG solana_program_runtime::stable_log] Program 11111111111111111111111111111111 success
[2022-02-12T07:55:16.718076000Z DEBUG solana_program_runtime::stable_log] Program log: mango-log
[2022-02-12T07:55:16.718858000Z DEBUG solana_program_runtime::stable_log] Program log: 9lt9JxCzqw4UKe5/PL8czqjQHgAKx8rTVSdab9LrSJK5Jkk3jR829gEAAAAAAAAAAAAAAAEAAAAAAAAAAAAAAAAAAAAAAAAAAQAAAAAAAAAAAAAAAAAAAAAAAAA=
[2022-02-12T07:55:16.718967000Z DEBUG solana_bpf_loader_program] Program 4uQeVj5tqViQh7yWWGStvkEG1Zmhx6uasJtWCJziofM consumed 4331 of 200000 compute units
[2022-02-12T07:55:16.719026000Z DEBUG solana_program_runtime::stable_log] Program 4uQeVj5tqViQh7yWWGStvkEG1Zmhx6uasJtWCJziofM success
[2022-02-12T07:55:16.721274000Z DEBUG solana_program_runtime::stable_log] Program 11111111111111111111111111111111 invoke [1]
[2022-02-12T07:55:16.721325000Z DEBUG solana_program_runtime::stable_log] Program 11111111111111111111111111111111 success
[2022-02-12T07:55:16.729285000Z DEBUG solana_program_runtime::stable_log] Program TokenkegQfeZyiNwAJbNbGKPFXCWuBvf9Ss623VQ5DA invoke [1]
[2022-02-12T07:55:16.729803000Z DEBUG solana_program_runtime::stable_log] Program log: Instruction: InitializeAccount
[2022-02-12T07:55:16.730846000Z DEBUG solana_bpf_loader_program] Program TokenkegQfeZyiNwAJbNbGKPFXCWuBvf9Ss623VQ5DA consumed 3411 of 200000 compute units
[2022-02-12T07:55:16.730910000Z DEBUG solana_program_runtime::stable_log] Program TokenkegQfeZyiNwAJbNbGKPFXCWuBvf9Ss623VQ5DA success
[2022-02-12T07:55:16.733673000Z DEBUG solana_program_runtime::stable_log] Program 4uQeVj5tqViQh7yWWGStvkEG1Zmhx6uasJtWCJziofM invoke [1]
[2022-02-12T07:55:16.735150000Z DEBUG solana_program_runtime::stable_log] Program log: Mango: LiquidateTokenAndToken
[2022-02-12T07:55:16.742224000Z DEBUG solana_program_runtime::stable_log] Program log: mango-log
[2022-02-12T07:55:16.742994000Z DEBUG solana_program_runtime::stable_log] Program log: F5qwwQsqqPQUKe5/PL8czqjQHgAKx8rTVSdab9LrSJK5Jkk3jR829nwJYdq3U+mxyarAAn8O9qA3y7Hs91k8NSEnTQy+LXMhDwAAAAAAAAAAAAAAAAAAAAAAAAAAAAAANjMzMzNzgxMAAAAAAAAAAA==
[2022-02-12T07:55:16.743412000Z DEBUG solana_program_runtime::stable_log] Program 8opHzTAnfzRpPEx21XtnrVTX28YQuCpAjcn1PczScKh invoke [1]
[2022-02-12T07:55:16.744074000Z DEBUG solana_program_runtime::stable_log] Program log: Mango: AddPerpMarket DEPRECATED
[2022-02-12T07:55:16.744140000Z DEBUG solana_program_runtime::stable_log] Program log: mango-log
[2022-02-12T07:55:16.744912000Z DEBUG solana_program_runtime::stable_log] Program log: F5qwwQsqqPQUKe5/PL8czqjQHgAKx8rTVSdab9LrSJK5Jkk3jR829oU3E1h9Mn1K0YyLcEg3Re2Ay85OeBIuSdLmDXnAvlfSDwAAAAAAAAA2MzMzM/MPJwAAAAAAAAAAAAAAAAAAAAAAAAAAAAAAAA==
[2022-02-12T07:55:16.747189000Z DEBUG solana_program_runtime::stable_log] Program log: mango-log
[2022-02-12T07:55:16.747946000Z DEBUG solana_program_runtime::stable_log] Program log: F5qwwQsqqPQUKe5/PL8czqjQHgAKx8rTVSdab9LrSJK5Jkk3jR829oU3E1h9Mn1K0YyLcEg3Re2Ay85OeBIuSdLmDXnAvlfSAAAAAAAAAADrEtVbAwAAAAAAAAAAAAAAAAAAAAAAAAAAAAAAAAAAAA==
[2022-02-12T07:55:16.748961000Z DEBUG solana_program_runtime::stable_log] Program log: mango-log
[2022-02-12T07:55:16.749725000Z DEBUG solana_program_runtime::stable_log] Program log: F5qwwQsqqPQUKe5/PL8czqjQHgAKx8rTVSdab9LrSJK5Jkk3jR829nwJYdq3U+mxyarAAn8O9qA3y7Hs91k8NSEnTQy+LXMhAAAAAAAAAAAV7Sqk/P8AAAAAAAAAAAAAAAAAAAAAAAAAAAAAAAAAAA==
[2022-02-12T07:55:16.750395000Z DEBUG solana_bpf_loader_program] Program 8opHzTAnfzRpPEx21XtnrVTX28YQuCpAjcn1PczScKh consumed 20642 of 200000 compute units
[2022-02-12T07:55:16.750472000Z DEBUG solana_program_runtime::stable_log] Program 8opHzTAnfzRpPEx21XtnrVTX28YQuCpAjcn1PczScKh success
[2022-02-12T07:55:16.751008000Z DEBUG solana_program_runtime::stable_log] Program log: mango-log
[2022-02-12T07:55:16.752139000Z DEBUG solana_program_runtime::stable_log] Program log: cO8nQbWsEVQUKe5/PL8czqjQHgAKx8rTVSdab9LrSJK5Jkk3jR829nwJYdq3U+mxyarAAn8O9qA3y7Hs91k8NSEnTQy+LXMhhTcTWH0yfUrRjItwSDdF7YDLzk54Ei5J0uYNecC+V9IAAAAAAAAAAA8AAAAAAAAA/P////8/CgAAAAAAAAAAAAAAAAAAABAnAAAAAAAAAAAAAAAAAADoAwAAAAAAAAAAAAAAAAAAAQAAAAAAAAAAAAA=
[2022-02-12T07:55:16.752578000Z DEBUG solana_bpf_loader_program] Program 4uQeVj5tqViQh7yWWGStvkEG1Zmhx6uasJtWCJziofM consumed 56013 of 200000 compute units
[2022-02-12T07:55:16.752671000Z DEBUG solana_program_runtime::stable_log] Program 4uQeVj5tqViQh7yWWGStvkEG1Zmhx6uasJtWCJziofM success
[2022-02-12T07:55:16.754284000Z DEBUG solana_program_runtime::stable_log] Program 11111111111111111111111111111111 invoke [1]
[2022-02-12T07:55:16.754344000Z DEBUG solana_program_runtime::stable_log] Program 11111111111111111111111111111111 success
[2022-02-12T07:55:16.757798000Z DEBUG solana_program_runtime::stable_log] Program 11111111111111111111111111111111 invoke [1]
[2022-02-12T07:55:16.757855000Z DEBUG solana_program_runtime::stable_log] Program 11111111111111111111111111111111 success
[2022-02-12T07:55:16.761140000Z DEBUG solana_program_runtime::stable_log] Program 11111111111111111111111111111111 invoke [1]
[2022-02-12T07:55:16.761195000Z DEBUG solana_program_runtime::stable_log] Program 11111111111111111111111111111111 success
[2022-02-12T07:55:16.764569000Z DEBUG solana_program_runtime::stable_log] Program 11111111111111111111111111111111 invoke [1]
[2022-02-12T07:55:16.764651000Z DEBUG solana_program_runtime::stable_log] Program 11111111111111111111111111111111 success
[2022-02-12T07:55:16.768317000Z DEBUG solana_program_runtime::stable_log] Program 11111111111111111111111111111111 invoke [1]
[2022-02-12T07:55:16.768377000Z DEBUG solana_program_runtime::stable_log] Program 11111111111111111111111111111111 success
[2022-02-12T07:55:16.776446000Z DEBUG solana_program_runtime::stable_log] Program TokenkegQfeZyiNwAJbNbGKPFXCWuBvf9Ss623VQ5DA invoke [1]
[2022-02-12T07:55:16.776990000Z DEBUG solana_program_runtime::stable_log] Program log: Instruction: InitializeAccount
[2022-02-12T07:55:16.778062000Z DEBUG solana_bpf_loader_program] Program TokenkegQfeZyiNwAJbNbGKPFXCWuBvf9Ss623VQ5DA consumed 3411 of 200000 compute units
[2022-02-12T07:55:16.778131000Z DEBUG solana_program_runtime::stable_log] Program TokenkegQfeZyiNwAJbNbGKPFXCWuBvf9Ss623VQ5DA success
[2022-02-12T07:55:16.784984000Z DEBUG solana_program_runtime::stable_log] Program 4uQeVj5tqViQh7yWWGStvkEG1Zmhx6uasJtWCJziofM invoke [1]
[2022-02-12T07:55:16.785354000Z DEBUG solana_program_runtime::stable_log] Program log: Mango: CachePrices
[2022-02-12T07:55:16.785702000Z DEBUG solana_program_runtime::stable_log] Program log: mango-log
[2022-02-12T07:55:16.786343000Z DEBUG solana_program_runtime::stable_log] Program log: ux0uSxX5tBsUKe5/PL8czqjQHgAKx8rTVSdab9LrSJK5Jkk3jR829gEAAAAAAAAAAAAAAAEAAAAAAAAAAADoAwAAAAAAAAAA
[2022-02-12T07:55:16.786452000Z DEBUG solana_bpf_loader_program] Program 4uQeVj5tqViQh7yWWGStvkEG1Zmhx6uasJtWCJziofM consumed 3669 of 200000 compute units
[2022-02-12T07:55:16.786510000Z DEBUG solana_program_runtime::stable_log] Program 4uQeVj5tqViQh7yWWGStvkEG1Zmhx6uasJtWCJziofM success
[2022-02-12T07:55:16.790482000Z DEBUG solana_program_runtime::stable_log] Program 8opHzTAnfzRpPEx21XtnrVTX28YQuCpAjcn1PczScKh invoke [1]
[2022-02-12T07:55:16.791145000Z DEBUG solana_program_runtime::stable_log] Program log: Mango: AddPerpMarket DEPRECATED
[2022-02-12T07:55:16.797141000Z DEBUG solana_program_runtime::stable_log] Program 4uQeVj5tqViQh7yWWGStvkEG1Zmhx6uasJtWCJziofM invoke [1]
[2022-02-12T07:55:16.797450000Z DEBUG solana_bpf_loader_program] Program 8opHzTAnfzRpPEx21XtnrVTX28YQuCpAjcn1PczScKh consumed 20681 of 200000 compute units
[2022-02-12T07:55:16.797532000Z DEBUG solana_program_runtime::stable_log] Program log: Mango: UpdateRootBank
[2022-02-12T07:55:16.797530000Z DEBUG solana_program_runtime::stable_log] Program 8opHzTAnfzRpPEx21XtnrVTX28YQuCpAjcn1PczScKh success
[2022-02-12T07:55:16.799683000Z DEBUG solana_program_runtime::stable_log] Program log: mango-log
[2022-02-12T07:55:16.800310000Z DEBUG solana_program_runtime::stable_log] Program log: 8HmBNKTUaLgUKe5/PL8czqjQHgAKx8rTVSdab9LrSJK5Jkk3jR829gAAAAAAAAAAAAAAAAAAQEIPAAAAAAAAAAAAAAAAAEBCDwAAAAAAAAA=
[2022-02-12T07:55:16.800438000Z DEBUG solana_bpf_loader_program] Program 4uQeVj5tqViQh7yWWGStvkEG1Zmhx6uasJtWCJziofM consumed 9360 of 200000 compute units
[2022-02-12T07:55:16.800495000Z DEBUG solana_program_runtime::stable_log] Program 4uQeVj5tqViQh7yWWGStvkEG1Zmhx6uasJtWCJziofM success
[2022-02-12T07:55:16.802266000Z DEBUG solana_program_runtime::stable_log] Program 11111111111111111111111111111111 invoke [1]
[2022-02-12T07:55:16.802335000Z DEBUG solana_program_runtime::stable_log] Program 11111111111111111111111111111111 success
[2022-02-12T07:55:16.805886000Z DEBUG solana_program_runtime::stable_log] Program 11111111111111111111111111111111 invoke [1]
[2022-02-12T07:55:16.805943000Z DEBUG solana_program_runtime::stable_log] Program 11111111111111111111111111111111 success
[2022-02-12T07:55:16.809463000Z DEBUG solana_program_runtime::stable_log] Program 11111111111111111111111111111111 invoke [1]
[2022-02-12T07:55:16.809518000Z DEBUG solana_program_runtime::stable_log] Program 11111111111111111111111111111111 success
[2022-02-12T07:55:16.810613000Z DEBUG solana_program_runtime::stable_log] Program 4uQeVj5tqViQh7yWWGStvkEG1Zmhx6uasJtWCJziofM invoke [1]
[2022-02-12T07:55:16.811071000Z DEBUG solana_program_runtime::stable_log] Program log: Mango: UpdateFunding
[2022-02-12T07:55:16.812207000Z DEBUG solana_program_runtime::stable_log] Program log: mango-log
[2022-02-12T07:55:16.812847000Z DEBUG solana_program_runtime::stable_log] Program log: ta5iwCEXTXsUKe5/PL8czqjQHgAKx8rTVSdab9LrSJK5Jkk3jR829gAAAAAAAAAAAAAAAAAAAAAAAAAAAAAAAAAAAAAAAAAAAAAAAAAAAAA=
[2022-02-12T07:55:16.812893000Z DEBUG solana_program_runtime::stable_log] Program 11111111111111111111111111111111 invoke [1]
[2022-02-12T07:55:16.812947000Z DEBUG solana_program_runtime::stable_log] Program 11111111111111111111111111111111 success
[2022-02-12T07:55:16.812999000Z DEBUG solana_bpf_loader_program] Program 4uQeVj5tqViQh7yWWGStvkEG1Zmhx6uasJtWCJziofM consumed 6381 of 200000 compute units
[2022-02-12T07:55:16.813067000Z DEBUG solana_program_runtime::stable_log] Program 4uQeVj5tqViQh7yWWGStvkEG1Zmhx6uasJtWCJziofM success
[2022-02-12T07:55:16.816551000Z DEBUG solana_program_runtime::stable_log] Program 11111111111111111111111111111111 invoke [1]
[2022-02-12T07:55:16.816617000Z DEBUG solana_program_runtime::stable_log] Program 11111111111111111111111111111111 success
[2022-02-12T07:55:16.823358000Z DEBUG solana_program_runtime::stable_log] Program 4uQeVj5tqViQh7yWWGStvkEG1Zmhx6uasJtWCJziofM invoke [1]
[2022-02-12T07:55:16.823757000Z DEBUG solana_program_runtime::stable_log] Program log: Mango: CacheRootBanks
[2022-02-12T07:55:16.824458000Z DEBUG solana_program_runtime::stable_log] Program log: mango-log
[2022-02-12T07:55:16.824546000Z DEBUG solana_program_runtime::stable_log] Program TokenkegQfeZyiNwAJbNbGKPFXCWuBvf9Ss623VQ5DA invoke [1]
[2022-02-12T07:55:16.825057000Z DEBUG solana_program_runtime::stable_log] Program log: Instruction: InitializeAccount
[2022-02-12T07:55:16.825379000Z DEBUG solana_program_runtime::stable_log] Program log: IVXYca/GfegUKe5/PL8czqjQHgAKx8rTVSdab9LrSJK5Jkk3jR829gIAAAAAAAAAAAAAAA8AAAAAAAAAAgAAAAAAAAAAAEBCDwAAAAAAAAAAAAAAAABAQg8AAAAAAAAAAgAAAAAAAAAAAEBCDwAAAAAAAAAAAAAAAABAQg8AAAAAAAAA
[2022-02-12T07:55:16.825510000Z DEBUG solana_bpf_loader_program] Program 4uQeVj5tqViQh7yWWGStvkEG1Zmhx6uasJtWCJziofM consumed 5857 of 200000 compute units
[2022-02-12T07:55:16.825566000Z DEBUG solana_program_runtime::stable_log] Program 4uQeVj5tqViQh7yWWGStvkEG1Zmhx6uasJtWCJziofM success
[2022-02-12T07:55:16.826109000Z DEBUG solana_bpf_loader_program] Program TokenkegQfeZyiNwAJbNbGKPFXCWuBvf9Ss623VQ5DA consumed 3411 of 200000 compute units
[2022-02-12T07:55:16.826172000Z DEBUG solana_program_runtime::stable_log] Program TokenkegQfeZyiNwAJbNbGKPFXCWuBvf9Ss623VQ5DA success
[2022-02-12T07:55:16.835805000Z DEBUG solana_program_runtime::stable_log] Program 4uQeVj5tqViQh7yWWGStvkEG1Zmhx6uasJtWCJziofM invoke [1]
[2022-02-12T07:55:16.836140000Z DEBUG solana_program_runtime::stable_log] Program log: Mango: CachePerpMarkets
[2022-02-12T07:55:16.836531000Z DEBUG solana_program_runtime::stable_log] Program log: mango-log
[2022-02-12T07:55:16.837212000Z DEBUG solana_program_runtime::stable_log] Program 8opHzTAnfzRpPEx21XtnrVTX28YQuCpAjcn1PczScKh invoke [1]
[2022-02-12T07:55:16.837264000Z DEBUG solana_program_runtime::stable_log] Program log: 9lt9JxCzqw4UKe5/PL8czqjQHgAKx8rTVSdab9LrSJK5Jkk3jR829gEAAAAAAAAAAAAAAAEAAAAAAAAAAAAAAAAAAAAAAAAAAQAAAAAAAAAAAAAAAAAAAAAAAAA=
[2022-02-12T07:55:16.837375000Z DEBUG solana_bpf_loader_program] Program 4uQeVj5tqViQh7yWWGStvkEG1Zmhx6uasJtWCJziofM consumed 4331 of 200000 compute units
[2022-02-12T07:55:16.837427000Z DEBUG solana_program_runtime::stable_log] Program 4uQeVj5tqViQh7yWWGStvkEG1Zmhx6uasJtWCJziofM success
[2022-02-12T07:55:16.837870000Z DEBUG solana_program_runtime::stable_log] Program log: Mango: AddPerpMarket DEPRECATED
[2022-02-12T07:55:16.844254000Z DEBUG solana_bpf_loader_program] Program 8opHzTAnfzRpPEx21XtnrVTX28YQuCpAjcn1PczScKh consumed 20720 of 200000 compute units
[2022-02-12T07:55:16.844347000Z DEBUG solana_program_runtime::stable_log] Program 8opHzTAnfzRpPEx21XtnrVTX28YQuCpAjcn1PczScKh success
[2022-02-12T07:55:16.848410000Z DEBUG solana_program_runtime::stable_log] Program 11111111111111111111111111111111 invoke [1]
[2022-02-12T07:55:16.848475000Z DEBUG solana_program_runtime::stable_log] Program 11111111111111111111111111111111 success
[2022-02-12T07:55:16.851836000Z DEBUG solana_program_runtime::stable_log] Program 11111111111111111111111111111111 invoke [1]
[2022-02-12T07:55:16.851886000Z DEBUG solana_program_runtime::stable_log] Program 11111111111111111111111111111111 success
[2022-02-12T07:55:16.852823000Z DEBUG solana_program_runtime::stable_log] Program 4uQeVj5tqViQh7yWWGStvkEG1Zmhx6uasJtWCJziofM invoke [1]
[2022-02-12T07:55:16.854295000Z DEBUG solana_program_runtime::stable_log] Program log: Mango: LiquidateTokenAndToken
[2022-02-12T07:55:16.855266000Z DEBUG solana_program_runtime::stable_log] Program 11111111111111111111111111111111 invoke [1]
[2022-02-12T07:55:16.855318000Z DEBUG solana_program_runtime::stable_log] Program 11111111111111111111111111111111 success
[2022-02-12T07:55:16.858751000Z DEBUG solana_program_runtime::stable_log] Program 11111111111111111111111111111111 invoke [1]
[2022-02-12T07:55:16.858810000Z DEBUG solana_program_runtime::stable_log] Program 11111111111111111111111111111111 success
[2022-02-12T07:55:16.861493000Z DEBUG solana_program_runtime::stable_log] Program log: mango-log
[2022-02-12T07:55:16.862259000Z DEBUG solana_program_runtime::stable_log] Program log: F5qwwQsqqPQUKe5/PL8czqjQHgAKx8rTVSdab9LrSJK5Jkk3jR829nwJYdq3U+mxyarAAn8O9qA3y7Hs91k8NSEnTQy+LXMhDwAAAAAAAAAAAAAAAAAAAAAAAAAAAAAAdD0K16NwgxMAAAAAAAAAAA==
[2022-02-12T07:55:16.862388000Z DEBUG solana_program_runtime::stable_log] Program 11111111111111111111111111111111 invoke [1]
[2022-02-12T07:55:16.862439000Z DEBUG solana_program_runtime::stable_log] Program 11111111111111111111111111111111 success
[2022-02-12T07:55:16.863428000Z DEBUG solana_program_runtime::stable_log] Program log: mango-log
[2022-02-12T07:55:16.864194000Z DEBUG solana_program_runtime::stable_log] Program log: F5qwwQsqqPQUKe5/PL8czqjQHgAKx8rTVSdab9LrSJK5Jkk3jR829oU3E1h9Mn1K0YyLcEg3Re2Ay85OeBIuSdLmDXnAvlfSDwAAAAAAAAB0PQrXo/APJwAAAAAAAAAAAAAAAAAAAAAAAAAAAAAAAA==
[2022-02-12T07:55:16.866479000Z DEBUG solana_program_runtime::stable_log] Program log: mango-log
[2022-02-12T07:55:16.867253000Z DEBUG solana_program_runtime::stable_log] Program log: F5qwwQsqqPQUKe5/PL8czqjQHgAKx8rTVSdab9LrSJK5Jkk3jR829oU3E1h9Mn1K0YyLcEg3Re2Ay85OeBIuSdLmDXnAvlfSAAAAAAAAAAAafcwHBAAAAAAAAAAAAAAAAAAAAAAAAAAAAAAAAAAAAA==
[2022-02-12T07:55:16.868270000Z DEBUG solana_program_runtime::stable_log] Program log: mango-log
[2022-02-12T07:55:16.869028000Z DEBUG solana_program_runtime::stable_log] Program log: F5qwwQsqqPQUKe5/PL8czqjQHgAKx8rTVSdab9LrSJK5Jkk3jR829nwJYdq3U+mxyarAAn8O9qA3y7Hs91k8NSEnTQy+LXMhAAAAAAAAAADmgjP4+/8AAAAAAAAAAAAAAAAAAAAAAAAAAAAAAAAAAA==
[2022-02-12T07:55:16.870320000Z DEBUG solana_program_runtime::stable_log] Program log: mango-log
[2022-02-12T07:55:16.870403000Z DEBUG solana_program_runtime::stable_log] Program TokenkegQfeZyiNwAJbNbGKPFXCWuBvf9Ss623VQ5DA invoke [1]
[2022-02-12T07:55:16.870909000Z DEBUG solana_program_runtime::stable_log] Program log: Instruction: InitializeAccount
[2022-02-12T07:55:16.871406000Z DEBUG solana_program_runtime::stable_log] Program log: cO8nQbWsEVQUKe5/PL8czqjQHgAKx8rTVSdab9LrSJK5Jkk3jR829nwJYdq3U+mxyarAAn8O9qA3y7Hs91k8NSEnTQy+LXMhhTcTWH0yfUrRjItwSDdF7YDLzk54Ei5J0uYNecC+V9IAAAAAAAAAAA8AAAAAAAAA/P////8/CgAAAAAAAAAAAAAAAAAAABAnAAAAAAAAAAAAAAAAAADoAwAAAAAAAAAAAAAAAAAAAQAAAAAAAAAAAAA=
[2022-02-12T07:55:16.871839000Z DEBUG solana_bpf_loader_program] Program 4uQeVj5tqViQh7yWWGStvkEG1Zmhx6uasJtWCJziofM consumed 56303 of 200000 compute units
[2022-02-12T07:55:16.871927000Z DEBUG solana_program_runtime::stable_log] Program 4uQeVj5tqViQh7yWWGStvkEG1Zmhx6uasJtWCJziofM success
[2022-02-12T07:55:16.871944000Z DEBUG solana_bpf_loader_program] Program TokenkegQfeZyiNwAJbNbGKPFXCWuBvf9Ss623VQ5DA consumed 3411 of 200000 compute units
[2022-02-12T07:55:16.872000000Z DEBUG solana_program_runtime::stable_log] Program TokenkegQfeZyiNwAJbNbGKPFXCWuBvf9Ss623VQ5DA success
[2022-02-12T07:55:16.883338000Z DEBUG solana_program_runtime::stable_log] Program 8opHzTAnfzRpPEx21XtnrVTX28YQuCpAjcn1PczScKh invoke [1]
[2022-02-12T07:55:16.884038000Z DEBUG solana_program_runtime::stable_log] Program log: Mango: AddPerpMarket DEPRECATED
[2022-02-12T07:55:16.890445000Z DEBUG solana_bpf_loader_program] Program 8opHzTAnfzRpPEx21XtnrVTX28YQuCpAjcn1PczScKh consumed 20759 of 200000 compute units
[2022-02-12T07:55:16.890533000Z DEBUG solana_program_runtime::stable_log] Program 8opHzTAnfzRpPEx21XtnrVTX28YQuCpAjcn1PczScKh success
[2022-02-12T07:55:16.895472000Z DEBUG solana_program_runtime::stable_log] Program 11111111111111111111111111111111 invoke [1]
[2022-02-12T07:55:16.895551000Z DEBUG solana_program_runtime::stable_log] Program 11111111111111111111111111111111 success
[2022-02-12T07:55:16.900424000Z DEBUG solana_program_runtime::stable_log] Program 11111111111111111111111111111111 invoke [1]
[2022-02-12T07:55:16.900478000Z DEBUG solana_program_runtime::stable_log] Program 11111111111111111111111111111111 success
[2022-02-12T07:55:16.903141000Z DEBUG solana_program_runtime::stable_log] Program 4uQeVj5tqViQh7yWWGStvkEG1Zmhx6uasJtWCJziofM invoke [1]
[2022-02-12T07:55:16.903504000Z DEBUG solana_program_runtime::stable_log] Program log: Mango: CachePrices
[2022-02-12T07:55:16.903856000Z DEBUG solana_program_runtime::stable_log] Program log: mango-log
[2022-02-12T07:55:16.903885000Z DEBUG solana_program_runtime::stable_log] Program 11111111111111111111111111111111 invoke [1]
[2022-02-12T07:55:16.903938000Z DEBUG solana_program_runtime::stable_log] Program 11111111111111111111111111111111 success
[2022-02-12T07:55:16.904491000Z DEBUG solana_program_runtime::stable_log] Program log: ux0uSxX5tBsUKe5/PL8czqjQHgAKx8rTVSdab9LrSJK5Jkk3jR829gEAAAAAAAAAAAAAAAEAAAAAAAAAAADoAwAAAAAAAAAA
[2022-02-12T07:55:16.904601000Z DEBUG solana_bpf_loader_program] Program 4uQeVj5tqViQh7yWWGStvkEG1Zmhx6uasJtWCJziofM consumed 3669 of 200000 compute units
[2022-02-12T07:55:16.904660000Z DEBUG solana_program_runtime::stable_log] Program 4uQeVj5tqViQh7yWWGStvkEG1Zmhx6uasJtWCJziofM success
[2022-02-12T07:55:16.907866000Z DEBUG solana_program_runtime::stable_log] Program 11111111111111111111111111111111 invoke [1]
[2022-02-12T07:55:16.907936000Z DEBUG solana_program_runtime::stable_log] Program 11111111111111111111111111111111 success
[2022-02-12T07:55:16.911530000Z DEBUG solana_program_runtime::stable_log] Program 11111111111111111111111111111111 invoke [1]
[2022-02-12T07:55:16.911581000Z DEBUG solana_program_runtime::stable_log] Program 11111111111111111111111111111111 success
[2022-02-12T07:55:16.915427000Z DEBUG solana_program_runtime::stable_log] Program 4uQeVj5tqViQh7yWWGStvkEG1Zmhx6uasJtWCJziofM invoke [1]
[2022-02-12T07:55:16.915834000Z DEBUG solana_program_runtime::stable_log] Program log: Mango: UpdateRootBank
[2022-02-12T07:55:16.917973000Z DEBUG solana_program_runtime::stable_log] Program log: mango-log
[2022-02-12T07:55:16.918603000Z DEBUG solana_program_runtime::stable_log] Program log: 8HmBNKTUaLgUKe5/PL8czqjQHgAKx8rTVSdab9LrSJK5Jkk3jR829gAAAAAAAAAAAAAAAAAAQEIPAAAAAAAAAAAAAAAAAEBCDwAAAAAAAAA=
[2022-02-12T07:55:16.918736000Z DEBUG solana_bpf_loader_program] Program 4uQeVj5tqViQh7yWWGStvkEG1Zmhx6uasJtWCJziofM consumed 9360 of 200000 compute units
[2022-02-12T07:55:16.918791000Z DEBUG solana_program_runtime::stable_log] Program 4uQeVj5tqViQh7yWWGStvkEG1Zmhx6uasJtWCJziofM success
[2022-02-12T07:55:16.919601000Z DEBUG solana_program_runtime::stable_log] Program TokenkegQfeZyiNwAJbNbGKPFXCWuBvf9Ss623VQ5DA invoke [1]
[2022-02-12T07:55:16.920108000Z DEBUG solana_program_runtime::stable_log] Program log: Instruction: InitializeAccount
[2022-02-12T07:55:16.921189000Z DEBUG solana_bpf_loader_program] Program TokenkegQfeZyiNwAJbNbGKPFXCWuBvf9Ss623VQ5DA consumed 3411 of 200000 compute units
[2022-02-12T07:55:16.921248000Z DEBUG solana_program_runtime::stable_log] Program TokenkegQfeZyiNwAJbNbGKPFXCWuBvf9Ss623VQ5DA success
[2022-02-12T07:55:16.929691000Z DEBUG solana_program_runtime::stable_log] Program 4uQeVj5tqViQh7yWWGStvkEG1Zmhx6uasJtWCJziofM invoke [1]
[2022-02-12T07:55:16.930173000Z DEBUG solana_program_runtime::stable_log] Program log: Mango: UpdateFunding
[2022-02-12T07:55:16.931315000Z DEBUG solana_program_runtime::stable_log] Program log: mango-log
[2022-02-12T07:55:16.931943000Z DEBUG solana_program_runtime::stable_log] Program log: ta5iwCEXTXsUKe5/PL8czqjQHgAKx8rTVSdab9LrSJK5Jkk3jR829gAAAAAAAAAAAAAAAAAAAAAAAAAAAAAAAAAAAAAAAAAAAAAAAAAAAAA=
[2022-02-12T07:55:16.932095000Z DEBUG solana_bpf_loader_program] Program 4uQeVj5tqViQh7yWWGStvkEG1Zmhx6uasJtWCJziofM consumed 6381 of 200000 compute units
[2022-02-12T07:55:16.932172000Z DEBUG solana_program_runtime::stable_log] Program 4uQeVj5tqViQh7yWWGStvkEG1Zmhx6uasJtWCJziofM success
[2022-02-12T07:55:16.932573000Z DEBUG solana_program_runtime::stable_log] Program 8opHzTAnfzRpPEx21XtnrVTX28YQuCpAjcn1PczScKh invoke [1]
[2022-02-12T07:55:16.933233000Z DEBUG solana_program_runtime::stable_log] Program log: Mango: AddPerpMarket DEPRECATED
[2022-02-12T07:55:16.939569000Z DEBUG solana_bpf_loader_program] Program 8opHzTAnfzRpPEx21XtnrVTX28YQuCpAjcn1PczScKh consumed 20798 of 200000 compute units
[2022-02-12T07:55:16.939644000Z DEBUG solana_program_runtime::stable_log] Program 8opHzTAnfzRpPEx21XtnrVTX28YQuCpAjcn1PczScKh success
[2022-02-12T07:55:16.942456000Z DEBUG solana_program_runtime::stable_log] Program 4uQeVj5tqViQh7yWWGStvkEG1Zmhx6uasJtWCJziofM invoke [1]
[2022-02-12T07:55:16.942840000Z DEBUG solana_program_runtime::stable_log] Program log: Mango: CacheRootBanks
[2022-02-12T07:55:16.943297000Z DEBUG solana_program_runtime::stable_log] Program 11111111111111111111111111111111 invoke [1]
[2022-02-12T07:55:16.943361000Z DEBUG solana_program_runtime::stable_log] Program 11111111111111111111111111111111 success
[2022-02-12T07:55:16.943507000Z DEBUG solana_program_runtime::stable_log] Program log: mango-log
[2022-02-12T07:55:16.944474000Z DEBUG solana_program_runtime::stable_log] Program log: IVXYca/GfegUKe5/PL8czqjQHgAKx8rTVSdab9LrSJK5Jkk3jR829gIAAAAAAAAAAAAAAA8AAAAAAAAAAgAAAAAAAAAAAEBCDwAAAAAAAAAAAAAAAABAQg8AAAAAAAAAAgAAAAAAAAAAAEBCDwAAAAAAAAAAAAAAAABAQg8AAAAAAAAA
[2022-02-12T07:55:16.944605000Z DEBUG solana_bpf_loader_program] Program 4uQeVj5tqViQh7yWWGStvkEG1Zmhx6uasJtWCJziofM consumed 5857 of 200000 compute units
[2022-02-12T07:55:16.944661000Z DEBUG solana_program_runtime::stable_log] Program 4uQeVj5tqViQh7yWWGStvkEG1Zmhx6uasJtWCJziofM success
[2022-02-12T07:55:16.946967000Z DEBUG solana_program_runtime::stable_log] Program 11111111111111111111111111111111 invoke [1]
[2022-02-12T07:55:16.947032000Z DEBUG solana_program_runtime::stable_log] Program 11111111111111111111111111111111 success
[2022-02-12T07:55:16.950459000Z DEBUG solana_program_runtime::stable_log] Program 11111111111111111111111111111111 invoke [1]
[2022-02-12T07:55:16.950524000Z DEBUG solana_program_runtime::stable_log] Program 11111111111111111111111111111111 success
[2022-02-12T07:55:16.953897000Z DEBUG solana_program_runtime::stable_log] Program 11111111111111111111111111111111 invoke [1]
[2022-02-12T07:55:16.953950000Z DEBUG solana_program_runtime::stable_log] Program 11111111111111111111111111111111 success
[2022-02-12T07:55:16.955199000Z DEBUG solana_program_runtime::stable_log] Program 4uQeVj5tqViQh7yWWGStvkEG1Zmhx6uasJtWCJziofM invoke [1]
[2022-02-12T07:55:16.955545000Z DEBUG solana_program_runtime::stable_log] Program log: Mango: CachePerpMarkets
[2022-02-12T07:55:16.955961000Z DEBUG solana_program_runtime::stable_log] Program log: mango-log
[2022-02-12T07:55:16.956721000Z DEBUG solana_program_runtime::stable_log] Program log: 9lt9JxCzqw4UKe5/PL8czqjQHgAKx8rTVSdab9LrSJK5Jkk3jR829gEAAAAAAAAAAAAAAAEAAAAAAAAAAAAAAAAAAAAAAAAAAQAAAAAAAAAAAAAAAAAAAAAAAAA=
[2022-02-12T07:55:16.956833000Z DEBUG solana_bpf_loader_program] Program 4uQeVj5tqViQh7yWWGStvkEG1Zmhx6uasJtWCJziofM consumed 4331 of 200000 compute units
[2022-02-12T07:55:16.956889000Z DEBUG solana_program_runtime::stable_log] Program 4uQeVj5tqViQh7yWWGStvkEG1Zmhx6uasJtWCJziofM success
[2022-02-12T07:55:16.957530000Z DEBUG solana_program_runtime::stable_log] Program 11111111111111111111111111111111 invoke [1]
[2022-02-12T07:55:16.957577000Z DEBUG solana_program_runtime::stable_log] Program 11111111111111111111111111111111 success
test test_token_and_token_liquidation_v1 ... ok
[2022-02-12T07:55:16.965490000Z DEBUG solana_program_runtime::stable_log] Program TokenkegQfeZyiNwAJbNbGKPFXCWuBvf9Ss623VQ5DA invoke [1]
[2022-02-12T07:55:16.966039000Z DEBUG solana_program_runtime::stable_log] Program log: Instruction: InitializeAccount
[2022-02-12T07:55:16.967063000Z DEBUG solana_bpf_loader_program] Program TokenkegQfeZyiNwAJbNbGKPFXCWuBvf9Ss623VQ5DA consumed 3411 of 200000 compute units
[2022-02-12T07:55:16.967135000Z DEBUG solana_program_runtime::stable_log] Program TokenkegQfeZyiNwAJbNbGKPFXCWuBvf9Ss623VQ5DA success
[2022-02-12T07:55:16.978565000Z DEBUG solana_program_runtime::stable_log] Program 8opHzTAnfzRpPEx21XtnrVTX28YQuCpAjcn1PczScKh invoke [1]
[2022-02-12T07:55:16.979222000Z DEBUG solana_program_runtime::stable_log] Program log: Mango: AddPerpMarket DEPRECATED
[2022-02-12T07:55:16.985396000Z DEBUG solana_bpf_loader_program] Program 8opHzTAnfzRpPEx21XtnrVTX28YQuCpAjcn1PczScKh consumed 20837 of 200000 compute units
[2022-02-12T07:55:16.985476000Z DEBUG solana_program_runtime::stable_log] Program 8opHzTAnfzRpPEx21XtnrVTX28YQuCpAjcn1PczScKh success
[2022-02-12T07:55:16.989512000Z DEBUG solana_program_runtime::stable_log] Program 11111111111111111111111111111111 invoke [1]
[2022-02-12T07:55:16.989580000Z DEBUG solana_program_runtime::stable_log] Program 11111111111111111111111111111111 success
[2022-02-12T07:55:16.994341000Z DEBUG solana_program_runtime::stable_log] Program 11111111111111111111111111111111 invoke [1]
[2022-02-12T07:55:16.994395000Z DEBUG solana_program_runtime::stable_log] Program 11111111111111111111111111111111 success
[2022-02-12T07:55:16.997688000Z DEBUG solana_program_runtime::stable_log] Program 11111111111111111111111111111111 invoke [1]
[2022-02-12T07:55:16.997740000Z DEBUG solana_program_runtime::stable_log] Program 11111111111111111111111111111111 success
[2022-02-12T07:55:17.001074000Z DEBUG solana_program_runtime::stable_log] Program 11111111111111111111111111111111 invoke [1]
[2022-02-12T07:55:17.001126000Z DEBUG solana_program_runtime::stable_log] Program 11111111111111111111111111111111 success
[2022-02-12T07:55:17.004644000Z DEBUG solana_program_runtime::stable_log] Program 11111111111111111111111111111111 invoke [1]
[2022-02-12T07:55:17.004697000Z DEBUG solana_program_runtime::stable_log] Program 11111111111111111111111111111111 success
[2022-02-12T07:55:17.012424000Z DEBUG solana_program_runtime::stable_log] Program TokenkegQfeZyiNwAJbNbGKPFXCWuBvf9Ss623VQ5DA invoke [1]
[2022-02-12T07:55:17.012943000Z DEBUG solana_program_runtime::stable_log] Program log: Instruction: InitializeAccount
[2022-02-12T07:55:17.013975000Z DEBUG solana_bpf_loader_program] Program TokenkegQfeZyiNwAJbNbGKPFXCWuBvf9Ss623VQ5DA consumed 3411 of 200000 compute units
[2022-02-12T07:55:17.014030000Z DEBUG solana_program_runtime::stable_log] Program TokenkegQfeZyiNwAJbNbGKPFXCWuBvf9Ss623VQ5DA success
[2022-02-12T07:55:17.025345000Z DEBUG solana_program_runtime::stable_log] Program 8opHzTAnfzRpPEx21XtnrVTX28YQuCpAjcn1PczScKh invoke [1]
[2022-02-12T07:55:17.025996000Z DEBUG solana_program_runtime::stable_log] Program log: Mango: AddPerpMarket DEPRECATED
[2022-02-12T07:55:17.032214000Z DEBUG solana_bpf_loader_program] Program 8opHzTAnfzRpPEx21XtnrVTX28YQuCpAjcn1PczScKh consumed 20876 of 200000 compute units
[2022-02-12T07:55:17.032284000Z DEBUG solana_program_runtime::stable_log] Program 8opHzTAnfzRpPEx21XtnrVTX28YQuCpAjcn1PczScKh success
[2022-02-12T07:55:17.036318000Z DEBUG solana_program_runtime::stable_log] Program 11111111111111111111111111111111 invoke [1]
[2022-02-12T07:55:17.036374000Z DEBUG solana_program_runtime::stable_log] Program 11111111111111111111111111111111 success
[2022-02-12T07:55:17.039641000Z DEBUG solana_program_runtime::stable_log] Program 11111111111111111111111111111111 invoke [1]
[2022-02-12T07:55:17.039689000Z DEBUG solana_program_runtime::stable_log] Program 11111111111111111111111111111111 success
[2022-02-12T07:55:17.042995000Z DEBUG solana_program_runtime::stable_log] Program 11111111111111111111111111111111 invoke [1]
[2022-02-12T07:55:17.043043000Z DEBUG solana_program_runtime::stable_log] Program 11111111111111111111111111111111 success
[2022-02-12T07:55:17.046314000Z DEBUG solana_program_runtime::stable_log] Program 11111111111111111111111111111111 invoke [1]
[2022-02-12T07:55:17.046365000Z DEBUG solana_program_runtime::stable_log] Program 11111111111111111111111111111111 success
[2022-02-12T07:55:17.049940000Z DEBUG solana_program_runtime::stable_log] Program 11111111111111111111111111111111 invoke [1]
[2022-02-12T07:55:17.049985000Z DEBUG solana_program_runtime::stable_log] Program 11111111111111111111111111111111 success
[2022-02-12T07:55:17.057685000Z DEBUG solana_program_runtime::stable_log] Program TokenkegQfeZyiNwAJbNbGKPFXCWuBvf9Ss623VQ5DA invoke [1]
[2022-02-12T07:55:17.058187000Z DEBUG solana_program_runtime::stable_log] Program log: Instruction: InitializeAccount
[2022-02-12T07:55:17.059197000Z DEBUG solana_bpf_loader_program] Program TokenkegQfeZyiNwAJbNbGKPFXCWuBvf9Ss623VQ5DA consumed 3411 of 200000 compute units
[2022-02-12T07:55:17.059250000Z DEBUG solana_program_runtime::stable_log] Program TokenkegQfeZyiNwAJbNbGKPFXCWuBvf9Ss623VQ5DA success
[2022-02-12T07:55:17.070471000Z DEBUG solana_program_runtime::stable_log] Program 8opHzTAnfzRpPEx21XtnrVTX28YQuCpAjcn1PczScKh invoke [1]
[2022-02-12T07:55:17.071103000Z DEBUG solana_program_runtime::stable_log] Program log: Mango: AddPerpMarket DEPRECATED
[2022-02-12T07:55:17.077324000Z DEBUG solana_bpf_loader_program] Program 8opHzTAnfzRpPEx21XtnrVTX28YQuCpAjcn1PczScKh consumed 20915 of 200000 compute units
[2022-02-12T07:55:17.077393000Z DEBUG solana_program_runtime::stable_log] Program 8opHzTAnfzRpPEx21XtnrVTX28YQuCpAjcn1PczScKh success
[2022-02-12T07:55:17.081770000Z DEBUG solana_program_runtime::stable_log] Program 11111111111111111111111111111111 invoke [1]
[2022-02-12T07:55:17.081827000Z DEBUG solana_program_runtime::stable_log] Program 11111111111111111111111111111111 success
[2022-02-12T07:55:17.085266000Z DEBUG solana_program_runtime::stable_log] Program 11111111111111111111111111111111 invoke [1]
[2022-02-12T07:55:17.085312000Z DEBUG solana_program_runtime::stable_log] Program 11111111111111111111111111111111 success
[2022-02-12T07:55:17.088608000Z DEBUG solana_program_runtime::stable_log] Program 11111111111111111111111111111111 invoke [1]
[2022-02-12T07:55:17.088657000Z DEBUG solana_program_runtime::stable_log] Program 11111111111111111111111111111111 success
[2022-02-12T07:55:17.091952000Z DEBUG solana_program_runtime::stable_log] Program 11111111111111111111111111111111 invoke [1]
[2022-02-12T07:55:17.092003000Z DEBUG solana_program_runtime::stable_log] Program 11111111111111111111111111111111 success
[2022-02-12T07:55:17.095501000Z DEBUG solana_program_runtime::stable_log] Program 11111111111111111111111111111111 invoke [1]
[2022-02-12T07:55:17.095550000Z DEBUG solana_program_runtime::stable_log] Program 11111111111111111111111111111111 success
[2022-02-12T07:55:17.103237000Z DEBUG solana_program_runtime::stable_log] Program TokenkegQfeZyiNwAJbNbGKPFXCWuBvf9Ss623VQ5DA invoke [1]
[2022-02-12T07:55:17.103738000Z DEBUG solana_program_runtime::stable_log] Program log: Instruction: InitializeAccount
[2022-02-12T07:55:17.104755000Z DEBUG solana_bpf_loader_program] Program TokenkegQfeZyiNwAJbNbGKPFXCWuBvf9Ss623VQ5DA consumed 3411 of 200000 compute units
[2022-02-12T07:55:17.104811000Z DEBUG solana_program_runtime::stable_log] Program TokenkegQfeZyiNwAJbNbGKPFXCWuBvf9Ss623VQ5DA success
[2022-02-12T07:55:17.116078000Z DEBUG solana_program_runtime::stable_log] Program 8opHzTAnfzRpPEx21XtnrVTX28YQuCpAjcn1PczScKh invoke [1]
[2022-02-12T07:55:17.116713000Z DEBUG solana_program_runtime::stable_log] Program log: Mango: AddPerpMarket DEPRECATED
[2022-02-12T07:55:17.122931000Z DEBUG solana_bpf_loader_program] Program 8opHzTAnfzRpPEx21XtnrVTX28YQuCpAjcn1PczScKh consumed 20954 of 200000 compute units
[2022-02-12T07:55:17.123005000Z DEBUG solana_program_runtime::stable_log] Program 8opHzTAnfzRpPEx21XtnrVTX28YQuCpAjcn1PczScKh success
[2022-02-12T07:55:17.127148000Z DEBUG solana_program_runtime::stable_log] Program 11111111111111111111111111111111 invoke [1]
[2022-02-12T07:55:17.127205000Z DEBUG solana_program_runtime::stable_log] Program 11111111111111111111111111111111 success
[2022-02-12T07:55:17.130536000Z DEBUG solana_program_runtime::stable_log] Program 11111111111111111111111111111111 invoke [1]
[2022-02-12T07:55:17.130589000Z DEBUG solana_program_runtime::stable_log] Program 11111111111111111111111111111111 success
[2022-02-12T07:55:17.133856000Z DEBUG solana_program_runtime::stable_log] Program 11111111111111111111111111111111 invoke [1]
[2022-02-12T07:55:17.133908000Z DEBUG solana_program_runtime::stable_log] Program 11111111111111111111111111111111 success
[2022-02-12T07:55:17.137192000Z DEBUG solana_program_runtime::stable_log] Program 11111111111111111111111111111111 invoke [1]
[2022-02-12T07:55:17.137243000Z DEBUG solana_program_runtime::stable_log] Program 11111111111111111111111111111111 success
[2022-02-12T07:55:17.140894000Z DEBUG solana_program_runtime::stable_log] Program 11111111111111111111111111111111 invoke [1]
[2022-02-12T07:55:17.140943000Z DEBUG solana_program_runtime::stable_log] Program 11111111111111111111111111111111 success
[2022-02-12T07:55:17.148682000Z DEBUG solana_program_runtime::stable_log] Program TokenkegQfeZyiNwAJbNbGKPFXCWuBvf9Ss623VQ5DA invoke [1]
[2022-02-12T07:55:17.149198000Z DEBUG solana_program_runtime::stable_log] Program log: Instruction: InitializeAccount
[2022-02-12T07:55:17.150209000Z DEBUG solana_bpf_loader_program] Program TokenkegQfeZyiNwAJbNbGKPFXCWuBvf9Ss623VQ5DA consumed 3411 of 200000 compute units
[2022-02-12T07:55:17.150267000Z DEBUG solana_program_runtime::stable_log] Program TokenkegQfeZyiNwAJbNbGKPFXCWuBvf9Ss623VQ5DA success
[2022-02-12T07:55:17.161573000Z DEBUG solana_program_runtime::stable_log] Program 8opHzTAnfzRpPEx21XtnrVTX28YQuCpAjcn1PczScKh invoke [1]
[2022-02-12T07:55:17.162209000Z DEBUG solana_program_runtime::stable_log] Program log: Mango: AddPerpMarket DEPRECATED
[2022-02-12T07:55:17.168435000Z DEBUG solana_bpf_loader_program] Program 8opHzTAnfzRpPEx21XtnrVTX28YQuCpAjcn1PczScKh consumed 20993 of 200000 compute units
[2022-02-12T07:55:17.168506000Z DEBUG solana_program_runtime::stable_log] Program 8opHzTAnfzRpPEx21XtnrVTX28YQuCpAjcn1PczScKh success
[2022-02-12T07:55:17.172991000Z DEBUG solana_program_runtime::stable_log] Program 11111111111111111111111111111111 invoke [1]
[2022-02-12T07:55:17.173050000Z DEBUG solana_program_runtime::stable_log] Program 11111111111111111111111111111111 success
[2022-02-12T07:55:17.176337000Z DEBUG solana_program_runtime::stable_log] Program 11111111111111111111111111111111 invoke [1]
[2022-02-12T07:55:17.176384000Z DEBUG solana_program_runtime::stable_log] Program 11111111111111111111111111111111 success
[2022-02-12T07:55:17.179719000Z DEBUG solana_program_runtime::stable_log] Program 11111111111111111111111111111111 invoke [1]
[2022-02-12T07:55:17.179774000Z DEBUG solana_program_runtime::stable_log] Program 11111111111111111111111111111111 success
[2022-02-12T07:55:17.183119000Z DEBUG solana_program_runtime::stable_log] Program 11111111111111111111111111111111 invoke [1]
[2022-02-12T07:55:17.183171000Z DEBUG solana_program_runtime::stable_log] Program 11111111111111111111111111111111 success
[2022-02-12T07:55:17.186662000Z DEBUG solana_program_runtime::stable_log] Program 11111111111111111111111111111111 invoke [1]
[2022-02-12T07:55:17.186713000Z DEBUG solana_program_runtime::stable_log] Program 11111111111111111111111111111111 success
[2022-02-12T07:55:17.194437000Z DEBUG solana_program_runtime::stable_log] Program TokenkegQfeZyiNwAJbNbGKPFXCWuBvf9Ss623VQ5DA invoke [1]
[2022-02-12T07:55:17.194943000Z DEBUG solana_program_runtime::stable_log] Program log: Instruction: InitializeAccount
[2022-02-12T07:55:17.195955000Z DEBUG solana_bpf_loader_program] Program TokenkegQfeZyiNwAJbNbGKPFXCWuBvf9Ss623VQ5DA consumed 3411 of 200000 compute units
[2022-02-12T07:55:17.196011000Z DEBUG solana_program_runtime::stable_log] Program TokenkegQfeZyiNwAJbNbGKPFXCWuBvf9Ss623VQ5DA success
[2022-02-12T07:55:17.207206000Z DEBUG solana_program_runtime::stable_log] Program 8opHzTAnfzRpPEx21XtnrVTX28YQuCpAjcn1PczScKh invoke [1]
[2022-02-12T07:55:17.207843000Z DEBUG solana_program_runtime::stable_log] Program log: Mango: AddPerpMarket DEPRECATED
[2022-02-12T07:55:17.214077000Z DEBUG solana_bpf_loader_program] Program 8opHzTAnfzRpPEx21XtnrVTX28YQuCpAjcn1PczScKh consumed 21032 of 200000 compute units
[2022-02-12T07:55:17.214151000Z DEBUG solana_program_runtime::stable_log] Program 8opHzTAnfzRpPEx21XtnrVTX28YQuCpAjcn1PczScKh success
[2022-02-12T07:55:17.218276000Z DEBUG solana_program_runtime::stable_log] Program 11111111111111111111111111111111 invoke [1]
[2022-02-12T07:55:17.218331000Z DEBUG solana_program_runtime::stable_log] Program 11111111111111111111111111111111 success
[2022-02-12T07:55:17.221665000Z DEBUG solana_program_runtime::stable_log] Program 11111111111111111111111111111111 invoke [1]
[2022-02-12T07:55:17.221718000Z DEBUG solana_program_runtime::stable_log] Program 11111111111111111111111111111111 success
[2022-02-12T07:55:17.225042000Z DEBUG solana_program_runtime::stable_log] Program 11111111111111111111111111111111 invoke [1]
[2022-02-12T07:55:17.225098000Z DEBUG solana_program_runtime::stable_log] Program 11111111111111111111111111111111 success
[2022-02-12T07:55:17.228450000Z DEBUG solana_program_runtime::stable_log] Program 11111111111111111111111111111111 invoke [1]
[2022-02-12T07:55:17.228504000Z DEBUG solana_program_runtime::stable_log] Program 11111111111111111111111111111111 success
[2022-02-12T07:55:17.232056000Z DEBUG solana_program_runtime::stable_log] Program 11111111111111111111111111111111 invoke [1]
[2022-02-12T07:55:17.232105000Z DEBUG solana_program_runtime::stable_log] Program 11111111111111111111111111111111 success
[2022-02-12T07:55:17.239814000Z DEBUG solana_program_runtime::stable_log] Program TokenkegQfeZyiNwAJbNbGKPFXCWuBvf9Ss623VQ5DA invoke [1]
[2022-02-12T07:55:17.240323000Z DEBUG solana_program_runtime::stable_log] Program log: Instruction: InitializeAccount
[2022-02-12T07:55:17.241334000Z DEBUG solana_bpf_loader_program] Program TokenkegQfeZyiNwAJbNbGKPFXCWuBvf9Ss623VQ5DA consumed 3411 of 200000 compute units
[2022-02-12T07:55:17.241389000Z DEBUG solana_program_runtime::stable_log] Program TokenkegQfeZyiNwAJbNbGKPFXCWuBvf9Ss623VQ5DA success
[2022-02-12T07:55:17.252534000Z DEBUG solana_program_runtime::stable_log] Program 8opHzTAnfzRpPEx21XtnrVTX28YQuCpAjcn1PczScKh invoke [1]
[2022-02-12T07:55:17.253174000Z DEBUG solana_program_runtime::stable_log] Program log: Mango: AddPerpMarket DEPRECATED
[2022-02-12T07:55:17.259416000Z DEBUG solana_bpf_loader_program] Program 8opHzTAnfzRpPEx21XtnrVTX28YQuCpAjcn1PczScKh consumed 21071 of 200000 compute units
[2022-02-12T07:55:17.259489000Z DEBUG solana_program_runtime::stable_log] Program 8opHzTAnfzRpPEx21XtnrVTX28YQuCpAjcn1PczScKh success
[2022-02-12T07:55:17.270513000Z DEBUG solana_program_runtime::stable_log] Program 8opHzTAnfzRpPEx21XtnrVTX28YQuCpAjcn1PczScKh invoke [1]
[2022-02-12T07:55:17.270852000Z DEBUG solana_program_runtime::stable_log] Program log: Mango: SetOracle
[2022-02-12T07:55:17.271135000Z DEBUG solana_bpf_loader_program] Program 8opHzTAnfzRpPEx21XtnrVTX28YQuCpAjcn1PczScKh consumed 1550 of 200000 compute units
[2022-02-12T07:55:17.271191000Z DEBUG solana_program_runtime::stable_log] Program 8opHzTAnfzRpPEx21XtnrVTX28YQuCpAjcn1PczScKh success
[2022-02-12T07:55:17.280993000Z DEBUG solana_program_runtime::stable_log] Program 8opHzTAnfzRpPEx21XtnrVTX28YQuCpAjcn1PczScKh invoke [1]
[2022-02-12T07:55:17.281325000Z DEBUG solana_program_runtime::stable_log] Program log: Mango: SetOracle
[2022-02-12T07:55:17.281620000Z DEBUG solana_bpf_loader_program] Program 8opHzTAnfzRpPEx21XtnrVTX28YQuCpAjcn1PczScKh consumed 1590 of 200000 compute units
[2022-02-12T07:55:17.281675000Z DEBUG solana_program_runtime::stable_log] Program 8opHzTAnfzRpPEx21XtnrVTX28YQuCpAjcn1PczScKh success
[2022-02-12T07:55:17.291496000Z DEBUG solana_program_runtime::stable_log] Program 8opHzTAnfzRpPEx21XtnrVTX28YQuCpAjcn1PczScKh invoke [1]
[2022-02-12T07:55:17.291831000Z DEBUG solana_program_runtime::stable_log] Program log: Mango: SetOracle
[2022-02-12T07:55:17.292142000Z DEBUG solana_bpf_loader_program] Program 8opHzTAnfzRpPEx21XtnrVTX28YQuCpAjcn1PczScKh consumed 1629 of 200000 compute units
[2022-02-12T07:55:17.292194000Z DEBUG solana_program_runtime::stable_log] Program 8opHzTAnfzRpPEx21XtnrVTX28YQuCpAjcn1PczScKh success
[2022-02-12T07:55:17.302011000Z DEBUG solana_program_runtime::stable_log] Program 8opHzTAnfzRpPEx21XtnrVTX28YQuCpAjcn1PczScKh invoke [1]
[2022-02-12T07:55:17.302342000Z DEBUG solana_program_runtime::stable_log] Program log: Mango: SetOracle
[2022-02-12T07:55:17.302663000Z DEBUG solana_bpf_loader_program] Program 8opHzTAnfzRpPEx21XtnrVTX28YQuCpAjcn1PczScKh consumed 1668 of 200000 compute units
[2022-02-12T07:55:17.302717000Z DEBUG solana_program_runtime::stable_log] Program 8opHzTAnfzRpPEx21XtnrVTX28YQuCpAjcn1PczScKh success
[2022-02-12T07:55:17.312513000Z DEBUG solana_program_runtime::stable_log] Program 8opHzTAnfzRpPEx21XtnrVTX28YQuCpAjcn1PczScKh invoke [1]
[2022-02-12T07:55:17.312842000Z DEBUG solana_program_runtime::stable_log] Program log: Mango: SetOracle
[2022-02-12T07:55:17.313175000Z DEBUG solana_bpf_loader_program] Program 8opHzTAnfzRpPEx21XtnrVTX28YQuCpAjcn1PczScKh consumed 1707 of 200000 compute units
[2022-02-12T07:55:17.313228000Z DEBUG solana_program_runtime::stable_log] Program 8opHzTAnfzRpPEx21XtnrVTX28YQuCpAjcn1PczScKh success
[2022-02-12T07:55:17.323052000Z DEBUG solana_program_runtime::stable_log] Program 8opHzTAnfzRpPEx21XtnrVTX28YQuCpAjcn1PczScKh invoke [1]
[2022-02-12T07:55:17.323400000Z DEBUG solana_program_runtime::stable_log] Program log: Mango: SetOracle
[2022-02-12T07:55:17.323753000Z DEBUG solana_bpf_loader_program] Program 8opHzTAnfzRpPEx21XtnrVTX28YQuCpAjcn1PczScKh consumed 1746 of 200000 compute units
[2022-02-12T07:55:17.323809000Z DEBUG solana_program_runtime::stable_log] Program 8opHzTAnfzRpPEx21XtnrVTX28YQuCpAjcn1PczScKh success
[2022-02-12T07:55:17.333703000Z DEBUG solana_program_runtime::stable_log] Program 8opHzTAnfzRpPEx21XtnrVTX28YQuCpAjcn1PczScKh invoke [1]
[2022-02-12T07:55:17.334037000Z DEBUG solana_program_runtime::stable_log] Program log: Mango: SetOracle
[2022-02-12T07:55:17.334400000Z DEBUG solana_bpf_loader_program] Program 8opHzTAnfzRpPEx21XtnrVTX28YQuCpAjcn1PczScKh consumed 1785 of 200000 compute units
[2022-02-12T07:55:17.334453000Z DEBUG solana_program_runtime::stable_log] Program 8opHzTAnfzRpPEx21XtnrVTX28YQuCpAjcn1PczScKh success
[2022-02-12T07:55:17.345328000Z DEBUG solana_program_runtime::stable_log] Program 8opHzTAnfzRpPEx21XtnrVTX28YQuCpAjcn1PczScKh invoke [1]
[2022-02-12T07:55:17.345662000Z DEBUG solana_program_runtime::stable_log] Program log: Mango: SetOracle
[2022-02-12T07:55:17.346033000Z DEBUG solana_bpf_loader_program] Program 8opHzTAnfzRpPEx21XtnrVTX28YQuCpAjcn1PczScKh consumed 1824 of 200000 compute units
[2022-02-12T07:55:17.346085000Z DEBUG solana_program_runtime::stable_log] Program 8opHzTAnfzRpPEx21XtnrVTX28YQuCpAjcn1PczScKh success
[2022-02-12T07:55:17.356147000Z DEBUG solana_program_runtime::stable_log] Program 8opHzTAnfzRpPEx21XtnrVTX28YQuCpAjcn1PczScKh invoke [1]
[2022-02-12T07:55:17.356480000Z DEBUG solana_program_runtime::stable_log] Program log: Mango: SetOracle
[2022-02-12T07:55:17.356867000Z DEBUG solana_bpf_loader_program] Program 8opHzTAnfzRpPEx21XtnrVTX28YQuCpAjcn1PczScKh consumed 1863 of 200000 compute units
[2022-02-12T07:55:17.356918000Z DEBUG solana_program_runtime::stable_log] Program 8opHzTAnfzRpPEx21XtnrVTX28YQuCpAjcn1PczScKh success
[2022-02-12T07:55:17.366653000Z DEBUG solana_program_runtime::stable_log] Program 8opHzTAnfzRpPEx21XtnrVTX28YQuCpAjcn1PczScKh invoke [1]
[2022-02-12T07:55:17.366988000Z DEBUG solana_program_runtime::stable_log] Program log: Mango: SetOracle
[2022-02-12T07:55:17.367388000Z DEBUG solana_bpf_loader_program] Program 8opHzTAnfzRpPEx21XtnrVTX28YQuCpAjcn1PczScKh consumed 1902 of 200000 compute units
[2022-02-12T07:55:17.367441000Z DEBUG solana_program_runtime::stable_log] Program 8opHzTAnfzRpPEx21XtnrVTX28YQuCpAjcn1PczScKh success
[2022-02-12T07:55:17.378301000Z DEBUG solana_program_runtime::stable_log] Program 8opHzTAnfzRpPEx21XtnrVTX28YQuCpAjcn1PczScKh invoke [1]
[2022-02-12T07:55:17.378632000Z DEBUG solana_program_runtime::stable_log] Program log: Mango: SetOracle
[2022-02-12T07:55:17.379045000Z DEBUG solana_bpf_loader_program] Program 8opHzTAnfzRpPEx21XtnrVTX28YQuCpAjcn1PczScKh consumed 1941 of 200000 compute units
[2022-02-12T07:55:17.379100000Z DEBUG solana_program_runtime::stable_log] Program 8opHzTAnfzRpPEx21XtnrVTX28YQuCpAjcn1PczScKh success
[2022-02-12T07:55:17.388795000Z DEBUG solana_program_runtime::stable_log] Program 8opHzTAnfzRpPEx21XtnrVTX28YQuCpAjcn1PczScKh invoke [1]
[2022-02-12T07:55:17.389126000Z DEBUG solana_program_runtime::stable_log] Program log: Mango: SetOracle
[2022-02-12T07:55:17.389551000Z DEBUG solana_bpf_loader_program] Program 8opHzTAnfzRpPEx21XtnrVTX28YQuCpAjcn1PczScKh consumed 1980 of 200000 compute units
[2022-02-12T07:55:17.389603000Z DEBUG solana_program_runtime::stable_log] Program 8opHzTAnfzRpPEx21XtnrVTX28YQuCpAjcn1PczScKh success
[2022-02-12T07:55:17.399319000Z DEBUG solana_program_runtime::stable_log] Program 8opHzTAnfzRpPEx21XtnrVTX28YQuCpAjcn1PczScKh invoke [1]
[2022-02-12T07:55:17.399656000Z DEBUG solana_program_runtime::stable_log] Program log: Mango: SetOracle
[2022-02-12T07:55:17.400098000Z DEBUG solana_bpf_loader_program] Program 8opHzTAnfzRpPEx21XtnrVTX28YQuCpAjcn1PczScKh consumed 2019 of 200000 compute units
[2022-02-12T07:55:17.400150000Z DEBUG solana_program_runtime::stable_log] Program 8opHzTAnfzRpPEx21XtnrVTX28YQuCpAjcn1PczScKh success
[2022-02-12T07:55:17.409798000Z DEBUG solana_program_runtime::stable_log] Program 8opHzTAnfzRpPEx21XtnrVTX28YQuCpAjcn1PczScKh invoke [1]
[2022-02-12T07:55:17.410131000Z DEBUG solana_program_runtime::stable_log] Program log: Mango: SetOracle
[2022-02-12T07:55:17.410583000Z DEBUG solana_bpf_loader_program] Program 8opHzTAnfzRpPEx21XtnrVTX28YQuCpAjcn1PczScKh consumed 2058 of 200000 compute units
[2022-02-12T07:55:17.410637000Z DEBUG solana_program_runtime::stable_log] Program 8opHzTAnfzRpPEx21XtnrVTX28YQuCpAjcn1PczScKh success
[2022-02-12T07:55:17.420299000Z DEBUG solana_program_runtime::stable_log] Program 8opHzTAnfzRpPEx21XtnrVTX28YQuCpAjcn1PczScKh invoke [1]
[2022-02-12T07:55:17.420631000Z DEBUG solana_program_runtime::stable_log] Program log: Mango: SetOracle
[2022-02-12T07:55:17.421099000Z DEBUG solana_bpf_loader_program] Program 8opHzTAnfzRpPEx21XtnrVTX28YQuCpAjcn1PczScKh consumed 2097 of 200000 compute units
[2022-02-12T07:55:17.421151000Z DEBUG solana_program_runtime::stable_log] Program 8opHzTAnfzRpPEx21XtnrVTX28YQuCpAjcn1PczScKh success
[2022-02-12T07:55:17.463868000Z DEBUG solana_program_runtime::stable_log] Program 8opHzTAnfzRpPEx21XtnrVTX28YQuCpAjcn1PczScKh invoke [1]
[2022-02-12T07:55:17.465027000Z DEBUG solana_program_runtime::stable_log] Program log: Mango: CachePrices
[2022-02-12T07:55:17.468107000Z DEBUG solana_program_runtime::stable_log] Program log: mango-log
[2022-02-12T07:55:17.469926000Z DEBUG solana_program_runtime::stable_log] Program log: ux0uSxX5tBunbhvP8sZoiDTB3W1sGOUIJSpL/q4ynvukV/yhD7wPrw8AAAAAAAAAAAAAAAEAAAAAAAAAAgAAAAAAAAADAAAAAAAAAAQAAAAAAAAABQAAAAAAAAAGAAAAAAAAAAcAAAAAAAAACAAAAAAAAAAJAAAAAAAAAAoAAAAAAAAACwAAAAAAAAAMAAAAAAAAAA0AAAAAAAAADgAAAAAAAAAPAAAAAAAAAAAAmDoAAAAAAAAAAAAAAAAAAJg6AAAAAAAAAAAAAAAAAACYOgAAAAAAAAAAAAAAAAAAmDoAAAAAAAAAAAAAAAAAAA8AAAAAAAAAAAAAAAAAAACYOgAAAAAAAAAAAAAAAAAAmDoAAAAAAAAAAAAAAAAAAJg6AAAAAAAAAAAAAAAAAACYOgAAAAAAAAAAAAAAAAAAmDoAAAAAAAAAAAAAAAAAAJg6AAAAAAAAAAAAAAAAAACYOgAAAAAAAAAAAAAAAAAAmDoAAAAAAAAAAAAAAAAAAJg6AAAAAAAAAAAAAAAAAACYOgAAAAAAAAAA
[2022-02-12T07:55:17.470322000Z DEBUG solana_bpf_loader_program] Program 8opHzTAnfzRpPEx21XtnrVTX28YQuCpAjcn1PczScKh consumed 18318 of 200000 compute units
[2022-02-12T07:55:17.470410000Z DEBUG solana_program_runtime::stable_log] Program 8opHzTAnfzRpPEx21XtnrVTX28YQuCpAjcn1PczScKh success
[2022-02-12T07:55:17.481615000Z DEBUG solana_program_runtime::stable_log] Program 8opHzTAnfzRpPEx21XtnrVTX28YQuCpAjcn1PczScKh invoke [1]
[2022-02-12T07:55:17.482008000Z DEBUG solana_program_runtime::stable_log] Program log: Mango: UpdateRootBank
[2022-02-12T07:55:17.483780000Z DEBUG solana_program_runtime::stable_log] Program log: mango-log
[2022-02-12T07:55:17.484386000Z DEBUG solana_program_runtime::stable_log] Program log: 8HmBNKTUaLinbhvP8sZoiDTB3W1sGOUIJSpL/q4ynvukV/yhD7wPrwAAAAAAAAAAAAAAAAAAQEIPAAAAAAAAAAAAAAAAAEBCDwAAAAAAAAA=
[2022-02-12T07:55:17.484509000Z DEBUG solana_bpf_loader_program] Program 8opHzTAnfzRpPEx21XtnrVTX28YQuCpAjcn1PczScKh consumed 8523 of 200000 compute units
[2022-02-12T07:55:17.484563000Z DEBUG solana_program_runtime::stable_log] Program 8opHzTAnfzRpPEx21XtnrVTX28YQuCpAjcn1PczScKh success
[2022-02-12T07:55:17.494795000Z DEBUG solana_program_runtime::stable_log] Program 8opHzTAnfzRpPEx21XtnrVTX28YQuCpAjcn1PczScKh invoke [1]
[2022-02-12T07:55:17.495188000Z DEBUG solana_program_runtime::stable_log] Program log: Mango: UpdateRootBank
[2022-02-12T07:55:17.496963000Z DEBUG solana_program_runtime::stable_log] Program log: mango-log
[2022-02-12T07:55:17.497572000Z DEBUG solana_program_runtime::stable_log] Program log: 8HmBNKTUaLinbhvP8sZoiDTB3W1sGOUIJSpL/q4ynvukV/yhD7wPrwEAAAAAAAAAAAAAAAAAQEIPAAAAAAAAAAAAAAAAAEBCDwAAAAAAAAA=
[2022-02-12T07:55:17.497695000Z DEBUG solana_bpf_loader_program] Program 8opHzTAnfzRpPEx21XtnrVTX28YQuCpAjcn1PczScKh consumed 8563 of 200000 compute units
[2022-02-12T07:55:17.497750000Z DEBUG solana_program_runtime::stable_log] Program 8opHzTAnfzRpPEx21XtnrVTX28YQuCpAjcn1PczScKh success
[2022-02-12T07:55:17.507943000Z DEBUG solana_program_runtime::stable_log] Program 8opHzTAnfzRpPEx21XtnrVTX28YQuCpAjcn1PczScKh invoke [1]
[2022-02-12T07:55:17.508329000Z DEBUG solana_program_runtime::stable_log] Program log: Mango: UpdateRootBank
[2022-02-12T07:55:17.510107000Z DEBUG solana_program_runtime::stable_log] Program log: mango-log
[2022-02-12T07:55:17.510713000Z DEBUG solana_program_runtime::stable_log] Program log: 8HmBNKTUaLinbhvP8sZoiDTB3W1sGOUIJSpL/q4ynvukV/yhD7wPrwIAAAAAAAAAAAAAAAAAQEIPAAAAAAAAAAAAAAAAAEBCDwAAAAAAAAA=
[2022-02-12T07:55:17.510836000Z DEBUG solana_bpf_loader_program] Program 8opHzTAnfzRpPEx21XtnrVTX28YQuCpAjcn1PczScKh consumed 8602 of 200000 compute units
[2022-02-12T07:55:17.510891000Z DEBUG solana_program_runtime::stable_log] Program 8opHzTAnfzRpPEx21XtnrVTX28YQuCpAjcn1PczScKh success
[2022-02-12T07:55:17.521097000Z DEBUG solana_program_runtime::stable_log] Program 8opHzTAnfzRpPEx21XtnrVTX28YQuCpAjcn1PczScKh invoke [1]
[2022-02-12T07:55:17.521483000Z DEBUG solana_program_runtime::stable_log] Program log: Mango: UpdateRootBank
[2022-02-12T07:55:17.523281000Z DEBUG solana_program_runtime::stable_log] Program log: mango-log
[2022-02-12T07:55:17.523885000Z DEBUG solana_program_runtime::stable_log] Program log: 8HmBNKTUaLinbhvP8sZoiDTB3W1sGOUIJSpL/q4ynvukV/yhD7wPrwMAAAAAAAAAAAAAAAAAQEIPAAAAAAAAAAAAAAAAAEBCDwAAAAAAAAA=
[2022-02-12T07:55:17.524008000Z DEBUG solana_bpf_loader_program] Program 8opHzTAnfzRpPEx21XtnrVTX28YQuCpAjcn1PczScKh consumed 8641 of 200000 compute units
[2022-02-12T07:55:17.524061000Z DEBUG solana_program_runtime::stable_log] Program 8opHzTAnfzRpPEx21XtnrVTX28YQuCpAjcn1PczScKh success
[2022-02-12T07:55:17.534239000Z DEBUG solana_program_runtime::stable_log] Program 8opHzTAnfzRpPEx21XtnrVTX28YQuCpAjcn1PczScKh invoke [1]
[2022-02-12T07:55:17.534625000Z DEBUG solana_program_runtime::stable_log] Program log: Mango: UpdateRootBank
[2022-02-12T07:55:17.536435000Z DEBUG solana_program_runtime::stable_log] Program log: mango-log
[2022-02-12T07:55:17.537043000Z DEBUG solana_program_runtime::stable_log] Program log: 8HmBNKTUaLinbhvP8sZoiDTB3W1sGOUIJSpL/q4ynvukV/yhD7wPrwQAAAAAAAAAAAAAAAAAQEIPAAAAAAAAAAAAAAAAAEBCDwAAAAAAAAA=
[2022-02-12T07:55:17.537165000Z DEBUG solana_bpf_loader_program] Program 8opHzTAnfzRpPEx21XtnrVTX28YQuCpAjcn1PczScKh consumed 8680 of 200000 compute units
[2022-02-12T07:55:17.537219000Z DEBUG solana_program_runtime::stable_log] Program 8opHzTAnfzRpPEx21XtnrVTX28YQuCpAjcn1PczScKh success
[2022-02-12T07:55:17.548009000Z DEBUG solana_program_runtime::stable_log] Program 8opHzTAnfzRpPEx21XtnrVTX28YQuCpAjcn1PczScKh invoke [1]
[2022-02-12T07:55:17.548403000Z DEBUG solana_program_runtime::stable_log] Program log: Mango: UpdateRootBank
[2022-02-12T07:55:17.550236000Z DEBUG solana_program_runtime::stable_log] Program log: mango-log
[2022-02-12T07:55:17.550843000Z DEBUG solana_program_runtime::stable_log] Program log: 8HmBNKTUaLinbhvP8sZoiDTB3W1sGOUIJSpL/q4ynvukV/yhD7wPrwUAAAAAAAAAAAAAAAAAQEIPAAAAAAAAAAAAAAAAAEBCDwAAAAAAAAA=
[2022-02-12T07:55:17.550966000Z DEBUG solana_bpf_loader_program] Program 8opHzTAnfzRpPEx21XtnrVTX28YQuCpAjcn1PczScKh consumed 8719 of 200000 compute units
[2022-02-12T07:55:17.551027000Z DEBUG solana_program_runtime::stable_log] Program 8opHzTAnfzRpPEx21XtnrVTX28YQuCpAjcn1PczScKh success
[2022-02-12T07:55:17.561110000Z DEBUG solana_program_runtime::stable_log] Program 8opHzTAnfzRpPEx21XtnrVTX28YQuCpAjcn1PczScKh invoke [1]
[2022-02-12T07:55:17.561496000Z DEBUG solana_program_runtime::stable_log] Program log: Mango: UpdateRootBank
[2022-02-12T07:55:17.563341000Z DEBUG solana_program_runtime::stable_log] Program log: mango-log
[2022-02-12T07:55:17.563946000Z DEBUG solana_program_runtime::stable_log] Program log: 8HmBNKTUaLinbhvP8sZoiDTB3W1sGOUIJSpL/q4ynvukV/yhD7wPrwYAAAAAAAAAAAAAAAAAQEIPAAAAAAAAAAAAAAAAAEBCDwAAAAAAAAA=
[2022-02-12T07:55:17.564069000Z DEBUG solana_bpf_loader_program] Program 8opHzTAnfzRpPEx21XtnrVTX28YQuCpAjcn1PczScKh consumed 8758 of 200000 compute units
[2022-02-12T07:55:17.564122000Z DEBUG solana_program_runtime::stable_log] Program 8opHzTAnfzRpPEx21XtnrVTX28YQuCpAjcn1PczScKh success
[2022-02-12T07:55:17.574252000Z DEBUG solana_program_runtime::stable_log] Program 8opHzTAnfzRpPEx21XtnrVTX28YQuCpAjcn1PczScKh invoke [1]
[2022-02-12T07:55:17.574641000Z DEBUG solana_program_runtime::stable_log] Program log: Mango: UpdateRootBank
[2022-02-12T07:55:17.576499000Z DEBUG solana_program_runtime::stable_log] Program log: mango-log
[2022-02-12T07:55:17.577102000Z DEBUG solana_program_runtime::stable_log] Program log: 8HmBNKTUaLinbhvP8sZoiDTB3W1sGOUIJSpL/q4ynvukV/yhD7wPrwcAAAAAAAAAAAAAAAAAQEIPAAAAAAAAAAAAAAAAAEBCDwAAAAAAAAA=
[2022-02-12T07:55:17.577224000Z DEBUG solana_bpf_loader_program] Program 8opHzTAnfzRpPEx21XtnrVTX28YQuCpAjcn1PczScKh consumed 8797 of 200000 compute units
[2022-02-12T07:55:17.577277000Z DEBUG solana_program_runtime::stable_log] Program 8opHzTAnfzRpPEx21XtnrVTX28YQuCpAjcn1PczScKh success
[2022-02-12T07:55:17.587414000Z DEBUG solana_program_runtime::stable_log] Program 8opHzTAnfzRpPEx21XtnrVTX28YQuCpAjcn1PczScKh invoke [1]
[2022-02-12T07:55:17.587801000Z DEBUG solana_program_runtime::stable_log] Program log: Mango: UpdateRootBank
[2022-02-12T07:55:17.589672000Z DEBUG solana_program_runtime::stable_log] Program log: mango-log
[2022-02-12T07:55:17.590279000Z DEBUG solana_program_runtime::stable_log] Program log: 8HmBNKTUaLinbhvP8sZoiDTB3W1sGOUIJSpL/q4ynvukV/yhD7wPrwgAAAAAAAAAAAAAAAAAQEIPAAAAAAAAAAAAAAAAAEBCDwAAAAAAAAA=
[2022-02-12T07:55:17.590400000Z DEBUG solana_bpf_loader_program] Program 8opHzTAnfzRpPEx21XtnrVTX28YQuCpAjcn1PczScKh consumed 8836 of 200000 compute units
[2022-02-12T07:55:17.590453000Z DEBUG solana_program_runtime::stable_log] Program 8opHzTAnfzRpPEx21XtnrVTX28YQuCpAjcn1PczScKh success
[2022-02-12T07:55:17.601736000Z DEBUG solana_program_runtime::stable_log] Program 8opHzTAnfzRpPEx21XtnrVTX28YQuCpAjcn1PczScKh invoke [1]
[2022-02-12T07:55:17.602126000Z DEBUG solana_program_runtime::stable_log] Program log: Mango: UpdateRootBank
[2022-02-12T07:55:17.604014000Z DEBUG solana_program_runtime::stable_log] Program log: mango-log
[2022-02-12T07:55:17.604616000Z DEBUG solana_program_runtime::stable_log] Program log: 8HmBNKTUaLinbhvP8sZoiDTB3W1sGOUIJSpL/q4ynvukV/yhD7wPrwkAAAAAAAAAAAAAAAAAQEIPAAAAAAAAAAAAAAAAAEBCDwAAAAAAAAA=
[2022-02-12T07:55:17.604737000Z DEBUG solana_bpf_loader_program] Program 8opHzTAnfzRpPEx21XtnrVTX28YQuCpAjcn1PczScKh consumed 8875 of 200000 compute units
[2022-02-12T07:55:17.604791000Z DEBUG solana_program_runtime::stable_log] Program 8opHzTAnfzRpPEx21XtnrVTX28YQuCpAjcn1PczScKh success
[2022-02-12T07:55:17.614904000Z DEBUG solana_program_runtime::stable_log] Program 8opHzTAnfzRpPEx21XtnrVTX28YQuCpAjcn1PczScKh invoke [1]
[2022-02-12T07:55:17.615293000Z DEBUG solana_program_runtime::stable_log] Program log: Mango: UpdateRootBank
[2022-02-12T07:55:17.617189000Z DEBUG solana_program_runtime::stable_log] Program log: mango-log
[2022-02-12T07:55:17.617797000Z DEBUG solana_program_runtime::stable_log] Program log: 8HmBNKTUaLinbhvP8sZoiDTB3W1sGOUIJSpL/q4ynvukV/yhD7wPrwoAAAAAAAAAAAAAAAAAQEIPAAAAAAAAAAAAAAAAAEBCDwAAAAAAAAA=
[2022-02-12T07:55:17.617934000Z DEBUG solana_bpf_loader_program] Program 8opHzTAnfzRpPEx21XtnrVTX28YQuCpAjcn1PczScKh consumed 8914 of 200000 compute units
[2022-02-12T07:55:17.617988000Z DEBUG solana_program_runtime::stable_log] Program 8opHzTAnfzRpPEx21XtnrVTX28YQuCpAjcn1PczScKh success
[2022-02-12T07:55:17.628976000Z DEBUG solana_program_runtime::stable_log] Program 8opHzTAnfzRpPEx21XtnrVTX28YQuCpAjcn1PczScKh invoke [1]
[2022-02-12T07:55:17.629388000Z DEBUG solana_program_runtime::stable_log] Program log: Mango: UpdateRootBank
[2022-02-12T07:55:17.631305000Z DEBUG solana_program_runtime::stable_log] Program log: mango-log
[2022-02-12T07:55:17.631918000Z DEBUG solana_program_runtime::stable_log] Program log: 8HmBNKTUaLinbhvP8sZoiDTB3W1sGOUIJSpL/q4ynvukV/yhD7wPrwsAAAAAAAAAAAAAAAAAQEIPAAAAAAAAAAAAAAAAAEBCDwAAAAAAAAA=
[2022-02-12T07:55:17.632040000Z DEBUG solana_bpf_loader_program] Program 8opHzTAnfzRpPEx21XtnrVTX28YQuCpAjcn1PczScKh consumed 8953 of 200000 compute units
[2022-02-12T07:55:17.632099000Z DEBUG solana_program_runtime::stable_log] Program 8opHzTAnfzRpPEx21XtnrVTX28YQuCpAjcn1PczScKh success
[2022-02-12T07:55:17.642220000Z DEBUG solana_program_runtime::stable_log] Program 8opHzTAnfzRpPEx21XtnrVTX28YQuCpAjcn1PczScKh invoke [1]
[2022-02-12T07:55:17.642609000Z DEBUG solana_program_runtime::stable_log] Program log: Mango: UpdateRootBank
[2022-02-12T07:55:17.644545000Z DEBUG solana_program_runtime::stable_log] Program log: mango-log
[2022-02-12T07:55:17.645153000Z DEBUG solana_program_runtime::stable_log] Program log: 8HmBNKTUaLinbhvP8sZoiDTB3W1sGOUIJSpL/q4ynvukV/yhD7wPrwwAAAAAAAAAAAAAAAAAQEIPAAAAAAAAAAAAAAAAAEBCDwAAAAAAAAA=
[2022-02-12T07:55:17.645275000Z DEBUG solana_bpf_loader_program] Program 8opHzTAnfzRpPEx21XtnrVTX28YQuCpAjcn1PczScKh consumed 8992 of 200000 compute units
[2022-02-12T07:55:17.645329000Z DEBUG solana_program_runtime::stable_log] Program 8opHzTAnfzRpPEx21XtnrVTX28YQuCpAjcn1PczScKh success
[2022-02-12T07:55:17.655411000Z DEBUG solana_program_runtime::stable_log] Program 8opHzTAnfzRpPEx21XtnrVTX28YQuCpAjcn1PczScKh invoke [1]
[2022-02-12T07:55:17.655801000Z DEBUG solana_program_runtime::stable_log] Program log: Mango: UpdateRootBank
[2022-02-12T07:55:17.657733000Z DEBUG solana_program_runtime::stable_log] Program log: mango-log
[2022-02-12T07:55:17.658335000Z DEBUG solana_program_runtime::stable_log] Program log: 8HmBNKTUaLinbhvP8sZoiDTB3W1sGOUIJSpL/q4ynvukV/yhD7wPrw0AAAAAAAAAAAAAAAAAQEIPAAAAAAAAAAAAAAAAAEBCDwAAAAAAAAA=
[2022-02-12T07:55:17.658457000Z DEBUG solana_bpf_loader_program] Program 8opHzTAnfzRpPEx21XtnrVTX28YQuCpAjcn1PczScKh consumed 9031 of 200000 compute units
[2022-02-12T07:55:17.658510000Z DEBUG solana_program_runtime::stable_log] Program 8opHzTAnfzRpPEx21XtnrVTX28YQuCpAjcn1PczScKh success
[2022-02-12T07:55:17.668543000Z DEBUG solana_program_runtime::stable_log] Program 8opHzTAnfzRpPEx21XtnrVTX28YQuCpAjcn1PczScKh invoke [1]
[2022-02-12T07:55:17.668932000Z DEBUG solana_program_runtime::stable_log] Program log: Mango: UpdateRootBank
[2022-02-12T07:55:17.670881000Z DEBUG solana_program_runtime::stable_log] Program log: mango-log
[2022-02-12T07:55:17.671492000Z DEBUG solana_program_runtime::stable_log] Program log: 8HmBNKTUaLinbhvP8sZoiDTB3W1sGOUIJSpL/q4ynvukV/yhD7wPrw4AAAAAAAAAAAAAAAAAQEIPAAAAAAAAAAAAAAAAAEBCDwAAAAAAAAA=
[2022-02-12T07:55:17.671615000Z DEBUG solana_bpf_loader_program] Program 8opHzTAnfzRpPEx21XtnrVTX28YQuCpAjcn1PczScKh consumed 9070 of 200000 compute units
[2022-02-12T07:55:17.671669000Z DEBUG solana_program_runtime::stable_log] Program 8opHzTAnfzRpPEx21XtnrVTX28YQuCpAjcn1PczScKh success
[2022-02-12T07:55:17.681791000Z DEBUG solana_program_runtime::stable_log] Program 8opHzTAnfzRpPEx21XtnrVTX28YQuCpAjcn1PczScKh invoke [1]
[2022-02-12T07:55:17.682182000Z DEBUG solana_program_runtime::stable_log] Program log: Mango: UpdateRootBank
[2022-02-12T07:55:17.684144000Z DEBUG solana_program_runtime::stable_log] Program log: mango-log
[2022-02-12T07:55:17.684751000Z DEBUG solana_program_runtime::stable_log] Program log: 8HmBNKTUaLinbhvP8sZoiDTB3W1sGOUIJSpL/q4ynvukV/yhD7wPrw8AAAAAAAAAAAAAAAAAQEIPAAAAAAAAAAAAAAAAAEBCDwAAAAAAAAA=
[2022-02-12T07:55:17.684876000Z DEBUG solana_bpf_loader_program] Program 8opHzTAnfzRpPEx21XtnrVTX28YQuCpAjcn1PczScKh consumed 9109 of 200000 compute units
[2022-02-12T07:55:17.684929000Z DEBUG solana_program_runtime::stable_log] Program 8opHzTAnfzRpPEx21XtnrVTX28YQuCpAjcn1PczScKh success
[2022-02-12T07:55:17.695093000Z DEBUG solana_program_runtime::stable_log] Program 8opHzTAnfzRpPEx21XtnrVTX28YQuCpAjcn1PczScKh invoke [1]
[2022-02-12T07:55:17.695532000Z DEBUG solana_program_runtime::stable_log] Program log: Mango: UpdateFunding
[2022-02-12T07:55:17.696634000Z DEBUG solana_program_runtime::stable_log] Program log: mango-log
[2022-02-12T07:55:17.697240000Z DEBUG solana_program_runtime::stable_log] Program log: ta5iwCEXTXunbhvP8sZoiDTB3W1sGOUIJSpL/q4ynvukV/yhD7wPrwAAAAAAAAAAAAAAAAAAAAAAAAAAAAAAAAAAAAAAAAAAAAAAAAAAAAA=
[2022-02-12T07:55:17.697384000Z DEBUG solana_bpf_loader_program] Program 8opHzTAnfzRpPEx21XtnrVTX28YQuCpAjcn1PczScKh consumed 6381 of 200000 compute units
[2022-02-12T07:55:17.697451000Z DEBUG solana_program_runtime::stable_log] Program 8opHzTAnfzRpPEx21XtnrVTX28YQuCpAjcn1PczScKh success
[2022-02-12T07:55:17.708140000Z DEBUG solana_program_runtime::stable_log] Program 8opHzTAnfzRpPEx21XtnrVTX28YQuCpAjcn1PczScKh invoke [1]
[2022-02-12T07:55:17.708589000Z DEBUG solana_program_runtime::stable_log] Program log: Mango: UpdateFunding
[2022-02-12T07:55:17.709703000Z DEBUG solana_program_runtime::stable_log] Program log: mango-log
[2022-02-12T07:55:17.710316000Z DEBUG solana_program_runtime::stable_log] Program log: ta5iwCEXTXunbhvP8sZoiDTB3W1sGOUIJSpL/q4ynvukV/yhD7wPrwEAAAAAAAAAAAAAAAAAAAAAAAAAAAAAAAAAAAAAAAAAAAAAAAAAAAA=
[2022-02-12T07:55:17.710460000Z DEBUG solana_bpf_loader_program] Program 8opHzTAnfzRpPEx21XtnrVTX28YQuCpAjcn1PczScKh consumed 6421 of 200000 compute units
[2022-02-12T07:55:17.710527000Z DEBUG solana_program_runtime::stable_log] Program 8opHzTAnfzRpPEx21XtnrVTX28YQuCpAjcn1PczScKh success
[2022-02-12T07:55:17.721406000Z DEBUG solana_program_runtime::stable_log] Program 8opHzTAnfzRpPEx21XtnrVTX28YQuCpAjcn1PczScKh invoke [1]
[2022-02-12T07:55:17.721847000Z DEBUG solana_program_runtime::stable_log] Program log: Mango: UpdateFunding
[2022-02-12T07:55:17.722973000Z DEBUG solana_program_runtime::stable_log] Program log: mango-log
[2022-02-12T07:55:17.723581000Z DEBUG solana_program_runtime::stable_log] Program log: ta5iwCEXTXunbhvP8sZoiDTB3W1sGOUIJSpL/q4ynvukV/yhD7wPrwIAAAAAAAAAAAAAAAAAAAAAAAAAAAAAAAAAAAAAAAAAAAAAAAAAAAA=
[2022-02-12T07:55:17.723730000Z DEBUG solana_bpf_loader_program] Program 8opHzTAnfzRpPEx21XtnrVTX28YQuCpAjcn1PczScKh consumed 6460 of 200000 compute units
[2022-02-12T07:55:17.723797000Z DEBUG solana_program_runtime::stable_log] Program 8opHzTAnfzRpPEx21XtnrVTX28YQuCpAjcn1PczScKh success
[2022-02-12T07:55:17.734355000Z DEBUG solana_program_runtime::stable_log] Program 8opHzTAnfzRpPEx21XtnrVTX28YQuCpAjcn1PczScKh invoke [1]
[2022-02-12T07:55:17.734796000Z DEBUG solana_program_runtime::stable_log] Program log: Mango: UpdateFunding
[2022-02-12T07:55:17.735927000Z DEBUG solana_program_runtime::stable_log] Program log: mango-log
[2022-02-12T07:55:17.736539000Z DEBUG solana_program_runtime::stable_log] Program log: ta5iwCEXTXunbhvP8sZoiDTB3W1sGOUIJSpL/q4ynvukV/yhD7wPrwMAAAAAAAAAAAAAAAAAAAAAAAAAAAAAAAAAAAAAAAAAAAAAAAAAAAA=
[2022-02-12T07:55:17.736686000Z DEBUG solana_bpf_loader_program] Program 8opHzTAnfzRpPEx21XtnrVTX28YQuCpAjcn1PczScKh consumed 6499 of 200000 compute units
[2022-02-12T07:55:17.736751000Z DEBUG solana_program_runtime::stable_log] Program 8opHzTAnfzRpPEx21XtnrVTX28YQuCpAjcn1PczScKh success
[2022-02-12T07:55:17.747325000Z DEBUG solana_program_runtime::stable_log] Program 8opHzTAnfzRpPEx21XtnrVTX28YQuCpAjcn1PczScKh invoke [1]
[2022-02-12T07:55:17.747779000Z DEBUG solana_program_runtime::stable_log] Program log: Mango: UpdateFunding
[2022-02-12T07:55:17.748940000Z DEBUG solana_program_runtime::stable_log] Program log: mango-log
[2022-02-12T07:55:17.749547000Z DEBUG solana_program_runtime::stable_log] Program log: ta5iwCEXTXunbhvP8sZoiDTB3W1sGOUIJSpL/q4ynvukV/yhD7wPrwQAAAAAAAAAAAAAAAAAAAAAAAAAAAAAAAAAAAAAAAAAAAAAAAAAAAA=
[2022-02-12T07:55:17.749697000Z DEBUG solana_bpf_loader_program] Program 8opHzTAnfzRpPEx21XtnrVTX28YQuCpAjcn1PczScKh consumed 6538 of 200000 compute units
[2022-02-12T07:55:17.749764000Z DEBUG solana_program_runtime::stable_log] Program 8opHzTAnfzRpPEx21XtnrVTX28YQuCpAjcn1PczScKh success
[2022-02-12T07:55:17.760287000Z DEBUG solana_program_runtime::stable_log] Program 8opHzTAnfzRpPEx21XtnrVTX28YQuCpAjcn1PczScKh invoke [1]
[2022-02-12T07:55:17.760733000Z DEBUG solana_program_runtime::stable_log] Program log: Mango: UpdateFunding
[2022-02-12T07:55:17.761895000Z DEBUG solana_program_runtime::stable_log] Program log: mango-log
[2022-02-12T07:55:17.762498000Z DEBUG solana_program_runtime::stable_log] Program log: ta5iwCEXTXunbhvP8sZoiDTB3W1sGOUIJSpL/q4ynvukV/yhD7wPrwUAAAAAAAAAAAAAAAAAAAAAAAAAAAAAAAAAAAAAAAAAAAAAAAAAAAA=
[2022-02-12T07:55:17.762646000Z DEBUG solana_bpf_loader_program] Program 8opHzTAnfzRpPEx21XtnrVTX28YQuCpAjcn1PczScKh consumed 6577 of 200000 compute units
[2022-02-12T07:55:17.762711000Z DEBUG solana_program_runtime::stable_log] Program 8opHzTAnfzRpPEx21XtnrVTX28YQuCpAjcn1PczScKh success
[2022-02-12T07:55:17.774371000Z DEBUG solana_program_runtime::stable_log] Program 8opHzTAnfzRpPEx21XtnrVTX28YQuCpAjcn1PczScKh invoke [1]
[2022-02-12T07:55:17.774818000Z DEBUG solana_program_runtime::stable_log] Program log: Mango: UpdateFunding
[2022-02-12T07:55:17.775995000Z DEBUG solana_program_runtime::stable_log] Program log: mango-log
[2022-02-12T07:55:17.776602000Z DEBUG solana_program_runtime::stable_log] Program log: ta5iwCEXTXunbhvP8sZoiDTB3W1sGOUIJSpL/q4ynvukV/yhD7wPrwYAAAAAAAAAAAAAAAAAAAAAAAAAAAAAAAAAAAAAAAAAAAAAAAAAAAA=
[2022-02-12T07:55:17.776750000Z DEBUG solana_bpf_loader_program] Program 8opHzTAnfzRpPEx21XtnrVTX28YQuCpAjcn1PczScKh consumed 6616 of 200000 compute units
[2022-02-12T07:55:17.776815000Z DEBUG solana_program_runtime::stable_log] Program 8opHzTAnfzRpPEx21XtnrVTX28YQuCpAjcn1PczScKh success
[2022-02-12T07:55:17.787318000Z DEBUG solana_program_runtime::stable_log] Program 8opHzTAnfzRpPEx21XtnrVTX28YQuCpAjcn1PczScKh invoke [1]
[2022-02-12T07:55:17.787761000Z DEBUG solana_program_runtime::stable_log] Program log: Mango: UpdateFunding
[2022-02-12T07:55:17.788959000Z DEBUG solana_program_runtime::stable_log] Program log: mango-log
[2022-02-12T07:55:17.789568000Z DEBUG solana_program_runtime::stable_log] Program log: ta5iwCEXTXunbhvP8sZoiDTB3W1sGOUIJSpL/q4ynvukV/yhD7wPrwcAAAAAAAAAAAAAAAAAAAAAAAAAAAAAAAAAAAAAAAAAAAAAAAAAAAA=
[2022-02-12T07:55:17.789715000Z DEBUG solana_bpf_loader_program] Program 8opHzTAnfzRpPEx21XtnrVTX28YQuCpAjcn1PczScKh consumed 6655 of 200000 compute units
[2022-02-12T07:55:17.789781000Z DEBUG solana_program_runtime::stable_log] Program 8opHzTAnfzRpPEx21XtnrVTX28YQuCpAjcn1PczScKh success
[2022-02-12T07:55:17.800589000Z DEBUG solana_program_runtime::stable_log] Program 8opHzTAnfzRpPEx21XtnrVTX28YQuCpAjcn1PczScKh invoke [1]
[2022-02-12T07:55:17.801030000Z DEBUG solana_program_runtime::stable_log] Program log: Mango: UpdateFunding
[2022-02-12T07:55:17.802238000Z DEBUG solana_program_runtime::stable_log] Program log: mango-log
[2022-02-12T07:55:17.802846000Z DEBUG solana_program_runtime::stable_log] Program log: ta5iwCEXTXunbhvP8sZoiDTB3W1sGOUIJSpL/q4ynvukV/yhD7wPrwgAAAAAAAAAAAAAAAAAAAAAAAAAAAAAAAAAAAAAAAAAAAAAAAAAAAA=
[2022-02-12T07:55:17.802992000Z DEBUG solana_bpf_loader_program] Program 8opHzTAnfzRpPEx21XtnrVTX28YQuCpAjcn1PczScKh consumed 6694 of 200000 compute units
[2022-02-12T07:55:17.803057000Z DEBUG solana_program_runtime::stable_log] Program 8opHzTAnfzRpPEx21XtnrVTX28YQuCpAjcn1PczScKh success
[2022-02-12T07:55:17.813581000Z DEBUG solana_program_runtime::stable_log] Program 8opHzTAnfzRpPEx21XtnrVTX28YQuCpAjcn1PczScKh invoke [1]
[2022-02-12T07:55:17.814043000Z DEBUG solana_program_runtime::stable_log] Program log: Mango: UpdateFunding
[2022-02-12T07:55:17.815260000Z DEBUG solana_program_runtime::stable_log] Program log: mango-log
[2022-02-12T07:55:17.815869000Z DEBUG solana_program_runtime::stable_log] Program log: ta5iwCEXTXunbhvP8sZoiDTB3W1sGOUIJSpL/q4ynvukV/yhD7wPrwkAAAAAAAAAAAAAAAAAAAAAAAAAAAAAAAAAAAAAAAAAAAAAAAAAAAA=
[2022-02-12T07:55:17.816022000Z DEBUG solana_bpf_loader_program] Program 8opHzTAnfzRpPEx21XtnrVTX28YQuCpAjcn1PczScKh consumed 6733 of 200000 compute units
[2022-02-12T07:55:17.816091000Z DEBUG solana_program_runtime::stable_log] Program 8opHzTAnfzRpPEx21XtnrVTX28YQuCpAjcn1PczScKh success
[2022-02-12T07:55:17.826592000Z DEBUG solana_program_runtime::stable_log] Program 8opHzTAnfzRpPEx21XtnrVTX28YQuCpAjcn1PczScKh invoke [1]
[2022-02-12T07:55:17.827043000Z DEBUG solana_program_runtime::stable_log] Program log: Mango: UpdateFunding
[2022-02-12T07:55:17.828289000Z DEBUG solana_program_runtime::stable_log] Program log: mango-log
[2022-02-12T07:55:17.828897000Z DEBUG solana_program_runtime::stable_log] Program log: ta5iwCEXTXunbhvP8sZoiDTB3W1sGOUIJSpL/q4ynvukV/yhD7wPrwoAAAAAAAAAAAAAAAAAAAAAAAAAAAAAAAAAAAAAAAAAAAAAAAAAAAA=
[2022-02-12T07:55:17.829042000Z DEBUG solana_bpf_loader_program] Program 8opHzTAnfzRpPEx21XtnrVTX28YQuCpAjcn1PczScKh consumed 6772 of 200000 compute units
[2022-02-12T07:55:17.829109000Z DEBUG solana_program_runtime::stable_log] Program 8opHzTAnfzRpPEx21XtnrVTX28YQuCpAjcn1PczScKh success
[2022-02-12T07:55:17.839615000Z DEBUG solana_program_runtime::stable_log] Program 8opHzTAnfzRpPEx21XtnrVTX28YQuCpAjcn1PczScKh invoke [1]
[2022-02-12T07:55:17.840070000Z DEBUG solana_program_runtime::stable_log] Program log: Mango: UpdateFunding
[2022-02-12T07:55:17.841313000Z DEBUG solana_program_runtime::stable_log] Program log: mango-log
[2022-02-12T07:55:17.841927000Z DEBUG solana_program_runtime::stable_log] Program log: ta5iwCEXTXunbhvP8sZoiDTB3W1sGOUIJSpL/q4ynvukV/yhD7wPrwsAAAAAAAAAAAAAAAAAAAAAAAAAAAAAAAAAAAAAAAAAAAAAAAAAAAA=
[2022-02-12T07:55:17.842074000Z DEBUG solana_bpf_loader_program] Program 8opHzTAnfzRpPEx21XtnrVTX28YQuCpAjcn1PczScKh consumed 6811 of 200000 compute units
[2022-02-12T07:55:17.842145000Z DEBUG solana_program_runtime::stable_log] Program 8opHzTAnfzRpPEx21XtnrVTX28YQuCpAjcn1PczScKh success
[2022-02-12T07:55:17.853831000Z DEBUG solana_program_runtime::stable_log] Program 8opHzTAnfzRpPEx21XtnrVTX28YQuCpAjcn1PczScKh invoke [1]
[2022-02-12T07:55:17.854282000Z DEBUG solana_program_runtime::stable_log] Program log: Mango: UpdateFunding
[2022-02-12T07:55:17.855540000Z DEBUG solana_program_runtime::stable_log] Program log: mango-log
[2022-02-12T07:55:17.856152000Z DEBUG solana_program_runtime::stable_log] Program log: ta5iwCEXTXunbhvP8sZoiDTB3W1sGOUIJSpL/q4ynvukV/yhD7wPrwwAAAAAAAAAAAAAAAAAAAAAAAAAAAAAAAAAAAAAAAAAAAAAAAAAAAA=
[2022-02-12T07:55:17.856298000Z DEBUG solana_bpf_loader_program] Program 8opHzTAnfzRpPEx21XtnrVTX28YQuCpAjcn1PczScKh consumed 6850 of 200000 compute units
[2022-02-12T07:55:17.856364000Z DEBUG solana_program_runtime::stable_log] Program 8opHzTAnfzRpPEx21XtnrVTX28YQuCpAjcn1PczScKh success
[2022-02-12T07:55:17.866810000Z DEBUG solana_program_runtime::stable_log] Program 8opHzTAnfzRpPEx21XtnrVTX28YQuCpAjcn1PczScKh invoke [1]
[2022-02-12T07:55:17.867254000Z DEBUG solana_program_runtime::stable_log] Program log: Mango: UpdateFunding
[2022-02-12T07:55:17.868517000Z DEBUG solana_program_runtime::stable_log] Program log: mango-log
[2022-02-12T07:55:17.869133000Z DEBUG solana_program_runtime::stable_log] Program log: ta5iwCEXTXunbhvP8sZoiDTB3W1sGOUIJSpL/q4ynvukV/yhD7wPrw0AAAAAAAAAAAAAAAAAAAAAAAAAAAAAAAAAAAAAAAAAAAAAAAAAAAA=
[2022-02-12T07:55:17.869283000Z DEBUG solana_bpf_loader_program] Program 8opHzTAnfzRpPEx21XtnrVTX28YQuCpAjcn1PczScKh consumed 6889 of 200000 compute units
[2022-02-12T07:55:17.869351000Z DEBUG solana_program_runtime::stable_log] Program 8opHzTAnfzRpPEx21XtnrVTX28YQuCpAjcn1PczScKh success
[2022-02-12T07:55:17.880219000Z DEBUG solana_program_runtime::stable_log] Program 8opHzTAnfzRpPEx21XtnrVTX28YQuCpAjcn1PczScKh invoke [1]
[2022-02-12T07:55:17.880660000Z DEBUG solana_program_runtime::stable_log] Program log: Mango: UpdateFunding
[2022-02-12T07:55:17.881941000Z DEBUG solana_program_runtime::stable_log] Program log: mango-log
[2022-02-12T07:55:17.882553000Z DEBUG solana_program_runtime::stable_log] Program log: ta5iwCEXTXunbhvP8sZoiDTB3W1sGOUIJSpL/q4ynvukV/yhD7wPrw4AAAAAAAAAAAAAAAAAAAAAAAAAAAAAAAAAAAAAAAAAAAAAAAAAAAA=
[2022-02-12T07:55:17.882696000Z DEBUG solana_bpf_loader_program] Program 8opHzTAnfzRpPEx21XtnrVTX28YQuCpAjcn1PczScKh consumed 6928 of 200000 compute units
[2022-02-12T07:55:17.882761000Z DEBUG solana_program_runtime::stable_log] Program 8opHzTAnfzRpPEx21XtnrVTX28YQuCpAjcn1PczScKh success
[2022-02-12T07:55:17.896849000Z DEBUG solana_program_runtime::stable_log] Program 8opHzTAnfzRpPEx21XtnrVTX28YQuCpAjcn1PczScKh invoke [1]
[2022-02-12T07:55:17.898001000Z DEBUG solana_program_runtime::stable_log] Program log: Mango: CacheRootBanks
[2022-02-12T07:55:17.901756000Z DEBUG solana_program_runtime::stable_log] Program log: mango-log
[2022-02-12T07:55:17.904645000Z DEBUG solana_program_runtime::stable_log] Program log: IVXYca/GfeinbhvP8sZoiDTB3W1sGOUIJSpL/q4ynvukV/yhD7wPrxAAAAAAAAAAAAAAAAEAAAAAAAAAAgAAAAAAAAADAAAAAAAAAAQAAAAAAAAABQAAAAAAAAAGAAAAAAAAAAcAAAAAAAAACAAAAAAAAAAJAAAAAAAAAAoAAAAAAAAACwAAAAAAAAAMAAAAAAAAAA0AAAAAAAAADgAAAAAAAAAPAAAAAAAAABAAAAAAAAAAAABAQg8AAAAAAAAAAAAAAAAAQEIPAAAAAAAAAAAAAAAAAEBCDwAAAAAAAAAAAAAAAABAQg8AAAAAAAAAAAAAAAAAQEIPAAAAAAAAAAAAAAAAAEBCDwAAAAAAAAAAAAAAAABAQg8AAAAAAAAAAAAAAAAAQEIPAAAAAAAAAAAAAAAAAEBCDwAAAAAAAAAAAAAAAABAQg8AAAAAAAAAAAAAAAAAQEIPAAAAAAAAAAAAAAAAAEBCDwAAAAAAAAAAAAAAAABAQg8AAAAAAAAAAAAAAAAAQEIPAAAAAAAAAAAAAAAAAEBCDwAAAAAAAAAAAAAAAABAQg8AAAAAAAAAEAAAAAAAAAAAAEBCDwAAAAAAAAAAAAAAAABAQg8AAAAAAAAAAAAAAAAAQEIPAAAAAAAAAAAAAAAAAEBCDwAAAAAAAAAAAAAAAABAQg8AAAAAAAAAAAAAAAAAQEIPAAAAAAAAAAAAAAAAAEBCDwAAAAAAAAAAAAAAAABAQg8AAAAAAAAAAAAAAAAAQEIPAAAAAAAAAAAAAAAAAEBCDwAAAAAAAAAAAAAAAABAQg8AAAAAAAAAAAAAAAAAQEIPAAAAAAAAAAAAAAAAAEBCDwAAAAAAAAAAAAAAAABAQg8AAAAAAAAAAAAAAAAAQEIPAAAAAAAAAAAAAAAAAEBCDwAAAAAAAAA=
[2022-02-12T07:55:17.905058000Z DEBUG solana_bpf_loader_program] Program 8opHzTAnfzRpPEx21XtnrVTX28YQuCpAjcn1PczScKh consumed 24418 of 200000 compute units
[2022-02-12T07:55:17.905130000Z DEBUG solana_program_runtime::stable_log] Program 8opHzTAnfzRpPEx21XtnrVTX28YQuCpAjcn1PczScKh success
[2022-02-12T07:55:17.919170000Z DEBUG solana_program_runtime::stable_log] Program 8opHzTAnfzRpPEx21XtnrVTX28YQuCpAjcn1PczScKh invoke [1]
[2022-02-12T07:55:17.920275000Z DEBUG solana_program_runtime::stable_log] Program log: Mango: CachePerpMarkets
[2022-02-12T07:55:17.923969000Z DEBUG solana_program_runtime::stable_log] Program log: mango-log
[2022-02-12T07:55:17.926672000Z DEBUG solana_program_runtime::stable_log] Program log: 9lt9JxCzqw6nbhvP8sZoiDTB3W1sGOUIJSpL/q4ynvukV/yhD7wPrw8AAAAAAAAAAAAAAAEAAAAAAAAAAgAAAAAAAAADAAAAAAAAAAQAAAAAAAAABQAAAAAAAAAGAAAAAAAAAAcAAAAAAAAACAAAAAAAAAAJAAAAAAAAAAoAAAAAAAAACwAAAAAAAAAMAAAAAAAAAA0AAAAAAAAADgAAAAAAAAAPAAAAAAAAAAAAAAAAAAAAAAAAAAAAAAAAAAAAAAAAAAAAAAAAAAAAAAAAAAAAAAAAAAAAAAAAAAAAAAAAAAAAAAAAAAAAAAAAAAAAAAAAAAAAAAAAAAAAAAAAAAAAAAAAAAAAAAAAAAAAAAAAAAAAAAAAAAAAAAAAAAAAAAAAAAAAAAAAAAAAAAAAAAAAAAAAAAAAAAAAAAAAAAAAAAAAAAAAAAAAAAAAAAAAAAAAAAAAAAAAAAAAAAAAAAAAAAAAAAAAAAAAAAAAAAAAAAAAAAAAAAAAAAAAAAAAAAAAAAAAAAAAAAAAAAAAAAAAAAAAAAAADwAAAAAAAAAAAAAAAAAAAAAAAAAAAAAAAAAAAAAAAAAAAAAAAAAAAAAAAAAAAAAAAAAAAAAAAAAAAAAAAAAAAAAAAAAAAAAAAAAAAAAAAAAAAAAAAAAAAAAAAAAAAAAAAAAAAAAAAAAAAAAAAAAAAAAAAAAAAAAAAAAAAAAAAAAAAAAAAAAAAAAAAAAAAAAAAAAAAAAAAAAAAAAAAAAAAAAAAAAAAAAAAAAAAAAAAAAAAAAAAAAAAAAAAAAAAAAAAAAAAAAAAAAAAAAAAAAAAAAAAAAAAAAAAAAAAAAAAAAAAAAAAAAAAAAAAAAAAAAAAAAAAA==
[2022-02-12T07:55:17.927062000Z DEBUG solana_bpf_loader_program] Program 8opHzTAnfzRpPEx21XtnrVTX28YQuCpAjcn1PczScKh consumed 23463 of 200000 compute units
[2022-02-12T07:55:17.927131000Z DEBUG solana_program_runtime::stable_log] Program 8opHzTAnfzRpPEx21XtnrVTX28YQuCpAjcn1PczScKh success
[2022-02-12T07:55:17.940111000Z DEBUG solana_program_runtime::stable_log] Program 8opHzTAnfzRpPEx21XtnrVTX28YQuCpAjcn1PczScKh invoke [1]
[2022-02-12T07:55:17.940781000Z DEBUG solana_program_runtime::stable_log] Program log: Mango: Deposit
[2022-02-12T07:55:17.949191000Z DEBUG solana_program_runtime::stable_log] Program TokenkegQfeZyiNwAJbNbGKPFXCWuBvf9Ss623VQ5DA invoke [2]
[2022-02-12T07:55:17.949630000Z DEBUG solana_program_runtime::stable_log] Program log: Instruction: Transfer
[2022-02-12T07:55:17.950535000Z DEBUG solana_bpf_loader_program] Program TokenkegQfeZyiNwAJbNbGKPFXCWuBvf9Ss623VQ5DA consumed 3121 of 194804 compute units
[2022-02-12T07:55:17.950591000Z DEBUG solana_program_runtime::stable_log] Program TokenkegQfeZyiNwAJbNbGKPFXCWuBvf9Ss623VQ5DA success
[2022-02-12T07:55:17.951866000Z DEBUG solana_program_runtime::stable_log] Program log: mango-log
[2022-02-12T07:55:17.952619000Z DEBUG solana_program_runtime::stable_log] Program log: F5qwwQsqqPSnbhvP8sZoiDTB3W1sGOUIJSpL/q4ynvukV/yhD7wPr0hYU3OOv6sonDcFTcUostSR5ep+9mm70vOEmbHjwYT9AAAAAAAAAAAAAAAAAAACAAAAAAAAAAAAAAAAAAAAAAAAAAAAAAAAAA==
[2022-02-12T07:55:17.952650000Z DEBUG solana_program_runtime::stable_log] Program log: mango-log
[2022-02-12T07:55:17.953460000Z DEBUG solana_program_runtime::stable_log] Program log: jbqo/GyNSF6nbhvP8sZoiDTB3W1sGOUIJSpL/q4ynvukV/yhD7wPr0hYU3OOv6sonDcFTcUostSR5ep+9mm70vOEmbHjwYT9K55PxQUHVfH+7Fd3zNYbndoM4QvgiT4ntRvPTPAPIBwAAAAAAAAAAICEHgAAAAAA
[2022-02-12T07:55:17.953682000Z DEBUG solana_bpf_loader_program] Program 8opHzTAnfzRpPEx21XtnrVTX28YQuCpAjcn1PczScKh consumed 17679 of 200000 compute units
[2022-02-12T07:55:17.953749000Z DEBUG solana_program_runtime::stable_log] Program 8opHzTAnfzRpPEx21XtnrVTX28YQuCpAjcn1PczScKh success
[2022-02-12T07:55:17.966973000Z DEBUG solana_program_runtime::stable_log] Program 8opHzTAnfzRpPEx21XtnrVTX28YQuCpAjcn1PczScKh invoke [1]
[2022-02-12T07:55:17.967638000Z DEBUG solana_program_runtime::stable_log] Program log: Mango: Deposit
[2022-02-12T07:55:17.976181000Z DEBUG solana_program_runtime::stable_log] Program TokenkegQfeZyiNwAJbNbGKPFXCWuBvf9Ss623VQ5DA invoke [2]
[2022-02-12T07:55:17.976611000Z DEBUG solana_program_runtime::stable_log] Program log: Instruction: Transfer
[2022-02-12T07:55:17.977508000Z DEBUG solana_bpf_loader_program] Program TokenkegQfeZyiNwAJbNbGKPFXCWuBvf9Ss623VQ5DA consumed 3121 of 194218 compute units
[2022-02-12T07:55:17.977562000Z DEBUG solana_program_runtime::stable_log] Program TokenkegQfeZyiNwAJbNbGKPFXCWuBvf9Ss623VQ5DA success
[2022-02-12T07:55:17.979026000Z DEBUG solana_program_runtime::stable_log] Program log: mango-log
[2022-02-12T07:55:17.979768000Z DEBUG solana_program_runtime::stable_log] Program log: F5qwwQsqqPSnbhvP8sZoiDTB3W1sGOUIJSpL/q4ynvukV/yhD7wPr0hYU3OOv6sonDcFTcUostSR5ep+9mm70vOEmbHjwYT9DwAAAAAAAAAAAAAAAAAQJwAAAAAAAAAAAAAAAAAAAAAAAAAAAAAAAA==
[2022-02-12T07:55:17.979798000Z DEBUG solana_program_runtime::stable_log] Program log: mango-log
[2022-02-12T07:55:17.980613000Z DEBUG solana_program_runtime::stable_log] Program log: jbqo/GyNSF6nbhvP8sZoiDTB3W1sGOUIJSpL/q4ynvukV/yhD7wPr0hYU3OOv6sonDcFTcUostSR5ep+9mm70vOEmbHjwYT9K55PxQUHVfH+7Fd3zNYbndoM4QvgiT4ntRvPTPAPIBwPAAAAAAAAAADkC1QCAAAA
[2022-02-12T07:55:17.980834000Z DEBUG solana_bpf_loader_program] Program 8opHzTAnfzRpPEx21XtnrVTX28YQuCpAjcn1PczScKh consumed 18920 of 200000 compute units
[2022-02-12T07:55:17.980902000Z DEBUG solana_program_runtime::stable_log] Program 8opHzTAnfzRpPEx21XtnrVTX28YQuCpAjcn1PczScKh success
[2022-02-12T07:55:17.994127000Z DEBUG solana_program_runtime::stable_log] Program 8opHzTAnfzRpPEx21XtnrVTX28YQuCpAjcn1PczScKh invoke [1]
[2022-02-12T07:55:17.994791000Z DEBUG solana_program_runtime::stable_log] Program log: Mango: Deposit
[2022-02-12T07:55:18.003343000Z DEBUG solana_program_runtime::stable_log] Program TokenkegQfeZyiNwAJbNbGKPFXCWuBvf9Ss623VQ5DA invoke [2]
[2022-02-12T07:55:18.003775000Z DEBUG solana_program_runtime::stable_log] Program log: Instruction: Transfer
[2022-02-12T07:55:18.004678000Z DEBUG solana_bpf_loader_program] Program TokenkegQfeZyiNwAJbNbGKPFXCWuBvf9Ss623VQ5DA consumed 3121 of 194218 compute units
[2022-02-12T07:55:18.004732000Z DEBUG solana_program_runtime::stable_log] Program TokenkegQfeZyiNwAJbNbGKPFXCWuBvf9Ss623VQ5DA success
[2022-02-12T07:55:18.006190000Z DEBUG solana_program_runtime::stable_log] Program log: mango-log
[2022-02-12T07:55:18.006934000Z DEBUG solana_program_runtime::stable_log] Program log: F5qwwQsqqPSnbhvP8sZoiDTB3W1sGOUIJSpL/q4ynvukV/yhD7wPr/VwMIZuvFHQB+4BiQY+Ioei6qoPR+RzhDMRu6+mNGXfDwAAAAAAAAAAAAAAAAAQJwAAAAAAAAAAAAAAAAAAAAAAAAAAAAAAAA==
[2022-02-12T07:55:18.006964000Z DEBUG solana_program_runtime::stable_log] Program log: mango-log
[2022-02-12T07:55:18.007773000Z DEBUG solana_program_runtime::stable_log] Program log: jbqo/GyNSF6nbhvP8sZoiDTB3W1sGOUIJSpL/q4ynvukV/yhD7wPr/VwMIZuvFHQB+4BiQY+Ioei6qoPR+RzhDMRu6+mNGXfRG9nl9VETQwDABxLgYKPJMnwD36FEz/D2KUuS3AT94QPAAAAAAAAAADkC1QCAAAA
[2022-02-12T07:55:18.007996000Z DEBUG solana_bpf_loader_program] Program 8opHzTAnfzRpPEx21XtnrVTX28YQuCpAjcn1PczScKh consumed 18920 of 200000 compute units
[2022-02-12T07:55:18.008064000Z DEBUG solana_program_runtime::stable_log] Program 8opHzTAnfzRpPEx21XtnrVTX28YQuCpAjcn1PczScKh success
[2022-02-12T07:55:18.022843000Z DEBUG solana_program_runtime::stable_log] Program 8opHzTAnfzRpPEx21XtnrVTX28YQuCpAjcn1PczScKh invoke [1]
[2022-02-12T07:55:18.023524000Z DEBUG solana_program_runtime::stable_log] Program log: Mango: Deposit
[2022-02-12T07:55:18.031952000Z DEBUG solana_program_runtime::stable_log] Program TokenkegQfeZyiNwAJbNbGKPFXCWuBvf9Ss623VQ5DA invoke [2]
[2022-02-12T07:55:18.032382000Z DEBUG solana_program_runtime::stable_log] Program log: Instruction: Transfer
[2022-02-12T07:55:18.033286000Z DEBUG solana_bpf_loader_program] Program TokenkegQfeZyiNwAJbNbGKPFXCWuBvf9Ss623VQ5DA consumed 3121 of 194804 compute units
[2022-02-12T07:55:18.033352000Z DEBUG solana_program_runtime::stable_log] Program TokenkegQfeZyiNwAJbNbGKPFXCWuBvf9Ss623VQ5DA success
[2022-02-12T07:55:18.034619000Z DEBUG solana_program_runtime::stable_log] Program log: mango-log
[2022-02-12T07:55:18.035364000Z DEBUG solana_program_runtime::stable_log] Program log: F5qwwQsqqPSnbhvP8sZoiDTB3W1sGOUIJSpL/q4ynvukV/yhD7wPr14EXwKUknDvC82XypHRmqcTJRpr95d8qBri17S2HigkAAAAAAAAAAAAAAAAAAABAAAAAAAAAAAAAAAAAAAAAAAAAAAAAAAAAA==
[2022-02-12T07:55:18.035393000Z DEBUG solana_program_runtime::stable_log] Program log: mango-log
[2022-02-12T07:55:18.036205000Z DEBUG solana_program_runtime::stable_log] Program log: jbqo/GyNSF6nbhvP8sZoiDTB3W1sGOUIJSpL/q4ynvukV/yhD7wPr14EXwKUknDvC82XypHRmqcTJRpr95d8qBri17S2HigkngEyXG2Ybu67103IquE5Rq+fH7Om/yMiLK7ztD0YAicAAAAAAAAAAEBCDwAAAAAA
[2022-02-12T07:55:18.036427000Z DEBUG solana_bpf_loader_program] Program 8opHzTAnfzRpPEx21XtnrVTX28YQuCpAjcn1PczScKh consumed 17628 of 200000 compute units
[2022-02-12T07:55:18.036495000Z DEBUG solana_program_runtime::stable_log] Program 8opHzTAnfzRpPEx21XtnrVTX28YQuCpAjcn1PczScKh success
[2022-02-12T07:55:18.051510000Z DEBUG solana_program_runtime::stable_log] Program 8opHzTAnfzRpPEx21XtnrVTX28YQuCpAjcn1PczScKh invoke [1]
[2022-02-12T07:55:18.052186000Z DEBUG solana_program_runtime::stable_log] Program log: Mango: Deposit
[2022-02-12T07:55:18.060568000Z DEBUG solana_program_runtime::stable_log] Program TokenkegQfeZyiNwAJbNbGKPFXCWuBvf9Ss623VQ5DA invoke [2]
[2022-02-12T07:55:18.060996000Z DEBUG solana_program_runtime::stable_log] Program log: Instruction: Transfer
[2022-02-12T07:55:18.061901000Z DEBUG solana_bpf_loader_program] Program TokenkegQfeZyiNwAJbNbGKPFXCWuBvf9Ss623VQ5DA consumed 3121 of 194764 compute units
[2022-02-12T07:55:18.061954000Z DEBUG solana_program_runtime::stable_log] Program TokenkegQfeZyiNwAJbNbGKPFXCWuBvf9Ss623VQ5DA success
[2022-02-12T07:55:18.063217000Z DEBUG solana_program_runtime::stable_log] Program log: mango-log
[2022-02-12T07:55:18.063968000Z DEBUG solana_program_runtime::stable_log] Program log: F5qwwQsqqPSnbhvP8sZoiDTB3W1sGOUIJSpL/q4ynvukV/yhD7wPr14EXwKUknDvC82XypHRmqcTJRpr95d8qBri17S2HigkAQAAAAAAAAAAAAAAAAABAAAAAAAAAAAAAAAAAAAAAAAAAAAAAAAAAA==
[2022-02-12T07:55:18.063997000Z DEBUG solana_program_runtime::stable_log] Program log: mango-log
[2022-02-12T07:55:18.064805000Z DEBUG solana_program_runtime::stable_log] Program log: jbqo/GyNSF6nbhvP8sZoiDTB3W1sGOUIJSpL/q4ynvukV/yhD7wPr14EXwKUknDvC82XypHRmqcTJRpr95d8qBri17S2HigkngEyXG2Ybu67103IquE5Rq+fH7Om/yMiLK7ztD0YAicBAAAAAAAAAEBCDwAAAAAA
[2022-02-12T07:55:18.065031000Z DEBUG solana_bpf_loader_program] Program 8opHzTAnfzRpPEx21XtnrVTX28YQuCpAjcn1PczScKh consumed 17668 of 200000 compute units
[2022-02-12T07:55:18.065107000Z DEBUG solana_program_runtime::stable_log] Program 8opHzTAnfzRpPEx21XtnrVTX28YQuCpAjcn1PczScKh success
[2022-02-12T07:55:18.077724000Z DEBUG solana_program_runtime::stable_log] Program 8opHzTAnfzRpPEx21XtnrVTX28YQuCpAjcn1PczScKh invoke [1]
[2022-02-12T07:55:18.078390000Z DEBUG solana_program_runtime::stable_log] Program log: Mango: Deposit
[2022-02-12T07:55:18.086822000Z DEBUG solana_program_runtime::stable_log] Program TokenkegQfeZyiNwAJbNbGKPFXCWuBvf9Ss623VQ5DA invoke [2]
[2022-02-12T07:55:18.087252000Z DEBUG solana_program_runtime::stable_log] Program log: Instruction: Transfer
[2022-02-12T07:55:18.088151000Z DEBUG solana_bpf_loader_program] Program TokenkegQfeZyiNwAJbNbGKPFXCWuBvf9Ss623VQ5DA consumed 3121 of 194725 compute units
[2022-02-12T07:55:18.088203000Z DEBUG solana_program_runtime::stable_log] Program TokenkegQfeZyiNwAJbNbGKPFXCWuBvf9Ss623VQ5DA success
[2022-02-12T07:55:18.089458000Z DEBUG solana_program_runtime::stable_log] Program log: mango-log
[2022-02-12T07:55:18.090213000Z DEBUG solana_program_runtime::stable_log] Program log: F5qwwQsqqPSnbhvP8sZoiDTB3W1sGOUIJSpL/q4ynvukV/yhD7wPr14EXwKUknDvC82XypHRmqcTJRpr95d8qBri17S2HigkAgAAAAAAAAAAAAAAAAABAAAAAAAAAAAAAAAAAAAAAAAAAAAAAAAAAA==
[2022-02-12T07:55:18.090241000Z DEBUG solana_program_runtime::stable_log] Program log: mango-log
[2022-02-12T07:55:18.091054000Z DEBUG solana_program_runtime::stable_log] Program log: jbqo/GyNSF6nbhvP8sZoiDTB3W1sGOUIJSpL/q4ynvukV/yhD7wPr14EXwKUknDvC82XypHRmqcTJRpr95d8qBri17S2HigkngEyXG2Ybu67103IquE5Rq+fH7Om/yMiLK7ztD0YAicCAAAAAAAAAEBCDwAAAAAA
[2022-02-12T07:55:18.091276000Z DEBUG solana_bpf_loader_program] Program 8opHzTAnfzRpPEx21XtnrVTX28YQuCpAjcn1PczScKh consumed 17707 of 200000 compute units
[2022-02-12T07:55:18.091343000Z DEBUG solana_program_runtime::stable_log] Program 8opHzTAnfzRpPEx21XtnrVTX28YQuCpAjcn1PczScKh success
[2022-02-12T07:55:18.105115000Z DEBUG solana_program_runtime::stable_log] Program 8opHzTAnfzRpPEx21XtnrVTX28YQuCpAjcn1PczScKh invoke [1]
[2022-02-12T07:55:18.105789000Z DEBUG solana_program_runtime::stable_log] Program log: Mango: Deposit
[2022-02-12T07:55:18.114199000Z DEBUG solana_program_runtime::stable_log] Program TokenkegQfeZyiNwAJbNbGKPFXCWuBvf9Ss623VQ5DA invoke [2]
[2022-02-12T07:55:18.114629000Z DEBUG solana_program_runtime::stable_log] Program log: Instruction: Transfer
[2022-02-12T07:55:18.115528000Z DEBUG solana_bpf_loader_program] Program TokenkegQfeZyiNwAJbNbGKPFXCWuBvf9Ss623VQ5DA consumed 3121 of 194686 compute units
[2022-02-12T07:55:18.115583000Z DEBUG solana_program_runtime::stable_log] Program TokenkegQfeZyiNwAJbNbGKPFXCWuBvf9Ss623VQ5DA success
[2022-02-12T07:55:18.116846000Z DEBUG solana_program_runtime::stable_log] Program log: mango-log
[2022-02-12T07:55:18.117597000Z DEBUG solana_program_runtime::stable_log] Program log: F5qwwQsqqPSnbhvP8sZoiDTB3W1sGOUIJSpL/q4ynvukV/yhD7wPr14EXwKUknDvC82XypHRmqcTJRpr95d8qBri17S2HigkAwAAAAAAAAAAAAAAAAABAAAAAAAAAAAAAAAAAAAAAAAAAAAAAAAAAA==
[2022-02-12T07:55:18.117626000Z DEBUG solana_program_runtime::stable_log] Program log: mango-log
[2022-02-12T07:55:18.118448000Z DEBUG solana_program_runtime::stable_log] Program log: jbqo/GyNSF6nbhvP8sZoiDTB3W1sGOUIJSpL/q4ynvukV/yhD7wPr14EXwKUknDvC82XypHRmqcTJRpr95d8qBri17S2HigkngEyXG2Ybu67103IquE5Rq+fH7Om/yMiLK7ztD0YAicDAAAAAAAAAEBCDwAAAAAA
[2022-02-12T07:55:18.118673000Z DEBUG solana_bpf_loader_program] Program 8opHzTAnfzRpPEx21XtnrVTX28YQuCpAjcn1PczScKh consumed 17746 of 200000 compute units
[2022-02-12T07:55:18.118742000Z DEBUG solana_program_runtime::stable_log] Program 8opHzTAnfzRpPEx21XtnrVTX28YQuCpAjcn1PczScKh success
[2022-02-12T07:55:18.131959000Z DEBUG solana_program_runtime::stable_log] Program 8opHzTAnfzRpPEx21XtnrVTX28YQuCpAjcn1PczScKh invoke [1]
[2022-02-12T07:55:18.132623000Z DEBUG solana_program_runtime::stable_log] Program log: Mango: Deposit
[2022-02-12T07:55:18.141020000Z DEBUG solana_program_runtime::stable_log] Program TokenkegQfeZyiNwAJbNbGKPFXCWuBvf9Ss623VQ5DA invoke [2]
[2022-02-12T07:55:18.141452000Z DEBUG solana_program_runtime::stable_log] Program log: Instruction: Transfer
[2022-02-12T07:55:18.142353000Z DEBUG solana_bpf_loader_program] Program TokenkegQfeZyiNwAJbNbGKPFXCWuBvf9Ss623VQ5DA consumed 3121 of 194647 compute units
[2022-02-12T07:55:18.142407000Z DEBUG solana_program_runtime::stable_log] Program TokenkegQfeZyiNwAJbNbGKPFXCWuBvf9Ss623VQ5DA success
[2022-02-12T07:55:18.143813000Z DEBUG solana_program_runtime::stable_log] Program log: mango-log
[2022-02-12T07:55:18.144556000Z DEBUG solana_program_runtime::stable_log] Program log: F5qwwQsqqPSnbhvP8sZoiDTB3W1sGOUIJSpL/q4ynvukV/yhD7wPr14EXwKUknDvC82XypHRmqcTJRpr95d8qBri17S2HigkBAAAAAAAAAAAAAAAAADoAwAAAAAAAAAAAAAAAAAAAAAAAAAAAAAAAA==
[2022-02-12T07:55:18.144585000Z DEBUG solana_program_runtime::stable_log] Program log: mango-log
[2022-02-12T07:55:18.145393000Z DEBUG solana_program_runtime::stable_log] Program log: jbqo/GyNSF6nbhvP8sZoiDTB3W1sGOUIJSpL/q4ynvukV/yhD7wPr14EXwKUknDvC82XypHRmqcTJRpr95d8qBri17S2HigkngEyXG2Ybu67103IquE5Rq+fH7Om/yMiLK7ztD0YAicEAAAAAAAAAADKmjsAAAAA
[2022-02-12T07:55:18.145617000Z DEBUG solana_bpf_loader_program] Program 8opHzTAnfzRpPEx21XtnrVTX28YQuCpAjcn1PczScKh consumed 18285 of 200000 compute units
[2022-02-12T07:55:18.145686000Z DEBUG solana_program_runtime::stable_log] Program 8opHzTAnfzRpPEx21XtnrVTX28YQuCpAjcn1PczScKh success
[2022-02-12T07:55:18.159150000Z DEBUG solana_program_runtime::stable_log] Program 8opHzTAnfzRpPEx21XtnrVTX28YQuCpAjcn1PczScKh invoke [1]
[2022-02-12T07:55:18.159822000Z DEBUG solana_program_runtime::stable_log] Program log: Mango: Deposit
[2022-02-12T07:55:18.168249000Z DEBUG solana_program_runtime::stable_log] Program TokenkegQfeZyiNwAJbNbGKPFXCWuBvf9Ss623VQ5DA invoke [2]
[2022-02-12T07:55:18.168680000Z DEBUG solana_program_runtime::stable_log] Program log: Instruction: Transfer
[2022-02-12T07:55:18.169582000Z DEBUG solana_bpf_loader_program] Program TokenkegQfeZyiNwAJbNbGKPFXCWuBvf9Ss623VQ5DA consumed 3121 of 194608 compute units
[2022-02-12T07:55:18.169639000Z DEBUG solana_program_runtime::stable_log] Program TokenkegQfeZyiNwAJbNbGKPFXCWuBvf9Ss623VQ5DA success
[2022-02-12T07:55:18.170889000Z DEBUG solana_program_runtime::stable_log] Program log: mango-log
[2022-02-12T07:55:18.171639000Z DEBUG solana_program_runtime::stable_log] Program log: F5qwwQsqqPSnbhvP8sZoiDTB3W1sGOUIJSpL/q4ynvukV/yhD7wPr14EXwKUknDvC82XypHRmqcTJRpr95d8qBri17S2HigkBQAAAAAAAAAAAAAAAAABAAAAAAAAAAAAAAAAAAAAAAAAAAAAAAAAAA==
[2022-02-12T07:55:18.171668000Z DEBUG solana_program_runtime::stable_log] Program log: mango-log
[2022-02-12T07:55:18.172480000Z DEBUG solana_program_runtime::stable_log] Program log: jbqo/GyNSF6nbhvP8sZoiDTB3W1sGOUIJSpL/q4ynvukV/yhD7wPr14EXwKUknDvC82XypHRmqcTJRpr95d8qBri17S2HigkngEyXG2Ybu67103IquE5Rq+fH7Om/yMiLK7ztD0YAicFAAAAAAAAAEBCDwAAAAAA
[2022-02-12T07:55:18.172702000Z DEBUG solana_bpf_loader_program] Program 8opHzTAnfzRpPEx21XtnrVTX28YQuCpAjcn1PczScKh consumed 17824 of 200000 compute units
[2022-02-12T07:55:18.172769000Z DEBUG solana_program_runtime::stable_log] Program 8opHzTAnfzRpPEx21XtnrVTX28YQuCpAjcn1PczScKh success
[2022-02-12T07:55:18.185071000Z DEBUG solana_program_runtime::stable_log] Program 8opHzTAnfzRpPEx21XtnrVTX28YQuCpAjcn1PczScKh invoke [1]
[2022-02-12T07:55:18.185735000Z DEBUG solana_program_runtime::stable_log] Program log: Mango: Deposit
[2022-02-12T07:55:18.194155000Z DEBUG solana_program_runtime::stable_log] Program TokenkegQfeZyiNwAJbNbGKPFXCWuBvf9Ss623VQ5DA invoke [2]
[2022-02-12T07:55:18.194585000Z DEBUG solana_program_runtime::stable_log] Program log: Instruction: Transfer
[2022-02-12T07:55:18.195485000Z DEBUG solana_bpf_loader_program] Program TokenkegQfeZyiNwAJbNbGKPFXCWuBvf9Ss623VQ5DA consumed 3121 of 194569 compute units
[2022-02-12T07:55:18.195540000Z DEBUG solana_program_runtime::stable_log] Program TokenkegQfeZyiNwAJbNbGKPFXCWuBvf9Ss623VQ5DA success
[2022-02-12T07:55:18.196794000Z DEBUG solana_program_runtime::stable_log] Program log: mango-log
[2022-02-12T07:55:18.197553000Z DEBUG solana_program_runtime::stable_log] Program log: F5qwwQsqqPSnbhvP8sZoiDTB3W1sGOUIJSpL/q4ynvukV/yhD7wPr14EXwKUknDvC82XypHRmqcTJRpr95d8qBri17S2HigkBgAAAAAAAAAAAAAAAAABAAAAAAAAAAAAAAAAAAAAAAAAAAAAAAAAAA==
[2022-02-12T07:55:18.197584000Z DEBUG solana_program_runtime::stable_log] Program log: mango-log
[2022-02-12T07:55:18.198396000Z DEBUG solana_program_runtime::stable_log] Program log: jbqo/GyNSF6nbhvP8sZoiDTB3W1sGOUIJSpL/q4ynvukV/yhD7wPr14EXwKUknDvC82XypHRmqcTJRpr95d8qBri17S2HigkngEyXG2Ybu67103IquE5Rq+fH7Om/yMiLK7ztD0YAicGAAAAAAAAAEBCDwAAAAAA
[2022-02-12T07:55:18.198618000Z DEBUG solana_bpf_loader_program] Program 8opHzTAnfzRpPEx21XtnrVTX28YQuCpAjcn1PczScKh consumed 17863 of 200000 compute units
[2022-02-12T07:55:18.198689000Z DEBUG solana_program_runtime::stable_log] Program 8opHzTAnfzRpPEx21XtnrVTX28YQuCpAjcn1PczScKh success
[2022-02-12T07:55:18.212400000Z DEBUG solana_program_runtime::stable_log] Program 8opHzTAnfzRpPEx21XtnrVTX28YQuCpAjcn1PczScKh invoke [1]
[2022-02-12T07:55:18.213072000Z DEBUG solana_program_runtime::stable_log] Program log: Mango: Deposit
[2022-02-12T07:55:18.221526000Z DEBUG solana_program_runtime::stable_log] Program TokenkegQfeZyiNwAJbNbGKPFXCWuBvf9Ss623VQ5DA invoke [2]
[2022-02-12T07:55:18.221951000Z DEBUG solana_program_runtime::stable_log] Program log: Instruction: Transfer
[2022-02-12T07:55:18.222858000Z DEBUG solana_bpf_loader_program] Program TokenkegQfeZyiNwAJbNbGKPFXCWuBvf9Ss623VQ5DA consumed 3121 of 194530 compute units
[2022-02-12T07:55:18.222913000Z DEBUG solana_program_runtime::stable_log] Program TokenkegQfeZyiNwAJbNbGKPFXCWuBvf9Ss623VQ5DA success
[2022-02-12T07:55:18.224176000Z DEBUG solana_program_runtime::stable_log] Program log: mango-log
[2022-02-12T07:55:18.224920000Z DEBUG solana_program_runtime::stable_log] Program log: F5qwwQsqqPSnbhvP8sZoiDTB3W1sGOUIJSpL/q4ynvukV/yhD7wPr14EXwKUknDvC82XypHRmqcTJRpr95d8qBri17S2HigkBwAAAAAAAAAAAAAAAAABAAAAAAAAAAAAAAAAAAAAAAAAAAAAAAAAAA==
[2022-02-12T07:55:18.224949000Z DEBUG solana_program_runtime::stable_log] Program log: mango-log
[2022-02-12T07:55:18.225762000Z DEBUG solana_program_runtime::stable_log] Program log: jbqo/GyNSF6nbhvP8sZoiDTB3W1sGOUIJSpL/q4ynvukV/yhD7wPr14EXwKUknDvC82XypHRmqcTJRpr95d8qBri17S2HigkngEyXG2Ybu67103IquE5Rq+fH7Om/yMiLK7ztD0YAicHAAAAAAAAAEBCDwAAAAAA
[2022-02-12T07:55:18.225984000Z DEBUG solana_bpf_loader_program] Program 8opHzTAnfzRpPEx21XtnrVTX28YQuCpAjcn1PczScKh consumed 17902 of 200000 compute units
[2022-02-12T07:55:18.226055000Z DEBUG solana_program_runtime::stable_log] Program 8opHzTAnfzRpPEx21XtnrVTX28YQuCpAjcn1PczScKh success
[2022-02-12T07:55:18.238790000Z DEBUG solana_program_runtime::stable_log] Program 8opHzTAnfzRpPEx21XtnrVTX28YQuCpAjcn1PczScKh invoke [1]
[2022-02-12T07:55:18.239459000Z DEBUG solana_program_runtime::stable_log] Program log: Mango: Deposit
[2022-02-12T07:55:18.247909000Z DEBUG solana_program_runtime::stable_log] Program TokenkegQfeZyiNwAJbNbGKPFXCWuBvf9Ss623VQ5DA invoke [2]
[2022-02-12T07:55:18.248340000Z DEBUG solana_program_runtime::stable_log] Program log: Instruction: Transfer
[2022-02-12T07:55:18.249248000Z DEBUG solana_bpf_loader_program] Program TokenkegQfeZyiNwAJbNbGKPFXCWuBvf9Ss623VQ5DA consumed 3121 of 194491 compute units
[2022-02-12T07:55:18.249302000Z DEBUG solana_program_runtime::stable_log] Program TokenkegQfeZyiNwAJbNbGKPFXCWuBvf9Ss623VQ5DA success
[2022-02-12T07:55:18.250553000Z DEBUG solana_program_runtime::stable_log] Program log: mango-log
[2022-02-12T07:55:18.251296000Z DEBUG solana_program_runtime::stable_log] Program log: F5qwwQsqqPSnbhvP8sZoiDTB3W1sGOUIJSpL/q4ynvukV/yhD7wPr14EXwKUknDvC82XypHRmqcTJRpr95d8qBri17S2HigkCAAAAAAAAAAAAAAAAAABAAAAAAAAAAAAAAAAAAAAAAAAAAAAAAAAAA==
[2022-02-12T07:55:18.251324000Z DEBUG solana_program_runtime::stable_log] Program log: mango-log
[2022-02-12T07:55:18.252139000Z DEBUG solana_program_runtime::stable_log] Program log: jbqo/GyNSF6nbhvP8sZoiDTB3W1sGOUIJSpL/q4ynvukV/yhD7wPr14EXwKUknDvC82XypHRmqcTJRpr95d8qBri17S2HigkngEyXG2Ybu67103IquE5Rq+fH7Om/yMiLK7ztD0YAicIAAAAAAAAAEBCDwAAAAAA
[2022-02-12T07:55:18.252363000Z DEBUG solana_bpf_loader_program] Program 8opHzTAnfzRpPEx21XtnrVTX28YQuCpAjcn1PczScKh consumed 17941 of 200000 compute units
[2022-02-12T07:55:18.252430000Z DEBUG solana_program_runtime::stable_log] Program 8opHzTAnfzRpPEx21XtnrVTX28YQuCpAjcn1PczScKh success
[2022-02-12T07:55:18.265823000Z DEBUG solana_program_runtime::stable_log] Program 8opHzTAnfzRpPEx21XtnrVTX28YQuCpAjcn1PczScKh invoke [1]
[2022-02-12T07:55:18.266492000Z DEBUG solana_program_runtime::stable_log] Program log: Mango: Deposit
[2022-02-12T07:55:18.274971000Z DEBUG solana_program_runtime::stable_log] Program TokenkegQfeZyiNwAJbNbGKPFXCWuBvf9Ss623VQ5DA invoke [2]
[2022-02-12T07:55:18.275404000Z DEBUG solana_program_runtime::stable_log] Program log: Instruction: Transfer
[2022-02-12T07:55:18.276307000Z DEBUG solana_bpf_loader_program] Program TokenkegQfeZyiNwAJbNbGKPFXCWuBvf9Ss623VQ5DA consumed 3121 of 194452 compute units
[2022-02-12T07:55:18.276363000Z DEBUG solana_program_runtime::stable_log] Program TokenkegQfeZyiNwAJbNbGKPFXCWuBvf9Ss623VQ5DA success
[2022-02-12T07:55:18.277617000Z DEBUG solana_program_runtime::stable_log] Program log: mango-log
[2022-02-12T07:55:18.278368000Z DEBUG solana_program_runtime::stable_log] Program log: F5qwwQsqqPSnbhvP8sZoiDTB3W1sGOUIJSpL/q4ynvukV/yhD7wPr14EXwKUknDvC82XypHRmqcTJRpr95d8qBri17S2HigkCQAAAAAAAAAAAAAAAAABAAAAAAAAAAAAAAAAAAAAAAAAAAAAAAAAAA==
[2022-02-12T07:55:18.278397000Z DEBUG solana_program_runtime::stable_log] Program log: mango-log
[2022-02-12T07:55:18.279211000Z DEBUG solana_program_runtime::stable_log] Program log: jbqo/GyNSF6nbhvP8sZoiDTB3W1sGOUIJSpL/q4ynvukV/yhD7wPr14EXwKUknDvC82XypHRmqcTJRpr95d8qBri17S2HigkngEyXG2Ybu67103IquE5Rq+fH7Om/yMiLK7ztD0YAicJAAAAAAAAAEBCDwAAAAAA
[2022-02-12T07:55:18.279436000Z DEBUG solana_bpf_loader_program] Program 8opHzTAnfzRpPEx21XtnrVTX28YQuCpAjcn1PczScKh consumed 17980 of 200000 compute units
[2022-02-12T07:55:18.279504000Z DEBUG solana_program_runtime::stable_log] Program 8opHzTAnfzRpPEx21XtnrVTX28YQuCpAjcn1PczScKh success
[2022-02-12T07:55:18.292957000Z DEBUG solana_program_runtime::stable_log] Program 8opHzTAnfzRpPEx21XtnrVTX28YQuCpAjcn1PczScKh invoke [1]
[2022-02-12T07:55:18.293625000Z DEBUG solana_program_runtime::stable_log] Program log: Mango: Deposit
[2022-02-12T07:55:18.302079000Z DEBUG solana_program_runtime::stable_log] Program TokenkegQfeZyiNwAJbNbGKPFXCWuBvf9Ss623VQ5DA invoke [2]
[2022-02-12T07:55:18.302504000Z DEBUG solana_program_runtime::stable_log] Program log: Instruction: Transfer
[2022-02-12T07:55:18.303404000Z DEBUG solana_bpf_loader_program] Program TokenkegQfeZyiNwAJbNbGKPFXCWuBvf9Ss623VQ5DA consumed 3121 of 194413 compute units
[2022-02-12T07:55:18.303458000Z DEBUG solana_program_runtime::stable_log] Program TokenkegQfeZyiNwAJbNbGKPFXCWuBvf9Ss623VQ5DA success
[2022-02-12T07:55:18.304711000Z DEBUG solana_program_runtime::stable_log] Program log: mango-log
[2022-02-12T07:55:18.305452000Z DEBUG solana_program_runtime::stable_log] Program log: F5qwwQsqqPSnbhvP8sZoiDTB3W1sGOUIJSpL/q4ynvukV/yhD7wPr14EXwKUknDvC82XypHRmqcTJRpr95d8qBri17S2HigkCgAAAAAAAAAAAAAAAAABAAAAAAAAAAAAAAAAAAAAAAAAAAAAAAAAAA==
[2022-02-12T07:55:18.305481000Z DEBUG solana_program_runtime::stable_log] Program log: mango-log
[2022-02-12T07:55:18.306290000Z DEBUG solana_program_runtime::stable_log] Program log: jbqo/GyNSF6nbhvP8sZoiDTB3W1sGOUIJSpL/q4ynvukV/yhD7wPr14EXwKUknDvC82XypHRmqcTJRpr95d8qBri17S2HigkngEyXG2Ybu67103IquE5Rq+fH7Om/yMiLK7ztD0YAicKAAAAAAAAAEBCDwAAAAAA
[2022-02-12T07:55:18.306512000Z DEBUG solana_bpf_loader_program] Program 8opHzTAnfzRpPEx21XtnrVTX28YQuCpAjcn1PczScKh consumed 18019 of 200000 compute units
[2022-02-12T07:55:18.306580000Z DEBUG solana_program_runtime::stable_log] Program 8opHzTAnfzRpPEx21XtnrVTX28YQuCpAjcn1PczScKh success
[2022-02-12T07:55:18.319783000Z DEBUG solana_program_runtime::stable_log] Program 8opHzTAnfzRpPEx21XtnrVTX28YQuCpAjcn1PczScKh invoke [1]
[2022-02-12T07:55:18.320448000Z DEBUG solana_program_runtime::stable_log] Program log: Mango: Deposit
[2022-02-12T07:55:18.328976000Z DEBUG solana_program_runtime::stable_log] Program TokenkegQfeZyiNwAJbNbGKPFXCWuBvf9Ss623VQ5DA invoke [2]
[2022-02-12T07:55:18.329411000Z DEBUG solana_program_runtime::stable_log] Program log: Instruction: Transfer
[2022-02-12T07:55:18.330314000Z DEBUG solana_bpf_loader_program] Program TokenkegQfeZyiNwAJbNbGKPFXCWuBvf9Ss623VQ5DA consumed 3121 of 194374 compute units
[2022-02-12T07:55:18.330376000Z DEBUG solana_program_runtime::stable_log] Program TokenkegQfeZyiNwAJbNbGKPFXCWuBvf9Ss623VQ5DA success
[2022-02-12T07:55:18.331639000Z DEBUG solana_program_runtime::stable_log] Program log: mango-log
[2022-02-12T07:55:18.332385000Z DEBUG solana_program_runtime::stable_log] Program log: F5qwwQsqqPSnbhvP8sZoiDTB3W1sGOUIJSpL/q4ynvukV/yhD7wPr14EXwKUknDvC82XypHRmqcTJRpr95d8qBri17S2HigkCwAAAAAAAAAAAAAAAAABAAAAAAAAAAAAAAAAAAAAAAAAAAAAAAAAAA==
[2022-02-12T07:55:18.332413000Z DEBUG solana_program_runtime::stable_log] Program log: mango-log
[2022-02-12T07:55:18.333225000Z DEBUG solana_program_runtime::stable_log] Program log: jbqo/GyNSF6nbhvP8sZoiDTB3W1sGOUIJSpL/q4ynvukV/yhD7wPr14EXwKUknDvC82XypHRmqcTJRpr95d8qBri17S2HigkngEyXG2Ybu67103IquE5Rq+fH7Om/yMiLK7ztD0YAicLAAAAAAAAAEBCDwAAAAAA
[2022-02-12T07:55:18.333446000Z DEBUG solana_bpf_loader_program] Program 8opHzTAnfzRpPEx21XtnrVTX28YQuCpAjcn1PczScKh consumed 18058 of 200000 compute units
[2022-02-12T07:55:18.333515000Z DEBUG solana_program_runtime::stable_log] Program 8opHzTAnfzRpPEx21XtnrVTX28YQuCpAjcn1PczScKh success
[2022-02-12T07:55:18.347037000Z DEBUG solana_program_runtime::stable_log] Program 8opHzTAnfzRpPEx21XtnrVTX28YQuCpAjcn1PczScKh invoke [1]
[2022-02-12T07:55:18.347709000Z DEBUG solana_program_runtime::stable_log] Program log: Mango: Deposit
[2022-02-12T07:55:18.356213000Z DEBUG solana_program_runtime::stable_log] Program TokenkegQfeZyiNwAJbNbGKPFXCWuBvf9Ss623VQ5DA invoke [2]
[2022-02-12T07:55:18.356643000Z DEBUG solana_program_runtime::stable_log] Program log: Instruction: Transfer
[2022-02-12T07:55:18.357546000Z DEBUG solana_bpf_loader_program] Program TokenkegQfeZyiNwAJbNbGKPFXCWuBvf9Ss623VQ5DA consumed 3121 of 194335 compute units
[2022-02-12T07:55:18.357601000Z DEBUG solana_program_runtime::stable_log] Program TokenkegQfeZyiNwAJbNbGKPFXCWuBvf9Ss623VQ5DA success
[2022-02-12T07:55:18.358861000Z DEBUG solana_program_runtime::stable_log] Program log: mango-log
[2022-02-12T07:55:18.359610000Z DEBUG solana_program_runtime::stable_log] Program log: F5qwwQsqqPSnbhvP8sZoiDTB3W1sGOUIJSpL/q4ynvukV/yhD7wPr14EXwKUknDvC82XypHRmqcTJRpr95d8qBri17S2HigkDAAAAAAAAAAAAAAAAAABAAAAAAAAAAAAAAAAAAAAAAAAAAAAAAAAAA==
[2022-02-12T07:55:18.359639000Z DEBUG solana_program_runtime::stable_log] Program log: mango-log
[2022-02-12T07:55:18.360453000Z DEBUG solana_program_runtime::stable_log] Program log: jbqo/GyNSF6nbhvP8sZoiDTB3W1sGOUIJSpL/q4ynvukV/yhD7wPr14EXwKUknDvC82XypHRmqcTJRpr95d8qBri17S2HigkngEyXG2Ybu67103IquE5Rq+fH7Om/yMiLK7ztD0YAicMAAAAAAAAAEBCDwAAAAAA
[2022-02-12T07:55:18.360673000Z DEBUG solana_bpf_loader_program] Program 8opHzTAnfzRpPEx21XtnrVTX28YQuCpAjcn1PczScKh consumed 18097 of 200000 compute units
[2022-02-12T07:55:18.360741000Z DEBUG solana_program_runtime::stable_log] Program 8opHzTAnfzRpPEx21XtnrVTX28YQuCpAjcn1PczScKh success
[2022-02-12T07:55:18.374271000Z DEBUG solana_program_runtime::stable_log] Program 8opHzTAnfzRpPEx21XtnrVTX28YQuCpAjcn1PczScKh invoke [1]
[2022-02-12T07:55:18.374940000Z DEBUG solana_program_runtime::stable_log] Program log: Mango: Deposit
[2022-02-12T07:55:18.383466000Z DEBUG solana_program_runtime::stable_log] Program TokenkegQfeZyiNwAJbNbGKPFXCWuBvf9Ss623VQ5DA invoke [2]
[2022-02-12T07:55:18.383896000Z DEBUG solana_program_runtime::stable_log] Program log: Instruction: Transfer
[2022-02-12T07:55:18.384797000Z DEBUG solana_bpf_loader_program] Program TokenkegQfeZyiNwAJbNbGKPFXCWuBvf9Ss623VQ5DA consumed 3121 of 194296 compute units
[2022-02-12T07:55:18.384851000Z DEBUG solana_program_runtime::stable_log] Program TokenkegQfeZyiNwAJbNbGKPFXCWuBvf9Ss623VQ5DA success
[2022-02-12T07:55:18.386107000Z DEBUG solana_program_runtime::stable_log] Program log: mango-log
[2022-02-12T07:55:18.386854000Z DEBUG solana_program_runtime::stable_log] Program log: F5qwwQsqqPSnbhvP8sZoiDTB3W1sGOUIJSpL/q4ynvukV/yhD7wPr14EXwKUknDvC82XypHRmqcTJRpr95d8qBri17S2HigkDQAAAAAAAAAAAAAAAAABAAAAAAAAAAAAAAAAAAAAAAAAAAAAAAAAAA==
[2022-02-12T07:55:18.386883000Z DEBUG solana_program_runtime::stable_log] Program log: mango-log
[2022-02-12T07:55:18.387694000Z DEBUG solana_program_runtime::stable_log] Program log: jbqo/GyNSF6nbhvP8sZoiDTB3W1sGOUIJSpL/q4ynvukV/yhD7wPr14EXwKUknDvC82XypHRmqcTJRpr95d8qBri17S2HigkngEyXG2Ybu67103IquE5Rq+fH7Om/yMiLK7ztD0YAicNAAAAAAAAAEBCDwAAAAAA
[2022-02-12T07:55:18.387919000Z DEBUG solana_bpf_loader_program] Program 8opHzTAnfzRpPEx21XtnrVTX28YQuCpAjcn1PczScKh consumed 18136 of 200000 compute units
[2022-02-12T07:55:18.387986000Z DEBUG solana_program_runtime::stable_log] Program 8opHzTAnfzRpPEx21XtnrVTX28YQuCpAjcn1PczScKh success
[2022-02-12T07:55:18.402132000Z DEBUG solana_program_runtime::stable_log] Program 8opHzTAnfzRpPEx21XtnrVTX28YQuCpAjcn1PczScKh invoke [1]
[2022-02-12T07:55:18.402802000Z DEBUG solana_program_runtime::stable_log] Program log: Mango: Deposit
[2022-02-12T07:55:18.411355000Z DEBUG solana_program_runtime::stable_log] Program TokenkegQfeZyiNwAJbNbGKPFXCWuBvf9Ss623VQ5DA invoke [2]
[2022-02-12T07:55:18.411803000Z DEBUG solana_program_runtime::stable_log] Program log: Instruction: Transfer
[2022-02-12T07:55:18.412712000Z DEBUG solana_bpf_loader_program] Program TokenkegQfeZyiNwAJbNbGKPFXCWuBvf9Ss623VQ5DA consumed 3121 of 194257 compute units
[2022-02-12T07:55:18.412768000Z DEBUG solana_program_runtime::stable_log] Program TokenkegQfeZyiNwAJbNbGKPFXCWuBvf9Ss623VQ5DA success
[2022-02-12T07:55:18.414017000Z DEBUG solana_program_runtime::stable_log] Program log: mango-log
[2022-02-12T07:55:18.414771000Z DEBUG solana_program_runtime::stable_log] Program log: F5qwwQsqqPSnbhvP8sZoiDTB3W1sGOUIJSpL/q4ynvukV/yhD7wPr14EXwKUknDvC82XypHRmqcTJRpr95d8qBri17S2HigkDgAAAAAAAAAAAAAAAAABAAAAAAAAAAAAAAAAAAAAAAAAAAAAAAAAAA==
[2022-02-12T07:55:18.414803000Z DEBUG solana_program_runtime::stable_log] Program log: mango-log
[2022-02-12T07:55:18.415617000Z DEBUG solana_program_runtime::stable_log] Program log: jbqo/GyNSF6nbhvP8sZoiDTB3W1sGOUIJSpL/q4ynvukV/yhD7wPr14EXwKUknDvC82XypHRmqcTJRpr95d8qBri17S2HigkngEyXG2Ybu67103IquE5Rq+fH7Om/yMiLK7ztD0YAicOAAAAAAAAAEBCDwAAAAAA
[2022-02-12T07:55:18.415839000Z DEBUG solana_bpf_loader_program] Program 8opHzTAnfzRpPEx21XtnrVTX28YQuCpAjcn1PczScKh consumed 18175 of 200000 compute units
[2022-02-12T07:55:18.415905000Z DEBUG solana_program_runtime::stable_log] Program 8opHzTAnfzRpPEx21XtnrVTX28YQuCpAjcn1PczScKh success
[2022-02-12T07:55:18.429470000Z DEBUG solana_program_runtime::stable_log] Program 8opHzTAnfzRpPEx21XtnrVTX28YQuCpAjcn1PczScKh invoke [1]
[2022-02-12T07:55:18.430140000Z DEBUG solana_program_runtime::stable_log] Program log: Mango: Deposit
[2022-02-12T07:55:18.438723000Z DEBUG solana_program_runtime::stable_log] Program TokenkegQfeZyiNwAJbNbGKPFXCWuBvf9Ss623VQ5DA invoke [2]
[2022-02-12T07:55:18.439156000Z DEBUG solana_program_runtime::stable_log] Program log: Instruction: Transfer
[2022-02-12T07:55:18.440059000Z DEBUG solana_bpf_loader_program] Program TokenkegQfeZyiNwAJbNbGKPFXCWuBvf9Ss623VQ5DA consumed 3121 of 194218 compute units
[2022-02-12T07:55:18.440113000Z DEBUG solana_program_runtime::stable_log] Program TokenkegQfeZyiNwAJbNbGKPFXCWuBvf9Ss623VQ5DA success
[2022-02-12T07:55:18.441577000Z DEBUG solana_program_runtime::stable_log] Program log: mango-log
[2022-02-12T07:55:18.442334000Z DEBUG solana_program_runtime::stable_log] Program log: F5qwwQsqqPSnbhvP8sZoiDTB3W1sGOUIJSpL/q4ynvukV/yhD7wPr14EXwKUknDvC82XypHRmqcTJRpr95d8qBri17S2HigkDwAAAAAAAAAAAAAAAAAQJwAAAAAAAAAAAAAAAAAAAAAAAAAAAAAAAA==
[2022-02-12T07:55:18.442364000Z DEBUG solana_program_runtime::stable_log] Program log: mango-log
[2022-02-12T07:55:18.443177000Z DEBUG solana_program_runtime::stable_log] Program log: jbqo/GyNSF6nbhvP8sZoiDTB3W1sGOUIJSpL/q4ynvukV/yhD7wPr14EXwKUknDvC82XypHRmqcTJRpr95d8qBri17S2HigkngEyXG2Ybu67103IquE5Rq+fH7Om/yMiLK7ztD0YAicPAAAAAAAAAADkC1QCAAAA
[2022-02-12T07:55:18.443399000Z DEBUG solana_bpf_loader_program] Program 8opHzTAnfzRpPEx21XtnrVTX28YQuCpAjcn1PczScKh consumed 18920 of 200000 compute units
[2022-02-12T07:55:18.443472000Z DEBUG solana_program_runtime::stable_log] Program 8opHzTAnfzRpPEx21XtnrVTX28YQuCpAjcn1PczScKh success
[2022-02-12T07:55:18.485232000Z DEBUG solana_program_runtime::stable_log] Program 8opHzTAnfzRpPEx21XtnrVTX28YQuCpAjcn1PczScKh invoke [1]
[2022-02-12T07:55:18.486384000Z DEBUG solana_program_runtime::stable_log] Program log: Mango: CachePrices
[2022-02-12T07:55:18.489452000Z DEBUG solana_program_runtime::stable_log] Program log: mango-log
[2022-02-12T07:55:18.491263000Z DEBUG solana_program_runtime::stable_log] Program log: ux0uSxX5tBunbhvP8sZoiDTB3W1sGOUIJSpL/q4ynvukV/yhD7wPrw8AAAAAAAAAAAAAAAEAAAAAAAAAAgAAAAAAAAADAAAAAAAAAAQAAAAAAAAABQAAAAAAAAAGAAAAAAAAAAcAAAAAAAAACAAAAAAAAAAJAAAAAAAAAAoAAAAAAAAACwAAAAAAAAAMAAAAAAAAAA0AAAAAAAAADgAAAAAAAAAPAAAAAAAAAAAAmDoAAAAAAAAAAAAAAAAAAJg6AAAAAAAAAAAAAAAAAACYOgAAAAAAAAAAAAAAAAAAmDoAAAAAAAAAAAAAAAAAAA8AAAAAAAAAAAAAAAAAAACYOgAAAAAAAAAAAAAAAAAAmDoAAAAAAAAAAAAAAAAAAJg6AAAAAAAAAAAAAAAAAACYOgAAAAAAAAAAAAAAAAAAmDoAAAAAAAAAAAAAAAAAAJg6AAAAAAAAAAAAAAAAAACYOgAAAAAAAAAAAAAAAAAAmDoAAAAAAAAAAAAAAAAAAJg6AAAAAAAAAAAAAAAAAACYOgAAAAAAAAAA
[2022-02-12T07:55:18.491647000Z DEBUG solana_bpf_loader_program] Program 8opHzTAnfzRpPEx21XtnrVTX28YQuCpAjcn1PczScKh consumed 18318 of 200000 compute units
[2022-02-12T07:55:18.491727000Z DEBUG solana_program_runtime::stable_log] Program 8opHzTAnfzRpPEx21XtnrVTX28YQuCpAjcn1PczScKh success
[2022-02-12T07:55:18.501887000Z DEBUG solana_program_runtime::stable_log] Program 8opHzTAnfzRpPEx21XtnrVTX28YQuCpAjcn1PczScKh invoke [1]
[2022-02-12T07:55:18.502279000Z DEBUG solana_program_runtime::stable_log] Program log: Mango: UpdateRootBank
[2022-02-12T07:55:18.504337000Z DEBUG solana_program_runtime::stable_log] Program log: mango-log
[2022-02-12T07:55:18.504942000Z DEBUG solana_program_runtime::stable_log] Program log: 8HmBNKTUaLinbhvP8sZoiDTB3W1sGOUIJSpL/q4ynvukV/yhD7wPrwAAAAAAAAAAAAAAAAAAQEIPAAAAAAAAAAAAAAAAAEBCDwAAAAAAAAA=
[2022-02-12T07:55:18.505064000Z DEBUG solana_bpf_loader_program] Program 8opHzTAnfzRpPEx21XtnrVTX28YQuCpAjcn1PczScKh consumed 9360 of 200000 compute units
[2022-02-12T07:55:18.505116000Z DEBUG solana_program_runtime::stable_log] Program 8opHzTAnfzRpPEx21XtnrVTX28YQuCpAjcn1PczScKh success
[2022-02-12T07:55:18.515091000Z DEBUG solana_program_runtime::stable_log] Program 8opHzTAnfzRpPEx21XtnrVTX28YQuCpAjcn1PczScKh invoke [1]
[2022-02-12T07:55:18.515486000Z DEBUG solana_program_runtime::stable_log] Program log: Mango: UpdateRootBank
[2022-02-12T07:55:18.517561000Z DEBUG solana_program_runtime::stable_log] Program log: mango-log
[2022-02-12T07:55:18.518167000Z DEBUG solana_program_runtime::stable_log] Program log: 8HmBNKTUaLinbhvP8sZoiDTB3W1sGOUIJSpL/q4ynvukV/yhD7wPrwEAAAAAAAAAAAAAAAAAQEIPAAAAAAAAAAAAAAAAAEBCDwAAAAAAAAA=
[2022-02-12T07:55:18.518289000Z DEBUG solana_bpf_loader_program] Program 8opHzTAnfzRpPEx21XtnrVTX28YQuCpAjcn1PczScKh consumed 9400 of 200000 compute units
[2022-02-12T07:55:18.518343000Z DEBUG solana_program_runtime::stable_log] Program 8opHzTAnfzRpPEx21XtnrVTX28YQuCpAjcn1PczScKh success
[2022-02-12T07:55:18.528297000Z DEBUG solana_program_runtime::stable_log] Program 8opHzTAnfzRpPEx21XtnrVTX28YQuCpAjcn1PczScKh invoke [1]
[2022-02-12T07:55:18.528684000Z DEBUG solana_program_runtime::stable_log] Program log: Mango: UpdateRootBank
[2022-02-12T07:55:18.530769000Z DEBUG solana_program_runtime::stable_log] Program log: mango-log
[2022-02-12T07:55:18.531378000Z DEBUG solana_program_runtime::stable_log] Program log: 8HmBNKTUaLinbhvP8sZoiDTB3W1sGOUIJSpL/q4ynvukV/yhD7wPrwIAAAAAAAAAAAAAAAAAQEIPAAAAAAAAAAAAAAAAAEBCDwAAAAAAAAA=
[2022-02-12T07:55:18.531500000Z DEBUG solana_bpf_loader_program] Program 8opHzTAnfzRpPEx21XtnrVTX28YQuCpAjcn1PczScKh consumed 9439 of 200000 compute units
[2022-02-12T07:55:18.531552000Z DEBUG solana_program_runtime::stable_log] Program 8opHzTAnfzRpPEx21XtnrVTX28YQuCpAjcn1PczScKh success
[2022-02-12T07:55:18.541459000Z DEBUG solana_program_runtime::stable_log] Program 8opHzTAnfzRpPEx21XtnrVTX28YQuCpAjcn1PczScKh invoke [1]
[2022-02-12T07:55:18.541851000Z DEBUG solana_program_runtime::stable_log] Program log: Mango: UpdateRootBank
[2022-02-12T07:55:18.543950000Z DEBUG solana_program_runtime::stable_log] Program log: mango-log
[2022-02-12T07:55:18.544556000Z DEBUG solana_program_runtime::stable_log] Program log: 8HmBNKTUaLinbhvP8sZoiDTB3W1sGOUIJSpL/q4ynvukV/yhD7wPrwMAAAAAAAAAAAAAAAAAQEIPAAAAAAAAAAAAAAAAAEBCDwAAAAAAAAA=
[2022-02-12T07:55:18.544678000Z DEBUG solana_bpf_loader_program] Program 8opHzTAnfzRpPEx21XtnrVTX28YQuCpAjcn1PczScKh consumed 9478 of 200000 compute units
[2022-02-12T07:55:18.544728000Z DEBUG solana_program_runtime::stable_log] Program 8opHzTAnfzRpPEx21XtnrVTX28YQuCpAjcn1PczScKh success
[2022-02-12T07:55:18.554691000Z DEBUG solana_program_runtime::stable_log] Program 8opHzTAnfzRpPEx21XtnrVTX28YQuCpAjcn1PczScKh invoke [1]
[2022-02-12T07:55:18.555072000Z DEBUG solana_program_runtime::stable_log] Program log: Mango: UpdateRootBank
[2022-02-12T07:55:18.557182000Z DEBUG solana_program_runtime::stable_log] Program log: mango-log
[2022-02-12T07:55:18.557787000Z DEBUG solana_program_runtime::stable_log] Program log: 8HmBNKTUaLinbhvP8sZoiDTB3W1sGOUIJSpL/q4ynvukV/yhD7wPrwQAAAAAAAAAAAAAAAAAQEIPAAAAAAAAAAAAAAAAAEBCDwAAAAAAAAA=
[2022-02-12T07:55:18.557909000Z DEBUG solana_bpf_loader_program] Program 8opHzTAnfzRpPEx21XtnrVTX28YQuCpAjcn1PczScKh consumed 9517 of 200000 compute units
[2022-02-12T07:55:18.557959000Z DEBUG solana_program_runtime::stable_log] Program 8opHzTAnfzRpPEx21XtnrVTX28YQuCpAjcn1PczScKh success
[2022-02-12T07:55:18.568764000Z DEBUG solana_program_runtime::stable_log] Program 8opHzTAnfzRpPEx21XtnrVTX28YQuCpAjcn1PczScKh invoke [1]
[2022-02-12T07:55:18.569150000Z DEBUG solana_program_runtime::stable_log] Program log: Mango: UpdateRootBank
[2022-02-12T07:55:18.571284000Z DEBUG solana_program_runtime::stable_log] Program log: mango-log
[2022-02-12T07:55:18.571886000Z DEBUG solana_program_runtime::stable_log] Program log: 8HmBNKTUaLinbhvP8sZoiDTB3W1sGOUIJSpL/q4ynvukV/yhD7wPrwUAAAAAAAAAAAAAAAAAQEIPAAAAAAAAAAAAAAAAAEBCDwAAAAAAAAA=
[2022-02-12T07:55:18.572007000Z DEBUG solana_bpf_loader_program] Program 8opHzTAnfzRpPEx21XtnrVTX28YQuCpAjcn1PczScKh consumed 9556 of 200000 compute units
[2022-02-12T07:55:18.572059000Z DEBUG solana_program_runtime::stable_log] Program 8opHzTAnfzRpPEx21XtnrVTX28YQuCpAjcn1PczScKh success
[2022-02-12T07:55:18.581969000Z DEBUG solana_program_runtime::stable_log] Program 8opHzTAnfzRpPEx21XtnrVTX28YQuCpAjcn1PczScKh invoke [1]
[2022-02-12T07:55:18.582355000Z DEBUG solana_program_runtime::stable_log] Program log: Mango: UpdateRootBank
[2022-02-12T07:55:18.584496000Z DEBUG solana_program_runtime::stable_log] Program log: mango-log
[2022-02-12T07:55:18.585099000Z DEBUG solana_program_runtime::stable_log] Program log: 8HmBNKTUaLinbhvP8sZoiDTB3W1sGOUIJSpL/q4ynvukV/yhD7wPrwYAAAAAAAAAAAAAAAAAQEIPAAAAAAAAAAAAAAAAAEBCDwAAAAAAAAA=
[2022-02-12T07:55:18.585220000Z DEBUG solana_bpf_loader_program] Program 8opHzTAnfzRpPEx21XtnrVTX28YQuCpAjcn1PczScKh consumed 9595 of 200000 compute units
[2022-02-12T07:55:18.585271000Z DEBUG solana_program_runtime::stable_log] Program 8opHzTAnfzRpPEx21XtnrVTX28YQuCpAjcn1PczScKh success
[2022-02-12T07:55:18.595179000Z DEBUG solana_program_runtime::stable_log] Program 8opHzTAnfzRpPEx21XtnrVTX28YQuCpAjcn1PczScKh invoke [1]
[2022-02-12T07:55:18.595564000Z DEBUG solana_program_runtime::stable_log] Program log: Mango: UpdateRootBank
[2022-02-12T07:55:18.597724000Z DEBUG solana_program_runtime::stable_log] Program log: mango-log
[2022-02-12T07:55:18.598327000Z DEBUG solana_program_runtime::stable_log] Program log: 8HmBNKTUaLinbhvP8sZoiDTB3W1sGOUIJSpL/q4ynvukV/yhD7wPrwcAAAAAAAAAAAAAAAAAQEIPAAAAAAAAAAAAAAAAAEBCDwAAAAAAAAA=
[2022-02-12T07:55:18.598453000Z DEBUG solana_bpf_loader_program] Program 8opHzTAnfzRpPEx21XtnrVTX28YQuCpAjcn1PczScKh consumed 9634 of 200000 compute units
[2022-02-12T07:55:18.598508000Z DEBUG solana_program_runtime::stable_log] Program 8opHzTAnfzRpPEx21XtnrVTX28YQuCpAjcn1PczScKh success
[2022-02-12T07:55:18.608317000Z DEBUG solana_program_runtime::stable_log] Program 8opHzTAnfzRpPEx21XtnrVTX28YQuCpAjcn1PczScKh invoke [1]
[2022-02-12T07:55:18.608706000Z DEBUG solana_program_runtime::stable_log] Program log: Mango: UpdateRootBank
[2022-02-12T07:55:18.610883000Z DEBUG solana_program_runtime::stable_log] Program log: mango-log
[2022-02-12T07:55:18.611492000Z DEBUG solana_program_runtime::stable_log] Program log: 8HmBNKTUaLinbhvP8sZoiDTB3W1sGOUIJSpL/q4ynvukV/yhD7wPrwgAAAAAAAAAAAAAAAAAQEIPAAAAAAAAAAAAAAAAAEBCDwAAAAAAAAA=
[2022-02-12T07:55:18.611615000Z DEBUG solana_bpf_loader_program] Program 8opHzTAnfzRpPEx21XtnrVTX28YQuCpAjcn1PczScKh consumed 9673 of 200000 compute units
[2022-02-12T07:55:18.611666000Z DEBUG solana_program_runtime::stable_log] Program 8opHzTAnfzRpPEx21XtnrVTX28YQuCpAjcn1PczScKh success
[2022-02-12T07:55:18.622669000Z DEBUG solana_program_runtime::stable_log] Program 8opHzTAnfzRpPEx21XtnrVTX28YQuCpAjcn1PczScKh invoke [1]
[2022-02-12T07:55:18.623058000Z DEBUG solana_program_runtime::stable_log] Program log: Mango: UpdateRootBank
[2022-02-12T07:55:18.625244000Z DEBUG solana_program_runtime::stable_log] Program log: mango-log
[2022-02-12T07:55:18.625848000Z DEBUG solana_program_runtime::stable_log] Program log: 8HmBNKTUaLinbhvP8sZoiDTB3W1sGOUIJSpL/q4ynvukV/yhD7wPrwkAAAAAAAAAAAAAAAAAQEIPAAAAAAAAAAAAAAAAAEBCDwAAAAAAAAA=
[2022-02-12T07:55:18.625970000Z DEBUG solana_bpf_loader_program] Program 8opHzTAnfzRpPEx21XtnrVTX28YQuCpAjcn1PczScKh consumed 9712 of 200000 compute units
[2022-02-12T07:55:18.626021000Z DEBUG solana_program_runtime::stable_log] Program 8opHzTAnfzRpPEx21XtnrVTX28YQuCpAjcn1PczScKh success
[2022-02-12T07:55:18.636985000Z DEBUG solana_program_runtime::stable_log] Program 8opHzTAnfzRpPEx21XtnrVTX28YQuCpAjcn1PczScKh invoke [1]
[2022-02-12T07:55:18.637371000Z DEBUG solana_program_runtime::stable_log] Program log: Mango: UpdateRootBank
[2022-02-12T07:55:18.639570000Z DEBUG solana_program_runtime::stable_log] Program log: mango-log
[2022-02-12T07:55:18.640173000Z DEBUG solana_program_runtime::stable_log] Program log: 8HmBNKTUaLinbhvP8sZoiDTB3W1sGOUIJSpL/q4ynvukV/yhD7wPrwoAAAAAAAAAAAAAAAAAQEIPAAAAAAAAAAAAAAAAAEBCDwAAAAAAAAA=
[2022-02-12T07:55:18.640295000Z DEBUG solana_bpf_loader_program] Program 8opHzTAnfzRpPEx21XtnrVTX28YQuCpAjcn1PczScKh consumed 9751 of 200000 compute units
[2022-02-12T07:55:18.640347000Z DEBUG solana_program_runtime::stable_log] Program 8opHzTAnfzRpPEx21XtnrVTX28YQuCpAjcn1PczScKh success
[2022-02-12T07:55:18.651438000Z DEBUG solana_program_runtime::stable_log] Program 8opHzTAnfzRpPEx21XtnrVTX28YQuCpAjcn1PczScKh invoke [1]
[2022-02-12T07:55:18.651833000Z DEBUG solana_program_runtime::stable_log] Program log: Mango: UpdateRootBank
[2022-02-12T07:55:18.654038000Z DEBUG solana_program_runtime::stable_log] Program log: mango-log
[2022-02-12T07:55:18.654642000Z DEBUG solana_program_runtime::stable_log] Program log: 8HmBNKTUaLinbhvP8sZoiDTB3W1sGOUIJSpL/q4ynvukV/yhD7wPrwsAAAAAAAAAAAAAAAAAQEIPAAAAAAAAAAAAAAAAAEBCDwAAAAAAAAA=
[2022-02-12T07:55:18.654764000Z DEBUG solana_bpf_loader_program] Program 8opHzTAnfzRpPEx21XtnrVTX28YQuCpAjcn1PczScKh consumed 9790 of 200000 compute units
[2022-02-12T07:55:18.654818000Z DEBUG solana_program_runtime::stable_log] Program 8opHzTAnfzRpPEx21XtnrVTX28YQuCpAjcn1PczScKh success
[2022-02-12T07:55:18.665658000Z DEBUG solana_program_runtime::stable_log] Program 8opHzTAnfzRpPEx21XtnrVTX28YQuCpAjcn1PczScKh invoke [1]
[2022-02-12T07:55:18.666051000Z DEBUG solana_program_runtime::stable_log] Program log: Mango: UpdateRootBank
[2022-02-12T07:55:18.668278000Z DEBUG solana_program_runtime::stable_log] Program log: mango-log
[2022-02-12T07:55:18.668886000Z DEBUG solana_program_runtime::stable_log] Program log: 8HmBNKTUaLinbhvP8sZoiDTB3W1sGOUIJSpL/q4ynvukV/yhD7wPrwwAAAAAAAAAAAAAAAAAQEIPAAAAAAAAAAAAAAAAAEBCDwAAAAAAAAA=
[2022-02-12T07:55:18.669008000Z DEBUG solana_bpf_loader_program] Program 8opHzTAnfzRpPEx21XtnrVTX28YQuCpAjcn1PczScKh consumed 9829 of 200000 compute units
[2022-02-12T07:55:18.669059000Z DEBUG solana_program_runtime::stable_log] Program 8opHzTAnfzRpPEx21XtnrVTX28YQuCpAjcn1PczScKh success
[2022-02-12T07:55:18.678727000Z DEBUG solana_program_runtime::stable_log] Program 8opHzTAnfzRpPEx21XtnrVTX28YQuCpAjcn1PczScKh invoke [1]
[2022-02-12T07:55:18.679117000Z DEBUG solana_program_runtime::stable_log] Program log: Mango: UpdateRootBank
[2022-02-12T07:55:18.681356000Z DEBUG solana_program_runtime::stable_log] Program log: mango-log
[2022-02-12T07:55:18.681972000Z DEBUG solana_program_runtime::stable_log] Program log: 8HmBNKTUaLinbhvP8sZoiDTB3W1sGOUIJSpL/q4ynvukV/yhD7wPrw0AAAAAAAAAAAAAAAAAQEIPAAAAAAAAAAAAAAAAAEBCDwAAAAAAAAA=
[2022-02-12T07:55:18.682094000Z DEBUG solana_bpf_loader_program] Program 8opHzTAnfzRpPEx21XtnrVTX28YQuCpAjcn1PczScKh consumed 9868 of 200000 compute units
[2022-02-12T07:55:18.682146000Z DEBUG solana_program_runtime::stable_log] Program 8opHzTAnfzRpPEx21XtnrVTX28YQuCpAjcn1PczScKh success
[2022-02-12T07:55:18.691925000Z DEBUG solana_program_runtime::stable_log] Program 8opHzTAnfzRpPEx21XtnrVTX28YQuCpAjcn1PczScKh invoke [1]
[2022-02-12T07:55:18.692313000Z DEBUG solana_program_runtime::stable_log] Program log: Mango: UpdateRootBank
[2022-02-12T07:55:18.694562000Z DEBUG solana_program_runtime::stable_log] Program log: mango-log
[2022-02-12T07:55:18.695166000Z DEBUG solana_program_runtime::stable_log] Program log: 8HmBNKTUaLinbhvP8sZoiDTB3W1sGOUIJSpL/q4ynvukV/yhD7wPrw4AAAAAAAAAAAAAAAAAQEIPAAAAAAAAAAAAAAAAAEBCDwAAAAAAAAA=
[2022-02-12T07:55:18.695288000Z DEBUG solana_bpf_loader_program] Program 8opHzTAnfzRpPEx21XtnrVTX28YQuCpAjcn1PczScKh consumed 9907 of 200000 compute units
[2022-02-12T07:55:18.695343000Z DEBUG solana_program_runtime::stable_log] Program 8opHzTAnfzRpPEx21XtnrVTX28YQuCpAjcn1PczScKh success
[2022-02-12T07:55:18.706355000Z DEBUG solana_program_runtime::stable_log] Program 8opHzTAnfzRpPEx21XtnrVTX28YQuCpAjcn1PczScKh invoke [1]
[2022-02-12T07:55:18.706749000Z DEBUG solana_program_runtime::stable_log] Program log: Mango: UpdateRootBank
[2022-02-12T07:55:18.709014000Z DEBUG solana_program_runtime::stable_log] Program log: mango-log
[2022-02-12T07:55:18.709621000Z DEBUG solana_program_runtime::stable_log] Program log: 8HmBNKTUaLinbhvP8sZoiDTB3W1sGOUIJSpL/q4ynvukV/yhD7wPrw8AAAAAAAAAAAAAAAAAQEIPAAAAAAAAAAAAAAAAAEBCDwAAAAAAAAA=
[2022-02-12T07:55:18.709743000Z DEBUG solana_bpf_loader_program] Program 8opHzTAnfzRpPEx21XtnrVTX28YQuCpAjcn1PczScKh consumed 9946 of 200000 compute units
[2022-02-12T07:55:18.709795000Z DEBUG solana_program_runtime::stable_log] Program 8opHzTAnfzRpPEx21XtnrVTX28YQuCpAjcn1PczScKh success
[2022-02-12T07:55:18.720681000Z DEBUG solana_program_runtime::stable_log] Program 8opHzTAnfzRpPEx21XtnrVTX28YQuCpAjcn1PczScKh invoke [1]
[2022-02-12T07:55:18.721121000Z DEBUG solana_program_runtime::stable_log] Program log: Mango: UpdateFunding
[2022-02-12T07:55:18.722217000Z DEBUG solana_program_runtime::stable_log] Program log: mango-log
[2022-02-12T07:55:18.722827000Z DEBUG solana_program_runtime::stable_log] Program log: ta5iwCEXTXunbhvP8sZoiDTB3W1sGOUIJSpL/q4ynvukV/yhD7wPrwAAAAAAAAAAAAAAAAAAAAAAAAAAAAAAAAAAAAAAAAAAAAAAAAAAAAA=
[2022-02-12T07:55:18.722973000Z DEBUG solana_bpf_loader_program] Program 8opHzTAnfzRpPEx21XtnrVTX28YQuCpAjcn1PczScKh consumed 6381 of 200000 compute units
[2022-02-12T07:55:18.723040000Z DEBUG solana_program_runtime::stable_log] Program 8opHzTAnfzRpPEx21XtnrVTX28YQuCpAjcn1PczScKh success
[2022-02-12T07:55:18.733615000Z DEBUG solana_program_runtime::stable_log] Program 8opHzTAnfzRpPEx21XtnrVTX28YQuCpAjcn1PczScKh invoke [1]
[2022-02-12T07:55:18.734060000Z DEBUG solana_program_runtime::stable_log] Program log: Mango: UpdateFunding
[2022-02-12T07:55:18.735169000Z DEBUG solana_program_runtime::stable_log] Program log: mango-log
[2022-02-12T07:55:18.735778000Z DEBUG solana_program_runtime::stable_log] Program log: ta5iwCEXTXunbhvP8sZoiDTB3W1sGOUIJSpL/q4ynvukV/yhD7wPrwEAAAAAAAAAAAAAAAAAAAAAAAAAAAAAAAAAAAAAAAAAAAAAAAAAAAA=
[2022-02-12T07:55:18.735925000Z DEBUG solana_bpf_loader_program] Program 8opHzTAnfzRpPEx21XtnrVTX28YQuCpAjcn1PczScKh consumed 6421 of 200000 compute units
[2022-02-12T07:55:18.735991000Z DEBUG solana_program_runtime::stable_log] Program 8opHzTAnfzRpPEx21XtnrVTX28YQuCpAjcn1PczScKh success
[2022-02-12T07:55:18.746965000Z DEBUG solana_program_runtime::stable_log] Program 8opHzTAnfzRpPEx21XtnrVTX28YQuCpAjcn1PczScKh invoke [1]
[2022-02-12T07:55:18.747408000Z DEBUG solana_program_runtime::stable_log] Program log: Mango: UpdateFunding
[2022-02-12T07:55:18.748527000Z DEBUG solana_program_runtime::stable_log] Program log: mango-log
[2022-02-12T07:55:18.749133000Z DEBUG solana_program_runtime::stable_log] Program log: ta5iwCEXTXunbhvP8sZoiDTB3W1sGOUIJSpL/q4ynvukV/yhD7wPrwIAAAAAAAAAAAAAAAAAAAAAAAAAAAAAAAAAAAAAAAAAAAAAAAAAAAA=
[2022-02-12T07:55:18.749281000Z DEBUG solana_bpf_loader_program] Program 8opHzTAnfzRpPEx21XtnrVTX28YQuCpAjcn1PczScKh consumed 6460 of 200000 compute units
[2022-02-12T07:55:18.749346000Z DEBUG solana_program_runtime::stable_log] Program 8opHzTAnfzRpPEx21XtnrVTX28YQuCpAjcn1PczScKh success
[2022-02-12T07:55:18.759938000Z DEBUG solana_program_runtime::stable_log] Program 8opHzTAnfzRpPEx21XtnrVTX28YQuCpAjcn1PczScKh invoke [1]
[2022-02-12T07:55:18.760378000Z DEBUG solana_program_runtime::stable_log] Program log: Mango: UpdateFunding
[2022-02-12T07:55:18.761516000Z DEBUG solana_program_runtime::stable_log] Program log: mango-log
[2022-02-12T07:55:18.762125000Z DEBUG solana_program_runtime::stable_log] Program log: ta5iwCEXTXunbhvP8sZoiDTB3W1sGOUIJSpL/q4ynvukV/yhD7wPrwMAAAAAAAAAAAAAAAAAAAAAAAAAAAAAAAAAAAAAAAAAAAAAAAAAAAA=
[2022-02-12T07:55:18.762271000Z DEBUG solana_bpf_loader_program] Program 8opHzTAnfzRpPEx21XtnrVTX28YQuCpAjcn1PczScKh consumed 6499 of 200000 compute units
[2022-02-12T07:55:18.762336000Z DEBUG solana_program_runtime::stable_log] Program 8opHzTAnfzRpPEx21XtnrVTX28YQuCpAjcn1PczScKh success
[2022-02-12T07:55:18.772901000Z DEBUG solana_program_runtime::stable_log] Program 8opHzTAnfzRpPEx21XtnrVTX28YQuCpAjcn1PczScKh invoke [1]
[2022-02-12T07:55:18.773339000Z DEBUG solana_program_runtime::stable_log] Program log: Mango: UpdateFunding
[2022-02-12T07:55:18.774488000Z DEBUG solana_program_runtime::stable_log] Program log: mango-log
[2022-02-12T07:55:18.775091000Z DEBUG solana_program_runtime::stable_log] Program log: ta5iwCEXTXunbhvP8sZoiDTB3W1sGOUIJSpL/q4ynvukV/yhD7wPrwQAAAAAAAAAAAAAAAAAAAAAAAAAAAAAAAAAAAAAAAAAAAAAAAAAAAA=
[2022-02-12T07:55:18.775238000Z DEBUG solana_bpf_loader_program] Program 8opHzTAnfzRpPEx21XtnrVTX28YQuCpAjcn1PczScKh consumed 6538 of 200000 compute units
[2022-02-12T07:55:18.775302000Z DEBUG solana_program_runtime::stable_log] Program 8opHzTAnfzRpPEx21XtnrVTX28YQuCpAjcn1PczScKh success
[2022-02-12T07:55:18.786965000Z DEBUG solana_program_runtime::stable_log] Program 8opHzTAnfzRpPEx21XtnrVTX28YQuCpAjcn1PczScKh invoke [1]
[2022-02-12T07:55:18.787409000Z DEBUG solana_program_runtime::stable_log] Program log: Mango: UpdateFunding
[2022-02-12T07:55:18.788568000Z DEBUG solana_program_runtime::stable_log] Program log: mango-log
[2022-02-12T07:55:18.789171000Z DEBUG solana_program_runtime::stable_log] Program log: ta5iwCEXTXunbhvP8sZoiDTB3W1sGOUIJSpL/q4ynvukV/yhD7wPrwUAAAAAAAAAAAAAAAAAAAAAAAAAAAAAAAAAAAAAAAAAAAAAAAAAAAA=
[2022-02-12T07:55:18.789318000Z DEBUG solana_bpf_loader_program] Program 8opHzTAnfzRpPEx21XtnrVTX28YQuCpAjcn1PczScKh consumed 6577 of 200000 compute units
[2022-02-12T07:55:18.789382000Z DEBUG solana_program_runtime::stable_log] Program 8opHzTAnfzRpPEx21XtnrVTX28YQuCpAjcn1PczScKh success
[2022-02-12T07:55:18.801155000Z DEBUG solana_program_runtime::stable_log] Program 8opHzTAnfzRpPEx21XtnrVTX28YQuCpAjcn1PczScKh invoke [1]
[2022-02-12T07:55:18.801597000Z DEBUG solana_program_runtime::stable_log] Program log: Mango: UpdateFunding
[2022-02-12T07:55:18.802778000Z DEBUG solana_program_runtime::stable_log] Program log: mango-log
[2022-02-12T07:55:18.803388000Z DEBUG solana_program_runtime::stable_log] Program log: ta5iwCEXTXunbhvP8sZoiDTB3W1sGOUIJSpL/q4ynvukV/yhD7wPrwYAAAAAAAAAAAAAAAAAAAAAAAAAAAAAAAAAAAAAAAAAAAAAAAAAAAA=
[2022-02-12T07:55:18.803536000Z DEBUG solana_bpf_loader_program] Program 8opHzTAnfzRpPEx21XtnrVTX28YQuCpAjcn1PczScKh consumed 6616 of 200000 compute units
[2022-02-12T07:55:18.803600000Z DEBUG solana_program_runtime::stable_log] Program 8opHzTAnfzRpPEx21XtnrVTX28YQuCpAjcn1PczScKh success
[2022-02-12T07:55:18.814149000Z DEBUG solana_program_runtime::stable_log] Program 8opHzTAnfzRpPEx21XtnrVTX28YQuCpAjcn1PczScKh invoke [1]
[2022-02-12T07:55:18.814601000Z DEBUG solana_program_runtime::stable_log] Program log: Mango: UpdateFunding
[2022-02-12T07:55:18.815782000Z DEBUG solana_program_runtime::stable_log] Program log: mango-log
[2022-02-12T07:55:18.816388000Z DEBUG solana_program_runtime::stable_log] Program log: ta5iwCEXTXunbhvP8sZoiDTB3W1sGOUIJSpL/q4ynvukV/yhD7wPrwcAAAAAAAAAAAAAAAAAAAAAAAAAAAAAAAAAAAAAAAAAAAAAAAAAAAA=
[2022-02-12T07:55:18.816535000Z DEBUG solana_bpf_loader_program] Program 8opHzTAnfzRpPEx21XtnrVTX28YQuCpAjcn1PczScKh consumed 6655 of 200000 compute units
[2022-02-12T07:55:18.816599000Z DEBUG solana_program_runtime::stable_log] Program 8opHzTAnfzRpPEx21XtnrVTX28YQuCpAjcn1PczScKh success
[2022-02-12T07:55:18.827329000Z DEBUG solana_program_runtime::stable_log] Program 8opHzTAnfzRpPEx21XtnrVTX28YQuCpAjcn1PczScKh invoke [1]
[2022-02-12T07:55:18.827774000Z DEBUG solana_program_runtime::stable_log] Program log: Mango: UpdateFunding
[2022-02-12T07:55:18.828975000Z DEBUG solana_program_runtime::stable_log] Program log: mango-log
[2022-02-12T07:55:18.829578000Z DEBUG solana_program_runtime::stable_log] Program log: ta5iwCEXTXunbhvP8sZoiDTB3W1sGOUIJSpL/q4ynvukV/yhD7wPrwgAAAAAAAAAAAAAAAAAAAAAAAAAAAAAAAAAAAAAAAAAAAAAAAAAAAA=
[2022-02-12T07:55:18.829726000Z DEBUG solana_bpf_loader_program] Program 8opHzTAnfzRpPEx21XtnrVTX28YQuCpAjcn1PczScKh consumed 6694 of 200000 compute units
[2022-02-12T07:55:18.829794000Z DEBUG solana_program_runtime::stable_log] Program 8opHzTAnfzRpPEx21XtnrVTX28YQuCpAjcn1PczScKh success
[2022-02-12T07:55:18.840333000Z DEBUG solana_program_runtime::stable_log] Program 8opHzTAnfzRpPEx21XtnrVTX28YQuCpAjcn1PczScKh invoke [1]
[2022-02-12T07:55:18.840785000Z DEBUG solana_program_runtime::stable_log] Program log: Mango: UpdateFunding
[2022-02-12T07:55:18.842002000Z DEBUG solana_program_runtime::stable_log] Program log: mango-log
[2022-02-12T07:55:18.842613000Z DEBUG solana_program_runtime::stable_log] Program log: ta5iwCEXTXunbhvP8sZoiDTB3W1sGOUIJSpL/q4ynvukV/yhD7wPrwkAAAAAAAAAAAAAAAAAAAAAAAAAAAAAAAAAAAAAAAAAAAAAAAAAAAA=
[2022-02-12T07:55:18.842760000Z DEBUG solana_bpf_loader_program] Program 8opHzTAnfzRpPEx21XtnrVTX28YQuCpAjcn1PczScKh consumed 6733 of 200000 compute units
[2022-02-12T07:55:18.842825000Z DEBUG solana_program_runtime::stable_log] Program 8opHzTAnfzRpPEx21XtnrVTX28YQuCpAjcn1PczScKh success
[2022-02-12T07:55:18.853312000Z DEBUG solana_program_runtime::stable_log] Program 8opHzTAnfzRpPEx21XtnrVTX28YQuCpAjcn1PczScKh invoke [1]
[2022-02-12T07:55:18.853766000Z DEBUG solana_program_runtime::stable_log] Program log: Mango: UpdateFunding
[2022-02-12T07:55:18.854990000Z DEBUG solana_program_runtime::stable_log] Program log: mango-log
[2022-02-12T07:55:18.855601000Z DEBUG solana_program_runtime::stable_log] Program log: ta5iwCEXTXunbhvP8sZoiDTB3W1sGOUIJSpL/q4ynvukV/yhD7wPrwoAAAAAAAAAAAAAAAAAAAAAAAAAAAAAAAAAAAAAAAAAAAAAAAAAAAA=
[2022-02-12T07:55:18.855747000Z DEBUG solana_bpf_loader_program] Program 8opHzTAnfzRpPEx21XtnrVTX28YQuCpAjcn1PczScKh consumed 6772 of 200000 compute units
[2022-02-12T07:55:18.855812000Z DEBUG solana_program_runtime::stable_log] Program 8opHzTAnfzRpPEx21XtnrVTX28YQuCpAjcn1PczScKh success
[2022-02-12T07:55:18.866199000Z DEBUG solana_program_runtime::stable_log] Program 8opHzTAnfzRpPEx21XtnrVTX28YQuCpAjcn1PczScKh invoke [1]
[2022-02-12T07:55:18.866654000Z DEBUG solana_program_runtime::stable_log] Program log: Mango: UpdateFunding
[2022-02-12T07:55:18.867899000Z DEBUG solana_program_runtime::stable_log] Program log: mango-log
[2022-02-12T07:55:18.868507000Z DEBUG solana_program_runtime::stable_log] Program log: ta5iwCEXTXunbhvP8sZoiDTB3W1sGOUIJSpL/q4ynvukV/yhD7wPrwsAAAAAAAAAAAAAAAAAAAAAAAAAAAAAAAAAAAAAAAAAAAAAAAAAAAA=
[2022-02-12T07:55:18.868653000Z DEBUG solana_bpf_loader_program] Program 8opHzTAnfzRpPEx21XtnrVTX28YQuCpAjcn1PczScKh consumed 6811 of 200000 compute units
[2022-02-12T07:55:18.868718000Z DEBUG solana_program_runtime::stable_log] Program 8opHzTAnfzRpPEx21XtnrVTX28YQuCpAjcn1PczScKh success
[2022-02-12T07:55:18.880376000Z DEBUG solana_program_runtime::stable_log] Program 8opHzTAnfzRpPEx21XtnrVTX28YQuCpAjcn1PczScKh invoke [1]
[2022-02-12T07:55:18.880840000Z DEBUG solana_program_runtime::stable_log] Program log: Mango: UpdateFunding
[2022-02-12T07:55:18.882096000Z DEBUG solana_program_runtime::stable_log] Program log: mango-log
[2022-02-12T07:55:18.882706000Z DEBUG solana_program_runtime::stable_log] Program log: ta5iwCEXTXunbhvP8sZoiDTB3W1sGOUIJSpL/q4ynvukV/yhD7wPrwwAAAAAAAAAAAAAAAAAAAAAAAAAAAAAAAAAAAAAAAAAAAAAAAAAAAA=
[2022-02-12T07:55:18.882851000Z DEBUG solana_bpf_loader_program] Program 8opHzTAnfzRpPEx21XtnrVTX28YQuCpAjcn1PczScKh consumed 6850 of 200000 compute units
[2022-02-12T07:55:18.882917000Z DEBUG solana_program_runtime::stable_log] Program 8opHzTAnfzRpPEx21XtnrVTX28YQuCpAjcn1PczScKh success
[2022-02-12T07:55:18.893294000Z DEBUG solana_program_runtime::stable_log] Program 8opHzTAnfzRpPEx21XtnrVTX28YQuCpAjcn1PczScKh invoke [1]
[2022-02-12T07:55:18.893737000Z DEBUG solana_program_runtime::stable_log] Program log: Mango: UpdateFunding
[2022-02-12T07:55:18.895008000Z DEBUG solana_program_runtime::stable_log] Program log: mango-log
[2022-02-12T07:55:18.895614000Z DEBUG solana_program_runtime::stable_log] Program log: ta5iwCEXTXunbhvP8sZoiDTB3W1sGOUIJSpL/q4ynvukV/yhD7wPrw0AAAAAAAAAAAAAAAAAAAAAAAAAAAAAAAAAAAAAAAAAAAAAAAAAAAA=
[2022-02-12T07:55:18.895763000Z DEBUG solana_bpf_loader_program] Program 8opHzTAnfzRpPEx21XtnrVTX28YQuCpAjcn1PczScKh consumed 6889 of 200000 compute units
[2022-02-12T07:55:18.895828000Z DEBUG solana_program_runtime::stable_log] Program 8opHzTAnfzRpPEx21XtnrVTX28YQuCpAjcn1PczScKh success
[2022-02-12T07:55:18.906713000Z DEBUG solana_program_runtime::stable_log] Program 8opHzTAnfzRpPEx21XtnrVTX28YQuCpAjcn1PczScKh invoke [1]
[2022-02-12T07:55:18.907159000Z DEBUG solana_program_runtime::stable_log] Program log: Mango: UpdateFunding
[2022-02-12T07:55:18.908439000Z DEBUG solana_program_runtime::stable_log] Program log: mango-log
[2022-02-12T07:55:18.909050000Z DEBUG solana_program_runtime::stable_log] Program log: ta5iwCEXTXunbhvP8sZoiDTB3W1sGOUIJSpL/q4ynvukV/yhD7wPrw4AAAAAAAAAAAAAAAAAAAAAAAAAAAAAAAAAAAAAAAAAAAAAAAAAAAA=
[2022-02-12T07:55:18.909196000Z DEBUG solana_bpf_loader_program] Program 8opHzTAnfzRpPEx21XtnrVTX28YQuCpAjcn1PczScKh consumed 6928 of 200000 compute units
[2022-02-12T07:55:18.909260000Z DEBUG solana_program_runtime::stable_log] Program 8opHzTAnfzRpPEx21XtnrVTX28YQuCpAjcn1PczScKh success
[2022-02-12T07:55:18.923317000Z DEBUG solana_program_runtime::stable_log] Program 8opHzTAnfzRpPEx21XtnrVTX28YQuCpAjcn1PczScKh invoke [1]
[2022-02-12T07:55:18.924496000Z DEBUG solana_program_runtime::stable_log] Program log: Mango: CacheRootBanks
[2022-02-12T07:55:18.928257000Z DEBUG solana_program_runtime::stable_log] Program log: mango-log
[2022-02-12T07:55:18.931149000Z DEBUG solana_program_runtime::stable_log] Program log: IVXYca/GfeinbhvP8sZoiDTB3W1sGOUIJSpL/q4ynvukV/yhD7wPrxAAAAAAAAAAAAAAAAEAAAAAAAAAAgAAAAAAAAADAAAAAAAAAAQAAAAAAAAABQAAAAAAAAAGAAAAAAAAAAcAAAAAAAAACAAAAAAAAAAJAAAAAAAAAAoAAAAAAAAACwAAAAAAAAAMAAAAAAAAAA0AAAAAAAAADgAAAAAAAAAPAAAAAAAAABAAAAAAAAAAAABAQg8AAAAAAAAAAAAAAAAAQEIPAAAAAAAAAAAAAAAAAEBCDwAAAAAAAAAAAAAAAABAQg8AAAAAAAAAAAAAAAAAQEIPAAAAAAAAAAAAAAAAAEBCDwAAAAAAAAAAAAAAAABAQg8AAAAAAAAAAAAAAAAAQEIPAAAAAAAAAAAAAAAAAEBCDwAAAAAAAAAAAAAAAABAQg8AAAAAAAAAAAAAAAAAQEIPAAAAAAAAAAAAAAAAAEBCDwAAAAAAAAAAAAAAAABAQg8AAAAAAAAAAAAAAAAAQEIPAAAAAAAAAAAAAAAAAEBCDwAAAAAAAAAAAAAAAABAQg8AAAAAAAAAEAAAAAAAAAAAAEBCDwAAAAAAAAAAAAAAAABAQg8AAAAAAAAAAAAAAAAAQEIPAAAAAAAAAAAAAAAAAEBCDwAAAAAAAAAAAAAAAABAQg8AAAAAAAAAAAAAAAAAQEIPAAAAAAAAAAAAAAAAAEBCDwAAAAAAAAAAAAAAAABAQg8AAAAAAAAAAAAAAAAAQEIPAAAAAAAAAAAAAAAAAEBCDwAAAAAAAAAAAAAAAABAQg8AAAAAAAAAAAAAAAAAQEIPAAAAAAAAAAAAAAAAAEBCDwAAAAAAAAAAAAAAAABAQg8AAAAAAAAAAAAAAAAAQEIPAAAAAAAAAAAAAAAAAEBCDwAAAAAAAAA=
[2022-02-12T07:55:18.931562000Z DEBUG solana_bpf_loader_program] Program 8opHzTAnfzRpPEx21XtnrVTX28YQuCpAjcn1PczScKh consumed 24418 of 200000 compute units
[2022-02-12T07:55:18.931634000Z DEBUG solana_program_runtime::stable_log] Program 8opHzTAnfzRpPEx21XtnrVTX28YQuCpAjcn1PczScKh success
[2022-02-12T07:55:18.946884000Z DEBUG solana_program_runtime::stable_log] Program 8opHzTAnfzRpPEx21XtnrVTX28YQuCpAjcn1PczScKh invoke [1]
[2022-02-12T07:55:18.947992000Z DEBUG solana_program_runtime::stable_log] Program log: Mango: CachePerpMarkets
[2022-02-12T07:55:18.951682000Z DEBUG solana_program_runtime::stable_log] Program log: mango-log
[2022-02-12T07:55:18.954375000Z DEBUG solana_program_runtime::stable_log] Program log: 9lt9JxCzqw6nbhvP8sZoiDTB3W1sGOUIJSpL/q4ynvukV/yhD7wPrw8AAAAAAAAAAAAAAAEAAAAAAAAAAgAAAAAAAAADAAAAAAAAAAQAAAAAAAAABQAAAAAAAAAGAAAAAAAAAAcAAAAAAAAACAAAAAAAAAAJAAAAAAAAAAoAAAAAAAAACwAAAAAAAAAMAAAAAAAAAA0AAAAAAAAADgAAAAAAAAAPAAAAAAAAAAAAAAAAAAAAAAAAAAAAAAAAAAAAAAAAAAAAAAAAAAAAAAAAAAAAAAAAAAAAAAAAAAAAAAAAAAAAAAAAAAAAAAAAAAAAAAAAAAAAAAAAAAAAAAAAAAAAAAAAAAAAAAAAAAAAAAAAAAAAAAAAAAAAAAAAAAAAAAAAAAAAAAAAAAAAAAAAAAAAAAAAAAAAAAAAAAAAAAAAAAAAAAAAAAAAAAAAAAAAAAAAAAAAAAAAAAAAAAAAAAAAAAAAAAAAAAAAAAAAAAAAAAAAAAAAAAAAAAAAAAAAAAAAAAAAAAAAAAAAAAAAAAAAAAAAAAAADwAAAAAAAAAAAAAAAAAAAAAAAAAAAAAAAAAAAAAAAAAAAAAAAAAAAAAAAAAAAAAAAAAAAAAAAAAAAAAAAAAAAAAAAAAAAAAAAAAAAAAAAAAAAAAAAAAAAAAAAAAAAAAAAAAAAAAAAAAAAAAAAAAAAAAAAAAAAAAAAAAAAAAAAAAAAAAAAAAAAAAAAAAAAAAAAAAAAAAAAAAAAAAAAAAAAAAAAAAAAAAAAAAAAAAAAAAAAAAAAAAAAAAAAAAAAAAAAAAAAAAAAAAAAAAAAAAAAAAAAAAAAAAAAAAAAAAAAAAAAAAAAAAAAAAAAAAAAAAAAAAAAA==
[2022-02-12T07:55:18.954768000Z DEBUG solana_bpf_loader_program] Program 8opHzTAnfzRpPEx21XtnrVTX28YQuCpAjcn1PczScKh consumed 23463 of 200000 compute units
[2022-02-12T07:55:18.954840000Z DEBUG solana_program_runtime::stable_log] Program 8opHzTAnfzRpPEx21XtnrVTX28YQuCpAjcn1PczScKh success
[2022-02-12T07:55:18.967833000Z DEBUG solana_program_runtime::stable_log] Program 8opHzTAnfzRpPEx21XtnrVTX28YQuCpAjcn1PczScKh invoke [1]
[2022-02-12T07:55:18.969034000Z DEBUG solana_program_runtime::stable_log] Program log: Mango: PlacePerpOrder client_order_id=10000
[2022-02-12T07:55:18.978691000Z DEBUG solana_program_runtime::stable_log] Program log: ask on book order_id=2767011611056432742400001 quantity=10000 price=150000
[2022-02-12T07:55:18.979521000Z DEBUG solana_bpf_loader_program] Program 8opHzTAnfzRpPEx21XtnrVTX28YQuCpAjcn1PczScKh consumed 34758 of 200000 compute units
[2022-02-12T07:55:18.979601000Z DEBUG solana_program_runtime::stable_log] Program 8opHzTAnfzRpPEx21XtnrVTX28YQuCpAjcn1PczScKh success
[2022-02-12T07:55:18.994021000Z DEBUG solana_program_runtime::stable_log] Program 8opHzTAnfzRpPEx21XtnrVTX28YQuCpAjcn1PczScKh invoke [1]
[2022-02-12T07:55:18.995205000Z DEBUG solana_program_runtime::stable_log] Program log: Mango: PlacePerpOrder client_order_id=10001
[2022-02-12T07:55:19.005158000Z DEBUG solana_program_runtime::stable_log] Program log: ask on book order_id=2767011611056432742400001 quantity=10000 price=150000
[2022-02-12T07:55:19.005983000Z DEBUG solana_bpf_loader_program] Program 8opHzTAnfzRpPEx21XtnrVTX28YQuCpAjcn1PczScKh consumed 35814 of 200000 compute units
[2022-02-12T07:55:19.006064000Z DEBUG solana_program_runtime::stable_log] Program 8opHzTAnfzRpPEx21XtnrVTX28YQuCpAjcn1PczScKh success
[2022-02-12T07:55:19.020022000Z DEBUG solana_program_runtime::stable_log] Program 8opHzTAnfzRpPEx21XtnrVTX28YQuCpAjcn1PczScKh invoke [1]
[2022-02-12T07:55:19.021297000Z DEBUG solana_program_runtime::stable_log] Program log: Mango: PlacePerpOrder client_order_id=10002
[2022-02-12T07:55:19.031804000Z DEBUG solana_program_runtime::stable_log] Program log: ask on book order_id=2767011611056432742400001 quantity=10000 price=150000
[2022-02-12T07:55:19.032643000Z DEBUG solana_bpf_loader_program] Program 8opHzTAnfzRpPEx21XtnrVTX28YQuCpAjcn1PczScKh consumed 36868 of 200000 compute units
[2022-02-12T07:55:19.032769000Z DEBUG solana_program_runtime::stable_log] Program 8opHzTAnfzRpPEx21XtnrVTX28YQuCpAjcn1PczScKh success
[2022-02-12T07:55:19.046229000Z DEBUG solana_program_runtime::stable_log] Program 8opHzTAnfzRpPEx21XtnrVTX28YQuCpAjcn1PczScKh invoke [1]
[2022-02-12T07:55:19.047437000Z DEBUG solana_program_runtime::stable_log] Program log: Mango: PlacePerpOrder client_order_id=10003
[2022-02-12T07:55:19.058187000Z DEBUG solana_program_runtime::stable_log] Program log: ask on book order_id=27670116110564327424000001 quantity=1000 price=1500000
[2022-02-12T07:55:19.059024000Z DEBUG solana_bpf_loader_program] Program 8opHzTAnfzRpPEx21XtnrVTX28YQuCpAjcn1PczScKh consumed 38152 of 200000 compute units
[2022-02-12T07:55:19.059107000Z DEBUG solana_program_runtime::stable_log] Program 8opHzTAnfzRpPEx21XtnrVTX28YQuCpAjcn1PczScKh success
[2022-02-12T07:55:19.074410000Z DEBUG solana_program_runtime::stable_log] Program 8opHzTAnfzRpPEx21XtnrVTX28YQuCpAjcn1PczScKh invoke [1]
[2022-02-12T07:55:19.075614000Z DEBUG solana_program_runtime::stable_log] Program log: Mango: PlacePerpOrder client_order_id=10004
[2022-02-12T07:55:19.086546000Z DEBUG solana_program_runtime::stable_log] Program log: ask on book order_id=276701161105643274240000001 quantity=10 price=15000000
[2022-02-12T07:55:19.087379000Z DEBUG solana_bpf_loader_program] Program 8opHzTAnfzRpPEx21XtnrVTX28YQuCpAjcn1PczScKh consumed 38607 of 200000 compute units
[2022-02-12T07:55:19.087463000Z DEBUG solana_program_runtime::stable_log] Program 8opHzTAnfzRpPEx21XtnrVTX28YQuCpAjcn1PczScKh success
[2022-02-12T07:55:19.101563000Z DEBUG solana_program_runtime::stable_log] Program 8opHzTAnfzRpPEx21XtnrVTX28YQuCpAjcn1PczScKh invoke [1]
[2022-02-12T07:55:19.102754000Z DEBUG solana_program_runtime::stable_log] Program log: Mango: PlacePerpOrder client_order_id=10005
[2022-02-12T07:55:19.114158000Z DEBUG solana_program_runtime::stable_log] Program log: ask on book order_id=276701161105643274240000001 quantity=10 price=15000000
[2022-02-12T07:55:19.114979000Z DEBUG solana_bpf_loader_program] Program 8opHzTAnfzRpPEx21XtnrVTX28YQuCpAjcn1PczScKh consumed 40171 of 200000 compute units
[2022-02-12T07:55:19.115061000Z DEBUG solana_program_runtime::stable_log] Program 8opHzTAnfzRpPEx21XtnrVTX28YQuCpAjcn1PczScKh success
[2022-02-12T07:55:19.128616000Z DEBUG solana_program_runtime::stable_log] Program 8opHzTAnfzRpPEx21XtnrVTX28YQuCpAjcn1PczScKh invoke [1]
[2022-02-12T07:55:19.129801000Z DEBUG solana_program_runtime::stable_log] Program log: Mango: PlacePerpOrder client_order_id=10006
[2022-02-12T07:55:19.141505000Z DEBUG solana_program_runtime::stable_log] Program log: ask on book order_id=2767011611056432742400001 quantity=10000 price=150000
[2022-02-12T07:55:19.142334000Z DEBUG solana_bpf_loader_program] Program 8opHzTAnfzRpPEx21XtnrVTX28YQuCpAjcn1PczScKh consumed 41085 of 200000 compute units
[2022-02-12T07:55:19.142414000Z DEBUG solana_program_runtime::stable_log] Program 8opHzTAnfzRpPEx21XtnrVTX28YQuCpAjcn1PczScKh success
[2022-02-12T07:55:19.157342000Z DEBUG solana_program_runtime::stable_log] Program 8opHzTAnfzRpPEx21XtnrVTX28YQuCpAjcn1PczScKh invoke [1]
[2022-02-12T07:55:19.158533000Z DEBUG solana_program_runtime::stable_log] Program log: Mango: PlacePerpOrder client_order_id=10007
[2022-02-12T07:55:19.170594000Z DEBUG solana_program_runtime::stable_log] Program log: ask on book order_id=2767011611056432742400001 quantity=10000 price=150000
[2022-02-12T07:55:19.171417000Z DEBUG solana_bpf_loader_program] Program 8opHzTAnfzRpPEx21XtnrVTX28YQuCpAjcn1PczScKh consumed 42139 of 200000 compute units
[2022-02-12T07:55:19.171499000Z DEBUG solana_program_runtime::stable_log] Program 8opHzTAnfzRpPEx21XtnrVTX28YQuCpAjcn1PczScKh success
[2022-02-12T07:55:19.184606000Z DEBUG solana_program_runtime::stable_log] Program 8opHzTAnfzRpPEx21XtnrVTX28YQuCpAjcn1PczScKh invoke [1]
[2022-02-12T07:55:19.185787000Z DEBUG solana_program_runtime::stable_log] Program log: Mango: PlacePerpOrder client_order_id=10008
[2022-02-12T07:55:19.198199000Z DEBUG solana_program_runtime::stable_log] Program log: ask on book order_id=2767011611056432742400001 quantity=10000 price=150000
[2022-02-12T07:55:19.199025000Z DEBUG solana_bpf_loader_program] Program 8opHzTAnfzRpPEx21XtnrVTX28YQuCpAjcn1PczScKh consumed 43193 of 200000 compute units
[2022-02-12T07:55:19.199102000Z DEBUG solana_program_runtime::stable_log] Program 8opHzTAnfzRpPEx21XtnrVTX28YQuCpAjcn1PczScKh success
[2022-02-12T07:55:19.212761000Z DEBUG solana_program_runtime::stable_log] Program 8opHzTAnfzRpPEx21XtnrVTX28YQuCpAjcn1PczScKh invoke [1]
[2022-02-12T07:55:19.213942000Z DEBUG solana_program_runtime::stable_log] Program log: Mango: PlacePerpOrder client_order_id=10009
[2022-02-12T07:55:19.226704000Z DEBUG solana_program_runtime::stable_log] Program log: ask on book order_id=2767011611056432742400001 quantity=10000 price=150000
[2022-02-12T07:55:19.227526000Z DEBUG solana_bpf_loader_program] Program 8opHzTAnfzRpPEx21XtnrVTX28YQuCpAjcn1PczScKh consumed 44248 of 200000 compute units
[2022-02-12T07:55:19.227609000Z DEBUG solana_program_runtime::stable_log] Program 8opHzTAnfzRpPEx21XtnrVTX28YQuCpAjcn1PczScKh success
[2022-02-12T07:55:19.242383000Z DEBUG solana_program_runtime::stable_log] Program 8opHzTAnfzRpPEx21XtnrVTX28YQuCpAjcn1PczScKh invoke [1]
[2022-02-12T07:55:19.243581000Z DEBUG solana_program_runtime::stable_log] Program log: Mango: PlacePerpOrder client_order_id=10010
[2022-02-12T07:55:19.256702000Z DEBUG solana_program_runtime::stable_log] Program log: ask on book order_id=2767011611056432742400001 quantity=10000 price=150000
[2022-02-12T07:55:19.257531000Z DEBUG solana_bpf_loader_program] Program 8opHzTAnfzRpPEx21XtnrVTX28YQuCpAjcn1PczScKh consumed 45302 of 200000 compute units
[2022-02-12T07:55:19.257613000Z DEBUG solana_program_runtime::stable_log] Program 8opHzTAnfzRpPEx21XtnrVTX28YQuCpAjcn1PczScKh success
[2022-02-12T07:55:19.272273000Z DEBUG solana_program_runtime::stable_log] Program 8opHzTAnfzRpPEx21XtnrVTX28YQuCpAjcn1PczScKh invoke [1]
[2022-02-12T07:55:19.273450000Z DEBUG solana_program_runtime::stable_log] Program log: Mango: PlacePerpOrder client_order_id=10011
[2022-02-12T07:55:19.286915000Z DEBUG solana_program_runtime::stable_log] Program log: ask on book order_id=2767011611056432742400001 quantity=10000 price=150000
[2022-02-12T07:55:19.287745000Z DEBUG solana_bpf_loader_program] Program 8opHzTAnfzRpPEx21XtnrVTX28YQuCpAjcn1PczScKh consumed 46356 of 200000 compute units
[2022-02-12T07:55:19.287822000Z DEBUG solana_program_runtime::stable_log] Program 8opHzTAnfzRpPEx21XtnrVTX28YQuCpAjcn1PczScKh success
[2022-02-12T07:55:19.301557000Z DEBUG solana_program_runtime::stable_log] Program 8opHzTAnfzRpPEx21XtnrVTX28YQuCpAjcn1PczScKh invoke [1]
[2022-02-12T07:55:19.302743000Z DEBUG solana_program_runtime::stable_log] Program log: Mango: PlacePerpOrder client_order_id=10012
[2022-02-12T07:55:19.316544000Z DEBUG solana_program_runtime::stable_log] Program log: ask on book order_id=2767011611056432742400001 quantity=10000 price=150000
[2022-02-12T07:55:19.317372000Z DEBUG solana_bpf_loader_program] Program 8opHzTAnfzRpPEx21XtnrVTX28YQuCpAjcn1PczScKh consumed 47410 of 200000 compute units
[2022-02-12T07:55:19.317451000Z DEBUG solana_program_runtime::stable_log] Program 8opHzTAnfzRpPEx21XtnrVTX28YQuCpAjcn1PczScKh success
[2022-02-12T07:55:19.331667000Z DEBUG solana_program_runtime::stable_log] Program 8opHzTAnfzRpPEx21XtnrVTX28YQuCpAjcn1PczScKh invoke [1]
[2022-02-12T07:55:19.332870000Z DEBUG solana_program_runtime::stable_log] Program log: Mango: PlacePerpOrder client_order_id=10013
[2022-02-12T07:55:19.347042000Z DEBUG solana_program_runtime::stable_log] Program log: ask on book order_id=2767011611056432742400001 quantity=10000 price=150000
[2022-02-12T07:55:19.347868000Z DEBUG solana_bpf_loader_program] Program 8opHzTAnfzRpPEx21XtnrVTX28YQuCpAjcn1PczScKh consumed 48464 of 200000 compute units
[2022-02-12T07:55:19.347956000Z DEBUG solana_program_runtime::stable_log] Program 8opHzTAnfzRpPEx21XtnrVTX28YQuCpAjcn1PczScKh success
[2022-02-12T07:55:19.361242000Z DEBUG solana_program_runtime::stable_log] Program 8opHzTAnfzRpPEx21XtnrVTX28YQuCpAjcn1PczScKh invoke [1]
[2022-02-12T07:55:19.362427000Z DEBUG solana_program_runtime::stable_log] Program log: Mango: PlacePerpOrder client_order_id=10014
[2022-02-12T07:55:19.376926000Z DEBUG solana_program_runtime::stable_log] Program log: ask on book order_id=2767011611056432742400001 quantity=10000 price=150000
[2022-02-12T07:55:19.377751000Z DEBUG solana_bpf_loader_program] Program 8opHzTAnfzRpPEx21XtnrVTX28YQuCpAjcn1PczScKh consumed 49519 of 200000 compute units
[2022-02-12T07:55:19.377838000Z DEBUG solana_program_runtime::stable_log] Program 8opHzTAnfzRpPEx21XtnrVTX28YQuCpAjcn1PczScKh success
[2022-02-12T07:55:19.416428000Z DEBUG solana_program_runtime::stable_log] Program 8opHzTAnfzRpPEx21XtnrVTX28YQuCpAjcn1PczScKh invoke [1]
[2022-02-12T07:55:19.417559000Z DEBUG solana_program_runtime::stable_log] Program log: Mango: CachePrices
[2022-02-12T07:55:19.420629000Z DEBUG solana_program_runtime::stable_log] Program log: mango-log
[2022-02-12T07:55:19.422441000Z DEBUG solana_program_runtime::stable_log] Program log: ux0uSxX5tBunbhvP8sZoiDTB3W1sGOUIJSpL/q4ynvukV/yhD7wPrw8AAAAAAAAAAAAAAAEAAAAAAAAAAgAAAAAAAAADAAAAAAAAAAQAAAAAAAAABQAAAAAAAAAGAAAAAAAAAAcAAAAAAAAACAAAAAAAAAAJAAAAAAAAAAoAAAAAAAAACwAAAAAAAAAMAAAAAAAAAA0AAAAAAAAADgAAAAAAAAAPAAAAAAAAAAAAmDoAAAAAAAAAAAAAAAAAAJg6AAAAAAAAAAAAAAAAAACYOgAAAAAAAAAAAAAAAAAAmDoAAAAAAAAAAAAAAAAAAA8AAAAAAAAAAAAAAAAAAACYOgAAAAAAAAAAAAAAAAAAmDoAAAAAAAAAAAAAAAAAAJg6AAAAAAAAAAAAAAAAAACYOgAAAAAAAAAAAAAAAAAAmDoAAAAAAAAAAAAAAAAAAJg6AAAAAAAAAAAAAAAAAACYOgAAAAAAAAAAAAAAAAAAmDoAAAAAAAAAAAAAAAAAAJg6AAAAAAAAAAAAAAAAAACYOgAAAAAAAAAA
[2022-02-12T07:55:19.422830000Z DEBUG solana_bpf_loader_program] Program 8opHzTAnfzRpPEx21XtnrVTX28YQuCpAjcn1PczScKh consumed 18318 of 200000 compute units
[2022-02-12T07:55:19.422911000Z DEBUG solana_program_runtime::stable_log] Program 8opHzTAnfzRpPEx21XtnrVTX28YQuCpAjcn1PczScKh success
[2022-02-12T07:55:19.433029000Z DEBUG solana_program_runtime::stable_log] Program 8opHzTAnfzRpPEx21XtnrVTX28YQuCpAjcn1PczScKh invoke [1]
[2022-02-12T07:55:19.433424000Z DEBUG solana_program_runtime::stable_log] Program log: Mango: UpdateRootBank
[2022-02-12T07:55:19.435480000Z DEBUG solana_program_runtime::stable_log] Program log: mango-log
[2022-02-12T07:55:19.436084000Z DEBUG solana_program_runtime::stable_log] Program log: 8HmBNKTUaLinbhvP8sZoiDTB3W1sGOUIJSpL/q4ynvukV/yhD7wPrwAAAAAAAAAAAAAAAAAAQEIPAAAAAAAAAAAAAAAAAEBCDwAAAAAAAAA=
[2022-02-12T07:55:19.436207000Z DEBUG solana_bpf_loader_program] Program 8opHzTAnfzRpPEx21XtnrVTX28YQuCpAjcn1PczScKh consumed 9360 of 200000 compute units
[2022-02-12T07:55:19.436258000Z DEBUG solana_program_runtime::stable_log] Program 8opHzTAnfzRpPEx21XtnrVTX28YQuCpAjcn1PczScKh success
[2022-02-12T07:55:19.446111000Z DEBUG solana_program_runtime::stable_log] Program 8opHzTAnfzRpPEx21XtnrVTX28YQuCpAjcn1PczScKh invoke [1]
[2022-02-12T07:55:19.446498000Z DEBUG solana_program_runtime::stable_log] Program log: Mango: UpdateRootBank
[2022-02-12T07:55:19.448566000Z DEBUG solana_program_runtime::stable_log] Program log: mango-log
[2022-02-12T07:55:19.449172000Z DEBUG solana_program_runtime::stable_log] Program log: 8HmBNKTUaLinbhvP8sZoiDTB3W1sGOUIJSpL/q4ynvukV/yhD7wPrwEAAAAAAAAAAAAAAAAAQEIPAAAAAAAAAAAAAAAAAEBCDwAAAAAAAAA=
[2022-02-12T07:55:19.449296000Z DEBUG solana_bpf_loader_program] Program 8opHzTAnfzRpPEx21XtnrVTX28YQuCpAjcn1PczScKh consumed 9400 of 200000 compute units
[2022-02-12T07:55:19.449347000Z DEBUG solana_program_runtime::stable_log] Program 8opHzTAnfzRpPEx21XtnrVTX28YQuCpAjcn1PczScKh success
[2022-02-12T07:55:19.459253000Z DEBUG solana_program_runtime::stable_log] Program 8opHzTAnfzRpPEx21XtnrVTX28YQuCpAjcn1PczScKh invoke [1]
[2022-02-12T07:55:19.459636000Z DEBUG solana_program_runtime::stable_log] Program log: Mango: UpdateRootBank
[2022-02-12T07:55:19.461726000Z DEBUG solana_program_runtime::stable_log] Program log: mango-log
[2022-02-12T07:55:19.462330000Z DEBUG solana_program_runtime::stable_log] Program log: 8HmBNKTUaLinbhvP8sZoiDTB3W1sGOUIJSpL/q4ynvukV/yhD7wPrwIAAAAAAAAAAAAAAAAAQEIPAAAAAAAAAAAAAAAAAEBCDwAAAAAAAAA=
[2022-02-12T07:55:19.462452000Z DEBUG solana_bpf_loader_program] Program 8opHzTAnfzRpPEx21XtnrVTX28YQuCpAjcn1PczScKh consumed 9439 of 200000 compute units
[2022-02-12T07:55:19.462503000Z DEBUG solana_program_runtime::stable_log] Program 8opHzTAnfzRpPEx21XtnrVTX28YQuCpAjcn1PczScKh success
[2022-02-12T07:55:19.472510000Z DEBUG solana_program_runtime::stable_log] Program 8opHzTAnfzRpPEx21XtnrVTX28YQuCpAjcn1PczScKh invoke [1]
[2022-02-12T07:55:19.472898000Z DEBUG solana_program_runtime::stable_log] Program log: Mango: UpdateRootBank
[2022-02-12T07:55:19.474995000Z DEBUG solana_program_runtime::stable_log] Program log: mango-log
[2022-02-12T07:55:19.475605000Z DEBUG solana_program_runtime::stable_log] Program log: 8HmBNKTUaLinbhvP8sZoiDTB3W1sGOUIJSpL/q4ynvukV/yhD7wPrwMAAAAAAAAAAAAAAAAAQEIPAAAAAAAAAAAAAAAAAEBCDwAAAAAAAAA=
[2022-02-12T07:55:19.475727000Z DEBUG solana_bpf_loader_program] Program 8opHzTAnfzRpPEx21XtnrVTX28YQuCpAjcn1PczScKh consumed 9478 of 200000 compute units
[2022-02-12T07:55:19.475778000Z DEBUG solana_program_runtime::stable_log] Program 8opHzTAnfzRpPEx21XtnrVTX28YQuCpAjcn1PczScKh success
[2022-02-12T07:55:19.485631000Z DEBUG solana_program_runtime::stable_log] Program 8opHzTAnfzRpPEx21XtnrVTX28YQuCpAjcn1PczScKh invoke [1]
[2022-02-12T07:55:19.486023000Z DEBUG solana_program_runtime::stable_log] Program log: Mango: UpdateRootBank
[2022-02-12T07:55:19.488155000Z DEBUG solana_program_runtime::stable_log] Program log: mango-log
[2022-02-12T07:55:19.488764000Z DEBUG solana_program_runtime::stable_log] Program log: 8HmBNKTUaLinbhvP8sZoiDTB3W1sGOUIJSpL/q4ynvukV/yhD7wPrwQAAAAAAAAAAAAAAAAAQEIPAAAAAAAAAAAAAAAAAEBCDwAAAAAAAAA=
[2022-02-12T07:55:19.488887000Z DEBUG solana_bpf_loader_program] Program 8opHzTAnfzRpPEx21XtnrVTX28YQuCpAjcn1PczScKh consumed 9517 of 200000 compute units
[2022-02-12T07:55:19.488939000Z DEBUG solana_program_runtime::stable_log] Program 8opHzTAnfzRpPEx21XtnrVTX28YQuCpAjcn1PczScKh success
[2022-02-12T07:55:19.500460000Z DEBUG solana_program_runtime::stable_log] Program 8opHzTAnfzRpPEx21XtnrVTX28YQuCpAjcn1PczScKh invoke [1]
[2022-02-12T07:55:19.500852000Z DEBUG solana_program_runtime::stable_log] Program log: Mango: UpdateRootBank
[2022-02-12T07:55:19.502978000Z DEBUG solana_program_runtime::stable_log] Program log: mango-log
[2022-02-12T07:55:19.503582000Z DEBUG solana_program_runtime::stable_log] Program log: 8HmBNKTUaLinbhvP8sZoiDTB3W1sGOUIJSpL/q4ynvukV/yhD7wPrwUAAAAAAAAAAAAAAAAAQEIPAAAAAAAAAAAAAAAAAEBCDwAAAAAAAAA=
[2022-02-12T07:55:19.503707000Z DEBUG solana_bpf_loader_program] Program 8opHzTAnfzRpPEx21XtnrVTX28YQuCpAjcn1PczScKh consumed 9556 of 200000 compute units
[2022-02-12T07:55:19.503758000Z DEBUG solana_program_runtime::stable_log] Program 8opHzTAnfzRpPEx21XtnrVTX28YQuCpAjcn1PczScKh success
[2022-02-12T07:55:19.513590000Z DEBUG solana_program_runtime::stable_log] Program 8opHzTAnfzRpPEx21XtnrVTX28YQuCpAjcn1PczScKh invoke [1]
[2022-02-12T07:55:19.513982000Z DEBUG solana_program_runtime::stable_log] Program log: Mango: UpdateRootBank
[2022-02-12T07:55:19.516121000Z DEBUG solana_program_runtime::stable_log] Program log: mango-log
[2022-02-12T07:55:19.516724000Z DEBUG solana_program_runtime::stable_log] Program log: 8HmBNKTUaLinbhvP8sZoiDTB3W1sGOUIJSpL/q4ynvukV/yhD7wPrwYAAAAAAAAAAAAAAAAAQEIPAAAAAAAAAAAAAAAAAEBCDwAAAAAAAAA=
[2022-02-12T07:55:19.516847000Z DEBUG solana_bpf_loader_program] Program 8opHzTAnfzRpPEx21XtnrVTX28YQuCpAjcn1PczScKh consumed 9595 of 200000 compute units
[2022-02-12T07:55:19.516898000Z DEBUG solana_program_runtime::stable_log] Program 8opHzTAnfzRpPEx21XtnrVTX28YQuCpAjcn1PczScKh success
[2022-02-12T07:55:19.526772000Z DEBUG solana_program_runtime::stable_log] Program 8opHzTAnfzRpPEx21XtnrVTX28YQuCpAjcn1PczScKh invoke [1]
[2022-02-12T07:55:19.527160000Z DEBUG solana_program_runtime::stable_log] Program log: Mango: UpdateRootBank
[2022-02-12T07:55:19.529317000Z DEBUG solana_program_runtime::stable_log] Program log: mango-log
[2022-02-12T07:55:19.529924000Z DEBUG solana_program_runtime::stable_log] Program log: 8HmBNKTUaLinbhvP8sZoiDTB3W1sGOUIJSpL/q4ynvukV/yhD7wPrwcAAAAAAAAAAAAAAAAAQEIPAAAAAAAAAAAAAAAAAEBCDwAAAAAAAAA=
[2022-02-12T07:55:19.530049000Z DEBUG solana_bpf_loader_program] Program 8opHzTAnfzRpPEx21XtnrVTX28YQuCpAjcn1PczScKh consumed 9634 of 200000 compute units
[2022-02-12T07:55:19.530101000Z DEBUG solana_program_runtime::stable_log] Program 8opHzTAnfzRpPEx21XtnrVTX28YQuCpAjcn1PczScKh success
[2022-02-12T07:55:19.539925000Z DEBUG solana_program_runtime::stable_log] Program 8opHzTAnfzRpPEx21XtnrVTX28YQuCpAjcn1PczScKh invoke [1]
[2022-02-12T07:55:19.540314000Z DEBUG solana_program_runtime::stable_log] Program log: Mango: UpdateRootBank
[2022-02-12T07:55:19.542483000Z DEBUG solana_program_runtime::stable_log] Program log: mango-log
[2022-02-12T07:55:19.543087000Z DEBUG solana_program_runtime::stable_log] Program log: 8HmBNKTUaLinbhvP8sZoiDTB3W1sGOUIJSpL/q4ynvukV/yhD7wPrwgAAAAAAAAAAAAAAAAAQEIPAAAAAAAAAAAAAAAAAEBCDwAAAAAAAAA=
[2022-02-12T07:55:19.543209000Z DEBUG solana_bpf_loader_program] Program 8opHzTAnfzRpPEx21XtnrVTX28YQuCpAjcn1PczScKh consumed 9673 of 200000 compute units
[2022-02-12T07:55:19.543261000Z DEBUG solana_program_runtime::stable_log] Program 8opHzTAnfzRpPEx21XtnrVTX28YQuCpAjcn1PczScKh success
[2022-02-12T07:55:19.554235000Z DEBUG solana_program_runtime::stable_log] Program 8opHzTAnfzRpPEx21XtnrVTX28YQuCpAjcn1PczScKh invoke [1]
[2022-02-12T07:55:19.554631000Z DEBUG solana_program_runtime::stable_log] Program log: Mango: UpdateRootBank
[2022-02-12T07:55:19.556814000Z DEBUG solana_program_runtime::stable_log] Program log: mango-log
[2022-02-12T07:55:19.557419000Z DEBUG solana_program_runtime::stable_log] Program log: 8HmBNKTUaLinbhvP8sZoiDTB3W1sGOUIJSpL/q4ynvukV/yhD7wPrwkAAAAAAAAAAAAAAAAAQEIPAAAAAAAAAAAAAAAAAEBCDwAAAAAAAAA=
[2022-02-12T07:55:19.557542000Z DEBUG solana_bpf_loader_program] Program 8opHzTAnfzRpPEx21XtnrVTX28YQuCpAjcn1PczScKh consumed 9712 of 200000 compute units
[2022-02-12T07:55:19.557593000Z DEBUG solana_program_runtime::stable_log] Program 8opHzTAnfzRpPEx21XtnrVTX28YQuCpAjcn1PczScKh success
[2022-02-12T07:55:19.567415000Z DEBUG solana_program_runtime::stable_log] Program 8opHzTAnfzRpPEx21XtnrVTX28YQuCpAjcn1PczScKh invoke [1]
[2022-02-12T07:55:19.567800000Z DEBUG solana_program_runtime::stable_log] Program log: Mango: UpdateRootBank
[2022-02-12T07:55:19.569988000Z DEBUG solana_program_runtime::stable_log] Program log: mango-log
[2022-02-12T07:55:19.570597000Z DEBUG solana_program_runtime::stable_log] Program log: 8HmBNKTUaLinbhvP8sZoiDTB3W1sGOUIJSpL/q4ynvukV/yhD7wPrwoAAAAAAAAAAAAAAAAAQEIPAAAAAAAAAAAAAAAAAEBCDwAAAAAAAAA=
[2022-02-12T07:55:19.570719000Z DEBUG solana_bpf_loader_program] Program 8opHzTAnfzRpPEx21XtnrVTX28YQuCpAjcn1PczScKh consumed 9751 of 200000 compute units
[2022-02-12T07:55:19.570770000Z DEBUG solana_program_runtime::stable_log] Program 8opHzTAnfzRpPEx21XtnrVTX28YQuCpAjcn1PczScKh success
[2022-02-12T07:55:19.581696000Z DEBUG solana_program_runtime::stable_log] Program 8opHzTAnfzRpPEx21XtnrVTX28YQuCpAjcn1PczScKh invoke [1]
[2022-02-12T07:55:19.582086000Z DEBUG solana_program_runtime::stable_log] Program log: Mango: UpdateRootBank
[2022-02-12T07:55:19.584305000Z DEBUG solana_program_runtime::stable_log] Program log: mango-log
[2022-02-12T07:55:19.584909000Z DEBUG solana_program_runtime::stable_log] Program log: 8HmBNKTUaLinbhvP8sZoiDTB3W1sGOUIJSpL/q4ynvukV/yhD7wPrwsAAAAAAAAAAAAAAAAAQEIPAAAAAAAAAAAAAAAAAEBCDwAAAAAAAAA=
[2022-02-12T07:55:19.585031000Z DEBUG solana_bpf_loader_program] Program 8opHzTAnfzRpPEx21XtnrVTX28YQuCpAjcn1PczScKh consumed 9790 of 200000 compute units
[2022-02-12T07:55:19.585083000Z DEBUG solana_program_runtime::stable_log] Program 8opHzTAnfzRpPEx21XtnrVTX28YQuCpAjcn1PczScKh success
[2022-02-12T07:55:19.596119000Z DEBUG solana_program_runtime::stable_log] Program 8opHzTAnfzRpPEx21XtnrVTX28YQuCpAjcn1PczScKh invoke [1]
[2022-02-12T07:55:19.596512000Z DEBUG solana_program_runtime::stable_log] Program log: Mango: UpdateRootBank
[2022-02-12T07:55:19.598735000Z DEBUG solana_program_runtime::stable_log] Program log: mango-log
[2022-02-12T07:55:19.599343000Z DEBUG solana_program_runtime::stable_log] Program log: 8HmBNKTUaLinbhvP8sZoiDTB3W1sGOUIJSpL/q4ynvukV/yhD7wPrwwAAAAAAAAAAAAAAAAAQEIPAAAAAAAAAAAAAAAAAEBCDwAAAAAAAAA=
[2022-02-12T07:55:19.599465000Z DEBUG solana_bpf_loader_program] Program 8opHzTAnfzRpPEx21XtnrVTX28YQuCpAjcn1PczScKh consumed 9829 of 200000 compute units
[2022-02-12T07:55:19.599518000Z DEBUG solana_program_runtime::stable_log] Program 8opHzTAnfzRpPEx21XtnrVTX28YQuCpAjcn1PczScKh success
[2022-02-12T07:55:19.609276000Z DEBUG solana_program_runtime::stable_log] Program 8opHzTAnfzRpPEx21XtnrVTX28YQuCpAjcn1PczScKh invoke [1]
[2022-02-12T07:55:19.609665000Z DEBUG solana_program_runtime::stable_log] Program log: Mango: UpdateRootBank
[2022-02-12T07:55:19.611900000Z DEBUG solana_program_runtime::stable_log] Program log: mango-log
[2022-02-12T07:55:19.612500000Z DEBUG solana_program_runtime::stable_log] Program log: 8HmBNKTUaLinbhvP8sZoiDTB3W1sGOUIJSpL/q4ynvukV/yhD7wPrw0AAAAAAAAAAAAAAAAAQEIPAAAAAAAAAAAAAAAAAEBCDwAAAAAAAAA=
[2022-02-12T07:55:19.612622000Z DEBUG solana_bpf_loader_program] Program 8opHzTAnfzRpPEx21XtnrVTX28YQuCpAjcn1PczScKh consumed 9868 of 200000 compute units
[2022-02-12T07:55:19.612674000Z DEBUG solana_program_runtime::stable_log] Program 8opHzTAnfzRpPEx21XtnrVTX28YQuCpAjcn1PczScKh success
[2022-02-12T07:55:19.622472000Z DEBUG solana_program_runtime::stable_log] Program 8opHzTAnfzRpPEx21XtnrVTX28YQuCpAjcn1PczScKh invoke [1]
[2022-02-12T07:55:19.622855000Z DEBUG solana_program_runtime::stable_log] Program log: Mango: UpdateRootBank
[2022-02-12T07:55:19.625119000Z DEBUG solana_program_runtime::stable_log] Program log: mango-log
[2022-02-12T07:55:19.625719000Z DEBUG solana_program_runtime::stable_log] Program log: 8HmBNKTUaLinbhvP8sZoiDTB3W1sGOUIJSpL/q4ynvukV/yhD7wPrw4AAAAAAAAAAAAAAAAAQEIPAAAAAAAAAAAAAAAAAEBCDwAAAAAAAAA=
[2022-02-12T07:55:19.625840000Z DEBUG solana_bpf_loader_program] Program 8opHzTAnfzRpPEx21XtnrVTX28YQuCpAjcn1PczScKh consumed 9907 of 200000 compute units
[2022-02-12T07:55:19.625892000Z DEBUG solana_program_runtime::stable_log] Program 8opHzTAnfzRpPEx21XtnrVTX28YQuCpAjcn1PczScKh success
[2022-02-12T07:55:19.635703000Z DEBUG solana_program_runtime::stable_log] Program 8opHzTAnfzRpPEx21XtnrVTX28YQuCpAjcn1PczScKh invoke [1]
[2022-02-12T07:55:19.636092000Z DEBUG solana_program_runtime::stable_log] Program log: Mango: UpdateRootBank
[2022-02-12T07:55:19.638349000Z DEBUG solana_program_runtime::stable_log] Program log: mango-log
[2022-02-12T07:55:19.638953000Z DEBUG solana_program_runtime::stable_log] Program log: 8HmBNKTUaLinbhvP8sZoiDTB3W1sGOUIJSpL/q4ynvukV/yhD7wPrw8AAAAAAAAAAAAAAAAAQEIPAAAAAAAAAAAAAAAAAEBCDwAAAAAAAAA=
[2022-02-12T07:55:19.639075000Z DEBUG solana_bpf_loader_program] Program 8opHzTAnfzRpPEx21XtnrVTX28YQuCpAjcn1PczScKh consumed 9946 of 200000 compute units
[2022-02-12T07:55:19.639126000Z DEBUG solana_program_runtime::stable_log] Program 8opHzTAnfzRpPEx21XtnrVTX28YQuCpAjcn1PczScKh success
[2022-02-12T07:55:19.650125000Z DEBUG solana_program_runtime::stable_log] Program 8opHzTAnfzRpPEx21XtnrVTX28YQuCpAjcn1PczScKh invoke [1]
[2022-02-12T07:55:19.650579000Z DEBUG solana_program_runtime::stable_log] Program log: Mango: UpdateFunding
[2022-02-12T07:55:19.651695000Z DEBUG solana_program_runtime::stable_log] Program log: mango-log
[2022-02-12T07:55:19.652304000Z DEBUG solana_program_runtime::stable_log] Program log: ta5iwCEXTXunbhvP8sZoiDTB3W1sGOUIJSpL/q4ynvukV/yhD7wPrwAAAAAAAAAAAAAAAAAAAAAAAAAAAAAAAAAAAAAAAAAAAAAAAAAAAAA=
[2022-02-12T07:55:19.652448000Z DEBUG solana_bpf_loader_program] Program 8opHzTAnfzRpPEx21XtnrVTX28YQuCpAjcn1PczScKh consumed 6423 of 200000 compute units
[2022-02-12T07:55:19.652511000Z DEBUG solana_program_runtime::stable_log] Program 8opHzTAnfzRpPEx21XtnrVTX28YQuCpAjcn1PczScKh success
[2022-02-12T07:55:19.663260000Z DEBUG solana_program_runtime::stable_log] Program 8opHzTAnfzRpPEx21XtnrVTX28YQuCpAjcn1PczScKh invoke [1]
[2022-02-12T07:55:19.663700000Z DEBUG solana_program_runtime::stable_log] Program log: Mango: UpdateFunding
[2022-02-12T07:55:19.664822000Z DEBUG solana_program_runtime::stable_log] Program log: mango-log
[2022-02-12T07:55:19.665426000Z DEBUG solana_program_runtime::stable_log] Program log: ta5iwCEXTXunbhvP8sZoiDTB3W1sGOUIJSpL/q4ynvukV/yhD7wPrwEAAAAAAAAAAAAAAAAAAAAAAAAAAAAAAAAAAAAAAAAAAAAAAAAAAAA=
[2022-02-12T07:55:19.665574000Z DEBUG solana_bpf_loader_program] Program 8opHzTAnfzRpPEx21XtnrVTX28YQuCpAjcn1PczScKh consumed 6463 of 200000 compute units
[2022-02-12T07:55:19.665636000Z DEBUG solana_program_runtime::stable_log] Program 8opHzTAnfzRpPEx21XtnrVTX28YQuCpAjcn1PczScKh success
[2022-02-12T07:55:19.676145000Z DEBUG solana_program_runtime::stable_log] Program 8opHzTAnfzRpPEx21XtnrVTX28YQuCpAjcn1PczScKh invoke [1]
[2022-02-12T07:55:19.676589000Z DEBUG solana_program_runtime::stable_log] Program log: Mango: UpdateFunding
[2022-02-12T07:55:19.677724000Z DEBUG solana_program_runtime::stable_log] Program log: mango-log
[2022-02-12T07:55:19.678327000Z DEBUG solana_program_runtime::stable_log] Program log: ta5iwCEXTXunbhvP8sZoiDTB3W1sGOUIJSpL/q4ynvukV/yhD7wPrwIAAAAAAAAAAAAAAAAAAAAAAAAAAAAAAAAAAAAAAAAAAAAAAAAAAAA=
[2022-02-12T07:55:19.678477000Z DEBUG solana_bpf_loader_program] Program 8opHzTAnfzRpPEx21XtnrVTX28YQuCpAjcn1PczScKh consumed 6502 of 200000 compute units
[2022-02-12T07:55:19.678543000Z DEBUG solana_program_runtime::stable_log] Program 8opHzTAnfzRpPEx21XtnrVTX28YQuCpAjcn1PczScKh success
[2022-02-12T07:55:19.689146000Z DEBUG solana_program_runtime::stable_log] Program 8opHzTAnfzRpPEx21XtnrVTX28YQuCpAjcn1PczScKh invoke [1]
[2022-02-12T07:55:19.689593000Z DEBUG solana_program_runtime::stable_log] Program log: Mango: UpdateFunding
[2022-02-12T07:55:19.690741000Z DEBUG solana_program_runtime::stable_log] Program log: mango-log
[2022-02-12T07:55:19.691342000Z DEBUG solana_program_runtime::stable_log] Program log: ta5iwCEXTXunbhvP8sZoiDTB3W1sGOUIJSpL/q4ynvukV/yhD7wPrwMAAAAAAAAAAAAAAAAAAAAAAAAAAAAAAAAAAAAAAAAAAAAAAAAAAAA=
[2022-02-12T07:55:19.691489000Z DEBUG solana_bpf_loader_program] Program 8opHzTAnfzRpPEx21XtnrVTX28YQuCpAjcn1PczScKh consumed 6541 of 200000 compute units
[2022-02-12T07:55:19.691554000Z DEBUG solana_program_runtime::stable_log] Program 8opHzTAnfzRpPEx21XtnrVTX28YQuCpAjcn1PczScKh success
[2022-02-12T07:55:19.702182000Z DEBUG solana_program_runtime::stable_log] Program 8opHzTAnfzRpPEx21XtnrVTX28YQuCpAjcn1PczScKh invoke [1]
[2022-02-12T07:55:19.702636000Z DEBUG solana_program_runtime::stable_log] Program log: Mango: UpdateFunding
[2022-02-12T07:55:19.703809000Z DEBUG solana_program_runtime::stable_log] Program log: mango-log
[2022-02-12T07:55:19.704414000Z DEBUG solana_program_runtime::stable_log] Program log: ta5iwCEXTXunbhvP8sZoiDTB3W1sGOUIJSpL/q4ynvukV/yhD7wPrwQAAAAAAAAAAAAAAAAAAAAAAAAAAAAAAAAAAAAAAAAAAAAAAAAAAAA=
[2022-02-12T07:55:19.704563000Z DEBUG solana_bpf_loader_program] Program 8opHzTAnfzRpPEx21XtnrVTX28YQuCpAjcn1PczScKh consumed 6585 of 200000 compute units
[2022-02-12T07:55:19.704628000Z DEBUG solana_program_runtime::stable_log] Program 8opHzTAnfzRpPEx21XtnrVTX28YQuCpAjcn1PczScKh success
[2022-02-12T07:55:19.715222000Z DEBUG solana_program_runtime::stable_log] Program 8opHzTAnfzRpPEx21XtnrVTX28YQuCpAjcn1PczScKh invoke [1]
[2022-02-12T07:55:19.715674000Z DEBUG solana_program_runtime::stable_log] Program log: Mango: UpdateFunding
[2022-02-12T07:55:19.716856000Z DEBUG solana_program_runtime::stable_log] Program log: mango-log
[2022-02-12T07:55:19.717465000Z DEBUG solana_program_runtime::stable_log] Program log: ta5iwCEXTXunbhvP8sZoiDTB3W1sGOUIJSpL/q4ynvukV/yhD7wPrwUAAAAAAAAAAAAAAAAAAAAAAAAAAAAAAAAAAAAAAAAAAAAAAAAAAAA=
[2022-02-12T07:55:19.717613000Z DEBUG solana_bpf_loader_program] Program 8opHzTAnfzRpPEx21XtnrVTX28YQuCpAjcn1PczScKh consumed 6624 of 200000 compute units
[2022-02-12T07:55:19.717680000Z DEBUG solana_program_runtime::stable_log] Program 8opHzTAnfzRpPEx21XtnrVTX28YQuCpAjcn1PczScKh success
[2022-02-12T07:55:19.729416000Z DEBUG solana_program_runtime::stable_log] Program 8opHzTAnfzRpPEx21XtnrVTX28YQuCpAjcn1PczScKh invoke [1]
[2022-02-12T07:55:19.729863000Z DEBUG solana_program_runtime::stable_log] Program log: Mango: UpdateFunding
[2022-02-12T07:55:19.731071000Z DEBUG solana_program_runtime::stable_log] Program log: mango-log
[2022-02-12T07:55:19.731676000Z DEBUG solana_program_runtime::stable_log] Program log: ta5iwCEXTXunbhvP8sZoiDTB3W1sGOUIJSpL/q4ynvukV/yhD7wPrwYAAAAAAAAAAAAAAAAAAAAAAAAAAAAAAAAAAAAAAAAAAAAAAAAAAAA=
[2022-02-12T07:55:19.731821000Z DEBUG solana_bpf_loader_program] Program 8opHzTAnfzRpPEx21XtnrVTX28YQuCpAjcn1PczScKh consumed 6658 of 200000 compute units
[2022-02-12T07:55:19.731886000Z DEBUG solana_program_runtime::stable_log] Program 8opHzTAnfzRpPEx21XtnrVTX28YQuCpAjcn1PczScKh success
[2022-02-12T07:55:19.742627000Z DEBUG solana_program_runtime::stable_log] Program 8opHzTAnfzRpPEx21XtnrVTX28YQuCpAjcn1PczScKh invoke [1]
[2022-02-12T07:55:19.743073000Z DEBUG solana_program_runtime::stable_log] Program log: Mango: UpdateFunding
[2022-02-12T07:55:19.744270000Z DEBUG solana_program_runtime::stable_log] Program log: mango-log
[2022-02-12T07:55:19.744879000Z DEBUG solana_program_runtime::stable_log] Program log: ta5iwCEXTXunbhvP8sZoiDTB3W1sGOUIJSpL/q4ynvukV/yhD7wPrwcAAAAAAAAAAAAAAAAAAAAAAAAAAAAAAAAAAAAAAAAAAAAAAAAAAAA=
[2022-02-12T07:55:19.745028000Z DEBUG solana_bpf_loader_program] Program 8opHzTAnfzRpPEx21XtnrVTX28YQuCpAjcn1PczScKh consumed 6697 of 200000 compute units
[2022-02-12T07:55:19.745091000Z DEBUG solana_program_runtime::stable_log] Program 8opHzTAnfzRpPEx21XtnrVTX28YQuCpAjcn1PczScKh success
[2022-02-12T07:55:19.755592000Z DEBUG solana_program_runtime::stable_log] Program 8opHzTAnfzRpPEx21XtnrVTX28YQuCpAjcn1PczScKh invoke [1]
[2022-02-12T07:55:19.756035000Z DEBUG solana_program_runtime::stable_log] Program log: Mango: UpdateFunding
[2022-02-12T07:55:19.757248000Z DEBUG solana_program_runtime::stable_log] Program log: mango-log
[2022-02-12T07:55:19.757855000Z DEBUG solana_program_runtime::stable_log] Program log: ta5iwCEXTXunbhvP8sZoiDTB3W1sGOUIJSpL/q4ynvukV/yhD7wPrwgAAAAAAAAAAAAAAAAAAAAAAAAAAAAAAAAAAAAAAAAAAAAAAAAAAAA=
[2022-02-12T07:55:19.758002000Z DEBUG solana_bpf_loader_program] Program 8opHzTAnfzRpPEx21XtnrVTX28YQuCpAjcn1PczScKh consumed 6736 of 200000 compute units
[2022-02-12T07:55:19.758065000Z DEBUG solana_program_runtime::stable_log] Program 8opHzTAnfzRpPEx21XtnrVTX28YQuCpAjcn1PczScKh success
[2022-02-12T07:55:19.768575000Z DEBUG solana_program_runtime::stable_log] Program 8opHzTAnfzRpPEx21XtnrVTX28YQuCpAjcn1PczScKh invoke [1]
[2022-02-12T07:55:19.769032000Z DEBUG solana_program_runtime::stable_log] Program log: Mango: UpdateFunding
[2022-02-12T07:55:19.770259000Z DEBUG solana_program_runtime::stable_log] Program log: mango-log
[2022-02-12T07:55:19.770869000Z DEBUG solana_program_runtime::stable_log] Program log: ta5iwCEXTXunbhvP8sZoiDTB3W1sGOUIJSpL/q4ynvukV/yhD7wPrwkAAAAAAAAAAAAAAAAAAAAAAAAAAAAAAAAAAAAAAAAAAAAAAAAAAAA=
[2022-02-12T07:55:19.771015000Z DEBUG solana_bpf_loader_program] Program 8opHzTAnfzRpPEx21XtnrVTX28YQuCpAjcn1PczScKh consumed 6775 of 200000 compute units
[2022-02-12T07:55:19.771080000Z DEBUG solana_program_runtime::stable_log] Program 8opHzTAnfzRpPEx21XtnrVTX28YQuCpAjcn1PczScKh success
[2022-02-12T07:55:19.781670000Z DEBUG solana_program_runtime::stable_log] Program 8opHzTAnfzRpPEx21XtnrVTX28YQuCpAjcn1PczScKh invoke [1]
[2022-02-12T07:55:19.782121000Z DEBUG solana_program_runtime::stable_log] Program log: Mango: UpdateFunding
[2022-02-12T07:55:19.783369000Z DEBUG solana_program_runtime::stable_log] Program log: mango-log
[2022-02-12T07:55:19.783979000Z DEBUG solana_program_runtime::stable_log] Program log: ta5iwCEXTXunbhvP8sZoiDTB3W1sGOUIJSpL/q4ynvukV/yhD7wPrwoAAAAAAAAAAAAAAAAAAAAAAAAAAAAAAAAAAAAAAAAAAAAAAAAAAAA=
[2022-02-12T07:55:19.784123000Z DEBUG solana_bpf_loader_program] Program 8opHzTAnfzRpPEx21XtnrVTX28YQuCpAjcn1PczScKh consumed 6814 of 200000 compute units
[2022-02-12T07:55:19.784188000Z DEBUG solana_program_runtime::stable_log] Program 8opHzTAnfzRpPEx21XtnrVTX28YQuCpAjcn1PczScKh success
[2022-02-12T07:55:19.794615000Z DEBUG solana_program_runtime::stable_log] Program 8opHzTAnfzRpPEx21XtnrVTX28YQuCpAjcn1PczScKh invoke [1]
[2022-02-12T07:55:19.795073000Z DEBUG solana_program_runtime::stable_log] Program log: Mango: UpdateFunding
[2022-02-12T07:55:19.796338000Z DEBUG solana_program_runtime::stable_log] Program log: mango-log
[2022-02-12T07:55:19.796944000Z DEBUG solana_program_runtime::stable_log] Program log: ta5iwCEXTXunbhvP8sZoiDTB3W1sGOUIJSpL/q4ynvukV/yhD7wPrwsAAAAAAAAAAAAAAAAAAAAAAAAAAAAAAAAAAAAAAAAAAAAAAAAAAAA=
[2022-02-12T07:55:19.797092000Z DEBUG solana_bpf_loader_program] Program 8opHzTAnfzRpPEx21XtnrVTX28YQuCpAjcn1PczScKh consumed 6853 of 200000 compute units
[2022-02-12T07:55:19.797160000Z DEBUG solana_program_runtime::stable_log] Program 8opHzTAnfzRpPEx21XtnrVTX28YQuCpAjcn1PczScKh success
[2022-02-12T07:55:19.808727000Z DEBUG solana_program_runtime::stable_log] Program 8opHzTAnfzRpPEx21XtnrVTX28YQuCpAjcn1PczScKh invoke [1]
[2022-02-12T07:55:19.809181000Z DEBUG solana_program_runtime::stable_log] Program log: Mango: UpdateFunding
[2022-02-12T07:55:19.810458000Z DEBUG solana_program_runtime::stable_log] Program log: mango-log
[2022-02-12T07:55:19.811063000Z DEBUG solana_program_runtime::stable_log] Program log: ta5iwCEXTXunbhvP8sZoiDTB3W1sGOUIJSpL/q4ynvukV/yhD7wPrwwAAAAAAAAAAAAAAAAAAAAAAAAAAAAAAAAAAAAAAAAAAAAAAAAAAAA=
[2022-02-12T07:55:19.811210000Z DEBUG solana_bpf_loader_program] Program 8opHzTAnfzRpPEx21XtnrVTX28YQuCpAjcn1PczScKh consumed 6892 of 200000 compute units
[2022-02-12T07:55:19.811277000Z DEBUG solana_program_runtime::stable_log] Program 8opHzTAnfzRpPEx21XtnrVTX28YQuCpAjcn1PczScKh success
[2022-02-12T07:55:19.822211000Z DEBUG solana_program_runtime::stable_log] Program 8opHzTAnfzRpPEx21XtnrVTX28YQuCpAjcn1PczScKh invoke [1]
[2022-02-12T07:55:19.822657000Z DEBUG solana_program_runtime::stable_log] Program log: Mango: UpdateFunding
[2022-02-12T07:55:19.823936000Z DEBUG solana_program_runtime::stable_log] Program log: mango-log
[2022-02-12T07:55:19.824545000Z DEBUG solana_program_runtime::stable_log] Program log: ta5iwCEXTXunbhvP8sZoiDTB3W1sGOUIJSpL/q4ynvukV/yhD7wPrw0AAAAAAAAAAAAAAAAAAAAAAAAAAAAAAAAAAAAAAAAAAAAAAAAAAAA=
[2022-02-12T07:55:19.824691000Z DEBUG solana_bpf_loader_program] Program 8opHzTAnfzRpPEx21XtnrVTX28YQuCpAjcn1PczScKh consumed 6931 of 200000 compute units
[2022-02-12T07:55:19.824757000Z DEBUG solana_program_runtime::stable_log] Program 8opHzTAnfzRpPEx21XtnrVTX28YQuCpAjcn1PczScKh success
[2022-02-12T07:55:19.835183000Z DEBUG solana_program_runtime::stable_log] Program 8opHzTAnfzRpPEx21XtnrVTX28YQuCpAjcn1PczScKh invoke [1]
[2022-02-12T07:55:19.835623000Z DEBUG solana_program_runtime::stable_log] Program log: Mango: UpdateFunding
[2022-02-12T07:55:19.836925000Z DEBUG solana_program_runtime::stable_log] Program log: mango-log
[2022-02-12T07:55:19.837532000Z DEBUG solana_program_runtime::stable_log] Program log: ta5iwCEXTXunbhvP8sZoiDTB3W1sGOUIJSpL/q4ynvukV/yhD7wPrw4AAAAAAAAAAAAAAAAAAAAAAAAAAAAAAAAAAAAAAAAAAAAAAAAAAAA=
[2022-02-12T07:55:19.837674000Z DEBUG solana_bpf_loader_program] Program 8opHzTAnfzRpPEx21XtnrVTX28YQuCpAjcn1PczScKh consumed 6970 of 200000 compute units
[2022-02-12T07:55:19.837738000Z DEBUG solana_program_runtime::stable_log] Program 8opHzTAnfzRpPEx21XtnrVTX28YQuCpAjcn1PczScKh success
[2022-02-12T07:55:19.851756000Z DEBUG solana_program_runtime::stable_log] Program 8opHzTAnfzRpPEx21XtnrVTX28YQuCpAjcn1PczScKh invoke [1]
[2022-02-12T07:55:19.852917000Z DEBUG solana_program_runtime::stable_log] Program log: Mango: CacheRootBanks
[2022-02-12T07:55:19.856669000Z DEBUG solana_program_runtime::stable_log] Program log: mango-log
[2022-02-12T07:55:19.859562000Z DEBUG solana_program_runtime::stable_log] Program log: IVXYca/GfeinbhvP8sZoiDTB3W1sGOUIJSpL/q4ynvukV/yhD7wPrxAAAAAAAAAAAAAAAAEAAAAAAAAAAgAAAAAAAAADAAAAAAAAAAQAAAAAAAAABQAAAAAAAAAGAAAAAAAAAAcAAAAAAAAACAAAAAAAAAAJAAAAAAAAAAoAAAAAAAAACwAAAAAAAAAMAAAAAAAAAA0AAAAAAAAADgAAAAAAAAAPAAAAAAAAABAAAAAAAAAAAABAQg8AAAAAAAAAAAAAAAAAQEIPAAAAAAAAAAAAAAAAAEBCDwAAAAAAAAAAAAAAAABAQg8AAAAAAAAAAAAAAAAAQEIPAAAAAAAAAAAAAAAAAEBCDwAAAAAAAAAAAAAAAABAQg8AAAAAAAAAAAAAAAAAQEIPAAAAAAAAAAAAAAAAAEBCDwAAAAAAAAAAAAAAAABAQg8AAAAAAAAAAAAAAAAAQEIPAAAAAAAAAAAAAAAAAEBCDwAAAAAAAAAAAAAAAABAQg8AAAAAAAAAAAAAAAAAQEIPAAAAAAAAAAAAAAAAAEBCDwAAAAAAAAAAAAAAAABAQg8AAAAAAAAAEAAAAAAAAAAAAEBCDwAAAAAAAAAAAAAAAABAQg8AAAAAAAAAAAAAAAAAQEIPAAAAAAAAAAAAAAAAAEBCDwAAAAAAAAAAAAAAAABAQg8AAAAAAAAAAAAAAAAAQEIPAAAAAAAAAAAAAAAAAEBCDwAAAAAAAAAAAAAAAABAQg8AAAAAAAAAAAAAAAAAQEIPAAAAAAAAAAAAAAAAAEBCDwAAAAAAAAAAAAAAAABAQg8AAAAAAAAAAAAAAAAAQEIPAAAAAAAAAAAAAAAAAEBCDwAAAAAAAAAAAAAAAABAQg8AAAAAAAAAAAAAAAAAQEIPAAAAAAAAAAAAAAAAAEBCDwAAAAAAAAA=
[2022-02-12T07:55:19.859976000Z DEBUG solana_bpf_loader_program] Program 8opHzTAnfzRpPEx21XtnrVTX28YQuCpAjcn1PczScKh consumed 24418 of 200000 compute units
[2022-02-12T07:55:19.860049000Z DEBUG solana_program_runtime::stable_log] Program 8opHzTAnfzRpPEx21XtnrVTX28YQuCpAjcn1PczScKh success
[2022-02-12T07:55:19.874011000Z DEBUG solana_program_runtime::stable_log] Program 8opHzTAnfzRpPEx21XtnrVTX28YQuCpAjcn1PczScKh invoke [1]
[2022-02-12T07:55:19.875112000Z DEBUG solana_program_runtime::stable_log] Program log: Mango: CachePerpMarkets
[2022-02-12T07:55:19.878809000Z DEBUG solana_program_runtime::stable_log] Program log: mango-log
[2022-02-12T07:55:19.881497000Z DEBUG solana_program_runtime::stable_log] Program log: 9lt9JxCzqw6nbhvP8sZoiDTB3W1sGOUIJSpL/q4ynvukV/yhD7wPrw8AAAAAAAAAAAAAAAEAAAAAAAAAAgAAAAAAAAADAAAAAAAAAAQAAAAAAAAABQAAAAAAAAAGAAAAAAAAAAcAAAAAAAAACAAAAAAAAAAJAAAAAAAAAAoAAAAAAAAACwAAAAAAAAAMAAAAAAAAAA0AAAAAAAAADgAAAAAAAAAPAAAAAAAAAAAAAAAAAAAAAAAAAAAAAAAAAAAAAAAAAAAAAAAAAAAAAAAAAAAAAAAAAAAAAAAAAAAAAAAAAAAAAAAAAAAAAAAAAAAAAAAAAAAAAAAAAAAAAAAAAAAAAAAAAAAAAAAAAAAAAAAAAAAAAAAAAAAAAAAAAAAAAAAAAAAAAAAAAAAAAAAAAAAAAAAAAAAAAAAAAAAAAAAAAAAAAAAAAAAAAAAAAAAAAAAAAAAAAAAAAAAAAAAAAAAAAAAAAAAAAAAAAAAAAAAAAAAAAAAAAAAAAAAAAAAAAAAAAAAAAAAAAAAAAAAAAAAAAAAAAAAADwAAAAAAAAAAAAAAAAAAAAAAAAAAAAAAAAAAAAAAAAAAAAAAAAAAAAAAAAAAAAAAAAAAAAAAAAAAAAAAAAAAAAAAAAAAAAAAAAAAAAAAAAAAAAAAAAAAAAAAAAAAAAAAAAAAAAAAAAAAAAAAAAAAAAAAAAAAAAAAAAAAAAAAAAAAAAAAAAAAAAAAAAAAAAAAAAAAAAAAAAAAAAAAAAAAAAAAAAAAAAAAAAAAAAAAAAAAAAAAAAAAAAAAAAAAAAAAAAAAAAAAAAAAAAAAAAAAAAAAAAAAAAAAAAAAAAAAAAAAAAAAAAAAAAAAAAAAAAAAAAAAAA==
[2022-02-12T07:55:19.881888000Z DEBUG solana_bpf_loader_program] Program 8opHzTAnfzRpPEx21XtnrVTX28YQuCpAjcn1PczScKh consumed 23463 of 200000 compute units
[2022-02-12T07:55:19.881957000Z DEBUG solana_program_runtime::stable_log] Program 8opHzTAnfzRpPEx21XtnrVTX28YQuCpAjcn1PczScKh success
[2022-02-12T07:55:19.896408000Z DEBUG solana_program_runtime::stable_log] Program 8opHzTAnfzRpPEx21XtnrVTX28YQuCpAjcn1PczScKh invoke [1]
[2022-02-12T07:55:19.897035000Z DEBUG solana_program_runtime::stable_log] Program log: Mango: CreateSpotOpenOrders
[2022-02-12T07:55:19.898159000Z DEBUG solana_program_runtime::stable_log] Program 11111111111111111111111111111111 invoke [2]
[2022-02-12T07:55:19.898228000Z DEBUG solana_program_runtime::stable_log] Program 11111111111111111111111111111111 success
[2022-02-12T07:55:19.906628000Z DEBUG solana_program_runtime::stable_log] Program CiDwVBFgWV9E5MvXWoLgnEgn2hK7rJikbvfWavzAQz3 invoke [2]
[2022-02-12T07:55:19.908059000Z DEBUG solana_bpf_loader_program] Program CiDwVBFgWV9E5MvXWoLgnEgn2hK7rJikbvfWavzAQz3 consumed 3417 of 189267 compute units
[2022-02-12T07:55:19.908116000Z DEBUG solana_program_runtime::stable_log] Program CiDwVBFgWV9E5MvXWoLgnEgn2hK7rJikbvfWavzAQz3 success
[2022-02-12T07:55:19.908388000Z DEBUG solana_bpf_loader_program] Program 8opHzTAnfzRpPEx21XtnrVTX28YQuCpAjcn1PczScKh consumed 14558 of 200000 compute units
[2022-02-12T07:55:19.908461000Z DEBUG solana_program_runtime::stable_log] Program 8opHzTAnfzRpPEx21XtnrVTX28YQuCpAjcn1PczScKh success
[2022-02-12T07:55:19.926447000Z DEBUG solana_program_runtime::stable_log] Program 8opHzTAnfzRpPEx21XtnrVTX28YQuCpAjcn1PczScKh invoke [1]
[2022-02-12T07:55:19.928374000Z DEBUG solana_program_runtime::stable_log] Program log: Mango: PlaceSpotOrder
[2022-02-12T07:55:19.954466000Z DEBUG solana_program_runtime::stable_log] Program CiDwVBFgWV9E5MvXWoLgnEgn2hK7rJikbvfWavzAQz3 invoke [2]
[2022-02-12T07:55:19.966851000Z DEBUG solana_program_runtime::stable_log] Program TokenkegQfeZyiNwAJbNbGKPFXCWuBvf9Ss623VQ5DA invoke [3]
[2022-02-12T07:55:19.967292000Z DEBUG solana_program_runtime::stable_log] Program log: Instruction: Transfer
[2022-02-12T07:55:19.968194000Z DEBUG solana_bpf_loader_program] Program TokenkegQfeZyiNwAJbNbGKPFXCWuBvf9Ss623VQ5DA consumed 3121 of 126901 compute units
[2022-02-12T07:55:19.968256000Z DEBUG solana_program_runtime::stable_log] Program TokenkegQfeZyiNwAJbNbGKPFXCWuBvf9Ss623VQ5DA success
[2022-02-12T07:55:19.969041000Z DEBUG solana_bpf_loader_program] Program CiDwVBFgWV9E5MvXWoLgnEgn2hK7rJikbvfWavzAQz3 consumed 18083 of 140691 compute units
[2022-02-12T07:55:19.969156000Z DEBUG solana_program_runtime::stable_log] Program CiDwVBFgWV9E5MvXWoLgnEgn2hK7rJikbvfWavzAQz3 success
[2022-02-12T07:55:19.978992000Z DEBUG solana_program_runtime::stable_log] Program CiDwVBFgWV9E5MvXWoLgnEgn2hK7rJikbvfWavzAQz3 invoke [2]
[2022-02-12T07:55:19.989712000Z DEBUG solana_program_runtime::stable_log] Program TokenkegQfeZyiNwAJbNbGKPFXCWuBvf9Ss623VQ5DA invoke [3]
[2022-02-12T07:55:19.990139000Z DEBUG solana_program_runtime::stable_log] Program log: Instruction: Transfer
[2022-02-12T07:55:19.991039000Z DEBUG solana_bpf_loader_program] Program TokenkegQfeZyiNwAJbNbGKPFXCWuBvf9Ss623VQ5DA consumed 3121 of 109262 compute units
[2022-02-12T07:55:19.991091000Z DEBUG solana_program_runtime::stable_log] Program TokenkegQfeZyiNwAJbNbGKPFXCWuBvf9Ss623VQ5DA success
[2022-02-12T07:55:19.999334000Z DEBUG solana_program_runtime::stable_log] Program TokenkegQfeZyiNwAJbNbGKPFXCWuBvf9Ss623VQ5DA invoke [3]
[2022-02-12T07:55:19.999762000Z DEBUG solana_program_runtime::stable_log] Program log: Instruction: Transfer
[2022-02-12T07:55:20.000664000Z DEBUG solana_bpf_loader_program] Program TokenkegQfeZyiNwAJbNbGKPFXCWuBvf9Ss623VQ5DA consumed 3121 of 103398 compute units
[2022-02-12T07:55:20.000714000Z DEBUG solana_program_runtime::stable_log] Program TokenkegQfeZyiNwAJbNbGKPFXCWuBvf9Ss623VQ5DA success
[2022-02-12T07:55:20.001321000Z DEBUG solana_bpf_loader_program] Program CiDwVBFgWV9E5MvXWoLgnEgn2hK7rJikbvfWavzAQz3 consumed 20205 of 119576 compute units
[2022-02-12T07:55:20.001387000Z DEBUG solana_program_runtime::stable_log] Program CiDwVBFgWV9E5MvXWoLgnEgn2hK7rJikbvfWavzAQz3 success
[2022-02-12T07:55:20.003879000Z DEBUG solana_program_runtime::stable_log] Program log: mango-log
[2022-02-12T07:55:20.004622000Z DEBUG solana_program_runtime::stable_log] Program log: F5qwwQsqqPSnbhvP8sZoiDTB3W1sGOUIJSpL/q4ynvukV/yhD7wPr14EXwKUknDvC82XypHRmqcTJRpr95d8qBri17S2HigkDwAAAAAAAAAAAAAAAAAAAAAAAAAAAAAAAAAAAAAAIE4AAAAAAAAAAA==
[2022-02-12T07:55:20.004674000Z DEBUG solana_program_runtime::stable_log] Program log: mango-log
[2022-02-12T07:55:20.005423000Z DEBUG solana_program_runtime::stable_log] Program log: F5qwwQsqqPSnbhvP8sZoiDTB3W1sGOUIJSpL/q4ynvukV/yhD7wPr14EXwKUknDvC82XypHRmqcTJRpr95d8qBri17S2HigkAAAAAAAAAAAAAAAAAAABAAAAAAAAAAAAAAAAAAAAAAAAAAAAAAAAAA==
[2022-02-12T07:55:20.007413000Z DEBUG solana_program_runtime::stable_log] Program log: mango-log
[2022-02-12T07:55:20.008217000Z DEBUG solana_program_runtime::stable_log] Program log: V4pUNuOCxqynbhvP8sZoiDTB3W1sGOUIJSpL/q4ynvukV/yhD7wPr14EXwKUknDvC82XypHRmqcTJRpr95d8qBri17S2HigkAAAAAAAAAAAAAAAAAAAAAAAAAAAAAAAAAKwj/AYAAAAAAAAAAAAAAAAAAAAAAAAA
[2022-02-12T07:55:20.008819000Z DEBUG solana_bpf_loader_program] Program 8opHzTAnfzRpPEx21XtnrVTX28YQuCpAjcn1PczScKh consumed 122998 of 200000 compute units
[2022-02-12T07:55:20.009026000Z DEBUG solana_program_runtime::stable_log] Program 8opHzTAnfzRpPEx21XtnrVTX28YQuCpAjcn1PczScKh success
[2022-02-12T07:55:20.028208000Z DEBUG solana_program_runtime::stable_log] Program 8opHzTAnfzRpPEx21XtnrVTX28YQuCpAjcn1PczScKh invoke [1]
[2022-02-12T07:55:20.028852000Z DEBUG solana_program_runtime::stable_log] Program log: Mango: CreateSpotOpenOrders
[2022-02-12T07:55:20.029909000Z DEBUG solana_program_runtime::stable_log] Program 11111111111111111111111111111111 invoke [2]
[2022-02-12T07:55:20.029983000Z DEBUG solana_program_runtime::stable_log] Program 11111111111111111111111111111111 success
[2022-02-12T07:55:20.038410000Z DEBUG solana_program_runtime::stable_log] Program CiDwVBFgWV9E5MvXWoLgnEgn2hK7rJikbvfWavzAQz3 invoke [2]
[2022-02-12T07:55:20.039845000Z DEBUG solana_bpf_loader_program] Program CiDwVBFgWV9E5MvXWoLgnEgn2hK7rJikbvfWavzAQz3 consumed 3417 of 190767 compute units
[2022-02-12T07:55:20.039913000Z DEBUG solana_program_runtime::stable_log] Program CiDwVBFgWV9E5MvXWoLgnEgn2hK7rJikbvfWavzAQz3 success
[2022-02-12T07:55:20.040187000Z DEBUG solana_bpf_loader_program] Program 8opHzTAnfzRpPEx21XtnrVTX28YQuCpAjcn1PczScKh consumed 13058 of 200000 compute units
[2022-02-12T07:55:20.040262000Z DEBUG solana_program_runtime::stable_log] Program 8opHzTAnfzRpPEx21XtnrVTX28YQuCpAjcn1PczScKh success
[2022-02-12T07:55:20.058766000Z DEBUG solana_program_runtime::stable_log] Program 8opHzTAnfzRpPEx21XtnrVTX28YQuCpAjcn1PczScKh invoke [1]
[2022-02-12T07:55:20.060692000Z DEBUG solana_program_runtime::stable_log] Program log: Mango: PlaceSpotOrder
[2022-02-12T07:55:20.077968000Z DEBUG solana_program_runtime::stable_log] Program CiDwVBFgWV9E5MvXWoLgnEgn2hK7rJikbvfWavzAQz3 invoke [2]
[2022-02-12T07:55:20.090073000Z DEBUG solana_program_runtime::stable_log] Program TokenkegQfeZyiNwAJbNbGKPFXCWuBvf9Ss623VQ5DA invoke [3]
[2022-02-12T07:55:20.090507000Z DEBUG solana_program_runtime::stable_log] Program log: Instruction: Transfer
[2022-02-12T07:55:20.091431000Z DEBUG solana_bpf_loader_program] Program TokenkegQfeZyiNwAJbNbGKPFXCWuBvf9Ss623VQ5DA consumed 3121 of 155248 compute units
[2022-02-12T07:55:20.091492000Z DEBUG solana_program_runtime::stable_log] Program TokenkegQfeZyiNwAJbNbGKPFXCWuBvf9Ss623VQ5DA success
[2022-02-12T07:55:20.092274000Z DEBUG solana_bpf_loader_program] Program CiDwVBFgWV9E5MvXWoLgnEgn2hK7rJikbvfWavzAQz3 consumed 16702 of 167657 compute units
[2022-02-12T07:55:20.092474000Z DEBUG solana_program_runtime::stable_log] Program CiDwVBFgWV9E5MvXWoLgnEgn2hK7rJikbvfWavzAQz3 success
[2022-02-12T07:55:20.102326000Z DEBUG solana_program_runtime::stable_log] Program CiDwVBFgWV9E5MvXWoLgnEgn2hK7rJikbvfWavzAQz3 invoke [2]
[2022-02-12T07:55:20.112991000Z DEBUG solana_program_runtime::stable_log] Program TokenkegQfeZyiNwAJbNbGKPFXCWuBvf9Ss623VQ5DA invoke [3]
[2022-02-12T07:55:20.113416000Z DEBUG solana_program_runtime::stable_log] Program log: Instruction: Transfer
[2022-02-12T07:55:20.114314000Z DEBUG solana_bpf_loader_program] Program TokenkegQfeZyiNwAJbNbGKPFXCWuBvf9Ss623VQ5DA consumed 3121 of 137609 compute units
[2022-02-12T07:55:20.114363000Z DEBUG solana_program_runtime::stable_log] Program TokenkegQfeZyiNwAJbNbGKPFXCWuBvf9Ss623VQ5DA success
[2022-02-12T07:55:20.122616000Z DEBUG solana_program_runtime::stable_log] Program TokenkegQfeZyiNwAJbNbGKPFXCWuBvf9Ss623VQ5DA invoke [3]
[2022-02-12T07:55:20.123042000Z DEBUG solana_program_runtime::stable_log] Program log: Instruction: Transfer
[2022-02-12T07:55:20.123941000Z DEBUG solana_bpf_loader_program] Program TokenkegQfeZyiNwAJbNbGKPFXCWuBvf9Ss623VQ5DA consumed 3121 of 131745 compute units
[2022-02-12T07:55:20.123990000Z DEBUG solana_program_runtime::stable_log] Program TokenkegQfeZyiNwAJbNbGKPFXCWuBvf9Ss623VQ5DA success
[2022-02-12T07:55:20.124605000Z DEBUG solana_bpf_loader_program] Program CiDwVBFgWV9E5MvXWoLgnEgn2hK7rJikbvfWavzAQz3 consumed 20205 of 147923 compute units
[2022-02-12T07:55:20.124674000Z DEBUG solana_program_runtime::stable_log] Program CiDwVBFgWV9E5MvXWoLgnEgn2hK7rJikbvfWavzAQz3 success
[2022-02-12T07:55:20.126863000Z DEBUG solana_program_runtime::stable_log] Program log: mango-log
[2022-02-12T07:55:20.127605000Z DEBUG solana_program_runtime::stable_log] Program log: F5qwwQsqqPSnbhvP8sZoiDTB3W1sGOUIJSpL/q4ynvukV/yhD7wPr0hYU3OOv6sonDcFTcUostSR5ep+9mm70vOEmbHjwYT9DwAAAAAAAAAAAAAAAAD+mwAAAAAAAAAAAAAAAAAAAAAAAAAAAAAAAA==
[2022-02-12T07:55:20.128247000Z DEBUG solana_program_runtime::stable_log] Program log: mango-log
[2022-02-12T07:55:20.128992000Z DEBUG solana_program_runtime::stable_log] Program log: F5qwwQsqqPSnbhvP8sZoiDTB3W1sGOUIJSpL/q4ynvukV/yhD7wPr0hYU3OOv6sonDcFTcUostSR5ep+9mm70vOEmbHjwYT9AAAAAAAAAAAAAAAAAAAAAAAAAAAAAAAAAAAAAAAAAAAAAAAAAAAAAA==
[2022-02-12T07:55:20.129869000Z DEBUG solana_program_runtime::stable_log] Program log: mango-log
[2022-02-12T07:55:20.130672000Z DEBUG solana_program_runtime::stable_log] Program log: V4pUNuOCxqynbhvP8sZoiDTB3W1sGOUIJSpL/q4ynvukV/yhD7wPr0hYU3OOv6sonDcFTcUostSR5ep+9mm70vOEmbHjwYT9AAAAAAAAAAAAAAAAAAAAAAAAAAAAAAAAAAAAAAAAAAAAAAAAAAAAAAAAAAAAAAAA
[2022-02-12T07:55:20.131275000Z DEBUG solana_bpf_loader_program] Program 8opHzTAnfzRpPEx21XtnrVTX28YQuCpAjcn1PczScKh consumed 91714 of 200000 compute units
[2022-02-12T07:55:20.131473000Z DEBUG solana_program_runtime::stable_log] Program 8opHzTAnfzRpPEx21XtnrVTX28YQuCpAjcn1PczScKh success
[2022-02-12T07:55:20.175806000Z DEBUG solana_program_runtime::stable_log] Program 8opHzTAnfzRpPEx21XtnrVTX28YQuCpAjcn1PczScKh invoke [1]
[2022-02-12T07:55:20.176953000Z DEBUG solana_program_runtime::stable_log] Program log: Mango: CachePrices
[2022-02-12T07:55:20.180013000Z DEBUG solana_program_runtime::stable_log] Program log: mango-log
[2022-02-12T07:55:20.181825000Z DEBUG solana_program_runtime::stable_log] Program log: ux0uSxX5tBunbhvP8sZoiDTB3W1sGOUIJSpL/q4ynvukV/yhD7wPrw8AAAAAAAAAAAAAAAEAAAAAAAAAAgAAAAAAAAADAAAAAAAAAAQAAAAAAAAABQAAAAAAAAAGAAAAAAAAAAcAAAAAAAAACAAAAAAAAAAJAAAAAAAAAAoAAAAAAAAACwAAAAAAAAAMAAAAAAAAAA0AAAAAAAAADgAAAAAAAAAPAAAAAAAAAAAAmDoAAAAAAAAAAAAAAAAAAJg6AAAAAAAAAAAAAAAAAACYOgAAAAAAAAAAAAAAAAAAmDoAAAAAAAAAAAAAAAAAAA8AAAAAAAAAAAAAAAAAAACYOgAAAAAAAAAAAAAAAAAAmDoAAAAAAAAAAAAAAAAAAJg6AAAAAAAAAAAAAAAAAACYOgAAAAAAAAAAAAAAAAAAmDoAAAAAAAAAAAAAAAAAAJg6AAAAAAAAAAAAAAAAAACYOgAAAAAAAAAAAAAAAAAAmDoAAAAAAAAAAAAAAAAAAJg6AAAAAAAAAAAAAAAAAACYOgAAAAAAAAAA
[2022-02-12T07:55:20.182208000Z DEBUG solana_bpf_loader_program] Program 8opHzTAnfzRpPEx21XtnrVTX28YQuCpAjcn1PczScKh consumed 18318 of 200000 compute units
[2022-02-12T07:55:20.182286000Z DEBUG solana_program_runtime::stable_log] Program 8opHzTAnfzRpPEx21XtnrVTX28YQuCpAjcn1PczScKh success
[2022-02-12T07:55:20.192274000Z DEBUG solana_program_runtime::stable_log] Program 8opHzTAnfzRpPEx21XtnrVTX28YQuCpAjcn1PczScKh invoke [1]
[2022-02-12T07:55:20.192662000Z DEBUG solana_program_runtime::stable_log] Program log: Mango: UpdateRootBank
[2022-02-12T07:55:20.194723000Z DEBUG solana_program_runtime::stable_log] Program log: mango-log
[2022-02-12T07:55:20.195326000Z DEBUG solana_program_runtime::stable_log] Program log: 8HmBNKTUaLinbhvP8sZoiDTB3W1sGOUIJSpL/q4ynvukV/yhD7wPrwAAAAAAAAAAAAAAAAAAQEIPAAAAAAAAAAAAAAAAAEBCDwAAAAAAAAA=
[2022-02-12T07:55:20.195448000Z DEBUG solana_bpf_loader_program] Program 8opHzTAnfzRpPEx21XtnrVTX28YQuCpAjcn1PczScKh consumed 9360 of 200000 compute units
[2022-02-12T07:55:20.195499000Z DEBUG solana_program_runtime::stable_log] Program 8opHzTAnfzRpPEx21XtnrVTX28YQuCpAjcn1PczScKh success
[2022-02-12T07:55:20.205540000Z DEBUG solana_program_runtime::stable_log] Program 8opHzTAnfzRpPEx21XtnrVTX28YQuCpAjcn1PczScKh invoke [1]
[2022-02-12T07:55:20.205936000Z DEBUG solana_program_runtime::stable_log] Program log: Mango: UpdateRootBank
[2022-02-12T07:55:20.208010000Z DEBUG solana_program_runtime::stable_log] Program log: mango-log
[2022-02-12T07:55:20.208618000Z DEBUG solana_program_runtime::stable_log] Program log: 8HmBNKTUaLinbhvP8sZoiDTB3W1sGOUIJSpL/q4ynvukV/yhD7wPrwEAAAAAAAAAAAAAAAAAQEIPAAAAAAAAAAAAAAAAAEBCDwAAAAAAAAA=
[2022-02-12T07:55:20.208740000Z DEBUG solana_bpf_loader_program] Program 8opHzTAnfzRpPEx21XtnrVTX28YQuCpAjcn1PczScKh consumed 9400 of 200000 compute units
[2022-02-12T07:55:20.208793000Z DEBUG solana_program_runtime::stable_log] Program 8opHzTAnfzRpPEx21XtnrVTX28YQuCpAjcn1PczScKh success
[2022-02-12T07:55:20.218709000Z DEBUG solana_program_runtime::stable_log] Program 8opHzTAnfzRpPEx21XtnrVTX28YQuCpAjcn1PczScKh invoke [1]
[2022-02-12T07:55:20.219095000Z DEBUG solana_program_runtime::stable_log] Program log: Mango: UpdateRootBank
[2022-02-12T07:55:20.221183000Z DEBUG solana_program_runtime::stable_log] Program log: mango-log
[2022-02-12T07:55:20.221791000Z DEBUG solana_program_runtime::stable_log] Program log: 8HmBNKTUaLinbhvP8sZoiDTB3W1sGOUIJSpL/q4ynvukV/yhD7wPrwIAAAAAAAAAAAAAAAAAQEIPAAAAAAAAAAAAAAAAAEBCDwAAAAAAAAA=
[2022-02-12T07:55:20.221915000Z DEBUG solana_bpf_loader_program] Program 8opHzTAnfzRpPEx21XtnrVTX28YQuCpAjcn1PczScKh consumed 9439 of 200000 compute units
[2022-02-12T07:55:20.221967000Z DEBUG solana_program_runtime::stable_log] Program 8opHzTAnfzRpPEx21XtnrVTX28YQuCpAjcn1PczScKh success
[2022-02-12T07:55:20.231990000Z DEBUG solana_program_runtime::stable_log] Program 8opHzTAnfzRpPEx21XtnrVTX28YQuCpAjcn1PczScKh invoke [1]
[2022-02-12T07:55:20.232381000Z DEBUG solana_program_runtime::stable_log] Program log: Mango: UpdateRootBank
[2022-02-12T07:55:20.234476000Z DEBUG solana_program_runtime::stable_log] Program log: mango-log
[2022-02-12T07:55:20.235078000Z DEBUG solana_program_runtime::stable_log] Program log: 8HmBNKTUaLinbhvP8sZoiDTB3W1sGOUIJSpL/q4ynvukV/yhD7wPrwMAAAAAAAAAAAAAAAAAQEIPAAAAAAAAAAAAAAAAAEBCDwAAAAAAAAA=
[2022-02-12T07:55:20.235202000Z DEBUG solana_bpf_loader_program] Program 8opHzTAnfzRpPEx21XtnrVTX28YQuCpAjcn1PczScKh consumed 9478 of 200000 compute units
[2022-02-12T07:55:20.235254000Z DEBUG solana_program_runtime::stable_log] Program 8opHzTAnfzRpPEx21XtnrVTX28YQuCpAjcn1PczScKh success
[2022-02-12T07:55:20.245111000Z DEBUG solana_program_runtime::stable_log] Program 8opHzTAnfzRpPEx21XtnrVTX28YQuCpAjcn1PczScKh invoke [1]
[2022-02-12T07:55:20.245492000Z DEBUG solana_program_runtime::stable_log] Program log: Mango: UpdateRootBank
[2022-02-12T07:55:20.247605000Z DEBUG solana_program_runtime::stable_log] Program log: mango-log
[2022-02-12T07:55:20.248210000Z DEBUG solana_program_runtime::stable_log] Program log: 8HmBNKTUaLinbhvP8sZoiDTB3W1sGOUIJSpL/q4ynvukV/yhD7wPrwQAAAAAAAAAAAAAAAAAQEIPAAAAAAAAAAAAAAAAAEBCDwAAAAAAAAA=
[2022-02-12T07:55:20.248335000Z DEBUG solana_bpf_loader_program] Program 8opHzTAnfzRpPEx21XtnrVTX28YQuCpAjcn1PczScKh consumed 9517 of 200000 compute units
[2022-02-12T07:55:20.248386000Z DEBUG solana_program_runtime::stable_log] Program 8opHzTAnfzRpPEx21XtnrVTX28YQuCpAjcn1PczScKh success
[2022-02-12T07:55:20.259087000Z DEBUG solana_program_runtime::stable_log] Program 8opHzTAnfzRpPEx21XtnrVTX28YQuCpAjcn1PczScKh invoke [1]
[2022-02-12T07:55:20.259473000Z DEBUG solana_program_runtime::stable_log] Program log: Mango: UpdateRootBank
[2022-02-12T07:55:20.261595000Z DEBUG solana_program_runtime::stable_log] Program log: mango-log
[2022-02-12T07:55:20.262197000Z DEBUG solana_program_runtime::stable_log] Program log: 8HmBNKTUaLinbhvP8sZoiDTB3W1sGOUIJSpL/q4ynvukV/yhD7wPrwUAAAAAAAAAAAAAAAAAQEIPAAAAAAAAAAAAAAAAAEBCDwAAAAAAAAA=
[2022-02-12T07:55:20.262320000Z DEBUG solana_bpf_loader_program] Program 8opHzTAnfzRpPEx21XtnrVTX28YQuCpAjcn1PczScKh consumed 9556 of 200000 compute units
[2022-02-12T07:55:20.262371000Z DEBUG solana_program_runtime::stable_log] Program 8opHzTAnfzRpPEx21XtnrVTX28YQuCpAjcn1PczScKh success
[2022-02-12T07:55:20.272268000Z DEBUG solana_program_runtime::stable_log] Program 8opHzTAnfzRpPEx21XtnrVTX28YQuCpAjcn1PczScKh invoke [1]
[2022-02-12T07:55:20.272655000Z DEBUG solana_program_runtime::stable_log] Program log: Mango: UpdateRootBank
[2022-02-12T07:55:20.274800000Z DEBUG solana_program_runtime::stable_log] Program log: mango-log
[2022-02-12T07:55:20.275405000Z DEBUG solana_program_runtime::stable_log] Program log: 8HmBNKTUaLinbhvP8sZoiDTB3W1sGOUIJSpL/q4ynvukV/yhD7wPrwYAAAAAAAAAAAAAAAAAQEIPAAAAAAAAAAAAAAAAAEBCDwAAAAAAAAA=
[2022-02-12T07:55:20.275528000Z DEBUG solana_bpf_loader_program] Program 8opHzTAnfzRpPEx21XtnrVTX28YQuCpAjcn1PczScKh consumed 9595 of 200000 compute units
[2022-02-12T07:55:20.275582000Z DEBUG solana_program_runtime::stable_log] Program 8opHzTAnfzRpPEx21XtnrVTX28YQuCpAjcn1PczScKh success
[2022-02-12T07:55:20.285466000Z DEBUG solana_program_runtime::stable_log] Program 8opHzTAnfzRpPEx21XtnrVTX28YQuCpAjcn1PczScKh invoke [1]
[2022-02-12T07:55:20.285850000Z DEBUG solana_program_runtime::stable_log] Program log: Mango: UpdateRootBank
[2022-02-12T07:55:20.288009000Z DEBUG solana_program_runtime::stable_log] Program log: mango-log
[2022-02-12T07:55:20.288610000Z DEBUG solana_program_runtime::stable_log] Program log: 8HmBNKTUaLinbhvP8sZoiDTB3W1sGOUIJSpL/q4ynvukV/yhD7wPrwcAAAAAAAAAAAAAAAAAQEIPAAAAAAAAAAAAAAAAAEBCDwAAAAAAAAA=
[2022-02-12T07:55:20.288731000Z DEBUG solana_bpf_loader_program] Program 8opHzTAnfzRpPEx21XtnrVTX28YQuCpAjcn1PczScKh consumed 9634 of 200000 compute units
[2022-02-12T07:55:20.288783000Z DEBUG solana_program_runtime::stable_log] Program 8opHzTAnfzRpPEx21XtnrVTX28YQuCpAjcn1PczScKh success
[2022-02-12T07:55:20.298620000Z DEBUG solana_program_runtime::stable_log] Program 8opHzTAnfzRpPEx21XtnrVTX28YQuCpAjcn1PczScKh invoke [1]
[2022-02-12T07:55:20.299006000Z DEBUG solana_program_runtime::stable_log] Program log: Mango: UpdateRootBank
[2022-02-12T07:55:20.301172000Z DEBUG solana_program_runtime::stable_log] Program log: mango-log
[2022-02-12T07:55:20.301776000Z DEBUG solana_program_runtime::stable_log] Program log: 8HmBNKTUaLinbhvP8sZoiDTB3W1sGOUIJSpL/q4ynvukV/yhD7wPrwgAAAAAAAAAAAAAAAAAQEIPAAAAAAAAAAAAAAAAAEBCDwAAAAAAAAA=
[2022-02-12T07:55:20.301897000Z DEBUG solana_bpf_loader_program] Program 8opHzTAnfzRpPEx21XtnrVTX28YQuCpAjcn1PczScKh consumed 9673 of 200000 compute units
[2022-02-12T07:55:20.301956000Z DEBUG solana_program_runtime::stable_log] Program 8opHzTAnfzRpPEx21XtnrVTX28YQuCpAjcn1PczScKh success
[2022-02-12T07:55:20.312916000Z DEBUG solana_program_runtime::stable_log] Program 8opHzTAnfzRpPEx21XtnrVTX28YQuCpAjcn1PczScKh invoke [1]
[2022-02-12T07:55:20.313310000Z DEBUG solana_program_runtime::stable_log] Program log: Mango: UpdateRootBank
[2022-02-12T07:55:20.315483000Z DEBUG solana_program_runtime::stable_log] Program log: mango-log
[2022-02-12T07:55:20.316086000Z DEBUG solana_program_runtime::stable_log] Program log: 8HmBNKTUaLinbhvP8sZoiDTB3W1sGOUIJSpL/q4ynvukV/yhD7wPrwkAAAAAAAAAAAAAAAAAQEIPAAAAAAAAAAAAAAAAAEBCDwAAAAAAAAA=
[2022-02-12T07:55:20.316210000Z DEBUG solana_bpf_loader_program] Program 8opHzTAnfzRpPEx21XtnrVTX28YQuCpAjcn1PczScKh consumed 9712 of 200000 compute units
[2022-02-12T07:55:20.316265000Z DEBUG solana_program_runtime::stable_log] Program 8opHzTAnfzRpPEx21XtnrVTX28YQuCpAjcn1PczScKh success
[2022-02-12T07:55:20.327302000Z DEBUG solana_program_runtime::stable_log] Program 8opHzTAnfzRpPEx21XtnrVTX28YQuCpAjcn1PczScKh invoke [1]
[2022-02-12T07:55:20.327710000Z DEBUG solana_program_runtime::stable_log] Program log: Mango: UpdateRootBank
[2022-02-12T07:55:20.329968000Z DEBUG solana_program_runtime::stable_log] Program log: mango-log
[2022-02-12T07:55:20.330614000Z DEBUG solana_program_runtime::stable_log] Program log: 8HmBNKTUaLinbhvP8sZoiDTB3W1sGOUIJSpL/q4ynvukV/yhD7wPrwoAAAAAAAAAAAAAAAAAQEIPAAAAAAAAAAAAAAAAAEBCDwAAAAAAAAA=
[2022-02-12T07:55:20.330745000Z DEBUG solana_bpf_loader_program] Program 8opHzTAnfzRpPEx21XtnrVTX28YQuCpAjcn1PczScKh consumed 9751 of 200000 compute units
[2022-02-12T07:55:20.330809000Z DEBUG solana_program_runtime::stable_log] Program 8opHzTAnfzRpPEx21XtnrVTX28YQuCpAjcn1PczScKh success
[2022-02-12T07:55:20.341815000Z DEBUG solana_program_runtime::stable_log] Program 8opHzTAnfzRpPEx21XtnrVTX28YQuCpAjcn1PczScKh invoke [1]
[2022-02-12T07:55:20.342221000Z DEBUG solana_program_runtime::stable_log] Program log: Mango: UpdateRootBank
[2022-02-12T07:55:20.344454000Z DEBUG solana_program_runtime::stable_log] Program log: mango-log
[2022-02-12T07:55:20.345058000Z DEBUG solana_program_runtime::stable_log] Program log: 8HmBNKTUaLinbhvP8sZoiDTB3W1sGOUIJSpL/q4ynvukV/yhD7wPrwsAAAAAAAAAAAAAAAAAQEIPAAAAAAAAAAAAAAAAAEBCDwAAAAAAAAA=
[2022-02-12T07:55:20.345179000Z DEBUG solana_bpf_loader_program] Program 8opHzTAnfzRpPEx21XtnrVTX28YQuCpAjcn1PczScKh consumed 9790 of 200000 compute units
[2022-02-12T07:55:20.345231000Z DEBUG solana_program_runtime::stable_log] Program 8opHzTAnfzRpPEx21XtnrVTX28YQuCpAjcn1PczScKh success
[2022-02-12T07:55:20.356098000Z DEBUG solana_program_runtime::stable_log] Program 8opHzTAnfzRpPEx21XtnrVTX28YQuCpAjcn1PczScKh invoke [1]
[2022-02-12T07:55:20.356494000Z DEBUG solana_program_runtime::stable_log] Program log: Mango: UpdateRootBank
[2022-02-12T07:55:20.358719000Z DEBUG solana_program_runtime::stable_log] Program log: mango-log
[2022-02-12T07:55:20.359324000Z DEBUG solana_program_runtime::stable_log] Program log: 8HmBNKTUaLinbhvP8sZoiDTB3W1sGOUIJSpL/q4ynvukV/yhD7wPrwwAAAAAAAAAAAAAAAAAQEIPAAAAAAAAAAAAAAAAAEBCDwAAAAAAAAA=
[2022-02-12T07:55:20.359447000Z DEBUG solana_bpf_loader_program] Program 8opHzTAnfzRpPEx21XtnrVTX28YQuCpAjcn1PczScKh consumed 9829 of 200000 compute units
[2022-02-12T07:55:20.359499000Z DEBUG solana_program_runtime::stable_log] Program 8opHzTAnfzRpPEx21XtnrVTX28YQuCpAjcn1PczScKh success
[2022-02-12T07:55:20.369348000Z DEBUG solana_program_runtime::stable_log] Program 8opHzTAnfzRpPEx21XtnrVTX28YQuCpAjcn1PczScKh invoke [1]
[2022-02-12T07:55:20.369736000Z DEBUG solana_program_runtime::stable_log] Program log: Mango: UpdateRootBank
[2022-02-12T07:55:20.371977000Z DEBUG solana_program_runtime::stable_log] Program log: mango-log
[2022-02-12T07:55:20.372574000Z DEBUG solana_program_runtime::stable_log] Program log: 8HmBNKTUaLinbhvP8sZoiDTB3W1sGOUIJSpL/q4ynvukV/yhD7wPrw0AAAAAAAAAAAAAAAAAQEIPAAAAAAAAAAAAAAAAAEBCDwAAAAAAAAA=
[2022-02-12T07:55:20.372695000Z DEBUG solana_bpf_loader_program] Program 8opHzTAnfzRpPEx21XtnrVTX28YQuCpAjcn1PczScKh consumed 9868 of 200000 compute units
[2022-02-12T07:55:20.372746000Z DEBUG solana_program_runtime::stable_log] Program 8opHzTAnfzRpPEx21XtnrVTX28YQuCpAjcn1PczScKh success
[2022-02-12T07:55:20.382644000Z DEBUG solana_program_runtime::stable_log] Program 8opHzTAnfzRpPEx21XtnrVTX28YQuCpAjcn1PczScKh invoke [1]
[2022-02-12T07:55:20.383030000Z DEBUG solana_program_runtime::stable_log] Program log: Mango: UpdateRootBank
[2022-02-12T07:55:20.385289000Z DEBUG solana_program_runtime::stable_log] Program log: mango-log
[2022-02-12T07:55:20.385892000Z DEBUG solana_program_runtime::stable_log] Program log: 8HmBNKTUaLinbhvP8sZoiDTB3W1sGOUIJSpL/q4ynvukV/yhD7wPrw4AAAAAAAAAAAAAAAAAQEIPAAAAAAAAAAAAAAAAAEBCDwAAAAAAAAA=
[2022-02-12T07:55:20.386014000Z DEBUG solana_bpf_loader_program] Program 8opHzTAnfzRpPEx21XtnrVTX28YQuCpAjcn1PczScKh consumed 9907 of 200000 compute units
[2022-02-12T07:55:20.386066000Z DEBUG solana_program_runtime::stable_log] Program 8opHzTAnfzRpPEx21XtnrVTX28YQuCpAjcn1PczScKh success
[2022-02-12T07:55:20.397038000Z DEBUG solana_program_runtime::stable_log] Program 8opHzTAnfzRpPEx21XtnrVTX28YQuCpAjcn1PczScKh invoke [1]
[2022-02-12T07:55:20.397429000Z DEBUG solana_program_runtime::stable_log] Program log: Mango: UpdateRootBank
[2022-02-12T07:55:20.400434000Z DEBUG solana_program_runtime::stable_log] Program log: mango-log
[2022-02-12T07:55:20.401037000Z DEBUG solana_program_runtime::stable_log] Program log: 8HmBNKTUaLinbhvP8sZoiDTB3W1sGOUIJSpL/q4ynvukV/yhD7wPrw8AAAAAAAAAAAAAAAAAQEIPAAAAAAAAAAAAAAAAAEBCDwAAAAAAAAA=
[2022-02-12T07:55:20.401160000Z DEBUG solana_bpf_loader_program] Program 8opHzTAnfzRpPEx21XtnrVTX28YQuCpAjcn1PczScKh consumed 12507 of 200000 compute units
[2022-02-12T07:55:20.401211000Z DEBUG solana_program_runtime::stable_log] Program 8opHzTAnfzRpPEx21XtnrVTX28YQuCpAjcn1PczScKh success
[2022-02-12T07:55:20.411289000Z DEBUG solana_program_runtime::stable_log] Program 8opHzTAnfzRpPEx21XtnrVTX28YQuCpAjcn1PczScKh invoke [1]
[2022-02-12T07:55:20.411734000Z DEBUG solana_program_runtime::stable_log] Program log: Mango: UpdateFunding
[2022-02-12T07:55:20.412843000Z DEBUG solana_program_runtime::stable_log] Program log: mango-log
[2022-02-12T07:55:20.413452000Z DEBUG solana_program_runtime::stable_log] Program log: ta5iwCEXTXunbhvP8sZoiDTB3W1sGOUIJSpL/q4ynvukV/yhD7wPrwAAAAAAAAAAAAAAAAAAAAAAAAAAAAAAAAAAAAAAAAAAAAAAAAAAAAA=
[2022-02-12T07:55:20.413600000Z DEBUG solana_bpf_loader_program] Program 8opHzTAnfzRpPEx21XtnrVTX28YQuCpAjcn1PczScKh consumed 6423 of 200000 compute units
[2022-02-12T07:55:20.413663000Z DEBUG solana_program_runtime::stable_log] Program 8opHzTAnfzRpPEx21XtnrVTX28YQuCpAjcn1PczScKh success
[2022-02-12T07:55:20.424234000Z DEBUG solana_program_runtime::stable_log] Program 8opHzTAnfzRpPEx21XtnrVTX28YQuCpAjcn1PczScKh invoke [1]
[2022-02-12T07:55:20.424681000Z DEBUG solana_program_runtime::stable_log] Program log: Mango: UpdateFunding
[2022-02-12T07:55:20.425805000Z DEBUG solana_program_runtime::stable_log] Program log: mango-log
[2022-02-12T07:55:20.426416000Z DEBUG solana_program_runtime::stable_log] Program log: ta5iwCEXTXunbhvP8sZoiDTB3W1sGOUIJSpL/q4ynvukV/yhD7wPrwEAAAAAAAAAAAAAAAAAAAAAAAAAAAAAAAAAAAAAAAAAAAAAAAAAAAA=
[2022-02-12T07:55:20.426559000Z DEBUG solana_bpf_loader_program] Program 8opHzTAnfzRpPEx21XtnrVTX28YQuCpAjcn1PczScKh consumed 6463 of 200000 compute units
[2022-02-12T07:55:20.426623000Z DEBUG solana_program_runtime::stable_log] Program 8opHzTAnfzRpPEx21XtnrVTX28YQuCpAjcn1PczScKh success
[2022-02-12T07:55:20.437467000Z DEBUG solana_program_runtime::stable_log] Program 8opHzTAnfzRpPEx21XtnrVTX28YQuCpAjcn1PczScKh invoke [1]
[2022-02-12T07:55:20.437908000Z DEBUG solana_program_runtime::stable_log] Program log: Mango: UpdateFunding
[2022-02-12T07:55:20.439042000Z DEBUG solana_program_runtime::stable_log] Program log: mango-log
[2022-02-12T07:55:20.439652000Z DEBUG solana_program_runtime::stable_log] Program log: ta5iwCEXTXunbhvP8sZoiDTB3W1sGOUIJSpL/q4ynvukV/yhD7wPrwIAAAAAAAAAAAAAAAAAAAAAAAAAAAAAAAAAAAAAAAAAAAAAAAAAAAA=
[2022-02-12T07:55:20.439801000Z DEBUG solana_bpf_loader_program] Program 8opHzTAnfzRpPEx21XtnrVTX28YQuCpAjcn1PczScKh consumed 6502 of 200000 compute units
[2022-02-12T07:55:20.439866000Z DEBUG solana_program_runtime::stable_log] Program 8opHzTAnfzRpPEx21XtnrVTX28YQuCpAjcn1PczScKh success
[2022-02-12T07:55:20.450399000Z DEBUG solana_program_runtime::stable_log] Program 8opHzTAnfzRpPEx21XtnrVTX28YQuCpAjcn1PczScKh invoke [1]
[2022-02-12T07:55:20.450850000Z DEBUG solana_program_runtime::stable_log] Program log: Mango: UpdateFunding
[2022-02-12T07:55:20.451999000Z DEBUG solana_program_runtime::stable_log] Program log: mango-log
[2022-02-12T07:55:20.452605000Z DEBUG solana_program_runtime::stable_log] Program log: ta5iwCEXTXunbhvP8sZoiDTB3W1sGOUIJSpL/q4ynvukV/yhD7wPrwMAAAAAAAAAAAAAAAAAAAAAAAAAAAAAAAAAAAAAAAAAAAAAAAAAAAA=
[2022-02-12T07:55:20.452754000Z DEBUG solana_bpf_loader_program] Program 8opHzTAnfzRpPEx21XtnrVTX28YQuCpAjcn1PczScKh consumed 6541 of 200000 compute units
[2022-02-12T07:55:20.452819000Z DEBUG solana_program_runtime::stable_log] Program 8opHzTAnfzRpPEx21XtnrVTX28YQuCpAjcn1PczScKh success
[2022-02-12T07:55:20.463321000Z DEBUG solana_program_runtime::stable_log] Program 8opHzTAnfzRpPEx21XtnrVTX28YQuCpAjcn1PczScKh invoke [1]
[2022-02-12T07:55:20.463768000Z DEBUG solana_program_runtime::stable_log] Program log: Mango: UpdateFunding
[2022-02-12T07:55:20.464932000Z DEBUG solana_program_runtime::stable_log] Program log: mango-log
[2022-02-12T07:55:20.465544000Z DEBUG solana_program_runtime::stable_log] Program log: ta5iwCEXTXunbhvP8sZoiDTB3W1sGOUIJSpL/q4ynvukV/yhD7wPrwQAAAAAAAAAAAAAAAAAAAAAAAAAAAAAAAAAAAAAAAAAAAAAAAAAAAA=
[2022-02-12T07:55:20.465691000Z DEBUG solana_bpf_loader_program] Program 8opHzTAnfzRpPEx21XtnrVTX28YQuCpAjcn1PczScKh consumed 6585 of 200000 compute units
[2022-02-12T07:55:20.465754000Z DEBUG solana_program_runtime::stable_log] Program 8opHzTAnfzRpPEx21XtnrVTX28YQuCpAjcn1PczScKh success
[2022-02-12T07:55:20.476333000Z DEBUG solana_program_runtime::stable_log] Program 8opHzTAnfzRpPEx21XtnrVTX28YQuCpAjcn1PczScKh invoke [1]
[2022-02-12T07:55:20.476778000Z DEBUG solana_program_runtime::stable_log] Program log: Mango: UpdateFunding
[2022-02-12T07:55:20.477957000Z DEBUG solana_program_runtime::stable_log] Program log: mango-log
[2022-02-12T07:55:20.478562000Z DEBUG solana_program_runtime::stable_log] Program log: ta5iwCEXTXunbhvP8sZoiDTB3W1sGOUIJSpL/q4ynvukV/yhD7wPrwUAAAAAAAAAAAAAAAAAAAAAAAAAAAAAAAAAAAAAAAAAAAAAAAAAAAA=
[2022-02-12T07:55:20.478711000Z DEBUG solana_bpf_loader_program] Program 8opHzTAnfzRpPEx21XtnrVTX28YQuCpAjcn1PczScKh consumed 6624 of 200000 compute units
[2022-02-12T07:55:20.478778000Z DEBUG solana_program_runtime::stable_log] Program 8opHzTAnfzRpPEx21XtnrVTX28YQuCpAjcn1PczScKh success
[2022-02-12T07:55:20.489296000Z DEBUG solana_program_runtime::stable_log] Program 8opHzTAnfzRpPEx21XtnrVTX28YQuCpAjcn1PczScKh invoke [1]
[2022-02-12T07:55:20.489739000Z DEBUG solana_program_runtime::stable_log] Program log: Mango: UpdateFunding
[2022-02-12T07:55:20.490921000Z DEBUG solana_program_runtime::stable_log] Program log: mango-log
[2022-02-12T07:55:20.491533000Z DEBUG solana_program_runtime::stable_log] Program log: ta5iwCEXTXunbhvP8sZoiDTB3W1sGOUIJSpL/q4ynvukV/yhD7wPrwYAAAAAAAAAAAAAAAAAAAAAAAAAAAAAAAAAAAAAAAAAAAAAAAAAAAA=
[2022-02-12T07:55:20.491681000Z DEBUG solana_bpf_loader_program] Program 8opHzTAnfzRpPEx21XtnrVTX28YQuCpAjcn1PczScKh consumed 6658 of 200000 compute units
[2022-02-12T07:55:20.491745000Z DEBUG solana_program_runtime::stable_log] Program 8opHzTAnfzRpPEx21XtnrVTX28YQuCpAjcn1PczScKh success
[2022-02-12T07:55:20.502279000Z DEBUG solana_program_runtime::stable_log] Program 8opHzTAnfzRpPEx21XtnrVTX28YQuCpAjcn1PczScKh invoke [1]
[2022-02-12T07:55:20.502719000Z DEBUG solana_program_runtime::stable_log] Program log: Mango: UpdateFunding
[2022-02-12T07:55:20.503923000Z DEBUG solana_program_runtime::stable_log] Program log: mango-log
[2022-02-12T07:55:20.504529000Z DEBUG solana_program_runtime::stable_log] Program log: ta5iwCEXTXunbhvP8sZoiDTB3W1sGOUIJSpL/q4ynvukV/yhD7wPrwcAAAAAAAAAAAAAAAAAAAAAAAAAAAAAAAAAAAAAAAAAAAAAAAAAAAA=
[2022-02-12T07:55:20.504676000Z DEBUG solana_bpf_loader_program] Program 8opHzTAnfzRpPEx21XtnrVTX28YQuCpAjcn1PczScKh consumed 6697 of 200000 compute units
[2022-02-12T07:55:20.504742000Z DEBUG solana_program_runtime::stable_log] Program 8opHzTAnfzRpPEx21XtnrVTX28YQuCpAjcn1PczScKh success
[2022-02-12T07:55:20.518055000Z DEBUG solana_program_runtime::stable_log] Program 8opHzTAnfzRpPEx21XtnrVTX28YQuCpAjcn1PczScKh invoke [1]
[2022-02-12T07:55:20.518501000Z DEBUG solana_program_runtime::stable_log] Program log: Mango: UpdateFunding
[2022-02-12T07:55:20.519716000Z DEBUG solana_program_runtime::stable_log] Program log: mango-log
[2022-02-12T07:55:20.520323000Z DEBUG solana_program_runtime::stable_log] Program log: ta5iwCEXTXunbhvP8sZoiDTB3W1sGOUIJSpL/q4ynvukV/yhD7wPrwgAAAAAAAAAAAAAAAAAAAAAAAAAAAAAAAAAAAAAAAAAAAAAAAAAAAA=
[2022-02-12T07:55:20.520467000Z DEBUG solana_bpf_loader_program] Program 8opHzTAnfzRpPEx21XtnrVTX28YQuCpAjcn1PczScKh consumed 6736 of 200000 compute units
[2022-02-12T07:55:20.520531000Z DEBUG solana_program_runtime::stable_log] Program 8opHzTAnfzRpPEx21XtnrVTX28YQuCpAjcn1PczScKh success
[2022-02-12T07:55:20.530934000Z DEBUG solana_program_runtime::stable_log] Program 8opHzTAnfzRpPEx21XtnrVTX28YQuCpAjcn1PczScKh invoke [1]
[2022-02-12T07:55:20.531381000Z DEBUG solana_program_runtime::stable_log] Program log: Mango: UpdateFunding
[2022-02-12T07:55:20.532606000Z DEBUG solana_program_runtime::stable_log] Program log: mango-log
[2022-02-12T07:55:20.533216000Z DEBUG solana_program_runtime::stable_log] Program log: ta5iwCEXTXunbhvP8sZoiDTB3W1sGOUIJSpL/q4ynvukV/yhD7wPrwkAAAAAAAAAAAAAAAAAAAAAAAAAAAAAAAAAAAAAAAAAAAAAAAAAAAA=
[2022-02-12T07:55:20.533362000Z DEBUG solana_bpf_loader_program] Program 8opHzTAnfzRpPEx21XtnrVTX28YQuCpAjcn1PczScKh consumed 6775 of 200000 compute units
[2022-02-12T07:55:20.533426000Z DEBUG solana_program_runtime::stable_log] Program 8opHzTAnfzRpPEx21XtnrVTX28YQuCpAjcn1PczScKh success
[2022-02-12T07:55:20.545127000Z DEBUG solana_program_runtime::stable_log] Program 8opHzTAnfzRpPEx21XtnrVTX28YQuCpAjcn1PczScKh invoke [1]
[2022-02-12T07:55:20.545583000Z DEBUG solana_program_runtime::stable_log] Program log: Mango: UpdateFunding
[2022-02-12T07:55:20.546831000Z DEBUG solana_program_runtime::stable_log] Program log: mango-log
[2022-02-12T07:55:20.547442000Z DEBUG solana_program_runtime::stable_log] Program log: ta5iwCEXTXunbhvP8sZoiDTB3W1sGOUIJSpL/q4ynvukV/yhD7wPrwoAAAAAAAAAAAAAAAAAAAAAAAAAAAAAAAAAAAAAAAAAAAAAAAAAAAA=
[2022-02-12T07:55:20.547587000Z DEBUG solana_bpf_loader_program] Program 8opHzTAnfzRpPEx21XtnrVTX28YQuCpAjcn1PczScKh consumed 6814 of 200000 compute units
[2022-02-12T07:55:20.547651000Z DEBUG solana_program_runtime::stable_log] Program 8opHzTAnfzRpPEx21XtnrVTX28YQuCpAjcn1PczScKh success
[2022-02-12T07:55:20.558108000Z DEBUG solana_program_runtime::stable_log] Program 8opHzTAnfzRpPEx21XtnrVTX28YQuCpAjcn1PczScKh invoke [1]
[2022-02-12T07:55:20.558569000Z DEBUG solana_program_runtime::stable_log] Program log: Mango: UpdateFunding
[2022-02-12T07:55:20.559841000Z DEBUG solana_program_runtime::stable_log] Program log: mango-log
[2022-02-12T07:55:20.560441000Z DEBUG solana_program_runtime::stable_log] Program log: ta5iwCEXTXunbhvP8sZoiDTB3W1sGOUIJSpL/q4ynvukV/yhD7wPrwsAAAAAAAAAAAAAAAAAAAAAAAAAAAAAAAAAAAAAAAAAAAAAAAAAAAA=
[2022-02-12T07:55:20.560585000Z DEBUG solana_bpf_loader_program] Program 8opHzTAnfzRpPEx21XtnrVTX28YQuCpAjcn1PczScKh consumed 6853 of 200000 compute units
[2022-02-12T07:55:20.560652000Z DEBUG solana_program_runtime::stable_log] Program 8opHzTAnfzRpPEx21XtnrVTX28YQuCpAjcn1PczScKh success
[2022-02-12T07:55:20.572267000Z DEBUG solana_program_runtime::stable_log] Program 8opHzTAnfzRpPEx21XtnrVTX28YQuCpAjcn1PczScKh invoke [1]
[2022-02-12T07:55:20.572722000Z DEBUG solana_program_runtime::stable_log] Program log: Mango: UpdateFunding
[2022-02-12T07:55:20.574000000Z DEBUG solana_program_runtime::stable_log] Program log: mango-log
[2022-02-12T07:55:20.574606000Z DEBUG solana_program_runtime::stable_log] Program log: ta5iwCEXTXunbhvP8sZoiDTB3W1sGOUIJSpL/q4ynvukV/yhD7wPrwwAAAAAAAAAAAAAAAAAAAAAAAAAAAAAAAAAAAAAAAAAAAAAAAAAAAA=
[2022-02-12T07:55:20.574754000Z DEBUG solana_bpf_loader_program] Program 8opHzTAnfzRpPEx21XtnrVTX28YQuCpAjcn1PczScKh consumed 6892 of 200000 compute units
[2022-02-12T07:55:20.574821000Z DEBUG solana_program_runtime::stable_log] Program 8opHzTAnfzRpPEx21XtnrVTX28YQuCpAjcn1PczScKh success
[2022-02-12T07:55:20.585112000Z DEBUG solana_program_runtime::stable_log] Program 8opHzTAnfzRpPEx21XtnrVTX28YQuCpAjcn1PczScKh invoke [1]
[2022-02-12T07:55:20.585554000Z DEBUG solana_program_runtime::stable_log] Program log: Mango: UpdateFunding
[2022-02-12T07:55:20.586833000Z DEBUG solana_program_runtime::stable_log] Program log: mango-log
[2022-02-12T07:55:20.587441000Z DEBUG solana_program_runtime::stable_log] Program log: ta5iwCEXTXunbhvP8sZoiDTB3W1sGOUIJSpL/q4ynvukV/yhD7wPrw0AAAAAAAAAAAAAAAAAAAAAAAAAAAAAAAAAAAAAAAAAAAAAAAAAAAA=
[2022-02-12T07:55:20.587588000Z DEBUG solana_bpf_loader_program] Program 8opHzTAnfzRpPEx21XtnrVTX28YQuCpAjcn1PczScKh consumed 6931 of 200000 compute units
[2022-02-12T07:55:20.587656000Z DEBUG solana_program_runtime::stable_log] Program 8opHzTAnfzRpPEx21XtnrVTX28YQuCpAjcn1PczScKh success
[2022-02-12T07:55:20.598152000Z DEBUG solana_program_runtime::stable_log] Program 8opHzTAnfzRpPEx21XtnrVTX28YQuCpAjcn1PczScKh invoke [1]
[2022-02-12T07:55:20.598600000Z DEBUG solana_program_runtime::stable_log] Program log: Mango: UpdateFunding
[2022-02-12T07:55:20.599896000Z DEBUG solana_program_runtime::stable_log] Program log: mango-log
[2022-02-12T07:55:20.600538000Z DEBUG solana_program_runtime::stable_log] Program log: ta5iwCEXTXunbhvP8sZoiDTB3W1sGOUIJSpL/q4ynvukV/yhD7wPrw4AAAAAAAAAAAAAAAAAAAAAAAAAAAAAAAAAAAAAAAAAAAAAAAAAAAA=
[2022-02-12T07:55:20.600686000Z DEBUG solana_bpf_loader_program] Program 8opHzTAnfzRpPEx21XtnrVTX28YQuCpAjcn1PczScKh consumed 6970 of 200000 compute units
[2022-02-12T07:55:20.600750000Z DEBUG solana_program_runtime::stable_log] Program 8opHzTAnfzRpPEx21XtnrVTX28YQuCpAjcn1PczScKh success
[2022-02-12T07:55:20.615241000Z DEBUG solana_program_runtime::stable_log] Program 8opHzTAnfzRpPEx21XtnrVTX28YQuCpAjcn1PczScKh invoke [1]
[2022-02-12T07:55:20.616394000Z DEBUG solana_program_runtime::stable_log] Program log: Mango: CacheRootBanks
[2022-02-12T07:55:20.620146000Z DEBUG solana_program_runtime::stable_log] Program log: mango-log
[2022-02-12T07:55:20.623022000Z DEBUG solana_program_runtime::stable_log] Program log: IVXYca/GfeinbhvP8sZoiDTB3W1sGOUIJSpL/q4ynvukV/yhD7wPrxAAAAAAAAAAAAAAAAEAAAAAAAAAAgAAAAAAAAADAAAAAAAAAAQAAAAAAAAABQAAAAAAAAAGAAAAAAAAAAcAAAAAAAAACAAAAAAAAAAJAAAAAAAAAAoAAAAAAAAACwAAAAAAAAAMAAAAAAAAAA0AAAAAAAAADgAAAAAAAAAPAAAAAAAAABAAAAAAAAAAAABAQg8AAAAAAAAAAAAAAAAAQEIPAAAAAAAAAAAAAAAAAEBCDwAAAAAAAAAAAAAAAABAQg8AAAAAAAAAAAAAAAAAQEIPAAAAAAAAAAAAAAAAAEBCDwAAAAAAAAAAAAAAAABAQg8AAAAAAAAAAAAAAAAAQEIPAAAAAAAAAAAAAAAAAEBCDwAAAAAAAAAAAAAAAABAQg8AAAAAAAAAAAAAAAAAQEIPAAAAAAAAAAAAAAAAAEBCDwAAAAAAAAAAAAAAAABAQg8AAAAAAAAAAAAAAAAAQEIPAAAAAAAAAAAAAAAAAEBCDwAAAAAAAAAAAAAAAABAQg8AAAAAAAAAEAAAAAAAAAAAAEBCDwAAAAAAAAAAAAAAAABAQg8AAAAAAAAAAAAAAAAAQEIPAAAAAAAAAAAAAAAAAEBCDwAAAAAAAAAAAAAAAABAQg8AAAAAAAAAAAAAAAAAQEIPAAAAAAAAAAAAAAAAAEBCDwAAAAAAAAAAAAAAAABAQg8AAAAAAAAAAAAAAAAAQEIPAAAAAAAAAAAAAAAAAEBCDwAAAAAAAAAAAAAAAABAQg8AAAAAAAAAAAAAAAAAQEIPAAAAAAAAAAAAAAAAAEBCDwAAAAAAAAAAAAAAAABAQg8AAAAAAAAAAAAAAAAAQEIPAAAAAAAAAAAAAAAAAEBCDwAAAAAAAAA=
[2022-02-12T07:55:20.623434000Z DEBUG solana_bpf_loader_program] Program 8opHzTAnfzRpPEx21XtnrVTX28YQuCpAjcn1PczScKh consumed 24418 of 200000 compute units
[2022-02-12T07:55:20.623508000Z DEBUG solana_program_runtime::stable_log] Program 8opHzTAnfzRpPEx21XtnrVTX28YQuCpAjcn1PczScKh success
[2022-02-12T07:55:20.637505000Z DEBUG solana_program_runtime::stable_log] Program 8opHzTAnfzRpPEx21XtnrVTX28YQuCpAjcn1PczScKh invoke [1]
[2022-02-12T07:55:20.638615000Z DEBUG solana_program_runtime::stable_log] Program log: Mango: CachePerpMarkets
[2022-02-12T07:55:20.642313000Z DEBUG solana_program_runtime::stable_log] Program log: mango-log
[2022-02-12T07:55:20.645001000Z DEBUG solana_program_runtime::stable_log] Program log: 9lt9JxCzqw6nbhvP8sZoiDTB3W1sGOUIJSpL/q4ynvukV/yhD7wPrw8AAAAAAAAAAAAAAAEAAAAAAAAAAgAAAAAAAAADAAAAAAAAAAQAAAAAAAAABQAAAAAAAAAGAAAAAAAAAAcAAAAAAAAACAAAAAAAAAAJAAAAAAAAAAoAAAAAAAAACwAAAAAAAAAMAAAAAAAAAA0AAAAAAAAADgAAAAAAAAAPAAAAAAAAAAAAAAAAAAAAAAAAAAAAAAAAAAAAAAAAAAAAAAAAAAAAAAAAAAAAAAAAAAAAAAAAAAAAAAAAAAAAAAAAAAAAAAAAAAAAAAAAAAAAAAAAAAAAAAAAAAAAAAAAAAAAAAAAAAAAAAAAAAAAAAAAAAAAAAAAAAAAAAAAAAAAAAAAAAAAAAAAAAAAAAAAAAAAAAAAAAAAAAAAAAAAAAAAAAAAAAAAAAAAAAAAAAAAAAAAAAAAAAAAAAAAAAAAAAAAAAAAAAAAAAAAAAAAAAAAAAAAAAAAAAAAAAAAAAAAAAAAAAAAAAAAAAAAAAAAAAAADwAAAAAAAAAAAAAAAAAAAAAAAAAAAAAAAAAAAAAAAAAAAAAAAAAAAAAAAAAAAAAAAAAAAAAAAAAAAAAAAAAAAAAAAAAAAAAAAAAAAAAAAAAAAAAAAAAAAAAAAAAAAAAAAAAAAAAAAAAAAAAAAAAAAAAAAAAAAAAAAAAAAAAAAAAAAAAAAAAAAAAAAAAAAAAAAAAAAAAAAAAAAAAAAAAAAAAAAAAAAAAAAAAAAAAAAAAAAAAAAAAAAAAAAAAAAAAAAAAAAAAAAAAAAAAAAAAAAAAAAAAAAAAAAAAAAAAAAAAAAAAAAAAAAAAAAAAAAAAAAAAAAA==
[2022-02-12T07:55:20.645393000Z DEBUG solana_bpf_loader_program] Program 8opHzTAnfzRpPEx21XtnrVTX28YQuCpAjcn1PczScKh consumed 23463 of 200000 compute units
[2022-02-12T07:55:20.645463000Z DEBUG solana_program_runtime::stable_log] Program 8opHzTAnfzRpPEx21XtnrVTX28YQuCpAjcn1PczScKh success
[2022-02-12T07:55:20.656176000Z DEBUG solana_program_runtime::stable_log] Program CiDwVBFgWV9E5MvXWoLgnEgn2hK7rJikbvfWavzAQz3 invoke [1]
[2022-02-12T07:55:20.658997000Z DEBUG solana_bpf_loader_program] Program CiDwVBFgWV9E5MvXWoLgnEgn2hK7rJikbvfWavzAQz3 consumed 6261 of 200000 compute units
[2022-02-12T07:55:20.659090000Z DEBUG solana_program_runtime::stable_log] Program CiDwVBFgWV9E5MvXWoLgnEgn2hK7rJikbvfWavzAQz3 success
[2022-02-12T07:55:20.676326000Z DEBUG solana_program_runtime::stable_log] Program CiDwVBFgWV9E5MvXWoLgnEgn2hK7rJikbvfWavzAQz3 invoke [1]
[2022-02-12T07:55:20.678567000Z DEBUG solana_bpf_loader_program] Program CiDwVBFgWV9E5MvXWoLgnEgn2hK7rJikbvfWavzAQz3 consumed 5006 of 200000 compute units
[2022-02-12T07:55:20.678659000Z DEBUG solana_program_runtime::stable_log] Program CiDwVBFgWV9E5MvXWoLgnEgn2hK7rJikbvfWavzAQz3 success
[2022-02-12T07:55:20.726226000Z DEBUG solana_program_runtime::stable_log] Program 8opHzTAnfzRpPEx21XtnrVTX28YQuCpAjcn1PczScKh invoke [1]
[2022-02-12T07:55:20.727390000Z DEBUG solana_program_runtime::stable_log] Program log: Mango: CachePrices
[2022-02-12T07:55:20.730463000Z DEBUG solana_program_runtime::stable_log] Program log: mango-log
[2022-02-12T07:55:20.732275000Z DEBUG solana_program_runtime::stable_log] Program log: ux0uSxX5tBunbhvP8sZoiDTB3W1sGOUIJSpL/q4ynvukV/yhD7wPrw8AAAAAAAAAAAAAAAEAAAAAAAAAAgAAAAAAAAADAAAAAAAAAAQAAAAAAAAABQAAAAAAAAAGAAAAAAAAAAcAAAAAAAAACAAAAAAAAAAJAAAAAAAAAAoAAAAAAAAACwAAAAAAAAAMAAAAAAAAAA0AAAAAAAAADgAAAAAAAAAPAAAAAAAAAAAAmDoAAAAAAAAAAAAAAAAAAJg6AAAAAAAAAAAAAAAAAACYOgAAAAAAAAAAAAAAAAAAmDoAAAAAAAAAAAAAAAAAAA8AAAAAAAAAAAAAAAAAAACYOgAAAAAAAAAAAAAAAAAAmDoAAAAAAAAAAAAAAAAAAJg6AAAAAAAAAAAAAAAAAACYOgAAAAAAAAAAAAAAAAAAmDoAAAAAAAAAAAAAAAAAAJg6AAAAAAAAAAAAAAAAAACYOgAAAAAAAAAAAAAAAAAAmDoAAAAAAAAAAAAAAAAAAJg6AAAAAAAAAAAAAAAAAACYOgAAAAAAAAAA
[2022-02-12T07:55:20.732661000Z DEBUG solana_bpf_loader_program] Program 8opHzTAnfzRpPEx21XtnrVTX28YQuCpAjcn1PczScKh consumed 18318 of 200000 compute units
[2022-02-12T07:55:20.732742000Z DEBUG solana_program_runtime::stable_log] Program 8opHzTAnfzRpPEx21XtnrVTX28YQuCpAjcn1PczScKh success
[2022-02-12T07:55:20.742799000Z DEBUG solana_program_runtime::stable_log] Program 8opHzTAnfzRpPEx21XtnrVTX28YQuCpAjcn1PczScKh invoke [1]
[2022-02-12T07:55:20.743193000Z DEBUG solana_program_runtime::stable_log] Program log: Mango: UpdateRootBank
[2022-02-12T07:55:20.745252000Z DEBUG solana_program_runtime::stable_log] Program log: mango-log
[2022-02-12T07:55:20.745854000Z DEBUG solana_program_runtime::stable_log] Program log: 8HmBNKTUaLinbhvP8sZoiDTB3W1sGOUIJSpL/q4ynvukV/yhD7wPrwAAAAAAAAAAAAAAAAAAQEIPAAAAAAAAAAAAAAAAAEBCDwAAAAAAAAA=
[2022-02-12T07:55:20.745977000Z DEBUG solana_bpf_loader_program] Program 8opHzTAnfzRpPEx21XtnrVTX28YQuCpAjcn1PczScKh consumed 9360 of 200000 compute units
[2022-02-12T07:55:20.746029000Z DEBUG solana_program_runtime::stable_log] Program 8opHzTAnfzRpPEx21XtnrVTX28YQuCpAjcn1PczScKh success
[2022-02-12T07:55:20.755976000Z DEBUG solana_program_runtime::stable_log] Program 8opHzTAnfzRpPEx21XtnrVTX28YQuCpAjcn1PczScKh invoke [1]
[2022-02-12T07:55:20.756362000Z DEBUG solana_program_runtime::stable_log] Program log: Mango: UpdateRootBank
[2022-02-12T07:55:20.758429000Z DEBUG solana_program_runtime::stable_log] Program log: mango-log
[2022-02-12T07:55:20.759037000Z DEBUG solana_program_runtime::stable_log] Program log: 8HmBNKTUaLinbhvP8sZoiDTB3W1sGOUIJSpL/q4ynvukV/yhD7wPrwEAAAAAAAAAAAAAAAAAQEIPAAAAAAAAAAAAAAAAAEBCDwAAAAAAAAA=
[2022-02-12T07:55:20.759158000Z DEBUG solana_bpf_loader_program] Program 8opHzTAnfzRpPEx21XtnrVTX28YQuCpAjcn1PczScKh consumed 9400 of 200000 compute units
[2022-02-12T07:55:20.759210000Z DEBUG solana_program_runtime::stable_log] Program 8opHzTAnfzRpPEx21XtnrVTX28YQuCpAjcn1PczScKh success
[2022-02-12T07:55:20.769209000Z DEBUG solana_program_runtime::stable_log] Program 8opHzTAnfzRpPEx21XtnrVTX28YQuCpAjcn1PczScKh invoke [1]
[2022-02-12T07:55:20.769598000Z DEBUG solana_program_runtime::stable_log] Program log: Mango: UpdateRootBank
[2022-02-12T07:55:20.771685000Z DEBUG solana_program_runtime::stable_log] Program log: mango-log
[2022-02-12T07:55:20.772289000Z DEBUG solana_program_runtime::stable_log] Program log: 8HmBNKTUaLinbhvP8sZoiDTB3W1sGOUIJSpL/q4ynvukV/yhD7wPrwIAAAAAAAAAAAAAAAAAQEIPAAAAAAAAAAAAAAAAAEBCDwAAAAAAAAA=
[2022-02-12T07:55:20.772411000Z DEBUG solana_bpf_loader_program] Program 8opHzTAnfzRpPEx21XtnrVTX28YQuCpAjcn1PczScKh consumed 9439 of 200000 compute units
[2022-02-12T07:55:20.772463000Z DEBUG solana_program_runtime::stable_log] Program 8opHzTAnfzRpPEx21XtnrVTX28YQuCpAjcn1PczScKh success
[2022-02-12T07:55:20.782450000Z DEBUG solana_program_runtime::stable_log] Program 8opHzTAnfzRpPEx21XtnrVTX28YQuCpAjcn1PczScKh invoke [1]
[2022-02-12T07:55:20.782839000Z DEBUG solana_program_runtime::stable_log] Program log: Mango: UpdateRootBank
[2022-02-12T07:55:20.784938000Z DEBUG solana_program_runtime::stable_log] Program log: mango-log
[2022-02-12T07:55:20.785539000Z DEBUG solana_program_runtime::stable_log] Program log: 8HmBNKTUaLinbhvP8sZoiDTB3W1sGOUIJSpL/q4ynvukV/yhD7wPrwMAAAAAAAAAAAAAAAAAQEIPAAAAAAAAAAAAAAAAAEBCDwAAAAAAAAA=
[2022-02-12T07:55:20.785661000Z DEBUG solana_bpf_loader_program] Program 8opHzTAnfzRpPEx21XtnrVTX28YQuCpAjcn1PczScKh consumed 9478 of 200000 compute units
[2022-02-12T07:55:20.785712000Z DEBUG solana_program_runtime::stable_log] Program 8opHzTAnfzRpPEx21XtnrVTX28YQuCpAjcn1PczScKh success
[2022-02-12T07:55:20.795661000Z DEBUG solana_program_runtime::stable_log] Program 8opHzTAnfzRpPEx21XtnrVTX28YQuCpAjcn1PczScKh invoke [1]
[2022-02-12T07:55:20.796047000Z DEBUG solana_program_runtime::stable_log] Program log: Mango: UpdateRootBank
[2022-02-12T07:55:20.798155000Z DEBUG solana_program_runtime::stable_log] Program log: mango-log
[2022-02-12T07:55:20.798757000Z DEBUG solana_program_runtime::stable_log] Program log: 8HmBNKTUaLinbhvP8sZoiDTB3W1sGOUIJSpL/q4ynvukV/yhD7wPrwQAAAAAAAAAAAAAAAAAQEIPAAAAAAAAAAAAAAAAAEBCDwAAAAAAAAA=
[2022-02-12T07:55:20.798880000Z DEBUG solana_bpf_loader_program] Program 8opHzTAnfzRpPEx21XtnrVTX28YQuCpAjcn1PczScKh consumed 9517 of 200000 compute units
[2022-02-12T07:55:20.798931000Z DEBUG solana_program_runtime::stable_log] Program 8opHzTAnfzRpPEx21XtnrVTX28YQuCpAjcn1PczScKh success
[2022-02-12T07:55:20.809642000Z DEBUG solana_program_runtime::stable_log] Program 8opHzTAnfzRpPEx21XtnrVTX28YQuCpAjcn1PczScKh invoke [1]
[2022-02-12T07:55:20.810032000Z DEBUG solana_program_runtime::stable_log] Program log: Mango: UpdateRootBank
[2022-02-12T07:55:20.812165000Z DEBUG solana_program_runtime::stable_log] Program log: mango-log
[2022-02-12T07:55:20.812769000Z DEBUG solana_program_runtime::stable_log] Program log: 8HmBNKTUaLinbhvP8sZoiDTB3W1sGOUIJSpL/q4ynvukV/yhD7wPrwUAAAAAAAAAAAAAAAAAQEIPAAAAAAAAAAAAAAAAAEBCDwAAAAAAAAA=
[2022-02-12T07:55:20.812891000Z DEBUG solana_bpf_loader_program] Program 8opHzTAnfzRpPEx21XtnrVTX28YQuCpAjcn1PczScKh consumed 9556 of 200000 compute units
[2022-02-12T07:55:20.812943000Z DEBUG solana_program_runtime::stable_log] Program 8opHzTAnfzRpPEx21XtnrVTX28YQuCpAjcn1PczScKh success
[2022-02-12T07:55:20.823985000Z DEBUG solana_program_runtime::stable_log] Program 8opHzTAnfzRpPEx21XtnrVTX28YQuCpAjcn1PczScKh invoke [1]
[2022-02-12T07:55:20.824376000Z DEBUG solana_program_runtime::stable_log] Program log: Mango: UpdateRootBank
[2022-02-12T07:55:20.826516000Z DEBUG solana_program_runtime::stable_log] Program log: mango-log
[2022-02-12T07:55:20.827123000Z DEBUG solana_program_runtime::stable_log] Program log: 8HmBNKTUaLinbhvP8sZoiDTB3W1sGOUIJSpL/q4ynvukV/yhD7wPrwYAAAAAAAAAAAAAAAAAQEIPAAAAAAAAAAAAAAAAAEBCDwAAAAAAAAA=
[2022-02-12T07:55:20.827245000Z DEBUG solana_bpf_loader_program] Program 8opHzTAnfzRpPEx21XtnrVTX28YQuCpAjcn1PczScKh consumed 9595 of 200000 compute units
[2022-02-12T07:55:20.827296000Z DEBUG solana_program_runtime::stable_log] Program 8opHzTAnfzRpPEx21XtnrVTX28YQuCpAjcn1PczScKh success
[2022-02-12T07:55:20.837073000Z DEBUG solana_program_runtime::stable_log] Program 8opHzTAnfzRpPEx21XtnrVTX28YQuCpAjcn1PczScKh invoke [1]
[2022-02-12T07:55:20.837454000Z DEBUG solana_program_runtime::stable_log] Program log: Mango: UpdateRootBank
[2022-02-12T07:55:20.839613000Z DEBUG solana_program_runtime::stable_log] Program log: mango-log
[2022-02-12T07:55:20.840221000Z DEBUG solana_program_runtime::stable_log] Program log: 8HmBNKTUaLinbhvP8sZoiDTB3W1sGOUIJSpL/q4ynvukV/yhD7wPrwcAAAAAAAAAAAAAAAAAQEIPAAAAAAAAAAAAAAAAAEBCDwAAAAAAAAA=
[2022-02-12T07:55:20.840343000Z DEBUG solana_bpf_loader_program] Program 8opHzTAnfzRpPEx21XtnrVTX28YQuCpAjcn1PczScKh consumed 9634 of 200000 compute units
[2022-02-12T07:55:20.840394000Z DEBUG solana_program_runtime::stable_log] Program 8opHzTAnfzRpPEx21XtnrVTX28YQuCpAjcn1PczScKh success
[2022-02-12T07:55:20.850253000Z DEBUG solana_program_runtime::stable_log] Program 8opHzTAnfzRpPEx21XtnrVTX28YQuCpAjcn1PczScKh invoke [1]
[2022-02-12T07:55:20.850642000Z DEBUG solana_program_runtime::stable_log] Program log: Mango: UpdateRootBank
[2022-02-12T07:55:20.852815000Z DEBUG solana_program_runtime::stable_log] Program log: mango-log
[2022-02-12T07:55:20.853415000Z DEBUG solana_program_runtime::stable_log] Program log: 8HmBNKTUaLinbhvP8sZoiDTB3W1sGOUIJSpL/q4ynvukV/yhD7wPrwgAAAAAAAAAAAAAAAAAQEIPAAAAAAAAAAAAAAAAAEBCDwAAAAAAAAA=
[2022-02-12T07:55:20.853537000Z DEBUG solana_bpf_loader_program] Program 8opHzTAnfzRpPEx21XtnrVTX28YQuCpAjcn1PczScKh consumed 9673 of 200000 compute units
[2022-02-12T07:55:20.853589000Z DEBUG solana_program_runtime::stable_log] Program 8opHzTAnfzRpPEx21XtnrVTX28YQuCpAjcn1PczScKh success
[2022-02-12T07:55:20.864628000Z DEBUG solana_program_runtime::stable_log] Program 8opHzTAnfzRpPEx21XtnrVTX28YQuCpAjcn1PczScKh invoke [1]
[2022-02-12T07:55:20.865016000Z DEBUG solana_program_runtime::stable_log] Program log: Mango: UpdateRootBank
[2022-02-12T07:55:20.867203000Z DEBUG solana_program_runtime::stable_log] Program log: mango-log
[2022-02-12T07:55:20.867812000Z DEBUG solana_program_runtime::stable_log] Program log: 8HmBNKTUaLinbhvP8sZoiDTB3W1sGOUIJSpL/q4ynvukV/yhD7wPrwkAAAAAAAAAAAAAAAAAQEIPAAAAAAAAAAAAAAAAAEBCDwAAAAAAAAA=
[2022-02-12T07:55:20.867933000Z DEBUG solana_bpf_loader_program] Program 8opHzTAnfzRpPEx21XtnrVTX28YQuCpAjcn1PczScKh consumed 9712 of 200000 compute units
[2022-02-12T07:55:20.867985000Z DEBUG solana_program_runtime::stable_log] Program 8opHzTAnfzRpPEx21XtnrVTX28YQuCpAjcn1PczScKh success
[2022-02-12T07:55:20.878914000Z DEBUG solana_program_runtime::stable_log] Program 8opHzTAnfzRpPEx21XtnrVTX28YQuCpAjcn1PczScKh invoke [1]
[2022-02-12T07:55:20.879298000Z DEBUG solana_program_runtime::stable_log] Program log: Mango: UpdateRootBank
[2022-02-12T07:55:20.881483000Z DEBUG solana_program_runtime::stable_log] Program log: mango-log
[2022-02-12T07:55:20.882082000Z DEBUG solana_program_runtime::stable_log] Program log: 8HmBNKTUaLinbhvP8sZoiDTB3W1sGOUIJSpL/q4ynvukV/yhD7wPrwoAAAAAAAAAAAAAAAAAQEIPAAAAAAAAAAAAAAAAAEBCDwAAAAAAAAA=
[2022-02-12T07:55:20.882205000Z DEBUG solana_bpf_loader_program] Program 8opHzTAnfzRpPEx21XtnrVTX28YQuCpAjcn1PczScKh consumed 9751 of 200000 compute units
[2022-02-12T07:55:20.882256000Z DEBUG solana_program_runtime::stable_log] Program 8opHzTAnfzRpPEx21XtnrVTX28YQuCpAjcn1PczScKh success
[2022-02-12T07:55:20.892137000Z DEBUG solana_program_runtime::stable_log] Program 8opHzTAnfzRpPEx21XtnrVTX28YQuCpAjcn1PczScKh invoke [1]
[2022-02-12T07:55:20.892525000Z DEBUG solana_program_runtime::stable_log] Program log: Mango: UpdateRootBank
[2022-02-12T07:55:20.894725000Z DEBUG solana_program_runtime::stable_log] Program log: mango-log
[2022-02-12T07:55:20.895327000Z DEBUG solana_program_runtime::stable_log] Program log: 8HmBNKTUaLinbhvP8sZoiDTB3W1sGOUIJSpL/q4ynvukV/yhD7wPrwsAAAAAAAAAAAAAAAAAQEIPAAAAAAAAAAAAAAAAAEBCDwAAAAAAAAA=
[2022-02-12T07:55:20.895449000Z DEBUG solana_bpf_loader_program] Program 8opHzTAnfzRpPEx21XtnrVTX28YQuCpAjcn1PczScKh consumed 9790 of 200000 compute units
[2022-02-12T07:55:20.895505000Z DEBUG solana_program_runtime::stable_log] Program 8opHzTAnfzRpPEx21XtnrVTX28YQuCpAjcn1PczScKh success
[2022-02-12T07:55:20.906262000Z DEBUG solana_program_runtime::stable_log] Program 8opHzTAnfzRpPEx21XtnrVTX28YQuCpAjcn1PczScKh invoke [1]
[2022-02-12T07:55:20.906652000Z DEBUG solana_program_runtime::stable_log] Program log: Mango: UpdateRootBank
[2022-02-12T07:55:20.908868000Z DEBUG solana_program_runtime::stable_log] Program log: mango-log
[2022-02-12T07:55:20.909472000Z DEBUG solana_program_runtime::stable_log] Program log: 8HmBNKTUaLinbhvP8sZoiDTB3W1sGOUIJSpL/q4ynvukV/yhD7wPrwwAAAAAAAAAAAAAAAAAQEIPAAAAAAAAAAAAAAAAAEBCDwAAAAAAAAA=
[2022-02-12T07:55:20.909594000Z DEBUG solana_bpf_loader_program] Program 8opHzTAnfzRpPEx21XtnrVTX28YQuCpAjcn1PczScKh consumed 9829 of 200000 compute units
[2022-02-12T07:55:20.909646000Z DEBUG solana_program_runtime::stable_log] Program 8opHzTAnfzRpPEx21XtnrVTX28YQuCpAjcn1PczScKh success
[2022-02-12T07:55:20.920649000Z DEBUG solana_program_runtime::stable_log] Program 8opHzTAnfzRpPEx21XtnrVTX28YQuCpAjcn1PczScKh invoke [1]
[2022-02-12T07:55:20.921037000Z DEBUG solana_program_runtime::stable_log] Program log: Mango: UpdateRootBank
[2022-02-12T07:55:20.923275000Z DEBUG solana_program_runtime::stable_log] Program log: mango-log
[2022-02-12T07:55:20.923874000Z DEBUG solana_program_runtime::stable_log] Program log: 8HmBNKTUaLinbhvP8sZoiDTB3W1sGOUIJSpL/q4ynvukV/yhD7wPrw0AAAAAAAAAAAAAAAAAQEIPAAAAAAAAAAAAAAAAAEBCDwAAAAAAAAA=
[2022-02-12T07:55:20.923996000Z DEBUG solana_bpf_loader_program] Program 8opHzTAnfzRpPEx21XtnrVTX28YQuCpAjcn1PczScKh consumed 9868 of 200000 compute units
[2022-02-12T07:55:20.924047000Z DEBUG solana_program_runtime::stable_log] Program 8opHzTAnfzRpPEx21XtnrVTX28YQuCpAjcn1PczScKh success
[2022-02-12T07:55:20.935063000Z DEBUG solana_program_runtime::stable_log] Program 8opHzTAnfzRpPEx21XtnrVTX28YQuCpAjcn1PczScKh invoke [1]
[2022-02-12T07:55:20.935450000Z DEBUG solana_program_runtime::stable_log] Program log: Mango: UpdateRootBank
[2022-02-12T07:55:20.937692000Z DEBUG solana_program_runtime::stable_log] Program log: mango-log
[2022-02-12T07:55:20.938297000Z DEBUG solana_program_runtime::stable_log] Program log: 8HmBNKTUaLinbhvP8sZoiDTB3W1sGOUIJSpL/q4ynvukV/yhD7wPrw4AAAAAAAAAAAAAAAAAQEIPAAAAAAAAAAAAAAAAAEBCDwAAAAAAAAA=
[2022-02-12T07:55:20.938418000Z DEBUG solana_bpf_loader_program] Program 8opHzTAnfzRpPEx21XtnrVTX28YQuCpAjcn1PczScKh consumed 9907 of 200000 compute units
[2022-02-12T07:55:20.938470000Z DEBUG solana_program_runtime::stable_log] Program 8opHzTAnfzRpPEx21XtnrVTX28YQuCpAjcn1PczScKh success
[2022-02-12T07:55:20.949454000Z DEBUG solana_program_runtime::stable_log] Program 8opHzTAnfzRpPEx21XtnrVTX28YQuCpAjcn1PczScKh invoke [1]
[2022-02-12T07:55:20.949845000Z DEBUG solana_program_runtime::stable_log] Program log: Mango: UpdateRootBank
[2022-02-12T07:55:20.952847000Z DEBUG solana_program_runtime::stable_log] Program log: mango-log
[2022-02-12T07:55:20.953448000Z DEBUG solana_program_runtime::stable_log] Program log: 8HmBNKTUaLinbhvP8sZoiDTB3W1sGOUIJSpL/q4ynvukV/yhD7wPrw8AAAAAAAAAAAAAAAAAQEIPAAAAAAAAAAAAAAAAAEBCDwAAAAAAAAA=
[2022-02-12T07:55:20.953569000Z DEBUG solana_bpf_loader_program] Program 8opHzTAnfzRpPEx21XtnrVTX28YQuCpAjcn1PczScKh consumed 12507 of 200000 compute units
[2022-02-12T07:55:20.953621000Z DEBUG solana_program_runtime::stable_log] Program 8opHzTAnfzRpPEx21XtnrVTX28YQuCpAjcn1PczScKh success
[2022-02-12T07:55:20.963791000Z DEBUG solana_program_runtime::stable_log] Program 8opHzTAnfzRpPEx21XtnrVTX28YQuCpAjcn1PczScKh invoke [1]
[2022-02-12T07:55:20.964235000Z DEBUG solana_program_runtime::stable_log] Program log: Mango: UpdateFunding
[2022-02-12T07:55:20.965344000Z DEBUG solana_program_runtime::stable_log] Program log: mango-log
[2022-02-12T07:55:20.965950000Z DEBUG solana_program_runtime::stable_log] Program log: ta5iwCEXTXunbhvP8sZoiDTB3W1sGOUIJSpL/q4ynvukV/yhD7wPrwAAAAAAAAAAAAAAAAAAAAAAAAAAAAAAAAAAAAAAAAAAAAAAAAAAAAA=
[2022-02-12T07:55:20.966096000Z DEBUG solana_bpf_loader_program] Program 8opHzTAnfzRpPEx21XtnrVTX28YQuCpAjcn1PczScKh consumed 6423 of 200000 compute units
[2022-02-12T07:55:20.966160000Z DEBUG solana_program_runtime::stable_log] Program 8opHzTAnfzRpPEx21XtnrVTX28YQuCpAjcn1PczScKh success
[2022-02-12T07:55:20.976697000Z DEBUG solana_program_runtime::stable_log] Program 8opHzTAnfzRpPEx21XtnrVTX28YQuCpAjcn1PczScKh invoke [1]
[2022-02-12T07:55:20.977143000Z DEBUG solana_program_runtime::stable_log] Program log: Mango: UpdateFunding
[2022-02-12T07:55:20.978281000Z DEBUG solana_program_runtime::stable_log] Program log: mango-log
[2022-02-12T07:55:20.978890000Z DEBUG solana_program_runtime::stable_log] Program log: ta5iwCEXTXunbhvP8sZoiDTB3W1sGOUIJSpL/q4ynvukV/yhD7wPrwEAAAAAAAAAAAAAAAAAAAAAAAAAAAAAAAAAAAAAAAAAAAAAAAAAAAA=
[2022-02-12T07:55:20.979035000Z DEBUG solana_bpf_loader_program] Program 8opHzTAnfzRpPEx21XtnrVTX28YQuCpAjcn1PczScKh consumed 6463 of 200000 compute units
[2022-02-12T07:55:20.979098000Z DEBUG solana_program_runtime::stable_log] Program 8opHzTAnfzRpPEx21XtnrVTX28YQuCpAjcn1PczScKh success
[2022-02-12T07:55:20.990948000Z DEBUG solana_program_runtime::stable_log] Program 8opHzTAnfzRpPEx21XtnrVTX28YQuCpAjcn1PczScKh invoke [1]
[2022-02-12T07:55:20.991389000Z DEBUG solana_program_runtime::stable_log] Program log: Mango: UpdateFunding
[2022-02-12T07:55:20.992522000Z DEBUG solana_program_runtime::stable_log] Program log: mango-log
[2022-02-12T07:55:20.993130000Z DEBUG solana_program_runtime::stable_log] Program log: ta5iwCEXTXunbhvP8sZoiDTB3W1sGOUIJSpL/q4ynvukV/yhD7wPrwIAAAAAAAAAAAAAAAAAAAAAAAAAAAAAAAAAAAAAAAAAAAAAAAAAAAA=
[2022-02-12T07:55:20.993276000Z DEBUG solana_bpf_loader_program] Program 8opHzTAnfzRpPEx21XtnrVTX28YQuCpAjcn1PczScKh consumed 6502 of 200000 compute units
[2022-02-12T07:55:20.993341000Z DEBUG solana_program_runtime::stable_log] Program 8opHzTAnfzRpPEx21XtnrVTX28YQuCpAjcn1PczScKh success
[2022-02-12T07:55:21.003914000Z DEBUG solana_program_runtime::stable_log] Program 8opHzTAnfzRpPEx21XtnrVTX28YQuCpAjcn1PczScKh invoke [1]
[2022-02-12T07:55:21.004358000Z DEBUG solana_program_runtime::stable_log] Program log: Mango: UpdateFunding
[2022-02-12T07:55:21.005513000Z DEBUG solana_program_runtime::stable_log] Program log: mango-log
[2022-02-12T07:55:21.006115000Z DEBUG solana_program_runtime::stable_log] Program log: ta5iwCEXTXunbhvP8sZoiDTB3W1sGOUIJSpL/q4ynvukV/yhD7wPrwMAAAAAAAAAAAAAAAAAAAAAAAAAAAAAAAAAAAAAAAAAAAAAAAAAAAA=
[2022-02-12T07:55:21.006263000Z DEBUG solana_bpf_loader_program] Program 8opHzTAnfzRpPEx21XtnrVTX28YQuCpAjcn1PczScKh consumed 6541 of 200000 compute units
[2022-02-12T07:55:21.006327000Z DEBUG solana_program_runtime::stable_log] Program 8opHzTAnfzRpPEx21XtnrVTX28YQuCpAjcn1PczScKh success
[2022-02-12T07:55:21.017960000Z DEBUG solana_program_runtime::stable_log] Program 8opHzTAnfzRpPEx21XtnrVTX28YQuCpAjcn1PczScKh invoke [1]
[2022-02-12T07:55:21.018414000Z DEBUG solana_program_runtime::stable_log] Program log: Mango: UpdateFunding
[2022-02-12T07:55:21.019581000Z DEBUG solana_program_runtime::stable_log] Program log: mango-log
[2022-02-12T07:55:21.020188000Z DEBUG solana_program_runtime::stable_log] Program log: ta5iwCEXTXunbhvP8sZoiDTB3W1sGOUIJSpL/q4ynvukV/yhD7wPrwQAAAAAAAAAAAAAAAAAAAAAAAAAAAAAAAAAAAAAAAAAAAAAAAAAAAA=
[2022-02-12T07:55:21.020335000Z DEBUG solana_bpf_loader_program] Program 8opHzTAnfzRpPEx21XtnrVTX28YQuCpAjcn1PczScKh consumed 6585 of 200000 compute units
[2022-02-12T07:55:21.020400000Z DEBUG solana_program_runtime::stable_log] Program 8opHzTAnfzRpPEx21XtnrVTX28YQuCpAjcn1PczScKh success
[2022-02-12T07:55:21.032154000Z DEBUG solana_program_runtime::stable_log] Program 8opHzTAnfzRpPEx21XtnrVTX28YQuCpAjcn1PczScKh invoke [1]
[2022-02-12T07:55:21.032621000Z DEBUG solana_program_runtime::stable_log] Program log: Mango: UpdateFunding
[2022-02-12T07:55:21.033843000Z DEBUG solana_program_runtime::stable_log] Program log: mango-log
[2022-02-12T07:55:21.034446000Z DEBUG solana_program_runtime::stable_log] Program log: ta5iwCEXTXunbhvP8sZoiDTB3W1sGOUIJSpL/q4ynvukV/yhD7wPrwUAAAAAAAAAAAAAAAAAAAAAAAAAAAAAAAAAAAAAAAAAAAAAAAAAAAA=
[2022-02-12T07:55:21.034590000Z DEBUG solana_bpf_loader_program] Program 8opHzTAnfzRpPEx21XtnrVTX28YQuCpAjcn1PczScKh consumed 6624 of 200000 compute units
[2022-02-12T07:55:21.034655000Z DEBUG solana_program_runtime::stable_log] Program 8opHzTAnfzRpPEx21XtnrVTX28YQuCpAjcn1PczScKh success
[2022-02-12T07:55:21.045049000Z DEBUG solana_program_runtime::stable_log] Program 8opHzTAnfzRpPEx21XtnrVTX28YQuCpAjcn1PczScKh invoke [1]
[2022-02-12T07:55:21.045496000Z DEBUG solana_program_runtime::stable_log] Program log: Mango: UpdateFunding
[2022-02-12T07:55:21.046686000Z DEBUG solana_program_runtime::stable_log] Program log: mango-log
[2022-02-12T07:55:21.047300000Z DEBUG solana_program_runtime::stable_log] Program log: ta5iwCEXTXunbhvP8sZoiDTB3W1sGOUIJSpL/q4ynvukV/yhD7wPrwYAAAAAAAAAAAAAAAAAAAAAAAAAAAAAAAAAAAAAAAAAAAAAAAAAAAA=
[2022-02-12T07:55:21.047447000Z DEBUG solana_bpf_loader_program] Program 8opHzTAnfzRpPEx21XtnrVTX28YQuCpAjcn1PczScKh consumed 6658 of 200000 compute units
[2022-02-12T07:55:21.047511000Z DEBUG solana_program_runtime::stable_log] Program 8opHzTAnfzRpPEx21XtnrVTX28YQuCpAjcn1PczScKh success
[2022-02-12T07:55:21.058062000Z DEBUG solana_program_runtime::stable_log] Program 8opHzTAnfzRpPEx21XtnrVTX28YQuCpAjcn1PczScKh invoke [1]
[2022-02-12T07:55:21.058513000Z DEBUG solana_program_runtime::stable_log] Program log: Mango: UpdateFunding
[2022-02-12T07:55:21.059721000Z DEBUG solana_program_runtime::stable_log] Program log: mango-log
[2022-02-12T07:55:21.060327000Z DEBUG solana_program_runtime::stable_log] Program log: ta5iwCEXTXunbhvP8sZoiDTB3W1sGOUIJSpL/q4ynvukV/yhD7wPrwcAAAAAAAAAAAAAAAAAAAAAAAAAAAAAAAAAAAAAAAAAAAAAAAAAAAA=
[2022-02-12T07:55:21.060473000Z DEBUG solana_bpf_loader_program] Program 8opHzTAnfzRpPEx21XtnrVTX28YQuCpAjcn1PczScKh consumed 6697 of 200000 compute units
[2022-02-12T07:55:21.060536000Z DEBUG solana_program_runtime::stable_log] Program 8opHzTAnfzRpPEx21XtnrVTX28YQuCpAjcn1PczScKh success
[2022-02-12T07:55:21.071522000Z DEBUG solana_program_runtime::stable_log] Program 8opHzTAnfzRpPEx21XtnrVTX28YQuCpAjcn1PczScKh invoke [1]
[2022-02-12T07:55:21.071983000Z DEBUG solana_program_runtime::stable_log] Program log: Mango: UpdateFunding
[2022-02-12T07:55:21.073204000Z DEBUG solana_program_runtime::stable_log] Program log: mango-log
[2022-02-12T07:55:21.073817000Z DEBUG solana_program_runtime::stable_log] Program log: ta5iwCEXTXunbhvP8sZoiDTB3W1sGOUIJSpL/q4ynvukV/yhD7wPrwgAAAAAAAAAAAAAAAAAAAAAAAAAAAAAAAAAAAAAAAAAAAAAAAAAAAA=
[2022-02-12T07:55:21.073963000Z DEBUG solana_bpf_loader_program] Program 8opHzTAnfzRpPEx21XtnrVTX28YQuCpAjcn1PczScKh consumed 6736 of 200000 compute units
[2022-02-12T07:55:21.074029000Z DEBUG solana_program_runtime::stable_log] Program 8opHzTAnfzRpPEx21XtnrVTX28YQuCpAjcn1PczScKh success
[2022-02-12T07:55:21.084725000Z DEBUG solana_program_runtime::stable_log] Program 8opHzTAnfzRpPEx21XtnrVTX28YQuCpAjcn1PczScKh invoke [1]
[2022-02-12T07:55:21.085176000Z DEBUG solana_program_runtime::stable_log] Program log: Mango: UpdateFunding
[2022-02-12T07:55:21.086404000Z DEBUG solana_program_runtime::stable_log] Program log: mango-log
[2022-02-12T07:55:21.087015000Z DEBUG solana_program_runtime::stable_log] Program log: ta5iwCEXTXunbhvP8sZoiDTB3W1sGOUIJSpL/q4ynvukV/yhD7wPrwkAAAAAAAAAAAAAAAAAAAAAAAAAAAAAAAAAAAAAAAAAAAAAAAAAAAA=
[2022-02-12T07:55:21.087162000Z DEBUG solana_bpf_loader_program] Program 8opHzTAnfzRpPEx21XtnrVTX28YQuCpAjcn1PczScKh consumed 6775 of 200000 compute units
[2022-02-12T07:55:21.087226000Z DEBUG solana_program_runtime::stable_log] Program 8opHzTAnfzRpPEx21XtnrVTX28YQuCpAjcn1PczScKh success
[2022-02-12T07:55:21.097838000Z DEBUG solana_program_runtime::stable_log] Program 8opHzTAnfzRpPEx21XtnrVTX28YQuCpAjcn1PczScKh invoke [1]
[2022-02-12T07:55:21.098292000Z DEBUG solana_program_runtime::stable_log] Program log: Mango: UpdateFunding
[2022-02-12T07:55:21.099545000Z DEBUG solana_program_runtime::stable_log] Program log: mango-log
[2022-02-12T07:55:21.100152000Z DEBUG solana_program_runtime::stable_log] Program log: ta5iwCEXTXunbhvP8sZoiDTB3W1sGOUIJSpL/q4ynvukV/yhD7wPrwoAAAAAAAAAAAAAAAAAAAAAAAAAAAAAAAAAAAAAAAAAAAAAAAAAAAA=
[2022-02-12T07:55:21.100297000Z DEBUG solana_bpf_loader_program] Program 8opHzTAnfzRpPEx21XtnrVTX28YQuCpAjcn1PczScKh consumed 6814 of 200000 compute units
[2022-02-12T07:55:21.100362000Z DEBUG solana_program_runtime::stable_log] Program 8opHzTAnfzRpPEx21XtnrVTX28YQuCpAjcn1PczScKh success
[2022-02-12T07:55:21.110909000Z DEBUG solana_program_runtime::stable_log] Program 8opHzTAnfzRpPEx21XtnrVTX28YQuCpAjcn1PczScKh invoke [1]
[2022-02-12T07:55:21.111368000Z DEBUG solana_program_runtime::stable_log] Program log: Mango: UpdateFunding
[2022-02-12T07:55:21.112643000Z DEBUG solana_program_runtime::stable_log] Program log: mango-log
[2022-02-12T07:55:21.113250000Z DEBUG solana_program_runtime::stable_log] Program log: ta5iwCEXTXunbhvP8sZoiDTB3W1sGOUIJSpL/q4ynvukV/yhD7wPrwsAAAAAAAAAAAAAAAAAAAAAAAAAAAAAAAAAAAAAAAAAAAAAAAAAAAA=
[2022-02-12T07:55:21.113397000Z DEBUG solana_bpf_loader_program] Program 8opHzTAnfzRpPEx21XtnrVTX28YQuCpAjcn1PczScKh consumed 6853 of 200000 compute units
[2022-02-12T07:55:21.113465000Z DEBUG solana_program_runtime::stable_log] Program 8opHzTAnfzRpPEx21XtnrVTX28YQuCpAjcn1PczScKh success
[2022-02-12T07:55:21.125172000Z DEBUG solana_program_runtime::stable_log] Program 8opHzTAnfzRpPEx21XtnrVTX28YQuCpAjcn1PczScKh invoke [1]
[2022-02-12T07:55:21.125620000Z DEBUG solana_program_runtime::stable_log] Program log: Mango: UpdateFunding
[2022-02-12T07:55:21.126893000Z DEBUG solana_program_runtime::stable_log] Program log: mango-log
[2022-02-12T07:55:21.127512000Z DEBUG solana_program_runtime::stable_log] Program log: ta5iwCEXTXunbhvP8sZoiDTB3W1sGOUIJSpL/q4ynvukV/yhD7wPrwwAAAAAAAAAAAAAAAAAAAAAAAAAAAAAAAAAAAAAAAAAAAAAAAAAAAA=
[2022-02-12T07:55:21.127658000Z DEBUG solana_bpf_loader_program] Program 8opHzTAnfzRpPEx21XtnrVTX28YQuCpAjcn1PczScKh consumed 6892 of 200000 compute units
[2022-02-12T07:55:21.127723000Z DEBUG solana_program_runtime::stable_log] Program 8opHzTAnfzRpPEx21XtnrVTX28YQuCpAjcn1PczScKh success
[2022-02-12T07:55:21.138003000Z DEBUG solana_program_runtime::stable_log] Program 8opHzTAnfzRpPEx21XtnrVTX28YQuCpAjcn1PczScKh invoke [1]
[2022-02-12T07:55:21.138446000Z DEBUG solana_program_runtime::stable_log] Program log: Mango: UpdateFunding
[2022-02-12T07:55:21.139729000Z DEBUG solana_program_runtime::stable_log] Program log: mango-log
[2022-02-12T07:55:21.140342000Z DEBUG solana_program_runtime::stable_log] Program log: ta5iwCEXTXunbhvP8sZoiDTB3W1sGOUIJSpL/q4ynvukV/yhD7wPrw0AAAAAAAAAAAAAAAAAAAAAAAAAAAAAAAAAAAAAAAAAAAAAAAAAAAA=
[2022-02-12T07:55:21.140487000Z DEBUG solana_bpf_loader_program] Program 8opHzTAnfzRpPEx21XtnrVTX28YQuCpAjcn1PczScKh consumed 6931 of 200000 compute units
[2022-02-12T07:55:21.140550000Z DEBUG solana_program_runtime::stable_log] Program 8opHzTAnfzRpPEx21XtnrVTX28YQuCpAjcn1PczScKh success
[2022-02-12T07:55:21.151853000Z DEBUG solana_program_runtime::stable_log] Program 8opHzTAnfzRpPEx21XtnrVTX28YQuCpAjcn1PczScKh invoke [1]
[2022-02-12T07:55:21.152299000Z DEBUG solana_program_runtime::stable_log] Program log: Mango: UpdateFunding
[2022-02-12T07:55:21.153601000Z DEBUG solana_program_runtime::stable_log] Program log: mango-log
[2022-02-12T07:55:21.154206000Z DEBUG solana_program_runtime::stable_log] Program log: ta5iwCEXTXunbhvP8sZoiDTB3W1sGOUIJSpL/q4ynvukV/yhD7wPrw4AAAAAAAAAAAAAAAAAAAAAAAAAAAAAAAAAAAAAAAAAAAAAAAAAAAA=
[2022-02-12T07:55:21.154353000Z DEBUG solana_bpf_loader_program] Program 8opHzTAnfzRpPEx21XtnrVTX28YQuCpAjcn1PczScKh consumed 6970 of 200000 compute units
[2022-02-12T07:55:21.154422000Z DEBUG solana_program_runtime::stable_log] Program 8opHzTAnfzRpPEx21XtnrVTX28YQuCpAjcn1PczScKh success
[2022-02-12T07:55:21.168428000Z DEBUG solana_program_runtime::stable_log] Program 8opHzTAnfzRpPEx21XtnrVTX28YQuCpAjcn1PczScKh invoke [1]
[2022-02-12T07:55:21.169592000Z DEBUG solana_program_runtime::stable_log] Program log: Mango: CacheRootBanks
[2022-02-12T07:55:21.173357000Z DEBUG solana_program_runtime::stable_log] Program log: mango-log
[2022-02-12T07:55:21.176245000Z DEBUG solana_program_runtime::stable_log] Program log: IVXYca/GfeinbhvP8sZoiDTB3W1sGOUIJSpL/q4ynvukV/yhD7wPrxAAAAAAAAAAAAAAAAEAAAAAAAAAAgAAAAAAAAADAAAAAAAAAAQAAAAAAAAABQAAAAAAAAAGAAAAAAAAAAcAAAAAAAAACAAAAAAAAAAJAAAAAAAAAAoAAAAAAAAACwAAAAAAAAAMAAAAAAAAAA0AAAAAAAAADgAAAAAAAAAPAAAAAAAAABAAAAAAAAAAAABAQg8AAAAAAAAAAAAAAAAAQEIPAAAAAAAAAAAAAAAAAEBCDwAAAAAAAAAAAAAAAABAQg8AAAAAAAAAAAAAAAAAQEIPAAAAAAAAAAAAAAAAAEBCDwAAAAAAAAAAAAAAAABAQg8AAAAAAAAAAAAAAAAAQEIPAAAAAAAAAAAAAAAAAEBCDwAAAAAAAAAAAAAAAABAQg8AAAAAAAAAAAAAAAAAQEIPAAAAAAAAAAAAAAAAAEBCDwAAAAAAAAAAAAAAAABAQg8AAAAAAAAAAAAAAAAAQEIPAAAAAAAAAAAAAAAAAEBCDwAAAAAAAAAAAAAAAABAQg8AAAAAAAAAEAAAAAAAAAAAAEBCDwAAAAAAAAAAAAAAAABAQg8AAAAAAAAAAAAAAAAAQEIPAAAAAAAAAAAAAAAAAEBCDwAAAAAAAAAAAAAAAABAQg8AAAAAAAAAAAAAAAAAQEIPAAAAAAAAAAAAAAAAAEBCDwAAAAAAAAAAAAAAAABAQg8AAAAAAAAAAAAAAAAAQEIPAAAAAAAAAAAAAAAAAEBCDwAAAAAAAAAAAAAAAABAQg8AAAAAAAAAAAAAAAAAQEIPAAAAAAAAAAAAAAAAAEBCDwAAAAAAAAAAAAAAAABAQg8AAAAAAAAAAAAAAAAAQEIPAAAAAAAAAAAAAAAAAEBCDwAAAAAAAAA=
[2022-02-12T07:55:21.176660000Z DEBUG solana_bpf_loader_program] Program 8opHzTAnfzRpPEx21XtnrVTX28YQuCpAjcn1PczScKh consumed 24418 of 200000 compute units
[2022-02-12T07:55:21.176735000Z DEBUG solana_program_runtime::stable_log] Program 8opHzTAnfzRpPEx21XtnrVTX28YQuCpAjcn1PczScKh success
[2022-02-12T07:55:21.190649000Z DEBUG solana_program_runtime::stable_log] Program 8opHzTAnfzRpPEx21XtnrVTX28YQuCpAjcn1PczScKh invoke [1]
[2022-02-12T07:55:21.191753000Z DEBUG solana_program_runtime::stable_log] Program log: Mango: CachePerpMarkets
[2022-02-12T07:55:21.195441000Z DEBUG solana_program_runtime::stable_log] Program log: mango-log
[2022-02-12T07:55:21.198132000Z DEBUG solana_program_runtime::stable_log] Program log: 9lt9JxCzqw6nbhvP8sZoiDTB3W1sGOUIJSpL/q4ynvukV/yhD7wPrw8AAAAAAAAAAAAAAAEAAAAAAAAAAgAAAAAAAAADAAAAAAAAAAQAAAAAAAAABQAAAAAAAAAGAAAAAAAAAAcAAAAAAAAACAAAAAAAAAAJAAAAAAAAAAoAAAAAAAAACwAAAAAAAAAMAAAAAAAAAA0AAAAAAAAADgAAAAAAAAAPAAAAAAAAAAAAAAAAAAAAAAAAAAAAAAAAAAAAAAAAAAAAAAAAAAAAAAAAAAAAAAAAAAAAAAAAAAAAAAAAAAAAAAAAAAAAAAAAAAAAAAAAAAAAAAAAAAAAAAAAAAAAAAAAAAAAAAAAAAAAAAAAAAAAAAAAAAAAAAAAAAAAAAAAAAAAAAAAAAAAAAAAAAAAAAAAAAAAAAAAAAAAAAAAAAAAAAAAAAAAAAAAAAAAAAAAAAAAAAAAAAAAAAAAAAAAAAAAAAAAAAAAAAAAAAAAAAAAAAAAAAAAAAAAAAAAAAAAAAAAAAAAAAAAAAAAAAAAAAAAAAAADwAAAAAAAAAAAAAAAAAAAAAAAAAAAAAAAAAAAAAAAAAAAAAAAAAAAAAAAAAAAAAAAAAAAAAAAAAAAAAAAAAAAAAAAAAAAAAAAAAAAAAAAAAAAAAAAAAAAAAAAAAAAAAAAAAAAAAAAAAAAAAAAAAAAAAAAAAAAAAAAAAAAAAAAAAAAAAAAAAAAAAAAAAAAAAAAAAAAAAAAAAAAAAAAAAAAAAAAAAAAAAAAAAAAAAAAAAAAAAAAAAAAAAAAAAAAAAAAAAAAAAAAAAAAAAAAAAAAAAAAAAAAAAAAAAAAAAAAAAAAAAAAAAAAAAAAAAAAAAAAAAAAA==
[2022-02-12T07:55:21.198524000Z DEBUG solana_bpf_loader_program] Program 8opHzTAnfzRpPEx21XtnrVTX28YQuCpAjcn1PczScKh consumed 23463 of 200000 compute units
[2022-02-12T07:55:21.198592000Z DEBUG solana_program_runtime::stable_log] Program 8opHzTAnfzRpPEx21XtnrVTX28YQuCpAjcn1PczScKh success
[2022-02-12T07:55:21.243799000Z DEBUG solana_program_runtime::stable_log] Program 8opHzTAnfzRpPEx21XtnrVTX28YQuCpAjcn1PczScKh invoke [1]
[2022-02-12T07:55:21.244940000Z DEBUG solana_program_runtime::stable_log] Program log: Mango: CachePrices
[2022-02-12T07:55:21.248001000Z DEBUG solana_program_runtime::stable_log] Program log: mango-log
[2022-02-12T07:55:21.249810000Z DEBUG solana_program_runtime::stable_log] Program log: ux0uSxX5tBunbhvP8sZoiDTB3W1sGOUIJSpL/q4ynvukV/yhD7wPrw8AAAAAAAAAAAAAAAEAAAAAAAAAAgAAAAAAAAADAAAAAAAAAAQAAAAAAAAABQAAAAAAAAAGAAAAAAAAAAcAAAAAAAAACAAAAAAAAAAJAAAAAAAAAAoAAAAAAAAACwAAAAAAAAAMAAAAAAAAAA0AAAAAAAAADgAAAAAAAAAPAAAAAAAAAAAAmDoAAAAAAAAAAAAAAAAAAJg6AAAAAAAAAAAAAAAAAACYOgAAAAAAAAAAAAAAAAAAmDoAAAAAAAAAAAAAAAAAAA8AAAAAAAAAAAAAAAAAAACYOgAAAAAAAAAAAAAAAAAAmDoAAAAAAAAAAAAAAAAAAJg6AAAAAAAAAAAAAAAAAACYOgAAAAAAAAAAAAAAAAAAmDoAAAAAAAAAAAAAAAAAAJg6AAAAAAAAAAAAAAAAAACYOgAAAAAAAAAAAAAAAAAAmDoAAAAAAAAAAAAAAAAAAJg6AAAAAAAAAAAAAAAAAACYOgAAAAAAAAAA
[2022-02-12T07:55:21.250204000Z DEBUG solana_bpf_loader_program] Program 8opHzTAnfzRpPEx21XtnrVTX28YQuCpAjcn1PczScKh consumed 18318 of 200000 compute units
[2022-02-12T07:55:21.250286000Z DEBUG solana_program_runtime::stable_log] Program 8opHzTAnfzRpPEx21XtnrVTX28YQuCpAjcn1PczScKh success
[2022-02-12T07:55:21.260351000Z DEBUG solana_program_runtime::stable_log] Program 8opHzTAnfzRpPEx21XtnrVTX28YQuCpAjcn1PczScKh invoke [1]
[2022-02-12T07:55:21.260743000Z DEBUG solana_program_runtime::stable_log] Program log: Mango: UpdateRootBank
[2022-02-12T07:55:21.262804000Z DEBUG solana_program_runtime::stable_log] Program log: mango-log
[2022-02-12T07:55:21.263405000Z DEBUG solana_program_runtime::stable_log] Program log: 8HmBNKTUaLinbhvP8sZoiDTB3W1sGOUIJSpL/q4ynvukV/yhD7wPrwAAAAAAAAAAAAAAAAAAQEIPAAAAAAAAAAAAAAAAAEBCDwAAAAAAAAA=
[2022-02-12T07:55:21.263527000Z DEBUG solana_bpf_loader_program] Program 8opHzTAnfzRpPEx21XtnrVTX28YQuCpAjcn1PczScKh consumed 9360 of 200000 compute units
[2022-02-12T07:55:21.263579000Z DEBUG solana_program_runtime::stable_log] Program 8opHzTAnfzRpPEx21XtnrVTX28YQuCpAjcn1PczScKh success
[2022-02-12T07:55:21.273613000Z DEBUG solana_program_runtime::stable_log] Program 8opHzTAnfzRpPEx21XtnrVTX28YQuCpAjcn1PczScKh invoke [1]
[2022-02-12T07:55:21.274004000Z DEBUG solana_program_runtime::stable_log] Program log: Mango: UpdateRootBank
[2022-02-12T07:55:21.276073000Z DEBUG solana_program_runtime::stable_log] Program log: mango-log
[2022-02-12T07:55:21.276676000Z DEBUG solana_program_runtime::stable_log] Program log: 8HmBNKTUaLinbhvP8sZoiDTB3W1sGOUIJSpL/q4ynvukV/yhD7wPrwEAAAAAAAAAAAAAAAAAQEIPAAAAAAAAAAAAAAAAAEBCDwAAAAAAAAA=
[2022-02-12T07:55:21.276798000Z DEBUG solana_bpf_loader_program] Program 8opHzTAnfzRpPEx21XtnrVTX28YQuCpAjcn1PczScKh consumed 9400 of 200000 compute units
[2022-02-12T07:55:21.276853000Z DEBUG solana_program_runtime::stable_log] Program 8opHzTAnfzRpPEx21XtnrVTX28YQuCpAjcn1PczScKh success
[2022-02-12T07:55:21.286809000Z DEBUG solana_program_runtime::stable_log] Program 8opHzTAnfzRpPEx21XtnrVTX28YQuCpAjcn1PczScKh invoke [1]
[2022-02-12T07:55:21.287196000Z DEBUG solana_program_runtime::stable_log] Program log: Mango: UpdateRootBank
[2022-02-12T07:55:21.289281000Z DEBUG solana_program_runtime::stable_log] Program log: mango-log
[2022-02-12T07:55:21.289883000Z DEBUG solana_program_runtime::stable_log] Program log: 8HmBNKTUaLinbhvP8sZoiDTB3W1sGOUIJSpL/q4ynvukV/yhD7wPrwIAAAAAAAAAAAAAAAAAQEIPAAAAAAAAAAAAAAAAAEBCDwAAAAAAAAA=
[2022-02-12T07:55:21.290005000Z DEBUG solana_bpf_loader_program] Program 8opHzTAnfzRpPEx21XtnrVTX28YQuCpAjcn1PczScKh consumed 9439 of 200000 compute units
[2022-02-12T07:55:21.290056000Z DEBUG solana_program_runtime::stable_log] Program 8opHzTAnfzRpPEx21XtnrVTX28YQuCpAjcn1PczScKh success
[2022-02-12T07:55:21.300012000Z DEBUG solana_program_runtime::stable_log] Program 8opHzTAnfzRpPEx21XtnrVTX28YQuCpAjcn1PczScKh invoke [1]
[2022-02-12T07:55:21.300402000Z DEBUG solana_program_runtime::stable_log] Program log: Mango: UpdateRootBank
[2022-02-12T07:55:21.302497000Z DEBUG solana_program_runtime::stable_log] Program log: mango-log
[2022-02-12T07:55:21.303101000Z DEBUG solana_program_runtime::stable_log] Program log: 8HmBNKTUaLinbhvP8sZoiDTB3W1sGOUIJSpL/q4ynvukV/yhD7wPrwMAAAAAAAAAAAAAAAAAQEIPAAAAAAAAAAAAAAAAAEBCDwAAAAAAAAA=
[2022-02-12T07:55:21.303222000Z DEBUG solana_bpf_loader_program] Program 8opHzTAnfzRpPEx21XtnrVTX28YQuCpAjcn1PczScKh consumed 9478 of 200000 compute units
[2022-02-12T07:55:21.303274000Z DEBUG solana_program_runtime::stable_log] Program 8opHzTAnfzRpPEx21XtnrVTX28YQuCpAjcn1PczScKh success
[2022-02-12T07:55:21.314375000Z DEBUG solana_program_runtime::stable_log] Program 8opHzTAnfzRpPEx21XtnrVTX28YQuCpAjcn1PczScKh invoke [1]
[2022-02-12T07:55:21.314760000Z DEBUG solana_program_runtime::stable_log] Program log: Mango: UpdateRootBank
[2022-02-12T07:55:21.316878000Z DEBUG solana_program_runtime::stable_log] Program log: mango-log
[2022-02-12T07:55:21.317482000Z DEBUG solana_program_runtime::stable_log] Program log: 8HmBNKTUaLinbhvP8sZoiDTB3W1sGOUIJSpL/q4ynvukV/yhD7wPrwQAAAAAAAAAAAAAAAAAQEIPAAAAAAAAAAAAAAAAAEBCDwAAAAAAAAA=
[2022-02-12T07:55:21.317604000Z DEBUG solana_bpf_loader_program] Program 8opHzTAnfzRpPEx21XtnrVTX28YQuCpAjcn1PczScKh consumed 9517 of 200000 compute units
[2022-02-12T07:55:21.317656000Z DEBUG solana_program_runtime::stable_log] Program 8opHzTAnfzRpPEx21XtnrVTX28YQuCpAjcn1PczScKh success
[2022-02-12T07:55:21.328488000Z DEBUG solana_program_runtime::stable_log] Program 8opHzTAnfzRpPEx21XtnrVTX28YQuCpAjcn1PczScKh invoke [1]
[2022-02-12T07:55:21.328886000Z DEBUG solana_program_runtime::stable_log] Program log: Mango: UpdateRootBank
[2022-02-12T07:55:21.331027000Z DEBUG solana_program_runtime::stable_log] Program log: mango-log
[2022-02-12T07:55:21.331629000Z DEBUG solana_program_runtime::stable_log] Program log: 8HmBNKTUaLinbhvP8sZoiDTB3W1sGOUIJSpL/q4ynvukV/yhD7wPrwUAAAAAAAAAAAAAAAAAQEIPAAAAAAAAAAAAAAAAAEBCDwAAAAAAAAA=
[2022-02-12T07:55:21.331753000Z DEBUG solana_bpf_loader_program] Program 8opHzTAnfzRpPEx21XtnrVTX28YQuCpAjcn1PczScKh consumed 9556 of 200000 compute units
[2022-02-12T07:55:21.331806000Z DEBUG solana_program_runtime::stable_log] Program 8opHzTAnfzRpPEx21XtnrVTX28YQuCpAjcn1PczScKh success
[2022-02-12T07:55:21.341657000Z DEBUG solana_program_runtime::stable_log] Program 8opHzTAnfzRpPEx21XtnrVTX28YQuCpAjcn1PczScKh invoke [1]
[2022-02-12T07:55:21.342044000Z DEBUG solana_program_runtime::stable_log] Program log: Mango: UpdateRootBank
[2022-02-12T07:55:21.344188000Z DEBUG solana_program_runtime::stable_log] Program log: mango-log
[2022-02-12T07:55:21.344788000Z DEBUG solana_program_runtime::stable_log] Program log: 8HmBNKTUaLinbhvP8sZoiDTB3W1sGOUIJSpL/q4ynvukV/yhD7wPrwYAAAAAAAAAAAAAAAAAQEIPAAAAAAAAAAAAAAAAAEBCDwAAAAAAAAA=
[2022-02-12T07:55:21.344911000Z DEBUG solana_bpf_loader_program] Program 8opHzTAnfzRpPEx21XtnrVTX28YQuCpAjcn1PczScKh consumed 9595 of 200000 compute units
[2022-02-12T07:55:21.344963000Z DEBUG solana_program_runtime::stable_log] Program 8opHzTAnfzRpPEx21XtnrVTX28YQuCpAjcn1PczScKh success
[2022-02-12T07:55:21.355992000Z DEBUG solana_program_runtime::stable_log] Program 8opHzTAnfzRpPEx21XtnrVTX28YQuCpAjcn1PczScKh invoke [1]
[2022-02-12T07:55:21.356380000Z DEBUG solana_program_runtime::stable_log] Program log: Mango: UpdateRootBank
[2022-02-12T07:55:21.358529000Z DEBUG solana_program_runtime::stable_log] Program log: mango-log
[2022-02-12T07:55:21.359133000Z DEBUG solana_program_runtime::stable_log] Program log: 8HmBNKTUaLinbhvP8sZoiDTB3W1sGOUIJSpL/q4ynvukV/yhD7wPrwcAAAAAAAAAAAAAAAAAQEIPAAAAAAAAAAAAAAAAAEBCDwAAAAAAAAA=
[2022-02-12T07:55:21.359255000Z DEBUG solana_bpf_loader_program] Program 8opHzTAnfzRpPEx21XtnrVTX28YQuCpAjcn1PczScKh consumed 9634 of 200000 compute units
[2022-02-12T07:55:21.359306000Z DEBUG solana_program_runtime::stable_log] Program 8opHzTAnfzRpPEx21XtnrVTX28YQuCpAjcn1PczScKh success
[2022-02-12T07:55:21.369146000Z DEBUG solana_program_runtime::stable_log] Program 8opHzTAnfzRpPEx21XtnrVTX28YQuCpAjcn1PczScKh invoke [1]
[2022-02-12T07:55:21.369528000Z DEBUG solana_program_runtime::stable_log] Program log: Mango: UpdateRootBank
[2022-02-12T07:55:21.371684000Z DEBUG solana_program_runtime::stable_log] Program log: mango-log
[2022-02-12T07:55:21.372288000Z DEBUG solana_program_runtime::stable_log] Program log: 8HmBNKTUaLinbhvP8sZoiDTB3W1sGOUIJSpL/q4ynvukV/yhD7wPrwgAAAAAAAAAAAAAAAAAQEIPAAAAAAAAAAAAAAAAAEBCDwAAAAAAAAA=
[2022-02-12T07:55:21.372410000Z DEBUG solana_bpf_loader_program] Program 8opHzTAnfzRpPEx21XtnrVTX28YQuCpAjcn1PczScKh consumed 9673 of 200000 compute units
[2022-02-12T07:55:21.372461000Z DEBUG solana_program_runtime::stable_log] Program 8opHzTAnfzRpPEx21XtnrVTX28YQuCpAjcn1PczScKh success
[2022-02-12T07:55:21.383535000Z DEBUG solana_program_runtime::stable_log] Program 8opHzTAnfzRpPEx21XtnrVTX28YQuCpAjcn1PczScKh invoke [1]
[2022-02-12T07:55:21.383925000Z DEBUG solana_program_runtime::stable_log] Program log: Mango: UpdateRootBank
[2022-02-12T07:55:21.386103000Z DEBUG solana_program_runtime::stable_log] Program log: mango-log
[2022-02-12T07:55:21.386705000Z DEBUG solana_program_runtime::stable_log] Program log: 8HmBNKTUaLinbhvP8sZoiDTB3W1sGOUIJSpL/q4ynvukV/yhD7wPrwkAAAAAAAAAAAAAAAAAQEIPAAAAAAAAAAAAAAAAAEBCDwAAAAAAAAA=
[2022-02-12T07:55:21.386827000Z DEBUG solana_bpf_loader_program] Program 8opHzTAnfzRpPEx21XtnrVTX28YQuCpAjcn1PczScKh consumed 9712 of 200000 compute units
[2022-02-12T07:55:21.386877000Z DEBUG solana_program_runtime::stable_log] Program 8opHzTAnfzRpPEx21XtnrVTX28YQuCpAjcn1PczScKh success
[2022-02-12T07:55:21.396720000Z DEBUG solana_program_runtime::stable_log] Program 8opHzTAnfzRpPEx21XtnrVTX28YQuCpAjcn1PczScKh invoke [1]
[2022-02-12T07:55:21.397106000Z DEBUG solana_program_runtime::stable_log] Program log: Mango: UpdateRootBank
[2022-02-12T07:55:21.399322000Z DEBUG solana_program_runtime::stable_log] Program log: mango-log
[2022-02-12T07:55:21.399926000Z DEBUG solana_program_runtime::stable_log] Program log: 8HmBNKTUaLinbhvP8sZoiDTB3W1sGOUIJSpL/q4ynvukV/yhD7wPrwoAAAAAAAAAAAAAAAAAQEIPAAAAAAAAAAAAAAAAAEBCDwAAAAAAAAA=
[2022-02-12T07:55:21.400048000Z DEBUG solana_bpf_loader_program] Program 8opHzTAnfzRpPEx21XtnrVTX28YQuCpAjcn1PczScKh consumed 9751 of 200000 compute units
[2022-02-12T07:55:21.400098000Z DEBUG solana_program_runtime::stable_log] Program 8opHzTAnfzRpPEx21XtnrVTX28YQuCpAjcn1PczScKh success
[2022-02-12T07:55:21.410866000Z DEBUG solana_program_runtime::stable_log] Program 8opHzTAnfzRpPEx21XtnrVTX28YQuCpAjcn1PczScKh invoke [1]
[2022-02-12T07:55:21.411254000Z DEBUG solana_program_runtime::stable_log] Program log: Mango: UpdateRootBank
[2022-02-12T07:55:21.413461000Z DEBUG solana_program_runtime::stable_log] Program log: mango-log
[2022-02-12T07:55:21.414064000Z DEBUG solana_program_runtime::stable_log] Program log: 8HmBNKTUaLinbhvP8sZoiDTB3W1sGOUIJSpL/q4ynvukV/yhD7wPrwsAAAAAAAAAAAAAAAAAQEIPAAAAAAAAAAAAAAAAAEBCDwAAAAAAAAA=
[2022-02-12T07:55:21.414186000Z DEBUG solana_bpf_loader_program] Program 8opHzTAnfzRpPEx21XtnrVTX28YQuCpAjcn1PczScKh consumed 9790 of 200000 compute units
[2022-02-12T07:55:21.414237000Z DEBUG solana_program_runtime::stable_log] Program 8opHzTAnfzRpPEx21XtnrVTX28YQuCpAjcn1PczScKh success
[2022-02-12T07:55:21.425408000Z DEBUG solana_program_runtime::stable_log] Program 8opHzTAnfzRpPEx21XtnrVTX28YQuCpAjcn1PczScKh invoke [1]
[2022-02-12T07:55:21.425821000Z DEBUG solana_program_runtime::stable_log] Program log: Mango: UpdateRootBank
[2022-02-12T07:55:21.428045000Z DEBUG solana_program_runtime::stable_log] Program log: mango-log
[2022-02-12T07:55:21.428647000Z DEBUG solana_program_runtime::stable_log] Program log: 8HmBNKTUaLinbhvP8sZoiDTB3W1sGOUIJSpL/q4ynvukV/yhD7wPrwwAAAAAAAAAAAAAAAAAQEIPAAAAAAAAAAAAAAAAAEBCDwAAAAAAAAA=
[2022-02-12T07:55:21.428771000Z DEBUG solana_bpf_loader_program] Program 8opHzTAnfzRpPEx21XtnrVTX28YQuCpAjcn1PczScKh consumed 9829 of 200000 compute units
[2022-02-12T07:55:21.428824000Z DEBUG solana_program_runtime::stable_log] Program 8opHzTAnfzRpPEx21XtnrVTX28YQuCpAjcn1PczScKh success
[2022-02-12T07:55:21.439761000Z DEBUG solana_program_runtime::stable_log] Program 8opHzTAnfzRpPEx21XtnrVTX28YQuCpAjcn1PczScKh invoke [1]
[2022-02-12T07:55:21.440157000Z DEBUG solana_program_runtime::stable_log] Program log: Mango: UpdateRootBank
[2022-02-12T07:55:21.442394000Z DEBUG solana_program_runtime::stable_log] Program log: mango-log
[2022-02-12T07:55:21.443009000Z DEBUG solana_program_runtime::stable_log] Program log: 8HmBNKTUaLinbhvP8sZoiDTB3W1sGOUIJSpL/q4ynvukV/yhD7wPrw0AAAAAAAAAAAAAAAAAQEIPAAAAAAAAAAAAAAAAAEBCDwAAAAAAAAA=
[2022-02-12T07:55:21.443132000Z DEBUG solana_bpf_loader_program] Program 8opHzTAnfzRpPEx21XtnrVTX28YQuCpAjcn1PczScKh consumed 9868 of 200000 compute units
[2022-02-12T07:55:21.443184000Z DEBUG solana_program_runtime::stable_log] Program 8opHzTAnfzRpPEx21XtnrVTX28YQuCpAjcn1PczScKh success
[2022-02-12T07:55:21.453951000Z DEBUG solana_program_runtime::stable_log] Program 8opHzTAnfzRpPEx21XtnrVTX28YQuCpAjcn1PczScKh invoke [1]
[2022-02-12T07:55:21.454344000Z DEBUG solana_program_runtime::stable_log] Program log: Mango: UpdateRootBank
[2022-02-12T07:55:21.456587000Z DEBUG solana_program_runtime::stable_log] Program log: mango-log
[2022-02-12T07:55:21.457187000Z DEBUG solana_program_runtime::stable_log] Program log: 8HmBNKTUaLinbhvP8sZoiDTB3W1sGOUIJSpL/q4ynvukV/yhD7wPrw4AAAAAAAAAAAAAAAAAQEIPAAAAAAAAAAAAAAAAAEBCDwAAAAAAAAA=
[2022-02-12T07:55:21.457310000Z DEBUG solana_bpf_loader_program] Program 8opHzTAnfzRpPEx21XtnrVTX28YQuCpAjcn1PczScKh consumed 9907 of 200000 compute units
[2022-02-12T07:55:21.457361000Z DEBUG solana_program_runtime::stable_log] Program 8opHzTAnfzRpPEx21XtnrVTX28YQuCpAjcn1PczScKh success
[2022-02-12T07:55:21.467101000Z DEBUG solana_program_runtime::stable_log] Program 8opHzTAnfzRpPEx21XtnrVTX28YQuCpAjcn1PczScKh invoke [1]
[2022-02-12T07:55:21.467490000Z DEBUG solana_program_runtime::stable_log] Program log: Mango: UpdateRootBank
[2022-02-12T07:55:21.470501000Z DEBUG solana_program_runtime::stable_log] Program log: mango-log
[2022-02-12T07:55:21.471104000Z DEBUG solana_program_runtime::stable_log] Program log: 8HmBNKTUaLinbhvP8sZoiDTB3W1sGOUIJSpL/q4ynvukV/yhD7wPrw8AAAAAAAAAAAAAAAAAQEIPAAAAAAAAAAAAAAAAAEBCDwAAAAAAAAA=
[2022-02-12T07:55:21.471226000Z DEBUG solana_bpf_loader_program] Program 8opHzTAnfzRpPEx21XtnrVTX28YQuCpAjcn1PczScKh consumed 12507 of 200000 compute units
[2022-02-12T07:55:21.471277000Z DEBUG solana_program_runtime::stable_log] Program 8opHzTAnfzRpPEx21XtnrVTX28YQuCpAjcn1PczScKh success
[2022-02-12T07:55:21.481585000Z DEBUG solana_program_runtime::stable_log] Program 8opHzTAnfzRpPEx21XtnrVTX28YQuCpAjcn1PczScKh invoke [1]
[2022-02-12T07:55:21.482030000Z DEBUG solana_program_runtime::stable_log] Program log: Mango: UpdateFunding
[2022-02-12T07:55:21.483149000Z DEBUG solana_program_runtime::stable_log] Program log: mango-log
[2022-02-12T07:55:21.483759000Z DEBUG solana_program_runtime::stable_log] Program log: ta5iwCEXTXunbhvP8sZoiDTB3W1sGOUIJSpL/q4ynvukV/yhD7wPrwAAAAAAAAAAAAAAAAAAAAAAAAAAAAAAAAAAAAAAAAAAAAAAAAAAAAA=
[2022-02-12T07:55:21.483906000Z DEBUG solana_bpf_loader_program] Program 8opHzTAnfzRpPEx21XtnrVTX28YQuCpAjcn1PczScKh consumed 6423 of 200000 compute units
[2022-02-12T07:55:21.483973000Z DEBUG solana_program_runtime::stable_log] Program 8opHzTAnfzRpPEx21XtnrVTX28YQuCpAjcn1PczScKh success
[2022-02-12T07:55:21.494797000Z DEBUG solana_program_runtime::stable_log] Program 8opHzTAnfzRpPEx21XtnrVTX28YQuCpAjcn1PczScKh invoke [1]
[2022-02-12T07:55:21.495241000Z DEBUG solana_program_runtime::stable_log] Program log: Mango: UpdateFunding
[2022-02-12T07:55:21.496364000Z DEBUG solana_program_runtime::stable_log] Program log: mango-log
[2022-02-12T07:55:21.496986000Z DEBUG solana_program_runtime::stable_log] Program log: ta5iwCEXTXunbhvP8sZoiDTB3W1sGOUIJSpL/q4ynvukV/yhD7wPrwEAAAAAAAAAAAAAAAAAAAAAAAAAAAAAAAAAAAAAAAAAAAAAAAAAAAA=
[2022-02-12T07:55:21.497134000Z DEBUG solana_bpf_loader_program] Program 8opHzTAnfzRpPEx21XtnrVTX28YQuCpAjcn1PczScKh consumed 6463 of 200000 compute units
[2022-02-12T07:55:21.497198000Z DEBUG solana_program_runtime::stable_log] Program 8opHzTAnfzRpPEx21XtnrVTX28YQuCpAjcn1PczScKh success
[2022-02-12T07:55:21.507714000Z DEBUG solana_program_runtime::stable_log] Program 8opHzTAnfzRpPEx21XtnrVTX28YQuCpAjcn1PczScKh invoke [1]
[2022-02-12T07:55:21.508158000Z DEBUG solana_program_runtime::stable_log] Program log: Mango: UpdateFunding
[2022-02-12T07:55:21.509296000Z DEBUG solana_program_runtime::stable_log] Program log: mango-log
[2022-02-12T07:55:21.509904000Z DEBUG solana_program_runtime::stable_log] Program log: ta5iwCEXTXunbhvP8sZoiDTB3W1sGOUIJSpL/q4ynvukV/yhD7wPrwIAAAAAAAAAAAAAAAAAAAAAAAAAAAAAAAAAAAAAAAAAAAAAAAAAAAA=
[2022-02-12T07:55:21.510052000Z DEBUG solana_bpf_loader_program] Program 8opHzTAnfzRpPEx21XtnrVTX28YQuCpAjcn1PczScKh consumed 6502 of 200000 compute units
[2022-02-12T07:55:21.510116000Z DEBUG solana_program_runtime::stable_log] Program 8opHzTAnfzRpPEx21XtnrVTX28YQuCpAjcn1PczScKh success
[2022-02-12T07:55:21.520617000Z DEBUG solana_program_runtime::stable_log] Program 8opHzTAnfzRpPEx21XtnrVTX28YQuCpAjcn1PczScKh invoke [1]
[2022-02-12T07:55:21.521060000Z DEBUG solana_program_runtime::stable_log] Program log: Mango: UpdateFunding
[2022-02-12T07:55:21.522200000Z DEBUG solana_program_runtime::stable_log] Program log: mango-log
[2022-02-12T07:55:21.522804000Z DEBUG solana_program_runtime::stable_log] Program log: ta5iwCEXTXunbhvP8sZoiDTB3W1sGOUIJSpL/q4ynvukV/yhD7wPrwMAAAAAAAAAAAAAAAAAAAAAAAAAAAAAAAAAAAAAAAAAAAAAAAAAAAA=
[2022-02-12T07:55:21.522951000Z DEBUG solana_bpf_loader_program] Program 8opHzTAnfzRpPEx21XtnrVTX28YQuCpAjcn1PczScKh consumed 6541 of 200000 compute units
[2022-02-12T07:55:21.523017000Z DEBUG solana_program_runtime::stable_log] Program 8opHzTAnfzRpPEx21XtnrVTX28YQuCpAjcn1PczScKh success
[2022-02-12T07:55:21.533581000Z DEBUG solana_program_runtime::stable_log] Program 8opHzTAnfzRpPEx21XtnrVTX28YQuCpAjcn1PczScKh invoke [1]
[2022-02-12T07:55:21.534021000Z DEBUG solana_program_runtime::stable_log] Program log: Mango: UpdateFunding
[2022-02-12T07:55:21.535188000Z DEBUG solana_program_runtime::stable_log] Program log: mango-log
[2022-02-12T07:55:21.535793000Z DEBUG solana_program_runtime::stable_log] Program log: ta5iwCEXTXunbhvP8sZoiDTB3W1sGOUIJSpL/q4ynvukV/yhD7wPrwQAAAAAAAAAAAAAAAAAAAAAAAAAAAAAAAAAAAAAAAAAAAAAAAAAAAA=
[2022-02-12T07:55:21.535944000Z DEBUG solana_bpf_loader_program] Program 8opHzTAnfzRpPEx21XtnrVTX28YQuCpAjcn1PczScKh consumed 6585 of 200000 compute units
[2022-02-12T07:55:21.536007000Z DEBUG solana_program_runtime::stable_log] Program 8opHzTAnfzRpPEx21XtnrVTX28YQuCpAjcn1PczScKh success
[2022-02-12T07:55:21.546526000Z DEBUG solana_program_runtime::stable_log] Program 8opHzTAnfzRpPEx21XtnrVTX28YQuCpAjcn1PczScKh invoke [1]
[2022-02-12T07:55:21.546974000Z DEBUG solana_program_runtime::stable_log] Program log: Mango: UpdateFunding
[2022-02-12T07:55:21.548155000Z DEBUG solana_program_runtime::stable_log] Program log: mango-log
[2022-02-12T07:55:21.548762000Z DEBUG solana_program_runtime::stable_log] Program log: ta5iwCEXTXunbhvP8sZoiDTB3W1sGOUIJSpL/q4ynvukV/yhD7wPrwUAAAAAAAAAAAAAAAAAAAAAAAAAAAAAAAAAAAAAAAAAAAAAAAAAAAA=
[2022-02-12T07:55:21.548909000Z DEBUG solana_bpf_loader_program] Program 8opHzTAnfzRpPEx21XtnrVTX28YQuCpAjcn1PczScKh consumed 6624 of 200000 compute units
[2022-02-12T07:55:21.548973000Z DEBUG solana_program_runtime::stable_log] Program 8opHzTAnfzRpPEx21XtnrVTX28YQuCpAjcn1PczScKh success
[2022-02-12T07:55:21.559472000Z DEBUG solana_program_runtime::stable_log] Program 8opHzTAnfzRpPEx21XtnrVTX28YQuCpAjcn1PczScKh invoke [1]
[2022-02-12T07:55:21.559919000Z DEBUG solana_program_runtime::stable_log] Program log: Mango: UpdateFunding
[2022-02-12T07:55:21.561102000Z DEBUG solana_program_runtime::stable_log] Program log: mango-log
[2022-02-12T07:55:21.561707000Z DEBUG solana_program_runtime::stable_log] Program log: ta5iwCEXTXunbhvP8sZoiDTB3W1sGOUIJSpL/q4ynvukV/yhD7wPrwYAAAAAAAAAAAAAAAAAAAAAAAAAAAAAAAAAAAAAAAAAAAAAAAAAAAA=
[2022-02-12T07:55:21.561855000Z DEBUG solana_bpf_loader_program] Program 8opHzTAnfzRpPEx21XtnrVTX28YQuCpAjcn1PczScKh consumed 6658 of 200000 compute units
[2022-02-12T07:55:21.561920000Z DEBUG solana_program_runtime::stable_log] Program 8opHzTAnfzRpPEx21XtnrVTX28YQuCpAjcn1PczScKh success
[2022-02-12T07:55:21.573100000Z DEBUG solana_program_runtime::stable_log] Program 8opHzTAnfzRpPEx21XtnrVTX28YQuCpAjcn1PczScKh invoke [1]
[2022-02-12T07:55:21.573546000Z DEBUG solana_program_runtime::stable_log] Program log: Mango: UpdateFunding
[2022-02-12T07:55:21.574751000Z DEBUG solana_program_runtime::stable_log] Program log: mango-log
[2022-02-12T07:55:21.575354000Z DEBUG solana_program_runtime::stable_log] Program log: ta5iwCEXTXunbhvP8sZoiDTB3W1sGOUIJSpL/q4ynvukV/yhD7wPrwcAAAAAAAAAAAAAAAAAAAAAAAAAAAAAAAAAAAAAAAAAAAAAAAAAAAA=
[2022-02-12T07:55:21.575498000Z DEBUG solana_bpf_loader_program] Program 8opHzTAnfzRpPEx21XtnrVTX28YQuCpAjcn1PczScKh consumed 6697 of 200000 compute units
[2022-02-12T07:55:21.575562000Z DEBUG solana_program_runtime::stable_log] Program 8opHzTAnfzRpPEx21XtnrVTX28YQuCpAjcn1PczScKh success
[2022-02-12T07:55:21.585977000Z DEBUG solana_program_runtime::stable_log] Program 8opHzTAnfzRpPEx21XtnrVTX28YQuCpAjcn1PczScKh invoke [1]
[2022-02-12T07:55:21.586418000Z DEBUG solana_program_runtime::stable_log] Program log: Mango: UpdateFunding
[2022-02-12T07:55:21.587630000Z DEBUG solana_program_runtime::stable_log] Program log: mango-log
[2022-02-12T07:55:21.588242000Z DEBUG solana_program_runtime::stable_log] Program log: ta5iwCEXTXunbhvP8sZoiDTB3W1sGOUIJSpL/q4ynvukV/yhD7wPrwgAAAAAAAAAAAAAAAAAAAAAAAAAAAAAAAAAAAAAAAAAAAAAAAAAAAA=
[2022-02-12T07:55:21.588389000Z DEBUG solana_bpf_loader_program] Program 8opHzTAnfzRpPEx21XtnrVTX28YQuCpAjcn1PczScKh consumed 6736 of 200000 compute units
[2022-02-12T07:55:21.588452000Z DEBUG solana_program_runtime::stable_log] Program 8opHzTAnfzRpPEx21XtnrVTX28YQuCpAjcn1PczScKh success
[2022-02-12T07:55:21.598946000Z DEBUG solana_program_runtime::stable_log] Program 8opHzTAnfzRpPEx21XtnrVTX28YQuCpAjcn1PczScKh invoke [1]
[2022-02-12T07:55:21.599389000Z DEBUG solana_program_runtime::stable_log] Program log: Mango: UpdateFunding
[2022-02-12T07:55:21.600623000Z DEBUG solana_program_runtime::stable_log] Program log: mango-log
[2022-02-12T07:55:21.601236000Z DEBUG solana_program_runtime::stable_log] Program log: ta5iwCEXTXunbhvP8sZoiDTB3W1sGOUIJSpL/q4ynvukV/yhD7wPrwkAAAAAAAAAAAAAAAAAAAAAAAAAAAAAAAAAAAAAAAAAAAAAAAAAAAA=
[2022-02-12T07:55:21.601382000Z DEBUG solana_bpf_loader_program] Program 8opHzTAnfzRpPEx21XtnrVTX28YQuCpAjcn1PczScKh consumed 6775 of 200000 compute units
[2022-02-12T07:55:21.601445000Z DEBUG solana_program_runtime::stable_log] Program 8opHzTAnfzRpPEx21XtnrVTX28YQuCpAjcn1PczScKh success
[2022-02-12T07:55:21.612974000Z DEBUG solana_program_runtime::stable_log] Program 8opHzTAnfzRpPEx21XtnrVTX28YQuCpAjcn1PczScKh invoke [1]
[2022-02-12T07:55:21.613423000Z DEBUG solana_program_runtime::stable_log] Program log: Mango: UpdateFunding
[2022-02-12T07:55:21.614664000Z DEBUG solana_program_runtime::stable_log] Program log: mango-log
[2022-02-12T07:55:21.615272000Z DEBUG solana_program_runtime::stable_log] Program log: ta5iwCEXTXunbhvP8sZoiDTB3W1sGOUIJSpL/q4ynvukV/yhD7wPrwoAAAAAAAAAAAAAAAAAAAAAAAAAAAAAAAAAAAAAAAAAAAAAAAAAAAA=
[2022-02-12T07:55:21.615419000Z DEBUG solana_bpf_loader_program] Program 8opHzTAnfzRpPEx21XtnrVTX28YQuCpAjcn1PczScKh consumed 6814 of 200000 compute units
[2022-02-12T07:55:21.615483000Z DEBUG solana_program_runtime::stable_log] Program 8opHzTAnfzRpPEx21XtnrVTX28YQuCpAjcn1PczScKh success
[2022-02-12T07:55:21.626097000Z DEBUG solana_program_runtime::stable_log] Program 8opHzTAnfzRpPEx21XtnrVTX28YQuCpAjcn1PczScKh invoke [1]
[2022-02-12T07:55:21.626556000Z DEBUG solana_program_runtime::stable_log] Program log: Mango: UpdateFunding
[2022-02-12T07:55:21.627824000Z DEBUG solana_program_runtime::stable_log] Program log: mango-log
[2022-02-12T07:55:21.628428000Z DEBUG solana_program_runtime::stable_log] Program log: ta5iwCEXTXunbhvP8sZoiDTB3W1sGOUIJSpL/q4ynvukV/yhD7wPrwsAAAAAAAAAAAAAAAAAAAAAAAAAAAAAAAAAAAAAAAAAAAAAAAAAAAA=
[2022-02-12T07:55:21.628575000Z DEBUG solana_bpf_loader_program] Program 8opHzTAnfzRpPEx21XtnrVTX28YQuCpAjcn1PczScKh consumed 6853 of 200000 compute units
[2022-02-12T07:55:21.628641000Z DEBUG solana_program_runtime::stable_log] Program 8opHzTAnfzRpPEx21XtnrVTX28YQuCpAjcn1PczScKh success
[2022-02-12T07:55:21.641423000Z DEBUG solana_program_runtime::stable_log] Program 8opHzTAnfzRpPEx21XtnrVTX28YQuCpAjcn1PczScKh invoke [1]
[2022-02-12T07:55:21.641880000Z DEBUG solana_program_runtime::stable_log] Program log: Mango: UpdateFunding
[2022-02-12T07:55:21.643147000Z DEBUG solana_program_runtime::stable_log] Program log: mango-log
[2022-02-12T07:55:21.643755000Z DEBUG solana_program_runtime::stable_log] Program log: ta5iwCEXTXunbhvP8sZoiDTB3W1sGOUIJSpL/q4ynvukV/yhD7wPrwwAAAAAAAAAAAAAAAAAAAAAAAAAAAAAAAAAAAAAAAAAAAAAAAAAAAA=
[2022-02-12T07:55:21.643906000Z DEBUG solana_bpf_loader_program] Program 8opHzTAnfzRpPEx21XtnrVTX28YQuCpAjcn1PczScKh consumed 6892 of 200000 compute units
[2022-02-12T07:55:21.643975000Z DEBUG solana_program_runtime::stable_log] Program 8opHzTAnfzRpPEx21XtnrVTX28YQuCpAjcn1PczScKh success
[2022-02-12T07:55:21.655396000Z DEBUG solana_program_runtime::stable_log] Program 8opHzTAnfzRpPEx21XtnrVTX28YQuCpAjcn1PczScKh invoke [1]
[2022-02-12T07:55:21.655843000Z DEBUG solana_program_runtime::stable_log] Program log: Mango: UpdateFunding
[2022-02-12T07:55:21.657128000Z DEBUG solana_program_runtime::stable_log] Program log: mango-log
[2022-02-12T07:55:21.657735000Z DEBUG solana_program_runtime::stable_log] Program log: ta5iwCEXTXunbhvP8sZoiDTB3W1sGOUIJSpL/q4ynvukV/yhD7wPrw0AAAAAAAAAAAAAAAAAAAAAAAAAAAAAAAAAAAAAAAAAAAAAAAAAAAA=
[2022-02-12T07:55:21.657884000Z DEBUG solana_bpf_loader_program] Program 8opHzTAnfzRpPEx21XtnrVTX28YQuCpAjcn1PczScKh consumed 6931 of 200000 compute units
[2022-02-12T07:55:21.657948000Z DEBUG solana_program_runtime::stable_log] Program 8opHzTAnfzRpPEx21XtnrVTX28YQuCpAjcn1PczScKh success
[2022-02-12T07:55:21.668315000Z DEBUG solana_program_runtime::stable_log] Program 8opHzTAnfzRpPEx21XtnrVTX28YQuCpAjcn1PczScKh invoke [1]
[2022-02-12T07:55:21.668754000Z DEBUG solana_program_runtime::stable_log] Program log: Mango: UpdateFunding
[2022-02-12T07:55:21.670050000Z DEBUG solana_program_runtime::stable_log] Program log: mango-log
[2022-02-12T07:55:21.670657000Z DEBUG solana_program_runtime::stable_log] Program log: ta5iwCEXTXunbhvP8sZoiDTB3W1sGOUIJSpL/q4ynvukV/yhD7wPrw4AAAAAAAAAAAAAAAAAAAAAAAAAAAAAAAAAAAAAAAAAAAAAAAAAAAA=
[2022-02-12T07:55:21.670802000Z DEBUG solana_bpf_loader_program] Program 8opHzTAnfzRpPEx21XtnrVTX28YQuCpAjcn1PczScKh consumed 6970 of 200000 compute units
[2022-02-12T07:55:21.670864000Z DEBUG solana_program_runtime::stable_log] Program 8opHzTAnfzRpPEx21XtnrVTX28YQuCpAjcn1PczScKh success
[2022-02-12T07:55:21.684825000Z DEBUG solana_program_runtime::stable_log] Program 8opHzTAnfzRpPEx21XtnrVTX28YQuCpAjcn1PczScKh invoke [1]
[2022-02-12T07:55:21.685987000Z DEBUG solana_program_runtime::stable_log] Program log: Mango: CacheRootBanks
[2022-02-12T07:55:21.689741000Z DEBUG solana_program_runtime::stable_log] Program log: mango-log
[2022-02-12T07:55:21.692625000Z DEBUG solana_program_runtime::stable_log] Program log: IVXYca/GfeinbhvP8sZoiDTB3W1sGOUIJSpL/q4ynvukV/yhD7wPrxAAAAAAAAAAAAAAAAEAAAAAAAAAAgAAAAAAAAADAAAAAAAAAAQAAAAAAAAABQAAAAAAAAAGAAAAAAAAAAcAAAAAAAAACAAAAAAAAAAJAAAAAAAAAAoAAAAAAAAACwAAAAAAAAAMAAAAAAAAAA0AAAAAAAAADgAAAAAAAAAPAAAAAAAAABAAAAAAAAAAAABAQg8AAAAAAAAAAAAAAAAAQEIPAAAAAAAAAAAAAAAAAEBCDwAAAAAAAAAAAAAAAABAQg8AAAAAAAAAAAAAAAAAQEIPAAAAAAAAAAAAAAAAAEBCDwAAAAAAAAAAAAAAAABAQg8AAAAAAAAAAAAAAAAAQEIPAAAAAAAAAAAAAAAAAEBCDwAAAAAAAAAAAAAAAABAQg8AAAAAAAAAAAAAAAAAQEIPAAAAAAAAAAAAAAAAAEBCDwAAAAAAAAAAAAAAAABAQg8AAAAAAAAAAAAAAAAAQEIPAAAAAAAAAAAAAAAAAEBCDwAAAAAAAAAAAAAAAABAQg8AAAAAAAAAEAAAAAAAAAAAAEBCDwAAAAAAAAAAAAAAAABAQg8AAAAAAAAAAAAAAAAAQEIPAAAAAAAAAAAAAAAAAEBCDwAAAAAAAAAAAAAAAABAQg8AAAAAAAAAAAAAAAAAQEIPAAAAAAAAAAAAAAAAAEBCDwAAAAAAAAAAAAAAAABAQg8AAAAAAAAAAAAAAAAAQEIPAAAAAAAAAAAAAAAAAEBCDwAAAAAAAAAAAAAAAABAQg8AAAAAAAAAAAAAAAAAQEIPAAAAAAAAAAAAAAAAAEBCDwAAAAAAAAAAAAAAAABAQg8AAAAAAAAAAAAAAAAAQEIPAAAAAAAAAAAAAAAAAEBCDwAAAAAAAAA=
[2022-02-12T07:55:21.693037000Z DEBUG solana_bpf_loader_program] Program 8opHzTAnfzRpPEx21XtnrVTX28YQuCpAjcn1PczScKh consumed 24418 of 200000 compute units
[2022-02-12T07:55:21.693109000Z DEBUG solana_program_runtime::stable_log] Program 8opHzTAnfzRpPEx21XtnrVTX28YQuCpAjcn1PczScKh success
[2022-02-12T07:55:21.707127000Z DEBUG solana_program_runtime::stable_log] Program 8opHzTAnfzRpPEx21XtnrVTX28YQuCpAjcn1PczScKh invoke [1]
[2022-02-12T07:55:21.708229000Z DEBUG solana_program_runtime::stable_log] Program log: Mango: CachePerpMarkets
[2022-02-12T07:55:21.711919000Z DEBUG solana_program_runtime::stable_log] Program log: mango-log
[2022-02-12T07:55:21.714606000Z DEBUG solana_program_runtime::stable_log] Program log: 9lt9JxCzqw6nbhvP8sZoiDTB3W1sGOUIJSpL/q4ynvukV/yhD7wPrw8AAAAAAAAAAAAAAAEAAAAAAAAAAgAAAAAAAAADAAAAAAAAAAQAAAAAAAAABQAAAAAAAAAGAAAAAAAAAAcAAAAAAAAACAAAAAAAAAAJAAAAAAAAAAoAAAAAAAAACwAAAAAAAAAMAAAAAAAAAA0AAAAAAAAADgAAAAAAAAAPAAAAAAAAAAAAAAAAAAAAAAAAAAAAAAAAAAAAAAAAAAAAAAAAAAAAAAAAAAAAAAAAAAAAAAAAAAAAAAAAAAAAAAAAAAAAAAAAAAAAAAAAAAAAAAAAAAAAAAAAAAAAAAAAAAAAAAAAAAAAAAAAAAAAAAAAAAAAAAAAAAAAAAAAAAAAAAAAAAAAAAAAAAAAAAAAAAAAAAAAAAAAAAAAAAAAAAAAAAAAAAAAAAAAAAAAAAAAAAAAAAAAAAAAAAAAAAAAAAAAAAAAAAAAAAAAAAAAAAAAAAAAAAAAAAAAAAAAAAAAAAAAAAAAAAAAAAAAAAAAAAAADwAAAAAAAAAAAAAAAAAAAAAAAAAAAAAAAAAAAAAAAAAAAAAAAAAAAAAAAAAAAAAAAAAAAAAAAAAAAAAAAAAAAAAAAAAAAAAAAAAAAAAAAAAAAAAAAAAAAAAAAAAAAAAAAAAAAAAAAAAAAAAAAAAAAAAAAAAAAAAAAAAAAAAAAAAAAAAAAAAAAAAAAAAAAAAAAAAAAAAAAAAAAAAAAAAAAAAAAAAAAAAAAAAAAAAAAAAAAAAAAAAAAAAAAAAAAAAAAAAAAAAAAAAAAAAAAAAAAAAAAAAAAAAAAAAAAAAAAAAAAAAAAAAAAAAAAAAAAAAAAAAAAA==
[2022-02-12T07:55:21.715002000Z DEBUG solana_bpf_loader_program] Program 8opHzTAnfzRpPEx21XtnrVTX28YQuCpAjcn1PczScKh consumed 23463 of 200000 compute units
[2022-02-12T07:55:21.715072000Z DEBUG solana_program_runtime::stable_log] Program 8opHzTAnfzRpPEx21XtnrVTX28YQuCpAjcn1PczScKh success
[2022-02-12T07:55:21.731203000Z DEBUG solana_program_runtime::stable_log] Program 8opHzTAnfzRpPEx21XtnrVTX28YQuCpAjcn1PczScKh invoke [1]
[2022-02-12T07:55:21.732364000Z DEBUG solana_program_runtime::stable_log] Program log: Mango: SettleFunds
[2022-02-12T07:55:21.742667000Z DEBUG solana_program_runtime::stable_log] Program CiDwVBFgWV9E5MvXWoLgnEgn2hK7rJikbvfWavzAQz3 invoke [2]
[2022-02-12T07:55:21.753350000Z DEBUG solana_program_runtime::stable_log] Program TokenkegQfeZyiNwAJbNbGKPFXCWuBvf9Ss623VQ5DA invoke [3]
[2022-02-12T07:55:21.753783000Z DEBUG solana_program_runtime::stable_log] Program log: Instruction: Transfer
[2022-02-12T07:55:21.754678000Z DEBUG solana_bpf_loader_program] Program TokenkegQfeZyiNwAJbNbGKPFXCWuBvf9Ss623VQ5DA consumed 3121 of 182131 compute units
[2022-02-12T07:55:21.754737000Z DEBUG solana_program_runtime::stable_log] Program TokenkegQfeZyiNwAJbNbGKPFXCWuBvf9Ss623VQ5DA success
[2022-02-12T07:55:21.762989000Z DEBUG solana_program_runtime::stable_log] Program TokenkegQfeZyiNwAJbNbGKPFXCWuBvf9Ss623VQ5DA invoke [3]
[2022-02-12T07:55:21.763415000Z DEBUG solana_program_runtime::stable_log] Program log: Instruction: Transfer
[2022-02-12T07:55:21.764317000Z DEBUG solana_bpf_loader_program] Program TokenkegQfeZyiNwAJbNbGKPFXCWuBvf9Ss623VQ5DA consumed 3121 of 176267 compute units
[2022-02-12T07:55:21.764370000Z DEBUG solana_program_runtime::stable_log] Program TokenkegQfeZyiNwAJbNbGKPFXCWuBvf9Ss623VQ5DA success
[2022-02-12T07:55:21.764983000Z DEBUG solana_bpf_loader_program] Program CiDwVBFgWV9E5MvXWoLgnEgn2hK7rJikbvfWavzAQz3 consumed 20205 of 192445 compute units
[2022-02-12T07:55:21.765053000Z DEBUG solana_program_runtime::stable_log] Program CiDwVBFgWV9E5MvXWoLgnEgn2hK7rJikbvfWavzAQz3 success
[2022-02-12T07:55:21.765256000Z DEBUG solana_program_runtime::stable_log] Program log: mango-log
[2022-02-12T07:55:21.766058000Z DEBUG solana_program_runtime::stable_log] Program log: V4pUNuOCxqynbhvP8sZoiDTB3W1sGOUIJSpL/q4ynvukV/yhD7wPr14EXwKUknDvC82XypHRmqcTJRpr95d8qBri17S2HigkAAAAAAAAAAAAAAAAAAAAAAAAAAAAAAAAAAAAAAAAAAAAAAAAAAAAAAAAAAAAAAAA
[2022-02-12T07:55:21.767328000Z DEBUG solana_program_runtime::stable_log] Program log: mango-log
[2022-02-12T07:55:21.768059000Z DEBUG solana_program_runtime::stable_log] Program log: F5qwwQsqqPSnbhvP8sZoiDTB3W1sGOUIJSpL/q4ynvukV/yhD7wPr14EXwKUknDvC82XypHRmqcTJRpr95d8qBri17S2HigkAAAAAAAAAAAAAAAAAAADAAAAAAAAAAAAAAAAAAAAAAAAAAAAAAAAAA==
[2022-02-12T07:55:21.769346000Z DEBUG solana_program_runtime::stable_log] Program log: mango-log
[2022-02-12T07:55:21.770083000Z DEBUG solana_program_runtime::stable_log] Program log: F5qwwQsqqPSnbhvP8sZoiDTB3W1sGOUIJSpL/q4ynvukV/yhD7wPr14EXwKUknDvC82XypHRmqcTJRpr95d8qBri17S2HigkDwAAAAAAAAAAAAAAAAAAAAAAAAAAAAAAAAAAAAAAF04AAAAAAAAAAA==
[2022-02-12T07:55:21.770481000Z DEBUG solana_bpf_loader_program] Program 8opHzTAnfzRpPEx21XtnrVTX28YQuCpAjcn1PczScKh consumed 44239 of 200000 compute units
[2022-02-12T07:55:21.770584000Z DEBUG solana_program_runtime::stable_log] Program 8opHzTAnfzRpPEx21XtnrVTX28YQuCpAjcn1PczScKh success
[2022-02-12T07:55:21.787099000Z DEBUG solana_program_runtime::stable_log] Program 8opHzTAnfzRpPEx21XtnrVTX28YQuCpAjcn1PczScKh invoke [1]
[2022-02-12T07:55:21.788270000Z DEBUG solana_program_runtime::stable_log] Program log: Mango: SettleFunds
[2022-02-12T07:55:21.798569000Z DEBUG solana_program_runtime::stable_log] Program CiDwVBFgWV9E5MvXWoLgnEgn2hK7rJikbvfWavzAQz3 invoke [2]
[2022-02-12T07:55:21.809288000Z DEBUG solana_program_runtime::stable_log] Program TokenkegQfeZyiNwAJbNbGKPFXCWuBvf9Ss623VQ5DA invoke [3]
[2022-02-12T07:55:21.809717000Z DEBUG solana_program_runtime::stable_log] Program log: Instruction: Transfer
[2022-02-12T07:55:21.810623000Z DEBUG solana_bpf_loader_program] Program TokenkegQfeZyiNwAJbNbGKPFXCWuBvf9Ss623VQ5DA consumed 3121 of 182131 compute units
[2022-02-12T07:55:21.810685000Z DEBUG solana_program_runtime::stable_log] Program TokenkegQfeZyiNwAJbNbGKPFXCWuBvf9Ss623VQ5DA success
[2022-02-12T07:55:21.818960000Z DEBUG solana_program_runtime::stable_log] Program TokenkegQfeZyiNwAJbNbGKPFXCWuBvf9Ss623VQ5DA invoke [3]
[2022-02-12T07:55:21.819384000Z DEBUG solana_program_runtime::stable_log] Program log: Instruction: Transfer
[2022-02-12T07:55:21.820293000Z DEBUG solana_bpf_loader_program] Program TokenkegQfeZyiNwAJbNbGKPFXCWuBvf9Ss623VQ5DA consumed 3121 of 176267 compute units
[2022-02-12T07:55:21.820344000Z DEBUG solana_program_runtime::stable_log] Program TokenkegQfeZyiNwAJbNbGKPFXCWuBvf9Ss623VQ5DA success
[2022-02-12T07:55:21.828636000Z DEBUG solana_program_runtime::stable_log] Program TokenkegQfeZyiNwAJbNbGKPFXCWuBvf9Ss623VQ5DA invoke [3]
[2022-02-12T07:55:21.829066000Z DEBUG solana_program_runtime::stable_log] Program log: Instruction: Transfer
[2022-02-12T07:55:21.829992000Z DEBUG solana_bpf_loader_program] Program TokenkegQfeZyiNwAJbNbGKPFXCWuBvf9Ss623VQ5DA consumed 3121 of 170399 compute units
[2022-02-12T07:55:21.830045000Z DEBUG solana_program_runtime::stable_log] Program TokenkegQfeZyiNwAJbNbGKPFXCWuBvf9Ss623VQ5DA success
[2022-02-12T07:55:21.830655000Z DEBUG solana_bpf_loader_program] Program CiDwVBFgWV9E5MvXWoLgnEgn2hK7rJikbvfWavzAQz3 consumed 26062 of 192445 compute units
[2022-02-12T07:55:21.830722000Z DEBUG solana_program_runtime::stable_log] Program CiDwVBFgWV9E5MvXWoLgnEgn2hK7rJikbvfWavzAQz3 success
[2022-02-12T07:55:21.830925000Z DEBUG solana_program_runtime::stable_log] Program log: mango-log
[2022-02-12T07:55:21.831726000Z DEBUG solana_program_runtime::stable_log] Program log: V4pUNuOCxqynbhvP8sZoiDTB3W1sGOUIJSpL/q4ynvukV/yhD7wPr0hYU3OOv6sonDcFTcUostSR5ep+9mm70vOEmbHjwYT9AAAAAAAAAAAAAAAAAAAAAAAAAAAAAAAAAAAAAAAAAAAAAAAAAAAAAAAAAAAAAAAA
[2022-02-12T07:55:21.831902000Z DEBUG solana_program_runtime::stable_log] Program log: mango-log
[2022-02-12T07:55:21.832637000Z DEBUG solana_program_runtime::stable_log] Program log: F5qwwQsqqPSnbhvP8sZoiDTB3W1sGOUIJSpL/q4ynvukV/yhD7wPr0hYU3OOv6sonDcFTcUostSR5ep+9mm70vOEmbHjwYT9AAAAAAAAAAAAAAAAAAAAAAAAAAAAAAAAAAAAAAAAAAAAAAAAAAAAAA==
[2022-02-12T07:55:21.833820000Z DEBUG solana_program_runtime::stable_log] Program log: mango-log
[2022-02-12T07:55:21.834558000Z DEBUG solana_program_runtime::stable_log] Program log: F5qwwQsqqPSnbhvP8sZoiDTB3W1sGOUIJSpL/q4ynvukV/yhD7wPr0hYU3OOv6sonDcFTcUostSR5ep+9mm70vOEmbHjwYT9DwAAAAAAAAAzMzMzMzMLnAAAAAAAAAAAAAAAAAAAAAAAAAAAAAAAAA==
[2022-02-12T07:55:21.834959000Z DEBUG solana_bpf_loader_program] Program 8opHzTAnfzRpPEx21XtnrVTX28YQuCpAjcn1PczScKh consumed 46177 of 200000 compute units
[2022-02-12T07:55:21.835057000Z DEBUG solana_program_runtime::stable_log] Program 8opHzTAnfzRpPEx21XtnrVTX28YQuCpAjcn1PczScKh success
[2022-02-12T07:55:21.871644000Z DEBUG solana_program_runtime::stable_log] Program 8opHzTAnfzRpPEx21XtnrVTX28YQuCpAjcn1PczScKh invoke [1]
[2022-02-12T07:55:21.872774000Z DEBUG solana_program_runtime::stable_log] Program log: Mango: CachePrices
[2022-02-12T07:55:21.875835000Z DEBUG solana_program_runtime::stable_log] Program log: mango-log
[2022-02-12T07:55:21.877644000Z DEBUG solana_program_runtime::stable_log] Program log: ux0uSxX5tBunbhvP8sZoiDTB3W1sGOUIJSpL/q4ynvukV/yhD7wPrw8AAAAAAAAAAAAAAAEAAAAAAAAAAgAAAAAAAAADAAAAAAAAAAQAAAAAAAAABQAAAAAAAAAGAAAAAAAAAAcAAAAAAAAACAAAAAAAAAAJAAAAAAAAAAoAAAAAAAAACwAAAAAAAAAMAAAAAAAAAA0AAAAAAAAADgAAAAAAAAAPAAAAAAAAAAAAmDoAAAAAAAAAAAAAAAAAAJg6AAAAAAAAAAAAAAAAAACYOgAAAAAAAAAAAAAAAAAAmDoAAAAAAAAAAAAAAAAAAA8AAAAAAAAAAAAAAAAAAACYOgAAAAAAAAAAAAAAAAAAmDoAAAAAAAAAAAAAAAAAAJg6AAAAAAAAAAAAAAAAAACYOgAAAAAAAAAAAAAAAAAAmDoAAAAAAAAAAAAAAAAAAJg6AAAAAAAAAAAAAAAAAACYOgAAAAAAAAAAAAAAAAAAmDoAAAAAAAAAAAAAAAAAAJg6AAAAAAAAAAAAAAAAAACYOgAAAAAAAAAA
[2022-02-12T07:55:21.878029000Z DEBUG solana_bpf_loader_program] Program 8opHzTAnfzRpPEx21XtnrVTX28YQuCpAjcn1PczScKh consumed 18318 of 200000 compute units
[2022-02-12T07:55:21.878104000Z DEBUG solana_program_runtime::stable_log] Program 8opHzTAnfzRpPEx21XtnrVTX28YQuCpAjcn1PczScKh success
[2022-02-12T07:55:21.888282000Z DEBUG solana_program_runtime::stable_log] Program 8opHzTAnfzRpPEx21XtnrVTX28YQuCpAjcn1PczScKh invoke [1]
[2022-02-12T07:55:21.888678000Z DEBUG solana_program_runtime::stable_log] Program log: Mango: UpdateRootBank
[2022-02-12T07:55:21.890737000Z DEBUG solana_program_runtime::stable_log] Program log: mango-log
[2022-02-12T07:55:21.891347000Z DEBUG solana_program_runtime::stable_log] Program log: 8HmBNKTUaLinbhvP8sZoiDTB3W1sGOUIJSpL/q4ynvukV/yhD7wPrwAAAAAAAAAAAAAAAAAAQEIPAAAAAAAAAAAAAAAAAEBCDwAAAAAAAAA=
[2022-02-12T07:55:21.891469000Z DEBUG solana_bpf_loader_program] Program 8opHzTAnfzRpPEx21XtnrVTX28YQuCpAjcn1PczScKh consumed 9360 of 200000 compute units
[2022-02-12T07:55:21.891521000Z DEBUG solana_program_runtime::stable_log] Program 8opHzTAnfzRpPEx21XtnrVTX28YQuCpAjcn1PczScKh success
[2022-02-12T07:55:21.901553000Z DEBUG solana_program_runtime::stable_log] Program 8opHzTAnfzRpPEx21XtnrVTX28YQuCpAjcn1PczScKh invoke [1]
[2022-02-12T07:55:21.901940000Z DEBUG solana_program_runtime::stable_log] Program log: Mango: UpdateRootBank
[2022-02-12T07:55:21.904017000Z DEBUG solana_program_runtime::stable_log] Program log: mango-log
[2022-02-12T07:55:21.904621000Z DEBUG solana_program_runtime::stable_log] Program log: 8HmBNKTUaLinbhvP8sZoiDTB3W1sGOUIJSpL/q4ynvukV/yhD7wPrwEAAAAAAAAAAAAAAAAAQEIPAAAAAAAAAAAAAAAAAEBCDwAAAAAAAAA=
[2022-02-12T07:55:21.904744000Z DEBUG solana_bpf_loader_program] Program 8opHzTAnfzRpPEx21XtnrVTX28YQuCpAjcn1PczScKh consumed 9400 of 200000 compute units
[2022-02-12T07:55:21.904795000Z DEBUG solana_program_runtime::stable_log] Program 8opHzTAnfzRpPEx21XtnrVTX28YQuCpAjcn1PczScKh success
[2022-02-12T07:55:21.914610000Z DEBUG solana_program_runtime::stable_log] Program 8opHzTAnfzRpPEx21XtnrVTX28YQuCpAjcn1PczScKh invoke [1]
[2022-02-12T07:55:21.914996000Z DEBUG solana_program_runtime::stable_log] Program log: Mango: UpdateRootBank
[2022-02-12T07:55:21.917087000Z DEBUG solana_program_runtime::stable_log] Program log: mango-log
[2022-02-12T07:55:21.917689000Z DEBUG solana_program_runtime::stable_log] Program log: 8HmBNKTUaLinbhvP8sZoiDTB3W1sGOUIJSpL/q4ynvukV/yhD7wPrwIAAAAAAAAAAAAAAAAAQEIPAAAAAAAAAAAAAAAAAEBCDwAAAAAAAAA=
[2022-02-12T07:55:21.917810000Z DEBUG solana_bpf_loader_program] Program 8opHzTAnfzRpPEx21XtnrVTX28YQuCpAjcn1PczScKh consumed 9439 of 200000 compute units
[2022-02-12T07:55:21.917861000Z DEBUG solana_program_runtime::stable_log] Program 8opHzTAnfzRpPEx21XtnrVTX28YQuCpAjcn1PczScKh success
[2022-02-12T07:55:21.928924000Z DEBUG solana_program_runtime::stable_log] Program 8opHzTAnfzRpPEx21XtnrVTX28YQuCpAjcn1PczScKh invoke [1]
[2022-02-12T07:55:21.929311000Z DEBUG solana_program_runtime::stable_log] Program log: Mango: UpdateRootBank
[2022-02-12T07:55:21.931408000Z DEBUG solana_program_runtime::stable_log] Program log: mango-log
[2022-02-12T07:55:21.932013000Z DEBUG solana_program_runtime::stable_log] Program log: 8HmBNKTUaLinbhvP8sZoiDTB3W1sGOUIJSpL/q4ynvukV/yhD7wPrwMAAAAAAAAAAAAAAAAAQEIPAAAAAAAAAAAAAAAAAEBCDwAAAAAAAAA=
[2022-02-12T07:55:21.932137000Z DEBUG solana_bpf_loader_program] Program 8opHzTAnfzRpPEx21XtnrVTX28YQuCpAjcn1PczScKh consumed 9478 of 200000 compute units
[2022-02-12T07:55:21.932190000Z DEBUG solana_program_runtime::stable_log] Program 8opHzTAnfzRpPEx21XtnrVTX28YQuCpAjcn1PczScKh success
[2022-02-12T07:55:21.942165000Z DEBUG solana_program_runtime::stable_log] Program 8opHzTAnfzRpPEx21XtnrVTX28YQuCpAjcn1PczScKh invoke [1]
[2022-02-12T07:55:21.942547000Z DEBUG solana_program_runtime::stable_log] Program log: Mango: UpdateRootBank
[2022-02-12T07:55:21.944661000Z DEBUG solana_program_runtime::stable_log] Program log: mango-log
[2022-02-12T07:55:21.945259000Z DEBUG solana_program_runtime::stable_log] Program log: 8HmBNKTUaLinbhvP8sZoiDTB3W1sGOUIJSpL/q4ynvukV/yhD7wPrwQAAAAAAAAAAAAAAAAAQEIPAAAAAAAAAAAAAAAAAEBCDwAAAAAAAAA=
[2022-02-12T07:55:21.945380000Z DEBUG solana_bpf_loader_program] Program 8opHzTAnfzRpPEx21XtnrVTX28YQuCpAjcn1PczScKh consumed 9517 of 200000 compute units
[2022-02-12T07:55:21.945430000Z DEBUG solana_program_runtime::stable_log] Program 8opHzTAnfzRpPEx21XtnrVTX28YQuCpAjcn1PczScKh success
[2022-02-12T07:55:21.956184000Z DEBUG solana_program_runtime::stable_log] Program 8opHzTAnfzRpPEx21XtnrVTX28YQuCpAjcn1PczScKh invoke [1]
[2022-02-12T07:55:21.956570000Z DEBUG solana_program_runtime::stable_log] Program log: Mango: UpdateRootBank
[2022-02-12T07:55:21.958695000Z DEBUG solana_program_runtime::stable_log] Program log: mango-log
[2022-02-12T07:55:21.959298000Z DEBUG solana_program_runtime::stable_log] Program log: 8HmBNKTUaLinbhvP8sZoiDTB3W1sGOUIJSpL/q4ynvukV/yhD7wPrwUAAAAAAAAAAAAAAAAAQEIPAAAAAAAAAAAAAAAAAEBCDwAAAAAAAAA=
[2022-02-12T07:55:21.959420000Z DEBUG solana_bpf_loader_program] Program 8opHzTAnfzRpPEx21XtnrVTX28YQuCpAjcn1PczScKh consumed 9556 of 200000 compute units
[2022-02-12T07:55:21.959471000Z DEBUG solana_program_runtime::stable_log] Program 8opHzTAnfzRpPEx21XtnrVTX28YQuCpAjcn1PczScKh success
[2022-02-12T07:55:21.969465000Z DEBUG solana_program_runtime::stable_log] Program 8opHzTAnfzRpPEx21XtnrVTX28YQuCpAjcn1PczScKh invoke [1]
[2022-02-12T07:55:21.969859000Z DEBUG solana_program_runtime::stable_log] Program log: Mango: UpdateRootBank
[2022-02-12T07:55:21.972007000Z DEBUG solana_program_runtime::stable_log] Program log: mango-log
[2022-02-12T07:55:21.972614000Z DEBUG solana_program_runtime::stable_log] Program log: 8HmBNKTUaLinbhvP8sZoiDTB3W1sGOUIJSpL/q4ynvukV/yhD7wPrwYAAAAAAAAAAAAAAAAAQEIPAAAAAAAAAAAAAAAAAEBCDwAAAAAAAAA=
[2022-02-12T07:55:21.972736000Z DEBUG solana_bpf_loader_program] Program 8opHzTAnfzRpPEx21XtnrVTX28YQuCpAjcn1PczScKh consumed 9595 of 200000 compute units
[2022-02-12T07:55:21.972787000Z DEBUG solana_program_runtime::stable_log] Program 8opHzTAnfzRpPEx21XtnrVTX28YQuCpAjcn1PczScKh success
[2022-02-12T07:55:21.982620000Z DEBUG solana_program_runtime::stable_log] Program 8opHzTAnfzRpPEx21XtnrVTX28YQuCpAjcn1PczScKh invoke [1]
[2022-02-12T07:55:21.983021000Z DEBUG solana_program_runtime::stable_log] Program log: Mango: UpdateRootBank
[2022-02-12T07:55:21.985168000Z DEBUG solana_program_runtime::stable_log] Program log: mango-log
[2022-02-12T07:55:21.985773000Z DEBUG solana_program_runtime::stable_log] Program log: 8HmBNKTUaLinbhvP8sZoiDTB3W1sGOUIJSpL/q4ynvukV/yhD7wPrwcAAAAAAAAAAAAAAAAAQEIPAAAAAAAAAAAAAAAAAEBCDwAAAAAAAAA=
[2022-02-12T07:55:21.985895000Z DEBUG solana_bpf_loader_program] Program 8opHzTAnfzRpPEx21XtnrVTX28YQuCpAjcn1PczScKh consumed 9634 of 200000 compute units
[2022-02-12T07:55:21.985947000Z DEBUG solana_program_runtime::stable_log] Program 8opHzTAnfzRpPEx21XtnrVTX28YQuCpAjcn1PczScKh success
[2022-02-12T07:55:21.995737000Z DEBUG solana_program_runtime::stable_log] Program 8opHzTAnfzRpPEx21XtnrVTX28YQuCpAjcn1PczScKh invoke [1]
[2022-02-12T07:55:21.996123000Z DEBUG solana_program_runtime::stable_log] Program log: Mango: UpdateRootBank
[2022-02-12T07:55:21.998279000Z DEBUG solana_program_runtime::stable_log] Program log: mango-log
[2022-02-12T07:55:21.998882000Z DEBUG solana_program_runtime::stable_log] Program log: 8HmBNKTUaLinbhvP8sZoiDTB3W1sGOUIJSpL/q4ynvukV/yhD7wPrwgAAAAAAAAAAAAAAAAAQEIPAAAAAAAAAAAAAAAAAEBCDwAAAAAAAAA=
[2022-02-12T07:55:21.999004000Z DEBUG solana_bpf_loader_program] Program 8opHzTAnfzRpPEx21XtnrVTX28YQuCpAjcn1PczScKh consumed 9673 of 200000 compute units
[2022-02-12T07:55:21.999055000Z DEBUG solana_program_runtime::stable_log] Program 8opHzTAnfzRpPEx21XtnrVTX28YQuCpAjcn1PczScKh success
[2022-02-12T07:55:22.010079000Z DEBUG solana_program_runtime::stable_log] Program 8opHzTAnfzRpPEx21XtnrVTX28YQuCpAjcn1PczScKh invoke [1]
[2022-02-12T07:55:22.010460000Z DEBUG solana_program_runtime::stable_log] Program log: Mango: UpdateRootBank
[2022-02-12T07:55:22.012760000Z DEBUG solana_program_runtime::stable_log] Program log: mango-log
[2022-02-12T07:55:22.013365000Z DEBUG solana_program_runtime::stable_log] Program log: 8HmBNKTUaLinbhvP8sZoiDTB3W1sGOUIJSpL/q4ynvukV/yhD7wPrwkAAAAAAAAAAAAAAAAAQEIPAAAAAAAAAAAAAAAAAEBCDwAAAAAAAAA=
[2022-02-12T07:55:22.013488000Z DEBUG solana_bpf_loader_program] Program 8opHzTAnfzRpPEx21XtnrVTX28YQuCpAjcn1PczScKh consumed 9712 of 200000 compute units
[2022-02-12T07:55:22.013547000Z DEBUG solana_program_runtime::stable_log] Program 8opHzTAnfzRpPEx21XtnrVTX28YQuCpAjcn1PczScKh success
[2022-02-12T07:55:22.024584000Z DEBUG solana_program_runtime::stable_log] Program 8opHzTAnfzRpPEx21XtnrVTX28YQuCpAjcn1PczScKh invoke [1]
[2022-02-12T07:55:22.024976000Z DEBUG solana_program_runtime::stable_log] Program log: Mango: UpdateRootBank
[2022-02-12T07:55:22.027203000Z DEBUG solana_program_runtime::stable_log] Program log: mango-log
[2022-02-12T07:55:22.027810000Z DEBUG solana_program_runtime::stable_log] Program log: 8HmBNKTUaLinbhvP8sZoiDTB3W1sGOUIJSpL/q4ynvukV/yhD7wPrwoAAAAAAAAAAAAAAAAAQEIPAAAAAAAAAAAAAAAAAEBCDwAAAAAAAAA=
[2022-02-12T07:55:22.027933000Z DEBUG solana_bpf_loader_program] Program 8opHzTAnfzRpPEx21XtnrVTX28YQuCpAjcn1PczScKh consumed 9751 of 200000 compute units
[2022-02-12T07:55:22.027988000Z DEBUG solana_program_runtime::stable_log] Program 8opHzTAnfzRpPEx21XtnrVTX28YQuCpAjcn1PczScKh success
[2022-02-12T07:55:22.038695000Z DEBUG solana_program_runtime::stable_log] Program 8opHzTAnfzRpPEx21XtnrVTX28YQuCpAjcn1PczScKh invoke [1]
[2022-02-12T07:55:22.039084000Z DEBUG solana_program_runtime::stable_log] Program log: Mango: UpdateRootBank
[2022-02-12T07:55:22.041297000Z DEBUG solana_program_runtime::stable_log] Program log: mango-log
[2022-02-12T07:55:22.041898000Z DEBUG solana_program_runtime::stable_log] Program log: 8HmBNKTUaLinbhvP8sZoiDTB3W1sGOUIJSpL/q4ynvukV/yhD7wPrwsAAAAAAAAAAAAAAAAAQEIPAAAAAAAAAAAAAAAAAEBCDwAAAAAAAAA=
[2022-02-12T07:55:22.042021000Z DEBUG solana_bpf_loader_program] Program 8opHzTAnfzRpPEx21XtnrVTX28YQuCpAjcn1PczScKh consumed 9790 of 200000 compute units
[2022-02-12T07:55:22.042075000Z DEBUG solana_program_runtime::stable_log] Program 8opHzTAnfzRpPEx21XtnrVTX28YQuCpAjcn1PczScKh success
[2022-02-12T07:55:22.053187000Z DEBUG solana_program_runtime::stable_log] Program 8opHzTAnfzRpPEx21XtnrVTX28YQuCpAjcn1PczScKh invoke [1]
[2022-02-12T07:55:22.053575000Z DEBUG solana_program_runtime::stable_log] Program log: Mango: UpdateRootBank
[2022-02-12T07:55:22.055811000Z DEBUG solana_program_runtime::stable_log] Program log: mango-log
[2022-02-12T07:55:22.056409000Z DEBUG solana_program_runtime::stable_log] Program log: 8HmBNKTUaLinbhvP8sZoiDTB3W1sGOUIJSpL/q4ynvukV/yhD7wPrwwAAAAAAAAAAAAAAAAAQEIPAAAAAAAAAAAAAAAAAEBCDwAAAAAAAAA=
[2022-02-12T07:55:22.056533000Z DEBUG solana_bpf_loader_program] Program 8opHzTAnfzRpPEx21XtnrVTX28YQuCpAjcn1PczScKh consumed 9829 of 200000 compute units
[2022-02-12T07:55:22.056586000Z DEBUG solana_program_runtime::stable_log] Program 8opHzTAnfzRpPEx21XtnrVTX28YQuCpAjcn1PczScKh success
[2022-02-12T07:55:22.067490000Z DEBUG solana_program_runtime::stable_log] Program 8opHzTAnfzRpPEx21XtnrVTX28YQuCpAjcn1PczScKh invoke [1]
[2022-02-12T07:55:22.067876000Z DEBUG solana_program_runtime::stable_log] Program log: Mango: UpdateRootBank
[2022-02-12T07:55:22.070108000Z DEBUG solana_program_runtime::stable_log] Program log: mango-log
[2022-02-12T07:55:22.070716000Z DEBUG solana_program_runtime::stable_log] Program log: 8HmBNKTUaLinbhvP8sZoiDTB3W1sGOUIJSpL/q4ynvukV/yhD7wPrw0AAAAAAAAAAAAAAAAAQEIPAAAAAAAAAAAAAAAAAEBCDwAAAAAAAAA=
[2022-02-12T07:55:22.070838000Z DEBUG solana_bpf_loader_program] Program 8opHzTAnfzRpPEx21XtnrVTX28YQuCpAjcn1PczScKh consumed 9868 of 200000 compute units
[2022-02-12T07:55:22.070889000Z DEBUG solana_program_runtime::stable_log] Program 8opHzTAnfzRpPEx21XtnrVTX28YQuCpAjcn1PczScKh success
[2022-02-12T07:55:22.081881000Z DEBUG solana_program_runtime::stable_log] Program 8opHzTAnfzRpPEx21XtnrVTX28YQuCpAjcn1PczScKh invoke [1]
[2022-02-12T07:55:22.082278000Z DEBUG solana_program_runtime::stable_log] Program log: Mango: UpdateRootBank
[2022-02-12T07:55:22.084536000Z DEBUG solana_program_runtime::stable_log] Program log: mango-log
[2022-02-12T07:55:22.085134000Z DEBUG solana_program_runtime::stable_log] Program log: 8HmBNKTUaLinbhvP8sZoiDTB3W1sGOUIJSpL/q4ynvukV/yhD7wPrw4AAAAAAAAAAAAAAAAAQEIPAAAAAAAAAAAAAAAAAEBCDwAAAAAAAAA=
[2022-02-12T07:55:22.085256000Z DEBUG solana_bpf_loader_program] Program 8opHzTAnfzRpPEx21XtnrVTX28YQuCpAjcn1PczScKh consumed 9907 of 200000 compute units
[2022-02-12T07:55:22.085307000Z DEBUG solana_program_runtime::stable_log] Program 8opHzTAnfzRpPEx21XtnrVTX28YQuCpAjcn1PczScKh success
[2022-02-12T07:55:22.096242000Z DEBUG solana_program_runtime::stable_log] Program 8opHzTAnfzRpPEx21XtnrVTX28YQuCpAjcn1PczScKh invoke [1]
[2022-02-12T07:55:22.096630000Z DEBUG solana_program_runtime::stable_log] Program log: Mango: UpdateRootBank
[2022-02-12T07:55:22.099634000Z DEBUG solana_program_runtime::stable_log] Program log: mango-log
[2022-02-12T07:55:22.100240000Z DEBUG solana_program_runtime::stable_log] Program log: 8HmBNKTUaLinbhvP8sZoiDTB3W1sGOUIJSpL/q4ynvukV/yhD7wPrw8AAAAAAAAAAAAAAAAAQEIPAAAAAAAAAAAAAAAAAEBCDwAAAAAAAAA=
[2022-02-12T07:55:22.100364000Z DEBUG solana_bpf_loader_program] Program 8opHzTAnfzRpPEx21XtnrVTX28YQuCpAjcn1PczScKh consumed 12494 of 200000 compute units
[2022-02-12T07:55:22.100417000Z DEBUG solana_program_runtime::stable_log] Program 8opHzTAnfzRpPEx21XtnrVTX28YQuCpAjcn1PczScKh success
[2022-02-12T07:55:22.110738000Z DEBUG solana_program_runtime::stable_log] Program 8opHzTAnfzRpPEx21XtnrVTX28YQuCpAjcn1PczScKh invoke [1]
[2022-02-12T07:55:22.111185000Z DEBUG solana_program_runtime::stable_log] Program log: Mango: UpdateFunding
[2022-02-12T07:55:22.112288000Z DEBUG solana_program_runtime::stable_log] Program log: mango-log
[2022-02-12T07:55:22.112895000Z DEBUG solana_program_runtime::stable_log] Program log: ta5iwCEXTXunbhvP8sZoiDTB3W1sGOUIJSpL/q4ynvukV/yhD7wPrwAAAAAAAAAAAAAAAAAAAAAAAAAAAAAAAAAAAAAAAAAAAAAAAAAAAAA=
[2022-02-12T07:55:22.113045000Z DEBUG solana_bpf_loader_program] Program 8opHzTAnfzRpPEx21XtnrVTX28YQuCpAjcn1PczScKh consumed 6423 of 200000 compute units
[2022-02-12T07:55:22.113110000Z DEBUG solana_program_runtime::stable_log] Program 8opHzTAnfzRpPEx21XtnrVTX28YQuCpAjcn1PczScKh success
[2022-02-12T07:55:22.124975000Z DEBUG solana_program_runtime::stable_log] Program 8opHzTAnfzRpPEx21XtnrVTX28YQuCpAjcn1PczScKh invoke [1]
[2022-02-12T07:55:22.125419000Z DEBUG solana_program_runtime::stable_log] Program log: Mango: UpdateFunding
[2022-02-12T07:55:22.126543000Z DEBUG solana_program_runtime::stable_log] Program log: mango-log
[2022-02-12T07:55:22.127151000Z DEBUG solana_program_runtime::stable_log] Program log: ta5iwCEXTXunbhvP8sZoiDTB3W1sGOUIJSpL/q4ynvukV/yhD7wPrwEAAAAAAAAAAAAAAAAAAAAAAAAAAAAAAAAAAAAAAAAAAAAAAAAAAAA=
[2022-02-12T07:55:22.127298000Z DEBUG solana_bpf_loader_program] Program 8opHzTAnfzRpPEx21XtnrVTX28YQuCpAjcn1PczScKh consumed 6463 of 200000 compute units
[2022-02-12T07:55:22.127362000Z DEBUG solana_program_runtime::stable_log] Program 8opHzTAnfzRpPEx21XtnrVTX28YQuCpAjcn1PczScKh success
[2022-02-12T07:55:22.137914000Z DEBUG solana_program_runtime::stable_log] Program 8opHzTAnfzRpPEx21XtnrVTX28YQuCpAjcn1PczScKh invoke [1]
[2022-02-12T07:55:22.138354000Z DEBUG solana_program_runtime::stable_log] Program log: Mango: UpdateFunding
[2022-02-12T07:55:22.139490000Z DEBUG solana_program_runtime::stable_log] Program log: mango-log
[2022-02-12T07:55:22.140093000Z DEBUG solana_program_runtime::stable_log] Program log: ta5iwCEXTXunbhvP8sZoiDTB3W1sGOUIJSpL/q4ynvukV/yhD7wPrwIAAAAAAAAAAAAAAAAAAAAAAAAAAAAAAAAAAAAAAAAAAAAAAAAAAAA=
[2022-02-12T07:55:22.140242000Z DEBUG solana_bpf_loader_program] Program 8opHzTAnfzRpPEx21XtnrVTX28YQuCpAjcn1PczScKh consumed 6502 of 200000 compute units
[2022-02-12T07:55:22.140306000Z DEBUG solana_program_runtime::stable_log] Program 8opHzTAnfzRpPEx21XtnrVTX28YQuCpAjcn1PczScKh success
[2022-02-12T07:55:22.151979000Z DEBUG solana_program_runtime::stable_log] Program 8opHzTAnfzRpPEx21XtnrVTX28YQuCpAjcn1PczScKh invoke [1]
[2022-02-12T07:55:22.152421000Z DEBUG solana_program_runtime::stable_log] Program log: Mango: UpdateFunding
[2022-02-12T07:55:22.153566000Z DEBUG solana_program_runtime::stable_log] Program log: mango-log
[2022-02-12T07:55:22.154171000Z DEBUG solana_program_runtime::stable_log] Program log: ta5iwCEXTXunbhvP8sZoiDTB3W1sGOUIJSpL/q4ynvukV/yhD7wPrwMAAAAAAAAAAAAAAAAAAAAAAAAAAAAAAAAAAAAAAAAAAAAAAAAAAAA=
[2022-02-12T07:55:22.154320000Z DEBUG solana_bpf_loader_program] Program 8opHzTAnfzRpPEx21XtnrVTX28YQuCpAjcn1PczScKh consumed 6541 of 200000 compute units
[2022-02-12T07:55:22.154385000Z DEBUG solana_program_runtime::stable_log] Program 8opHzTAnfzRpPEx21XtnrVTX28YQuCpAjcn1PczScKh success
[2022-02-12T07:55:22.164952000Z DEBUG solana_program_runtime::stable_log] Program 8opHzTAnfzRpPEx21XtnrVTX28YQuCpAjcn1PczScKh invoke [1]
[2022-02-12T07:55:22.165394000Z DEBUG solana_program_runtime::stable_log] Program log: Mango: UpdateFunding
[2022-02-12T07:55:22.166558000Z DEBUG solana_program_runtime::stable_log] Program log: mango-log
[2022-02-12T07:55:22.167165000Z DEBUG solana_program_runtime::stable_log] Program log: ta5iwCEXTXunbhvP8sZoiDTB3W1sGOUIJSpL/q4ynvukV/yhD7wPrwQAAAAAAAAAAAAAAAAAAAAAAAAAAAAAAAAAAAAAAAAAAAAAAAAAAAA=
[2022-02-12T07:55:22.167312000Z DEBUG solana_bpf_loader_program] Program 8opHzTAnfzRpPEx21XtnrVTX28YQuCpAjcn1PczScKh consumed 6585 of 200000 compute units
[2022-02-12T07:55:22.167377000Z DEBUG solana_program_runtime::stable_log] Program 8opHzTAnfzRpPEx21XtnrVTX28YQuCpAjcn1PczScKh success
[2022-02-12T07:55:22.179191000Z DEBUG solana_program_runtime::stable_log] Program 8opHzTAnfzRpPEx21XtnrVTX28YQuCpAjcn1PczScKh invoke [1]
[2022-02-12T07:55:22.179635000Z DEBUG solana_program_runtime::stable_log] Program log: Mango: UpdateFunding
[2022-02-12T07:55:22.180814000Z DEBUG solana_program_runtime::stable_log] Program log: mango-log
[2022-02-12T07:55:22.181424000Z DEBUG solana_program_runtime::stable_log] Program log: ta5iwCEXTXunbhvP8sZoiDTB3W1sGOUIJSpL/q4ynvukV/yhD7wPrwUAAAAAAAAAAAAAAAAAAAAAAAAAAAAAAAAAAAAAAAAAAAAAAAAAAAA=
[2022-02-12T07:55:22.181574000Z DEBUG solana_bpf_loader_program] Program 8opHzTAnfzRpPEx21XtnrVTX28YQuCpAjcn1PczScKh consumed 6624 of 200000 compute units
[2022-02-12T07:55:22.181638000Z DEBUG solana_program_runtime::stable_log] Program 8opHzTAnfzRpPEx21XtnrVTX28YQuCpAjcn1PczScKh success
[2022-02-12T07:55:22.192148000Z DEBUG solana_program_runtime::stable_log] Program 8opHzTAnfzRpPEx21XtnrVTX28YQuCpAjcn1PczScKh invoke [1]
[2022-02-12T07:55:22.192602000Z DEBUG solana_program_runtime::stable_log] Program log: Mango: UpdateFunding
[2022-02-12T07:55:22.193795000Z DEBUG solana_program_runtime::stable_log] Program log: mango-log
[2022-02-12T07:55:22.194402000Z DEBUG solana_program_runtime::stable_log] Program log: ta5iwCEXTXunbhvP8sZoiDTB3W1sGOUIJSpL/q4ynvukV/yhD7wPrwYAAAAAAAAAAAAAAAAAAAAAAAAAAAAAAAAAAAAAAAAAAAAAAAAAAAA=
[2022-02-12T07:55:22.194546000Z DEBUG solana_bpf_loader_program] Program 8opHzTAnfzRpPEx21XtnrVTX28YQuCpAjcn1PczScKh consumed 6658 of 200000 compute units
[2022-02-12T07:55:22.194612000Z DEBUG solana_program_runtime::stable_log] Program 8opHzTAnfzRpPEx21XtnrVTX28YQuCpAjcn1PczScKh success
[2022-02-12T07:55:22.205409000Z DEBUG solana_program_runtime::stable_log] Program 8opHzTAnfzRpPEx21XtnrVTX28YQuCpAjcn1PczScKh invoke [1]
[2022-02-12T07:55:22.205851000Z DEBUG solana_program_runtime::stable_log] Program log: Mango: UpdateFunding
[2022-02-12T07:55:22.207058000Z DEBUG solana_program_runtime::stable_log] Program log: mango-log
[2022-02-12T07:55:22.207665000Z DEBUG solana_program_runtime::stable_log] Program log: ta5iwCEXTXunbhvP8sZoiDTB3W1sGOUIJSpL/q4ynvukV/yhD7wPrwcAAAAAAAAAAAAAAAAAAAAAAAAAAAAAAAAAAAAAAAAAAAAAAAAAAAA=
[2022-02-12T07:55:22.207811000Z DEBUG solana_bpf_loader_program] Program 8opHzTAnfzRpPEx21XtnrVTX28YQuCpAjcn1PczScKh consumed 6697 of 200000 compute units
[2022-02-12T07:55:22.207874000Z DEBUG solana_program_runtime::stable_log] Program 8opHzTAnfzRpPEx21XtnrVTX28YQuCpAjcn1PczScKh success
[2022-02-12T07:55:22.218256000Z DEBUG solana_program_runtime::stable_log] Program 8opHzTAnfzRpPEx21XtnrVTX28YQuCpAjcn1PczScKh invoke [1]
[2022-02-12T07:55:22.218696000Z DEBUG solana_program_runtime::stable_log] Program log: Mango: UpdateFunding
[2022-02-12T07:55:22.219908000Z DEBUG solana_program_runtime::stable_log] Program log: mango-log
[2022-02-12T07:55:22.220519000Z DEBUG solana_program_runtime::stable_log] Program log: ta5iwCEXTXunbhvP8sZoiDTB3W1sGOUIJSpL/q4ynvukV/yhD7wPrwgAAAAAAAAAAAAAAAAAAAAAAAAAAAAAAAAAAAAAAAAAAAAAAAAAAAA=
[2022-02-12T07:55:22.220674000Z DEBUG solana_bpf_loader_program] Program 8opHzTAnfzRpPEx21XtnrVTX28YQuCpAjcn1PczScKh consumed 6736 of 200000 compute units
[2022-02-12T07:55:22.220737000Z DEBUG solana_program_runtime::stable_log] Program 8opHzTAnfzRpPEx21XtnrVTX28YQuCpAjcn1PczScKh success
[2022-02-12T07:55:22.231299000Z DEBUG solana_program_runtime::stable_log] Program 8opHzTAnfzRpPEx21XtnrVTX28YQuCpAjcn1PczScKh invoke [1]
[2022-02-12T07:55:22.231745000Z DEBUG solana_program_runtime::stable_log] Program log: Mango: UpdateFunding
[2022-02-12T07:55:22.232976000Z DEBUG solana_program_runtime::stable_log] Program log: mango-log
[2022-02-12T07:55:22.233581000Z DEBUG solana_program_runtime::stable_log] Program log: ta5iwCEXTXunbhvP8sZoiDTB3W1sGOUIJSpL/q4ynvukV/yhD7wPrwkAAAAAAAAAAAAAAAAAAAAAAAAAAAAAAAAAAAAAAAAAAAAAAAAAAAA=
[2022-02-12T07:55:22.233725000Z DEBUG solana_bpf_loader_program] Program 8opHzTAnfzRpPEx21XtnrVTX28YQuCpAjcn1PczScKh consumed 6775 of 200000 compute units
[2022-02-12T07:55:22.233789000Z DEBUG solana_program_runtime::stable_log] Program 8opHzTAnfzRpPEx21XtnrVTX28YQuCpAjcn1PczScKh success
[2022-02-12T07:55:22.244150000Z DEBUG solana_program_runtime::stable_log] Program 8opHzTAnfzRpPEx21XtnrVTX28YQuCpAjcn1PczScKh invoke [1]
[2022-02-12T07:55:22.244592000Z DEBUG solana_program_runtime::stable_log] Program log: Mango: UpdateFunding
[2022-02-12T07:55:22.245833000Z DEBUG solana_program_runtime::stable_log] Program log: mango-log
[2022-02-12T07:55:22.246438000Z DEBUG solana_program_runtime::stable_log] Program log: ta5iwCEXTXunbhvP8sZoiDTB3W1sGOUIJSpL/q4ynvukV/yhD7wPrwoAAAAAAAAAAAAAAAAAAAAAAAAAAAAAAAAAAAAAAAAAAAAAAAAAAAA=
[2022-02-12T07:55:22.246586000Z DEBUG solana_bpf_loader_program] Program 8opHzTAnfzRpPEx21XtnrVTX28YQuCpAjcn1PczScKh consumed 6814 of 200000 compute units
[2022-02-12T07:55:22.246650000Z DEBUG solana_program_runtime::stable_log] Program 8opHzTAnfzRpPEx21XtnrVTX28YQuCpAjcn1PczScKh success
[2022-02-12T07:55:22.257132000Z DEBUG solana_program_runtime::stable_log] Program 8opHzTAnfzRpPEx21XtnrVTX28YQuCpAjcn1PczScKh invoke [1]
[2022-02-12T07:55:22.257575000Z DEBUG solana_program_runtime::stable_log] Program log: Mango: UpdateFunding
[2022-02-12T07:55:22.258827000Z DEBUG solana_program_runtime::stable_log] Program log: mango-log
[2022-02-12T07:55:22.259437000Z DEBUG solana_program_runtime::stable_log] Program log: ta5iwCEXTXunbhvP8sZoiDTB3W1sGOUIJSpL/q4ynvukV/yhD7wPrwsAAAAAAAAAAAAAAAAAAAAAAAAAAAAAAAAAAAAAAAAAAAAAAAAAAAA=
[2022-02-12T07:55:22.259583000Z DEBUG solana_bpf_loader_program] Program 8opHzTAnfzRpPEx21XtnrVTX28YQuCpAjcn1PczScKh consumed 6853 of 200000 compute units
[2022-02-12T07:55:22.259647000Z DEBUG solana_program_runtime::stable_log] Program 8opHzTAnfzRpPEx21XtnrVTX28YQuCpAjcn1PczScKh success
[2022-02-12T07:55:22.271324000Z DEBUG solana_program_runtime::stable_log] Program 8opHzTAnfzRpPEx21XtnrVTX28YQuCpAjcn1PczScKh invoke [1]
[2022-02-12T07:55:22.271774000Z DEBUG solana_program_runtime::stable_log] Program log: Mango: UpdateFunding
[2022-02-12T07:55:22.273043000Z DEBUG solana_program_runtime::stable_log] Program log: mango-log
[2022-02-12T07:55:22.273650000Z DEBUG solana_program_runtime::stable_log] Program log: ta5iwCEXTXunbhvP8sZoiDTB3W1sGOUIJSpL/q4ynvukV/yhD7wPrwwAAAAAAAAAAAAAAAAAAAAAAAAAAAAAAAAAAAAAAAAAAAAAAAAAAAA=
[2022-02-12T07:55:22.273796000Z DEBUG solana_bpf_loader_program] Program 8opHzTAnfzRpPEx21XtnrVTX28YQuCpAjcn1PczScKh consumed 6892 of 200000 compute units
[2022-02-12T07:55:22.273860000Z DEBUG solana_program_runtime::stable_log] Program 8opHzTAnfzRpPEx21XtnrVTX28YQuCpAjcn1PczScKh success
[2022-02-12T07:55:22.284143000Z DEBUG solana_program_runtime::stable_log] Program 8opHzTAnfzRpPEx21XtnrVTX28YQuCpAjcn1PczScKh invoke [1]
[2022-02-12T07:55:22.284593000Z DEBUG solana_program_runtime::stable_log] Program log: Mango: UpdateFunding
[2022-02-12T07:55:22.285873000Z DEBUG solana_program_runtime::stable_log] Program log: mango-log
[2022-02-12T07:55:22.286480000Z DEBUG solana_program_runtime::stable_log] Program log: ta5iwCEXTXunbhvP8sZoiDTB3W1sGOUIJSpL/q4ynvukV/yhD7wPrw0AAAAAAAAAAAAAAAAAAAAAAAAAAAAAAAAAAAAAAAAAAAAAAAAAAAA=
[2022-02-12T07:55:22.286624000Z DEBUG solana_bpf_loader_program] Program 8opHzTAnfzRpPEx21XtnrVTX28YQuCpAjcn1PczScKh consumed 6931 of 200000 compute units
[2022-02-12T07:55:22.286691000Z DEBUG solana_program_runtime::stable_log] Program 8opHzTAnfzRpPEx21XtnrVTX28YQuCpAjcn1PczScKh success
[2022-02-12T07:55:22.297452000Z DEBUG solana_program_runtime::stable_log] Program 8opHzTAnfzRpPEx21XtnrVTX28YQuCpAjcn1PczScKh invoke [1]
[2022-02-12T07:55:22.297897000Z DEBUG solana_program_runtime::stable_log] Program log: Mango: UpdateFunding
[2022-02-12T07:55:22.299185000Z DEBUG solana_program_runtime::stable_log] Program log: mango-log
[2022-02-12T07:55:22.299791000Z DEBUG solana_program_runtime::stable_log] Program log: ta5iwCEXTXunbhvP8sZoiDTB3W1sGOUIJSpL/q4ynvukV/yhD7wPrw4AAAAAAAAAAAAAAAAAAAAAAAAAAAAAAAAAAAAAAAAAAAAAAAAAAAA=
[2022-02-12T07:55:22.299938000Z DEBUG solana_bpf_loader_program] Program 8opHzTAnfzRpPEx21XtnrVTX28YQuCpAjcn1PczScKh consumed 6970 of 200000 compute units
[2022-02-12T07:55:22.300002000Z DEBUG solana_program_runtime::stable_log] Program 8opHzTAnfzRpPEx21XtnrVTX28YQuCpAjcn1PczScKh success
[2022-02-12T07:55:22.314001000Z DEBUG solana_program_runtime::stable_log] Program 8opHzTAnfzRpPEx21XtnrVTX28YQuCpAjcn1PczScKh invoke [1]
[2022-02-12T07:55:22.315161000Z DEBUG solana_program_runtime::stable_log] Program log: Mango: CacheRootBanks
[2022-02-12T07:55:22.318921000Z DEBUG solana_program_runtime::stable_log] Program log: mango-log
[2022-02-12T07:55:22.321811000Z DEBUG solana_program_runtime::stable_log] Program log: IVXYca/GfeinbhvP8sZoiDTB3W1sGOUIJSpL/q4ynvukV/yhD7wPrxAAAAAAAAAAAAAAAAEAAAAAAAAAAgAAAAAAAAADAAAAAAAAAAQAAAAAAAAABQAAAAAAAAAGAAAAAAAAAAcAAAAAAAAACAAAAAAAAAAJAAAAAAAAAAoAAAAAAAAACwAAAAAAAAAMAAAAAAAAAA0AAAAAAAAADgAAAAAAAAAPAAAAAAAAABAAAAAAAAAAAABAQg8AAAAAAAAAAAAAAAAAQEIPAAAAAAAAAAAAAAAAAEBCDwAAAAAAAAAAAAAAAABAQg8AAAAAAAAAAAAAAAAAQEIPAAAAAAAAAAAAAAAAAEBCDwAAAAAAAAAAAAAAAABAQg8AAAAAAAAAAAAAAAAAQEIPAAAAAAAAAAAAAAAAAEBCDwAAAAAAAAAAAAAAAABAQg8AAAAAAAAAAAAAAAAAQEIPAAAAAAAAAAAAAAAAAEBCDwAAAAAAAAAAAAAAAABAQg8AAAAAAAAAAAAAAAAAQEIPAAAAAAAAAAAAAAAAAEBCDwAAAAAAAAAAAAAAAABAQg8AAAAAAAAAEAAAAAAAAAAAAEBCDwAAAAAAAAAAAAAAAABAQg8AAAAAAAAAAAAAAAAAQEIPAAAAAAAAAAAAAAAAAEBCDwAAAAAAAAAAAAAAAABAQg8AAAAAAAAAAAAAAAAAQEIPAAAAAAAAAAAAAAAAAEBCDwAAAAAAAAAAAAAAAABAQg8AAAAAAAAAAAAAAAAAQEIPAAAAAAAAAAAAAAAAAEBCDwAAAAAAAAAAAAAAAABAQg8AAAAAAAAAAAAAAAAAQEIPAAAAAAAAAAAAAAAAAEBCDwAAAAAAAAAAAAAAAABAQg8AAAAAAAAAAAAAAAAAQEIPAAAAAAAAAAAAAAAAAEBCDwAAAAAAAAA=
[2022-02-12T07:55:22.322236000Z DEBUG solana_bpf_loader_program] Program 8opHzTAnfzRpPEx21XtnrVTX28YQuCpAjcn1PczScKh consumed 24418 of 200000 compute units
[2022-02-12T07:55:22.322311000Z DEBUG solana_program_runtime::stable_log] Program 8opHzTAnfzRpPEx21XtnrVTX28YQuCpAjcn1PczScKh success
[2022-02-12T07:55:22.336369000Z DEBUG solana_program_runtime::stable_log] Program 8opHzTAnfzRpPEx21XtnrVTX28YQuCpAjcn1PczScKh invoke [1]
[2022-02-12T07:55:22.337480000Z DEBUG solana_program_runtime::stable_log] Program log: Mango: CachePerpMarkets
[2022-02-12T07:55:22.341178000Z DEBUG solana_program_runtime::stable_log] Program log: mango-log
[2022-02-12T07:55:22.343865000Z DEBUG solana_program_runtime::stable_log] Program log: 9lt9JxCzqw6nbhvP8sZoiDTB3W1sGOUIJSpL/q4ynvukV/yhD7wPrw8AAAAAAAAAAAAAAAEAAAAAAAAAAgAAAAAAAAADAAAAAAAAAAQAAAAAAAAABQAAAAAAAAAGAAAAAAAAAAcAAAAAAAAACAAAAAAAAAAJAAAAAAAAAAoAAAAAAAAACwAAAAAAAAAMAAAAAAAAAA0AAAAAAAAADgAAAAAAAAAPAAAAAAAAAAAAAAAAAAAAAAAAAAAAAAAAAAAAAAAAAAAAAAAAAAAAAAAAAAAAAAAAAAAAAAAAAAAAAAAAAAAAAAAAAAAAAAAAAAAAAAAAAAAAAAAAAAAAAAAAAAAAAAAAAAAAAAAAAAAAAAAAAAAAAAAAAAAAAAAAAAAAAAAAAAAAAAAAAAAAAAAAAAAAAAAAAAAAAAAAAAAAAAAAAAAAAAAAAAAAAAAAAAAAAAAAAAAAAAAAAAAAAAAAAAAAAAAAAAAAAAAAAAAAAAAAAAAAAAAAAAAAAAAAAAAAAAAAAAAAAAAAAAAAAAAAAAAAAAAAAAAADwAAAAAAAAAAAAAAAAAAAAAAAAAAAAAAAAAAAAAAAAAAAAAAAAAAAAAAAAAAAAAAAAAAAAAAAAAAAAAAAAAAAAAAAAAAAAAAAAAAAAAAAAAAAAAAAAAAAAAAAAAAAAAAAAAAAAAAAAAAAAAAAAAAAAAAAAAAAAAAAAAAAAAAAAAAAAAAAAAAAAAAAAAAAAAAAAAAAAAAAAAAAAAAAAAAAAAAAAAAAAAAAAAAAAAAAAAAAAAAAAAAAAAAAAAAAAAAAAAAAAAAAAAAAAAAAAAAAAAAAAAAAAAAAAAAAAAAAAAAAAAAAAAAAAAAAAAAAAAAAAAAAA==
[2022-02-12T07:55:22.344257000Z DEBUG solana_bpf_loader_program] Program 8opHzTAnfzRpPEx21XtnrVTX28YQuCpAjcn1PczScKh consumed 23463 of 200000 compute units
[2022-02-12T07:55:22.344327000Z DEBUG solana_program_runtime::stable_log] Program 8opHzTAnfzRpPEx21XtnrVTX28YQuCpAjcn1PczScKh success
[2022-02-12T07:55:22.354368000Z DEBUG solana_program_runtime::stable_log] Program 8opHzTAnfzRpPEx21XtnrVTX28YQuCpAjcn1PczScKh invoke [1]
[2022-02-12T07:55:22.354702000Z DEBUG solana_program_runtime::stable_log] Program log: Mango: SetOracle
[2022-02-12T07:55:22.354984000Z DEBUG solana_bpf_loader_program] Program 8opHzTAnfzRpPEx21XtnrVTX28YQuCpAjcn1PczScKh consumed 1550 of 200000 compute units
[2022-02-12T07:55:22.355040000Z DEBUG solana_program_runtime::stable_log] Program 8opHzTAnfzRpPEx21XtnrVTX28YQuCpAjcn1PczScKh success
[2022-02-12T07:55:22.364958000Z DEBUG solana_program_runtime::stable_log] Program 8opHzTAnfzRpPEx21XtnrVTX28YQuCpAjcn1PczScKh invoke [1]
[2022-02-12T07:55:22.365291000Z DEBUG solana_program_runtime::stable_log] Program log: Mango: SetOracle
[2022-02-12T07:55:22.365584000Z DEBUG solana_bpf_loader_program] Program 8opHzTAnfzRpPEx21XtnrVTX28YQuCpAjcn1PczScKh consumed 1590 of 200000 compute units
[2022-02-12T07:55:22.365636000Z DEBUG solana_program_runtime::stable_log] Program 8opHzTAnfzRpPEx21XtnrVTX28YQuCpAjcn1PczScKh success
[2022-02-12T07:55:22.376190000Z DEBUG solana_program_runtime::stable_log] Program 8opHzTAnfzRpPEx21XtnrVTX28YQuCpAjcn1PczScKh invoke [1]
[2022-02-12T07:55:22.376530000Z DEBUG solana_program_runtime::stable_log] Program log: Mango: SetOracle
[2022-02-12T07:55:22.376833000Z DEBUG solana_bpf_loader_program] Program 8opHzTAnfzRpPEx21XtnrVTX28YQuCpAjcn1PczScKh consumed 1629 of 200000 compute units
[2022-02-12T07:55:22.376887000Z DEBUG solana_program_runtime::stable_log] Program 8opHzTAnfzRpPEx21XtnrVTX28YQuCpAjcn1PczScKh success
[2022-02-12T07:55:22.386870000Z DEBUG solana_program_runtime::stable_log] Program 8opHzTAnfzRpPEx21XtnrVTX28YQuCpAjcn1PczScKh invoke [1]
[2022-02-12T07:55:22.387203000Z DEBUG solana_program_runtime::stable_log] Program log: Mango: SetOracle
[2022-02-12T07:55:22.387522000Z DEBUG solana_bpf_loader_program] Program 8opHzTAnfzRpPEx21XtnrVTX28YQuCpAjcn1PczScKh consumed 1668 of 200000 compute units
[2022-02-12T07:55:22.387573000Z DEBUG solana_program_runtime::stable_log] Program 8opHzTAnfzRpPEx21XtnrVTX28YQuCpAjcn1PczScKh success
[2022-02-12T07:55:22.397370000Z DEBUG solana_program_runtime::stable_log] Program 8opHzTAnfzRpPEx21XtnrVTX28YQuCpAjcn1PczScKh invoke [1]
[2022-02-12T07:55:22.397702000Z DEBUG solana_program_runtime::stable_log] Program log: Mango: SetOracle
[2022-02-12T07:55:22.398035000Z DEBUG solana_bpf_loader_program] Program 8opHzTAnfzRpPEx21XtnrVTX28YQuCpAjcn1PczScKh consumed 1707 of 200000 compute units
[2022-02-12T07:55:22.398086000Z DEBUG solana_program_runtime::stable_log] Program 8opHzTAnfzRpPEx21XtnrVTX28YQuCpAjcn1PczScKh success
[2022-02-12T07:55:22.407866000Z DEBUG solana_program_runtime::stable_log] Program 8opHzTAnfzRpPEx21XtnrVTX28YQuCpAjcn1PczScKh invoke [1]
[2022-02-12T07:55:22.408198000Z DEBUG solana_program_runtime::stable_log] Program log: Mango: SetOracle
[2022-02-12T07:55:22.408539000Z DEBUG solana_bpf_loader_program] Program 8opHzTAnfzRpPEx21XtnrVTX28YQuCpAjcn1PczScKh consumed 1746 of 200000 compute units
[2022-02-12T07:55:22.408590000Z DEBUG solana_program_runtime::stable_log] Program 8opHzTAnfzRpPEx21XtnrVTX28YQuCpAjcn1PczScKh success
[2022-02-12T07:55:22.418329000Z DEBUG solana_program_runtime::stable_log] Program 8opHzTAnfzRpPEx21XtnrVTX28YQuCpAjcn1PczScKh invoke [1]
[2022-02-12T07:55:22.418666000Z DEBUG solana_program_runtime::stable_log] Program log: Mango: SetOracle
[2022-02-12T07:55:22.419023000Z DEBUG solana_bpf_loader_program] Program 8opHzTAnfzRpPEx21XtnrVTX28YQuCpAjcn1PczScKh consumed 1785 of 200000 compute units
[2022-02-12T07:55:22.419074000Z DEBUG solana_program_runtime::stable_log] Program 8opHzTAnfzRpPEx21XtnrVTX28YQuCpAjcn1PczScKh success
[2022-02-12T07:55:22.428836000Z DEBUG solana_program_runtime::stable_log] Program 8opHzTAnfzRpPEx21XtnrVTX28YQuCpAjcn1PczScKh invoke [1]
[2022-02-12T07:55:22.429172000Z DEBUG solana_program_runtime::stable_log] Program log: Mango: SetOracle
[2022-02-12T07:55:22.429540000Z DEBUG solana_bpf_loader_program] Program 8opHzTAnfzRpPEx21XtnrVTX28YQuCpAjcn1PczScKh consumed 1824 of 200000 compute units
[2022-02-12T07:55:22.429592000Z DEBUG solana_program_runtime::stable_log] Program 8opHzTAnfzRpPEx21XtnrVTX28YQuCpAjcn1PczScKh success
[2022-02-12T07:55:22.439327000Z DEBUG solana_program_runtime::stable_log] Program 8opHzTAnfzRpPEx21XtnrVTX28YQuCpAjcn1PczScKh invoke [1]
[2022-02-12T07:55:22.439658000Z DEBUG solana_program_runtime::stable_log] Program log: Mango: SetOracle
[2022-02-12T07:55:22.440047000Z DEBUG solana_bpf_loader_program] Program 8opHzTAnfzRpPEx21XtnrVTX28YQuCpAjcn1PczScKh consumed 1863 of 200000 compute units
[2022-02-12T07:55:22.440101000Z DEBUG solana_program_runtime::stable_log] Program 8opHzTAnfzRpPEx21XtnrVTX28YQuCpAjcn1PczScKh success
[2022-02-12T07:55:22.449813000Z DEBUG solana_program_runtime::stable_log] Program 8opHzTAnfzRpPEx21XtnrVTX28YQuCpAjcn1PczScKh invoke [1]
[2022-02-12T07:55:22.450145000Z DEBUG solana_program_runtime::stable_log] Program log: Mango: SetOracle
[2022-02-12T07:55:22.450544000Z DEBUG solana_bpf_loader_program] Program 8opHzTAnfzRpPEx21XtnrVTX28YQuCpAjcn1PczScKh consumed 1902 of 200000 compute units
[2022-02-12T07:55:22.450598000Z DEBUG solana_program_runtime::stable_log] Program 8opHzTAnfzRpPEx21XtnrVTX28YQuCpAjcn1PczScKh success
[2022-02-12T07:55:22.460986000Z DEBUG solana_program_runtime::stable_log] Program 8opHzTAnfzRpPEx21XtnrVTX28YQuCpAjcn1PczScKh invoke [1]
[2022-02-12T07:55:22.461317000Z DEBUG solana_program_runtime::stable_log] Program log: Mango: SetOracle
[2022-02-12T07:55:22.461729000Z DEBUG solana_bpf_loader_program] Program 8opHzTAnfzRpPEx21XtnrVTX28YQuCpAjcn1PczScKh consumed 1941 of 200000 compute units
[2022-02-12T07:55:22.461783000Z DEBUG solana_program_runtime::stable_log] Program 8opHzTAnfzRpPEx21XtnrVTX28YQuCpAjcn1PczScKh success
[2022-02-12T07:55:22.471668000Z DEBUG solana_program_runtime::stable_log] Program 8opHzTAnfzRpPEx21XtnrVTX28YQuCpAjcn1PczScKh invoke [1]
[2022-02-12T07:55:22.472005000Z DEBUG solana_program_runtime::stable_log] Program log: Mango: SetOracle
[2022-02-12T07:55:22.472435000Z DEBUG solana_bpf_loader_program] Program 8opHzTAnfzRpPEx21XtnrVTX28YQuCpAjcn1PczScKh consumed 1980 of 200000 compute units
[2022-02-12T07:55:22.472489000Z DEBUG solana_program_runtime::stable_log] Program 8opHzTAnfzRpPEx21XtnrVTX28YQuCpAjcn1PczScKh success
[2022-02-12T07:55:22.483313000Z DEBUG solana_program_runtime::stable_log] Program 8opHzTAnfzRpPEx21XtnrVTX28YQuCpAjcn1PczScKh invoke [1]
[2022-02-12T07:55:22.483644000Z DEBUG solana_program_runtime::stable_log] Program log: Mango: SetOracle
[2022-02-12T07:55:22.484084000Z DEBUG solana_bpf_loader_program] Program 8opHzTAnfzRpPEx21XtnrVTX28YQuCpAjcn1PczScKh consumed 2019 of 200000 compute units
[2022-02-12T07:55:22.484134000Z DEBUG solana_program_runtime::stable_log] Program 8opHzTAnfzRpPEx21XtnrVTX28YQuCpAjcn1PczScKh success
[2022-02-12T07:55:22.495091000Z DEBUG solana_program_runtime::stable_log] Program 8opHzTAnfzRpPEx21XtnrVTX28YQuCpAjcn1PczScKh invoke [1]
[2022-02-12T07:55:22.495434000Z DEBUG solana_program_runtime::stable_log] Program log: Mango: SetOracle
[2022-02-12T07:55:22.495887000Z DEBUG solana_bpf_loader_program] Program 8opHzTAnfzRpPEx21XtnrVTX28YQuCpAjcn1PczScKh consumed 2058 of 200000 compute units
[2022-02-12T07:55:22.495942000Z DEBUG solana_program_runtime::stable_log] Program 8opHzTAnfzRpPEx21XtnrVTX28YQuCpAjcn1PczScKh success
[2022-02-12T07:55:22.505413000Z DEBUG solana_program_runtime::stable_log] Program 8opHzTAnfzRpPEx21XtnrVTX28YQuCpAjcn1PczScKh invoke [1]
[2022-02-12T07:55:22.505745000Z DEBUG solana_program_runtime::stable_log] Program log: Mango: SetOracle
[2022-02-12T07:55:22.506211000Z DEBUG solana_bpf_loader_program] Program 8opHzTAnfzRpPEx21XtnrVTX28YQuCpAjcn1PczScKh consumed 2097 of 200000 compute units
[2022-02-12T07:55:22.506263000Z DEBUG solana_program_runtime::stable_log] Program 8opHzTAnfzRpPEx21XtnrVTX28YQuCpAjcn1PczScKh success
[2022-02-12T07:55:22.541928000Z DEBUG solana_program_runtime::stable_log] Program 8opHzTAnfzRpPEx21XtnrVTX28YQuCpAjcn1PczScKh invoke [1]
[2022-02-12T07:55:22.543068000Z DEBUG solana_program_runtime::stable_log] Program log: Mango: CachePrices
[2022-02-12T07:55:22.546136000Z DEBUG solana_program_runtime::stable_log] Program log: mango-log
[2022-02-12T07:55:22.547950000Z DEBUG solana_program_runtime::stable_log] Program log: ux0uSxX5tBunbhvP8sZoiDTB3W1sGOUIJSpL/q4ynvukV/yhD7wPrw8AAAAAAAAAAAAAAAEAAAAAAAAAAgAAAAAAAAADAAAAAAAAAAQAAAAAAAAABQAAAAAAAAAGAAAAAAAAAAcAAAAAAAAACAAAAAAAAAAJAAAAAAAAAAoAAAAAAAAACwAAAAAAAAAMAAAAAAAAAA0AAAAAAAAADgAAAAAAAAAPAAAA820AAAAAAAAAAAAAAAAAAPNtAAAAAAAAAAAAAAAAAADzbQAAAAAAAAAAAAAAAAAA820AAAAAAAAAAAAAAAAAABwAAAAAAAAAAAAAAAAAAADzbQAAAAAAAAAAAAAAAAAA820AAAAAAAAAAAAAAAAAAPNtAAAAAAAAAAAAAAAAAADzbQAAAAAAAAAAAAAAAAAA820AAAAAAAAAAAAAAAAAAPNtAAAAAAAAAAAAAAAAAADzbQAAAAAAAAAAAAAAAAAA820AAAAAAAAAAAAAAAAAAPNtAAAAAAAAAAAAAAAAAADzbQAAAAAAAAAAAAAAAAAA
[2022-02-12T07:55:22.548335000Z DEBUG solana_bpf_loader_program] Program 8opHzTAnfzRpPEx21XtnrVTX28YQuCpAjcn1PczScKh consumed 18318 of 200000 compute units
[2022-02-12T07:55:22.548416000Z DEBUG solana_program_runtime::stable_log] Program 8opHzTAnfzRpPEx21XtnrVTX28YQuCpAjcn1PczScKh success
[2022-02-12T07:55:22.558543000Z DEBUG solana_program_runtime::stable_log] Program 8opHzTAnfzRpPEx21XtnrVTX28YQuCpAjcn1PczScKh invoke [1]
[2022-02-12T07:55:22.558934000Z DEBUG solana_program_runtime::stable_log] Program log: Mango: UpdateRootBank
[2022-02-12T07:55:22.560999000Z DEBUG solana_program_runtime::stable_log] Program log: mango-log
[2022-02-12T07:55:22.561608000Z DEBUG solana_program_runtime::stable_log] Program log: 8HmBNKTUaLinbhvP8sZoiDTB3W1sGOUIJSpL/q4ynvukV/yhD7wPrwAAAAAAAAAAAAAAAAAAQEIPAAAAAAAAAAAAAAAAAEBCDwAAAAAAAAA=
[2022-02-12T07:55:22.561732000Z DEBUG solana_bpf_loader_program] Program 8opHzTAnfzRpPEx21XtnrVTX28YQuCpAjcn1PczScKh consumed 9360 of 200000 compute units
[2022-02-12T07:55:22.561784000Z DEBUG solana_program_runtime::stable_log] Program 8opHzTAnfzRpPEx21XtnrVTX28YQuCpAjcn1PczScKh success
[2022-02-12T07:55:22.571747000Z DEBUG solana_program_runtime::stable_log] Program 8opHzTAnfzRpPEx21XtnrVTX28YQuCpAjcn1PczScKh invoke [1]
[2022-02-12T07:55:22.572138000Z DEBUG solana_program_runtime::stable_log] Program log: Mango: UpdateRootBank
[2022-02-12T07:55:22.574200000Z DEBUG solana_program_runtime::stable_log] Program log: mango-log
[2022-02-12T07:55:22.574806000Z DEBUG solana_program_runtime::stable_log] Program log: 8HmBNKTUaLinbhvP8sZoiDTB3W1sGOUIJSpL/q4ynvukV/yhD7wPrwEAAAAAAAAAAAAAAAAAQEIPAAAAAAAAAAAAAAAAAEBCDwAAAAAAAAA=
[2022-02-12T07:55:22.574928000Z DEBUG solana_bpf_loader_program] Program 8opHzTAnfzRpPEx21XtnrVTX28YQuCpAjcn1PczScKh consumed 9400 of 200000 compute units
[2022-02-12T07:55:22.574979000Z DEBUG solana_program_runtime::stable_log] Program 8opHzTAnfzRpPEx21XtnrVTX28YQuCpAjcn1PczScKh success
[2022-02-12T07:55:22.584950000Z DEBUG solana_program_runtime::stable_log] Program 8opHzTAnfzRpPEx21XtnrVTX28YQuCpAjcn1PczScKh invoke [1]
[2022-02-12T07:55:22.585342000Z DEBUG solana_program_runtime::stable_log] Program log: Mango: UpdateRootBank
[2022-02-12T07:55:22.587429000Z DEBUG solana_program_runtime::stable_log] Program log: mango-log
[2022-02-12T07:55:22.588033000Z DEBUG solana_program_runtime::stable_log] Program log: 8HmBNKTUaLinbhvP8sZoiDTB3W1sGOUIJSpL/q4ynvukV/yhD7wPrwIAAAAAAAAAAAAAAAAAQEIPAAAAAAAAAAAAAAAAAEBCDwAAAAAAAAA=
[2022-02-12T07:55:22.588157000Z DEBUG solana_bpf_loader_program] Program 8opHzTAnfzRpPEx21XtnrVTX28YQuCpAjcn1PczScKh consumed 9439 of 200000 compute units
[2022-02-12T07:55:22.588214000Z DEBUG solana_program_runtime::stable_log] Program 8opHzTAnfzRpPEx21XtnrVTX28YQuCpAjcn1PczScKh success
[2022-02-12T07:55:22.598109000Z DEBUG solana_program_runtime::stable_log] Program 8opHzTAnfzRpPEx21XtnrVTX28YQuCpAjcn1PczScKh invoke [1]
[2022-02-12T07:55:22.598495000Z DEBUG solana_program_runtime::stable_log] Program log: Mango: UpdateRootBank
[2022-02-12T07:55:22.600601000Z DEBUG solana_program_runtime::stable_log] Program log: mango-log
[2022-02-12T07:55:22.601210000Z DEBUG solana_program_runtime::stable_log] Program log: 8HmBNKTUaLinbhvP8sZoiDTB3W1sGOUIJSpL/q4ynvukV/yhD7wPrwMAAAAAAAAAAAAAAAAAQEIPAAAAAAAAAAAAAAAAAEBCDwAAAAAAAAA=
[2022-02-12T07:55:22.601332000Z DEBUG solana_bpf_loader_program] Program 8opHzTAnfzRpPEx21XtnrVTX28YQuCpAjcn1PczScKh consumed 9478 of 200000 compute units
[2022-02-12T07:55:22.601385000Z DEBUG solana_program_runtime::stable_log] Program 8opHzTAnfzRpPEx21XtnrVTX28YQuCpAjcn1PczScKh success
[2022-02-12T07:55:22.611385000Z DEBUG solana_program_runtime::stable_log] Program 8opHzTAnfzRpPEx21XtnrVTX28YQuCpAjcn1PczScKh invoke [1]
[2022-02-12T07:55:22.611767000Z DEBUG solana_program_runtime::stable_log] Program log: Mango: UpdateRootBank
[2022-02-12T07:55:22.613880000Z DEBUG solana_program_runtime::stable_log] Program log: mango-log
[2022-02-12T07:55:22.614479000Z DEBUG solana_program_runtime::stable_log] Program log: 8HmBNKTUaLinbhvP8sZoiDTB3W1sGOUIJSpL/q4ynvukV/yhD7wPrwQAAAAAAAAAAAAAAAAAQEIPAAAAAAAAAAAAAAAAAEBCDwAAAAAAAAA=
[2022-02-12T07:55:22.614601000Z DEBUG solana_bpf_loader_program] Program 8opHzTAnfzRpPEx21XtnrVTX28YQuCpAjcn1PczScKh consumed 9517 of 200000 compute units
[2022-02-12T07:55:22.614652000Z DEBUG solana_program_runtime::stable_log] Program 8opHzTAnfzRpPEx21XtnrVTX28YQuCpAjcn1PczScKh success
[2022-02-12T07:55:22.625466000Z DEBUG solana_program_runtime::stable_log] Program 8opHzTAnfzRpPEx21XtnrVTX28YQuCpAjcn1PczScKh invoke [1]
[2022-02-12T07:55:22.625856000Z DEBUG solana_program_runtime::stable_log] Program log: Mango: UpdateRootBank
[2022-02-12T07:55:22.628006000Z DEBUG solana_program_runtime::stable_log] Program log: mango-log
[2022-02-12T07:55:22.628611000Z DEBUG solana_program_runtime::stable_log] Program log: 8HmBNKTUaLinbhvP8sZoiDTB3W1sGOUIJSpL/q4ynvukV/yhD7wPrwUAAAAAAAAAAAAAAAAAQEIPAAAAAAAAAAAAAAAAAEBCDwAAAAAAAAA=
[2022-02-12T07:55:22.628735000Z DEBUG solana_bpf_loader_program] Program 8opHzTAnfzRpPEx21XtnrVTX28YQuCpAjcn1PczScKh consumed 9556 of 200000 compute units
[2022-02-12T07:55:22.628786000Z DEBUG solana_program_runtime::stable_log] Program 8opHzTAnfzRpPEx21XtnrVTX28YQuCpAjcn1PczScKh success
[2022-02-12T07:55:22.638610000Z DEBUG solana_program_runtime::stable_log] Program 8opHzTAnfzRpPEx21XtnrVTX28YQuCpAjcn1PczScKh invoke [1]
[2022-02-12T07:55:22.638998000Z DEBUG solana_program_runtime::stable_log] Program log: Mango: UpdateRootBank
[2022-02-12T07:55:22.641143000Z DEBUG solana_program_runtime::stable_log] Program log: mango-log
[2022-02-12T07:55:22.641746000Z DEBUG solana_program_runtime::stable_log] Program log: 8HmBNKTUaLinbhvP8sZoiDTB3W1sGOUIJSpL/q4ynvukV/yhD7wPrwYAAAAAAAAAAAAAAAAAQEIPAAAAAAAAAAAAAAAAAEBCDwAAAAAAAAA=
[2022-02-12T07:55:22.641868000Z DEBUG solana_bpf_loader_program] Program 8opHzTAnfzRpPEx21XtnrVTX28YQuCpAjcn1PczScKh consumed 9595 of 200000 compute units
[2022-02-12T07:55:22.641920000Z DEBUG solana_program_runtime::stable_log] Program 8opHzTAnfzRpPEx21XtnrVTX28YQuCpAjcn1PczScKh success
[2022-02-12T07:55:22.652904000Z DEBUG solana_program_runtime::stable_log] Program 8opHzTAnfzRpPEx21XtnrVTX28YQuCpAjcn1PczScKh invoke [1]
[2022-02-12T07:55:22.653296000Z DEBUG solana_program_runtime::stable_log] Program log: Mango: UpdateRootBank
[2022-02-12T07:55:22.655448000Z DEBUG solana_program_runtime::stable_log] Program log: mango-log
[2022-02-12T07:55:22.656051000Z DEBUG solana_program_runtime::stable_log] Program log: 8HmBNKTUaLinbhvP8sZoiDTB3W1sGOUIJSpL/q4ynvukV/yhD7wPrwcAAAAAAAAAAAAAAAAAQEIPAAAAAAAAAAAAAAAAAEBCDwAAAAAAAAA=
[2022-02-12T07:55:22.656173000Z DEBUG solana_bpf_loader_program] Program 8opHzTAnfzRpPEx21XtnrVTX28YQuCpAjcn1PczScKh consumed 9634 of 200000 compute units
[2022-02-12T07:55:22.656224000Z DEBUG solana_program_runtime::stable_log] Program 8opHzTAnfzRpPEx21XtnrVTX28YQuCpAjcn1PczScKh success
[2022-02-12T07:55:22.666106000Z DEBUG solana_program_runtime::stable_log] Program 8opHzTAnfzRpPEx21XtnrVTX28YQuCpAjcn1PczScKh invoke [1]
[2022-02-12T07:55:22.666489000Z DEBUG solana_program_runtime::stable_log] Program log: Mango: UpdateRootBank
[2022-02-12T07:55:22.668659000Z DEBUG solana_program_runtime::stable_log] Program log: mango-log
[2022-02-12T07:55:22.669267000Z DEBUG solana_program_runtime::stable_log] Program log: 8HmBNKTUaLinbhvP8sZoiDTB3W1sGOUIJSpL/q4ynvukV/yhD7wPrwgAAAAAAAAAAAAAAAAAQEIPAAAAAAAAAAAAAAAAAEBCDwAAAAAAAAA=
[2022-02-12T07:55:22.669390000Z DEBUG solana_bpf_loader_program] Program 8opHzTAnfzRpPEx21XtnrVTX28YQuCpAjcn1PczScKh consumed 9673 of 200000 compute units
[2022-02-12T07:55:22.669441000Z DEBUG solana_program_runtime::stable_log] Program 8opHzTAnfzRpPEx21XtnrVTX28YQuCpAjcn1PczScKh success
[2022-02-12T07:55:22.680485000Z DEBUG solana_program_runtime::stable_log] Program 8opHzTAnfzRpPEx21XtnrVTX28YQuCpAjcn1PczScKh invoke [1]
[2022-02-12T07:55:22.680875000Z DEBUG solana_program_runtime::stable_log] Program log: Mango: UpdateRootBank
[2022-02-12T07:55:22.683060000Z DEBUG solana_program_runtime::stable_log] Program log: mango-log
[2022-02-12T07:55:22.683662000Z DEBUG solana_program_runtime::stable_log] Program log: 8HmBNKTUaLinbhvP8sZoiDTB3W1sGOUIJSpL/q4ynvukV/yhD7wPrwkAAAAAAAAAAAAAAAAAQEIPAAAAAAAAAAAAAAAAAEBCDwAAAAAAAAA=
[2022-02-12T07:55:22.683784000Z DEBUG solana_bpf_loader_program] Program 8opHzTAnfzRpPEx21XtnrVTX28YQuCpAjcn1PczScKh consumed 9712 of 200000 compute units
[2022-02-12T07:55:22.683835000Z DEBUG solana_program_runtime::stable_log] Program 8opHzTAnfzRpPEx21XtnrVTX28YQuCpAjcn1PczScKh success
[2022-02-12T07:55:22.693636000Z DEBUG solana_program_runtime::stable_log] Program 8opHzTAnfzRpPEx21XtnrVTX28YQuCpAjcn1PczScKh invoke [1]
[2022-02-12T07:55:22.694026000Z DEBUG solana_program_runtime::stable_log] Program log: Mango: UpdateRootBank
[2022-02-12T07:55:22.696221000Z DEBUG solana_program_runtime::stable_log] Program log: mango-log
[2022-02-12T07:55:22.696846000Z DEBUG solana_program_runtime::stable_log] Program log: 8HmBNKTUaLinbhvP8sZoiDTB3W1sGOUIJSpL/q4ynvukV/yhD7wPrwoAAAAAAAAAAAAAAAAAQEIPAAAAAAAAAAAAAAAAAEBCDwAAAAAAAAA=
[2022-02-12T07:55:22.696971000Z DEBUG solana_bpf_loader_program] Program 8opHzTAnfzRpPEx21XtnrVTX28YQuCpAjcn1PczScKh consumed 9751 of 200000 compute units
[2022-02-12T07:55:22.697022000Z DEBUG solana_program_runtime::stable_log] Program 8opHzTAnfzRpPEx21XtnrVTX28YQuCpAjcn1PczScKh success
[2022-02-12T07:55:22.707827000Z DEBUG solana_program_runtime::stable_log] Program 8opHzTAnfzRpPEx21XtnrVTX28YQuCpAjcn1PczScKh invoke [1]
[2022-02-12T07:55:22.708226000Z DEBUG solana_program_runtime::stable_log] Program log: Mango: UpdateRootBank
[2022-02-12T07:55:22.710444000Z DEBUG solana_program_runtime::stable_log] Program log: mango-log
[2022-02-12T07:55:22.711048000Z DEBUG solana_program_runtime::stable_log] Program log: 8HmBNKTUaLinbhvP8sZoiDTB3W1sGOUIJSpL/q4ynvukV/yhD7wPrwsAAAAAAAAAAAAAAAAAQEIPAAAAAAAAAAAAAAAAAEBCDwAAAAAAAAA=
[2022-02-12T07:55:22.711171000Z DEBUG solana_bpf_loader_program] Program 8opHzTAnfzRpPEx21XtnrVTX28YQuCpAjcn1PczScKh consumed 9790 of 200000 compute units
[2022-02-12T07:55:22.711225000Z DEBUG solana_program_runtime::stable_log] Program 8opHzTAnfzRpPEx21XtnrVTX28YQuCpAjcn1PczScKh success
[2022-02-12T07:55:22.722311000Z DEBUG solana_program_runtime::stable_log] Program 8opHzTAnfzRpPEx21XtnrVTX28YQuCpAjcn1PczScKh invoke [1]
[2022-02-12T07:55:22.722705000Z DEBUG solana_program_runtime::stable_log] Program log: Mango: UpdateRootBank
[2022-02-12T07:55:22.724926000Z DEBUG solana_program_runtime::stable_log] Program log: mango-log
[2022-02-12T07:55:22.725528000Z DEBUG solana_program_runtime::stable_log] Program log: 8HmBNKTUaLinbhvP8sZoiDTB3W1sGOUIJSpL/q4ynvukV/yhD7wPrwwAAAAAAAAAAAAAAAAAQEIPAAAAAAAAAAAAAAAAAEBCDwAAAAAAAAA=
[2022-02-12T07:55:22.725651000Z DEBUG solana_bpf_loader_program] Program 8opHzTAnfzRpPEx21XtnrVTX28YQuCpAjcn1PczScKh consumed 9829 of 200000 compute units
[2022-02-12T07:55:22.725703000Z DEBUG solana_program_runtime::stable_log] Program 8opHzTAnfzRpPEx21XtnrVTX28YQuCpAjcn1PczScKh success
[2022-02-12T07:55:22.736646000Z DEBUG solana_program_runtime::stable_log] Program 8opHzTAnfzRpPEx21XtnrVTX28YQuCpAjcn1PczScKh invoke [1]
[2022-02-12T07:55:22.737036000Z DEBUG solana_program_runtime::stable_log] Program log: Mango: UpdateRootBank
[2022-02-12T07:55:22.739269000Z DEBUG solana_program_runtime::stable_log] Program log: mango-log
[2022-02-12T07:55:22.739870000Z DEBUG solana_program_runtime::stable_log] Program log: 8HmBNKTUaLinbhvP8sZoiDTB3W1sGOUIJSpL/q4ynvukV/yhD7wPrw0AAAAAAAAAAAAAAAAAQEIPAAAAAAAAAAAAAAAAAEBCDwAAAAAAAAA=
[2022-02-12T07:55:22.739992000Z DEBUG solana_bpf_loader_program] Program 8opHzTAnfzRpPEx21XtnrVTX28YQuCpAjcn1PczScKh consumed 9868 of 200000 compute units
[2022-02-12T07:55:22.740043000Z DEBUG solana_program_runtime::stable_log] Program 8opHzTAnfzRpPEx21XtnrVTX28YQuCpAjcn1PczScKh success
[2022-02-12T07:55:22.749749000Z DEBUG solana_program_runtime::stable_log] Program 8opHzTAnfzRpPEx21XtnrVTX28YQuCpAjcn1PczScKh invoke [1]
[2022-02-12T07:55:22.750134000Z DEBUG solana_program_runtime::stable_log] Program log: Mango: UpdateRootBank
[2022-02-12T07:55:22.752385000Z DEBUG solana_program_runtime::stable_log] Program log: mango-log
[2022-02-12T07:55:22.752987000Z DEBUG solana_program_runtime::stable_log] Program log: 8HmBNKTUaLinbhvP8sZoiDTB3W1sGOUIJSpL/q4ynvukV/yhD7wPrw4AAAAAAAAAAAAAAAAAQEIPAAAAAAAAAAAAAAAAAEBCDwAAAAAAAAA=
[2022-02-12T07:55:22.753109000Z DEBUG solana_bpf_loader_program] Program 8opHzTAnfzRpPEx21XtnrVTX28YQuCpAjcn1PczScKh consumed 9907 of 200000 compute units
[2022-02-12T07:55:22.753160000Z DEBUG solana_program_runtime::stable_log] Program 8opHzTAnfzRpPEx21XtnrVTX28YQuCpAjcn1PczScKh success
[2022-02-12T07:55:22.764154000Z DEBUG solana_program_runtime::stable_log] Program 8opHzTAnfzRpPEx21XtnrVTX28YQuCpAjcn1PczScKh invoke [1]
[2022-02-12T07:55:22.764540000Z DEBUG solana_program_runtime::stable_log] Program log: Mango: UpdateRootBank
[2022-02-12T07:55:22.767554000Z DEBUG solana_program_runtime::stable_log] Program log: mango-log
[2022-02-12T07:55:22.768159000Z DEBUG solana_program_runtime::stable_log] Program log: 8HmBNKTUaLinbhvP8sZoiDTB3W1sGOUIJSpL/q4ynvukV/yhD7wPrw8AAAAAAAAAAAAAAAAAQEIPAAAAAAAAAAAAAAAAAEBCDwAAAAAAAAA=
[2022-02-12T07:55:22.768281000Z DEBUG solana_bpf_loader_program] Program 8opHzTAnfzRpPEx21XtnrVTX28YQuCpAjcn1PczScKh consumed 12494 of 200000 compute units
[2022-02-12T07:55:22.768332000Z DEBUG solana_program_runtime::stable_log] Program 8opHzTAnfzRpPEx21XtnrVTX28YQuCpAjcn1PczScKh success
[2022-02-12T07:55:22.778497000Z DEBUG solana_program_runtime::stable_log] Program 8opHzTAnfzRpPEx21XtnrVTX28YQuCpAjcn1PczScKh invoke [1]
[2022-02-12T07:55:22.778955000Z DEBUG solana_program_runtime::stable_log] Program log: Mango: UpdateFunding
[2022-02-12T07:55:22.780078000Z DEBUG solana_program_runtime::stable_log] Program log: mango-log
[2022-02-12T07:55:22.780715000Z DEBUG solana_program_runtime::stable_log] Program log: ta5iwCEXTXunbhvP8sZoiDTB3W1sGOUIJSpL/q4ynvukV/yhD7wPrwAAAAAAAAAAAAAAAAAAAAAAAAAAAAAAAAAAAAAAAAAAAAAAAAAAAAA=
[2022-02-12T07:55:22.780859000Z DEBUG solana_bpf_loader_program] Program 8opHzTAnfzRpPEx21XtnrVTX28YQuCpAjcn1PczScKh consumed 6423 of 200000 compute units
[2022-02-12T07:55:22.780922000Z DEBUG solana_program_runtime::stable_log] Program 8opHzTAnfzRpPEx21XtnrVTX28YQuCpAjcn1PczScKh success
[2022-02-12T07:55:22.791663000Z DEBUG solana_program_runtime::stable_log] Program 8opHzTAnfzRpPEx21XtnrVTX28YQuCpAjcn1PczScKh invoke [1]
[2022-02-12T07:55:22.792108000Z DEBUG solana_program_runtime::stable_log] Program log: Mango: UpdateFunding
[2022-02-12T07:55:22.793225000Z DEBUG solana_program_runtime::stable_log] Program log: mango-log
[2022-02-12T07:55:22.793830000Z DEBUG solana_program_runtime::stable_log] Program log: ta5iwCEXTXunbhvP8sZoiDTB3W1sGOUIJSpL/q4ynvukV/yhD7wPrwEAAAAAAAAAAAAAAAAAAAAAAAAAAAAAAAAAAAAAAAAAAAAAAAAAAAA=
[2022-02-12T07:55:22.793978000Z DEBUG solana_bpf_loader_program] Program 8opHzTAnfzRpPEx21XtnrVTX28YQuCpAjcn1PczScKh consumed 6463 of 200000 compute units
[2022-02-12T07:55:22.794043000Z DEBUG solana_program_runtime::stable_log] Program 8opHzTAnfzRpPEx21XtnrVTX28YQuCpAjcn1PczScKh success
[2022-02-12T07:55:22.804640000Z DEBUG solana_program_runtime::stable_log] Program 8opHzTAnfzRpPEx21XtnrVTX28YQuCpAjcn1PczScKh invoke [1]
[2022-02-12T07:55:22.805082000Z DEBUG solana_program_runtime::stable_log] Program log: Mango: UpdateFunding
[2022-02-12T07:55:22.806219000Z DEBUG solana_program_runtime::stable_log] Program log: mango-log
[2022-02-12T07:55:22.806826000Z DEBUG solana_program_runtime::stable_log] Program log: ta5iwCEXTXunbhvP8sZoiDTB3W1sGOUIJSpL/q4ynvukV/yhD7wPrwIAAAAAAAAAAAAAAAAAAAAAAAAAAAAAAAAAAAAAAAAAAAAAAAAAAAA=
[2022-02-12T07:55:22.806973000Z DEBUG solana_bpf_loader_program] Program 8opHzTAnfzRpPEx21XtnrVTX28YQuCpAjcn1PczScKh consumed 6502 of 200000 compute units
[2022-02-12T07:55:22.807037000Z DEBUG solana_program_runtime::stable_log] Program 8opHzTAnfzRpPEx21XtnrVTX28YQuCpAjcn1PczScKh success
[2022-02-12T07:55:22.817574000Z DEBUG solana_program_runtime::stable_log] Program 8opHzTAnfzRpPEx21XtnrVTX28YQuCpAjcn1PczScKh invoke [1]
[2022-02-12T07:55:22.818019000Z DEBUG solana_program_runtime::stable_log] Program log: Mango: UpdateFunding
[2022-02-12T07:55:22.819165000Z DEBUG solana_program_runtime::stable_log] Program log: mango-log
[2022-02-12T07:55:22.819771000Z DEBUG solana_program_runtime::stable_log] Program log: ta5iwCEXTXunbhvP8sZoiDTB3W1sGOUIJSpL/q4ynvukV/yhD7wPrwMAAAAAAAAAAAAAAAAAAAAAAAAAAAAAAAAAAAAAAAAAAAAAAAAAAAA=
[2022-02-12T07:55:22.819920000Z DEBUG solana_bpf_loader_program] Program 8opHzTAnfzRpPEx21XtnrVTX28YQuCpAjcn1PczScKh consumed 6541 of 200000 compute units
[2022-02-12T07:55:22.819983000Z DEBUG solana_program_runtime::stable_log] Program 8opHzTAnfzRpPEx21XtnrVTX28YQuCpAjcn1PczScKh success
[2022-02-12T07:55:22.830496000Z DEBUG solana_program_runtime::stable_log] Program 8opHzTAnfzRpPEx21XtnrVTX28YQuCpAjcn1PczScKh invoke [1]
[2022-02-12T07:55:22.830940000Z DEBUG solana_program_runtime::stable_log] Program log: Mango: UpdateFunding
[2022-02-12T07:55:22.832104000Z DEBUG solana_program_runtime::stable_log] Program log: mango-log
[2022-02-12T07:55:22.832710000Z DEBUG solana_program_runtime::stable_log] Program log: ta5iwCEXTXunbhvP8sZoiDTB3W1sGOUIJSpL/q4ynvukV/yhD7wPrwQAAAAAAAAAAAAAAAAAAAAAAAAAAAAAAAAAAAAAAAAAAAAAAAAAAAA=
[2022-02-12T07:55:22.832857000Z DEBUG solana_bpf_loader_program] Program 8opHzTAnfzRpPEx21XtnrVTX28YQuCpAjcn1PczScKh consumed 6585 of 200000 compute units
[2022-02-12T07:55:22.832921000Z DEBUG solana_program_runtime::stable_log] Program 8opHzTAnfzRpPEx21XtnrVTX28YQuCpAjcn1PczScKh success
[2022-02-12T07:55:22.843456000Z DEBUG solana_program_runtime::stable_log] Program 8opHzTAnfzRpPEx21XtnrVTX28YQuCpAjcn1PczScKh invoke [1]
[2022-02-12T07:55:22.843902000Z DEBUG solana_program_runtime::stable_log] Program log: Mango: UpdateFunding
[2022-02-12T07:55:22.845081000Z DEBUG solana_program_runtime::stable_log] Program log: mango-log
[2022-02-12T07:55:22.845686000Z DEBUG solana_program_runtime::stable_log] Program log: ta5iwCEXTXunbhvP8sZoiDTB3W1sGOUIJSpL/q4ynvukV/yhD7wPrwUAAAAAAAAAAAAAAAAAAAAAAAAAAAAAAAAAAAAAAAAAAAAAAAAAAAA=
[2022-02-12T07:55:22.845832000Z DEBUG solana_bpf_loader_program] Program 8opHzTAnfzRpPEx21XtnrVTX28YQuCpAjcn1PczScKh consumed 6624 of 200000 compute units
[2022-02-12T07:55:22.845895000Z DEBUG solana_program_runtime::stable_log] Program 8opHzTAnfzRpPEx21XtnrVTX28YQuCpAjcn1PczScKh success
[2022-02-12T07:55:22.856339000Z DEBUG solana_program_runtime::stable_log] Program 8opHzTAnfzRpPEx21XtnrVTX28YQuCpAjcn1PczScKh invoke [1]
[2022-02-12T07:55:22.856780000Z DEBUG solana_program_runtime::stable_log] Program log: Mango: UpdateFunding
[2022-02-12T07:55:22.857970000Z DEBUG solana_program_runtime::stable_log] Program log: mango-log
[2022-02-12T07:55:22.858576000Z DEBUG solana_program_runtime::stable_log] Program log: ta5iwCEXTXunbhvP8sZoiDTB3W1sGOUIJSpL/q4ynvukV/yhD7wPrwYAAAAAAAAAAAAAAAAAAAAAAAAAAAAAAAAAAAAAAAAAAAAAAAAAAAA=
[2022-02-12T07:55:22.858732000Z DEBUG solana_bpf_loader_program] Program 8opHzTAnfzRpPEx21XtnrVTX28YQuCpAjcn1PczScKh consumed 6658 of 200000 compute units
[2022-02-12T07:55:22.858795000Z DEBUG solana_program_runtime::stable_log] Program 8opHzTAnfzRpPEx21XtnrVTX28YQuCpAjcn1PczScKh success
[2022-02-12T07:55:22.870934000Z DEBUG solana_program_runtime::stable_log] Program 8opHzTAnfzRpPEx21XtnrVTX28YQuCpAjcn1PczScKh invoke [1]
[2022-02-12T07:55:22.871380000Z DEBUG solana_program_runtime::stable_log] Program log: Mango: UpdateFunding
[2022-02-12T07:55:22.872584000Z DEBUG solana_program_runtime::stable_log] Program log: mango-log
[2022-02-12T07:55:22.873195000Z DEBUG solana_program_runtime::stable_log] Program log: ta5iwCEXTXunbhvP8sZoiDTB3W1sGOUIJSpL/q4ynvukV/yhD7wPrwcAAAAAAAAAAAAAAAAAAAAAAAAAAAAAAAAAAAAAAAAAAAAAAAAAAAA=
[2022-02-12T07:55:22.873344000Z DEBUG solana_bpf_loader_program] Program 8opHzTAnfzRpPEx21XtnrVTX28YQuCpAjcn1PczScKh consumed 6697 of 200000 compute units
[2022-02-12T07:55:22.873408000Z DEBUG solana_program_runtime::stable_log] Program 8opHzTAnfzRpPEx21XtnrVTX28YQuCpAjcn1PczScKh success
[2022-02-12T07:55:22.885021000Z DEBUG solana_program_runtime::stable_log] Program 8opHzTAnfzRpPEx21XtnrVTX28YQuCpAjcn1PczScKh invoke [1]
[2022-02-12T07:55:22.885464000Z DEBUG solana_program_runtime::stable_log] Program log: Mango: UpdateFunding
[2022-02-12T07:55:22.886687000Z DEBUG solana_program_runtime::stable_log] Program log: mango-log
[2022-02-12T07:55:22.887291000Z DEBUG solana_program_runtime::stable_log] Program log: ta5iwCEXTXunbhvP8sZoiDTB3W1sGOUIJSpL/q4ynvukV/yhD7wPrwgAAAAAAAAAAAAAAAAAAAAAAAAAAAAAAAAAAAAAAAAAAAAAAAAAAAA=
[2022-02-12T07:55:22.887439000Z DEBUG solana_bpf_loader_program] Program 8opHzTAnfzRpPEx21XtnrVTX28YQuCpAjcn1PczScKh consumed 6736 of 200000 compute units
[2022-02-12T07:55:22.887506000Z DEBUG solana_program_runtime::stable_log] Program 8opHzTAnfzRpPEx21XtnrVTX28YQuCpAjcn1PczScKh success
[2022-02-12T07:55:22.897979000Z DEBUG solana_program_runtime::stable_log] Program 8opHzTAnfzRpPEx21XtnrVTX28YQuCpAjcn1PczScKh invoke [1]
[2022-02-12T07:55:22.898422000Z DEBUG solana_program_runtime::stable_log] Program log: Mango: UpdateFunding
[2022-02-12T07:55:22.899652000Z DEBUG solana_program_runtime::stable_log] Program log: mango-log
[2022-02-12T07:55:22.900257000Z DEBUG solana_program_runtime::stable_log] Program log: ta5iwCEXTXunbhvP8sZoiDTB3W1sGOUIJSpL/q4ynvukV/yhD7wPrwkAAAAAAAAAAAAAAAAAAAAAAAAAAAAAAAAAAAAAAAAAAAAAAAAAAAA=
[2022-02-12T07:55:22.900406000Z DEBUG solana_bpf_loader_program] Program 8opHzTAnfzRpPEx21XtnrVTX28YQuCpAjcn1PczScKh consumed 6775 of 200000 compute units
[2022-02-12T07:55:22.900469000Z DEBUG solana_program_runtime::stable_log] Program 8opHzTAnfzRpPEx21XtnrVTX28YQuCpAjcn1PczScKh success
[2022-02-12T07:55:22.910947000Z DEBUG solana_program_runtime::stable_log] Program 8opHzTAnfzRpPEx21XtnrVTX28YQuCpAjcn1PczScKh invoke [1]
[2022-02-12T07:55:22.911388000Z DEBUG solana_program_runtime::stable_log] Program log: Mango: UpdateFunding
[2022-02-12T07:55:22.912628000Z DEBUG solana_program_runtime::stable_log] Program log: mango-log
[2022-02-12T07:55:22.913234000Z DEBUG solana_program_runtime::stable_log] Program log: ta5iwCEXTXunbhvP8sZoiDTB3W1sGOUIJSpL/q4ynvukV/yhD7wPrwoAAAAAAAAAAAAAAAAAAAAAAAAAAAAAAAAAAAAAAAAAAAAAAAAAAAA=
[2022-02-12T07:55:22.913383000Z DEBUG solana_bpf_loader_program] Program 8opHzTAnfzRpPEx21XtnrVTX28YQuCpAjcn1PczScKh consumed 6814 of 200000 compute units
[2022-02-12T07:55:22.913448000Z DEBUG solana_program_runtime::stable_log] Program 8opHzTAnfzRpPEx21XtnrVTX28YQuCpAjcn1PczScKh success
[2022-02-12T07:55:22.925088000Z DEBUG solana_program_runtime::stable_log] Program 8opHzTAnfzRpPEx21XtnrVTX28YQuCpAjcn1PczScKh invoke [1]
[2022-02-12T07:55:22.925532000Z DEBUG solana_program_runtime::stable_log] Program log: Mango: UpdateFunding
[2022-02-12T07:55:22.926792000Z DEBUG solana_program_runtime::stable_log] Program log: mango-log
[2022-02-12T07:55:22.927399000Z DEBUG solana_program_runtime::stable_log] Program log: ta5iwCEXTXunbhvP8sZoiDTB3W1sGOUIJSpL/q4ynvukV/yhD7wPrwsAAAAAAAAAAAAAAAAAAAAAAAAAAAAAAAAAAAAAAAAAAAAAAAAAAAA=
[2022-02-12T07:55:22.927542000Z DEBUG solana_bpf_loader_program] Program 8opHzTAnfzRpPEx21XtnrVTX28YQuCpAjcn1PczScKh consumed 6853 of 200000 compute units
[2022-02-12T07:55:22.927606000Z DEBUG solana_program_runtime::stable_log] Program 8opHzTAnfzRpPEx21XtnrVTX28YQuCpAjcn1PczScKh success
[2022-02-12T07:55:22.939243000Z DEBUG solana_program_runtime::stable_log] Program 8opHzTAnfzRpPEx21XtnrVTX28YQuCpAjcn1PczScKh invoke [1]
[2022-02-12T07:55:22.939692000Z DEBUG solana_program_runtime::stable_log] Program log: Mango: UpdateFunding
[2022-02-12T07:55:22.940962000Z DEBUG solana_program_runtime::stable_log] Program log: mango-log
[2022-02-12T07:55:22.941570000Z DEBUG solana_program_runtime::stable_log] Program log: ta5iwCEXTXunbhvP8sZoiDTB3W1sGOUIJSpL/q4ynvukV/yhD7wPrwwAAAAAAAAAAAAAAAAAAAAAAAAAAAAAAAAAAAAAAAAAAAAAAAAAAAA=
[2022-02-12T07:55:22.941713000Z DEBUG solana_bpf_loader_program] Program 8opHzTAnfzRpPEx21XtnrVTX28YQuCpAjcn1PczScKh consumed 6892 of 200000 compute units
[2022-02-12T07:55:22.941777000Z DEBUG solana_program_runtime::stable_log] Program 8opHzTAnfzRpPEx21XtnrVTX28YQuCpAjcn1PczScKh success
[2022-02-12T07:55:22.952764000Z DEBUG solana_program_runtime::stable_log] Program 8opHzTAnfzRpPEx21XtnrVTX28YQuCpAjcn1PczScKh invoke [1]
[2022-02-12T07:55:22.953211000Z DEBUG solana_program_runtime::stable_log] Program log: Mango: UpdateFunding
[2022-02-12T07:55:22.954495000Z DEBUG solana_program_runtime::stable_log] Program log: mango-log
[2022-02-12T07:55:22.955098000Z DEBUG solana_program_runtime::stable_log] Program log: ta5iwCEXTXunbhvP8sZoiDTB3W1sGOUIJSpL/q4ynvukV/yhD7wPrw0AAAAAAAAAAAAAAAAAAAAAAAAAAAAAAAAAAAAAAAAAAAAAAAAAAAA=
[2022-02-12T07:55:22.955245000Z DEBUG solana_bpf_loader_program] Program 8opHzTAnfzRpPEx21XtnrVTX28YQuCpAjcn1PczScKh consumed 6931 of 200000 compute units
[2022-02-12T07:55:22.955311000Z DEBUG solana_program_runtime::stable_log] Program 8opHzTAnfzRpPEx21XtnrVTX28YQuCpAjcn1PczScKh success
[2022-02-12T07:55:22.967094000Z DEBUG solana_program_runtime::stable_log] Program 8opHzTAnfzRpPEx21XtnrVTX28YQuCpAjcn1PczScKh invoke [1]
[2022-02-12T07:55:22.967541000Z DEBUG solana_program_runtime::stable_log] Program log: Mango: UpdateFunding
[2022-02-12T07:55:22.968844000Z DEBUG solana_program_runtime::stable_log] Program log: mango-log
[2022-02-12T07:55:22.969444000Z DEBUG solana_program_runtime::stable_log] Program log: ta5iwCEXTXunbhvP8sZoiDTB3W1sGOUIJSpL/q4ynvukV/yhD7wPrw4AAAAAAAAAAAAAAAAAAAAAAAAAAAAAAAAAAAAAAAAAAAAAAAAAAAA=
[2022-02-12T07:55:22.969590000Z DEBUG solana_bpf_loader_program] Program 8opHzTAnfzRpPEx21XtnrVTX28YQuCpAjcn1PczScKh consumed 6970 of 200000 compute units
[2022-02-12T07:55:22.969653000Z DEBUG solana_program_runtime::stable_log] Program 8opHzTAnfzRpPEx21XtnrVTX28YQuCpAjcn1PczScKh success
[2022-02-12T07:55:22.983597000Z DEBUG solana_program_runtime::stable_log] Program 8opHzTAnfzRpPEx21XtnrVTX28YQuCpAjcn1PczScKh invoke [1]
[2022-02-12T07:55:22.984753000Z DEBUG solana_program_runtime::stable_log] Program log: Mango: CacheRootBanks
[2022-02-12T07:55:22.988508000Z DEBUG solana_program_runtime::stable_log] Program log: mango-log
[2022-02-12T07:55:22.991387000Z DEBUG solana_program_runtime::stable_log] Program log: IVXYca/GfeinbhvP8sZoiDTB3W1sGOUIJSpL/q4ynvukV/yhD7wPrxAAAAAAAAAAAAAAAAEAAAAAAAAAAgAAAAAAAAADAAAAAAAAAAQAAAAAAAAABQAAAAAAAAAGAAAAAAAAAAcAAAAAAAAACAAAAAAAAAAJAAAAAAAAAAoAAAAAAAAACwAAAAAAAAAMAAAAAAAAAA0AAAAAAAAADgAAAAAAAAAPAAAAAAAAABAAAAAAAAAAAABAQg8AAAAAAAAAAAAAAAAAQEIPAAAAAAAAAAAAAAAAAEBCDwAAAAAAAAAAAAAAAABAQg8AAAAAAAAAAAAAAAAAQEIPAAAAAAAAAAAAAAAAAEBCDwAAAAAAAAAAAAAAAABAQg8AAAAAAAAAAAAAAAAAQEIPAAAAAAAAAAAAAAAAAEBCDwAAAAAAAAAAAAAAAABAQg8AAAAAAAAAAAAAAAAAQEIPAAAAAAAAAAAAAAAAAEBCDwAAAAAAAAAAAAAAAABAQg8AAAAAAAAAAAAAAAAAQEIPAAAAAAAAAAAAAAAAAEBCDwAAAAAAAAAAAAAAAABAQg8AAAAAAAAAEAAAAAAAAAAAAEBCDwAAAAAAAAAAAAAAAABAQg8AAAAAAAAAAAAAAAAAQEIPAAAAAAAAAAAAAAAAAEBCDwAAAAAAAAAAAAAAAABAQg8AAAAAAAAAAAAAAAAAQEIPAAAAAAAAAAAAAAAAAEBCDwAAAAAAAAAAAAAAAABAQg8AAAAAAAAAAAAAAAAAQEIPAAAAAAAAAAAAAAAAAEBCDwAAAAAAAAAAAAAAAABAQg8AAAAAAAAAAAAAAAAAQEIPAAAAAAAAAAAAAAAAAEBCDwAAAAAAAAAAAAAAAABAQg8AAAAAAAAAAAAAAAAAQEIPAAAAAAAAAAAAAAAAAEBCDwAAAAAAAAA=
[2022-02-12T07:55:22.991802000Z DEBUG solana_bpf_loader_program] Program 8opHzTAnfzRpPEx21XtnrVTX28YQuCpAjcn1PczScKh consumed 24418 of 200000 compute units
[2022-02-12T07:55:22.991877000Z DEBUG solana_program_runtime::stable_log] Program 8opHzTAnfzRpPEx21XtnrVTX28YQuCpAjcn1PczScKh success
[2022-02-12T07:55:23.005847000Z DEBUG solana_program_runtime::stable_log] Program 8opHzTAnfzRpPEx21XtnrVTX28YQuCpAjcn1PczScKh invoke [1]
[2022-02-12T07:55:23.006950000Z DEBUG solana_program_runtime::stable_log] Program log: Mango: CachePerpMarkets
[2022-02-12T07:55:23.010649000Z DEBUG solana_program_runtime::stable_log] Program log: mango-log
[2022-02-12T07:55:23.013490000Z DEBUG solana_program_runtime::stable_log] Program log: 9lt9JxCzqw6nbhvP8sZoiDTB3W1sGOUIJSpL/q4ynvukV/yhD7wPrw8AAAAAAAAAAAAAAAEAAAAAAAAAAgAAAAAAAAADAAAAAAAAAAQAAAAAAAAABQAAAAAAAAAGAAAAAAAAAAcAAAAAAAAACAAAAAAAAAAJAAAAAAAAAAoAAAAAAAAACwAAAAAAAAAMAAAAAAAAAA0AAAAAAAAADgAAAAAAAAAPAAAAAAAAAAAAAAAAAAAAAAAAAAAAAAAAAAAAAAAAAAAAAAAAAAAAAAAAAAAAAAAAAAAAAAAAAAAAAAAAAAAAAAAAAAAAAAAAAAAAAAAAAAAAAAAAAAAAAAAAAAAAAAAAAAAAAAAAAAAAAAAAAAAAAAAAAAAAAAAAAAAAAAAAAAAAAAAAAAAAAAAAAAAAAAAAAAAAAAAAAAAAAAAAAAAAAAAAAAAAAAAAAAAAAAAAAAAAAAAAAAAAAAAAAAAAAAAAAAAAAAAAAAAAAAAAAAAAAAAAAAAAAAAAAAAAAAAAAAAAAAAAAAAAAAAAAAAAAAAAAAAADwAAAAAAAAAAAAAAAAAAAAAAAAAAAAAAAAAAAAAAAAAAAAAAAAAAAAAAAAAAAAAAAAAAAAAAAAAAAAAAAAAAAAAAAAAAAAAAAAAAAAAAAAAAAAAAAAAAAAAAAAAAAAAAAAAAAAAAAAAAAAAAAAAAAAAAAAAAAAAAAAAAAAAAAAAAAAAAAAAAAAAAAAAAAAAAAAAAAAAAAAAAAAAAAAAAAAAAAAAAAAAAAAAAAAAAAAAAAAAAAAAAAAAAAAAAAAAAAAAAAAAAAAAAAAAAAAAAAAAAAAAAAAAAAAAAAAAAAAAAAAAAAAAAAAAAAAAAAAAAAAAAAA==
[2022-02-12T07:55:23.013902000Z DEBUG solana_bpf_loader_program] Program 8opHzTAnfzRpPEx21XtnrVTX28YQuCpAjcn1PczScKh consumed 23463 of 200000 compute units
[2022-02-12T07:55:23.013994000Z DEBUG solana_program_runtime::stable_log] Program 8opHzTAnfzRpPEx21XtnrVTX28YQuCpAjcn1PczScKh success
[2022-02-12T07:55:23.026670000Z DEBUG solana_program_runtime::stable_log] Program 8opHzTAnfzRpPEx21XtnrVTX28YQuCpAjcn1PczScKh invoke [1]
[2022-02-12T07:55:23.027622000Z DEBUG solana_program_runtime::stable_log] Program log: Mango: ForceCancelPerpOrders
[2022-02-12T07:55:23.042090000Z DEBUG solana_bpf_loader_program] Program 8opHzTAnfzRpPEx21XtnrVTX28YQuCpAjcn1PczScKh consumed 45556 of 200000 compute units
[2022-02-12T07:55:23.042181000Z DEBUG solana_program_runtime::stable_log] Program 8opHzTAnfzRpPEx21XtnrVTX28YQuCpAjcn1PczScKh success
[2022-02-12T07:55:23.055181000Z DEBUG solana_program_runtime::stable_log] Program 8opHzTAnfzRpPEx21XtnrVTX28YQuCpAjcn1PczScKh invoke [1]
[2022-02-12T07:55:23.056122000Z DEBUG solana_program_runtime::stable_log] Program log: Mango: ForceCancelPerpOrders
[2022-02-12T07:55:23.070151000Z DEBUG solana_bpf_loader_program] Program 8opHzTAnfzRpPEx21XtnrVTX28YQuCpAjcn1PczScKh consumed 44341 of 200000 compute units
[2022-02-12T07:55:23.070234000Z DEBUG solana_program_runtime::stable_log] Program 8opHzTAnfzRpPEx21XtnrVTX28YQuCpAjcn1PczScKh success
[2022-02-12T07:55:23.082230000Z DEBUG solana_program_runtime::stable_log] Program 8opHzTAnfzRpPEx21XtnrVTX28YQuCpAjcn1PczScKh invoke [1]
[2022-02-12T07:55:23.083158000Z DEBUG solana_program_runtime::stable_log] Program log: Mango: ForceCancelPerpOrders
[2022-02-12T07:55:23.096826000Z DEBUG solana_bpf_loader_program] Program 8opHzTAnfzRpPEx21XtnrVTX28YQuCpAjcn1PczScKh consumed 43119 of 200000 compute units
[2022-02-12T07:55:23.096909000Z DEBUG solana_program_runtime::stable_log] Program 8opHzTAnfzRpPEx21XtnrVTX28YQuCpAjcn1PczScKh success
[2022-02-12T07:55:23.108145000Z DEBUG solana_program_runtime::stable_log] Program 8opHzTAnfzRpPEx21XtnrVTX28YQuCpAjcn1PczScKh invoke [1]
[2022-02-12T07:55:23.109062000Z DEBUG solana_program_runtime::stable_log] Program log: Mango: ForceCancelPerpOrders
[2022-02-12T07:55:23.122238000Z DEBUG solana_bpf_loader_program] Program 8opHzTAnfzRpPEx21XtnrVTX28YQuCpAjcn1PczScKh consumed 41897 of 200000 compute units
[2022-02-12T07:55:23.122321000Z DEBUG solana_program_runtime::stable_log] Program 8opHzTAnfzRpPEx21XtnrVTX28YQuCpAjcn1PczScKh success
[2022-02-12T07:55:23.134189000Z DEBUG solana_program_runtime::stable_log] Program 8opHzTAnfzRpPEx21XtnrVTX28YQuCpAjcn1PczScKh invoke [1]
[2022-02-12T07:55:23.135138000Z DEBUG solana_program_runtime::stable_log] Program log: Mango: ForceCancelPerpOrders
[2022-02-12T07:55:23.147878000Z DEBUG solana_bpf_loader_program] Program 8opHzTAnfzRpPEx21XtnrVTX28YQuCpAjcn1PczScKh consumed 40675 of 200000 compute units
[2022-02-12T07:55:23.147957000Z DEBUG solana_program_runtime::stable_log] Program 8opHzTAnfzRpPEx21XtnrVTX28YQuCpAjcn1PczScKh success
[2022-02-12T07:55:23.159876000Z DEBUG solana_program_runtime::stable_log] Program 8opHzTAnfzRpPEx21XtnrVTX28YQuCpAjcn1PczScKh invoke [1]
[2022-02-12T07:55:23.160808000Z DEBUG solana_program_runtime::stable_log] Program log: Mango: ForceCancelPerpOrders
[2022-02-12T07:55:23.173191000Z DEBUG solana_bpf_loader_program] Program 8opHzTAnfzRpPEx21XtnrVTX28YQuCpAjcn1PczScKh consumed 39453 of 200000 compute units
[2022-02-12T07:55:23.173274000Z DEBUG solana_program_runtime::stable_log] Program 8opHzTAnfzRpPEx21XtnrVTX28YQuCpAjcn1PczScKh success
[2022-02-12T07:55:23.185823000Z DEBUG solana_program_runtime::stable_log] Program 8opHzTAnfzRpPEx21XtnrVTX28YQuCpAjcn1PczScKh invoke [1]
[2022-02-12T07:55:23.186771000Z DEBUG solana_program_runtime::stable_log] Program log: Mango: ForceCancelPerpOrders
[2022-02-12T07:55:23.198753000Z DEBUG solana_bpf_loader_program] Program 8opHzTAnfzRpPEx21XtnrVTX28YQuCpAjcn1PczScKh consumed 38231 of 200000 compute units
[2022-02-12T07:55:23.198835000Z DEBUG solana_program_runtime::stable_log] Program 8opHzTAnfzRpPEx21XtnrVTX28YQuCpAjcn1PczScKh success
[2022-02-12T07:55:23.211727000Z DEBUG solana_program_runtime::stable_log] Program 8opHzTAnfzRpPEx21XtnrVTX28YQuCpAjcn1PczScKh invoke [1]
[2022-02-12T07:55:23.212652000Z DEBUG solana_program_runtime::stable_log] Program log: Mango: ForceCancelPerpOrders
[2022-02-12T07:55:23.224215000Z DEBUG solana_bpf_loader_program] Program 8opHzTAnfzRpPEx21XtnrVTX28YQuCpAjcn1PczScKh consumed 37009 of 200000 compute units
[2022-02-12T07:55:23.224299000Z DEBUG solana_program_runtime::stable_log] Program 8opHzTAnfzRpPEx21XtnrVTX28YQuCpAjcn1PczScKh success
[2022-02-12T07:55:23.237390000Z DEBUG solana_program_runtime::stable_log] Program 8opHzTAnfzRpPEx21XtnrVTX28YQuCpAjcn1PczScKh invoke [1]
[2022-02-12T07:55:23.238311000Z DEBUG solana_program_runtime::stable_log] Program log: Mango: ForceCancelPerpOrders
[2022-02-12T07:55:23.249469000Z DEBUG solana_bpf_loader_program] Program 8opHzTAnfzRpPEx21XtnrVTX28YQuCpAjcn1PczScKh consumed 35787 of 200000 compute units
[2022-02-12T07:55:23.249548000Z DEBUG solana_program_runtime::stable_log] Program 8opHzTAnfzRpPEx21XtnrVTX28YQuCpAjcn1PczScKh success
[2022-02-12T07:55:23.260954000Z DEBUG solana_program_runtime::stable_log] Program 8opHzTAnfzRpPEx21XtnrVTX28YQuCpAjcn1PczScKh invoke [1]
[2022-02-12T07:55:23.261871000Z DEBUG solana_program_runtime::stable_log] Program log: Mango: ForceCancelPerpOrders
[2022-02-12T07:55:23.272636000Z DEBUG solana_bpf_loader_program] Program 8opHzTAnfzRpPEx21XtnrVTX28YQuCpAjcn1PczScKh consumed 34565 of 200000 compute units
[2022-02-12T07:55:23.272719000Z DEBUG solana_program_runtime::stable_log] Program 8opHzTAnfzRpPEx21XtnrVTX28YQuCpAjcn1PczScKh success
[2022-02-12T07:55:23.284430000Z DEBUG solana_program_runtime::stable_log] Program 8opHzTAnfzRpPEx21XtnrVTX28YQuCpAjcn1PczScKh invoke [1]
[2022-02-12T07:55:23.285349000Z DEBUG solana_program_runtime::stable_log] Program log: Mango: ForceCancelPerpOrders
[2022-02-12T07:55:23.295693000Z DEBUG solana_bpf_loader_program] Program 8opHzTAnfzRpPEx21XtnrVTX28YQuCpAjcn1PczScKh consumed 33343 of 200000 compute units
[2022-02-12T07:55:23.295771000Z DEBUG solana_program_runtime::stable_log] Program 8opHzTAnfzRpPEx21XtnrVTX28YQuCpAjcn1PczScKh success
[2022-02-12T07:55:23.308002000Z DEBUG solana_program_runtime::stable_log] Program 8opHzTAnfzRpPEx21XtnrVTX28YQuCpAjcn1PczScKh invoke [1]
[2022-02-12T07:55:23.308934000Z DEBUG solana_program_runtime::stable_log] Program log: Mango: ForceCancelPerpOrders
[2022-02-12T07:55:23.318862000Z DEBUG solana_bpf_loader_program] Program 8opHzTAnfzRpPEx21XtnrVTX28YQuCpAjcn1PczScKh consumed 32121 of 200000 compute units
[2022-02-12T07:55:23.318942000Z DEBUG solana_program_runtime::stable_log] Program 8opHzTAnfzRpPEx21XtnrVTX28YQuCpAjcn1PczScKh success
[2022-02-12T07:55:23.330800000Z DEBUG solana_program_runtime::stable_log] Program 8opHzTAnfzRpPEx21XtnrVTX28YQuCpAjcn1PczScKh invoke [1]
[2022-02-12T07:55:23.331760000Z DEBUG solana_program_runtime::stable_log] Program log: Mango: ForceCancelPerpOrders
[2022-02-12T07:55:23.341378000Z DEBUG solana_bpf_loader_program] Program 8opHzTAnfzRpPEx21XtnrVTX28YQuCpAjcn1PczScKh consumed 30899 of 200000 compute units
[2022-02-12T07:55:23.341472000Z DEBUG solana_program_runtime::stable_log] Program 8opHzTAnfzRpPEx21XtnrVTX28YQuCpAjcn1PczScKh success
[2022-02-12T07:55:23.353041000Z DEBUG solana_program_runtime::stable_log] Program 8opHzTAnfzRpPEx21XtnrVTX28YQuCpAjcn1PczScKh invoke [1]
[2022-02-12T07:55:23.353964000Z DEBUG solana_program_runtime::stable_log] Program log: Mango: ForceCancelPerpOrders
[2022-02-12T07:55:23.363088000Z DEBUG solana_bpf_loader_program] Program 8opHzTAnfzRpPEx21XtnrVTX28YQuCpAjcn1PczScKh consumed 29677 of 200000 compute units
[2022-02-12T07:55:23.363164000Z DEBUG solana_program_runtime::stable_log] Program 8opHzTAnfzRpPEx21XtnrVTX28YQuCpAjcn1PczScKh success
[2022-02-12T07:55:23.375355000Z DEBUG solana_program_runtime::stable_log] Program 8opHzTAnfzRpPEx21XtnrVTX28YQuCpAjcn1PczScKh invoke [1]
[2022-02-12T07:55:23.376288000Z DEBUG solana_program_runtime::stable_log] Program log: Mango: ForceCancelPerpOrders
[2022-02-12T07:55:23.385016000Z DEBUG solana_bpf_loader_program] Program 8opHzTAnfzRpPEx21XtnrVTX28YQuCpAjcn1PczScKh consumed 28455 of 200000 compute units
[2022-02-12T07:55:23.385097000Z DEBUG solana_program_runtime::stable_log] Program 8opHzTAnfzRpPEx21XtnrVTX28YQuCpAjcn1PczScKh success
[2022-02-12T07:55:23.423413000Z DEBUG solana_program_runtime::stable_log] Program 8opHzTAnfzRpPEx21XtnrVTX28YQuCpAjcn1PczScKh invoke [1]
[2022-02-12T07:55:23.424548000Z DEBUG solana_program_runtime::stable_log] Program log: Mango: CachePrices
[2022-02-12T07:55:23.427607000Z DEBUG solana_program_runtime::stable_log] Program log: mango-log
[2022-02-12T07:55:23.429421000Z DEBUG solana_program_runtime::stable_log] Program log: ux0uSxX5tBunbhvP8sZoiDTB3W1sGOUIJSpL/q4ynvukV/yhD7wPrw8AAAAAAAAAAAAAAAEAAAAAAAAAAgAAAAAAAAADAAAAAAAAAAQAAAAAAAAABQAAAAAAAAAGAAAAAAAAAAcAAAAAAAAACAAAAAAAAAAJAAAAAAAAAAoAAAAAAAAACwAAAAAAAAAMAAAAAAAAAA0AAAAAAAAADgAAAAAAAAAPAAAA820AAAAAAAAAAAAAAAAAAPNtAAAAAAAAAAAAAAAAAADzbQAAAAAAAAAAAAAAAAAA820AAAAAAAAAAAAAAAAAABwAAAAAAAAAAAAAAAAAAADzbQAAAAAAAAAAAAAAAAAA820AAAAAAAAAAAAAAAAAAPNtAAAAAAAAAAAAAAAAAADzbQAAAAAAAAAAAAAAAAAA820AAAAAAAAAAAAAAAAAAPNtAAAAAAAAAAAAAAAAAADzbQAAAAAAAAAAAAAAAAAA820AAAAAAAAAAAAAAAAAAPNtAAAAAAAAAAAAAAAAAADzbQAAAAAAAAAAAAAAAAAA
[2022-02-12T07:55:23.429805000Z DEBUG solana_bpf_loader_program] Program 8opHzTAnfzRpPEx21XtnrVTX28YQuCpAjcn1PczScKh consumed 18318 of 200000 compute units
[2022-02-12T07:55:23.429889000Z DEBUG solana_program_runtime::stable_log] Program 8opHzTAnfzRpPEx21XtnrVTX28YQuCpAjcn1PczScKh success
[2022-02-12T07:55:23.440053000Z DEBUG solana_program_runtime::stable_log] Program 8opHzTAnfzRpPEx21XtnrVTX28YQuCpAjcn1PczScKh invoke [1]
[2022-02-12T07:55:23.440445000Z DEBUG solana_program_runtime::stable_log] Program log: Mango: UpdateRootBank
[2022-02-12T07:55:23.442515000Z DEBUG solana_program_runtime::stable_log] Program log: mango-log
[2022-02-12T07:55:23.443124000Z DEBUG solana_program_runtime::stable_log] Program log: 8HmBNKTUaLinbhvP8sZoiDTB3W1sGOUIJSpL/q4ynvukV/yhD7wPrwAAAAAAAAAAAAAAAAAAQEIPAAAAAAAAAAAAAAAAAEBCDwAAAAAAAAA=
[2022-02-12T07:55:23.443247000Z DEBUG solana_bpf_loader_program] Program 8opHzTAnfzRpPEx21XtnrVTX28YQuCpAjcn1PczScKh consumed 9360 of 200000 compute units
[2022-02-12T07:55:23.443299000Z DEBUG solana_program_runtime::stable_log] Program 8opHzTAnfzRpPEx21XtnrVTX28YQuCpAjcn1PczScKh success
[2022-02-12T07:55:23.453237000Z DEBUG solana_program_runtime::stable_log] Program 8opHzTAnfzRpPEx21XtnrVTX28YQuCpAjcn1PczScKh invoke [1]
[2022-02-12T07:55:23.453625000Z DEBUG solana_program_runtime::stable_log] Program log: Mango: UpdateRootBank
[2022-02-12T07:55:23.455699000Z DEBUG solana_program_runtime::stable_log] Program log: mango-log
[2022-02-12T07:55:23.456310000Z DEBUG solana_program_runtime::stable_log] Program log: 8HmBNKTUaLinbhvP8sZoiDTB3W1sGOUIJSpL/q4ynvukV/yhD7wPrwEAAAAAAAAAAAAAAAAAQEIPAAAAAAAAAAAAAAAAAEBCDwAAAAAAAAA=
[2022-02-12T07:55:23.456432000Z DEBUG solana_bpf_loader_program] Program 8opHzTAnfzRpPEx21XtnrVTX28YQuCpAjcn1PczScKh consumed 9400 of 200000 compute units
[2022-02-12T07:55:23.456484000Z DEBUG solana_program_runtime::stable_log] Program 8opHzTAnfzRpPEx21XtnrVTX28YQuCpAjcn1PczScKh success
[2022-02-12T07:55:23.466530000Z DEBUG solana_program_runtime::stable_log] Program 8opHzTAnfzRpPEx21XtnrVTX28YQuCpAjcn1PczScKh invoke [1]
[2022-02-12T07:55:23.466920000Z DEBUG solana_program_runtime::stable_log] Program log: Mango: UpdateRootBank
[2022-02-12T07:55:23.469004000Z DEBUG solana_program_runtime::stable_log] Program log: mango-log
[2022-02-12T07:55:23.469608000Z DEBUG solana_program_runtime::stable_log] Program log: 8HmBNKTUaLinbhvP8sZoiDTB3W1sGOUIJSpL/q4ynvukV/yhD7wPrwIAAAAAAAAAAAAAAAAAQEIPAAAAAAAAAAAAAAAAAEBCDwAAAAAAAAA=
[2022-02-12T07:55:23.469730000Z DEBUG solana_bpf_loader_program] Program 8opHzTAnfzRpPEx21XtnrVTX28YQuCpAjcn1PczScKh consumed 9439 of 200000 compute units
[2022-02-12T07:55:23.469782000Z DEBUG solana_program_runtime::stable_log] Program 8opHzTAnfzRpPEx21XtnrVTX28YQuCpAjcn1PczScKh success
[2022-02-12T07:55:23.479672000Z DEBUG solana_program_runtime::stable_log] Program 8opHzTAnfzRpPEx21XtnrVTX28YQuCpAjcn1PczScKh invoke [1]
[2022-02-12T07:55:23.480057000Z DEBUG solana_program_runtime::stable_log] Program log: Mango: UpdateRootBank
[2022-02-12T07:55:23.482163000Z DEBUG solana_program_runtime::stable_log] Program log: mango-log
[2022-02-12T07:55:23.482776000Z DEBUG solana_program_runtime::stable_log] Program log: 8HmBNKTUaLinbhvP8sZoiDTB3W1sGOUIJSpL/q4ynvukV/yhD7wPrwMAAAAAAAAAAAAAAAAAQEIPAAAAAAAAAAAAAAAAAEBCDwAAAAAAAAA=
[2022-02-12T07:55:23.482904000Z DEBUG solana_bpf_loader_program] Program 8opHzTAnfzRpPEx21XtnrVTX28YQuCpAjcn1PczScKh consumed 9478 of 200000 compute units
[2022-02-12T07:55:23.482955000Z DEBUG solana_program_runtime::stable_log] Program 8opHzTAnfzRpPEx21XtnrVTX28YQuCpAjcn1PczScKh success
[2022-02-12T07:55:23.492931000Z DEBUG solana_program_runtime::stable_log] Program 8opHzTAnfzRpPEx21XtnrVTX28YQuCpAjcn1PczScKh invoke [1]
[2022-02-12T07:55:23.493322000Z DEBUG solana_program_runtime::stable_log] Program log: Mango: UpdateRootBank
[2022-02-12T07:55:23.495474000Z DEBUG solana_program_runtime::stable_log] Program log: mango-log
[2022-02-12T07:55:23.496076000Z DEBUG solana_program_runtime::stable_log] Program log: 8HmBNKTUaLinbhvP8sZoiDTB3W1sGOUIJSpL/q4ynvukV/yhD7wPrwQAAAAAAAAAAAAAAAAAQEIPAAAAAAAAAAAAAAAAAEBCDwAAAAAAAAA=
[2022-02-12T07:55:23.496199000Z DEBUG solana_bpf_loader_program] Program 8opHzTAnfzRpPEx21XtnrVTX28YQuCpAjcn1PczScKh consumed 9517 of 200000 compute units
[2022-02-12T07:55:23.496251000Z DEBUG solana_program_runtime::stable_log] Program 8opHzTAnfzRpPEx21XtnrVTX28YQuCpAjcn1PczScKh success
[2022-02-12T07:55:23.506988000Z DEBUG solana_program_runtime::stable_log] Program 8opHzTAnfzRpPEx21XtnrVTX28YQuCpAjcn1PczScKh invoke [1]
[2022-02-12T07:55:23.507377000Z DEBUG solana_program_runtime::stable_log] Program log: Mango: UpdateRootBank
[2022-02-12T07:55:23.509493000Z DEBUG solana_program_runtime::stable_log] Program log: mango-log
[2022-02-12T07:55:23.510101000Z DEBUG solana_program_runtime::stable_log] Program log: 8HmBNKTUaLinbhvP8sZoiDTB3W1sGOUIJSpL/q4ynvukV/yhD7wPrwUAAAAAAAAAAAAAAAAAQEIPAAAAAAAAAAAAAAAAAEBCDwAAAAAAAAA=
[2022-02-12T07:55:23.510223000Z DEBUG solana_bpf_loader_program] Program 8opHzTAnfzRpPEx21XtnrVTX28YQuCpAjcn1PczScKh consumed 9556 of 200000 compute units
[2022-02-12T07:55:23.510275000Z DEBUG solana_program_runtime::stable_log] Program 8opHzTAnfzRpPEx21XtnrVTX28YQuCpAjcn1PczScKh success
[2022-02-12T07:55:23.520198000Z DEBUG solana_program_runtime::stable_log] Program 8opHzTAnfzRpPEx21XtnrVTX28YQuCpAjcn1PczScKh invoke [1]
[2022-02-12T07:55:23.520585000Z DEBUG solana_program_runtime::stable_log] Program log: Mango: UpdateRootBank
[2022-02-12T07:55:23.522739000Z DEBUG solana_program_runtime::stable_log] Program log: mango-log
[2022-02-12T07:55:23.523343000Z DEBUG solana_program_runtime::stable_log] Program log: 8HmBNKTUaLinbhvP8sZoiDTB3W1sGOUIJSpL/q4ynvukV/yhD7wPrwYAAAAAAAAAAAAAAAAAQEIPAAAAAAAAAAAAAAAAAEBCDwAAAAAAAAA=
[2022-02-12T07:55:23.523465000Z DEBUG solana_bpf_loader_program] Program 8opHzTAnfzRpPEx21XtnrVTX28YQuCpAjcn1PczScKh consumed 9595 of 200000 compute units
[2022-02-12T07:55:23.523518000Z DEBUG solana_program_runtime::stable_log] Program 8opHzTAnfzRpPEx21XtnrVTX28YQuCpAjcn1PczScKh success
[2022-02-12T07:55:23.533404000Z DEBUG solana_program_runtime::stable_log] Program 8opHzTAnfzRpPEx21XtnrVTX28YQuCpAjcn1PczScKh invoke [1]
[2022-02-12T07:55:23.533793000Z DEBUG solana_program_runtime::stable_log] Program log: Mango: UpdateRootBank
[2022-02-12T07:55:23.535953000Z DEBUG solana_program_runtime::stable_log] Program log: mango-log
[2022-02-12T07:55:23.536556000Z DEBUG solana_program_runtime::stable_log] Program log: 8HmBNKTUaLinbhvP8sZoiDTB3W1sGOUIJSpL/q4ynvukV/yhD7wPrwcAAAAAAAAAAAAAAAAAQEIPAAAAAAAAAAAAAAAAAEBCDwAAAAAAAAA=
[2022-02-12T07:55:23.536681000Z DEBUG solana_bpf_loader_program] Program 8opHzTAnfzRpPEx21XtnrVTX28YQuCpAjcn1PczScKh consumed 9634 of 200000 compute units
[2022-02-12T07:55:23.536732000Z DEBUG solana_program_runtime::stable_log] Program 8opHzTAnfzRpPEx21XtnrVTX28YQuCpAjcn1PczScKh success
[2022-02-12T07:55:23.546554000Z DEBUG solana_program_runtime::stable_log] Program 8opHzTAnfzRpPEx21XtnrVTX28YQuCpAjcn1PczScKh invoke [1]
[2022-02-12T07:55:23.546944000Z DEBUG solana_program_runtime::stable_log] Program log: Mango: UpdateRootBank
[2022-02-12T07:55:23.549111000Z DEBUG solana_program_runtime::stable_log] Program log: mango-log
[2022-02-12T07:55:23.549716000Z DEBUG solana_program_runtime::stable_log] Program log: 8HmBNKTUaLinbhvP8sZoiDTB3W1sGOUIJSpL/q4ynvukV/yhD7wPrwgAAAAAAAAAAAAAAAAAQEIPAAAAAAAAAAAAAAAAAEBCDwAAAAAAAAA=
[2022-02-12T07:55:23.549839000Z DEBUG solana_bpf_loader_program] Program 8opHzTAnfzRpPEx21XtnrVTX28YQuCpAjcn1PczScKh consumed 9673 of 200000 compute units
[2022-02-12T07:55:23.549890000Z DEBUG solana_program_runtime::stable_log] Program 8opHzTAnfzRpPEx21XtnrVTX28YQuCpAjcn1PczScKh success
[2022-02-12T07:55:23.560952000Z DEBUG solana_program_runtime::stable_log] Program 8opHzTAnfzRpPEx21XtnrVTX28YQuCpAjcn1PczScKh invoke [1]
[2022-02-12T07:55:23.561339000Z DEBUG solana_program_runtime::stable_log] Program log: Mango: UpdateRootBank
[2022-02-12T07:55:23.563520000Z DEBUG solana_program_runtime::stable_log] Program log: mango-log
[2022-02-12T07:55:23.564125000Z DEBUG solana_program_runtime::stable_log] Program log: 8HmBNKTUaLinbhvP8sZoiDTB3W1sGOUIJSpL/q4ynvukV/yhD7wPrwkAAAAAAAAAAAAAAAAAQEIPAAAAAAAAAAAAAAAAAEBCDwAAAAAAAAA=
[2022-02-12T07:55:23.564247000Z DEBUG solana_bpf_loader_program] Program 8opHzTAnfzRpPEx21XtnrVTX28YQuCpAjcn1PczScKh consumed 9712 of 200000 compute units
[2022-02-12T07:55:23.564299000Z DEBUG solana_program_runtime::stable_log] Program 8opHzTAnfzRpPEx21XtnrVTX28YQuCpAjcn1PczScKh success
[2022-02-12T07:55:23.574090000Z DEBUG solana_program_runtime::stable_log] Program 8opHzTAnfzRpPEx21XtnrVTX28YQuCpAjcn1PczScKh invoke [1]
[2022-02-12T07:55:23.574467000Z DEBUG solana_program_runtime::stable_log] Program log: Mango: UpdateRootBank
[2022-02-12T07:55:23.576662000Z DEBUG solana_program_runtime::stable_log] Program log: mango-log
[2022-02-12T07:55:23.577261000Z DEBUG solana_program_runtime::stable_log] Program log: 8HmBNKTUaLinbhvP8sZoiDTB3W1sGOUIJSpL/q4ynvukV/yhD7wPrwoAAAAAAAAAAAAAAAAAQEIPAAAAAAAAAAAAAAAAAEBCDwAAAAAAAAA=
[2022-02-12T07:55:23.577383000Z DEBUG solana_bpf_loader_program] Program 8opHzTAnfzRpPEx21XtnrVTX28YQuCpAjcn1PczScKh consumed 9751 of 200000 compute units
[2022-02-12T07:55:23.577434000Z DEBUG solana_program_runtime::stable_log] Program 8opHzTAnfzRpPEx21XtnrVTX28YQuCpAjcn1PczScKh success
[2022-02-12T07:55:23.588939000Z DEBUG solana_program_runtime::stable_log] Program 8opHzTAnfzRpPEx21XtnrVTX28YQuCpAjcn1PczScKh invoke [1]
[2022-02-12T07:55:23.589328000Z DEBUG solana_program_runtime::stable_log] Program log: Mango: UpdateRootBank
[2022-02-12T07:55:23.591539000Z DEBUG solana_program_runtime::stable_log] Program log: mango-log
[2022-02-12T07:55:23.592141000Z DEBUG solana_program_runtime::stable_log] Program log: 8HmBNKTUaLinbhvP8sZoiDTB3W1sGOUIJSpL/q4ynvukV/yhD7wPrwsAAAAAAAAAAAAAAAAAQEIPAAAAAAAAAAAAAAAAAEBCDwAAAAAAAAA=
[2022-02-12T07:55:23.592272000Z DEBUG solana_bpf_loader_program] Program 8opHzTAnfzRpPEx21XtnrVTX28YQuCpAjcn1PczScKh consumed 9790 of 200000 compute units
[2022-02-12T07:55:23.592324000Z DEBUG solana_program_runtime::stable_log] Program 8opHzTAnfzRpPEx21XtnrVTX28YQuCpAjcn1PczScKh success
[2022-02-12T07:55:23.603301000Z DEBUG solana_program_runtime::stable_log] Program 8opHzTAnfzRpPEx21XtnrVTX28YQuCpAjcn1PczScKh invoke [1]
[2022-02-12T07:55:23.603688000Z DEBUG solana_program_runtime::stable_log] Program log: Mango: UpdateRootBank
[2022-02-12T07:55:23.605903000Z DEBUG solana_program_runtime::stable_log] Program log: mango-log
[2022-02-12T07:55:23.606509000Z DEBUG solana_program_runtime::stable_log] Program log: 8HmBNKTUaLinbhvP8sZoiDTB3W1sGOUIJSpL/q4ynvukV/yhD7wPrwwAAAAAAAAAAAAAAAAAQEIPAAAAAAAAAAAAAAAAAEBCDwAAAAAAAAA=
[2022-02-12T07:55:23.606631000Z DEBUG solana_bpf_loader_program] Program 8opHzTAnfzRpPEx21XtnrVTX28YQuCpAjcn1PczScKh consumed 9829 of 200000 compute units
[2022-02-12T07:55:23.606682000Z DEBUG solana_program_runtime::stable_log] Program 8opHzTAnfzRpPEx21XtnrVTX28YQuCpAjcn1PczScKh success
[2022-02-12T07:55:23.617643000Z DEBUG solana_program_runtime::stable_log] Program 8opHzTAnfzRpPEx21XtnrVTX28YQuCpAjcn1PczScKh invoke [1]
[2022-02-12T07:55:23.618032000Z DEBUG solana_program_runtime::stable_log] Program log: Mango: UpdateRootBank
[2022-02-12T07:55:23.620269000Z DEBUG solana_program_runtime::stable_log] Program log: mango-log
[2022-02-12T07:55:23.620872000Z DEBUG solana_program_runtime::stable_log] Program log: 8HmBNKTUaLinbhvP8sZoiDTB3W1sGOUIJSpL/q4ynvukV/yhD7wPrw0AAAAAAAAAAAAAAAAAQEIPAAAAAAAAAAAAAAAAAEBCDwAAAAAAAAA=
[2022-02-12T07:55:23.620995000Z DEBUG solana_bpf_loader_program] Program 8opHzTAnfzRpPEx21XtnrVTX28YQuCpAjcn1PczScKh consumed 9868 of 200000 compute units
[2022-02-12T07:55:23.621047000Z DEBUG solana_program_runtime::stable_log] Program 8opHzTAnfzRpPEx21XtnrVTX28YQuCpAjcn1PczScKh success
[2022-02-12T07:55:23.631946000Z DEBUG solana_program_runtime::stable_log] Program 8opHzTAnfzRpPEx21XtnrVTX28YQuCpAjcn1PczScKh invoke [1]
[2022-02-12T07:55:23.632333000Z DEBUG solana_program_runtime::stable_log] Program log: Mango: UpdateRootBank
[2022-02-12T07:55:23.634583000Z DEBUG solana_program_runtime::stable_log] Program log: mango-log
[2022-02-12T07:55:23.635188000Z DEBUG solana_program_runtime::stable_log] Program log: 8HmBNKTUaLinbhvP8sZoiDTB3W1sGOUIJSpL/q4ynvukV/yhD7wPrw4AAAAAAAAAAAAAAAAAQEIPAAAAAAAAAAAAAAAAAEBCDwAAAAAAAAA=
[2022-02-12T07:55:23.635310000Z DEBUG solana_bpf_loader_program] Program 8opHzTAnfzRpPEx21XtnrVTX28YQuCpAjcn1PczScKh consumed 9907 of 200000 compute units
[2022-02-12T07:55:23.635361000Z DEBUG solana_program_runtime::stable_log] Program 8opHzTAnfzRpPEx21XtnrVTX28YQuCpAjcn1PczScKh success
[2022-02-12T07:55:23.646290000Z DEBUG solana_program_runtime::stable_log] Program 8opHzTAnfzRpPEx21XtnrVTX28YQuCpAjcn1PczScKh invoke [1]
[2022-02-12T07:55:23.646680000Z DEBUG solana_program_runtime::stable_log] Program log: Mango: UpdateRootBank
[2022-02-12T07:55:23.649690000Z DEBUG solana_program_runtime::stable_log] Program log: mango-log
[2022-02-12T07:55:23.650295000Z DEBUG solana_program_runtime::stable_log] Program log: 8HmBNKTUaLinbhvP8sZoiDTB3W1sGOUIJSpL/q4ynvukV/yhD7wPrw8AAAAAAAAAAAAAAAAAQEIPAAAAAAAAAAAAAAAAAEBCDwAAAAAAAAA=
[2022-02-12T07:55:23.650417000Z DEBUG solana_bpf_loader_program] Program 8opHzTAnfzRpPEx21XtnrVTX28YQuCpAjcn1PczScKh consumed 12494 of 200000 compute units
[2022-02-12T07:55:23.650469000Z DEBUG solana_program_runtime::stable_log] Program 8opHzTAnfzRpPEx21XtnrVTX28YQuCpAjcn1PczScKh success
[2022-02-12T07:55:23.660664000Z DEBUG solana_program_runtime::stable_log] Program 8opHzTAnfzRpPEx21XtnrVTX28YQuCpAjcn1PczScKh invoke [1]
[2022-02-12T07:55:23.661103000Z DEBUG solana_program_runtime::stable_log] Program log: Mango: UpdateFunding
[2022-02-12T07:55:23.662198000Z DEBUG solana_program_runtime::stable_log] Program log: mango-log
[2022-02-12T07:55:23.662805000Z DEBUG solana_program_runtime::stable_log] Program log: ta5iwCEXTXunbhvP8sZoiDTB3W1sGOUIJSpL/q4ynvukV/yhD7wPrwAAAAAAAAAAAAAAAAAAAAAAAAAAAAAAAAAAAAAAAAAAAAAAAAAAAAA=
[2022-02-12T07:55:23.662950000Z DEBUG solana_bpf_loader_program] Program 8opHzTAnfzRpPEx21XtnrVTX28YQuCpAjcn1PczScKh consumed 6381 of 200000 compute units
[2022-02-12T07:55:23.663015000Z DEBUG solana_program_runtime::stable_log] Program 8opHzTAnfzRpPEx21XtnrVTX28YQuCpAjcn1PczScKh success
[2022-02-12T07:55:23.674473000Z DEBUG solana_program_runtime::stable_log] Program 8opHzTAnfzRpPEx21XtnrVTX28YQuCpAjcn1PczScKh invoke [1]
[2022-02-12T07:55:23.674919000Z DEBUG solana_program_runtime::stable_log] Program log: Mango: UpdateFunding
[2022-02-12T07:55:23.676027000Z DEBUG solana_program_runtime::stable_log] Program log: mango-log
[2022-02-12T07:55:23.676634000Z DEBUG solana_program_runtime::stable_log] Program log: ta5iwCEXTXunbhvP8sZoiDTB3W1sGOUIJSpL/q4ynvukV/yhD7wPrwEAAAAAAAAAAAAAAAAAAAAAAAAAAAAAAAAAAAAAAAAAAAAAAAAAAAA=
[2022-02-12T07:55:23.676780000Z DEBUG solana_bpf_loader_program] Program 8opHzTAnfzRpPEx21XtnrVTX28YQuCpAjcn1PczScKh consumed 6421 of 200000 compute units
[2022-02-12T07:55:23.676846000Z DEBUG solana_program_runtime::stable_log] Program 8opHzTAnfzRpPEx21XtnrVTX28YQuCpAjcn1PczScKh success
[2022-02-12T07:55:23.687477000Z DEBUG solana_program_runtime::stable_log] Program 8opHzTAnfzRpPEx21XtnrVTX28YQuCpAjcn1PczScKh invoke [1]
[2022-02-12T07:55:23.687920000Z DEBUG solana_program_runtime::stable_log] Program log: Mango: UpdateFunding
[2022-02-12T07:55:23.689046000Z DEBUG solana_program_runtime::stable_log] Program log: mango-log
[2022-02-12T07:55:23.689654000Z DEBUG solana_program_runtime::stable_log] Program log: ta5iwCEXTXunbhvP8sZoiDTB3W1sGOUIJSpL/q4ynvukV/yhD7wPrwIAAAAAAAAAAAAAAAAAAAAAAAAAAAAAAAAAAAAAAAAAAAAAAAAAAAA=
[2022-02-12T07:55:23.689801000Z DEBUG solana_bpf_loader_program] Program 8opHzTAnfzRpPEx21XtnrVTX28YQuCpAjcn1PczScKh consumed 6460 of 200000 compute units
[2022-02-12T07:55:23.689865000Z DEBUG solana_program_runtime::stable_log] Program 8opHzTAnfzRpPEx21XtnrVTX28YQuCpAjcn1PczScKh success
[2022-02-12T07:55:23.700402000Z DEBUG solana_program_runtime::stable_log] Program 8opHzTAnfzRpPEx21XtnrVTX28YQuCpAjcn1PczScKh invoke [1]
[2022-02-12T07:55:23.700847000Z DEBUG solana_program_runtime::stable_log] Program log: Mango: UpdateFunding
[2022-02-12T07:55:23.701983000Z DEBUG solana_program_runtime::stable_log] Program log: mango-log
[2022-02-12T07:55:23.702595000Z DEBUG solana_program_runtime::stable_log] Program log: ta5iwCEXTXunbhvP8sZoiDTB3W1sGOUIJSpL/q4ynvukV/yhD7wPrwMAAAAAAAAAAAAAAAAAAAAAAAAAAAAAAAAAAAAAAAAAAAAAAAAAAAA=
[2022-02-12T07:55:23.702744000Z DEBUG solana_bpf_loader_program] Program 8opHzTAnfzRpPEx21XtnrVTX28YQuCpAjcn1PczScKh consumed 6499 of 200000 compute units
[2022-02-12T07:55:23.702808000Z DEBUG solana_program_runtime::stable_log] Program 8opHzTAnfzRpPEx21XtnrVTX28YQuCpAjcn1PczScKh success
[2022-02-12T07:55:23.713302000Z DEBUG solana_program_runtime::stable_log] Program 8opHzTAnfzRpPEx21XtnrVTX28YQuCpAjcn1PczScKh invoke [1]
[2022-02-12T07:55:23.713739000Z DEBUG solana_program_runtime::stable_log] Program log: Mango: UpdateFunding
[2022-02-12T07:55:23.714883000Z DEBUG solana_program_runtime::stable_log] Program log: mango-log
[2022-02-12T07:55:23.715490000Z DEBUG solana_program_runtime::stable_log] Program log: ta5iwCEXTXunbhvP8sZoiDTB3W1sGOUIJSpL/q4ynvukV/yhD7wPrwQAAAAAAAAAAAAAAAAAAAAAAAAAAAAAAAAAAAAAAAAAAAAAAAAAAAA=
[2022-02-12T07:55:23.715636000Z DEBUG solana_bpf_loader_program] Program 8opHzTAnfzRpPEx21XtnrVTX28YQuCpAjcn1PczScKh consumed 6538 of 200000 compute units
[2022-02-12T07:55:23.715699000Z DEBUG solana_program_runtime::stable_log] Program 8opHzTAnfzRpPEx21XtnrVTX28YQuCpAjcn1PczScKh success
[2022-02-12T07:55:23.726125000Z DEBUG solana_program_runtime::stable_log] Program 8opHzTAnfzRpPEx21XtnrVTX28YQuCpAjcn1PczScKh invoke [1]
[2022-02-12T07:55:23.726567000Z DEBUG solana_program_runtime::stable_log] Program log: Mango: UpdateFunding
[2022-02-12T07:55:23.727725000Z DEBUG solana_program_runtime::stable_log] Program log: mango-log
[2022-02-12T07:55:23.728330000Z DEBUG solana_program_runtime::stable_log] Program log: ta5iwCEXTXunbhvP8sZoiDTB3W1sGOUIJSpL/q4ynvukV/yhD7wPrwUAAAAAAAAAAAAAAAAAAAAAAAAAAAAAAAAAAAAAAAAAAAAAAAAAAAA=
[2022-02-12T07:55:23.728473000Z DEBUG solana_bpf_loader_program] Program 8opHzTAnfzRpPEx21XtnrVTX28YQuCpAjcn1PczScKh consumed 6577 of 200000 compute units
[2022-02-12T07:55:23.728536000Z DEBUG solana_program_runtime::stable_log] Program 8opHzTAnfzRpPEx21XtnrVTX28YQuCpAjcn1PczScKh success
[2022-02-12T07:55:23.738982000Z DEBUG solana_program_runtime::stable_log] Program 8opHzTAnfzRpPEx21XtnrVTX28YQuCpAjcn1PczScKh invoke [1]
[2022-02-12T07:55:23.739427000Z DEBUG solana_program_runtime::stable_log] Program log: Mango: UpdateFunding
[2022-02-12T07:55:23.740603000Z DEBUG solana_program_runtime::stable_log] Program log: mango-log
[2022-02-12T07:55:23.741208000Z DEBUG solana_program_runtime::stable_log] Program log: ta5iwCEXTXunbhvP8sZoiDTB3W1sGOUIJSpL/q4ynvukV/yhD7wPrwYAAAAAAAAAAAAAAAAAAAAAAAAAAAAAAAAAAAAAAAAAAAAAAAAAAAA=
[2022-02-12T07:55:23.741355000Z DEBUG solana_bpf_loader_program] Program 8opHzTAnfzRpPEx21XtnrVTX28YQuCpAjcn1PczScKh consumed 6616 of 200000 compute units
[2022-02-12T07:55:23.741419000Z DEBUG solana_program_runtime::stable_log] Program 8opHzTAnfzRpPEx21XtnrVTX28YQuCpAjcn1PczScKh success
[2022-02-12T07:55:23.751981000Z DEBUG solana_program_runtime::stable_log] Program 8opHzTAnfzRpPEx21XtnrVTX28YQuCpAjcn1PczScKh invoke [1]
[2022-02-12T07:55:23.752428000Z DEBUG solana_program_runtime::stable_log] Program log: Mango: UpdateFunding
[2022-02-12T07:55:23.753611000Z DEBUG solana_program_runtime::stable_log] Program log: mango-log
[2022-02-12T07:55:23.754217000Z DEBUG solana_program_runtime::stable_log] Program log: ta5iwCEXTXunbhvP8sZoiDTB3W1sGOUIJSpL/q4ynvukV/yhD7wPrwcAAAAAAAAAAAAAAAAAAAAAAAAAAAAAAAAAAAAAAAAAAAAAAAAAAAA=
[2022-02-12T07:55:23.754361000Z DEBUG solana_bpf_loader_program] Program 8opHzTAnfzRpPEx21XtnrVTX28YQuCpAjcn1PczScKh consumed 6655 of 200000 compute units
[2022-02-12T07:55:23.754427000Z DEBUG solana_program_runtime::stable_log] Program 8opHzTAnfzRpPEx21XtnrVTX28YQuCpAjcn1PczScKh success
[2022-02-12T07:55:23.765209000Z DEBUG solana_program_runtime::stable_log] Program 8opHzTAnfzRpPEx21XtnrVTX28YQuCpAjcn1PczScKh invoke [1]
[2022-02-12T07:55:23.765647000Z DEBUG solana_program_runtime::stable_log] Program log: Mango: UpdateFunding
[2022-02-12T07:55:23.766847000Z DEBUG solana_program_runtime::stable_log] Program log: mango-log
[2022-02-12T07:55:23.767451000Z DEBUG solana_program_runtime::stable_log] Program log: ta5iwCEXTXunbhvP8sZoiDTB3W1sGOUIJSpL/q4ynvukV/yhD7wPrwgAAAAAAAAAAAAAAAAAAAAAAAAAAAAAAAAAAAAAAAAAAAAAAAAAAAA=
[2022-02-12T07:55:23.767597000Z DEBUG solana_bpf_loader_program] Program 8opHzTAnfzRpPEx21XtnrVTX28YQuCpAjcn1PczScKh consumed 6694 of 200000 compute units
[2022-02-12T07:55:23.767660000Z DEBUG solana_program_runtime::stable_log] Program 8opHzTAnfzRpPEx21XtnrVTX28YQuCpAjcn1PczScKh success
[2022-02-12T07:55:23.779370000Z DEBUG solana_program_runtime::stable_log] Program 8opHzTAnfzRpPEx21XtnrVTX28YQuCpAjcn1PczScKh invoke [1]
[2022-02-12T07:55:23.779815000Z DEBUG solana_program_runtime::stable_log] Program log: Mango: UpdateFunding
[2022-02-12T07:55:23.781029000Z DEBUG solana_program_runtime::stable_log] Program log: mango-log
[2022-02-12T07:55:23.781633000Z DEBUG solana_program_runtime::stable_log] Program log: ta5iwCEXTXunbhvP8sZoiDTB3W1sGOUIJSpL/q4ynvukV/yhD7wPrwkAAAAAAAAAAAAAAAAAAAAAAAAAAAAAAAAAAAAAAAAAAAAAAAAAAAA=
[2022-02-12T07:55:23.781780000Z DEBUG solana_bpf_loader_program] Program 8opHzTAnfzRpPEx21XtnrVTX28YQuCpAjcn1PczScKh consumed 6733 of 200000 compute units
[2022-02-12T07:55:23.781843000Z DEBUG solana_program_runtime::stable_log] Program 8opHzTAnfzRpPEx21XtnrVTX28YQuCpAjcn1PczScKh success
[2022-02-12T07:55:23.792390000Z DEBUG solana_program_runtime::stable_log] Program 8opHzTAnfzRpPEx21XtnrVTX28YQuCpAjcn1PczScKh invoke [1]
[2022-02-12T07:55:23.792844000Z DEBUG solana_program_runtime::stable_log] Program log: Mango: UpdateFunding
[2022-02-12T07:55:23.794076000Z DEBUG solana_program_runtime::stable_log] Program log: mango-log
[2022-02-12T07:55:23.794682000Z DEBUG solana_program_runtime::stable_log] Program log: ta5iwCEXTXunbhvP8sZoiDTB3W1sGOUIJSpL/q4ynvukV/yhD7wPrwoAAAAAAAAAAAAAAAAAAAAAAAAAAAAAAAAAAAAAAAAAAAAAAAAAAAA=
[2022-02-12T07:55:23.794828000Z DEBUG solana_bpf_loader_program] Program 8opHzTAnfzRpPEx21XtnrVTX28YQuCpAjcn1PczScKh consumed 6772 of 200000 compute units
[2022-02-12T07:55:23.794892000Z DEBUG solana_program_runtime::stable_log] Program 8opHzTAnfzRpPEx21XtnrVTX28YQuCpAjcn1PczScKh success
[2022-02-12T07:55:23.805383000Z DEBUG solana_program_runtime::stable_log] Program 8opHzTAnfzRpPEx21XtnrVTX28YQuCpAjcn1PczScKh invoke [1]
[2022-02-12T07:55:23.805846000Z DEBUG solana_program_runtime::stable_log] Program log: Mango: UpdateFunding
[2022-02-12T07:55:23.807096000Z DEBUG solana_program_runtime::stable_log] Program log: mango-log
[2022-02-12T07:55:23.807704000Z DEBUG solana_program_runtime::stable_log] Program log: ta5iwCEXTXunbhvP8sZoiDTB3W1sGOUIJSpL/q4ynvukV/yhD7wPrwsAAAAAAAAAAAAAAAAAAAAAAAAAAAAAAAAAAAAAAAAAAAAAAAAAAAA=
[2022-02-12T07:55:23.807850000Z DEBUG solana_bpf_loader_program] Program 8opHzTAnfzRpPEx21XtnrVTX28YQuCpAjcn1PczScKh consumed 6811 of 200000 compute units
[2022-02-12T07:55:23.807918000Z DEBUG solana_program_runtime::stable_log] Program 8opHzTAnfzRpPEx21XtnrVTX28YQuCpAjcn1PczScKh success
[2022-02-12T07:55:23.819531000Z DEBUG solana_program_runtime::stable_log] Program 8opHzTAnfzRpPEx21XtnrVTX28YQuCpAjcn1PczScKh invoke [1]
[2022-02-12T07:55:23.819978000Z DEBUG solana_program_runtime::stable_log] Program log: Mango: UpdateFunding
[2022-02-12T07:55:23.821232000Z DEBUG solana_program_runtime::stable_log] Program log: mango-log
[2022-02-12T07:55:23.821832000Z DEBUG solana_program_runtime::stable_log] Program log: ta5iwCEXTXunbhvP8sZoiDTB3W1sGOUIJSpL/q4ynvukV/yhD7wPrwwAAAAAAAAAAAAAAAAAAAAAAAAAAAAAAAAAAAAAAAAAAAAAAAAAAAA=
[2022-02-12T07:55:23.821981000Z DEBUG solana_bpf_loader_program] Program 8opHzTAnfzRpPEx21XtnrVTX28YQuCpAjcn1PczScKh consumed 6850 of 200000 compute units
[2022-02-12T07:55:23.822049000Z DEBUG solana_program_runtime::stable_log] Program 8opHzTAnfzRpPEx21XtnrVTX28YQuCpAjcn1PczScKh success
[2022-02-12T07:55:23.832570000Z DEBUG solana_program_runtime::stable_log] Program 8opHzTAnfzRpPEx21XtnrVTX28YQuCpAjcn1PczScKh invoke [1]
[2022-02-12T07:55:23.833012000Z DEBUG solana_program_runtime::stable_log] Program log: Mango: UpdateFunding
[2022-02-12T07:55:23.834276000Z DEBUG solana_program_runtime::stable_log] Program log: mango-log
[2022-02-12T07:55:23.834878000Z DEBUG solana_program_runtime::stable_log] Program log: ta5iwCEXTXunbhvP8sZoiDTB3W1sGOUIJSpL/q4ynvukV/yhD7wPrw0AAAAAAAAAAAAAAAAAAAAAAAAAAAAAAAAAAAAAAAAAAAAAAAAAAAA=
[2022-02-12T07:55:23.835022000Z DEBUG solana_bpf_loader_program] Program 8opHzTAnfzRpPEx21XtnrVTX28YQuCpAjcn1PczScKh consumed 6889 of 200000 compute units
[2022-02-12T07:55:23.835085000Z DEBUG solana_program_runtime::stable_log] Program 8opHzTAnfzRpPEx21XtnrVTX28YQuCpAjcn1PczScKh success
[2022-02-12T07:55:23.845804000Z DEBUG solana_program_runtime::stable_log] Program 8opHzTAnfzRpPEx21XtnrVTX28YQuCpAjcn1PczScKh invoke [1]
[2022-02-12T07:55:23.846247000Z DEBUG solana_program_runtime::stable_log] Program log: Mango: UpdateFunding
[2022-02-12T07:55:23.847530000Z DEBUG solana_program_runtime::stable_log] Program log: mango-log
[2022-02-12T07:55:23.848136000Z DEBUG solana_program_runtime::stable_log] Program log: ta5iwCEXTXunbhvP8sZoiDTB3W1sGOUIJSpL/q4ynvukV/yhD7wPrw4AAAAAAAAAAAAAAAAAAAAAAAAAAAAAAAAAAAAAAAAAAAAAAAAAAAA=
[2022-02-12T07:55:23.848283000Z DEBUG solana_bpf_loader_program] Program 8opHzTAnfzRpPEx21XtnrVTX28YQuCpAjcn1PczScKh consumed 6928 of 200000 compute units
[2022-02-12T07:55:23.848346000Z DEBUG solana_program_runtime::stable_log] Program 8opHzTAnfzRpPEx21XtnrVTX28YQuCpAjcn1PczScKh success
[2022-02-12T07:55:23.862520000Z DEBUG solana_program_runtime::stable_log] Program 8opHzTAnfzRpPEx21XtnrVTX28YQuCpAjcn1PczScKh invoke [1]
[2022-02-12T07:55:23.863684000Z DEBUG solana_program_runtime::stable_log] Program log: Mango: CacheRootBanks
[2022-02-12T07:55:23.867478000Z DEBUG solana_program_runtime::stable_log] Program log: mango-log
[2022-02-12T07:55:23.870352000Z DEBUG solana_program_runtime::stable_log] Program log: IVXYca/GfeinbhvP8sZoiDTB3W1sGOUIJSpL/q4ynvukV/yhD7wPrxAAAAAAAAAAAAAAAAEAAAAAAAAAAgAAAAAAAAADAAAAAAAAAAQAAAAAAAAABQAAAAAAAAAGAAAAAAAAAAcAAAAAAAAACAAAAAAAAAAJAAAAAAAAAAoAAAAAAAAACwAAAAAAAAAMAAAAAAAAAA0AAAAAAAAADgAAAAAAAAAPAAAAAAAAABAAAAAAAAAAAABAQg8AAAAAAAAAAAAAAAAAQEIPAAAAAAAAAAAAAAAAAEBCDwAAAAAAAAAAAAAAAABAQg8AAAAAAAAAAAAAAAAAQEIPAAAAAAAAAAAAAAAAAEBCDwAAAAAAAAAAAAAAAABAQg8AAAAAAAAAAAAAAAAAQEIPAAAAAAAAAAAAAAAAAEBCDwAAAAAAAAAAAAAAAABAQg8AAAAAAAAAAAAAAAAAQEIPAAAAAAAAAAAAAAAAAEBCDwAAAAAAAAAAAAAAAABAQg8AAAAAAAAAAAAAAAAAQEIPAAAAAAAAAAAAAAAAAEBCDwAAAAAAAAAAAAAAAABAQg8AAAAAAAAAEAAAAAAAAAAAAEBCDwAAAAAAAAAAAAAAAABAQg8AAAAAAAAAAAAAAAAAQEIPAAAAAAAAAAAAAAAAAEBCDwAAAAAAAAAAAAAAAABAQg8AAAAAAAAAAAAAAAAAQEIPAAAAAAAAAAAAAAAAAEBCDwAAAAAAAAAAAAAAAABAQg8AAAAAAAAAAAAAAAAAQEIPAAAAAAAAAAAAAAAAAEBCDwAAAAAAAAAAAAAAAABAQg8AAAAAAAAAAAAAAAAAQEIPAAAAAAAAAAAAAAAAAEBCDwAAAAAAAAAAAAAAAABAQg8AAAAAAAAAAAAAAAAAQEIPAAAAAAAAAAAAAAAAAEBCDwAAAAAAAAA=
[2022-02-12T07:55:23.870768000Z DEBUG solana_bpf_loader_program] Program 8opHzTAnfzRpPEx21XtnrVTX28YQuCpAjcn1PczScKh consumed 24418 of 200000 compute units
[2022-02-12T07:55:23.870839000Z DEBUG solana_program_runtime::stable_log] Program 8opHzTAnfzRpPEx21XtnrVTX28YQuCpAjcn1PczScKh success
[2022-02-12T07:55:23.884636000Z DEBUG solana_program_runtime::stable_log] Program 8opHzTAnfzRpPEx21XtnrVTX28YQuCpAjcn1PczScKh invoke [1]
[2022-02-12T07:55:23.885740000Z DEBUG solana_program_runtime::stable_log] Program log: Mango: CachePerpMarkets
[2022-02-12T07:55:23.889426000Z DEBUG solana_program_runtime::stable_log] Program log: mango-log
[2022-02-12T07:55:23.892121000Z DEBUG solana_program_runtime::stable_log] Program log: 9lt9JxCzqw6nbhvP8sZoiDTB3W1sGOUIJSpL/q4ynvukV/yhD7wPrw8AAAAAAAAAAAAAAAEAAAAAAAAAAgAAAAAAAAADAAAAAAAAAAQAAAAAAAAABQAAAAAAAAAGAAAAAAAAAAcAAAAAAAAACAAAAAAAAAAJAAAAAAAAAAoAAAAAAAAACwAAAAAAAAAMAAAAAAAAAA0AAAAAAAAADgAAAAAAAAAPAAAAAAAAAAAAAAAAAAAAAAAAAAAAAAAAAAAAAAAAAAAAAAAAAAAAAAAAAAAAAAAAAAAAAAAAAAAAAAAAAAAAAAAAAAAAAAAAAAAAAAAAAAAAAAAAAAAAAAAAAAAAAAAAAAAAAAAAAAAAAAAAAAAAAAAAAAAAAAAAAAAAAAAAAAAAAAAAAAAAAAAAAAAAAAAAAAAAAAAAAAAAAAAAAAAAAAAAAAAAAAAAAAAAAAAAAAAAAAAAAAAAAAAAAAAAAAAAAAAAAAAAAAAAAAAAAAAAAAAAAAAAAAAAAAAAAAAAAAAAAAAAAAAAAAAAAAAAAAAAAAAADwAAAAAAAAAAAAAAAAAAAAAAAAAAAAAAAAAAAAAAAAAAAAAAAAAAAAAAAAAAAAAAAAAAAAAAAAAAAAAAAAAAAAAAAAAAAAAAAAAAAAAAAAAAAAAAAAAAAAAAAAAAAAAAAAAAAAAAAAAAAAAAAAAAAAAAAAAAAAAAAAAAAAAAAAAAAAAAAAAAAAAAAAAAAAAAAAAAAAAAAAAAAAAAAAAAAAAAAAAAAAAAAAAAAAAAAAAAAAAAAAAAAAAAAAAAAAAAAAAAAAAAAAAAAAAAAAAAAAAAAAAAAAAAAAAAAAAAAAAAAAAAAAAAAAAAAAAAAAAAAAAAAA==
[2022-02-12T07:55:23.892512000Z DEBUG solana_bpf_loader_program] Program 8opHzTAnfzRpPEx21XtnrVTX28YQuCpAjcn1PczScKh consumed 23463 of 200000 compute units
[2022-02-12T07:55:23.892582000Z DEBUG solana_program_runtime::stable_log] Program 8opHzTAnfzRpPEx21XtnrVTX28YQuCpAjcn1PczScKh success
[2022-02-12T07:55:23.906686000Z DEBUG solana_program_runtime::stable_log] Program 8opHzTAnfzRpPEx21XtnrVTX28YQuCpAjcn1PczScKh invoke [1]
[2022-02-12T07:55:23.908116000Z DEBUG solana_program_runtime::stable_log] Program log: Mango: LiquidateTokenAndToken
[2022-02-12T07:55:23.921085000Z DEBUG solana_program_runtime::stable_log] Program log: mango-log
[2022-02-12T07:55:23.921823000Z DEBUG solana_program_runtime::stable_log] Program log: F5qwwQsqqPSnbhvP8sZoiDTB3W1sGOUIJSpL/q4ynvukV/yhD7wPr14EXwKUknDvC82XypHRmqcTJRpr95d8qBri17S2HigkDwAAAAAAAAAAAAAAAAAAAAAAAAAAAAAAM77+////Fk4AAAAAAAAAAA==
[2022-02-12T07:55:23.922577000Z DEBUG solana_program_runtime::stable_log] Program log: mango-log
[2022-02-12T07:55:23.923319000Z DEBUG solana_program_runtime::stable_log] Program log: F5qwwQsqqPSnbhvP8sZoiDTB3W1sGOUIJSpL/q4ynvukV/yhD7wPr/VwMIZuvFHQB+4BiQY+Ioei6qoPR+RzhDMRu6+mNGXfDwAAAAAAAAAzvv7///8PJwAAAAAAAAAAAAAAAAAAAAAAAAAAAAAAAA==
[2022-02-12T07:55:23.926078000Z DEBUG solana_program_runtime::stable_log] Program log: mango-log
[2022-02-12T07:55:23.926816000Z DEBUG solana_program_runtime::stable_log] Program log: F5qwwQsqqPSnbhvP8sZoiDTB3W1sGOUIJSpL/q4ynvukV/yhD7wPr/VwMIZuvFHQB+4BiQY+Ioei6qoPR+RzhDMRu6+mNGXfAAAAAAAAAADv2P////8CAAAAAAAAAAAAAAAAAAAAAAAAAAAAAAAAAA==
[2022-02-12T07:55:23.928035000Z DEBUG solana_program_runtime::stable_log] Program log: mango-log
[2022-02-12T07:55:23.928770000Z DEBUG solana_program_runtime::stable_log] Program log: F5qwwQsqqPSnbhvP8sZoiDTB3W1sGOUIJSpL/q4ynvukV/yhD7wPr14EXwKUknDvC82XypHRmqcTJRpr95d8qBri17S2HigkAAAAAAAAAAARJwAAAAAAAAAAAAAAAAAAAAAAAAAAAAAAAAAAAAAAAA==
[2022-02-12T07:55:23.930360000Z DEBUG solana_program_runtime::stable_log] Program log: mango-log
[2022-02-12T07:55:23.931403000Z DEBUG solana_program_runtime::stable_log] Program log: cO8nQbWsEVSnbhvP8sZoiDTB3W1sGOUIJSpL/q4ynvukV/yhD7wPr14EXwKUknDvC82XypHRmqcTJRpr95d8qBri17S2Higk9XAwhm68UdAH7gGJBj4ih6Lqqg9H5HOEMxG7r6Y0Zd8AAAAAAAAAAA8AAAAAAAAAVGnxq/3/v8YtAAAAAAAAAHZfUS4TAAAAAAAAAAAAAADzbQAAAAAAAAAAAAAAAAAAAAAAAAAAAQAAAAAAAAAAAAA=
[2022-02-12T07:55:23.931816000Z DEBUG solana_bpf_loader_program] Program 8opHzTAnfzRpPEx21XtnrVTX28YQuCpAjcn1PczScKh consumed 76935 of 200000 compute units
[2022-02-12T07:55:23.931902000Z DEBUG solana_program_runtime::stable_log] Program 8opHzTAnfzRpPEx21XtnrVTX28YQuCpAjcn1PczScKh success
[2022-02-12T07:55:23.979356000Z DEBUG solana_program_runtime::stable_log] Program 8opHzTAnfzRpPEx21XtnrVTX28YQuCpAjcn1PczScKh invoke [1]
[2022-02-12T07:55:23.980503000Z DEBUG solana_program_runtime::stable_log] Program log: Mango: CachePrices
[2022-02-12T07:55:23.983564000Z DEBUG solana_program_runtime::stable_log] Program log: mango-log
[2022-02-12T07:55:23.985379000Z DEBUG solana_program_runtime::stable_log] Program log: ux0uSxX5tBunbhvP8sZoiDTB3W1sGOUIJSpL/q4ynvukV/yhD7wPrw8AAAAAAAAAAAAAAAEAAAAAAAAAAgAAAAAAAAADAAAAAAAAAAQAAAAAAAAABQAAAAAAAAAGAAAAAAAAAAcAAAAAAAAACAAAAAAAAAAJAAAAAAAAAAoAAAAAAAAACwAAAAAAAAAMAAAAAAAAAA0AAAAAAAAADgAAAAAAAAAPAAAA820AAAAAAAAAAAAAAAAAAPNtAAAAAAAAAAAAAAAAAADzbQAAAAAAAAAAAAAAAAAA820AAAAAAAAAAAAAAAAAABwAAAAAAAAAAAAAAAAAAADzbQAAAAAAAAAAAAAAAAAA820AAAAAAAAAAAAAAAAAAPNtAAAAAAAAAAAAAAAAAADzbQAAAAAAAAAAAAAAAAAA820AAAAAAAAAAAAAAAAAAPNtAAAAAAAAAAAAAAAAAADzbQAAAAAAAAAAAAAAAAAA820AAAAAAAAAAAAAAAAAAPNtAAAAAAAAAAAAAAAAAADzbQAAAAAAAAAAAAAAAAAA
[2022-02-12T07:55:23.985764000Z DEBUG solana_bpf_loader_program] Program 8opHzTAnfzRpPEx21XtnrVTX28YQuCpAjcn1PczScKh consumed 18318 of 200000 compute units
[2022-02-12T07:55:23.985847000Z DEBUG solana_program_runtime::stable_log] Program 8opHzTAnfzRpPEx21XtnrVTX28YQuCpAjcn1PczScKh success
[2022-02-12T07:55:23.995886000Z DEBUG solana_program_runtime::stable_log] Program 8opHzTAnfzRpPEx21XtnrVTX28YQuCpAjcn1PczScKh invoke [1]
[2022-02-12T07:55:23.996282000Z DEBUG solana_program_runtime::stable_log] Program log: Mango: UpdateRootBank
[2022-02-12T07:55:23.998339000Z DEBUG solana_program_runtime::stable_log] Program log: mango-log
[2022-02-12T07:55:23.998946000Z DEBUG solana_program_runtime::stable_log] Program log: 8HmBNKTUaLinbhvP8sZoiDTB3W1sGOUIJSpL/q4ynvukV/yhD7wPrwAAAAAAAAAAAAAAAAAAQEIPAAAAAAAAAAAAAAAAAEBCDwAAAAAAAAA=
[2022-02-12T07:55:23.999068000Z DEBUG solana_bpf_loader_program] Program 8opHzTAnfzRpPEx21XtnrVTX28YQuCpAjcn1PczScKh consumed 9360 of 200000 compute units
[2022-02-12T07:55:23.999124000Z DEBUG solana_program_runtime::stable_log] Program 8opHzTAnfzRpPEx21XtnrVTX28YQuCpAjcn1PczScKh success
[2022-02-12T07:55:24.009069000Z DEBUG solana_program_runtime::stable_log] Program 8opHzTAnfzRpPEx21XtnrVTX28YQuCpAjcn1PczScKh invoke [1]
[2022-02-12T07:55:24.009452000Z DEBUG solana_program_runtime::stable_log] Program log: Mango: UpdateRootBank
[2022-02-12T07:55:24.011526000Z DEBUG solana_program_runtime::stable_log] Program log: mango-log
[2022-02-12T07:55:24.012167000Z DEBUG solana_program_runtime::stable_log] Program log: 8HmBNKTUaLinbhvP8sZoiDTB3W1sGOUIJSpL/q4ynvukV/yhD7wPrwEAAAAAAAAAAAAAAAAAQEIPAAAAAAAAAAAAAAAAAEBCDwAAAAAAAAA=
[2022-02-12T07:55:24.012299000Z DEBUG solana_bpf_loader_program] Program 8opHzTAnfzRpPEx21XtnrVTX28YQuCpAjcn1PczScKh consumed 9400 of 200000 compute units
[2022-02-12T07:55:24.012351000Z DEBUG solana_program_runtime::stable_log] Program 8opHzTAnfzRpPEx21XtnrVTX28YQuCpAjcn1PczScKh success
[2022-02-12T07:55:24.022325000Z DEBUG solana_program_runtime::stable_log] Program 8opHzTAnfzRpPEx21XtnrVTX28YQuCpAjcn1PczScKh invoke [1]
[2022-02-12T07:55:24.022714000Z DEBUG solana_program_runtime::stable_log] Program log: Mango: UpdateRootBank
[2022-02-12T07:55:24.024823000Z DEBUG solana_program_runtime::stable_log] Program log: mango-log
[2022-02-12T07:55:24.025430000Z DEBUG solana_program_runtime::stable_log] Program log: 8HmBNKTUaLinbhvP8sZoiDTB3W1sGOUIJSpL/q4ynvukV/yhD7wPrwIAAAAAAAAAAAAAAAAAQEIPAAAAAAAAAAAAAAAAAEBCDwAAAAAAAAA=
[2022-02-12T07:55:24.025554000Z DEBUG solana_bpf_loader_program] Program 8opHzTAnfzRpPEx21XtnrVTX28YQuCpAjcn1PczScKh consumed 9439 of 200000 compute units
[2022-02-12T07:55:24.025606000Z DEBUG solana_program_runtime::stable_log] Program 8opHzTAnfzRpPEx21XtnrVTX28YQuCpAjcn1PczScKh success
[2022-02-12T07:55:24.035594000Z DEBUG solana_program_runtime::stable_log] Program 8opHzTAnfzRpPEx21XtnrVTX28YQuCpAjcn1PczScKh invoke [1]
[2022-02-12T07:55:24.035981000Z DEBUG solana_program_runtime::stable_log] Program log: Mango: UpdateRootBank
[2022-02-12T07:55:24.038081000Z DEBUG solana_program_runtime::stable_log] Program log: mango-log
[2022-02-12T07:55:24.038699000Z DEBUG solana_program_runtime::stable_log] Program log: 8HmBNKTUaLinbhvP8sZoiDTB3W1sGOUIJSpL/q4ynvukV/yhD7wPrwMAAAAAAAAAAAAAAAAAQEIPAAAAAAAAAAAAAAAAAEBCDwAAAAAAAAA=
[2022-02-12T07:55:24.038828000Z DEBUG solana_bpf_loader_program] Program 8opHzTAnfzRpPEx21XtnrVTX28YQuCpAjcn1PczScKh consumed 9478 of 200000 compute units
[2022-02-12T07:55:24.038880000Z DEBUG solana_program_runtime::stable_log] Program 8opHzTAnfzRpPEx21XtnrVTX28YQuCpAjcn1PczScKh success
[2022-02-12T07:55:24.049953000Z DEBUG solana_program_runtime::stable_log] Program 8opHzTAnfzRpPEx21XtnrVTX28YQuCpAjcn1PczScKh invoke [1]
[2022-02-12T07:55:24.050339000Z DEBUG solana_program_runtime::stable_log] Program log: Mango: UpdateRootBank
[2022-02-12T07:55:24.052448000Z DEBUG solana_program_runtime::stable_log] Program log: mango-log
[2022-02-12T07:55:24.053050000Z DEBUG solana_program_runtime::stable_log] Program log: 8HmBNKTUaLinbhvP8sZoiDTB3W1sGOUIJSpL/q4ynvukV/yhD7wPrwQAAAAAAAAAAAAAAAAAQEIPAAAAAAAAAAAAAAAAAEBCDwAAAAAAAAA=
[2022-02-12T07:55:24.053173000Z DEBUG solana_bpf_loader_program] Program 8opHzTAnfzRpPEx21XtnrVTX28YQuCpAjcn1PczScKh consumed 9517 of 200000 compute units
[2022-02-12T07:55:24.053225000Z DEBUG solana_program_runtime::stable_log] Program 8opHzTAnfzRpPEx21XtnrVTX28YQuCpAjcn1PczScKh success
[2022-02-12T07:55:24.063931000Z DEBUG solana_program_runtime::stable_log] Program 8opHzTAnfzRpPEx21XtnrVTX28YQuCpAjcn1PczScKh invoke [1]
[2022-02-12T07:55:24.064319000Z DEBUG solana_program_runtime::stable_log] Program log: Mango: UpdateRootBank
[2022-02-12T07:55:24.066444000Z DEBUG solana_program_runtime::stable_log] Program log: mango-log
[2022-02-12T07:55:24.067048000Z DEBUG solana_program_runtime::stable_log] Program log: 8HmBNKTUaLinbhvP8sZoiDTB3W1sGOUIJSpL/q4ynvukV/yhD7wPrwUAAAAAAAAAAAAAAAAAQEIPAAAAAAAAAAAAAAAAAEBCDwAAAAAAAAA=
[2022-02-12T07:55:24.067173000Z DEBUG solana_bpf_loader_program] Program 8opHzTAnfzRpPEx21XtnrVTX28YQuCpAjcn1PczScKh consumed 9556 of 200000 compute units
[2022-02-12T07:55:24.067224000Z DEBUG solana_program_runtime::stable_log] Program 8opHzTAnfzRpPEx21XtnrVTX28YQuCpAjcn1PczScKh success
[2022-02-12T07:55:24.077104000Z DEBUG solana_program_runtime::stable_log] Program 8opHzTAnfzRpPEx21XtnrVTX28YQuCpAjcn1PczScKh invoke [1]
[2022-02-12T07:55:24.077487000Z DEBUG solana_program_runtime::stable_log] Program log: Mango: UpdateRootBank
[2022-02-12T07:55:24.079634000Z DEBUG solana_program_runtime::stable_log] Program log: mango-log
[2022-02-12T07:55:24.080240000Z DEBUG solana_program_runtime::stable_log] Program log: 8HmBNKTUaLinbhvP8sZoiDTB3W1sGOUIJSpL/q4ynvukV/yhD7wPrwYAAAAAAAAAAAAAAAAAQEIPAAAAAAAAAAAAAAAAAEBCDwAAAAAAAAA=
[2022-02-12T07:55:24.080377000Z DEBUG solana_bpf_loader_program] Program 8opHzTAnfzRpPEx21XtnrVTX28YQuCpAjcn1PczScKh consumed 9595 of 200000 compute units
[2022-02-12T07:55:24.080428000Z DEBUG solana_program_runtime::stable_log] Program 8opHzTAnfzRpPEx21XtnrVTX28YQuCpAjcn1PczScKh success
[2022-02-12T07:55:24.090285000Z DEBUG solana_program_runtime::stable_log] Program 8opHzTAnfzRpPEx21XtnrVTX28YQuCpAjcn1PczScKh invoke [1]
[2022-02-12T07:55:24.090671000Z DEBUG solana_program_runtime::stable_log] Program log: Mango: UpdateRootBank
[2022-02-12T07:55:24.092828000Z DEBUG solana_program_runtime::stable_log] Program log: mango-log
[2022-02-12T07:55:24.093431000Z DEBUG solana_program_runtime::stable_log] Program log: 8HmBNKTUaLinbhvP8sZoiDTB3W1sGOUIJSpL/q4ynvukV/yhD7wPrwcAAAAAAAAAAAAAAAAAQEIPAAAAAAAAAAAAAAAAAEBCDwAAAAAAAAA=
[2022-02-12T07:55:24.093555000Z DEBUG solana_bpf_loader_program] Program 8opHzTAnfzRpPEx21XtnrVTX28YQuCpAjcn1PczScKh consumed 9634 of 200000 compute units
[2022-02-12T07:55:24.093606000Z DEBUG solana_program_runtime::stable_log] Program 8opHzTAnfzRpPEx21XtnrVTX28YQuCpAjcn1PczScKh success
[2022-02-12T07:55:24.103622000Z DEBUG solana_program_runtime::stable_log] Program 8opHzTAnfzRpPEx21XtnrVTX28YQuCpAjcn1PczScKh invoke [1]
[2022-02-12T07:55:24.104015000Z DEBUG solana_program_runtime::stable_log] Program log: Mango: UpdateRootBank
[2022-02-12T07:55:24.106178000Z DEBUG solana_program_runtime::stable_log] Program log: mango-log
[2022-02-12T07:55:24.106783000Z DEBUG solana_program_runtime::stable_log] Program log: 8HmBNKTUaLinbhvP8sZoiDTB3W1sGOUIJSpL/q4ynvukV/yhD7wPrwgAAAAAAAAAAAAAAAAAQEIPAAAAAAAAAAAAAAAAAEBCDwAAAAAAAAA=
[2022-02-12T07:55:24.106904000Z DEBUG solana_bpf_loader_program] Program 8opHzTAnfzRpPEx21XtnrVTX28YQuCpAjcn1PczScKh consumed 9673 of 200000 compute units
[2022-02-12T07:55:24.106954000Z DEBUG solana_program_runtime::stable_log] Program 8opHzTAnfzRpPEx21XtnrVTX28YQuCpAjcn1PczScKh success
[2022-02-12T07:55:24.118031000Z DEBUG solana_program_runtime::stable_log] Program 8opHzTAnfzRpPEx21XtnrVTX28YQuCpAjcn1PczScKh invoke [1]
[2022-02-12T07:55:24.118427000Z DEBUG solana_program_runtime::stable_log] Program log: Mango: UpdateRootBank
[2022-02-12T07:55:24.120608000Z DEBUG solana_program_runtime::stable_log] Program log: mango-log
[2022-02-12T07:55:24.121211000Z DEBUG solana_program_runtime::stable_log] Program log: 8HmBNKTUaLinbhvP8sZoiDTB3W1sGOUIJSpL/q4ynvukV/yhD7wPrwkAAAAAAAAAAAAAAAAAQEIPAAAAAAAAAAAAAAAAAEBCDwAAAAAAAAA=
[2022-02-12T07:55:24.121333000Z DEBUG solana_bpf_loader_program] Program 8opHzTAnfzRpPEx21XtnrVTX28YQuCpAjcn1PczScKh consumed 9712 of 200000 compute units
[2022-02-12T07:55:24.121384000Z DEBUG solana_program_runtime::stable_log] Program 8opHzTAnfzRpPEx21XtnrVTX28YQuCpAjcn1PczScKh success
[2022-02-12T07:55:24.131344000Z DEBUG solana_program_runtime::stable_log] Program 8opHzTAnfzRpPEx21XtnrVTX28YQuCpAjcn1PczScKh invoke [1]
[2022-02-12T07:55:24.131736000Z DEBUG solana_program_runtime::stable_log] Program log: Mango: UpdateRootBank
[2022-02-12T07:55:24.133936000Z DEBUG solana_program_runtime::stable_log] Program log: mango-log
[2022-02-12T07:55:24.134534000Z DEBUG solana_program_runtime::stable_log] Program log: 8HmBNKTUaLinbhvP8sZoiDTB3W1sGOUIJSpL/q4ynvukV/yhD7wPrwoAAAAAAAAAAAAAAAAAQEIPAAAAAAAAAAAAAAAAAEBCDwAAAAAAAAA=
[2022-02-12T07:55:24.134656000Z DEBUG solana_bpf_loader_program] Program 8opHzTAnfzRpPEx21XtnrVTX28YQuCpAjcn1PczScKh consumed 9751 of 200000 compute units
[2022-02-12T07:55:24.134708000Z DEBUG solana_program_runtime::stable_log] Program 8opHzTAnfzRpPEx21XtnrVTX28YQuCpAjcn1PczScKh success
[2022-02-12T07:55:24.145955000Z DEBUG solana_program_runtime::stable_log] Program 8opHzTAnfzRpPEx21XtnrVTX28YQuCpAjcn1PczScKh invoke [1]
[2022-02-12T07:55:24.146347000Z DEBUG solana_program_runtime::stable_log] Program log: Mango: UpdateRootBank
[2022-02-12T07:55:24.148554000Z DEBUG solana_program_runtime::stable_log] Program log: mango-log
[2022-02-12T07:55:24.149157000Z DEBUG solana_program_runtime::stable_log] Program log: 8HmBNKTUaLinbhvP8sZoiDTB3W1sGOUIJSpL/q4ynvukV/yhD7wPrwsAAAAAAAAAAAAAAAAAQEIPAAAAAAAAAAAAAAAAAEBCDwAAAAAAAAA=
[2022-02-12T07:55:24.149278000Z DEBUG solana_bpf_loader_program] Program 8opHzTAnfzRpPEx21XtnrVTX28YQuCpAjcn1PczScKh consumed 9790 of 200000 compute units
[2022-02-12T07:55:24.149330000Z DEBUG solana_program_runtime::stable_log] Program 8opHzTAnfzRpPEx21XtnrVTX28YQuCpAjcn1PczScKh success
[2022-02-12T07:55:24.160329000Z DEBUG solana_program_runtime::stable_log] Program 8opHzTAnfzRpPEx21XtnrVTX28YQuCpAjcn1PczScKh invoke [1]
[2022-02-12T07:55:24.160719000Z DEBUG solana_program_runtime::stable_log] Program log: Mango: UpdateRootBank
[2022-02-12T07:55:24.162943000Z DEBUG solana_program_runtime::stable_log] Program log: mango-log
[2022-02-12T07:55:24.163552000Z DEBUG solana_program_runtime::stable_log] Program log: 8HmBNKTUaLinbhvP8sZoiDTB3W1sGOUIJSpL/q4ynvukV/yhD7wPrwwAAAAAAAAAAAAAAAAAQEIPAAAAAAAAAAAAAAAAAEBCDwAAAAAAAAA=
[2022-02-12T07:55:24.163674000Z DEBUG solana_bpf_loader_program] Program 8opHzTAnfzRpPEx21XtnrVTX28YQuCpAjcn1PczScKh consumed 9829 of 200000 compute units
[2022-02-12T07:55:24.163725000Z DEBUG solana_program_runtime::stable_log] Program 8opHzTAnfzRpPEx21XtnrVTX28YQuCpAjcn1PczScKh success
[2022-02-12T07:55:24.173481000Z DEBUG solana_program_runtime::stable_log] Program 8opHzTAnfzRpPEx21XtnrVTX28YQuCpAjcn1PczScKh invoke [1]
[2022-02-12T07:55:24.173865000Z DEBUG solana_program_runtime::stable_log] Program log: Mango: UpdateRootBank
[2022-02-12T07:55:24.176106000Z DEBUG solana_program_runtime::stable_log] Program log: mango-log
[2022-02-12T07:55:24.176704000Z DEBUG solana_program_runtime::stable_log] Program log: 8HmBNKTUaLinbhvP8sZoiDTB3W1sGOUIJSpL/q4ynvukV/yhD7wPrw0AAAAAAAAAAAAAAAAAQEIPAAAAAAAAAAAAAAAAAEBCDwAAAAAAAAA=
[2022-02-12T07:55:24.176826000Z DEBUG solana_bpf_loader_program] Program 8opHzTAnfzRpPEx21XtnrVTX28YQuCpAjcn1PczScKh consumed 9868 of 200000 compute units
[2022-02-12T07:55:24.176877000Z DEBUG solana_program_runtime::stable_log] Program 8opHzTAnfzRpPEx21XtnrVTX28YQuCpAjcn1PczScKh success
[2022-02-12T07:55:24.189062000Z DEBUG solana_program_runtime::stable_log] Program 8opHzTAnfzRpPEx21XtnrVTX28YQuCpAjcn1PczScKh invoke [1]
[2022-02-12T07:55:24.189446000Z DEBUG solana_program_runtime::stable_log] Program log: Mango: UpdateRootBank
[2022-02-12T07:55:24.191687000Z DEBUG solana_program_runtime::stable_log] Program log: mango-log
[2022-02-12T07:55:24.192294000Z DEBUG solana_program_runtime::stable_log] Program log: 8HmBNKTUaLinbhvP8sZoiDTB3W1sGOUIJSpL/q4ynvukV/yhD7wPrw4AAAAAAAAAAAAAAAAAQEIPAAAAAAAAAAAAAAAAAEBCDwAAAAAAAAA=
[2022-02-12T07:55:24.192416000Z DEBUG solana_bpf_loader_program] Program 8opHzTAnfzRpPEx21XtnrVTX28YQuCpAjcn1PczScKh consumed 9907 of 200000 compute units
[2022-02-12T07:55:24.192467000Z DEBUG solana_program_runtime::stable_log] Program 8opHzTAnfzRpPEx21XtnrVTX28YQuCpAjcn1PczScKh success
[2022-02-12T07:55:24.202262000Z DEBUG solana_program_runtime::stable_log] Program 8opHzTAnfzRpPEx21XtnrVTX28YQuCpAjcn1PczScKh invoke [1]
[2022-02-12T07:55:24.202649000Z DEBUG solana_program_runtime::stable_log] Program log: Mango: UpdateRootBank
[2022-02-12T07:55:24.205691000Z DEBUG solana_program_runtime::stable_log] Program log: mango-log
[2022-02-12T07:55:24.206295000Z DEBUG solana_program_runtime::stable_log] Program log: 8HmBNKTUaLinbhvP8sZoiDTB3W1sGOUIJSpL/q4ynvukV/yhD7wPrw8AAAAAAAAAAAAAAAAAQEIPAAAAAAAAAAAAAAAAAEBCDwAAAAAAAAA=
[2022-02-12T07:55:24.206418000Z DEBUG solana_bpf_loader_program] Program 8opHzTAnfzRpPEx21XtnrVTX28YQuCpAjcn1PczScKh consumed 12494 of 200000 compute units
[2022-02-12T07:55:24.206470000Z DEBUG solana_program_runtime::stable_log] Program 8opHzTAnfzRpPEx21XtnrVTX28YQuCpAjcn1PczScKh success
[2022-02-12T07:55:24.216621000Z DEBUG solana_program_runtime::stable_log] Program 8opHzTAnfzRpPEx21XtnrVTX28YQuCpAjcn1PczScKh invoke [1]
[2022-02-12T07:55:24.217065000Z DEBUG solana_program_runtime::stable_log] Program log: Mango: UpdateFunding
[2022-02-12T07:55:24.218181000Z DEBUG solana_program_runtime::stable_log] Program log: mango-log
[2022-02-12T07:55:24.218800000Z DEBUG solana_program_runtime::stable_log] Program log: ta5iwCEXTXunbhvP8sZoiDTB3W1sGOUIJSpL/q4ynvukV/yhD7wPrwAAAAAAAAAAAAAAAAAAAAAAAAAAAAAAAAAAAAAAAAAAAAAAAAAAAAA=
[2022-02-12T07:55:24.218945000Z DEBUG solana_bpf_loader_program] Program 8opHzTAnfzRpPEx21XtnrVTX28YQuCpAjcn1PczScKh consumed 6381 of 200000 compute units
[2022-02-12T07:55:24.219014000Z DEBUG solana_program_runtime::stable_log] Program 8opHzTAnfzRpPEx21XtnrVTX28YQuCpAjcn1PczScKh success
[2022-02-12T07:55:24.229769000Z DEBUG solana_program_runtime::stable_log] Program 8opHzTAnfzRpPEx21XtnrVTX28YQuCpAjcn1PczScKh invoke [1]
[2022-02-12T07:55:24.230209000Z DEBUG solana_program_runtime::stable_log] Program log: Mango: UpdateFunding
[2022-02-12T07:55:24.231314000Z DEBUG solana_program_runtime::stable_log] Program log: mango-log
[2022-02-12T07:55:24.231921000Z DEBUG solana_program_runtime::stable_log] Program log: ta5iwCEXTXunbhvP8sZoiDTB3W1sGOUIJSpL/q4ynvukV/yhD7wPrwEAAAAAAAAAAAAAAAAAAAAAAAAAAAAAAAAAAAAAAAAAAAAAAAAAAAA=
[2022-02-12T07:55:24.232068000Z DEBUG solana_bpf_loader_program] Program 8opHzTAnfzRpPEx21XtnrVTX28YQuCpAjcn1PczScKh consumed 6421 of 200000 compute units
[2022-02-12T07:55:24.232132000Z DEBUG solana_program_runtime::stable_log] Program 8opHzTAnfzRpPEx21XtnrVTX28YQuCpAjcn1PczScKh success
[2022-02-12T07:55:24.242709000Z DEBUG solana_program_runtime::stable_log] Program 8opHzTAnfzRpPEx21XtnrVTX28YQuCpAjcn1PczScKh invoke [1]
[2022-02-12T07:55:24.243150000Z DEBUG solana_program_runtime::stable_log] Program log: Mango: UpdateFunding
[2022-02-12T07:55:24.244282000Z DEBUG solana_program_runtime::stable_log] Program log: mango-log
[2022-02-12T07:55:24.244888000Z DEBUG solana_program_runtime::stable_log] Program log: ta5iwCEXTXunbhvP8sZoiDTB3W1sGOUIJSpL/q4ynvukV/yhD7wPrwIAAAAAAAAAAAAAAAAAAAAAAAAAAAAAAAAAAAAAAAAAAAAAAAAAAAA=
[2022-02-12T07:55:24.245039000Z DEBUG solana_bpf_loader_program] Program 8opHzTAnfzRpPEx21XtnrVTX28YQuCpAjcn1PczScKh consumed 6460 of 200000 compute units
[2022-02-12T07:55:24.245104000Z DEBUG solana_program_runtime::stable_log] Program 8opHzTAnfzRpPEx21XtnrVTX28YQuCpAjcn1PczScKh success
[2022-02-12T07:55:24.255760000Z DEBUG solana_program_runtime::stable_log] Program 8opHzTAnfzRpPEx21XtnrVTX28YQuCpAjcn1PczScKh invoke [1]
[2022-02-12T07:55:24.256219000Z DEBUG solana_program_runtime::stable_log] Program log: Mango: UpdateFunding
[2022-02-12T07:55:24.257363000Z DEBUG solana_program_runtime::stable_log] Program log: mango-log
[2022-02-12T07:55:24.257973000Z DEBUG solana_program_runtime::stable_log] Program log: ta5iwCEXTXunbhvP8sZoiDTB3W1sGOUIJSpL/q4ynvukV/yhD7wPrwMAAAAAAAAAAAAAAAAAAAAAAAAAAAAAAAAAAAAAAAAAAAAAAAAAAAA=
[2022-02-12T07:55:24.258121000Z DEBUG solana_bpf_loader_program] Program 8opHzTAnfzRpPEx21XtnrVTX28YQuCpAjcn1PczScKh consumed 6499 of 200000 compute units
[2022-02-12T07:55:24.258186000Z DEBUG solana_program_runtime::stable_log] Program 8opHzTAnfzRpPEx21XtnrVTX28YQuCpAjcn1PczScKh success
[2022-02-12T07:55:24.268713000Z DEBUG solana_program_runtime::stable_log] Program 8opHzTAnfzRpPEx21XtnrVTX28YQuCpAjcn1PczScKh invoke [1]
[2022-02-12T07:55:24.269155000Z DEBUG solana_program_runtime::stable_log] Program log: Mango: UpdateFunding
[2022-02-12T07:55:24.270319000Z DEBUG solana_program_runtime::stable_log] Program log: mango-log
[2022-02-12T07:55:24.270927000Z DEBUG solana_program_runtime::stable_log] Program log: ta5iwCEXTXunbhvP8sZoiDTB3W1sGOUIJSpL/q4ynvukV/yhD7wPrwQAAAAAAAAAAAAAAAAAAAAAAAAAAAAAAAAAAAAAAAAAAAAAAAAAAAA=
[2022-02-12T07:55:24.271077000Z DEBUG solana_bpf_loader_program] Program 8opHzTAnfzRpPEx21XtnrVTX28YQuCpAjcn1PczScKh consumed 6538 of 200000 compute units
[2022-02-12T07:55:24.271140000Z DEBUG solana_program_runtime::stable_log] Program 8opHzTAnfzRpPEx21XtnrVTX28YQuCpAjcn1PczScKh success
[2022-02-12T07:55:24.281643000Z DEBUG solana_program_runtime::stable_log] Program 8opHzTAnfzRpPEx21XtnrVTX28YQuCpAjcn1PczScKh invoke [1]
[2022-02-12T07:55:24.282089000Z DEBUG solana_program_runtime::stable_log] Program log: Mango: UpdateFunding
[2022-02-12T07:55:24.283247000Z DEBUG solana_program_runtime::stable_log] Program log: mango-log
[2022-02-12T07:55:24.283854000Z DEBUG solana_program_runtime::stable_log] Program log: ta5iwCEXTXunbhvP8sZoiDTB3W1sGOUIJSpL/q4ynvukV/yhD7wPrwUAAAAAAAAAAAAAAAAAAAAAAAAAAAAAAAAAAAAAAAAAAAAAAAAAAAA=
[2022-02-12T07:55:24.284001000Z DEBUG solana_bpf_loader_program] Program 8opHzTAnfzRpPEx21XtnrVTX28YQuCpAjcn1PczScKh consumed 6577 of 200000 compute units
[2022-02-12T07:55:24.284068000Z DEBUG solana_program_runtime::stable_log] Program 8opHzTAnfzRpPEx21XtnrVTX28YQuCpAjcn1PczScKh success
[2022-02-12T07:55:24.294635000Z DEBUG solana_program_runtime::stable_log] Program 8opHzTAnfzRpPEx21XtnrVTX28YQuCpAjcn1PczScKh invoke [1]
[2022-02-12T07:55:24.295086000Z DEBUG solana_program_runtime::stable_log] Program log: Mango: UpdateFunding
[2022-02-12T07:55:24.296263000Z DEBUG solana_program_runtime::stable_log] Program log: mango-log
[2022-02-12T07:55:24.296872000Z DEBUG solana_program_runtime::stable_log] Program log: ta5iwCEXTXunbhvP8sZoiDTB3W1sGOUIJSpL/q4ynvukV/yhD7wPrwYAAAAAAAAAAAAAAAAAAAAAAAAAAAAAAAAAAAAAAAAAAAAAAAAAAAA=
[2022-02-12T07:55:24.297021000Z DEBUG solana_bpf_loader_program] Program 8opHzTAnfzRpPEx21XtnrVTX28YQuCpAjcn1PczScKh consumed 6616 of 200000 compute units
[2022-02-12T07:55:24.297088000Z DEBUG solana_program_runtime::stable_log] Program 8opHzTAnfzRpPEx21XtnrVTX28YQuCpAjcn1PczScKh success
[2022-02-12T07:55:24.308696000Z DEBUG solana_program_runtime::stable_log] Program 8opHzTAnfzRpPEx21XtnrVTX28YQuCpAjcn1PczScKh invoke [1]
[2022-02-12T07:55:24.309149000Z DEBUG solana_program_runtime::stable_log] Program log: Mango: UpdateFunding
[2022-02-12T07:55:24.310337000Z DEBUG solana_program_runtime::stable_log] Program log: mango-log
[2022-02-12T07:55:24.310944000Z DEBUG solana_program_runtime::stable_log] Program log: ta5iwCEXTXunbhvP8sZoiDTB3W1sGOUIJSpL/q4ynvukV/yhD7wPrwcAAAAAAAAAAAAAAAAAAAAAAAAAAAAAAAAAAAAAAAAAAAAAAAAAAAA=
[2022-02-12T07:55:24.311088000Z DEBUG solana_bpf_loader_program] Program 8opHzTAnfzRpPEx21XtnrVTX28YQuCpAjcn1PczScKh consumed 6655 of 200000 compute units
[2022-02-12T07:55:24.311155000Z DEBUG solana_program_runtime::stable_log] Program 8opHzTAnfzRpPEx21XtnrVTX28YQuCpAjcn1PczScKh success
[2022-02-12T07:55:24.321579000Z DEBUG solana_program_runtime::stable_log] Program 8opHzTAnfzRpPEx21XtnrVTX28YQuCpAjcn1PczScKh invoke [1]
[2022-02-12T07:55:24.322044000Z DEBUG solana_program_runtime::stable_log] Program log: Mango: UpdateFunding
[2022-02-12T07:55:24.323273000Z DEBUG solana_program_runtime::stable_log] Program log: mango-log
[2022-02-12T07:55:24.323886000Z DEBUG solana_program_runtime::stable_log] Program log: ta5iwCEXTXunbhvP8sZoiDTB3W1sGOUIJSpL/q4ynvukV/yhD7wPrwgAAAAAAAAAAAAAAAAAAAAAAAAAAAAAAAAAAAAAAAAAAAAAAAAAAAA=
[2022-02-12T07:55:24.324034000Z DEBUG solana_bpf_loader_program] Program 8opHzTAnfzRpPEx21XtnrVTX28YQuCpAjcn1PczScKh consumed 6694 of 200000 compute units
[2022-02-12T07:55:24.324100000Z DEBUG solana_program_runtime::stable_log] Program 8opHzTAnfzRpPEx21XtnrVTX28YQuCpAjcn1PczScKh success
[2022-02-12T07:55:24.335732000Z DEBUG solana_program_runtime::stable_log] Program 8opHzTAnfzRpPEx21XtnrVTX28YQuCpAjcn1PczScKh invoke [1]
[2022-02-12T07:55:24.336178000Z DEBUG solana_program_runtime::stable_log] Program log: Mango: UpdateFunding
[2022-02-12T07:55:24.337398000Z DEBUG solana_program_runtime::stable_log] Program log: mango-log
[2022-02-12T07:55:24.338006000Z DEBUG solana_program_runtime::stable_log] Program log: ta5iwCEXTXunbhvP8sZoiDTB3W1sGOUIJSpL/q4ynvukV/yhD7wPrwkAAAAAAAAAAAAAAAAAAAAAAAAAAAAAAAAAAAAAAAAAAAAAAAAAAAA=
[2022-02-12T07:55:24.338155000Z DEBUG solana_bpf_loader_program] Program 8opHzTAnfzRpPEx21XtnrVTX28YQuCpAjcn1PczScKh consumed 6733 of 200000 compute units
[2022-02-12T07:55:24.338223000Z DEBUG solana_program_runtime::stable_log] Program 8opHzTAnfzRpPEx21XtnrVTX28YQuCpAjcn1PczScKh success
[2022-02-12T07:55:24.348681000Z DEBUG solana_program_runtime::stable_log] Program 8opHzTAnfzRpPEx21XtnrVTX28YQuCpAjcn1PczScKh invoke [1]
[2022-02-12T07:55:24.349129000Z DEBUG solana_program_runtime::stable_log] Program log: Mango: UpdateFunding
[2022-02-12T07:55:24.350360000Z DEBUG solana_program_runtime::stable_log] Program log: mango-log
[2022-02-12T07:55:24.350973000Z DEBUG solana_program_runtime::stable_log] Program log: ta5iwCEXTXunbhvP8sZoiDTB3W1sGOUIJSpL/q4ynvukV/yhD7wPrwoAAAAAAAAAAAAAAAAAAAAAAAAAAAAAAAAAAAAAAAAAAAAAAAAAAAA=
[2022-02-12T07:55:24.351120000Z DEBUG solana_bpf_loader_program] Program 8opHzTAnfzRpPEx21XtnrVTX28YQuCpAjcn1PczScKh consumed 6772 of 200000 compute units
[2022-02-12T07:55:24.351183000Z DEBUG solana_program_runtime::stable_log] Program 8opHzTAnfzRpPEx21XtnrVTX28YQuCpAjcn1PczScKh success
[2022-02-12T07:55:24.361646000Z DEBUG solana_program_runtime::stable_log] Program 8opHzTAnfzRpPEx21XtnrVTX28YQuCpAjcn1PczScKh invoke [1]
[2022-02-12T07:55:24.362092000Z DEBUG solana_program_runtime::stable_log] Program log: Mango: UpdateFunding
[2022-02-12T07:55:24.363332000Z DEBUG solana_program_runtime::stable_log] Program log: mango-log
[2022-02-12T07:55:24.363937000Z DEBUG solana_program_runtime::stable_log] Program log: ta5iwCEXTXunbhvP8sZoiDTB3W1sGOUIJSpL/q4ynvukV/yhD7wPrwsAAAAAAAAAAAAAAAAAAAAAAAAAAAAAAAAAAAAAAAAAAAAAAAAAAAA=
[2022-02-12T07:55:24.364083000Z DEBUG solana_bpf_loader_program] Program 8opHzTAnfzRpPEx21XtnrVTX28YQuCpAjcn1PczScKh consumed 6811 of 200000 compute units
[2022-02-12T07:55:24.364146000Z DEBUG solana_program_runtime::stable_log] Program 8opHzTAnfzRpPEx21XtnrVTX28YQuCpAjcn1PczScKh success
[2022-02-12T07:55:24.374754000Z DEBUG solana_program_runtime::stable_log] Program 8opHzTAnfzRpPEx21XtnrVTX28YQuCpAjcn1PczScKh invoke [1]
[2022-02-12T07:55:24.375208000Z DEBUG solana_program_runtime::stable_log] Program log: Mango: UpdateFunding
[2022-02-12T07:55:24.376467000Z DEBUG solana_program_runtime::stable_log] Program log: mango-log
[2022-02-12T07:55:24.377077000Z DEBUG solana_program_runtime::stable_log] Program log: ta5iwCEXTXunbhvP8sZoiDTB3W1sGOUIJSpL/q4ynvukV/yhD7wPrwwAAAAAAAAAAAAAAAAAAAAAAAAAAAAAAAAAAAAAAAAAAAAAAAAAAAA=
[2022-02-12T07:55:24.377224000Z DEBUG solana_bpf_loader_program] Program 8opHzTAnfzRpPEx21XtnrVTX28YQuCpAjcn1PczScKh consumed 6850 of 200000 compute units
[2022-02-12T07:55:24.377292000Z DEBUG solana_program_runtime::stable_log] Program 8opHzTAnfzRpPEx21XtnrVTX28YQuCpAjcn1PczScKh success
[2022-02-12T07:55:24.388514000Z DEBUG solana_program_runtime::stable_log] Program 8opHzTAnfzRpPEx21XtnrVTX28YQuCpAjcn1PczScKh invoke [1]
[2022-02-12T07:55:24.388960000Z DEBUG solana_program_runtime::stable_log] Program log: Mango: UpdateFunding
[2022-02-12T07:55:24.390224000Z DEBUG solana_program_runtime::stable_log] Program log: mango-log
[2022-02-12T07:55:24.390838000Z DEBUG solana_program_runtime::stable_log] Program log: ta5iwCEXTXunbhvP8sZoiDTB3W1sGOUIJSpL/q4ynvukV/yhD7wPrw0AAAAAAAAAAAAAAAAAAAAAAAAAAAAAAAAAAAAAAAAAAAAAAAAAAAA=
[2022-02-12T07:55:24.390984000Z DEBUG solana_bpf_loader_program] Program 8opHzTAnfzRpPEx21XtnrVTX28YQuCpAjcn1PczScKh consumed 6889 of 200000 compute units
[2022-02-12T07:55:24.391047000Z DEBUG solana_program_runtime::stable_log] Program 8opHzTAnfzRpPEx21XtnrVTX28YQuCpAjcn1PczScKh success
[2022-02-12T07:55:24.401506000Z DEBUG solana_program_runtime::stable_log] Program 8opHzTAnfzRpPEx21XtnrVTX28YQuCpAjcn1PczScKh invoke [1]
[2022-02-12T07:55:24.401952000Z DEBUG solana_program_runtime::stable_log] Program log: Mango: UpdateFunding
[2022-02-12T07:55:24.403231000Z DEBUG solana_program_runtime::stable_log] Program log: mango-log
[2022-02-12T07:55:24.403842000Z DEBUG solana_program_runtime::stable_log] Program log: ta5iwCEXTXunbhvP8sZoiDTB3W1sGOUIJSpL/q4ynvukV/yhD7wPrw4AAAAAAAAAAAAAAAAAAAAAAAAAAAAAAAAAAAAAAAAAAAAAAAAAAAA=
[2022-02-12T07:55:24.403988000Z DEBUG solana_bpf_loader_program] Program 8opHzTAnfzRpPEx21XtnrVTX28YQuCpAjcn1PczScKh consumed 6928 of 200000 compute units
[2022-02-12T07:55:24.404051000Z DEBUG solana_program_runtime::stable_log] Program 8opHzTAnfzRpPEx21XtnrVTX28YQuCpAjcn1PczScKh success
[2022-02-12T07:55:24.418097000Z DEBUG solana_program_runtime::stable_log] Program 8opHzTAnfzRpPEx21XtnrVTX28YQuCpAjcn1PczScKh invoke [1]
[2022-02-12T07:55:24.419259000Z DEBUG solana_program_runtime::stable_log] Program log: Mango: CacheRootBanks
[2022-02-12T07:55:24.423017000Z DEBUG solana_program_runtime::stable_log] Program log: mango-log
[2022-02-12T07:55:24.425899000Z DEBUG solana_program_runtime::stable_log] Program log: IVXYca/GfeinbhvP8sZoiDTB3W1sGOUIJSpL/q4ynvukV/yhD7wPrxAAAAAAAAAAAAAAAAEAAAAAAAAAAgAAAAAAAAADAAAAAAAAAAQAAAAAAAAABQAAAAAAAAAGAAAAAAAAAAcAAAAAAAAACAAAAAAAAAAJAAAAAAAAAAoAAAAAAAAACwAAAAAAAAAMAAAAAAAAAA0AAAAAAAAADgAAAAAAAAAPAAAAAAAAABAAAAAAAAAAAABAQg8AAAAAAAAAAAAAAAAAQEIPAAAAAAAAAAAAAAAAAEBCDwAAAAAAAAAAAAAAAABAQg8AAAAAAAAAAAAAAAAAQEIPAAAAAAAAAAAAAAAAAEBCDwAAAAAAAAAAAAAAAABAQg8AAAAAAAAAAAAAAAAAQEIPAAAAAAAAAAAAAAAAAEBCDwAAAAAAAAAAAAAAAABAQg8AAAAAAAAAAAAAAAAAQEIPAAAAAAAAAAAAAAAAAEBCDwAAAAAAAAAAAAAAAABAQg8AAAAAAAAAAAAAAAAAQEIPAAAAAAAAAAAAAAAAAEBCDwAAAAAAAAAAAAAAAABAQg8AAAAAAAAAEAAAAAAAAAAAAEBCDwAAAAAAAAAAAAAAAABAQg8AAAAAAAAAAAAAAAAAQEIPAAAAAAAAAAAAAAAAAEBCDwAAAAAAAAAAAAAAAABAQg8AAAAAAAAAAAAAAAAAQEIPAAAAAAAAAAAAAAAAAEBCDwAAAAAAAAAAAAAAAABAQg8AAAAAAAAAAAAAAAAAQEIPAAAAAAAAAAAAAAAAAEBCDwAAAAAAAAAAAAAAAABAQg8AAAAAAAAAAAAAAAAAQEIPAAAAAAAAAAAAAAAAAEBCDwAAAAAAAAAAAAAAAABAQg8AAAAAAAAAAAAAAAAAQEIPAAAAAAAAAAAAAAAAAEBCDwAAAAAAAAA=
[2022-02-12T07:55:24.426311000Z DEBUG solana_bpf_loader_program] Program 8opHzTAnfzRpPEx21XtnrVTX28YQuCpAjcn1PczScKh consumed 24418 of 200000 compute units
[2022-02-12T07:55:24.426385000Z DEBUG solana_program_runtime::stable_log] Program 8opHzTAnfzRpPEx21XtnrVTX28YQuCpAjcn1PczScKh success
[2022-02-12T07:55:24.440369000Z DEBUG solana_program_runtime::stable_log] Program 8opHzTAnfzRpPEx21XtnrVTX28YQuCpAjcn1PczScKh invoke [1]
[2022-02-12T07:55:24.441475000Z DEBUG solana_program_runtime::stable_log] Program log: Mango: CachePerpMarkets
[2022-02-12T07:55:24.445167000Z DEBUG solana_program_runtime::stable_log] Program log: mango-log
[2022-02-12T07:55:24.447850000Z DEBUG solana_program_runtime::stable_log] Program log: 9lt9JxCzqw6nbhvP8sZoiDTB3W1sGOUIJSpL/q4ynvukV/yhD7wPrw8AAAAAAAAAAAAAAAEAAAAAAAAAAgAAAAAAAAADAAAAAAAAAAQAAAAAAAAABQAAAAAAAAAGAAAAAAAAAAcAAAAAAAAACAAAAAAAAAAJAAAAAAAAAAoAAAAAAAAACwAAAAAAAAAMAAAAAAAAAA0AAAAAAAAADgAAAAAAAAAPAAAAAAAAAAAAAAAAAAAAAAAAAAAAAAAAAAAAAAAAAAAAAAAAAAAAAAAAAAAAAAAAAAAAAAAAAAAAAAAAAAAAAAAAAAAAAAAAAAAAAAAAAAAAAAAAAAAAAAAAAAAAAAAAAAAAAAAAAAAAAAAAAAAAAAAAAAAAAAAAAAAAAAAAAAAAAAAAAAAAAAAAAAAAAAAAAAAAAAAAAAAAAAAAAAAAAAAAAAAAAAAAAAAAAAAAAAAAAAAAAAAAAAAAAAAAAAAAAAAAAAAAAAAAAAAAAAAAAAAAAAAAAAAAAAAAAAAAAAAAAAAAAAAAAAAAAAAAAAAAAAAADwAAAAAAAAAAAAAAAAAAAAAAAAAAAAAAAAAAAAAAAAAAAAAAAAAAAAAAAAAAAAAAAAAAAAAAAAAAAAAAAAAAAAAAAAAAAAAAAAAAAAAAAAAAAAAAAAAAAAAAAAAAAAAAAAAAAAAAAAAAAAAAAAAAAAAAAAAAAAAAAAAAAAAAAAAAAAAAAAAAAAAAAAAAAAAAAAAAAAAAAAAAAAAAAAAAAAAAAAAAAAAAAAAAAAAAAAAAAAAAAAAAAAAAAAAAAAAAAAAAAAAAAAAAAAAAAAAAAAAAAAAAAAAAAAAAAAAAAAAAAAAAAAAAAAAAAAAAAAAAAAAAAA==
[2022-02-12T07:55:24.448243000Z DEBUG solana_bpf_loader_program] Program 8opHzTAnfzRpPEx21XtnrVTX28YQuCpAjcn1PczScKh consumed 23463 of 200000 compute units
[2022-02-12T07:55:24.448314000Z DEBUG solana_program_runtime::stable_log] Program 8opHzTAnfzRpPEx21XtnrVTX28YQuCpAjcn1PczScKh success
[2022-02-12T07:55:24.463541000Z DEBUG solana_program_runtime::stable_log] Program 8opHzTAnfzRpPEx21XtnrVTX28YQuCpAjcn1PczScKh invoke [1]
[2022-02-12T07:55:24.464978000Z DEBUG solana_program_runtime::stable_log] Program log: Mango: LiquidateTokenAndToken
[2022-02-12T07:55:24.476615000Z DEBUG solana_program_runtime::stable_log] Program log: mango-log
[2022-02-12T07:55:24.477349000Z DEBUG solana_program_runtime::stable_log] Program log: F5qwwQsqqPSnbhvP8sZoiDTB3W1sGOUIJSpL/q4ynvukV/yhD7wPr14EXwKUknDvC82XypHRmqcTJRpr95d8qBri17S2HigkDwAAAAAAAAAAAAAAAAAAAAAAAAAAAAAAM77+////Fk4AAAAAAAAAAA==
[2022-02-12T07:55:24.477393000Z DEBUG solana_program_runtime::stable_log] Program log: mango-log
[2022-02-12T07:55:24.478127000Z DEBUG solana_program_runtime::stable_log] Program log: F5qwwQsqqPSnbhvP8sZoiDTB3W1sGOUIJSpL/q4ynvukV/yhD7wPr/VwMIZuvFHQB+4BiQY+Ioei6qoPR+RzhDMRu6+mNGXfDwAAAAAAAAAzvv7///8PJwAAAAAAAAAAAAAAAAAAAAAAAAAAAAAAAA==
[2022-02-12T07:55:24.478690000Z DEBUG solana_program_runtime::stable_log] Program log: mango-log
[2022-02-12T07:55:24.479424000Z DEBUG solana_program_runtime::stable_log] Program log: F5qwwQsqqPSnbhvP8sZoiDTB3W1sGOUIJSpL/q4ynvukV/yhD7wPr/VwMIZuvFHQB+4BiQY+Ioei6qoPR+RzhDMRu6+mNGXfAAAAAAAAAADv2P////8CAAAAAAAAAAAAAAAAAAAAAAAAAAAAAAAAAA==
[2022-02-12T07:55:24.479466000Z DEBUG solana_program_runtime::stable_log] Program log: mango-log
[2022-02-12T07:55:24.480206000Z DEBUG solana_program_runtime::stable_log] Program log: F5qwwQsqqPSnbhvP8sZoiDTB3W1sGOUIJSpL/q4ynvukV/yhD7wPr14EXwKUknDvC82XypHRmqcTJRpr95d8qBri17S2HigkAAAAAAAAAAARJwAAAAAAAAAAAAAAAAAAAAAAAAAAAAAAAAAAAAAAAA==
[2022-02-12T07:55:24.481800000Z DEBUG solana_program_runtime::stable_log] Program log: mango-log
[2022-02-12T07:55:24.482853000Z DEBUG solana_program_runtime::stable_log] Program log: cO8nQbWsEVSnbhvP8sZoiDTB3W1sGOUIJSpL/q4ynvukV/yhD7wPr14EXwKUknDvC82XypHRmqcTJRpr95d8qBri17S2Higk9XAwhm68UdAH7gGJBj4ih6Lqqg9H5HOEMxG7r6Y0Zd8AAAAAAAAAAA8AAAAAAAAAAAAAAAAAAAAAAAAAAAAAAAAAAAAAAAAAAAAAAAAAAADzbQAAAAAAAAAAAAAAAAAAAAAAAAAAAQAAAAAAAAAAAAA=
[2022-02-12T07:55:24.483268000Z DEBUG solana_bpf_loader_program] Program 8opHzTAnfzRpPEx21XtnrVTX28YQuCpAjcn1PczScKh consumed 59271 of 200000 compute units
[2022-02-12T07:55:24.483351000Z DEBUG solana_program_runtime::stable_log] Program 8opHzTAnfzRpPEx21XtnrVTX28YQuCpAjcn1PczScKh success
[2022-02-12T07:55:24.520364000Z DEBUG solana_program_runtime::stable_log] Program 8opHzTAnfzRpPEx21XtnrVTX28YQuCpAjcn1PczScKh invoke [1]
[2022-02-12T07:55:24.521505000Z DEBUG solana_program_runtime::stable_log] Program log: Mango: CachePrices
[2022-02-12T07:55:24.524570000Z DEBUG solana_program_runtime::stable_log] Program log: mango-log
[2022-02-12T07:55:24.526376000Z DEBUG solana_program_runtime::stable_log] Program log: ux0uSxX5tBunbhvP8sZoiDTB3W1sGOUIJSpL/q4ynvukV/yhD7wPrw8AAAAAAAAAAAAAAAEAAAAAAAAAAgAAAAAAAAADAAAAAAAAAAQAAAAAAAAABQAAAAAAAAAGAAAAAAAAAAcAAAAAAAAACAAAAAAAAAAJAAAAAAAAAAoAAAAAAAAACwAAAAAAAAAMAAAAAAAAAA0AAAAAAAAADgAAAAAAAAAPAAAA820AAAAAAAAAAAAAAAAAAPNtAAAAAAAAAAAAAAAAAADzbQAAAAAAAAAAAAAAAAAA820AAAAAAAAAAAAAAAAAABwAAAAAAAAAAAAAAAAAAADzbQAAAAAAAAAAAAAAAAAA820AAAAAAAAAAAAAAAAAAPNtAAAAAAAAAAAAAAAAAADzbQAAAAAAAAAAAAAAAAAA820AAAAAAAAAAAAAAAAAAPNtAAAAAAAAAAAAAAAAAADzbQAAAAAAAAAAAAAAAAAA820AAAAAAAAAAAAAAAAAAPNtAAAAAAAAAAAAAAAAAADzbQAAAAAAAAAAAAAAAAAA
[2022-02-12T07:55:24.526761000Z DEBUG solana_bpf_loader_program] Program 8opHzTAnfzRpPEx21XtnrVTX28YQuCpAjcn1PczScKh consumed 18318 of 200000 compute units
[2022-02-12T07:55:24.526837000Z DEBUG solana_program_runtime::stable_log] Program 8opHzTAnfzRpPEx21XtnrVTX28YQuCpAjcn1PczScKh success
[2022-02-12T07:55:24.536959000Z DEBUG solana_program_runtime::stable_log] Program 8opHzTAnfzRpPEx21XtnrVTX28YQuCpAjcn1PczScKh invoke [1]
[2022-02-12T07:55:24.537355000Z DEBUG solana_program_runtime::stable_log] Program log: Mango: UpdateRootBank
[2022-02-12T07:55:24.539418000Z DEBUG solana_program_runtime::stable_log] Program log: mango-log
[2022-02-12T07:55:24.540023000Z DEBUG solana_program_runtime::stable_log] Program log: 8HmBNKTUaLinbhvP8sZoiDTB3W1sGOUIJSpL/q4ynvukV/yhD7wPrwAAAAAAAAAAAAAAAAAAQEIPAAAAAAAAAAAAAAAAAEBCDwAAAAAAAAA=
[2022-02-12T07:55:24.540146000Z DEBUG solana_bpf_loader_program] Program 8opHzTAnfzRpPEx21XtnrVTX28YQuCpAjcn1PczScKh consumed 9360 of 200000 compute units
[2022-02-12T07:55:24.540198000Z DEBUG solana_program_runtime::stable_log] Program 8opHzTAnfzRpPEx21XtnrVTX28YQuCpAjcn1PczScKh success
[2022-02-12T07:55:24.550119000Z DEBUG solana_program_runtime::stable_log] Program 8opHzTAnfzRpPEx21XtnrVTX28YQuCpAjcn1PczScKh invoke [1]
[2022-02-12T07:55:24.550505000Z DEBUG solana_program_runtime::stable_log] Program log: Mango: UpdateRootBank
[2022-02-12T07:55:24.552585000Z DEBUG solana_program_runtime::stable_log] Program log: mango-log
[2022-02-12T07:55:24.553194000Z DEBUG solana_program_runtime::stable_log] Program log: 8HmBNKTUaLinbhvP8sZoiDTB3W1sGOUIJSpL/q4ynvukV/yhD7wPrwEAAAAAAAAAAAAAAAAAQEIPAAAAAAAAAAAAAAAAAEBCDwAAAAAAAAA=
[2022-02-12T07:55:24.553316000Z DEBUG solana_bpf_loader_program] Program 8opHzTAnfzRpPEx21XtnrVTX28YQuCpAjcn1PczScKh consumed 9400 of 200000 compute units
[2022-02-12T07:55:24.553368000Z DEBUG solana_program_runtime::stable_log] Program 8opHzTAnfzRpPEx21XtnrVTX28YQuCpAjcn1PczScKh success
[2022-02-12T07:55:24.563284000Z DEBUG solana_program_runtime::stable_log] Program 8opHzTAnfzRpPEx21XtnrVTX28YQuCpAjcn1PczScKh invoke [1]
[2022-02-12T07:55:24.563675000Z DEBUG solana_program_runtime::stable_log] Program log: Mango: UpdateRootBank
[2022-02-12T07:55:24.565762000Z DEBUG solana_program_runtime::stable_log] Program log: mango-log
[2022-02-12T07:55:24.566365000Z DEBUG solana_program_runtime::stable_log] Program log: 8HmBNKTUaLinbhvP8sZoiDTB3W1sGOUIJSpL/q4ynvukV/yhD7wPrwIAAAAAAAAAAAAAAAAAQEIPAAAAAAAAAAAAAAAAAEBCDwAAAAAAAAA=
[2022-02-12T07:55:24.566487000Z DEBUG solana_bpf_loader_program] Program 8opHzTAnfzRpPEx21XtnrVTX28YQuCpAjcn1PczScKh consumed 9439 of 200000 compute units
[2022-02-12T07:55:24.566539000Z DEBUG solana_program_runtime::stable_log] Program 8opHzTAnfzRpPEx21XtnrVTX28YQuCpAjcn1PczScKh success
[2022-02-12T07:55:24.576473000Z DEBUG solana_program_runtime::stable_log] Program 8opHzTAnfzRpPEx21XtnrVTX28YQuCpAjcn1PczScKh invoke [1]
[2022-02-12T07:55:24.576859000Z DEBUG solana_program_runtime::stable_log] Program log: Mango: UpdateRootBank
[2022-02-12T07:55:24.578963000Z DEBUG solana_program_runtime::stable_log] Program log: mango-log
[2022-02-12T07:55:24.579569000Z DEBUG solana_program_runtime::stable_log] Program log: 8HmBNKTUaLinbhvP8sZoiDTB3W1sGOUIJSpL/q4ynvukV/yhD7wPrwMAAAAAAAAAAAAAAAAAQEIPAAAAAAAAAAAAAAAAAEBCDwAAAAAAAAA=
[2022-02-12T07:55:24.579691000Z DEBUG solana_bpf_loader_program] Program 8opHzTAnfzRpPEx21XtnrVTX28YQuCpAjcn1PczScKh consumed 9478 of 200000 compute units
[2022-02-12T07:55:24.579742000Z DEBUG solana_program_runtime::stable_log] Program 8opHzTAnfzRpPEx21XtnrVTX28YQuCpAjcn1PczScKh success
[2022-02-12T07:55:24.589704000Z DEBUG solana_program_runtime::stable_log] Program 8opHzTAnfzRpPEx21XtnrVTX28YQuCpAjcn1PczScKh invoke [1]
[2022-02-12T07:55:24.590089000Z DEBUG solana_program_runtime::stable_log] Program log: Mango: UpdateRootBank
[2022-02-12T07:55:24.592205000Z DEBUG solana_program_runtime::stable_log] Program log: mango-log
[2022-02-12T07:55:24.592807000Z DEBUG solana_program_runtime::stable_log] Program log: 8HmBNKTUaLinbhvP8sZoiDTB3W1sGOUIJSpL/q4ynvukV/yhD7wPrwQAAAAAAAAAAAAAAAAAQEIPAAAAAAAAAAAAAAAAAEBCDwAAAAAAAAA=
[2022-02-12T07:55:24.592929000Z DEBUG solana_bpf_loader_program] Program 8opHzTAnfzRpPEx21XtnrVTX28YQuCpAjcn1PczScKh consumed 9517 of 200000 compute units
[2022-02-12T07:55:24.592982000Z DEBUG solana_program_runtime::stable_log] Program 8opHzTAnfzRpPEx21XtnrVTX28YQuCpAjcn1PczScKh success
[2022-02-12T07:55:24.603758000Z DEBUG solana_program_runtime::stable_log] Program 8opHzTAnfzRpPEx21XtnrVTX28YQuCpAjcn1PczScKh invoke [1]
[2022-02-12T07:55:24.604148000Z DEBUG solana_program_runtime::stable_log] Program log: Mango: UpdateRootBank
[2022-02-12T07:55:24.606276000Z DEBUG solana_program_runtime::stable_log] Program log: mango-log
[2022-02-12T07:55:24.606882000Z DEBUG solana_program_runtime::stable_log] Program log: 8HmBNKTUaLinbhvP8sZoiDTB3W1sGOUIJSpL/q4ynvukV/yhD7wPrwUAAAAAAAAAAAAAAAAAQEIPAAAAAAAAAAAAAAAAAEBCDwAAAAAAAAA=
[2022-02-12T07:55:24.607004000Z DEBUG solana_bpf_loader_program] Program 8opHzTAnfzRpPEx21XtnrVTX28YQuCpAjcn1PczScKh consumed 9556 of 200000 compute units
[2022-02-12T07:55:24.607056000Z DEBUG solana_program_runtime::stable_log] Program 8opHzTAnfzRpPEx21XtnrVTX28YQuCpAjcn1PczScKh success
[2022-02-12T07:55:24.616971000Z DEBUG solana_program_runtime::stable_log] Program 8opHzTAnfzRpPEx21XtnrVTX28YQuCpAjcn1PczScKh invoke [1]
[2022-02-12T07:55:24.617358000Z DEBUG solana_program_runtime::stable_log] Program log: Mango: UpdateRootBank
[2022-02-12T07:55:24.619497000Z DEBUG solana_program_runtime::stable_log] Program log: mango-log
[2022-02-12T07:55:24.620098000Z DEBUG solana_program_runtime::stable_log] Program log: 8HmBNKTUaLinbhvP8sZoiDTB3W1sGOUIJSpL/q4ynvukV/yhD7wPrwYAAAAAAAAAAAAAAAAAQEIPAAAAAAAAAAAAAAAAAEBCDwAAAAAAAAA=
[2022-02-12T07:55:24.620220000Z DEBUG solana_bpf_loader_program] Program 8opHzTAnfzRpPEx21XtnrVTX28YQuCpAjcn1PczScKh consumed 9595 of 200000 compute units
[2022-02-12T07:55:24.620272000Z DEBUG solana_program_runtime::stable_log] Program 8opHzTAnfzRpPEx21XtnrVTX28YQuCpAjcn1PczScKh success
[2022-02-12T07:55:24.630083000Z DEBUG solana_program_runtime::stable_log] Program 8opHzTAnfzRpPEx21XtnrVTX28YQuCpAjcn1PczScKh invoke [1]
[2022-02-12T07:55:24.630473000Z DEBUG solana_program_runtime::stable_log] Program log: Mango: UpdateRootBank
[2022-02-12T07:55:24.632622000Z DEBUG solana_program_runtime::stable_log] Program log: mango-log
[2022-02-12T07:55:24.633232000Z DEBUG solana_program_runtime::stable_log] Program log: 8HmBNKTUaLinbhvP8sZoiDTB3W1sGOUIJSpL/q4ynvukV/yhD7wPrwcAAAAAAAAAAAAAAAAAQEIPAAAAAAAAAAAAAAAAAEBCDwAAAAAAAAA=
[2022-02-12T07:55:24.633354000Z DEBUG solana_bpf_loader_program] Program 8opHzTAnfzRpPEx21XtnrVTX28YQuCpAjcn1PczScKh consumed 9634 of 200000 compute units
[2022-02-12T07:55:24.633406000Z DEBUG solana_program_runtime::stable_log] Program 8opHzTAnfzRpPEx21XtnrVTX28YQuCpAjcn1PczScKh success
[2022-02-12T07:55:24.643290000Z DEBUG solana_program_runtime::stable_log] Program 8opHzTAnfzRpPEx21XtnrVTX28YQuCpAjcn1PczScKh invoke [1]
[2022-02-12T07:55:24.643676000Z DEBUG solana_program_runtime::stable_log] Program log: Mango: UpdateRootBank
[2022-02-12T07:55:24.645841000Z DEBUG solana_program_runtime::stable_log] Program log: mango-log
[2022-02-12T07:55:24.646442000Z DEBUG solana_program_runtime::stable_log] Program log: 8HmBNKTUaLinbhvP8sZoiDTB3W1sGOUIJSpL/q4ynvukV/yhD7wPrwgAAAAAAAAAAAAAAAAAQEIPAAAAAAAAAAAAAAAAAEBCDwAAAAAAAAA=
[2022-02-12T07:55:24.646563000Z DEBUG solana_bpf_loader_program] Program 8opHzTAnfzRpPEx21XtnrVTX28YQuCpAjcn1PczScKh consumed 9673 of 200000 compute units
[2022-02-12T07:55:24.646617000Z DEBUG solana_program_runtime::stable_log] Program 8opHzTAnfzRpPEx21XtnrVTX28YQuCpAjcn1PczScKh success
[2022-02-12T07:55:24.657740000Z DEBUG solana_program_runtime::stable_log] Program 8opHzTAnfzRpPEx21XtnrVTX28YQuCpAjcn1PczScKh invoke [1]
[2022-02-12T07:55:24.658132000Z DEBUG solana_program_runtime::stable_log] Program log: Mango: UpdateRootBank
[2022-02-12T07:55:24.660318000Z DEBUG solana_program_runtime::stable_log] Program log: mango-log
[2022-02-12T07:55:24.660922000Z DEBUG solana_program_runtime::stable_log] Program log: 8HmBNKTUaLinbhvP8sZoiDTB3W1sGOUIJSpL/q4ynvukV/yhD7wPrwkAAAAAAAAAAAAAAAAAQEIPAAAAAAAAAAAAAAAAAEBCDwAAAAAAAAA=
[2022-02-12T07:55:24.661044000Z DEBUG solana_bpf_loader_program] Program 8opHzTAnfzRpPEx21XtnrVTX28YQuCpAjcn1PczScKh consumed 9712 of 200000 compute units
[2022-02-12T07:55:24.661095000Z DEBUG solana_program_runtime::stable_log] Program 8opHzTAnfzRpPEx21XtnrVTX28YQuCpAjcn1PczScKh success
[2022-02-12T07:55:24.670909000Z DEBUG solana_program_runtime::stable_log] Program 8opHzTAnfzRpPEx21XtnrVTX28YQuCpAjcn1PczScKh invoke [1]
[2022-02-12T07:55:24.671298000Z DEBUG solana_program_runtime::stable_log] Program log: Mango: UpdateRootBank
[2022-02-12T07:55:24.673530000Z DEBUG solana_program_runtime::stable_log] Program log: mango-log
[2022-02-12T07:55:24.674130000Z DEBUG solana_program_runtime::stable_log] Program log: 8HmBNKTUaLinbhvP8sZoiDTB3W1sGOUIJSpL/q4ynvukV/yhD7wPrwoAAAAAAAAAAAAAAAAAQEIPAAAAAAAAAAAAAAAAAEBCDwAAAAAAAAA=
[2022-02-12T07:55:24.674252000Z DEBUG solana_bpf_loader_program] Program 8opHzTAnfzRpPEx21XtnrVTX28YQuCpAjcn1PczScKh consumed 9751 of 200000 compute units
[2022-02-12T07:55:24.674305000Z DEBUG solana_program_runtime::stable_log] Program 8opHzTAnfzRpPEx21XtnrVTX28YQuCpAjcn1PczScKh success
[2022-02-12T07:55:24.684991000Z DEBUG solana_program_runtime::stable_log] Program 8opHzTAnfzRpPEx21XtnrVTX28YQuCpAjcn1PczScKh invoke [1]
[2022-02-12T07:55:24.685378000Z DEBUG solana_program_runtime::stable_log] Program log: Mango: UpdateRootBank
[2022-02-12T07:55:24.687579000Z DEBUG solana_program_runtime::stable_log] Program log: mango-log
[2022-02-12T07:55:24.688178000Z DEBUG solana_program_runtime::stable_log] Program log: 8HmBNKTUaLinbhvP8sZoiDTB3W1sGOUIJSpL/q4ynvukV/yhD7wPrwsAAAAAAAAAAAAAAAAAQEIPAAAAAAAAAAAAAAAAAEBCDwAAAAAAAAA=
[2022-02-12T07:55:24.688299000Z DEBUG solana_bpf_loader_program] Program 8opHzTAnfzRpPEx21XtnrVTX28YQuCpAjcn1PczScKh consumed 9790 of 200000 compute units
[2022-02-12T07:55:24.688354000Z DEBUG solana_program_runtime::stable_log] Program 8opHzTAnfzRpPEx21XtnrVTX28YQuCpAjcn1PczScKh success
[2022-02-12T07:55:24.699353000Z DEBUG solana_program_runtime::stable_log] Program 8opHzTAnfzRpPEx21XtnrVTX28YQuCpAjcn1PczScKh invoke [1]
[2022-02-12T07:55:24.699743000Z DEBUG solana_program_runtime::stable_log] Program log: Mango: UpdateRootBank
[2022-02-12T07:55:24.701963000Z DEBUG solana_program_runtime::stable_log] Program log: mango-log
[2022-02-12T07:55:24.702566000Z DEBUG solana_program_runtime::stable_log] Program log: 8HmBNKTUaLinbhvP8sZoiDTB3W1sGOUIJSpL/q4ynvukV/yhD7wPrwwAAAAAAAAAAAAAAAAAQEIPAAAAAAAAAAAAAAAAAEBCDwAAAAAAAAA=
[2022-02-12T07:55:24.702689000Z DEBUG solana_bpf_loader_program] Program 8opHzTAnfzRpPEx21XtnrVTX28YQuCpAjcn1PczScKh consumed 9829 of 200000 compute units
[2022-02-12T07:55:24.702742000Z DEBUG solana_program_runtime::stable_log] Program 8opHzTAnfzRpPEx21XtnrVTX28YQuCpAjcn1PczScKh success
[2022-02-12T07:55:24.713740000Z DEBUG solana_program_runtime::stable_log] Program 8opHzTAnfzRpPEx21XtnrVTX28YQuCpAjcn1PczScKh invoke [1]
[2022-02-12T07:55:24.714134000Z DEBUG solana_program_runtime::stable_log] Program log: Mango: UpdateRootBank
[2022-02-12T07:55:24.716373000Z DEBUG solana_program_runtime::stable_log] Program log: mango-log
[2022-02-12T07:55:24.716975000Z DEBUG solana_program_runtime::stable_log] Program log: 8HmBNKTUaLinbhvP8sZoiDTB3W1sGOUIJSpL/q4ynvukV/yhD7wPrw0AAAAAAAAAAAAAAAAAQEIPAAAAAAAAAAAAAAAAAEBCDwAAAAAAAAA=
[2022-02-12T07:55:24.717100000Z DEBUG solana_bpf_loader_program] Program 8opHzTAnfzRpPEx21XtnrVTX28YQuCpAjcn1PczScKh consumed 9868 of 200000 compute units
[2022-02-12T07:55:24.717155000Z DEBUG solana_program_runtime::stable_log] Program 8opHzTAnfzRpPEx21XtnrVTX28YQuCpAjcn1PczScKh success
[2022-02-12T07:55:24.726964000Z DEBUG solana_program_runtime::stable_log] Program 8opHzTAnfzRpPEx21XtnrVTX28YQuCpAjcn1PczScKh invoke [1]
[2022-02-12T07:55:24.727350000Z DEBUG solana_program_runtime::stable_log] Program log: Mango: UpdateRootBank
[2022-02-12T07:55:24.729594000Z DEBUG solana_program_runtime::stable_log] Program log: mango-log
[2022-02-12T07:55:24.730198000Z DEBUG solana_program_runtime::stable_log] Program log: 8HmBNKTUaLinbhvP8sZoiDTB3W1sGOUIJSpL/q4ynvukV/yhD7wPrw4AAAAAAAAAAAAAAAAAQEIPAAAAAAAAAAAAAAAAAEBCDwAAAAAAAAA=
[2022-02-12T07:55:24.730320000Z DEBUG solana_bpf_loader_program] Program 8opHzTAnfzRpPEx21XtnrVTX28YQuCpAjcn1PczScKh consumed 9907 of 200000 compute units
[2022-02-12T07:55:24.730370000Z DEBUG solana_program_runtime::stable_log] Program 8opHzTAnfzRpPEx21XtnrVTX28YQuCpAjcn1PczScKh success
[2022-02-12T07:55:24.741264000Z DEBUG solana_program_runtime::stable_log] Program 8opHzTAnfzRpPEx21XtnrVTX28YQuCpAjcn1PczScKh invoke [1]
[2022-02-12T07:55:24.741647000Z DEBUG solana_program_runtime::stable_log] Program log: Mango: UpdateRootBank
[2022-02-12T07:55:24.744648000Z DEBUG solana_program_runtime::stable_log] Program log: mango-log
[2022-02-12T07:55:24.745253000Z DEBUG solana_program_runtime::stable_log] Program log: 8HmBNKTUaLinbhvP8sZoiDTB3W1sGOUIJSpL/q4ynvukV/yhD7wPrw8AAAAAAAAAAAAAAAAAQEIPAAAAAAAAAAAAAAAAAEBCDwAAAAAAAAA=
[2022-02-12T07:55:24.745378000Z DEBUG solana_bpf_loader_program] Program 8opHzTAnfzRpPEx21XtnrVTX28YQuCpAjcn1PczScKh consumed 12494 of 200000 compute units
[2022-02-12T07:55:24.745432000Z DEBUG solana_program_runtime::stable_log] Program 8opHzTAnfzRpPEx21XtnrVTX28YQuCpAjcn1PczScKh success
[2022-02-12T07:55:24.755699000Z DEBUG solana_program_runtime::stable_log] Program 8opHzTAnfzRpPEx21XtnrVTX28YQuCpAjcn1PczScKh invoke [1]
[2022-02-12T07:55:24.756151000Z DEBUG solana_program_runtime::stable_log] Program log: Mango: UpdateFunding
[2022-02-12T07:55:24.757250000Z DEBUG solana_program_runtime::stable_log] Program log: mango-log
[2022-02-12T07:55:24.757858000Z DEBUG solana_program_runtime::stable_log] Program log: ta5iwCEXTXunbhvP8sZoiDTB3W1sGOUIJSpL/q4ynvukV/yhD7wPrwAAAAAAAAAAAAAAAAAAAAAAAAAAAAAAAAAAAAAAAAAAAAAAAAAAAAA=
[2022-02-12T07:55:24.758014000Z DEBUG solana_bpf_loader_program] Program 8opHzTAnfzRpPEx21XtnrVTX28YQuCpAjcn1PczScKh consumed 6381 of 200000 compute units
[2022-02-12T07:55:24.758079000Z DEBUG solana_program_runtime::stable_log] Program 8opHzTAnfzRpPEx21XtnrVTX28YQuCpAjcn1PczScKh success
[2022-02-12T07:55:24.769486000Z DEBUG solana_program_runtime::stable_log] Program 8opHzTAnfzRpPEx21XtnrVTX28YQuCpAjcn1PczScKh invoke [1]
[2022-02-12T07:55:24.769931000Z DEBUG solana_program_runtime::stable_log] Program log: Mango: UpdateFunding
[2022-02-12T07:55:24.771040000Z DEBUG solana_program_runtime::stable_log] Program log: mango-log
[2022-02-12T07:55:24.771650000Z DEBUG solana_program_runtime::stable_log] Program log: ta5iwCEXTXunbhvP8sZoiDTB3W1sGOUIJSpL/q4ynvukV/yhD7wPrwEAAAAAAAAAAAAAAAAAAAAAAAAAAAAAAAAAAAAAAAAAAAAAAAAAAAA=
[2022-02-12T07:55:24.771796000Z DEBUG solana_bpf_loader_program] Program 8opHzTAnfzRpPEx21XtnrVTX28YQuCpAjcn1PczScKh consumed 6421 of 200000 compute units
[2022-02-12T07:55:24.771862000Z DEBUG solana_program_runtime::stable_log] Program 8opHzTAnfzRpPEx21XtnrVTX28YQuCpAjcn1PczScKh success
[2022-02-12T07:55:24.782477000Z DEBUG solana_program_runtime::stable_log] Program 8opHzTAnfzRpPEx21XtnrVTX28YQuCpAjcn1PczScKh invoke [1]
[2022-02-12T07:55:24.782922000Z DEBUG solana_program_runtime::stable_log] Program log: Mango: UpdateFunding
[2022-02-12T07:55:24.784045000Z DEBUG solana_program_runtime::stable_log] Program log: mango-log
[2022-02-12T07:55:24.784652000Z DEBUG solana_program_runtime::stable_log] Program log: ta5iwCEXTXunbhvP8sZoiDTB3W1sGOUIJSpL/q4ynvukV/yhD7wPrwIAAAAAAAAAAAAAAAAAAAAAAAAAAAAAAAAAAAAAAAAAAAAAAAAAAAA=
[2022-02-12T07:55:24.784799000Z DEBUG solana_bpf_loader_program] Program 8opHzTAnfzRpPEx21XtnrVTX28YQuCpAjcn1PczScKh consumed 6460 of 200000 compute units
[2022-02-12T07:55:24.784864000Z DEBUG solana_program_runtime::stable_log] Program 8opHzTAnfzRpPEx21XtnrVTX28YQuCpAjcn1PczScKh success
[2022-02-12T07:55:24.795421000Z DEBUG solana_program_runtime::stable_log] Program 8opHzTAnfzRpPEx21XtnrVTX28YQuCpAjcn1PczScKh invoke [1]
[2022-02-12T07:55:24.795861000Z DEBUG solana_program_runtime::stable_log] Program log: Mango: UpdateFunding
[2022-02-12T07:55:24.797002000Z DEBUG solana_program_runtime::stable_log] Program log: mango-log
[2022-02-12T07:55:24.797605000Z DEBUG solana_program_runtime::stable_log] Program log: ta5iwCEXTXunbhvP8sZoiDTB3W1sGOUIJSpL/q4ynvukV/yhD7wPrwMAAAAAAAAAAAAAAAAAAAAAAAAAAAAAAAAAAAAAAAAAAAAAAAAAAAA=
[2022-02-12T07:55:24.797752000Z DEBUG solana_bpf_loader_program] Program 8opHzTAnfzRpPEx21XtnrVTX28YQuCpAjcn1PczScKh consumed 6499 of 200000 compute units
[2022-02-12T07:55:24.797816000Z DEBUG solana_program_runtime::stable_log] Program 8opHzTAnfzRpPEx21XtnrVTX28YQuCpAjcn1PczScKh success
[2022-02-12T07:55:24.808306000Z DEBUG solana_program_runtime::stable_log] Program 8opHzTAnfzRpPEx21XtnrVTX28YQuCpAjcn1PczScKh invoke [1]
[2022-02-12T07:55:24.808753000Z DEBUG solana_program_runtime::stable_log] Program log: Mango: UpdateFunding
[2022-02-12T07:55:24.809903000Z DEBUG solana_program_runtime::stable_log] Program log: mango-log
[2022-02-12T07:55:24.810510000Z DEBUG solana_program_runtime::stable_log] Program log: ta5iwCEXTXunbhvP8sZoiDTB3W1sGOUIJSpL/q4ynvukV/yhD7wPrwQAAAAAAAAAAAAAAAAAAAAAAAAAAAAAAAAAAAAAAAAAAAAAAAAAAAA=
[2022-02-12T07:55:24.810660000Z DEBUG solana_bpf_loader_program] Program 8opHzTAnfzRpPEx21XtnrVTX28YQuCpAjcn1PczScKh consumed 6538 of 200000 compute units
[2022-02-12T07:55:24.810727000Z DEBUG solana_program_runtime::stable_log] Program 8opHzTAnfzRpPEx21XtnrVTX28YQuCpAjcn1PczScKh success
[2022-02-12T07:55:24.821268000Z DEBUG solana_program_runtime::stable_log] Program 8opHzTAnfzRpPEx21XtnrVTX28YQuCpAjcn1PczScKh invoke [1]
[2022-02-12T07:55:24.821707000Z DEBUG solana_program_runtime::stable_log] Program log: Mango: UpdateFunding
[2022-02-12T07:55:24.822866000Z DEBUG solana_program_runtime::stable_log] Program log: mango-log
[2022-02-12T07:55:24.823472000Z DEBUG solana_program_runtime::stable_log] Program log: ta5iwCEXTXunbhvP8sZoiDTB3W1sGOUIJSpL/q4ynvukV/yhD7wPrwUAAAAAAAAAAAAAAAAAAAAAAAAAAAAAAAAAAAAAAAAAAAAAAAAAAAA=
[2022-02-12T07:55:24.823618000Z DEBUG solana_bpf_loader_program] Program 8opHzTAnfzRpPEx21XtnrVTX28YQuCpAjcn1PczScKh consumed 6577 of 200000 compute units
[2022-02-12T07:55:24.823681000Z DEBUG solana_program_runtime::stable_log] Program 8opHzTAnfzRpPEx21XtnrVTX28YQuCpAjcn1PczScKh success
[2022-02-12T07:55:24.834159000Z DEBUG solana_program_runtime::stable_log] Program 8opHzTAnfzRpPEx21XtnrVTX28YQuCpAjcn1PczScKh invoke [1]
[2022-02-12T07:55:24.834603000Z DEBUG solana_program_runtime::stable_log] Program log: Mango: UpdateFunding
[2022-02-12T07:55:24.835781000Z DEBUG solana_program_runtime::stable_log] Program log: mango-log
[2022-02-12T07:55:24.836387000Z DEBUG solana_program_runtime::stable_log] Program log: ta5iwCEXTXunbhvP8sZoiDTB3W1sGOUIJSpL/q4ynvukV/yhD7wPrwYAAAAAAAAAAAAAAAAAAAAAAAAAAAAAAAAAAAAAAAAAAAAAAAAAAAA=
[2022-02-12T07:55:24.836535000Z DEBUG solana_bpf_loader_program] Program 8opHzTAnfzRpPEx21XtnrVTX28YQuCpAjcn1PczScKh consumed 6616 of 200000 compute units
[2022-02-12T07:55:24.836598000Z DEBUG solana_program_runtime::stable_log] Program 8opHzTAnfzRpPEx21XtnrVTX28YQuCpAjcn1PczScKh success
[2022-02-12T07:55:24.848046000Z DEBUG solana_program_runtime::stable_log] Program 8opHzTAnfzRpPEx21XtnrVTX28YQuCpAjcn1PczScKh invoke [1]
[2022-02-12T07:55:24.848491000Z DEBUG solana_program_runtime::stable_log] Program log: Mango: UpdateFunding
[2022-02-12T07:55:24.849682000Z DEBUG solana_program_runtime::stable_log] Program log: mango-log
[2022-02-12T07:55:24.850291000Z DEBUG solana_program_runtime::stable_log] Program log: ta5iwCEXTXunbhvP8sZoiDTB3W1sGOUIJSpL/q4ynvukV/yhD7wPrwcAAAAAAAAAAAAAAAAAAAAAAAAAAAAAAAAAAAAAAAAAAAAAAAAAAAA=
[2022-02-12T07:55:24.850438000Z DEBUG solana_bpf_loader_program] Program 8opHzTAnfzRpPEx21XtnrVTX28YQuCpAjcn1PczScKh consumed 6655 of 200000 compute units
[2022-02-12T07:55:24.850504000Z DEBUG solana_program_runtime::stable_log] Program 8opHzTAnfzRpPEx21XtnrVTX28YQuCpAjcn1PczScKh success
[2022-02-12T07:55:24.860939000Z DEBUG solana_program_runtime::stable_log] Program 8opHzTAnfzRpPEx21XtnrVTX28YQuCpAjcn1PczScKh invoke [1]
[2022-02-12T07:55:24.861381000Z DEBUG solana_program_runtime::stable_log] Program log: Mango: UpdateFunding
[2022-02-12T07:55:24.862581000Z DEBUG solana_program_runtime::stable_log] Program log: mango-log
[2022-02-12T07:55:24.863185000Z DEBUG solana_program_runtime::stable_log] Program log: ta5iwCEXTXunbhvP8sZoiDTB3W1sGOUIJSpL/q4ynvukV/yhD7wPrwgAAAAAAAAAAAAAAAAAAAAAAAAAAAAAAAAAAAAAAAAAAAAAAAAAAAA=
[2022-02-12T07:55:24.863333000Z DEBUG solana_bpf_loader_program] Program 8opHzTAnfzRpPEx21XtnrVTX28YQuCpAjcn1PczScKh consumed 6694 of 200000 compute units
[2022-02-12T07:55:24.863399000Z DEBUG solana_program_runtime::stable_log] Program 8opHzTAnfzRpPEx21XtnrVTX28YQuCpAjcn1PczScKh success
[2022-02-12T07:55:24.875036000Z DEBUG solana_program_runtime::stable_log] Program 8opHzTAnfzRpPEx21XtnrVTX28YQuCpAjcn1PczScKh invoke [1]
[2022-02-12T07:55:24.875489000Z DEBUG solana_program_runtime::stable_log] Program log: Mango: UpdateFunding
[2022-02-12T07:55:24.876705000Z DEBUG solana_program_runtime::stable_log] Program log: mango-log
[2022-02-12T07:55:24.877321000Z DEBUG solana_program_runtime::stable_log] Program log: ta5iwCEXTXunbhvP8sZoiDTB3W1sGOUIJSpL/q4ynvukV/yhD7wPrwkAAAAAAAAAAAAAAAAAAAAAAAAAAAAAAAAAAAAAAAAAAAAAAAAAAAA=
[2022-02-12T07:55:24.877468000Z DEBUG solana_bpf_loader_program] Program 8opHzTAnfzRpPEx21XtnrVTX28YQuCpAjcn1PczScKh consumed 6733 of 200000 compute units
[2022-02-12T07:55:24.877533000Z DEBUG solana_program_runtime::stable_log] Program 8opHzTAnfzRpPEx21XtnrVTX28YQuCpAjcn1PczScKh success
[2022-02-12T07:55:24.888068000Z DEBUG solana_program_runtime::stable_log] Program 8opHzTAnfzRpPEx21XtnrVTX28YQuCpAjcn1PczScKh invoke [1]
[2022-02-12T07:55:24.888524000Z DEBUG solana_program_runtime::stable_log] Program log: Mango: UpdateFunding
[2022-02-12T07:55:24.889754000Z DEBUG solana_program_runtime::stable_log] Program log: mango-log
[2022-02-12T07:55:24.890362000Z DEBUG solana_program_runtime::stable_log] Program log: ta5iwCEXTXunbhvP8sZoiDTB3W1sGOUIJSpL/q4ynvukV/yhD7wPrwoAAAAAAAAAAAAAAAAAAAAAAAAAAAAAAAAAAAAAAAAAAAAAAAAAAAA=
[2022-02-12T07:55:24.890509000Z DEBUG solana_bpf_loader_program] Program 8opHzTAnfzRpPEx21XtnrVTX28YQuCpAjcn1PczScKh consumed 6772 of 200000 compute units
[2022-02-12T07:55:24.890574000Z DEBUG solana_program_runtime::stable_log] Program 8opHzTAnfzRpPEx21XtnrVTX28YQuCpAjcn1PczScKh success
[2022-02-12T07:55:24.901026000Z DEBUG solana_program_runtime::stable_log] Program 8opHzTAnfzRpPEx21XtnrVTX28YQuCpAjcn1PczScKh invoke [1]
[2022-02-12T07:55:24.901476000Z DEBUG solana_program_runtime::stable_log] Program log: Mango: UpdateFunding
[2022-02-12T07:55:24.902716000Z DEBUG solana_program_runtime::stable_log] Program log: mango-log
[2022-02-12T07:55:24.903326000Z DEBUG solana_program_runtime::stable_log] Program log: ta5iwCEXTXunbhvP8sZoiDTB3W1sGOUIJSpL/q4ynvukV/yhD7wPrwsAAAAAAAAAAAAAAAAAAAAAAAAAAAAAAAAAAAAAAAAAAAAAAAAAAAA=
[2022-02-12T07:55:24.903475000Z DEBUG solana_bpf_loader_program] Program 8opHzTAnfzRpPEx21XtnrVTX28YQuCpAjcn1PczScKh consumed 6811 of 200000 compute units
[2022-02-12T07:55:24.903539000Z DEBUG solana_program_runtime::stable_log] Program 8opHzTAnfzRpPEx21XtnrVTX28YQuCpAjcn1PczScKh success
[2022-02-12T07:55:24.915355000Z DEBUG solana_program_runtime::stable_log] Program 8opHzTAnfzRpPEx21XtnrVTX28YQuCpAjcn1PczScKh invoke [1]
[2022-02-12T07:55:24.915801000Z DEBUG solana_program_runtime::stable_log] Program log: Mango: UpdateFunding
[2022-02-12T07:55:24.917055000Z DEBUG solana_program_runtime::stable_log] Program log: mango-log
[2022-02-12T07:55:24.917663000Z DEBUG solana_program_runtime::stable_log] Program log: ta5iwCEXTXunbhvP8sZoiDTB3W1sGOUIJSpL/q4ynvukV/yhD7wPrwwAAAAAAAAAAAAAAAAAAAAAAAAAAAAAAAAAAAAAAAAAAAAAAAAAAAA=
[2022-02-12T07:55:24.917810000Z DEBUG solana_bpf_loader_program] Program 8opHzTAnfzRpPEx21XtnrVTX28YQuCpAjcn1PczScKh consumed 6850 of 200000 compute units
[2022-02-12T07:55:24.917874000Z DEBUG solana_program_runtime::stable_log] Program 8opHzTAnfzRpPEx21XtnrVTX28YQuCpAjcn1PczScKh success
[2022-02-12T07:55:24.929389000Z DEBUG solana_program_runtime::stable_log] Program 8opHzTAnfzRpPEx21XtnrVTX28YQuCpAjcn1PczScKh invoke [1]
[2022-02-12T07:55:24.929835000Z DEBUG solana_program_runtime::stable_log] Program log: Mango: UpdateFunding
[2022-02-12T07:55:24.931104000Z DEBUG solana_program_runtime::stable_log] Program log: mango-log
[2022-02-12T07:55:24.931715000Z DEBUG solana_program_runtime::stable_log] Program log: ta5iwCEXTXunbhvP8sZoiDTB3W1sGOUIJSpL/q4ynvukV/yhD7wPrw0AAAAAAAAAAAAAAAAAAAAAAAAAAAAAAAAAAAAAAAAAAAAAAAAAAAA=
[2022-02-12T07:55:24.931859000Z DEBUG solana_bpf_loader_program] Program 8opHzTAnfzRpPEx21XtnrVTX28YQuCpAjcn1PczScKh consumed 6889 of 200000 compute units
[2022-02-12T07:55:24.931924000Z DEBUG solana_program_runtime::stable_log] Program 8opHzTAnfzRpPEx21XtnrVTX28YQuCpAjcn1PczScKh success
[2022-02-12T07:55:24.942169000Z DEBUG solana_program_runtime::stable_log] Program 8opHzTAnfzRpPEx21XtnrVTX28YQuCpAjcn1PczScKh invoke [1]
[2022-02-12T07:55:24.942612000Z DEBUG solana_program_runtime::stable_log] Program log: Mango: UpdateFunding
[2022-02-12T07:55:24.943897000Z DEBUG solana_program_runtime::stable_log] Program log: mango-log
[2022-02-12T07:55:24.944504000Z DEBUG solana_program_runtime::stable_log] Program log: ta5iwCEXTXunbhvP8sZoiDTB3W1sGOUIJSpL/q4ynvukV/yhD7wPrw4AAAAAAAAAAAAAAAAAAAAAAAAAAAAAAAAAAAAAAAAAAAAAAAAAAAA=
[2022-02-12T07:55:24.944651000Z DEBUG solana_bpf_loader_program] Program 8opHzTAnfzRpPEx21XtnrVTX28YQuCpAjcn1PczScKh consumed 6928 of 200000 compute units
[2022-02-12T07:55:24.944714000Z DEBUG solana_program_runtime::stable_log] Program 8opHzTAnfzRpPEx21XtnrVTX28YQuCpAjcn1PczScKh success
[2022-02-12T07:55:24.958749000Z DEBUG solana_program_runtime::stable_log] Program 8opHzTAnfzRpPEx21XtnrVTX28YQuCpAjcn1PczScKh invoke [1]
[2022-02-12T07:55:24.959908000Z DEBUG solana_program_runtime::stable_log] Program log: Mango: CacheRootBanks
[2022-02-12T07:55:24.963678000Z DEBUG solana_program_runtime::stable_log] Program log: mango-log
[2022-02-12T07:55:24.966557000Z DEBUG solana_program_runtime::stable_log] Program log: IVXYca/GfeinbhvP8sZoiDTB3W1sGOUIJSpL/q4ynvukV/yhD7wPrxAAAAAAAAAAAAAAAAEAAAAAAAAAAgAAAAAAAAADAAAAAAAAAAQAAAAAAAAABQAAAAAAAAAGAAAAAAAAAAcAAAAAAAAACAAAAAAAAAAJAAAAAAAAAAoAAAAAAAAACwAAAAAAAAAMAAAAAAAAAA0AAAAAAAAADgAAAAAAAAAPAAAAAAAAABAAAAAAAAAAAABAQg8AAAAAAAAAAAAAAAAAQEIPAAAAAAAAAAAAAAAAAEBCDwAAAAAAAAAAAAAAAABAQg8AAAAAAAAAAAAAAAAAQEIPAAAAAAAAAAAAAAAAAEBCDwAAAAAAAAAAAAAAAABAQg8AAAAAAAAAAAAAAAAAQEIPAAAAAAAAAAAAAAAAAEBCDwAAAAAAAAAAAAAAAABAQg8AAAAAAAAAAAAAAAAAQEIPAAAAAAAAAAAAAAAAAEBCDwAAAAAAAAAAAAAAAABAQg8AAAAAAAAAAAAAAAAAQEIPAAAAAAAAAAAAAAAAAEBCDwAAAAAAAAAAAAAAAABAQg8AAAAAAAAAEAAAAAAAAAAAAEBCDwAAAAAAAAAAAAAAAABAQg8AAAAAAAAAAAAAAAAAQEIPAAAAAAAAAAAAAAAAAEBCDwAAAAAAAAAAAAAAAABAQg8AAAAAAAAAAAAAAAAAQEIPAAAAAAAAAAAAAAAAAEBCDwAAAAAAAAAAAAAAAABAQg8AAAAAAAAAAAAAAAAAQEIPAAAAAAAAAAAAAAAAAEBCDwAAAAAAAAAAAAAAAABAQg8AAAAAAAAAAAAAAAAAQEIPAAAAAAAAAAAAAAAAAEBCDwAAAAAAAAAAAAAAAABAQg8AAAAAAAAAAAAAAAAAQEIPAAAAAAAAAAAAAAAAAEBCDwAAAAAAAAA=
[2022-02-12T07:55:24.966971000Z DEBUG solana_bpf_loader_program] Program 8opHzTAnfzRpPEx21XtnrVTX28YQuCpAjcn1PczScKh consumed 24418 of 200000 compute units
[2022-02-12T07:55:24.967046000Z DEBUG solana_program_runtime::stable_log] Program 8opHzTAnfzRpPEx21XtnrVTX28YQuCpAjcn1PczScKh success
[2022-02-12T07:55:24.980989000Z DEBUG solana_program_runtime::stable_log] Program 8opHzTAnfzRpPEx21XtnrVTX28YQuCpAjcn1PczScKh invoke [1]
[2022-02-12T07:55:24.982090000Z DEBUG solana_program_runtime::stable_log] Program log: Mango: CachePerpMarkets
[2022-02-12T07:55:24.985786000Z DEBUG solana_program_runtime::stable_log] Program log: mango-log
[2022-02-12T07:55:24.988480000Z DEBUG solana_program_runtime::stable_log] Program log: 9lt9JxCzqw6nbhvP8sZoiDTB3W1sGOUIJSpL/q4ynvukV/yhD7wPrw8AAAAAAAAAAAAAAAEAAAAAAAAAAgAAAAAAAAADAAAAAAAAAAQAAAAAAAAABQAAAAAAAAAGAAAAAAAAAAcAAAAAAAAACAAAAAAAAAAJAAAAAAAAAAoAAAAAAAAACwAAAAAAAAAMAAAAAAAAAA0AAAAAAAAADgAAAAAAAAAPAAAAAAAAAAAAAAAAAAAAAAAAAAAAAAAAAAAAAAAAAAAAAAAAAAAAAAAAAAAAAAAAAAAAAAAAAAAAAAAAAAAAAAAAAAAAAAAAAAAAAAAAAAAAAAAAAAAAAAAAAAAAAAAAAAAAAAAAAAAAAAAAAAAAAAAAAAAAAAAAAAAAAAAAAAAAAAAAAAAAAAAAAAAAAAAAAAAAAAAAAAAAAAAAAAAAAAAAAAAAAAAAAAAAAAAAAAAAAAAAAAAAAAAAAAAAAAAAAAAAAAAAAAAAAAAAAAAAAAAAAAAAAAAAAAAAAAAAAAAAAAAAAAAAAAAAAAAAAAAAAAAADwAAAAAAAAAAAAAAAAAAAAAAAAAAAAAAAAAAAAAAAAAAAAAAAAAAAAAAAAAAAAAAAAAAAAAAAAAAAAAAAAAAAAAAAAAAAAAAAAAAAAAAAAAAAAAAAAAAAAAAAAAAAAAAAAAAAAAAAAAAAAAAAAAAAAAAAAAAAAAAAAAAAAAAAAAAAAAAAAAAAAAAAAAAAAAAAAAAAAAAAAAAAAAAAAAAAAAAAAAAAAAAAAAAAAAAAAAAAAAAAAAAAAAAAAAAAAAAAAAAAAAAAAAAAAAAAAAAAAAAAAAAAAAAAAAAAAAAAAAAAAAAAAAAAAAAAAAAAAAAAAAAAA==
[2022-02-12T07:55:24.988870000Z DEBUG solana_bpf_loader_program] Program 8opHzTAnfzRpPEx21XtnrVTX28YQuCpAjcn1PczScKh consumed 23463 of 200000 compute units
[2022-02-12T07:55:24.988939000Z DEBUG solana_program_runtime::stable_log] Program 8opHzTAnfzRpPEx21XtnrVTX28YQuCpAjcn1PczScKh success
[2022-02-12T07:55:25.002978000Z DEBUG solana_program_runtime::stable_log] Program 8opHzTAnfzRpPEx21XtnrVTX28YQuCpAjcn1PczScKh invoke [1]
[2022-02-12T07:55:25.004426000Z DEBUG solana_program_runtime::stable_log] Program log: Mango: LiquidateTokenAndToken
[2022-02-12T07:55:25.016090000Z DEBUG solana_program_runtime::stable_log] Program log: mango-log
[2022-02-12T07:55:25.016822000Z DEBUG solana_program_runtime::stable_log] Program log: F5qwwQsqqPSnbhvP8sZoiDTB3W1sGOUIJSpL/q4ynvukV/yhD7wPr14EXwKUknDvC82XypHRmqcTJRpr95d8qBri17S2HigkDwAAAAAAAAAAAAAAAAAAAAAAAAAAAAAAM77+////Fk4AAAAAAAAAAA==
[2022-02-12T07:55:25.016865000Z DEBUG solana_program_runtime::stable_log] Program log: mango-log
[2022-02-12T07:55:25.017597000Z DEBUG solana_program_runtime::stable_log] Program log: F5qwwQsqqPSnbhvP8sZoiDTB3W1sGOUIJSpL/q4ynvukV/yhD7wPr/VwMIZuvFHQB+4BiQY+Ioei6qoPR+RzhDMRu6+mNGXfDwAAAAAAAAAzvv7///8PJwAAAAAAAAAAAAAAAAAAAAAAAAAAAAAAAA==
[2022-02-12T07:55:25.018156000Z DEBUG solana_program_runtime::stable_log] Program log: mango-log
[2022-02-12T07:55:25.018892000Z DEBUG solana_program_runtime::stable_log] Program log: F5qwwQsqqPSnbhvP8sZoiDTB3W1sGOUIJSpL/q4ynvukV/yhD7wPr/VwMIZuvFHQB+4BiQY+Ioei6qoPR+RzhDMRu6+mNGXfAAAAAAAAAADv2P////8CAAAAAAAAAAAAAAAAAAAAAAAAAAAAAAAAAA==
[2022-02-12T07:55:25.018944000Z DEBUG solana_program_runtime::stable_log] Program log: mango-log
[2022-02-12T07:55:25.019677000Z DEBUG solana_program_runtime::stable_log] Program log: F5qwwQsqqPSnbhvP8sZoiDTB3W1sGOUIJSpL/q4ynvukV/yhD7wPr14EXwKUknDvC82XypHRmqcTJRpr95d8qBri17S2HigkAAAAAAAAAAARJwAAAAAAAAAAAAAAAAAAAAAAAAAAAAAAAAAAAAAAAA==
[2022-02-12T07:55:25.021274000Z DEBUG solana_program_runtime::stable_log] Program log: mango-log
[2022-02-12T07:55:25.022332000Z DEBUG solana_program_runtime::stable_log] Program log: cO8nQbWsEVSnbhvP8sZoiDTB3W1sGOUIJSpL/q4ynvukV/yhD7wPr14EXwKUknDvC82XypHRmqcTJRpr95d8qBri17S2Higk9XAwhm68UdAH7gGJBj4ih6Lqqg9H5HOEMxG7r6Y0Zd8AAAAAAAAAAA8AAAAAAAAAAAAAAAAAAAAAAAAAAAAAAAAAAAAAAAAAAAAAAAAAAADzbQAAAAAAAAAAAAAAAAAAAAAAAAAAAQAAAAAAAAAAAAA=
[2022-02-12T07:55:25.022758000Z DEBUG solana_bpf_loader_program] Program 8opHzTAnfzRpPEx21XtnrVTX28YQuCpAjcn1PczScKh consumed 59271 of 200000 compute units
[2022-02-12T07:55:25.022842000Z DEBUG solana_program_runtime::stable_log] Program 8opHzTAnfzRpPEx21XtnrVTX28YQuCpAjcn1PczScKh success
[2022-02-12T07:55:25.065519000Z DEBUG solana_program_runtime::stable_log] Program 8opHzTAnfzRpPEx21XtnrVTX28YQuCpAjcn1PczScKh invoke [1]
[2022-02-12T07:55:25.066669000Z DEBUG solana_program_runtime::stable_log] Program log: Mango: CachePrices
[2022-02-12T07:55:25.069743000Z DEBUG solana_program_runtime::stable_log] Program log: mango-log
[2022-02-12T07:55:25.071555000Z DEBUG solana_program_runtime::stable_log] Program log: ux0uSxX5tBunbhvP8sZoiDTB3W1sGOUIJSpL/q4ynvukV/yhD7wPrw8AAAAAAAAAAAAAAAEAAAAAAAAAAgAAAAAAAAADAAAAAAAAAAQAAAAAAAAABQAAAAAAAAAGAAAAAAAAAAcAAAAAAAAACAAAAAAAAAAJAAAAAAAAAAoAAAAAAAAACwAAAAAAAAAMAAAAAAAAAA0AAAAAAAAADgAAAAAAAAAPAAAA820AAAAAAAAAAAAAAAAAAPNtAAAAAAAAAAAAAAAAAADzbQAAAAAAAAAAAAAAAAAA820AAAAAAAAAAAAAAAAAABwAAAAAAAAAAAAAAAAAAADzbQAAAAAAAAAAAAAAAAAA820AAAAAAAAAAAAAAAAAAPNtAAAAAAAAAAAAAAAAAADzbQAAAAAAAAAAAAAAAAAA820AAAAAAAAAAAAAAAAAAPNtAAAAAAAAAAAAAAAAAADzbQAAAAAAAAAAAAAAAAAA820AAAAAAAAAAAAAAAAAAPNtAAAAAAAAAAAAAAAAAADzbQAAAAAAAAAAAAAAAAAA
[2022-02-12T07:55:25.071943000Z DEBUG solana_bpf_loader_program] Program 8opHzTAnfzRpPEx21XtnrVTX28YQuCpAjcn1PczScKh consumed 18318 of 200000 compute units
[2022-02-12T07:55:25.072024000Z DEBUG solana_program_runtime::stable_log] Program 8opHzTAnfzRpPEx21XtnrVTX28YQuCpAjcn1PczScKh success
[2022-02-12T07:55:25.082022000Z DEBUG solana_program_runtime::stable_log] Program 8opHzTAnfzRpPEx21XtnrVTX28YQuCpAjcn1PczScKh invoke [1]
[2022-02-12T07:55:25.082413000Z DEBUG solana_program_runtime::stable_log] Program log: Mango: UpdateRootBank
[2022-02-12T07:55:25.084474000Z DEBUG solana_program_runtime::stable_log] Program log: mango-log
[2022-02-12T07:55:25.085079000Z DEBUG solana_program_runtime::stable_log] Program log: 8HmBNKTUaLinbhvP8sZoiDTB3W1sGOUIJSpL/q4ynvukV/yhD7wPrwAAAAAAAAAAAAAAAAAAQEIPAAAAAAAAAAAAAAAAAEBCDwAAAAAAAAA=
[2022-02-12T07:55:25.085202000Z DEBUG solana_bpf_loader_program] Program 8opHzTAnfzRpPEx21XtnrVTX28YQuCpAjcn1PczScKh consumed 9360 of 200000 compute units
[2022-02-12T07:55:25.085254000Z DEBUG solana_program_runtime::stable_log] Program 8opHzTAnfzRpPEx21XtnrVTX28YQuCpAjcn1PczScKh success
[2022-02-12T07:55:25.095184000Z DEBUG solana_program_runtime::stable_log] Program 8opHzTAnfzRpPEx21XtnrVTX28YQuCpAjcn1PczScKh invoke [1]
[2022-02-12T07:55:25.095573000Z DEBUG solana_program_runtime::stable_log] Program log: Mango: UpdateRootBank
[2022-02-12T07:55:25.097649000Z DEBUG solana_program_runtime::stable_log] Program log: mango-log
[2022-02-12T07:55:25.098254000Z DEBUG solana_program_runtime::stable_log] Program log: 8HmBNKTUaLinbhvP8sZoiDTB3W1sGOUIJSpL/q4ynvukV/yhD7wPrwEAAAAAAAAAAAAAAAAAQEIPAAAAAAAAAAAAAAAAAEBCDwAAAAAAAAA=
[2022-02-12T07:55:25.098376000Z DEBUG solana_bpf_loader_program] Program 8opHzTAnfzRpPEx21XtnrVTX28YQuCpAjcn1PczScKh consumed 9400 of 200000 compute units
[2022-02-12T07:55:25.098428000Z DEBUG solana_program_runtime::stable_log] Program 8opHzTAnfzRpPEx21XtnrVTX28YQuCpAjcn1PczScKh success
[2022-02-12T07:55:25.108298000Z DEBUG solana_program_runtime::stable_log] Program 8opHzTAnfzRpPEx21XtnrVTX28YQuCpAjcn1PczScKh invoke [1]
[2022-02-12T07:55:25.108688000Z DEBUG solana_program_runtime::stable_log] Program log: Mango: UpdateRootBank
[2022-02-12T07:55:25.110780000Z DEBUG solana_program_runtime::stable_log] Program log: mango-log
[2022-02-12T07:55:25.111385000Z DEBUG solana_program_runtime::stable_log] Program log: 8HmBNKTUaLinbhvP8sZoiDTB3W1sGOUIJSpL/q4ynvukV/yhD7wPrwIAAAAAAAAAAAAAAAAAQEIPAAAAAAAAAAAAAAAAAEBCDwAAAAAAAAA=
[2022-02-12T07:55:25.111510000Z DEBUG solana_bpf_loader_program] Program 8opHzTAnfzRpPEx21XtnrVTX28YQuCpAjcn1PczScKh consumed 9439 of 200000 compute units
[2022-02-12T07:55:25.111561000Z DEBUG solana_program_runtime::stable_log] Program 8opHzTAnfzRpPEx21XtnrVTX28YQuCpAjcn1PczScKh success
[2022-02-12T07:55:25.121501000Z DEBUG solana_program_runtime::stable_log] Program 8opHzTAnfzRpPEx21XtnrVTX28YQuCpAjcn1PczScKh invoke [1]
[2022-02-12T07:55:25.121888000Z DEBUG solana_program_runtime::stable_log] Program log: Mango: UpdateRootBank
[2022-02-12T07:55:25.123982000Z DEBUG solana_program_runtime::stable_log] Program log: mango-log
[2022-02-12T07:55:25.124592000Z DEBUG solana_program_runtime::stable_log] Program log: 8HmBNKTUaLinbhvP8sZoiDTB3W1sGOUIJSpL/q4ynvukV/yhD7wPrwMAAAAAAAAAAAAAAAAAQEIPAAAAAAAAAAAAAAAAAEBCDwAAAAAAAAA=
[2022-02-12T07:55:25.124714000Z DEBUG solana_bpf_loader_program] Program 8opHzTAnfzRpPEx21XtnrVTX28YQuCpAjcn1PczScKh consumed 9478 of 200000 compute units
[2022-02-12T07:55:25.124765000Z DEBUG solana_program_runtime::stable_log] Program 8opHzTAnfzRpPEx21XtnrVTX28YQuCpAjcn1PczScKh success
[2022-02-12T07:55:25.134671000Z DEBUG solana_program_runtime::stable_log] Program 8opHzTAnfzRpPEx21XtnrVTX28YQuCpAjcn1PczScKh invoke [1]
[2022-02-12T07:55:25.135057000Z DEBUG solana_program_runtime::stable_log] Program log: Mango: UpdateRootBank
[2022-02-12T07:55:25.137198000Z DEBUG solana_program_runtime::stable_log] Program log: mango-log
[2022-02-12T07:55:25.137802000Z DEBUG solana_program_runtime::stable_log] Program log: 8HmBNKTUaLinbhvP8sZoiDTB3W1sGOUIJSpL/q4ynvukV/yhD7wPrwQAAAAAAAAAAAAAAAAAQEIPAAAAAAAAAAAAAAAAAEBCDwAAAAAAAAA=
[2022-02-12T07:55:25.137924000Z DEBUG solana_bpf_loader_program] Program 8opHzTAnfzRpPEx21XtnrVTX28YQuCpAjcn1PczScKh consumed 9517 of 200000 compute units
[2022-02-12T07:55:25.137976000Z DEBUG solana_program_runtime::stable_log] Program 8opHzTAnfzRpPEx21XtnrVTX28YQuCpAjcn1PczScKh success
[2022-02-12T07:55:25.148688000Z DEBUG solana_program_runtime::stable_log] Program 8opHzTAnfzRpPEx21XtnrVTX28YQuCpAjcn1PczScKh invoke [1]
[2022-02-12T07:55:25.149074000Z DEBUG solana_program_runtime::stable_log] Program log: Mango: UpdateRootBank
[2022-02-12T07:55:25.151196000Z DEBUG solana_program_runtime::stable_log] Program log: mango-log
[2022-02-12T07:55:25.151802000Z DEBUG solana_program_runtime::stable_log] Program log: 8HmBNKTUaLinbhvP8sZoiDTB3W1sGOUIJSpL/q4ynvukV/yhD7wPrwUAAAAAAAAAAAAAAAAAQEIPAAAAAAAAAAAAAAAAAEBCDwAAAAAAAAA=
[2022-02-12T07:55:25.151927000Z DEBUG solana_bpf_loader_program] Program 8opHzTAnfzRpPEx21XtnrVTX28YQuCpAjcn1PczScKh consumed 9556 of 200000 compute units
[2022-02-12T07:55:25.151978000Z DEBUG solana_program_runtime::stable_log] Program 8opHzTAnfzRpPEx21XtnrVTX28YQuCpAjcn1PczScKh success
[2022-02-12T07:55:25.161894000Z DEBUG solana_program_runtime::stable_log] Program 8opHzTAnfzRpPEx21XtnrVTX28YQuCpAjcn1PczScKh invoke [1]
[2022-02-12T07:55:25.162283000Z DEBUG solana_program_runtime::stable_log] Program log: Mango: UpdateRootBank
[2022-02-12T07:55:25.164413000Z DEBUG solana_program_runtime::stable_log] Program log: mango-log
[2022-02-12T07:55:25.165018000Z DEBUG solana_program_runtime::stable_log] Program log: 8HmBNKTUaLinbhvP8sZoiDTB3W1sGOUIJSpL/q4ynvukV/yhD7wPrwYAAAAAAAAAAAAAAAAAQEIPAAAAAAAAAAAAAAAAAEBCDwAAAAAAAAA=
[2022-02-12T07:55:25.165142000Z DEBUG solana_bpf_loader_program] Program 8opHzTAnfzRpPEx21XtnrVTX28YQuCpAjcn1PczScKh consumed 9595 of 200000 compute units
[2022-02-12T07:55:25.165196000Z DEBUG solana_program_runtime::stable_log] Program 8opHzTAnfzRpPEx21XtnrVTX28YQuCpAjcn1PczScKh success
[2022-02-12T07:55:25.175102000Z DEBUG solana_program_runtime::stable_log] Program 8opHzTAnfzRpPEx21XtnrVTX28YQuCpAjcn1PczScKh invoke [1]
[2022-02-12T07:55:25.175486000Z DEBUG solana_program_runtime::stable_log] Program log: Mango: UpdateRootBank
[2022-02-12T07:55:25.177637000Z DEBUG solana_program_runtime::stable_log] Program log: mango-log
[2022-02-12T07:55:25.178242000Z DEBUG solana_program_runtime::stable_log] Program log: 8HmBNKTUaLinbhvP8sZoiDTB3W1sGOUIJSpL/q4ynvukV/yhD7wPrwcAAAAAAAAAAAAAAAAAQEIPAAAAAAAAAAAAAAAAAEBCDwAAAAAAAAA=
[2022-02-12T07:55:25.178364000Z DEBUG solana_bpf_loader_program] Program 8opHzTAnfzRpPEx21XtnrVTX28YQuCpAjcn1PczScKh consumed 9634 of 200000 compute units
[2022-02-12T07:55:25.178415000Z DEBUG solana_program_runtime::stable_log] Program 8opHzTAnfzRpPEx21XtnrVTX28YQuCpAjcn1PczScKh success
[2022-02-12T07:55:25.188333000Z DEBUG solana_program_runtime::stable_log] Program 8opHzTAnfzRpPEx21XtnrVTX28YQuCpAjcn1PczScKh invoke [1]
[2022-02-12T07:55:25.188719000Z DEBUG solana_program_runtime::stable_log] Program log: Mango: UpdateRootBank
[2022-02-12T07:55:25.190894000Z DEBUG solana_program_runtime::stable_log] Program log: mango-log
[2022-02-12T07:55:25.191496000Z DEBUG solana_program_runtime::stable_log] Program log: 8HmBNKTUaLinbhvP8sZoiDTB3W1sGOUIJSpL/q4ynvukV/yhD7wPrwgAAAAAAAAAAAAAAAAAQEIPAAAAAAAAAAAAAAAAAEBCDwAAAAAAAAA=
[2022-02-12T07:55:25.191618000Z DEBUG solana_bpf_loader_program] Program 8opHzTAnfzRpPEx21XtnrVTX28YQuCpAjcn1PczScKh consumed 9673 of 200000 compute units
[2022-02-12T07:55:25.191669000Z DEBUG solana_program_runtime::stable_log] Program 8opHzTAnfzRpPEx21XtnrVTX28YQuCpAjcn1PczScKh success
[2022-02-12T07:55:25.202735000Z DEBUG solana_program_runtime::stable_log] Program 8opHzTAnfzRpPEx21XtnrVTX28YQuCpAjcn1PczScKh invoke [1]
[2022-02-12T07:55:25.203128000Z DEBUG solana_program_runtime::stable_log] Program log: Mango: UpdateRootBank
[2022-02-12T07:55:25.205309000Z DEBUG solana_program_runtime::stable_log] Program log: mango-log
[2022-02-12T07:55:25.205914000Z DEBUG solana_program_runtime::stable_log] Program log: 8HmBNKTUaLinbhvP8sZoiDTB3W1sGOUIJSpL/q4ynvukV/yhD7wPrwkAAAAAAAAAAAAAAAAAQEIPAAAAAAAAAAAAAAAAAEBCDwAAAAAAAAA=
[2022-02-12T07:55:25.206036000Z DEBUG solana_bpf_loader_program] Program 8opHzTAnfzRpPEx21XtnrVTX28YQuCpAjcn1PczScKh consumed 9712 of 200000 compute units
[2022-02-12T07:55:25.206087000Z DEBUG solana_program_runtime::stable_log] Program 8opHzTAnfzRpPEx21XtnrVTX28YQuCpAjcn1PczScKh success
[2022-02-12T07:55:25.216012000Z DEBUG solana_program_runtime::stable_log] Program 8opHzTAnfzRpPEx21XtnrVTX28YQuCpAjcn1PczScKh invoke [1]
[2022-02-12T07:55:25.216400000Z DEBUG solana_program_runtime::stable_log] Program log: Mango: UpdateRootBank
[2022-02-12T07:55:25.218592000Z DEBUG solana_program_runtime::stable_log] Program log: mango-log
[2022-02-12T07:55:25.219196000Z DEBUG solana_program_runtime::stable_log] Program log: 8HmBNKTUaLinbhvP8sZoiDTB3W1sGOUIJSpL/q4ynvukV/yhD7wPrwoAAAAAAAAAAAAAAAAAQEIPAAAAAAAAAAAAAAAAAEBCDwAAAAAAAAA=
[2022-02-12T07:55:25.219318000Z DEBUG solana_bpf_loader_program] Program 8opHzTAnfzRpPEx21XtnrVTX28YQuCpAjcn1PczScKh consumed 9751 of 200000 compute units
[2022-02-12T07:55:25.219370000Z DEBUG solana_program_runtime::stable_log] Program 8opHzTAnfzRpPEx21XtnrVTX28YQuCpAjcn1PczScKh success
[2022-02-12T07:55:25.230860000Z DEBUG solana_program_runtime::stable_log] Program 8opHzTAnfzRpPEx21XtnrVTX28YQuCpAjcn1PczScKh invoke [1]
[2022-02-12T07:55:25.231257000Z DEBUG solana_program_runtime::stable_log] Program log: Mango: UpdateRootBank
[2022-02-12T07:55:25.233483000Z DEBUG solana_program_runtime::stable_log] Program log: mango-log
[2022-02-12T07:55:25.234085000Z DEBUG solana_program_runtime::stable_log] Program log: 8HmBNKTUaLinbhvP8sZoiDTB3W1sGOUIJSpL/q4ynvukV/yhD7wPrwsAAAAAAAAAAAAAAAAAQEIPAAAAAAAAAAAAAAAAAEBCDwAAAAAAAAA=
[2022-02-12T07:55:25.234208000Z DEBUG solana_bpf_loader_program] Program 8opHzTAnfzRpPEx21XtnrVTX28YQuCpAjcn1PczScKh consumed 9790 of 200000 compute units
[2022-02-12T07:55:25.234262000Z DEBUG solana_program_runtime::stable_log] Program 8opHzTAnfzRpPEx21XtnrVTX28YQuCpAjcn1PczScKh success
[2022-02-12T07:55:25.245204000Z DEBUG solana_program_runtime::stable_log] Program 8opHzTAnfzRpPEx21XtnrVTX28YQuCpAjcn1PczScKh invoke [1]
[2022-02-12T07:55:25.245592000Z DEBUG solana_program_runtime::stable_log] Program log: Mango: UpdateRootBank
[2022-02-12T07:55:25.247814000Z DEBUG solana_program_runtime::stable_log] Program log: mango-log
[2022-02-12T07:55:25.248417000Z DEBUG solana_program_runtime::stable_log] Program log: 8HmBNKTUaLinbhvP8sZoiDTB3W1sGOUIJSpL/q4ynvukV/yhD7wPrwwAAAAAAAAAAAAAAAAAQEIPAAAAAAAAAAAAAAAAAEBCDwAAAAAAAAA=
[2022-02-12T07:55:25.248541000Z DEBUG solana_bpf_loader_program] Program 8opHzTAnfzRpPEx21XtnrVTX28YQuCpAjcn1PczScKh consumed 9829 of 200000 compute units
[2022-02-12T07:55:25.248593000Z DEBUG solana_program_runtime::stable_log] Program 8opHzTAnfzRpPEx21XtnrVTX28YQuCpAjcn1PczScKh success
[2022-02-12T07:55:25.259639000Z DEBUG solana_program_runtime::stable_log] Program 8opHzTAnfzRpPEx21XtnrVTX28YQuCpAjcn1PczScKh invoke [1]
[2022-02-12T07:55:25.260026000Z DEBUG solana_program_runtime::stable_log] Program log: Mango: UpdateRootBank
[2022-02-12T07:55:25.262268000Z DEBUG solana_program_runtime::stable_log] Program log: mango-log
[2022-02-12T07:55:25.262872000Z DEBUG solana_program_runtime::stable_log] Program log: 8HmBNKTUaLinbhvP8sZoiDTB3W1sGOUIJSpL/q4ynvukV/yhD7wPrw0AAAAAAAAAAAAAAAAAQEIPAAAAAAAAAAAAAAAAAEBCDwAAAAAAAAA=
[2022-02-12T07:55:25.262996000Z DEBUG solana_bpf_loader_program] Program 8opHzTAnfzRpPEx21XtnrVTX28YQuCpAjcn1PczScKh consumed 9868 of 200000 compute units
[2022-02-12T07:55:25.263048000Z DEBUG solana_program_runtime::stable_log] Program 8opHzTAnfzRpPEx21XtnrVTX28YQuCpAjcn1PczScKh success
[2022-02-12T07:55:25.272837000Z DEBUG solana_program_runtime::stable_log] Program 8opHzTAnfzRpPEx21XtnrVTX28YQuCpAjcn1PczScKh invoke [1]
[2022-02-12T07:55:25.273223000Z DEBUG solana_program_runtime::stable_log] Program log: Mango: UpdateRootBank
[2022-02-12T07:55:25.275472000Z DEBUG solana_program_runtime::stable_log] Program log: mango-log
[2022-02-12T07:55:25.276092000Z DEBUG solana_program_runtime::stable_log] Program log: 8HmBNKTUaLinbhvP8sZoiDTB3W1sGOUIJSpL/q4ynvukV/yhD7wPrw4AAAAAAAAAAAAAAAAAQEIPAAAAAAAAAAAAAAAAAEBCDwAAAAAAAAA=
[2022-02-12T07:55:25.276215000Z DEBUG solana_bpf_loader_program] Program 8opHzTAnfzRpPEx21XtnrVTX28YQuCpAjcn1PczScKh consumed 9907 of 200000 compute units
[2022-02-12T07:55:25.276268000Z DEBUG solana_program_runtime::stable_log] Program 8opHzTAnfzRpPEx21XtnrVTX28YQuCpAjcn1PczScKh success
[2022-02-12T07:55:25.287322000Z DEBUG solana_program_runtime::stable_log] Program 8opHzTAnfzRpPEx21XtnrVTX28YQuCpAjcn1PczScKh invoke [1]
[2022-02-12T07:55:25.287717000Z DEBUG solana_program_runtime::stable_log] Program log: Mango: UpdateRootBank
[2022-02-12T07:55:25.290732000Z DEBUG solana_program_runtime::stable_log] Program log: mango-log
[2022-02-12T07:55:25.291336000Z DEBUG solana_program_runtime::stable_log] Program log: 8HmBNKTUaLinbhvP8sZoiDTB3W1sGOUIJSpL/q4ynvukV/yhD7wPrw8AAAAAAAAAAAAAAAAAQEIPAAAAAAAAAAAAAAAAAEBCDwAAAAAAAAA=
[2022-02-12T07:55:25.291459000Z DEBUG solana_bpf_loader_program] Program 8opHzTAnfzRpPEx21XtnrVTX28YQuCpAjcn1PczScKh consumed 12494 of 200000 compute units
[2022-02-12T07:55:25.291511000Z DEBUG solana_program_runtime::stable_log] Program 8opHzTAnfzRpPEx21XtnrVTX28YQuCpAjcn1PczScKh success
[2022-02-12T07:55:25.301707000Z DEBUG solana_program_runtime::stable_log] Program 8opHzTAnfzRpPEx21XtnrVTX28YQuCpAjcn1PczScKh invoke [1]
[2022-02-12T07:55:25.302175000Z DEBUG solana_program_runtime::stable_log] Program log: Mango: UpdateFunding
[2022-02-12T07:55:25.303286000Z DEBUG solana_program_runtime::stable_log] Program log: mango-log
[2022-02-12T07:55:25.303894000Z DEBUG solana_program_runtime::stable_log] Program log: ta5iwCEXTXunbhvP8sZoiDTB3W1sGOUIJSpL/q4ynvukV/yhD7wPrwAAAAAAAAAAAAAAAAAAAAAAAAAAAAAAAAAAAAAAAAAAAAAAAAAAAAA=
[2022-02-12T07:55:25.304039000Z DEBUG solana_bpf_loader_program] Program 8opHzTAnfzRpPEx21XtnrVTX28YQuCpAjcn1PczScKh consumed 6381 of 200000 compute units
[2022-02-12T07:55:25.304103000Z DEBUG solana_program_runtime::stable_log] Program 8opHzTAnfzRpPEx21XtnrVTX28YQuCpAjcn1PczScKh success
[2022-02-12T07:55:25.316037000Z DEBUG solana_program_runtime::stable_log] Program 8opHzTAnfzRpPEx21XtnrVTX28YQuCpAjcn1PczScKh invoke [1]
[2022-02-12T07:55:25.316490000Z DEBUG solana_program_runtime::stable_log] Program log: Mango: UpdateFunding
[2022-02-12T07:55:25.317597000Z DEBUG solana_program_runtime::stable_log] Program log: mango-log
[2022-02-12T07:55:25.318207000Z DEBUG solana_program_runtime::stable_log] Program log: ta5iwCEXTXunbhvP8sZoiDTB3W1sGOUIJSpL/q4ynvukV/yhD7wPrwEAAAAAAAAAAAAAAAAAAAAAAAAAAAAAAAAAAAAAAAAAAAAAAAAAAAA=
[2022-02-12T07:55:25.318354000Z DEBUG solana_bpf_loader_program] Program 8opHzTAnfzRpPEx21XtnrVTX28YQuCpAjcn1PczScKh consumed 6421 of 200000 compute units
[2022-02-12T07:55:25.318419000Z DEBUG solana_program_runtime::stable_log] Program 8opHzTAnfzRpPEx21XtnrVTX28YQuCpAjcn1PczScKh success
[2022-02-12T07:55:25.329171000Z DEBUG solana_program_runtime::stable_log] Program 8opHzTAnfzRpPEx21XtnrVTX28YQuCpAjcn1PczScKh invoke [1]
[2022-02-12T07:55:25.329629000Z DEBUG solana_program_runtime::stable_log] Program log: Mango: UpdateFunding
[2022-02-12T07:55:25.330755000Z DEBUG solana_program_runtime::stable_log] Program log: mango-log
[2022-02-12T07:55:25.331363000Z DEBUG solana_program_runtime::stable_log] Program log: ta5iwCEXTXunbhvP8sZoiDTB3W1sGOUIJSpL/q4ynvukV/yhD7wPrwIAAAAAAAAAAAAAAAAAAAAAAAAAAAAAAAAAAAAAAAAAAAAAAAAAAAA=
[2022-02-12T07:55:25.331510000Z DEBUG solana_bpf_loader_program] Program 8opHzTAnfzRpPEx21XtnrVTX28YQuCpAjcn1PczScKh consumed 6460 of 200000 compute units
[2022-02-12T07:55:25.331578000Z DEBUG solana_program_runtime::stable_log] Program 8opHzTAnfzRpPEx21XtnrVTX28YQuCpAjcn1PczScKh success
[2022-02-12T07:55:25.342055000Z DEBUG solana_program_runtime::stable_log] Program 8opHzTAnfzRpPEx21XtnrVTX28YQuCpAjcn1PczScKh invoke [1]
[2022-02-12T07:55:25.342494000Z DEBUG solana_program_runtime::stable_log] Program log: Mango: UpdateFunding
[2022-02-12T07:55:25.343634000Z DEBUG solana_program_runtime::stable_log] Program log: mango-log
[2022-02-12T07:55:25.344243000Z DEBUG solana_program_runtime::stable_log] Program log: ta5iwCEXTXunbhvP8sZoiDTB3W1sGOUIJSpL/q4ynvukV/yhD7wPrwMAAAAAAAAAAAAAAAAAAAAAAAAAAAAAAAAAAAAAAAAAAAAAAAAAAAA=
[2022-02-12T07:55:25.344390000Z DEBUG solana_bpf_loader_program] Program 8opHzTAnfzRpPEx21XtnrVTX28YQuCpAjcn1PczScKh consumed 6499 of 200000 compute units
[2022-02-12T07:55:25.344454000Z DEBUG solana_program_runtime::stable_log] Program 8opHzTAnfzRpPEx21XtnrVTX28YQuCpAjcn1PczScKh success
[2022-02-12T07:55:25.355014000Z DEBUG solana_program_runtime::stable_log] Program 8opHzTAnfzRpPEx21XtnrVTX28YQuCpAjcn1PczScKh invoke [1]
[2022-02-12T07:55:25.355463000Z DEBUG solana_program_runtime::stable_log] Program log: Mango: UpdateFunding
[2022-02-12T07:55:25.356611000Z DEBUG solana_program_runtime::stable_log] Program log: mango-log
[2022-02-12T07:55:25.357218000Z DEBUG solana_program_runtime::stable_log] Program log: ta5iwCEXTXunbhvP8sZoiDTB3W1sGOUIJSpL/q4ynvukV/yhD7wPrwQAAAAAAAAAAAAAAAAAAAAAAAAAAAAAAAAAAAAAAAAAAAAAAAAAAAA=
[2022-02-12T07:55:25.357366000Z DEBUG solana_bpf_loader_program] Program 8opHzTAnfzRpPEx21XtnrVTX28YQuCpAjcn1PczScKh consumed 6538 of 200000 compute units
[2022-02-12T07:55:25.357432000Z DEBUG solana_program_runtime::stable_log] Program 8opHzTAnfzRpPEx21XtnrVTX28YQuCpAjcn1PczScKh success
[2022-02-12T07:55:25.367996000Z DEBUG solana_program_runtime::stable_log] Program 8opHzTAnfzRpPEx21XtnrVTX28YQuCpAjcn1PczScKh invoke [1]
[2022-02-12T07:55:25.368441000Z DEBUG solana_program_runtime::stable_log] Program log: Mango: UpdateFunding
[2022-02-12T07:55:25.369604000Z DEBUG solana_program_runtime::stable_log] Program log: mango-log
[2022-02-12T07:55:25.370213000Z DEBUG solana_program_runtime::stable_log] Program log: ta5iwCEXTXunbhvP8sZoiDTB3W1sGOUIJSpL/q4ynvukV/yhD7wPrwUAAAAAAAAAAAAAAAAAAAAAAAAAAAAAAAAAAAAAAAAAAAAAAAAAAAA=
[2022-02-12T07:55:25.370361000Z DEBUG solana_bpf_loader_program] Program 8opHzTAnfzRpPEx21XtnrVTX28YQuCpAjcn1PczScKh consumed 6577 of 200000 compute units
[2022-02-12T07:55:25.370425000Z DEBUG solana_program_runtime::stable_log] Program 8opHzTAnfzRpPEx21XtnrVTX28YQuCpAjcn1PczScKh success
[2022-02-12T07:55:25.380924000Z DEBUG solana_program_runtime::stable_log] Program 8opHzTAnfzRpPEx21XtnrVTX28YQuCpAjcn1PczScKh invoke [1]
[2022-02-12T07:55:25.381370000Z DEBUG solana_program_runtime::stable_log] Program log: Mango: UpdateFunding
[2022-02-12T07:55:25.382545000Z DEBUG solana_program_runtime::stable_log] Program log: mango-log
[2022-02-12T07:55:25.383157000Z DEBUG solana_program_runtime::stable_log] Program log: ta5iwCEXTXunbhvP8sZoiDTB3W1sGOUIJSpL/q4ynvukV/yhD7wPrwYAAAAAAAAAAAAAAAAAAAAAAAAAAAAAAAAAAAAAAAAAAAAAAAAAAAA=
[2022-02-12T07:55:25.383304000Z DEBUG solana_bpf_loader_program] Program 8opHzTAnfzRpPEx21XtnrVTX28YQuCpAjcn1PczScKh consumed 6616 of 200000 compute units
[2022-02-12T07:55:25.383368000Z DEBUG solana_program_runtime::stable_log] Program 8opHzTAnfzRpPEx21XtnrVTX28YQuCpAjcn1PczScKh success
[2022-02-12T07:55:25.396014000Z DEBUG solana_program_runtime::stable_log] Program 8opHzTAnfzRpPEx21XtnrVTX28YQuCpAjcn1PczScKh invoke [1]
[2022-02-12T07:55:25.396455000Z DEBUG solana_program_runtime::stable_log] Program log: Mango: UpdateFunding
[2022-02-12T07:55:25.397645000Z DEBUG solana_program_runtime::stable_log] Program log: mango-log
[2022-02-12T07:55:25.398251000Z DEBUG solana_program_runtime::stable_log] Program log: ta5iwCEXTXunbhvP8sZoiDTB3W1sGOUIJSpL/q4ynvukV/yhD7wPrwcAAAAAAAAAAAAAAAAAAAAAAAAAAAAAAAAAAAAAAAAAAAAAAAAAAAA=
[2022-02-12T07:55:25.398398000Z DEBUG solana_bpf_loader_program] Program 8opHzTAnfzRpPEx21XtnrVTX28YQuCpAjcn1PczScKh consumed 6655 of 200000 compute units
[2022-02-12T07:55:25.398464000Z DEBUG solana_program_runtime::stable_log] Program 8opHzTAnfzRpPEx21XtnrVTX28YQuCpAjcn1PczScKh success
[2022-02-12T07:55:25.408920000Z DEBUG solana_program_runtime::stable_log] Program 8opHzTAnfzRpPEx21XtnrVTX28YQuCpAjcn1PczScKh invoke [1]
[2022-02-12T07:55:25.409364000Z DEBUG solana_program_runtime::stable_log] Program log: Mango: UpdateFunding
[2022-02-12T07:55:25.410564000Z DEBUG solana_program_runtime::stable_log] Program log: mango-log
[2022-02-12T07:55:25.411170000Z DEBUG solana_program_runtime::stable_log] Program log: ta5iwCEXTXunbhvP8sZoiDTB3W1sGOUIJSpL/q4ynvukV/yhD7wPrwgAAAAAAAAAAAAAAAAAAAAAAAAAAAAAAAAAAAAAAAAAAAAAAAAAAAA=
[2022-02-12T07:55:25.411318000Z DEBUG solana_bpf_loader_program] Program 8opHzTAnfzRpPEx21XtnrVTX28YQuCpAjcn1PczScKh consumed 6694 of 200000 compute units
[2022-02-12T07:55:25.411381000Z DEBUG solana_program_runtime::stable_log] Program 8opHzTAnfzRpPEx21XtnrVTX28YQuCpAjcn1PczScKh success
[2022-02-12T07:55:25.423017000Z DEBUG solana_program_runtime::stable_log] Program 8opHzTAnfzRpPEx21XtnrVTX28YQuCpAjcn1PczScKh invoke [1]
[2022-02-12T07:55:25.423462000Z DEBUG solana_program_runtime::stable_log] Program log: Mango: UpdateFunding
[2022-02-12T07:55:25.424678000Z DEBUG solana_program_runtime::stable_log] Program log: mango-log
[2022-02-12T07:55:25.425286000Z DEBUG solana_program_runtime::stable_log] Program log: ta5iwCEXTXunbhvP8sZoiDTB3W1sGOUIJSpL/q4ynvukV/yhD7wPrwkAAAAAAAAAAAAAAAAAAAAAAAAAAAAAAAAAAAAAAAAAAAAAAAAAAAA=
[2022-02-12T07:55:25.425434000Z DEBUG solana_bpf_loader_program] Program 8opHzTAnfzRpPEx21XtnrVTX28YQuCpAjcn1PczScKh consumed 6733 of 200000 compute units
[2022-02-12T07:55:25.425500000Z DEBUG solana_program_runtime::stable_log] Program 8opHzTAnfzRpPEx21XtnrVTX28YQuCpAjcn1PczScKh success
[2022-02-12T07:55:25.436004000Z DEBUG solana_program_runtime::stable_log] Program 8opHzTAnfzRpPEx21XtnrVTX28YQuCpAjcn1PczScKh invoke [1]
[2022-02-12T07:55:25.436449000Z DEBUG solana_program_runtime::stable_log] Program log: Mango: UpdateFunding
[2022-02-12T07:55:25.437679000Z DEBUG solana_program_runtime::stable_log] Program log: mango-log
[2022-02-12T07:55:25.438291000Z DEBUG solana_program_runtime::stable_log] Program log: ta5iwCEXTXunbhvP8sZoiDTB3W1sGOUIJSpL/q4ynvukV/yhD7wPrwoAAAAAAAAAAAAAAAAAAAAAAAAAAAAAAAAAAAAAAAAAAAAAAAAAAAA=
[2022-02-12T07:55:25.438442000Z DEBUG solana_bpf_loader_program] Program 8opHzTAnfzRpPEx21XtnrVTX28YQuCpAjcn1PczScKh consumed 6772 of 200000 compute units
[2022-02-12T07:55:25.438505000Z DEBUG solana_program_runtime::stable_log] Program 8opHzTAnfzRpPEx21XtnrVTX28YQuCpAjcn1PczScKh success
[2022-02-12T07:55:25.448929000Z DEBUG solana_program_runtime::stable_log] Program 8opHzTAnfzRpPEx21XtnrVTX28YQuCpAjcn1PczScKh invoke [1]
[2022-02-12T07:55:25.449371000Z DEBUG solana_program_runtime::stable_log] Program log: Mango: UpdateFunding
[2022-02-12T07:55:25.450616000Z DEBUG solana_program_runtime::stable_log] Program log: mango-log
[2022-02-12T07:55:25.451225000Z DEBUG solana_program_runtime::stable_log] Program log: ta5iwCEXTXunbhvP8sZoiDTB3W1sGOUIJSpL/q4ynvukV/yhD7wPrwsAAAAAAAAAAAAAAAAAAAAAAAAAAAAAAAAAAAAAAAAAAAAAAAAAAAA=
[2022-02-12T07:55:25.451371000Z DEBUG solana_bpf_loader_program] Program 8opHzTAnfzRpPEx21XtnrVTX28YQuCpAjcn1PczScKh consumed 6811 of 200000 compute units
[2022-02-12T07:55:25.451435000Z DEBUG solana_program_runtime::stable_log] Program 8opHzTAnfzRpPEx21XtnrVTX28YQuCpAjcn1PczScKh success
[2022-02-12T07:55:25.463015000Z DEBUG solana_program_runtime::stable_log] Program 8opHzTAnfzRpPEx21XtnrVTX28YQuCpAjcn1PczScKh invoke [1]
[2022-02-12T07:55:25.463466000Z DEBUG solana_program_runtime::stable_log] Program log: Mango: UpdateFunding
[2022-02-12T07:55:25.464715000Z DEBUG solana_program_runtime::stable_log] Program log: mango-log
[2022-02-12T07:55:25.465327000Z DEBUG solana_program_runtime::stable_log] Program log: ta5iwCEXTXunbhvP8sZoiDTB3W1sGOUIJSpL/q4ynvukV/yhD7wPrwwAAAAAAAAAAAAAAAAAAAAAAAAAAAAAAAAAAAAAAAAAAAAAAAAAAAA=
[2022-02-12T07:55:25.465473000Z DEBUG solana_bpf_loader_program] Program 8opHzTAnfzRpPEx21XtnrVTX28YQuCpAjcn1PczScKh consumed 6850 of 200000 compute units
[2022-02-12T07:55:25.465540000Z DEBUG solana_program_runtime::stable_log] Program 8opHzTAnfzRpPEx21XtnrVTX28YQuCpAjcn1PczScKh success
[2022-02-12T07:55:25.477084000Z DEBUG solana_program_runtime::stable_log] Program 8opHzTAnfzRpPEx21XtnrVTX28YQuCpAjcn1PczScKh invoke [1]
[2022-02-12T07:55:25.477533000Z DEBUG solana_program_runtime::stable_log] Program log: Mango: UpdateFunding
[2022-02-12T07:55:25.478801000Z DEBUG solana_program_runtime::stable_log] Program log: mango-log
[2022-02-12T07:55:25.479409000Z DEBUG solana_program_runtime::stable_log] Program log: ta5iwCEXTXunbhvP8sZoiDTB3W1sGOUIJSpL/q4ynvukV/yhD7wPrw0AAAAAAAAAAAAAAAAAAAAAAAAAAAAAAAAAAAAAAAAAAAAAAAAAAAA=
[2022-02-12T07:55:25.479554000Z DEBUG solana_bpf_loader_program] Program 8opHzTAnfzRpPEx21XtnrVTX28YQuCpAjcn1PczScKh consumed 6889 of 200000 compute units
[2022-02-12T07:55:25.479617000Z DEBUG solana_program_runtime::stable_log] Program 8opHzTAnfzRpPEx21XtnrVTX28YQuCpAjcn1PczScKh success
[2022-02-12T07:55:25.490077000Z DEBUG solana_program_runtime::stable_log] Program 8opHzTAnfzRpPEx21XtnrVTX28YQuCpAjcn1PczScKh invoke [1]
[2022-02-12T07:55:25.490521000Z DEBUG solana_program_runtime::stable_log] Program log: Mango: UpdateFunding
[2022-02-12T07:55:25.491806000Z DEBUG solana_program_runtime::stable_log] Program log: mango-log
[2022-02-12T07:55:25.492413000Z DEBUG solana_program_runtime::stable_log] Program log: ta5iwCEXTXunbhvP8sZoiDTB3W1sGOUIJSpL/q4ynvukV/yhD7wPrw4AAAAAAAAAAAAAAAAAAAAAAAAAAAAAAAAAAAAAAAAAAAAAAAAAAAA=
[2022-02-12T07:55:25.492560000Z DEBUG solana_bpf_loader_program] Program 8opHzTAnfzRpPEx21XtnrVTX28YQuCpAjcn1PczScKh consumed 6928 of 200000 compute units
[2022-02-12T07:55:25.492626000Z DEBUG solana_program_runtime::stable_log] Program 8opHzTAnfzRpPEx21XtnrVTX28YQuCpAjcn1PczScKh success
[2022-02-12T07:55:25.506625000Z DEBUG solana_program_runtime::stable_log] Program 8opHzTAnfzRpPEx21XtnrVTX28YQuCpAjcn1PczScKh invoke [1]
[2022-02-12T07:55:25.507785000Z DEBUG solana_program_runtime::stable_log] Program log: Mango: CacheRootBanks
[2022-02-12T07:55:25.511532000Z DEBUG solana_program_runtime::stable_log] Program log: mango-log
[2022-02-12T07:55:25.514408000Z DEBUG solana_program_runtime::stable_log] Program log: IVXYca/GfeinbhvP8sZoiDTB3W1sGOUIJSpL/q4ynvukV/yhD7wPrxAAAAAAAAAAAAAAAAEAAAAAAAAAAgAAAAAAAAADAAAAAAAAAAQAAAAAAAAABQAAAAAAAAAGAAAAAAAAAAcAAAAAAAAACAAAAAAAAAAJAAAAAAAAAAoAAAAAAAAACwAAAAAAAAAMAAAAAAAAAA0AAAAAAAAADgAAAAAAAAAPAAAAAAAAABAAAAAAAAAAAABAQg8AAAAAAAAAAAAAAAAAQEIPAAAAAAAAAAAAAAAAAEBCDwAAAAAAAAAAAAAAAABAQg8AAAAAAAAAAAAAAAAAQEIPAAAAAAAAAAAAAAAAAEBCDwAAAAAAAAAAAAAAAABAQg8AAAAAAAAAAAAAAAAAQEIPAAAAAAAAAAAAAAAAAEBCDwAAAAAAAAAAAAAAAABAQg8AAAAAAAAAAAAAAAAAQEIPAAAAAAAAAAAAAAAAAEBCDwAAAAAAAAAAAAAAAABAQg8AAAAAAAAAAAAAAAAAQEIPAAAAAAAAAAAAAAAAAEBCDwAAAAAAAAAAAAAAAABAQg8AAAAAAAAAEAAAAAAAAAAAAEBCDwAAAAAAAAAAAAAAAABAQg8AAAAAAAAAAAAAAAAAQEIPAAAAAAAAAAAAAAAAAEBCDwAAAAAAAAAAAAAAAABAQg8AAAAAAAAAAAAAAAAAQEIPAAAAAAAAAAAAAAAAAEBCDwAAAAAAAAAAAAAAAABAQg8AAAAAAAAAAAAAAAAAQEIPAAAAAAAAAAAAAAAAAEBCDwAAAAAAAAAAAAAAAABAQg8AAAAAAAAAAAAAAAAAQEIPAAAAAAAAAAAAAAAAAEBCDwAAAAAAAAAAAAAAAABAQg8AAAAAAAAAAAAAAAAAQEIPAAAAAAAAAAAAAAAAAEBCDwAAAAAAAAA=
[2022-02-12T07:55:25.514822000Z DEBUG solana_bpf_loader_program] Program 8opHzTAnfzRpPEx21XtnrVTX28YQuCpAjcn1PczScKh consumed 24418 of 200000 compute units
[2022-02-12T07:55:25.514895000Z DEBUG solana_program_runtime::stable_log] Program 8opHzTAnfzRpPEx21XtnrVTX28YQuCpAjcn1PczScKh success
[2022-02-12T07:55:25.528830000Z DEBUG solana_program_runtime::stable_log] Program 8opHzTAnfzRpPEx21XtnrVTX28YQuCpAjcn1PczScKh invoke [1]
[2022-02-12T07:55:25.529939000Z DEBUG solana_program_runtime::stable_log] Program log: Mango: CachePerpMarkets
[2022-02-12T07:55:25.533627000Z DEBUG solana_program_runtime::stable_log] Program log: mango-log
[2022-02-12T07:55:25.536319000Z DEBUG solana_program_runtime::stable_log] Program log: 9lt9JxCzqw6nbhvP8sZoiDTB3W1sGOUIJSpL/q4ynvukV/yhD7wPrw8AAAAAAAAAAAAAAAEAAAAAAAAAAgAAAAAAAAADAAAAAAAAAAQAAAAAAAAABQAAAAAAAAAGAAAAAAAAAAcAAAAAAAAACAAAAAAAAAAJAAAAAAAAAAoAAAAAAAAACwAAAAAAAAAMAAAAAAAAAA0AAAAAAAAADgAAAAAAAAAPAAAAAAAAAAAAAAAAAAAAAAAAAAAAAAAAAAAAAAAAAAAAAAAAAAAAAAAAAAAAAAAAAAAAAAAAAAAAAAAAAAAAAAAAAAAAAAAAAAAAAAAAAAAAAAAAAAAAAAAAAAAAAAAAAAAAAAAAAAAAAAAAAAAAAAAAAAAAAAAAAAAAAAAAAAAAAAAAAAAAAAAAAAAAAAAAAAAAAAAAAAAAAAAAAAAAAAAAAAAAAAAAAAAAAAAAAAAAAAAAAAAAAAAAAAAAAAAAAAAAAAAAAAAAAAAAAAAAAAAAAAAAAAAAAAAAAAAAAAAAAAAAAAAAAAAAAAAAAAAAAAAADwAAAAAAAAAAAAAAAAAAAAAAAAAAAAAAAAAAAAAAAAAAAAAAAAAAAAAAAAAAAAAAAAAAAAAAAAAAAAAAAAAAAAAAAAAAAAAAAAAAAAAAAAAAAAAAAAAAAAAAAAAAAAAAAAAAAAAAAAAAAAAAAAAAAAAAAAAAAAAAAAAAAAAAAAAAAAAAAAAAAAAAAAAAAAAAAAAAAAAAAAAAAAAAAAAAAAAAAAAAAAAAAAAAAAAAAAAAAAAAAAAAAAAAAAAAAAAAAAAAAAAAAAAAAAAAAAAAAAAAAAAAAAAAAAAAAAAAAAAAAAAAAAAAAAAAAAAAAAAAAAAAAA==
[2022-02-12T07:55:25.536710000Z DEBUG solana_bpf_loader_program] Program 8opHzTAnfzRpPEx21XtnrVTX28YQuCpAjcn1PczScKh consumed 23463 of 200000 compute units
[2022-02-12T07:55:25.536779000Z DEBUG solana_program_runtime::stable_log] Program 8opHzTAnfzRpPEx21XtnrVTX28YQuCpAjcn1PczScKh success
[2022-02-12T07:55:25.552032000Z DEBUG solana_program_runtime::stable_log] Program 8opHzTAnfzRpPEx21XtnrVTX28YQuCpAjcn1PczScKh invoke [1]
[2022-02-12T07:55:25.553458000Z DEBUG solana_program_runtime::stable_log] Program log: Mango: LiquidateTokenAndToken
[2022-02-12T07:55:25.565075000Z DEBUG solana_program_runtime::stable_log] Program log: mango-log
[2022-02-12T07:55:25.565807000Z DEBUG solana_program_runtime::stable_log] Program log: F5qwwQsqqPSnbhvP8sZoiDTB3W1sGOUIJSpL/q4ynvukV/yhD7wPr14EXwKUknDvC82XypHRmqcTJRpr95d8qBri17S2HigkDwAAAAAAAAAAAAAAAAAAAAAAAAAAAAAAM77+////Fk4AAAAAAAAAAA==
[2022-02-12T07:55:25.565853000Z DEBUG solana_program_runtime::stable_log] Program log: mango-log
[2022-02-12T07:55:25.566586000Z DEBUG solana_program_runtime::stable_log] Program log: F5qwwQsqqPSnbhvP8sZoiDTB3W1sGOUIJSpL/q4ynvukV/yhD7wPr/VwMIZuvFHQB+4BiQY+Ioei6qoPR+RzhDMRu6+mNGXfDwAAAAAAAAAzvv7///8PJwAAAAAAAAAAAAAAAAAAAAAAAAAAAAAAAA==
[2022-02-12T07:55:25.567143000Z DEBUG solana_program_runtime::stable_log] Program log: mango-log
[2022-02-12T07:55:25.567875000Z DEBUG solana_program_runtime::stable_log] Program log: F5qwwQsqqPSnbhvP8sZoiDTB3W1sGOUIJSpL/q4ynvukV/yhD7wPr/VwMIZuvFHQB+4BiQY+Ioei6qoPR+RzhDMRu6+mNGXfAAAAAAAAAADv2P////8CAAAAAAAAAAAAAAAAAAAAAAAAAAAAAAAAAA==
[2022-02-12T07:55:25.567918000Z DEBUG solana_program_runtime::stable_log] Program log: mango-log
[2022-02-12T07:55:25.568653000Z DEBUG solana_program_runtime::stable_log] Program log: F5qwwQsqqPSnbhvP8sZoiDTB3W1sGOUIJSpL/q4ynvukV/yhD7wPr14EXwKUknDvC82XypHRmqcTJRpr95d8qBri17S2HigkAAAAAAAAAAARJwAAAAAAAAAAAAAAAAAAAAAAAAAAAAAAAAAAAAAAAA==
[2022-02-12T07:55:25.570263000Z DEBUG solana_program_runtime::stable_log] Program log: mango-log
[2022-02-12T07:55:25.571318000Z DEBUG solana_program_runtime::stable_log] Program log: cO8nQbWsEVSnbhvP8sZoiDTB3W1sGOUIJSpL/q4ynvukV/yhD7wPr14EXwKUknDvC82XypHRmqcTJRpr95d8qBri17S2Higk9XAwhm68UdAH7gGJBj4ih6Lqqg9H5HOEMxG7r6Y0Zd8AAAAAAAAAAA8AAAAAAAAAAAAAAAAAAAAAAAAAAAAAAAAAAAAAAAAAAAAAAAAAAADzbQAAAAAAAAAAAAAAAAAAAAAAAAAAAQAAAAAAAAAAAAA=
[2022-02-12T07:55:25.571727000Z DEBUG solana_bpf_loader_program] Program 8opHzTAnfzRpPEx21XtnrVTX28YQuCpAjcn1PczScKh consumed 59271 of 200000 compute units
[2022-02-12T07:55:25.571810000Z DEBUG solana_program_runtime::stable_log] Program 8opHzTAnfzRpPEx21XtnrVTX28YQuCpAjcn1PczScKh success
[2022-02-12T07:55:25.611532000Z DEBUG solana_program_runtime::stable_log] Program 8opHzTAnfzRpPEx21XtnrVTX28YQuCpAjcn1PczScKh invoke [1]
[2022-02-12T07:55:25.612696000Z DEBUG solana_program_runtime::stable_log] Program log: Mango: CachePrices
[2022-02-12T07:55:25.615763000Z DEBUG solana_program_runtime::stable_log] Program log: mango-log
[2022-02-12T07:55:25.617574000Z DEBUG solana_program_runtime::stable_log] Program log: ux0uSxX5tBunbhvP8sZoiDTB3W1sGOUIJSpL/q4ynvukV/yhD7wPrw8AAAAAAAAAAAAAAAEAAAAAAAAAAgAAAAAAAAADAAAAAAAAAAQAAAAAAAAABQAAAAAAAAAGAAAAAAAAAAcAAAAAAAAACAAAAAAAAAAJAAAAAAAAAAoAAAAAAAAACwAAAAAAAAAMAAAAAAAAAA0AAAAAAAAADgAAAAAAAAAPAAAA820AAAAAAAAAAAAAAAAAAPNtAAAAAAAAAAAAAAAAAADzbQAAAAAAAAAAAAAAAAAA820AAAAAAAAAAAAAAAAAABwAAAAAAAAAAAAAAAAAAADzbQAAAAAAAAAAAAAAAAAA820AAAAAAAAAAAAAAAAAAPNtAAAAAAAAAAAAAAAAAADzbQAAAAAAAAAAAAAAAAAA820AAAAAAAAAAAAAAAAAAPNtAAAAAAAAAAAAAAAAAADzbQAAAAAAAAAAAAAAAAAA820AAAAAAAAAAAAAAAAAAPNtAAAAAAAAAAAAAAAAAADzbQAAAAAAAAAAAAAAAAAA
[2022-02-12T07:55:25.617959000Z DEBUG solana_bpf_loader_program] Program 8opHzTAnfzRpPEx21XtnrVTX28YQuCpAjcn1PczScKh consumed 18318 of 200000 compute units
[2022-02-12T07:55:25.618037000Z DEBUG solana_program_runtime::stable_log] Program 8opHzTAnfzRpPEx21XtnrVTX28YQuCpAjcn1PczScKh success
[2022-02-12T07:55:25.627997000Z DEBUG solana_program_runtime::stable_log] Program 8opHzTAnfzRpPEx21XtnrVTX28YQuCpAjcn1PczScKh invoke [1]
[2022-02-12T07:55:25.628385000Z DEBUG solana_program_runtime::stable_log] Program log: Mango: UpdateRootBank
[2022-02-12T07:55:25.630474000Z DEBUG solana_program_runtime::stable_log] Program log: mango-log
[2022-02-12T07:55:25.631074000Z DEBUG solana_program_runtime::stable_log] Program log: 8HmBNKTUaLinbhvP8sZoiDTB3W1sGOUIJSpL/q4ynvukV/yhD7wPrwAAAAAAAAAAAAAAAAAAQEIPAAAAAAAAAAAAAAAAAEBCDwAAAAAAAAA=
[2022-02-12T07:55:25.631196000Z DEBUG solana_bpf_loader_program] Program 8opHzTAnfzRpPEx21XtnrVTX28YQuCpAjcn1PczScKh consumed 9360 of 200000 compute units
[2022-02-12T07:55:25.631247000Z DEBUG solana_program_runtime::stable_log] Program 8opHzTAnfzRpPEx21XtnrVTX28YQuCpAjcn1PczScKh success
[2022-02-12T07:55:25.641135000Z DEBUG solana_program_runtime::stable_log] Program 8opHzTAnfzRpPEx21XtnrVTX28YQuCpAjcn1PczScKh invoke [1]
[2022-02-12T07:55:25.641517000Z DEBUG solana_program_runtime::stable_log] Program log: Mango: UpdateRootBank
[2022-02-12T07:55:25.643593000Z DEBUG solana_program_runtime::stable_log] Program log: mango-log
[2022-02-12T07:55:25.644202000Z DEBUG solana_program_runtime::stable_log] Program log: 8HmBNKTUaLinbhvP8sZoiDTB3W1sGOUIJSpL/q4ynvukV/yhD7wPrwEAAAAAAAAAAAAAAAAAQEIPAAAAAAAAAAAAAAAAAEBCDwAAAAAAAAA=
[2022-02-12T07:55:25.644324000Z DEBUG solana_bpf_loader_program] Program 8opHzTAnfzRpPEx21XtnrVTX28YQuCpAjcn1PczScKh consumed 9400 of 200000 compute units
[2022-02-12T07:55:25.644377000Z DEBUG solana_program_runtime::stable_log] Program 8opHzTAnfzRpPEx21XtnrVTX28YQuCpAjcn1PczScKh success
[2022-02-12T07:55:25.654438000Z DEBUG solana_program_runtime::stable_log] Program 8opHzTAnfzRpPEx21XtnrVTX28YQuCpAjcn1PczScKh invoke [1]
[2022-02-12T07:55:25.654831000Z DEBUG solana_program_runtime::stable_log] Program log: Mango: UpdateRootBank
[2022-02-12T07:55:25.656918000Z DEBUG solana_program_runtime::stable_log] Program log: mango-log
[2022-02-12T07:55:25.657521000Z DEBUG solana_program_runtime::stable_log] Program log: 8HmBNKTUaLinbhvP8sZoiDTB3W1sGOUIJSpL/q4ynvukV/yhD7wPrwIAAAAAAAAAAAAAAAAAQEIPAAAAAAAAAAAAAAAAAEBCDwAAAAAAAAA=
[2022-02-12T07:55:25.657643000Z DEBUG solana_bpf_loader_program] Program 8opHzTAnfzRpPEx21XtnrVTX28YQuCpAjcn1PczScKh consumed 9439 of 200000 compute units
[2022-02-12T07:55:25.657697000Z DEBUG solana_program_runtime::stable_log] Program 8opHzTAnfzRpPEx21XtnrVTX28YQuCpAjcn1PczScKh success
[2022-02-12T07:55:25.667579000Z DEBUG solana_program_runtime::stable_log] Program 8opHzTAnfzRpPEx21XtnrVTX28YQuCpAjcn1PczScKh invoke [1]
[2022-02-12T07:55:25.667968000Z DEBUG solana_program_runtime::stable_log] Program log: Mango: UpdateRootBank
[2022-02-12T07:55:25.670076000Z DEBUG solana_program_runtime::stable_log] Program log: mango-log
[2022-02-12T07:55:25.670677000Z DEBUG solana_program_runtime::stable_log] Program log: 8HmBNKTUaLinbhvP8sZoiDTB3W1sGOUIJSpL/q4ynvukV/yhD7wPrwMAAAAAAAAAAAAAAAAAQEIPAAAAAAAAAAAAAAAAAEBCDwAAAAAAAAA=
[2022-02-12T07:55:25.670799000Z DEBUG solana_bpf_loader_program] Program 8opHzTAnfzRpPEx21XtnrVTX28YQuCpAjcn1PczScKh consumed 9478 of 200000 compute units
[2022-02-12T07:55:25.670850000Z DEBUG solana_program_runtime::stable_log] Program 8opHzTAnfzRpPEx21XtnrVTX28YQuCpAjcn1PczScKh success
[2022-02-12T07:55:25.681996000Z DEBUG solana_program_runtime::stable_log] Program 8opHzTAnfzRpPEx21XtnrVTX28YQuCpAjcn1PczScKh invoke [1]
[2022-02-12T07:55:25.682385000Z DEBUG solana_program_runtime::stable_log] Program log: Mango: UpdateRootBank
[2022-02-12T07:55:25.684500000Z DEBUG solana_program_runtime::stable_log] Program log: mango-log
[2022-02-12T07:55:25.685104000Z DEBUG solana_program_runtime::stable_log] Program log: 8HmBNKTUaLinbhvP8sZoiDTB3W1sGOUIJSpL/q4ynvukV/yhD7wPrwQAAAAAAAAAAAAAAAAAQEIPAAAAAAAAAAAAAAAAAEBCDwAAAAAAAAA=
[2022-02-12T07:55:25.685227000Z DEBUG solana_bpf_loader_program] Program 8opHzTAnfzRpPEx21XtnrVTX28YQuCpAjcn1PczScKh consumed 9517 of 200000 compute units
[2022-02-12T07:55:25.685281000Z DEBUG solana_program_runtime::stable_log] Program 8opHzTAnfzRpPEx21XtnrVTX28YQuCpAjcn1PczScKh success
[2022-02-12T07:55:25.695984000Z DEBUG solana_program_runtime::stable_log] Program 8opHzTAnfzRpPEx21XtnrVTX28YQuCpAjcn1PczScKh invoke [1]
[2022-02-12T07:55:25.696373000Z DEBUG solana_program_runtime::stable_log] Program log: Mango: UpdateRootBank
[2022-02-12T07:55:25.698491000Z DEBUG solana_program_runtime::stable_log] Program log: mango-log
[2022-02-12T07:55:25.699098000Z DEBUG solana_program_runtime::stable_log] Program log: 8HmBNKTUaLinbhvP8sZoiDTB3W1sGOUIJSpL/q4ynvukV/yhD7wPrwUAAAAAAAAAAAAAAAAAQEIPAAAAAAAAAAAAAAAAAEBCDwAAAAAAAAA=
[2022-02-12T07:55:25.699220000Z DEBUG solana_bpf_loader_program] Program 8opHzTAnfzRpPEx21XtnrVTX28YQuCpAjcn1PczScKh consumed 9556 of 200000 compute units
[2022-02-12T07:55:25.699271000Z DEBUG solana_program_runtime::stable_log] Program 8opHzTAnfzRpPEx21XtnrVTX28YQuCpAjcn1PczScKh success
[2022-02-12T07:55:25.709140000Z DEBUG solana_program_runtime::stable_log] Program 8opHzTAnfzRpPEx21XtnrVTX28YQuCpAjcn1PczScKh invoke [1]
[2022-02-12T07:55:25.709522000Z DEBUG solana_program_runtime::stable_log] Program log: Mango: UpdateRootBank
[2022-02-12T07:55:25.711653000Z DEBUG solana_program_runtime::stable_log] Program log: mango-log
[2022-02-12T07:55:25.712255000Z DEBUG solana_program_runtime::stable_log] Program log: 8HmBNKTUaLinbhvP8sZoiDTB3W1sGOUIJSpL/q4ynvukV/yhD7wPrwYAAAAAAAAAAAAAAAAAQEIPAAAAAAAAAAAAAAAAAEBCDwAAAAAAAAA=
[2022-02-12T07:55:25.712376000Z DEBUG solana_bpf_loader_program] Program 8opHzTAnfzRpPEx21XtnrVTX28YQuCpAjcn1PczScKh consumed 9595 of 200000 compute units
[2022-02-12T07:55:25.712427000Z DEBUG solana_program_runtime::stable_log] Program 8opHzTAnfzRpPEx21XtnrVTX28YQuCpAjcn1PczScKh success
[2022-02-12T07:55:25.722275000Z DEBUG solana_program_runtime::stable_log] Program 8opHzTAnfzRpPEx21XtnrVTX28YQuCpAjcn1PczScKh invoke [1]
[2022-02-12T07:55:25.722670000Z DEBUG solana_program_runtime::stable_log] Program log: Mango: UpdateRootBank
[2022-02-12T07:55:25.724828000Z DEBUG solana_program_runtime::stable_log] Program log: mango-log
[2022-02-12T07:55:25.725434000Z DEBUG solana_program_runtime::stable_log] Program log: 8HmBNKTUaLinbhvP8sZoiDTB3W1sGOUIJSpL/q4ynvukV/yhD7wPrwcAAAAAAAAAAAAAAAAAQEIPAAAAAAAAAAAAAAAAAEBCDwAAAAAAAAA=
[2022-02-12T07:55:25.725556000Z DEBUG solana_bpf_loader_program] Program 8opHzTAnfzRpPEx21XtnrVTX28YQuCpAjcn1PczScKh consumed 9634 of 200000 compute units
[2022-02-12T07:55:25.725610000Z DEBUG solana_program_runtime::stable_log] Program 8opHzTAnfzRpPEx21XtnrVTX28YQuCpAjcn1PczScKh success
[2022-02-12T07:55:25.735500000Z DEBUG solana_program_runtime::stable_log] Program 8opHzTAnfzRpPEx21XtnrVTX28YQuCpAjcn1PczScKh invoke [1]
[2022-02-12T07:55:25.735887000Z DEBUG solana_program_runtime::stable_log] Program log: Mango: UpdateRootBank
[2022-02-12T07:55:25.738048000Z DEBUG solana_program_runtime::stable_log] Program log: mango-log
[2022-02-12T07:55:25.738649000Z DEBUG solana_program_runtime::stable_log] Program log: 8HmBNKTUaLinbhvP8sZoiDTB3W1sGOUIJSpL/q4ynvukV/yhD7wPrwgAAAAAAAAAAAAAAAAAQEIPAAAAAAAAAAAAAAAAAEBCDwAAAAAAAAA=
[2022-02-12T07:55:25.738771000Z DEBUG solana_bpf_loader_program] Program 8opHzTAnfzRpPEx21XtnrVTX28YQuCpAjcn1PczScKh consumed 9673 of 200000 compute units
[2022-02-12T07:55:25.738822000Z DEBUG solana_program_runtime::stable_log] Program 8opHzTAnfzRpPEx21XtnrVTX28YQuCpAjcn1PczScKh success
[2022-02-12T07:55:25.749798000Z DEBUG solana_program_runtime::stable_log] Program 8opHzTAnfzRpPEx21XtnrVTX28YQuCpAjcn1PczScKh invoke [1]
[2022-02-12T07:55:25.750195000Z DEBUG solana_program_runtime::stable_log] Program log: Mango: UpdateRootBank
[2022-02-12T07:55:25.752370000Z DEBUG solana_program_runtime::stable_log] Program log: mango-log
[2022-02-12T07:55:25.752973000Z DEBUG solana_program_runtime::stable_log] Program log: 8HmBNKTUaLinbhvP8sZoiDTB3W1sGOUIJSpL/q4ynvukV/yhD7wPrwkAAAAAAAAAAAAAAAAAQEIPAAAAAAAAAAAAAAAAAEBCDwAAAAAAAAA=
[2022-02-12T07:55:25.753095000Z DEBUG solana_bpf_loader_program] Program 8opHzTAnfzRpPEx21XtnrVTX28YQuCpAjcn1PczScKh consumed 9712 of 200000 compute units
[2022-02-12T07:55:25.753147000Z DEBUG solana_program_runtime::stable_log] Program 8opHzTAnfzRpPEx21XtnrVTX28YQuCpAjcn1PczScKh success
[2022-02-12T07:55:25.762976000Z DEBUG solana_program_runtime::stable_log] Program 8opHzTAnfzRpPEx21XtnrVTX28YQuCpAjcn1PczScKh invoke [1]
[2022-02-12T07:55:25.763367000Z DEBUG solana_program_runtime::stable_log] Program log: Mango: UpdateRootBank
[2022-02-12T07:55:25.765556000Z DEBUG solana_program_runtime::stable_log] Program log: mango-log
[2022-02-12T07:55:25.766156000Z DEBUG solana_program_runtime::stable_log] Program log: 8HmBNKTUaLinbhvP8sZoiDTB3W1sGOUIJSpL/q4ynvukV/yhD7wPrwoAAAAAAAAAAAAAAAAAQEIPAAAAAAAAAAAAAAAAAEBCDwAAAAAAAAA=
[2022-02-12T07:55:25.766281000Z DEBUG solana_bpf_loader_program] Program 8opHzTAnfzRpPEx21XtnrVTX28YQuCpAjcn1PczScKh consumed 9751 of 200000 compute units
[2022-02-12T07:55:25.766332000Z DEBUG solana_program_runtime::stable_log] Program 8opHzTAnfzRpPEx21XtnrVTX28YQuCpAjcn1PczScKh success
[2022-02-12T07:55:25.776196000Z DEBUG solana_program_runtime::stable_log] Program 8opHzTAnfzRpPEx21XtnrVTX28YQuCpAjcn1PczScKh invoke [1]
[2022-02-12T07:55:25.776587000Z DEBUG solana_program_runtime::stable_log] Program log: Mango: UpdateRootBank
[2022-02-12T07:55:25.778800000Z DEBUG solana_program_runtime::stable_log] Program log: mango-log
[2022-02-12T07:55:25.779402000Z DEBUG solana_program_runtime::stable_log] Program log: 8HmBNKTUaLinbhvP8sZoiDTB3W1sGOUIJSpL/q4ynvukV/yhD7wPrwsAAAAAAAAAAAAAAAAAQEIPAAAAAAAAAAAAAAAAAEBCDwAAAAAAAAA=
[2022-02-12T07:55:25.779523000Z DEBUG solana_bpf_loader_program] Program 8opHzTAnfzRpPEx21XtnrVTX28YQuCpAjcn1PczScKh consumed 9790 of 200000 compute units
[2022-02-12T07:55:25.779582000Z DEBUG solana_program_runtime::stable_log] Program 8opHzTAnfzRpPEx21XtnrVTX28YQuCpAjcn1PczScKh success
[2022-02-12T07:55:25.790330000Z DEBUG solana_program_runtime::stable_log] Program 8opHzTAnfzRpPEx21XtnrVTX28YQuCpAjcn1PczScKh invoke [1]
[2022-02-12T07:55:25.790715000Z DEBUG solana_program_runtime::stable_log] Program log: Mango: UpdateRootBank
[2022-02-12T07:55:25.792936000Z DEBUG solana_program_runtime::stable_log] Program log: mango-log
[2022-02-12T07:55:25.793538000Z DEBUG solana_program_runtime::stable_log] Program log: 8HmBNKTUaLinbhvP8sZoiDTB3W1sGOUIJSpL/q4ynvukV/yhD7wPrwwAAAAAAAAAAAAAAAAAQEIPAAAAAAAAAAAAAAAAAEBCDwAAAAAAAAA=
[2022-02-12T07:55:25.793659000Z DEBUG solana_bpf_loader_program] Program 8opHzTAnfzRpPEx21XtnrVTX28YQuCpAjcn1PczScKh consumed 9829 of 200000 compute units
[2022-02-12T07:55:25.793710000Z DEBUG solana_program_runtime::stable_log] Program 8opHzTAnfzRpPEx21XtnrVTX28YQuCpAjcn1PczScKh success
[2022-02-12T07:55:25.804642000Z DEBUG solana_program_runtime::stable_log] Program 8opHzTAnfzRpPEx21XtnrVTX28YQuCpAjcn1PczScKh invoke [1]
[2022-02-12T07:55:25.805034000Z DEBUG solana_program_runtime::stable_log] Program log: Mango: UpdateRootBank
[2022-02-12T07:55:25.807273000Z DEBUG solana_program_runtime::stable_log] Program log: mango-log
[2022-02-12T07:55:25.807872000Z DEBUG solana_program_runtime::stable_log] Program log: 8HmBNKTUaLinbhvP8sZoiDTB3W1sGOUIJSpL/q4ynvukV/yhD7wPrw0AAAAAAAAAAAAAAAAAQEIPAAAAAAAAAAAAAAAAAEBCDwAAAAAAAAA=
[2022-02-12T07:55:25.807995000Z DEBUG solana_bpf_loader_program] Program 8opHzTAnfzRpPEx21XtnrVTX28YQuCpAjcn1PczScKh consumed 9868 of 200000 compute units
[2022-02-12T07:55:25.808046000Z DEBUG solana_program_runtime::stable_log] Program 8opHzTAnfzRpPEx21XtnrVTX28YQuCpAjcn1PczScKh success
[2022-02-12T07:55:25.818982000Z DEBUG solana_program_runtime::stable_log] Program 8opHzTAnfzRpPEx21XtnrVTX28YQuCpAjcn1PczScKh invoke [1]
[2022-02-12T07:55:25.819371000Z DEBUG solana_program_runtime::stable_log] Program log: Mango: UpdateRootBank
[2022-02-12T07:55:25.821621000Z DEBUG solana_program_runtime::stable_log] Program log: mango-log
[2022-02-12T07:55:25.822228000Z DEBUG solana_program_runtime::stable_log] Program log: 8HmBNKTUaLinbhvP8sZoiDTB3W1sGOUIJSpL/q4ynvukV/yhD7wPrw4AAAAAAAAAAAAAAAAAQEIPAAAAAAAAAAAAAAAAAEBCDwAAAAAAAAA=
[2022-02-12T07:55:25.822350000Z DEBUG solana_bpf_loader_program] Program 8opHzTAnfzRpPEx21XtnrVTX28YQuCpAjcn1PczScKh consumed 9907 of 200000 compute units
[2022-02-12T07:55:25.822401000Z DEBUG solana_program_runtime::stable_log] Program 8opHzTAnfzRpPEx21XtnrVTX28YQuCpAjcn1PczScKh success
[2022-02-12T07:55:25.833336000Z DEBUG solana_program_runtime::stable_log] Program 8opHzTAnfzRpPEx21XtnrVTX28YQuCpAjcn1PczScKh invoke [1]
[2022-02-12T07:55:25.833727000Z DEBUG solana_program_runtime::stable_log] Program log: Mango: UpdateRootBank
[2022-02-12T07:55:25.836734000Z DEBUG solana_program_runtime::stable_log] Program log: mango-log
[2022-02-12T07:55:25.837339000Z DEBUG solana_program_runtime::stable_log] Program log: 8HmBNKTUaLinbhvP8sZoiDTB3W1sGOUIJSpL/q4ynvukV/yhD7wPrw8AAAAAAAAAAAAAAAAAQEIPAAAAAAAAAAAAAAAAAEBCDwAAAAAAAAA=
[2022-02-12T07:55:25.837463000Z DEBUG solana_bpf_loader_program] Program 8opHzTAnfzRpPEx21XtnrVTX28YQuCpAjcn1PczScKh consumed 12494 of 200000 compute units
[2022-02-12T07:55:25.837515000Z DEBUG solana_program_runtime::stable_log] Program 8opHzTAnfzRpPEx21XtnrVTX28YQuCpAjcn1PczScKh success
[2022-02-12T07:55:25.847665000Z DEBUG solana_program_runtime::stable_log] Program 8opHzTAnfzRpPEx21XtnrVTX28YQuCpAjcn1PczScKh invoke [1]
[2022-02-12T07:55:25.848112000Z DEBUG solana_program_runtime::stable_log] Program log: Mango: UpdateFunding
[2022-02-12T07:55:25.849210000Z DEBUG solana_program_runtime::stable_log] Program log: mango-log
[2022-02-12T07:55:25.849814000Z DEBUG solana_program_runtime::stable_log] Program log: ta5iwCEXTXunbhvP8sZoiDTB3W1sGOUIJSpL/q4ynvukV/yhD7wPrwAAAAAAAAAAAAAAAAAAAAAAAAAAAAAAAAAAAAAAAAAAAAAAAAAAAAA=
[2022-02-12T07:55:25.849960000Z DEBUG solana_bpf_loader_program] Program 8opHzTAnfzRpPEx21XtnrVTX28YQuCpAjcn1PczScKh consumed 6381 of 200000 compute units
[2022-02-12T07:55:25.850025000Z DEBUG solana_program_runtime::stable_log] Program 8opHzTAnfzRpPEx21XtnrVTX28YQuCpAjcn1PczScKh success
[2022-02-12T07:55:25.860663000Z DEBUG solana_program_runtime::stable_log] Program 8opHzTAnfzRpPEx21XtnrVTX28YQuCpAjcn1PczScKh invoke [1]
[2022-02-12T07:55:25.861106000Z DEBUG solana_program_runtime::stable_log] Program log: Mango: UpdateFunding
[2022-02-12T07:55:25.862231000Z DEBUG solana_program_runtime::stable_log] Program log: mango-log
[2022-02-12T07:55:25.862862000Z DEBUG solana_program_runtime::stable_log] Program log: ta5iwCEXTXunbhvP8sZoiDTB3W1sGOUIJSpL/q4ynvukV/yhD7wPrwEAAAAAAAAAAAAAAAAAAAAAAAAAAAAAAAAAAAAAAAAAAAAAAAAAAAA=
[2022-02-12T07:55:25.863007000Z DEBUG solana_bpf_loader_program] Program 8opHzTAnfzRpPEx21XtnrVTX28YQuCpAjcn1PczScKh consumed 6421 of 200000 compute units
[2022-02-12T07:55:25.863070000Z DEBUG solana_program_runtime::stable_log] Program 8opHzTAnfzRpPEx21XtnrVTX28YQuCpAjcn1PczScKh success
[2022-02-12T07:55:25.873809000Z DEBUG solana_program_runtime::stable_log] Program 8opHzTAnfzRpPEx21XtnrVTX28YQuCpAjcn1PczScKh invoke [1]
[2022-02-12T07:55:25.874248000Z DEBUG solana_program_runtime::stable_log] Program log: Mango: UpdateFunding
[2022-02-12T07:55:25.875370000Z DEBUG solana_program_runtime::stable_log] Program log: mango-log
[2022-02-12T07:55:25.875975000Z DEBUG solana_program_runtime::stable_log] Program log: ta5iwCEXTXunbhvP8sZoiDTB3W1sGOUIJSpL/q4ynvukV/yhD7wPrwIAAAAAAAAAAAAAAAAAAAAAAAAAAAAAAAAAAAAAAAAAAAAAAAAAAAA=
[2022-02-12T07:55:25.876123000Z DEBUG solana_bpf_loader_program] Program 8opHzTAnfzRpPEx21XtnrVTX28YQuCpAjcn1PczScKh consumed 6460 of 200000 compute units
[2022-02-12T07:55:25.876187000Z DEBUG solana_program_runtime::stable_log] Program 8opHzTAnfzRpPEx21XtnrVTX28YQuCpAjcn1PczScKh success
[2022-02-12T07:55:25.886762000Z DEBUG solana_program_runtime::stable_log] Program 8opHzTAnfzRpPEx21XtnrVTX28YQuCpAjcn1PczScKh invoke [1]
[2022-02-12T07:55:25.887205000Z DEBUG solana_program_runtime::stable_log] Program log: Mango: UpdateFunding
[2022-02-12T07:55:25.888344000Z DEBUG solana_program_runtime::stable_log] Program log: mango-log
[2022-02-12T07:55:25.888949000Z DEBUG solana_program_runtime::stable_log] Program log: ta5iwCEXTXunbhvP8sZoiDTB3W1sGOUIJSpL/q4ynvukV/yhD7wPrwMAAAAAAAAAAAAAAAAAAAAAAAAAAAAAAAAAAAAAAAAAAAAAAAAAAAA=
[2022-02-12T07:55:25.889098000Z DEBUG solana_bpf_loader_program] Program 8opHzTAnfzRpPEx21XtnrVTX28YQuCpAjcn1PczScKh consumed 6499 of 200000 compute units
[2022-02-12T07:55:25.889162000Z DEBUG solana_program_runtime::stable_log] Program 8opHzTAnfzRpPEx21XtnrVTX28YQuCpAjcn1PczScKh success
[2022-02-12T07:55:25.899784000Z DEBUG solana_program_runtime::stable_log] Program 8opHzTAnfzRpPEx21XtnrVTX28YQuCpAjcn1PczScKh invoke [1]
[2022-02-12T07:55:25.900236000Z DEBUG solana_program_runtime::stable_log] Program log: Mango: UpdateFunding
[2022-02-12T07:55:25.901390000Z DEBUG solana_program_runtime::stable_log] Program log: mango-log
[2022-02-12T07:55:25.902002000Z DEBUG solana_program_runtime::stable_log] Program log: ta5iwCEXTXunbhvP8sZoiDTB3W1sGOUIJSpL/q4ynvukV/yhD7wPrwQAAAAAAAAAAAAAAAAAAAAAAAAAAAAAAAAAAAAAAAAAAAAAAAAAAAA=
[2022-02-12T07:55:25.902150000Z DEBUG solana_bpf_loader_program] Program 8opHzTAnfzRpPEx21XtnrVTX28YQuCpAjcn1PczScKh consumed 6538 of 200000 compute units
[2022-02-12T07:55:25.902214000Z DEBUG solana_program_runtime::stable_log] Program 8opHzTAnfzRpPEx21XtnrVTX28YQuCpAjcn1PczScKh success
[2022-02-12T07:55:25.912753000Z DEBUG solana_program_runtime::stable_log] Program 8opHzTAnfzRpPEx21XtnrVTX28YQuCpAjcn1PczScKh invoke [1]
[2022-02-12T07:55:25.913207000Z DEBUG solana_program_runtime::stable_log] Program log: Mango: UpdateFunding
[2022-02-12T07:55:25.914371000Z DEBUG solana_program_runtime::stable_log] Program log: mango-log
[2022-02-12T07:55:25.914978000Z DEBUG solana_program_runtime::stable_log] Program log: ta5iwCEXTXunbhvP8sZoiDTB3W1sGOUIJSpL/q4ynvukV/yhD7wPrwUAAAAAAAAAAAAAAAAAAAAAAAAAAAAAAAAAAAAAAAAAAAAAAAAAAAA=
[2022-02-12T07:55:25.915126000Z DEBUG solana_bpf_loader_program] Program 8opHzTAnfzRpPEx21XtnrVTX28YQuCpAjcn1PczScKh consumed 6577 of 200000 compute units
[2022-02-12T07:55:25.915191000Z DEBUG solana_program_runtime::stable_log] Program 8opHzTAnfzRpPEx21XtnrVTX28YQuCpAjcn1PczScKh success
[2022-02-12T07:55:25.925768000Z DEBUG solana_program_runtime::stable_log] Program 8opHzTAnfzRpPEx21XtnrVTX28YQuCpAjcn1PczScKh invoke [1]
[2022-02-12T07:55:25.926219000Z DEBUG solana_program_runtime::stable_log] Program log: Mango: UpdateFunding
[2022-02-12T07:55:25.927396000Z DEBUG solana_program_runtime::stable_log] Program log: mango-log
[2022-02-12T07:55:25.928009000Z DEBUG solana_program_runtime::stable_log] Program log: ta5iwCEXTXunbhvP8sZoiDTB3W1sGOUIJSpL/q4ynvukV/yhD7wPrwYAAAAAAAAAAAAAAAAAAAAAAAAAAAAAAAAAAAAAAAAAAAAAAAAAAAA=
[2022-02-12T07:55:25.928155000Z DEBUG solana_bpf_loader_program] Program 8opHzTAnfzRpPEx21XtnrVTX28YQuCpAjcn1PczScKh consumed 6616 of 200000 compute units
[2022-02-12T07:55:25.928218000Z DEBUG solana_program_runtime::stable_log] Program 8opHzTAnfzRpPEx21XtnrVTX28YQuCpAjcn1PczScKh success
[2022-02-12T07:55:25.938716000Z DEBUG solana_program_runtime::stable_log] Program 8opHzTAnfzRpPEx21XtnrVTX28YQuCpAjcn1PczScKh invoke [1]
[2022-02-12T07:55:25.939168000Z DEBUG solana_program_runtime::stable_log] Program log: Mango: UpdateFunding
[2022-02-12T07:55:25.940355000Z DEBUG solana_program_runtime::stable_log] Program log: mango-log
[2022-02-12T07:55:25.940963000Z DEBUG solana_program_runtime::stable_log] Program log: ta5iwCEXTXunbhvP8sZoiDTB3W1sGOUIJSpL/q4ynvukV/yhD7wPrwcAAAAAAAAAAAAAAAAAAAAAAAAAAAAAAAAAAAAAAAAAAAAAAAAAAAA=
[2022-02-12T07:55:25.941113000Z DEBUG solana_bpf_loader_program] Program 8opHzTAnfzRpPEx21XtnrVTX28YQuCpAjcn1PczScKh consumed 6655 of 200000 compute units
[2022-02-12T07:55:25.941180000Z DEBUG solana_program_runtime::stable_log] Program 8opHzTAnfzRpPEx21XtnrVTX28YQuCpAjcn1PczScKh success
[2022-02-12T07:55:25.953944000Z DEBUG solana_program_runtime::stable_log] Program 8opHzTAnfzRpPEx21XtnrVTX28YQuCpAjcn1PczScKh invoke [1]
[2022-02-12T07:55:25.954387000Z DEBUG solana_program_runtime::stable_log] Program log: Mango: UpdateFunding
[2022-02-12T07:55:25.955589000Z DEBUG solana_program_runtime::stable_log] Program log: mango-log
[2022-02-12T07:55:25.956195000Z DEBUG solana_program_runtime::stable_log] Program log: ta5iwCEXTXunbhvP8sZoiDTB3W1sGOUIJSpL/q4ynvukV/yhD7wPrwgAAAAAAAAAAAAAAAAAAAAAAAAAAAAAAAAAAAAAAAAAAAAAAAAAAAA=
[2022-02-12T07:55:25.956345000Z DEBUG solana_bpf_loader_program] Program 8opHzTAnfzRpPEx21XtnrVTX28YQuCpAjcn1PczScKh consumed 6694 of 200000 compute units
[2022-02-12T07:55:25.956412000Z DEBUG solana_program_runtime::stable_log] Program 8opHzTAnfzRpPEx21XtnrVTX28YQuCpAjcn1PczScKh success
[2022-02-12T07:55:25.967985000Z DEBUG solana_program_runtime::stable_log] Program 8opHzTAnfzRpPEx21XtnrVTX28YQuCpAjcn1PczScKh invoke [1]
[2022-02-12T07:55:25.968427000Z DEBUG solana_program_runtime::stable_log] Program log: Mango: UpdateFunding
[2022-02-12T07:55:25.969647000Z DEBUG solana_program_runtime::stable_log] Program log: mango-log
[2022-02-12T07:55:25.970252000Z DEBUG solana_program_runtime::stable_log] Program log: ta5iwCEXTXunbhvP8sZoiDTB3W1sGOUIJSpL/q4ynvukV/yhD7wPrwkAAAAAAAAAAAAAAAAAAAAAAAAAAAAAAAAAAAAAAAAAAAAAAAAAAAA=
[2022-02-12T07:55:25.970401000Z DEBUG solana_bpf_loader_program] Program 8opHzTAnfzRpPEx21XtnrVTX28YQuCpAjcn1PczScKh consumed 6733 of 200000 compute units
[2022-02-12T07:55:25.970470000Z DEBUG solana_program_runtime::stable_log] Program 8opHzTAnfzRpPEx21XtnrVTX28YQuCpAjcn1PczScKh success
[2022-02-12T07:55:25.980988000Z DEBUG solana_program_runtime::stable_log] Program 8opHzTAnfzRpPEx21XtnrVTX28YQuCpAjcn1PczScKh invoke [1]
[2022-02-12T07:55:25.981429000Z DEBUG solana_program_runtime::stable_log] Program log: Mango: UpdateFunding
[2022-02-12T07:55:25.982660000Z DEBUG solana_program_runtime::stable_log] Program log: mango-log
[2022-02-12T07:55:25.983268000Z DEBUG solana_program_runtime::stable_log] Program log: ta5iwCEXTXunbhvP8sZoiDTB3W1sGOUIJSpL/q4ynvukV/yhD7wPrwoAAAAAAAAAAAAAAAAAAAAAAAAAAAAAAAAAAAAAAAAAAAAAAAAAAAA=
[2022-02-12T07:55:25.983415000Z DEBUG solana_bpf_loader_program] Program 8opHzTAnfzRpPEx21XtnrVTX28YQuCpAjcn1PczScKh consumed 6772 of 200000 compute units
[2022-02-12T07:55:25.983479000Z DEBUG solana_program_runtime::stable_log] Program 8opHzTAnfzRpPEx21XtnrVTX28YQuCpAjcn1PczScKh success
[2022-02-12T07:55:25.993952000Z DEBUG solana_program_runtime::stable_log] Program 8opHzTAnfzRpPEx21XtnrVTX28YQuCpAjcn1PczScKh invoke [1]
[2022-02-12T07:55:25.994405000Z DEBUG solana_program_runtime::stable_log] Program log: Mango: UpdateFunding
[2022-02-12T07:55:25.995650000Z DEBUG solana_program_runtime::stable_log] Program log: mango-log
[2022-02-12T07:55:25.996256000Z DEBUG solana_program_runtime::stable_log] Program log: ta5iwCEXTXunbhvP8sZoiDTB3W1sGOUIJSpL/q4ynvukV/yhD7wPrwsAAAAAAAAAAAAAAAAAAAAAAAAAAAAAAAAAAAAAAAAAAAAAAAAAAAA=
[2022-02-12T07:55:25.996402000Z DEBUG solana_bpf_loader_program] Program 8opHzTAnfzRpPEx21XtnrVTX28YQuCpAjcn1PczScKh consumed 6811 of 200000 compute units
[2022-02-12T07:55:25.996467000Z DEBUG solana_program_runtime::stable_log] Program 8opHzTAnfzRpPEx21XtnrVTX28YQuCpAjcn1PczScKh success
[2022-02-12T07:55:26.008152000Z DEBUG solana_program_runtime::stable_log] Program 8opHzTAnfzRpPEx21XtnrVTX28YQuCpAjcn1PczScKh invoke [1]
[2022-02-12T07:55:26.008600000Z DEBUG solana_program_runtime::stable_log] Program log: Mango: UpdateFunding
[2022-02-12T07:55:26.009858000Z DEBUG solana_program_runtime::stable_log] Program log: mango-log
[2022-02-12T07:55:26.010461000Z DEBUG solana_program_runtime::stable_log] Program log: ta5iwCEXTXunbhvP8sZoiDTB3W1sGOUIJSpL/q4ynvukV/yhD7wPrwwAAAAAAAAAAAAAAAAAAAAAAAAAAAAAAAAAAAAAAAAAAAAAAAAAAAA=
[2022-02-12T07:55:26.010607000Z DEBUG solana_bpf_loader_program] Program 8opHzTAnfzRpPEx21XtnrVTX28YQuCpAjcn1PczScKh consumed 6850 of 200000 compute units
[2022-02-12T07:55:26.010673000Z DEBUG solana_program_runtime::stable_log] Program 8opHzTAnfzRpPEx21XtnrVTX28YQuCpAjcn1PczScKh success
[2022-02-12T07:55:26.021128000Z DEBUG solana_program_runtime::stable_log] Program 8opHzTAnfzRpPEx21XtnrVTX28YQuCpAjcn1PczScKh invoke [1]
[2022-02-12T07:55:26.021603000Z DEBUG solana_program_runtime::stable_log] Program log: Mango: UpdateFunding
[2022-02-12T07:55:26.022901000Z DEBUG solana_program_runtime::stable_log] Program log: mango-log
[2022-02-12T07:55:26.023507000Z DEBUG solana_program_runtime::stable_log] Program log: ta5iwCEXTXunbhvP8sZoiDTB3W1sGOUIJSpL/q4ynvukV/yhD7wPrw0AAAAAAAAAAAAAAAAAAAAAAAAAAAAAAAAAAAAAAAAAAAAAAAAAAAA=
[2022-02-12T07:55:26.023652000Z DEBUG solana_bpf_loader_program] Program 8opHzTAnfzRpPEx21XtnrVTX28YQuCpAjcn1PczScKh consumed 6889 of 200000 compute units
[2022-02-12T07:55:26.023722000Z DEBUG solana_program_runtime::stable_log] Program 8opHzTAnfzRpPEx21XtnrVTX28YQuCpAjcn1PczScKh success
[2022-02-12T07:55:26.034164000Z DEBUG solana_program_runtime::stable_log] Program 8opHzTAnfzRpPEx21XtnrVTX28YQuCpAjcn1PczScKh invoke [1]
[2022-02-12T07:55:26.034623000Z DEBUG solana_program_runtime::stable_log] Program log: Mango: UpdateFunding
[2022-02-12T07:55:26.035906000Z DEBUG solana_program_runtime::stable_log] Program log: mango-log
[2022-02-12T07:55:26.036511000Z DEBUG solana_program_runtime::stable_log] Program log: ta5iwCEXTXunbhvP8sZoiDTB3W1sGOUIJSpL/q4ynvukV/yhD7wPrw4AAAAAAAAAAAAAAAAAAAAAAAAAAAAAAAAAAAAAAAAAAAAAAAAAAAA=
[2022-02-12T07:55:26.036657000Z DEBUG solana_bpf_loader_program] Program 8opHzTAnfzRpPEx21XtnrVTX28YQuCpAjcn1PczScKh consumed 6928 of 200000 compute units
[2022-02-12T07:55:26.036722000Z DEBUG solana_program_runtime::stable_log] Program 8opHzTAnfzRpPEx21XtnrVTX28YQuCpAjcn1PczScKh success
[2022-02-12T07:55:26.051203000Z DEBUG solana_program_runtime::stable_log] Program 8opHzTAnfzRpPEx21XtnrVTX28YQuCpAjcn1PczScKh invoke [1]
[2022-02-12T07:55:26.052361000Z DEBUG solana_program_runtime::stable_log] Program log: Mango: CacheRootBanks
[2022-02-12T07:55:26.056121000Z DEBUG solana_program_runtime::stable_log] Program log: mango-log
[2022-02-12T07:55:26.059002000Z DEBUG solana_program_runtime::stable_log] Program log: IVXYca/GfeinbhvP8sZoiDTB3W1sGOUIJSpL/q4ynvukV/yhD7wPrxAAAAAAAAAAAAAAAAEAAAAAAAAAAgAAAAAAAAADAAAAAAAAAAQAAAAAAAAABQAAAAAAAAAGAAAAAAAAAAcAAAAAAAAACAAAAAAAAAAJAAAAAAAAAAoAAAAAAAAACwAAAAAAAAAMAAAAAAAAAA0AAAAAAAAADgAAAAAAAAAPAAAAAAAAABAAAAAAAAAAAABAQg8AAAAAAAAAAAAAAAAAQEIPAAAAAAAAAAAAAAAAAEBCDwAAAAAAAAAAAAAAAABAQg8AAAAAAAAAAAAAAAAAQEIPAAAAAAAAAAAAAAAAAEBCDwAAAAAAAAAAAAAAAABAQg8AAAAAAAAAAAAAAAAAQEIPAAAAAAAAAAAAAAAAAEBCDwAAAAAAAAAAAAAAAABAQg8AAAAAAAAAAAAAAAAAQEIPAAAAAAAAAAAAAAAAAEBCDwAAAAAAAAAAAAAAAABAQg8AAAAAAAAAAAAAAAAAQEIPAAAAAAAAAAAAAAAAAEBCDwAAAAAAAAAAAAAAAABAQg8AAAAAAAAAEAAAAAAAAAAAAEBCDwAAAAAAAAAAAAAAAABAQg8AAAAAAAAAAAAAAAAAQEIPAAAAAAAAAAAAAAAAAEBCDwAAAAAAAAAAAAAAAABAQg8AAAAAAAAAAAAAAAAAQEIPAAAAAAAAAAAAAAAAAEBCDwAAAAAAAAAAAAAAAABAQg8AAAAAAAAAAAAAAAAAQEIPAAAAAAAAAAAAAAAAAEBCDwAAAAAAAAAAAAAAAABAQg8AAAAAAAAAAAAAAAAAQEIPAAAAAAAAAAAAAAAAAEBCDwAAAAAAAAAAAAAAAABAQg8AAAAAAAAAAAAAAAAAQEIPAAAAAAAAAAAAAAAAAEBCDwAAAAAAAAA=
[2022-02-12T07:55:26.059411000Z DEBUG solana_bpf_loader_program] Program 8opHzTAnfzRpPEx21XtnrVTX28YQuCpAjcn1PczScKh consumed 24418 of 200000 compute units
[2022-02-12T07:55:26.059484000Z DEBUG solana_program_runtime::stable_log] Program 8opHzTAnfzRpPEx21XtnrVTX28YQuCpAjcn1PczScKh success
[2022-02-12T07:55:26.073534000Z DEBUG solana_program_runtime::stable_log] Program 8opHzTAnfzRpPEx21XtnrVTX28YQuCpAjcn1PczScKh invoke [1]
[2022-02-12T07:55:26.074645000Z DEBUG solana_program_runtime::stable_log] Program log: Mango: CachePerpMarkets
[2022-02-12T07:55:26.078344000Z DEBUG solana_program_runtime::stable_log] Program log: mango-log
[2022-02-12T07:55:26.081069000Z DEBUG solana_program_runtime::stable_log] Program log: 9lt9JxCzqw6nbhvP8sZoiDTB3W1sGOUIJSpL/q4ynvukV/yhD7wPrw8AAAAAAAAAAAAAAAEAAAAAAAAAAgAAAAAAAAADAAAAAAAAAAQAAAAAAAAABQAAAAAAAAAGAAAAAAAAAAcAAAAAAAAACAAAAAAAAAAJAAAAAAAAAAoAAAAAAAAACwAAAAAAAAAMAAAAAAAAAA0AAAAAAAAADgAAAAAAAAAPAAAAAAAAAAAAAAAAAAAAAAAAAAAAAAAAAAAAAAAAAAAAAAAAAAAAAAAAAAAAAAAAAAAAAAAAAAAAAAAAAAAAAAAAAAAAAAAAAAAAAAAAAAAAAAAAAAAAAAAAAAAAAAAAAAAAAAAAAAAAAAAAAAAAAAAAAAAAAAAAAAAAAAAAAAAAAAAAAAAAAAAAAAAAAAAAAAAAAAAAAAAAAAAAAAAAAAAAAAAAAAAAAAAAAAAAAAAAAAAAAAAAAAAAAAAAAAAAAAAAAAAAAAAAAAAAAAAAAAAAAAAAAAAAAAAAAAAAAAAAAAAAAAAAAAAAAAAAAAAAAAAADwAAAAAAAAAAAAAAAAAAAAAAAAAAAAAAAAAAAAAAAAAAAAAAAAAAAAAAAAAAAAAAAAAAAAAAAAAAAAAAAAAAAAAAAAAAAAAAAAAAAAAAAAAAAAAAAAAAAAAAAAAAAAAAAAAAAAAAAAAAAAAAAAAAAAAAAAAAAAAAAAAAAAAAAAAAAAAAAAAAAAAAAAAAAAAAAAAAAAAAAAAAAAAAAAAAAAAAAAAAAAAAAAAAAAAAAAAAAAAAAAAAAAAAAAAAAAAAAAAAAAAAAAAAAAAAAAAAAAAAAAAAAAAAAAAAAAAAAAAAAAAAAAAAAAAAAAAAAAAAAAAAAA==
[2022-02-12T07:55:26.081458000Z DEBUG solana_bpf_loader_program] Program 8opHzTAnfzRpPEx21XtnrVTX28YQuCpAjcn1PczScKh consumed 23463 of 200000 compute units
[2022-02-12T07:55:26.081528000Z DEBUG solana_program_runtime::stable_log] Program 8opHzTAnfzRpPEx21XtnrVTX28YQuCpAjcn1PczScKh success
[2022-02-12T07:55:26.095485000Z DEBUG solana_program_runtime::stable_log] Program 8opHzTAnfzRpPEx21XtnrVTX28YQuCpAjcn1PczScKh invoke [1]
[2022-02-12T07:55:26.096921000Z DEBUG solana_program_runtime::stable_log] Program log: Mango: LiquidateTokenAndToken
[2022-02-12T07:55:26.108555000Z DEBUG solana_program_runtime::stable_log] Program log: mango-log
[2022-02-12T07:55:26.109297000Z DEBUG solana_program_runtime::stable_log] Program log: F5qwwQsqqPSnbhvP8sZoiDTB3W1sGOUIJSpL/q4ynvukV/yhD7wPr14EXwKUknDvC82XypHRmqcTJRpr95d8qBri17S2HigkDwAAAAAAAAAAAAAAAAAAAAAAAAAAAAAAM77+////Fk4AAAAAAAAAAA==
[2022-02-12T07:55:26.109340000Z DEBUG solana_program_runtime::stable_log] Program log: mango-log
[2022-02-12T07:55:26.110077000Z DEBUG solana_program_runtime::stable_log] Program log: F5qwwQsqqPSnbhvP8sZoiDTB3W1sGOUIJSpL/q4ynvukV/yhD7wPr/VwMIZuvFHQB+4BiQY+Ioei6qoPR+RzhDMRu6+mNGXfDwAAAAAAAAAzvv7///8PJwAAAAAAAAAAAAAAAAAAAAAAAAAAAAAAAA==
[2022-02-12T07:55:26.110635000Z DEBUG solana_program_runtime::stable_log] Program log: mango-log
[2022-02-12T07:55:26.111371000Z DEBUG solana_program_runtime::stable_log] Program log: F5qwwQsqqPSnbhvP8sZoiDTB3W1sGOUIJSpL/q4ynvukV/yhD7wPr/VwMIZuvFHQB+4BiQY+Ioei6qoPR+RzhDMRu6+mNGXfAAAAAAAAAADv2P////8CAAAAAAAAAAAAAAAAAAAAAAAAAAAAAAAAAA==
[2022-02-12T07:55:26.111417000Z DEBUG solana_program_runtime::stable_log] Program log: mango-log
[2022-02-12T07:55:26.112151000Z DEBUG solana_program_runtime::stable_log] Program log: F5qwwQsqqPSnbhvP8sZoiDTB3W1sGOUIJSpL/q4ynvukV/yhD7wPr14EXwKUknDvC82XypHRmqcTJRpr95d8qBri17S2HigkAAAAAAAAAAARJwAAAAAAAAAAAAAAAAAAAAAAAAAAAAAAAAAAAAAAAA==
[2022-02-12T07:55:26.113790000Z DEBUG solana_program_runtime::stable_log] Program log: mango-log
[2022-02-12T07:55:26.114843000Z DEBUG solana_program_runtime::stable_log] Program log: cO8nQbWsEVSnbhvP8sZoiDTB3W1sGOUIJSpL/q4ynvukV/yhD7wPr14EXwKUknDvC82XypHRmqcTJRpr95d8qBri17S2Higk9XAwhm68UdAH7gGJBj4ih6Lqqg9H5HOEMxG7r6Y0Zd8AAAAAAAAAAA8AAAAAAAAAAAAAAAAAAAAAAAAAAAAAAAAAAAAAAAAAAAAAAAAAAADzbQAAAAAAAAAAAAAAAAAAAAAAAAAAAQAAAAAAAAAAAAA=
[2022-02-12T07:55:26.115260000Z DEBUG solana_bpf_loader_program] Program 8opHzTAnfzRpPEx21XtnrVTX28YQuCpAjcn1PczScKh consumed 59271 of 200000 compute units
[2022-02-12T07:55:26.115342000Z DEBUG solana_program_runtime::stable_log] Program 8opHzTAnfzRpPEx21XtnrVTX28YQuCpAjcn1PczScKh success
[2022-02-12T07:55:26.164176000Z DEBUG solana_program_runtime::stable_log] Program 8opHzTAnfzRpPEx21XtnrVTX28YQuCpAjcn1PczScKh invoke [1]
[2022-02-12T07:55:26.165323000Z DEBUG solana_program_runtime::stable_log] Program log: Mango: CachePrices
[2022-02-12T07:55:26.168394000Z DEBUG solana_program_runtime::stable_log] Program log: mango-log
[2022-02-12T07:55:26.170202000Z DEBUG solana_program_runtime::stable_log] Program log: ux0uSxX5tBunbhvP8sZoiDTB3W1sGOUIJSpL/q4ynvukV/yhD7wPrw8AAAAAAAAAAAAAAAEAAAAAAAAAAgAAAAAAAAADAAAAAAAAAAQAAAAAAAAABQAAAAAAAAAGAAAAAAAAAAcAAAAAAAAACAAAAAAAAAAJAAAAAAAAAAoAAAAAAAAACwAAAAAAAAAMAAAAAAAAAA0AAAAAAAAADgAAAAAAAAAPAAAA820AAAAAAAAAAAAAAAAAAPNtAAAAAAAAAAAAAAAAAADzbQAAAAAAAAAAAAAAAAAA820AAAAAAAAAAAAAAAAAABwAAAAAAAAAAAAAAAAAAADzbQAAAAAAAAAAAAAAAAAA820AAAAAAAAAAAAAAAAAAPNtAAAAAAAAAAAAAAAAAADzbQAAAAAAAAAAAAAAAAAA820AAAAAAAAAAAAAAAAAAPNtAAAAAAAAAAAAAAAAAADzbQAAAAAAAAAAAAAAAAAA820AAAAAAAAAAAAAAAAAAPNtAAAAAAAAAAAAAAAAAADzbQAAAAAAAAAAAAAAAAAA
[2022-02-12T07:55:26.170586000Z DEBUG solana_bpf_loader_program] Program 8opHzTAnfzRpPEx21XtnrVTX28YQuCpAjcn1PczScKh consumed 18318 of 200000 compute units
[2022-02-12T07:55:26.170663000Z DEBUG solana_program_runtime::stable_log] Program 8opHzTAnfzRpPEx21XtnrVTX28YQuCpAjcn1PczScKh success
[2022-02-12T07:55:26.180818000Z DEBUG solana_program_runtime::stable_log] Program 8opHzTAnfzRpPEx21XtnrVTX28YQuCpAjcn1PczScKh invoke [1]
[2022-02-12T07:55:26.181218000Z DEBUG solana_program_runtime::stable_log] Program log: Mango: UpdateRootBank
[2022-02-12T07:55:26.183278000Z DEBUG solana_program_runtime::stable_log] Program log: mango-log
[2022-02-12T07:55:26.183895000Z DEBUG solana_program_runtime::stable_log] Program log: 8HmBNKTUaLinbhvP8sZoiDTB3W1sGOUIJSpL/q4ynvukV/yhD7wPrwAAAAAAAAAAAAAAAAAAQEIPAAAAAAAAAAAAAAAAAEBCDwAAAAAAAAA=
[2022-02-12T07:55:26.184018000Z DEBUG solana_bpf_loader_program] Program 8opHzTAnfzRpPEx21XtnrVTX28YQuCpAjcn1PczScKh consumed 9360 of 200000 compute units
[2022-02-12T07:55:26.184070000Z DEBUG solana_program_runtime::stable_log] Program 8opHzTAnfzRpPEx21XtnrVTX28YQuCpAjcn1PczScKh success
[2022-02-12T07:55:26.193967000Z DEBUG solana_program_runtime::stable_log] Program 8opHzTAnfzRpPEx21XtnrVTX28YQuCpAjcn1PczScKh invoke [1]
[2022-02-12T07:55:26.194357000Z DEBUG solana_program_runtime::stable_log] Program log: Mango: UpdateRootBank
[2022-02-12T07:55:26.196437000Z DEBUG solana_program_runtime::stable_log] Program log: mango-log
[2022-02-12T07:55:26.197051000Z DEBUG solana_program_runtime::stable_log] Program log: 8HmBNKTUaLinbhvP8sZoiDTB3W1sGOUIJSpL/q4ynvukV/yhD7wPrwEAAAAAAAAAAAAAAAAAQEIPAAAAAAAAAAAAAAAAAEBCDwAAAAAAAAA=
[2022-02-12T07:55:26.197175000Z DEBUG solana_bpf_loader_program] Program 8opHzTAnfzRpPEx21XtnrVTX28YQuCpAjcn1PczScKh consumed 9400 of 200000 compute units
[2022-02-12T07:55:26.197227000Z DEBUG solana_program_runtime::stable_log] Program 8opHzTAnfzRpPEx21XtnrVTX28YQuCpAjcn1PczScKh success
[2022-02-12T07:55:26.207211000Z DEBUG solana_program_runtime::stable_log] Program 8opHzTAnfzRpPEx21XtnrVTX28YQuCpAjcn1PczScKh invoke [1]
[2022-02-12T07:55:26.207597000Z DEBUG solana_program_runtime::stable_log] Program log: Mango: UpdateRootBank
[2022-02-12T07:55:26.209687000Z DEBUG solana_program_runtime::stable_log] Program log: mango-log
[2022-02-12T07:55:26.210286000Z DEBUG solana_program_runtime::stable_log] Program log: 8HmBNKTUaLinbhvP8sZoiDTB3W1sGOUIJSpL/q4ynvukV/yhD7wPrwIAAAAAAAAAAAAAAAAAQEIPAAAAAAAAAAAAAAAAAEBCDwAAAAAAAAA=
[2022-02-12T07:55:26.210409000Z DEBUG solana_bpf_loader_program] Program 8opHzTAnfzRpPEx21XtnrVTX28YQuCpAjcn1PczScKh consumed 9439 of 200000 compute units
[2022-02-12T07:55:26.210460000Z DEBUG solana_program_runtime::stable_log] Program 8opHzTAnfzRpPEx21XtnrVTX28YQuCpAjcn1PczScKh success
[2022-02-12T07:55:26.220347000Z DEBUG solana_program_runtime::stable_log] Program 8opHzTAnfzRpPEx21XtnrVTX28YQuCpAjcn1PczScKh invoke [1]
[2022-02-12T07:55:26.220734000Z DEBUG solana_program_runtime::stable_log] Program log: Mango: UpdateRootBank
[2022-02-12T07:55:26.222847000Z DEBUG solana_program_runtime::stable_log] Program log: mango-log
[2022-02-12T07:55:26.223458000Z DEBUG solana_program_runtime::stable_log] Program log: 8HmBNKTUaLinbhvP8sZoiDTB3W1sGOUIJSpL/q4ynvukV/yhD7wPrwMAAAAAAAAAAAAAAAAAQEIPAAAAAAAAAAAAAAAAAEBCDwAAAAAAAAA=
[2022-02-12T07:55:26.223581000Z DEBUG solana_bpf_loader_program] Program 8opHzTAnfzRpPEx21XtnrVTX28YQuCpAjcn1PczScKh consumed 9478 of 200000 compute units
[2022-02-12T07:55:26.223633000Z DEBUG solana_program_runtime::stable_log] Program 8opHzTAnfzRpPEx21XtnrVTX28YQuCpAjcn1PczScKh success
[2022-02-12T07:55:26.233628000Z DEBUG solana_program_runtime::stable_log] Program 8opHzTAnfzRpPEx21XtnrVTX28YQuCpAjcn1PczScKh invoke [1]
[2022-02-12T07:55:26.234011000Z DEBUG solana_program_runtime::stable_log] Program log: Mango: UpdateRootBank
[2022-02-12T07:55:26.236142000Z DEBUG solana_program_runtime::stable_log] Program log: mango-log
[2022-02-12T07:55:26.236748000Z DEBUG solana_program_runtime::stable_log] Program log: 8HmBNKTUaLinbhvP8sZoiDTB3W1sGOUIJSpL/q4ynvukV/yhD7wPrwQAAAAAAAAAAAAAAAAAQEIPAAAAAAAAAAAAAAAAAEBCDwAAAAAAAAA=
[2022-02-12T07:55:26.236869000Z DEBUG solana_bpf_loader_program] Program 8opHzTAnfzRpPEx21XtnrVTX28YQuCpAjcn1PczScKh consumed 9517 of 200000 compute units
[2022-02-12T07:55:26.236922000Z DEBUG solana_program_runtime::stable_log] Program 8opHzTAnfzRpPEx21XtnrVTX28YQuCpAjcn1PczScKh success
[2022-02-12T07:55:26.247657000Z DEBUG solana_program_runtime::stable_log] Program 8opHzTAnfzRpPEx21XtnrVTX28YQuCpAjcn1PczScKh invoke [1]
[2022-02-12T07:55:26.248040000Z DEBUG solana_program_runtime::stable_log] Program log: Mango: UpdateRootBank
[2022-02-12T07:55:26.250159000Z DEBUG solana_program_runtime::stable_log] Program log: mango-log
[2022-02-12T07:55:26.250761000Z DEBUG solana_program_runtime::stable_log] Program log: 8HmBNKTUaLinbhvP8sZoiDTB3W1sGOUIJSpL/q4ynvukV/yhD7wPrwUAAAAAAAAAAAAAAAAAQEIPAAAAAAAAAAAAAAAAAEBCDwAAAAAAAAA=
[2022-02-12T07:55:26.250886000Z DEBUG solana_bpf_loader_program] Program 8opHzTAnfzRpPEx21XtnrVTX28YQuCpAjcn1PczScKh consumed 9556 of 200000 compute units
[2022-02-12T07:55:26.250940000Z DEBUG solana_program_runtime::stable_log] Program 8opHzTAnfzRpPEx21XtnrVTX28YQuCpAjcn1PczScKh success
[2022-02-12T07:55:26.262020000Z DEBUG solana_program_runtime::stable_log] Program 8opHzTAnfzRpPEx21XtnrVTX28YQuCpAjcn1PczScKh invoke [1]
[2022-02-12T07:55:26.262416000Z DEBUG solana_program_runtime::stable_log] Program log: Mango: UpdateRootBank
[2022-02-12T07:55:26.264556000Z DEBUG solana_program_runtime::stable_log] Program log: mango-log
[2022-02-12T07:55:26.265164000Z DEBUG solana_program_runtime::stable_log] Program log: 8HmBNKTUaLinbhvP8sZoiDTB3W1sGOUIJSpL/q4ynvukV/yhD7wPrwYAAAAAAAAAAAAAAAAAQEIPAAAAAAAAAAAAAAAAAEBCDwAAAAAAAAA=
[2022-02-12T07:55:26.265286000Z DEBUG solana_bpf_loader_program] Program 8opHzTAnfzRpPEx21XtnrVTX28YQuCpAjcn1PczScKh consumed 9595 of 200000 compute units
[2022-02-12T07:55:26.265338000Z DEBUG solana_program_runtime::stable_log] Program 8opHzTAnfzRpPEx21XtnrVTX28YQuCpAjcn1PczScKh success
[2022-02-12T07:55:26.275170000Z DEBUG solana_program_runtime::stable_log] Program 8opHzTAnfzRpPEx21XtnrVTX28YQuCpAjcn1PczScKh invoke [1]
[2022-02-12T07:55:26.275554000Z DEBUG solana_program_runtime::stable_log] Program log: Mango: UpdateRootBank
[2022-02-12T07:55:26.277713000Z DEBUG solana_program_runtime::stable_log] Program log: mango-log
[2022-02-12T07:55:26.278322000Z DEBUG solana_program_runtime::stable_log] Program log: 8HmBNKTUaLinbhvP8sZoiDTB3W1sGOUIJSpL/q4ynvukV/yhD7wPrwcAAAAAAAAAAAAAAAAAQEIPAAAAAAAAAAAAAAAAAEBCDwAAAAAAAAA=
[2022-02-12T07:55:26.278444000Z DEBUG solana_bpf_loader_program] Program 8opHzTAnfzRpPEx21XtnrVTX28YQuCpAjcn1PczScKh consumed 9634 of 200000 compute units
[2022-02-12T07:55:26.278496000Z DEBUG solana_program_runtime::stable_log] Program 8opHzTAnfzRpPEx21XtnrVTX28YQuCpAjcn1PczScKh success
[2022-02-12T07:55:26.289506000Z DEBUG solana_program_runtime::stable_log] Program 8opHzTAnfzRpPEx21XtnrVTX28YQuCpAjcn1PczScKh invoke [1]
[2022-02-12T07:55:26.289892000Z DEBUG solana_program_runtime::stable_log] Program log: Mango: UpdateRootBank
[2022-02-12T07:55:26.292068000Z DEBUG solana_program_runtime::stable_log] Program log: mango-log
[2022-02-12T07:55:26.292670000Z DEBUG solana_program_runtime::stable_log] Program log: 8HmBNKTUaLinbhvP8sZoiDTB3W1sGOUIJSpL/q4ynvukV/yhD7wPrwgAAAAAAAAAAAAAAAAAQEIPAAAAAAAAAAAAAAAAAEBCDwAAAAAAAAA=
[2022-02-12T07:55:26.292791000Z DEBUG solana_bpf_loader_program] Program 8opHzTAnfzRpPEx21XtnrVTX28YQuCpAjcn1PczScKh consumed 9673 of 200000 compute units
[2022-02-12T07:55:26.292845000Z DEBUG solana_program_runtime::stable_log] Program 8opHzTAnfzRpPEx21XtnrVTX28YQuCpAjcn1PczScKh success
[2022-02-12T07:55:26.304993000Z DEBUG solana_program_runtime::stable_log] Program 8opHzTAnfzRpPEx21XtnrVTX28YQuCpAjcn1PczScKh invoke [1]
[2022-02-12T07:55:26.305383000Z DEBUG solana_program_runtime::stable_log] Program log: Mango: UpdateRootBank
[2022-02-12T07:55:26.307560000Z DEBUG solana_program_runtime::stable_log] Program log: mango-log
[2022-02-12T07:55:26.308162000Z DEBUG solana_program_runtime::stable_log] Program log: 8HmBNKTUaLinbhvP8sZoiDTB3W1sGOUIJSpL/q4ynvukV/yhD7wPrwkAAAAAAAAAAAAAAAAAQEIPAAAAAAAAAAAAAAAAAEBCDwAAAAAAAAA=
[2022-02-12T07:55:26.308284000Z DEBUG solana_bpf_loader_program] Program 8opHzTAnfzRpPEx21XtnrVTX28YQuCpAjcn1PczScKh consumed 9712 of 200000 compute units
[2022-02-12T07:55:26.308336000Z DEBUG solana_program_runtime::stable_log] Program 8opHzTAnfzRpPEx21XtnrVTX28YQuCpAjcn1PczScKh success
[2022-02-12T07:55:26.318161000Z DEBUG solana_program_runtime::stable_log] Program 8opHzTAnfzRpPEx21XtnrVTX28YQuCpAjcn1PczScKh invoke [1]
[2022-02-12T07:55:26.318554000Z DEBUG solana_program_runtime::stable_log] Program log: Mango: UpdateRootBank
[2022-02-12T07:55:26.320770000Z DEBUG solana_program_runtime::stable_log] Program log: mango-log
[2022-02-12T07:55:26.321396000Z DEBUG solana_program_runtime::stable_log] Program log: 8HmBNKTUaLinbhvP8sZoiDTB3W1sGOUIJSpL/q4ynvukV/yhD7wPrwoAAAAAAAAAAAAAAAAAQEIPAAAAAAAAAAAAAAAAAEBCDwAAAAAAAAA=
[2022-02-12T07:55:26.321527000Z DEBUG solana_bpf_loader_program] Program 8opHzTAnfzRpPEx21XtnrVTX28YQuCpAjcn1PczScKh consumed 9751 of 200000 compute units
[2022-02-12T07:55:26.321589000Z DEBUG solana_program_runtime::stable_log] Program 8opHzTAnfzRpPEx21XtnrVTX28YQuCpAjcn1PczScKh success
[2022-02-12T07:55:26.332606000Z DEBUG solana_program_runtime::stable_log] Program 8opHzTAnfzRpPEx21XtnrVTX28YQuCpAjcn1PczScKh invoke [1]
[2022-02-12T07:55:26.333011000Z DEBUG solana_program_runtime::stable_log] Program log: Mango: UpdateRootBank
[2022-02-12T07:55:26.335249000Z DEBUG solana_program_runtime::stable_log] Program log: mango-log
[2022-02-12T07:55:26.335874000Z DEBUG solana_program_runtime::stable_log] Program log: 8HmBNKTUaLinbhvP8sZoiDTB3W1sGOUIJSpL/q4ynvukV/yhD7wPrwsAAAAAAAAAAAAAAAAAQEIPAAAAAAAAAAAAAAAAAEBCDwAAAAAAAAA=
[2022-02-12T07:55:26.336002000Z DEBUG solana_bpf_loader_program] Program 8opHzTAnfzRpPEx21XtnrVTX28YQuCpAjcn1PczScKh consumed 9790 of 200000 compute units
[2022-02-12T07:55:26.336061000Z DEBUG solana_program_runtime::stable_log] Program 8opHzTAnfzRpPEx21XtnrVTX28YQuCpAjcn1PczScKh success
[2022-02-12T07:55:26.347264000Z DEBUG solana_program_runtime::stable_log] Program 8opHzTAnfzRpPEx21XtnrVTX28YQuCpAjcn1PczScKh invoke [1]
[2022-02-12T07:55:26.347702000Z DEBUG solana_program_runtime::stable_log] Program log: Mango: UpdateRootBank
[2022-02-12T07:55:26.350018000Z DEBUG solana_program_runtime::stable_log] Program log: mango-log
[2022-02-12T07:55:26.350640000Z DEBUG solana_program_runtime::stable_log] Program log: 8HmBNKTUaLinbhvP8sZoiDTB3W1sGOUIJSpL/q4ynvukV/yhD7wPrwwAAAAAAAAAAAAAAAAAQEIPAAAAAAAAAAAAAAAAAEBCDwAAAAAAAAA=
[2022-02-12T07:55:26.350771000Z DEBUG solana_bpf_loader_program] Program 8opHzTAnfzRpPEx21XtnrVTX28YQuCpAjcn1PczScKh consumed 9829 of 200000 compute units
[2022-02-12T07:55:26.350840000Z DEBUG solana_program_runtime::stable_log] Program 8opHzTAnfzRpPEx21XtnrVTX28YQuCpAjcn1PczScKh success
[2022-02-12T07:55:26.361941000Z DEBUG solana_program_runtime::stable_log] Program 8opHzTAnfzRpPEx21XtnrVTX28YQuCpAjcn1PczScKh invoke [1]
[2022-02-12T07:55:26.362372000Z DEBUG solana_program_runtime::stable_log] Program log: Mango: UpdateRootBank
[2022-02-12T07:55:26.364687000Z DEBUG solana_program_runtime::stable_log] Program log: mango-log
[2022-02-12T07:55:26.365314000Z DEBUG solana_program_runtime::stable_log] Program log: 8HmBNKTUaLinbhvP8sZoiDTB3W1sGOUIJSpL/q4ynvukV/yhD7wPrw0AAAAAAAAAAAAAAAAAQEIPAAAAAAAAAAAAAAAAAEBCDwAAAAAAAAA=
[2022-02-12T07:55:26.365444000Z DEBUG solana_bpf_loader_program] Program 8opHzTAnfzRpPEx21XtnrVTX28YQuCpAjcn1PczScKh consumed 9868 of 200000 compute units
[2022-02-12T07:55:26.365509000Z DEBUG solana_program_runtime::stable_log] Program 8opHzTAnfzRpPEx21XtnrVTX28YQuCpAjcn1PczScKh success
[2022-02-12T07:55:26.377823000Z DEBUG solana_program_runtime::stable_log] Program 8opHzTAnfzRpPEx21XtnrVTX28YQuCpAjcn1PczScKh invoke [1]
[2022-02-12T07:55:26.378253000Z DEBUG solana_program_runtime::stable_log] Program log: Mango: UpdateRootBank
[2022-02-12T07:55:26.380614000Z DEBUG solana_program_runtime::stable_log] Program log: mango-log
[2022-02-12T07:55:26.381249000Z DEBUG solana_program_runtime::stable_log] Program log: 8HmBNKTUaLinbhvP8sZoiDTB3W1sGOUIJSpL/q4ynvukV/yhD7wPrw4AAAAAAAAAAAAAAAAAQEIPAAAAAAAAAAAAAAAAAEBCDwAAAAAAAAA=
[2022-02-12T07:55:26.381379000Z DEBUG solana_bpf_loader_program] Program 8opHzTAnfzRpPEx21XtnrVTX28YQuCpAjcn1PczScKh consumed 9907 of 200000 compute units
[2022-02-12T07:55:26.381466000Z DEBUG solana_program_runtime::stable_log] Program 8opHzTAnfzRpPEx21XtnrVTX28YQuCpAjcn1PczScKh success
[2022-02-12T07:55:26.392332000Z DEBUG solana_program_runtime::stable_log] Program 8opHzTAnfzRpPEx21XtnrVTX28YQuCpAjcn1PczScKh invoke [1]
[2022-02-12T07:55:26.392764000Z DEBUG solana_program_runtime::stable_log] Program log: Mango: UpdateRootBank
[2022-02-12T07:55:26.395872000Z DEBUG solana_program_runtime::stable_log] Program log: mango-log
[2022-02-12T07:55:26.396491000Z DEBUG solana_program_runtime::stable_log] Program log: 8HmBNKTUaLinbhvP8sZoiDTB3W1sGOUIJSpL/q4ynvukV/yhD7wPrw8AAAAAAAAAAAAAAAAAQEIPAAAAAAAAAAAAAAAAAEBCDwAAAAAAAAA=
[2022-02-12T07:55:26.396618000Z DEBUG solana_bpf_loader_program] Program 8opHzTAnfzRpPEx21XtnrVTX28YQuCpAjcn1PczScKh consumed 12494 of 200000 compute units
[2022-02-12T07:55:26.396677000Z DEBUG solana_program_runtime::stable_log] Program 8opHzTAnfzRpPEx21XtnrVTX28YQuCpAjcn1PczScKh success
[2022-02-12T07:55:26.408792000Z DEBUG solana_program_runtime::stable_log] Program 8opHzTAnfzRpPEx21XtnrVTX28YQuCpAjcn1PczScKh invoke [1]
[2022-02-12T07:55:26.409263000Z DEBUG solana_program_runtime::stable_log] Program log: Mango: UpdateFunding
[2022-02-12T07:55:26.410401000Z DEBUG solana_program_runtime::stable_log] Program log: mango-log
[2022-02-12T07:55:26.411033000Z DEBUG solana_program_runtime::stable_log] Program log: ta5iwCEXTXunbhvP8sZoiDTB3W1sGOUIJSpL/q4ynvukV/yhD7wPrwAAAAAAAAAAAAAAAAAAAAAAAAAAAAAAAAAAAAAAAAAAAAAAAAAAAAA=
[2022-02-12T07:55:26.411184000Z DEBUG solana_bpf_loader_program] Program 8opHzTAnfzRpPEx21XtnrVTX28YQuCpAjcn1PczScKh consumed 6381 of 200000 compute units
[2022-02-12T07:55:26.411253000Z DEBUG solana_program_runtime::stable_log] Program 8opHzTAnfzRpPEx21XtnrVTX28YQuCpAjcn1PczScKh success
[2022-02-12T07:55:26.422241000Z DEBUG solana_program_runtime::stable_log] Program 8opHzTAnfzRpPEx21XtnrVTX28YQuCpAjcn1PczScKh invoke [1]
[2022-02-12T07:55:26.422787000Z DEBUG solana_program_runtime::stable_log] Program log: Mango: UpdateFunding
[2022-02-12T07:55:26.423954000Z DEBUG solana_program_runtime::stable_log] Program log: mango-log
[2022-02-12T07:55:26.424586000Z DEBUG solana_program_runtime::stable_log] Program log: ta5iwCEXTXunbhvP8sZoiDTB3W1sGOUIJSpL/q4ynvukV/yhD7wPrwEAAAAAAAAAAAAAAAAAAAAAAAAAAAAAAAAAAAAAAAAAAAAAAAAAAAA=
[2022-02-12T07:55:26.424811000Z DEBUG solana_bpf_loader_program] Program 8opHzTAnfzRpPEx21XtnrVTX28YQuCpAjcn1PczScKh consumed 6421 of 200000 compute units
[2022-02-12T07:55:26.424914000Z DEBUG solana_program_runtime::stable_log] Program 8opHzTAnfzRpPEx21XtnrVTX28YQuCpAjcn1PczScKh success
[2022-02-12T07:55:26.436671000Z DEBUG solana_program_runtime::stable_log] Program 8opHzTAnfzRpPEx21XtnrVTX28YQuCpAjcn1PczScKh invoke [1]
[2022-02-12T07:55:26.437140000Z DEBUG solana_program_runtime::stable_log] Program log: Mango: UpdateFunding
[2022-02-12T07:55:26.438308000Z DEBUG solana_program_runtime::stable_log] Program log: mango-log
[2022-02-12T07:55:26.438930000Z DEBUG solana_program_runtime::stable_log] Program log: ta5iwCEXTXunbhvP8sZoiDTB3W1sGOUIJSpL/q4ynvukV/yhD7wPrwIAAAAAAAAAAAAAAAAAAAAAAAAAAAAAAAAAAAAAAAAAAAAAAAAAAAA=
[2022-02-12T07:55:26.439081000Z DEBUG solana_bpf_loader_program] Program 8opHzTAnfzRpPEx21XtnrVTX28YQuCpAjcn1PczScKh consumed 6460 of 200000 compute units
[2022-02-12T07:55:26.439148000Z DEBUG solana_program_runtime::stable_log] Program 8opHzTAnfzRpPEx21XtnrVTX28YQuCpAjcn1PczScKh success
[2022-02-12T07:55:26.449724000Z DEBUG solana_program_runtime::stable_log] Program 8opHzTAnfzRpPEx21XtnrVTX28YQuCpAjcn1PczScKh invoke [1]
[2022-02-12T07:55:26.450187000Z DEBUG solana_program_runtime::stable_log] Program log: Mango: UpdateFunding
[2022-02-12T07:55:26.451363000Z DEBUG solana_program_runtime::stable_log] Program log: mango-log
[2022-02-12T07:55:26.451987000Z DEBUG solana_program_runtime::stable_log] Program log: ta5iwCEXTXunbhvP8sZoiDTB3W1sGOUIJSpL/q4ynvukV/yhD7wPrwMAAAAAAAAAAAAAAAAAAAAAAAAAAAAAAAAAAAAAAAAAAAAAAAAAAAA=
[2022-02-12T07:55:26.452137000Z DEBUG solana_bpf_loader_program] Program 8opHzTAnfzRpPEx21XtnrVTX28YQuCpAjcn1PczScKh consumed 6499 of 200000 compute units
[2022-02-12T07:55:26.452203000Z DEBUG solana_program_runtime::stable_log] Program 8opHzTAnfzRpPEx21XtnrVTX28YQuCpAjcn1PczScKh success
[2022-02-12T07:55:26.462402000Z DEBUG solana_program_runtime::stable_log] Program 8opHzTAnfzRpPEx21XtnrVTX28YQuCpAjcn1PczScKh invoke [1]
[2022-02-12T07:55:26.462863000Z DEBUG solana_program_runtime::stable_log] Program log: Mango: UpdateFunding
[2022-02-12T07:55:26.464057000Z DEBUG solana_program_runtime::stable_log] Program log: mango-log
[2022-02-12T07:55:26.464686000Z DEBUG solana_program_runtime::stable_log] Program log: ta5iwCEXTXunbhvP8sZoiDTB3W1sGOUIJSpL/q4ynvukV/yhD7wPrwQAAAAAAAAAAAAAAAAAAAAAAAAAAAAAAAAAAAAAAAAAAAAAAAAAAAA=
[2022-02-12T07:55:26.464840000Z DEBUG solana_bpf_loader_program] Program 8opHzTAnfzRpPEx21XtnrVTX28YQuCpAjcn1PczScKh consumed 6538 of 200000 compute units
[2022-02-12T07:55:26.464907000Z DEBUG solana_program_runtime::stable_log] Program 8opHzTAnfzRpPEx21XtnrVTX28YQuCpAjcn1PczScKh success
[2022-02-12T07:55:26.475518000Z DEBUG solana_program_runtime::stable_log] Program 8opHzTAnfzRpPEx21XtnrVTX28YQuCpAjcn1PczScKh invoke [1]
[2022-02-12T07:55:26.475990000Z DEBUG solana_program_runtime::stable_log] Program log: Mango: UpdateFunding
[2022-02-12T07:55:26.477193000Z DEBUG solana_program_runtime::stable_log] Program log: mango-log
[2022-02-12T07:55:26.477816000Z DEBUG solana_program_runtime::stable_log] Program log: ta5iwCEXTXunbhvP8sZoiDTB3W1sGOUIJSpL/q4ynvukV/yhD7wPrwUAAAAAAAAAAAAAAAAAAAAAAAAAAAAAAAAAAAAAAAAAAAAAAAAAAAA=
[2022-02-12T07:55:26.477965000Z DEBUG solana_bpf_loader_program] Program 8opHzTAnfzRpPEx21XtnrVTX28YQuCpAjcn1PczScKh consumed 6577 of 200000 compute units
[2022-02-12T07:55:26.478034000Z DEBUG solana_program_runtime::stable_log] Program 8opHzTAnfzRpPEx21XtnrVTX28YQuCpAjcn1PczScKh success
[2022-02-12T07:55:26.488364000Z DEBUG solana_program_runtime::stable_log] Program 8opHzTAnfzRpPEx21XtnrVTX28YQuCpAjcn1PczScKh invoke [1]
[2022-02-12T07:55:26.488837000Z DEBUG solana_program_runtime::stable_log] Program log: Mango: UpdateFunding
[2022-02-12T07:55:26.490019000Z DEBUG solana_program_runtime::stable_log] Program log: mango-log
[2022-02-12T07:55:26.490693000Z DEBUG solana_program_runtime::stable_log] Program log: ta5iwCEXTXunbhvP8sZoiDTB3W1sGOUIJSpL/q4ynvukV/yhD7wPrwYAAAAAAAAAAAAAAAAAAAAAAAAAAAAAAAAAAAAAAAAAAAAAAAAAAAA=
[2022-02-12T07:55:26.490856000Z DEBUG solana_bpf_loader_program] Program 8opHzTAnfzRpPEx21XtnrVTX28YQuCpAjcn1PczScKh consumed 6616 of 200000 compute units
[2022-02-12T07:55:26.490935000Z DEBUG solana_program_runtime::stable_log] Program 8opHzTAnfzRpPEx21XtnrVTX28YQuCpAjcn1PczScKh success
[2022-02-12T07:55:26.501795000Z DEBUG solana_program_runtime::stable_log] Program 8opHzTAnfzRpPEx21XtnrVTX28YQuCpAjcn1PczScKh invoke [1]
[2022-02-12T07:55:26.502273000Z DEBUG solana_program_runtime::stable_log] Program log: Mango: UpdateFunding
[2022-02-12T07:55:26.503532000Z DEBUG solana_program_runtime::stable_log] Program log: mango-log
[2022-02-12T07:55:26.504157000Z DEBUG solana_program_runtime::stable_log] Program log: ta5iwCEXTXunbhvP8sZoiDTB3W1sGOUIJSpL/q4ynvukV/yhD7wPrwcAAAAAAAAAAAAAAAAAAAAAAAAAAAAAAAAAAAAAAAAAAAAAAAAAAAA=
[2022-02-12T07:55:26.504309000Z DEBUG solana_bpf_loader_program] Program 8opHzTAnfzRpPEx21XtnrVTX28YQuCpAjcn1PczScKh consumed 6655 of 200000 compute units
[2022-02-12T07:55:26.504375000Z DEBUG solana_program_runtime::stable_log] Program 8opHzTAnfzRpPEx21XtnrVTX28YQuCpAjcn1PczScKh success
[2022-02-12T07:55:26.514725000Z DEBUG solana_program_runtime::stable_log] Program 8opHzTAnfzRpPEx21XtnrVTX28YQuCpAjcn1PczScKh invoke [1]
[2022-02-12T07:55:26.515169000Z DEBUG solana_program_runtime::stable_log] Program log: Mango: UpdateFunding
[2022-02-12T07:55:26.516368000Z DEBUG solana_program_runtime::stable_log] Program log: mango-log
[2022-02-12T07:55:26.517047000Z DEBUG solana_program_runtime::stable_log] Program log: ta5iwCEXTXunbhvP8sZoiDTB3W1sGOUIJSpL/q4ynvukV/yhD7wPrwgAAAAAAAAAAAAAAAAAAAAAAAAAAAAAAAAAAAAAAAAAAAAAAAAAAAA=
[2022-02-12T07:55:26.517210000Z DEBUG solana_bpf_loader_program] Program 8opHzTAnfzRpPEx21XtnrVTX28YQuCpAjcn1PczScKh consumed 6694 of 200000 compute units
[2022-02-12T07:55:26.517285000Z DEBUG solana_program_runtime::stable_log] Program 8opHzTAnfzRpPEx21XtnrVTX28YQuCpAjcn1PczScKh success
[2022-02-12T07:55:26.527751000Z DEBUG solana_program_runtime::stable_log] Program 8opHzTAnfzRpPEx21XtnrVTX28YQuCpAjcn1PczScKh invoke [1]
[2022-02-12T07:55:26.528231000Z DEBUG solana_program_runtime::stable_log] Program log: Mango: UpdateFunding
[2022-02-12T07:55:26.529504000Z DEBUG solana_program_runtime::stable_log] Program log: mango-log
[2022-02-12T07:55:26.530132000Z DEBUG solana_program_runtime::stable_log] Program log: ta5iwCEXTXunbhvP8sZoiDTB3W1sGOUIJSpL/q4ynvukV/yhD7wPrwkAAAAAAAAAAAAAAAAAAAAAAAAAAAAAAAAAAAAAAAAAAAAAAAAAAAA=
[2022-02-12T07:55:26.530280000Z DEBUG solana_bpf_loader_program] Program 8opHzTAnfzRpPEx21XtnrVTX28YQuCpAjcn1PczScKh consumed 6733 of 200000 compute units
[2022-02-12T07:55:26.530346000Z DEBUG solana_program_runtime::stable_log] Program 8opHzTAnfzRpPEx21XtnrVTX28YQuCpAjcn1PczScKh success
[2022-02-12T07:55:26.541053000Z DEBUG solana_program_runtime::stable_log] Program 8opHzTAnfzRpPEx21XtnrVTX28YQuCpAjcn1PczScKh invoke [1]
[2022-02-12T07:55:26.541530000Z DEBUG solana_program_runtime::stable_log] Program log: Mango: UpdateFunding
[2022-02-12T07:55:26.542814000Z DEBUG solana_program_runtime::stable_log] Program log: mango-log
[2022-02-12T07:55:26.543439000Z DEBUG solana_program_runtime::stable_log] Program log: ta5iwCEXTXunbhvP8sZoiDTB3W1sGOUIJSpL/q4ynvukV/yhD7wPrwoAAAAAAAAAAAAAAAAAAAAAAAAAAAAAAAAAAAAAAAAAAAAAAAAAAAA=
[2022-02-12T07:55:26.543590000Z DEBUG solana_bpf_loader_program] Program 8opHzTAnfzRpPEx21XtnrVTX28YQuCpAjcn1PczScKh consumed 6772 of 200000 compute units
[2022-02-12T07:55:26.543660000Z DEBUG solana_program_runtime::stable_log] Program 8opHzTAnfzRpPEx21XtnrVTX28YQuCpAjcn1PczScKh success
[2022-02-12T07:55:26.556430000Z DEBUG solana_program_runtime::stable_log] Program 8opHzTAnfzRpPEx21XtnrVTX28YQuCpAjcn1PczScKh invoke [1]
[2022-02-12T07:55:26.556903000Z DEBUG solana_program_runtime::stable_log] Program log: Mango: UpdateFunding
[2022-02-12T07:55:26.558207000Z DEBUG solana_program_runtime::stable_log] Program log: mango-log
[2022-02-12T07:55:26.558832000Z DEBUG solana_program_runtime::stable_log] Program log: ta5iwCEXTXunbhvP8sZoiDTB3W1sGOUIJSpL/q4ynvukV/yhD7wPrwsAAAAAAAAAAAAAAAAAAAAAAAAAAAAAAAAAAAAAAAAAAAAAAAAAAAA=
[2022-02-12T07:55:26.558981000Z DEBUG solana_bpf_loader_program] Program 8opHzTAnfzRpPEx21XtnrVTX28YQuCpAjcn1PczScKh consumed 6811 of 200000 compute units
[2022-02-12T07:55:26.559048000Z DEBUG solana_program_runtime::stable_log] Program 8opHzTAnfzRpPEx21XtnrVTX28YQuCpAjcn1PczScKh success
[2022-02-12T07:55:26.570266000Z DEBUG solana_program_runtime::stable_log] Program 8opHzTAnfzRpPEx21XtnrVTX28YQuCpAjcn1PczScKh invoke [1]
[2022-02-12T07:55:26.570754000Z DEBUG solana_program_runtime::stable_log] Program log: Mango: UpdateFunding
[2022-02-12T07:55:26.572046000Z DEBUG solana_program_runtime::stable_log] Program log: mango-log
[2022-02-12T07:55:26.572665000Z DEBUG solana_program_runtime::stable_log] Program log: ta5iwCEXTXunbhvP8sZoiDTB3W1sGOUIJSpL/q4ynvukV/yhD7wPrwwAAAAAAAAAAAAAAAAAAAAAAAAAAAAAAAAAAAAAAAAAAAAAAAAAAAA=
[2022-02-12T07:55:26.572816000Z DEBUG solana_bpf_loader_program] Program 8opHzTAnfzRpPEx21XtnrVTX28YQuCpAjcn1PczScKh consumed 6850 of 200000 compute units
[2022-02-12T07:55:26.572889000Z DEBUG solana_program_runtime::stable_log] Program 8opHzTAnfzRpPEx21XtnrVTX28YQuCpAjcn1PczScKh success
[2022-02-12T07:55:26.583538000Z DEBUG solana_program_runtime::stable_log] Program 8opHzTAnfzRpPEx21XtnrVTX28YQuCpAjcn1PczScKh invoke [1]
[2022-02-12T07:55:26.584011000Z DEBUG solana_program_runtime::stable_log] Program log: Mango: UpdateFunding
[2022-02-12T07:55:26.585314000Z DEBUG solana_program_runtime::stable_log] Program log: mango-log
[2022-02-12T07:55:26.585934000Z DEBUG solana_program_runtime::stable_log] Program log: ta5iwCEXTXunbhvP8sZoiDTB3W1sGOUIJSpL/q4ynvukV/yhD7wPrw0AAAAAAAAAAAAAAAAAAAAAAAAAAAAAAAAAAAAAAAAAAAAAAAAAAAA=
[2022-02-12T07:55:26.586087000Z DEBUG solana_bpf_loader_program] Program 8opHzTAnfzRpPEx21XtnrVTX28YQuCpAjcn1PczScKh consumed 6889 of 200000 compute units
[2022-02-12T07:55:26.586157000Z DEBUG solana_program_runtime::stable_log] Program 8opHzTAnfzRpPEx21XtnrVTX28YQuCpAjcn1PczScKh success
[2022-02-12T07:55:26.597313000Z DEBUG solana_program_runtime::stable_log] Program 8opHzTAnfzRpPEx21XtnrVTX28YQuCpAjcn1PczScKh invoke [1]
[2022-02-12T07:55:26.597778000Z DEBUG solana_program_runtime::stable_log] Program log: Mango: UpdateFunding
[2022-02-12T07:55:26.599106000Z DEBUG solana_program_runtime::stable_log] Program log: mango-log
[2022-02-12T07:55:26.599727000Z DEBUG solana_program_runtime::stable_log] Program log: ta5iwCEXTXunbhvP8sZoiDTB3W1sGOUIJSpL/q4ynvukV/yhD7wPrw4AAAAAAAAAAAAAAAAAAAAAAAAAAAAAAAAAAAAAAAAAAAAAAAAAAAA=
[2022-02-12T07:55:26.599875000Z DEBUG solana_bpf_loader_program] Program 8opHzTAnfzRpPEx21XtnrVTX28YQuCpAjcn1PczScKh consumed 6928 of 200000 compute units
[2022-02-12T07:55:26.599941000Z DEBUG solana_program_runtime::stable_log] Program 8opHzTAnfzRpPEx21XtnrVTX28YQuCpAjcn1PczScKh success
[2022-02-12T07:55:26.614183000Z DEBUG solana_program_runtime::stable_log] Program 8opHzTAnfzRpPEx21XtnrVTX28YQuCpAjcn1PczScKh invoke [1]
[2022-02-12T07:55:26.615390000Z DEBUG solana_program_runtime::stable_log] Program log: Mango: CacheRootBanks
[2022-02-12T07:55:26.619264000Z DEBUG solana_program_runtime::stable_log] Program log: mango-log
[2022-02-12T07:55:26.622239000Z DEBUG solana_program_runtime::stable_log] Program log: IVXYca/GfeinbhvP8sZoiDTB3W1sGOUIJSpL/q4ynvukV/yhD7wPrxAAAAAAAAAAAAAAAAEAAAAAAAAAAgAAAAAAAAADAAAAAAAAAAQAAAAAAAAABQAAAAAAAAAGAAAAAAAAAAcAAAAAAAAACAAAAAAAAAAJAAAAAAAAAAoAAAAAAAAACwAAAAAAAAAMAAAAAAAAAA0AAAAAAAAADgAAAAAAAAAPAAAAAAAAABAAAAAAAAAAAABAQg8AAAAAAAAAAAAAAAAAQEIPAAAAAAAAAAAAAAAAAEBCDwAAAAAAAAAAAAAAAABAQg8AAAAAAAAAAAAAAAAAQEIPAAAAAAAAAAAAAAAAAEBCDwAAAAAAAAAAAAAAAABAQg8AAAAAAAAAAAAAAAAAQEIPAAAAAAAAAAAAAAAAAEBCDwAAAAAAAAAAAAAAAABAQg8AAAAAAAAAAAAAAAAAQEIPAAAAAAAAAAAAAAAAAEBCDwAAAAAAAAAAAAAAAABAQg8AAAAAAAAAAAAAAAAAQEIPAAAAAAAAAAAAAAAAAEBCDwAAAAAAAAAAAAAAAABAQg8AAAAAAAAAEAAAAAAAAAAAAEBCDwAAAAAAAAAAAAAAAABAQg8AAAAAAAAAAAAAAAAAQEIPAAAAAAAAAAAAAAAAAEBCDwAAAAAAAAAAAAAAAABAQg8AAAAAAAAAAAAAAAAAQEIPAAAAAAAAAAAAAAAAAEBCDwAAAAAAAAAAAAAAAABAQg8AAAAAAAAAAAAAAAAAQEIPAAAAAAAAAAAAAAAAAEBCDwAAAAAAAAAAAAAAAABAQg8AAAAAAAAAAAAAAAAAQEIPAAAAAAAAAAAAAAAAAEBCDwAAAAAAAAAAAAAAAABAQg8AAAAAAAAAAAAAAAAAQEIPAAAAAAAAAAAAAAAAAEBCDwAAAAAAAAA=
[2022-02-12T07:55:26.622667000Z DEBUG solana_bpf_loader_program] Program 8opHzTAnfzRpPEx21XtnrVTX28YQuCpAjcn1PczScKh consumed 24418 of 200000 compute units
[2022-02-12T07:55:26.622744000Z DEBUG solana_program_runtime::stable_log] Program 8opHzTAnfzRpPEx21XtnrVTX28YQuCpAjcn1PczScKh success
[2022-02-12T07:55:26.636811000Z DEBUG solana_program_runtime::stable_log] Program 8opHzTAnfzRpPEx21XtnrVTX28YQuCpAjcn1PczScKh invoke [1]
[2022-02-12T07:55:26.637970000Z DEBUG solana_program_runtime::stable_log] Program log: Mango: CachePerpMarkets
[2022-02-12T07:55:26.641791000Z DEBUG solana_program_runtime::stable_log] Program log: mango-log
[2022-02-12T07:55:26.644562000Z DEBUG solana_program_runtime::stable_log] Program log: 9lt9JxCzqw6nbhvP8sZoiDTB3W1sGOUIJSpL/q4ynvukV/yhD7wPrw8AAAAAAAAAAAAAAAEAAAAAAAAAAgAAAAAAAAADAAAAAAAAAAQAAAAAAAAABQAAAAAAAAAGAAAAAAAAAAcAAAAAAAAACAAAAAAAAAAJAAAAAAAAAAoAAAAAAAAACwAAAAAAAAAMAAAAAAAAAA0AAAAAAAAADgAAAAAAAAAPAAAAAAAAAAAAAAAAAAAAAAAAAAAAAAAAAAAAAAAAAAAAAAAAAAAAAAAAAAAAAAAAAAAAAAAAAAAAAAAAAAAAAAAAAAAAAAAAAAAAAAAAAAAAAAAAAAAAAAAAAAAAAAAAAAAAAAAAAAAAAAAAAAAAAAAAAAAAAAAAAAAAAAAAAAAAAAAAAAAAAAAAAAAAAAAAAAAAAAAAAAAAAAAAAAAAAAAAAAAAAAAAAAAAAAAAAAAAAAAAAAAAAAAAAAAAAAAAAAAAAAAAAAAAAAAAAAAAAAAAAAAAAAAAAAAAAAAAAAAAAAAAAAAAAAAAAAAAAAAAAAAADwAAAAAAAAAAAAAAAAAAAAAAAAAAAAAAAAAAAAAAAAAAAAAAAAAAAAAAAAAAAAAAAAAAAAAAAAAAAAAAAAAAAAAAAAAAAAAAAAAAAAAAAAAAAAAAAAAAAAAAAAAAAAAAAAAAAAAAAAAAAAAAAAAAAAAAAAAAAAAAAAAAAAAAAAAAAAAAAAAAAAAAAAAAAAAAAAAAAAAAAAAAAAAAAAAAAAAAAAAAAAAAAAAAAAAAAAAAAAAAAAAAAAAAAAAAAAAAAAAAAAAAAAAAAAAAAAAAAAAAAAAAAAAAAAAAAAAAAAAAAAAAAAAAAAAAAAAAAAAAAAAAAA==
[2022-02-12T07:55:26.644968000Z DEBUG solana_bpf_loader_program] Program 8opHzTAnfzRpPEx21XtnrVTX28YQuCpAjcn1PczScKh consumed 23463 of 200000 compute units
[2022-02-12T07:55:26.645044000Z DEBUG solana_program_runtime::stable_log] Program 8opHzTAnfzRpPEx21XtnrVTX28YQuCpAjcn1PczScKh success
test test_token_and_token_liquidation_v2 ... ok

test result: ok. 2 passed; 0 failed; 0 ignored; 0 measured; 0 filtered out; finished in 12.13s

     Running tests/test_misc.rs (target/debug/deps/test_misc-e412e30a58d6450d)

running 3 tests
test test_size ... ok
test serum_dex_error ... ok
test test_i80f48 ... ok

test result: ok. 3 passed; 0 failed; 0 ignored; 0 measured; 0 filtered out; finished in 0.00s

     Running tests/test_perp_markets.rs (target/debug/deps/test_perp_markets-02c3a1db93fadd40)

running 3 tests
[2022-02-12T07:55:28.555342000Z INFO  solana_program_test] "mango" BPF program from /Users/mc/repos/mango-v3/target/deploy/mango.so, modified 1 hour, 40 minutes, 52 seconds, 838 ms, 277 µs and 245 ns ago
[2022-02-12T07:55:28.555309000Z INFO  solana_program_test] "mango" BPF program from /Users/mc/repos/mango-v3/target/deploy/mango.so, modified 1 hour, 40 minutes, 52 seconds, 838 ms, 150 µs and 245 ns ago
[2022-02-12T07:55:28.555497000Z INFO  solana_program_test] "mango" BPF program from /Users/mc/repos/mango-v3/target/deploy/mango.so, modified 1 hour, 40 minutes, 52 seconds, 838 ms, 425 µs and 245 ns ago
[2022-02-12T07:55:28.555690000Z INFO  solana_program_test] "serum_dex" BPF program from tests/fixtures/serum_dex.so, modified 1 month, 3 weeks, 6 days, 18 hours, 26 minutes, 32 seconds, 892 ms, 360 µs and 382 ns ago
[2022-02-12T07:55:28.555716000Z INFO  solana_program_test] "serum_dex" BPF program from tests/fixtures/serum_dex.so, modified 1 month, 3 weeks, 6 days, 18 hours, 26 minutes, 32 seconds, 892 ms, 384 µs and 382 ns ago
[2022-02-12T07:55:28.555813000Z INFO  solana_program_test] "serum_dex" BPF program from tests/fixtures/serum_dex.so, modified 1 month, 3 weeks, 6 days, 18 hours, 26 minutes, 32 seconds, 892 ms, 471 µs and 382 ns ago
[2022-02-12T07:55:28.721848000Z DEBUG solana_program_runtime::stable_log] Program 11111111111111111111111111111111 invoke [1]
[2022-02-12T07:55:28.722025000Z DEBUG solana_program_runtime::stable_log] Program 11111111111111111111111111111111 success
[2022-02-12T07:55:28.722454000Z DEBUG solana_program_runtime::stable_log] Program 11111111111111111111111111111111 invoke [1]
[2022-02-12T07:55:28.722516000Z DEBUG solana_program_runtime::stable_log] Program 11111111111111111111111111111111 success
[2022-02-12T07:55:28.722569000Z DEBUG solana_program_runtime::stable_log] Program 11111111111111111111111111111111 invoke [1]
[2022-02-12T07:55:28.722624000Z DEBUG solana_program_runtime::stable_log] Program 11111111111111111111111111111111 success
[2022-02-12T07:55:28.726012000Z DEBUG solana_program_runtime::stable_log] Program 11111111111111111111111111111111 invoke [1]
[2022-02-12T07:55:28.726065000Z DEBUG solana_program_runtime::stable_log] Program 11111111111111111111111111111111 invoke [1]
[2022-02-12T07:55:28.726095000Z DEBUG solana_program_runtime::stable_log] Program 11111111111111111111111111111111 invoke [1]
[2022-02-12T07:55:28.726102000Z DEBUG solana_program_runtime::stable_log] Program 11111111111111111111111111111111 success
[2022-02-12T07:55:28.726119000Z DEBUG solana_program_runtime::stable_log] Program 11111111111111111111111111111111 success
[2022-02-12T07:55:28.726142000Z DEBUG solana_program_runtime::stable_log] Program 11111111111111111111111111111111 success
[2022-02-12T07:55:28.729821000Z DEBUG solana_program_runtime::stable_log] Program 11111111111111111111111111111111 invoke [1]
[2022-02-12T07:55:28.729832000Z DEBUG solana_program_runtime::stable_log] Program 11111111111111111111111111111111 invoke [1]
[2022-02-12T07:55:28.729877000Z DEBUG solana_program_runtime::stable_log] Program 11111111111111111111111111111111 success
[2022-02-12T07:55:28.729890000Z DEBUG solana_program_runtime::stable_log] Program 11111111111111111111111111111111 success
[2022-02-12T07:55:28.729875000Z DEBUG solana_program_runtime::stable_log] Program 11111111111111111111111111111111 invoke [1]
[2022-02-12T07:55:28.729982000Z DEBUG solana_program_runtime::stable_log] Program 11111111111111111111111111111111 success
[2022-02-12T07:55:28.753396000Z DEBUG solana_program_runtime::stable_log] Program TokenkegQfeZyiNwAJbNbGKPFXCWuBvf9Ss623VQ5DA invoke [1]
[2022-02-12T07:55:28.753437000Z DEBUG solana_program_runtime::stable_log] Program TokenkegQfeZyiNwAJbNbGKPFXCWuBvf9Ss623VQ5DA invoke [1]
[2022-02-12T07:55:28.753475000Z DEBUG solana_program_runtime::stable_log] Program TokenkegQfeZyiNwAJbNbGKPFXCWuBvf9Ss623VQ5DA invoke [1]
[2022-02-12T07:55:28.754004000Z DEBUG solana_program_runtime::stable_log] Program log: Instruction: InitializeAccount
[2022-02-12T07:55:28.754004000Z DEBUG solana_program_runtime::stable_log] Program log: Instruction: InitializeAccount
[2022-02-12T07:55:28.754004000Z DEBUG solana_program_runtime::stable_log] Program log: Instruction: InitializeAccount
[2022-02-12T07:55:28.755100000Z DEBUG solana_bpf_loader_program] Program TokenkegQfeZyiNwAJbNbGKPFXCWuBvf9Ss623VQ5DA consumed 3411 of 200000 compute units
[2022-02-12T07:55:28.755110000Z DEBUG solana_bpf_loader_program] Program TokenkegQfeZyiNwAJbNbGKPFXCWuBvf9Ss623VQ5DA consumed 3411 of 200000 compute units
[2022-02-12T07:55:28.755120000Z DEBUG solana_bpf_loader_program] Program TokenkegQfeZyiNwAJbNbGKPFXCWuBvf9Ss623VQ5DA consumed 3411 of 200000 compute units
[2022-02-12T07:55:28.755200000Z DEBUG solana_program_runtime::stable_log] Program TokenkegQfeZyiNwAJbNbGKPFXCWuBvf9Ss623VQ5DA success
[2022-02-12T07:55:28.755200000Z DEBUG solana_program_runtime::stable_log] Program TokenkegQfeZyiNwAJbNbGKPFXCWuBvf9Ss623VQ5DA success
[2022-02-12T07:55:28.755240000Z DEBUG solana_program_runtime::stable_log] Program TokenkegQfeZyiNwAJbNbGKPFXCWuBvf9Ss623VQ5DA success
[2022-02-12T07:55:28.758925000Z DEBUG solana_program_runtime::stable_log] Program 11111111111111111111111111111111 invoke [1]
[2022-02-12T07:55:28.758964000Z DEBUG solana_program_runtime::stable_log] Program 11111111111111111111111111111111 invoke [1]
[2022-02-12T07:55:28.758964000Z DEBUG solana_program_runtime::stable_log] Program 11111111111111111111111111111111 invoke [1]
[2022-02-12T07:55:28.759027000Z DEBUG solana_program_runtime::stable_log] Program 11111111111111111111111111111111 success
[2022-02-12T07:55:28.758974000Z DEBUG solana_program_runtime::stable_log] Program 11111111111111111111111111111111 success
[2022-02-12T07:55:28.759071000Z DEBUG solana_program_runtime::stable_log] Program 11111111111111111111111111111111 success
[2022-02-12T07:55:28.762265000Z DEBUG solana_program_runtime::stable_log] Program 11111111111111111111111111111111 invoke [1]
[2022-02-12T07:55:28.762313000Z DEBUG solana_program_runtime::stable_log] Program 11111111111111111111111111111111 success
[2022-02-12T07:55:28.762388000Z DEBUG solana_program_runtime::stable_log] Program 11111111111111111111111111111111 invoke [1]
[2022-02-12T07:55:28.762388000Z DEBUG solana_program_runtime::stable_log] Program 11111111111111111111111111111111 invoke [1]
[2022-02-12T07:55:28.762447000Z DEBUG solana_program_runtime::stable_log] Program 11111111111111111111111111111111 success
[2022-02-12T07:55:28.762477000Z DEBUG solana_program_runtime::stable_log] Program 11111111111111111111111111111111 success
[2022-02-12T07:55:28.766026000Z DEBUG solana_program_runtime::stable_log] Program 11111111111111111111111111111111 invoke [1]
[2022-02-12T07:55:28.766034000Z DEBUG solana_program_runtime::stable_log] Program 11111111111111111111111111111111 invoke [1]
[2022-02-12T07:55:28.766072000Z DEBUG solana_program_runtime::stable_log] Program 11111111111111111111111111111111 invoke [1]
[2022-02-12T07:55:28.766084000Z DEBUG solana_program_runtime::stable_log] Program 11111111111111111111111111111111 success
[2022-02-12T07:55:28.766076000Z DEBUG solana_program_runtime::stable_log] Program 11111111111111111111111111111111 success
[2022-02-12T07:55:28.766134000Z DEBUG solana_program_runtime::stable_log] Program 11111111111111111111111111111111 success
[2022-02-12T07:55:28.773867000Z DEBUG solana_program_runtime::stable_log] Program TokenkegQfeZyiNwAJbNbGKPFXCWuBvf9Ss623VQ5DA invoke [1]
[2022-02-12T07:55:28.773991000Z DEBUG solana_program_runtime::stable_log] Program TokenkegQfeZyiNwAJbNbGKPFXCWuBvf9Ss623VQ5DA invoke [1]
[2022-02-12T07:55:28.774020000Z DEBUG solana_program_runtime::stable_log] Program TokenkegQfeZyiNwAJbNbGKPFXCWuBvf9Ss623VQ5DA invoke [1]
[2022-02-12T07:55:28.774366000Z DEBUG solana_program_runtime::stable_log] Program log: Instruction: InitializeAccount
[2022-02-12T07:55:28.774506000Z DEBUG solana_program_runtime::stable_log] Program log: Instruction: InitializeAccount
[2022-02-12T07:55:28.774521000Z DEBUG solana_program_runtime::stable_log] Program log: Instruction: InitializeAccount
[2022-02-12T07:55:28.775376000Z DEBUG solana_bpf_loader_program] Program TokenkegQfeZyiNwAJbNbGKPFXCWuBvf9Ss623VQ5DA consumed 3411 of 200000 compute units
[2022-02-12T07:55:28.775439000Z DEBUG solana_program_runtime::stable_log] Program TokenkegQfeZyiNwAJbNbGKPFXCWuBvf9Ss623VQ5DA success
[2022-02-12T07:55:28.775541000Z DEBUG solana_bpf_loader_program] Program TokenkegQfeZyiNwAJbNbGKPFXCWuBvf9Ss623VQ5DA consumed 3411 of 200000 compute units
[2022-02-12T07:55:28.775555000Z DEBUG solana_bpf_loader_program] Program TokenkegQfeZyiNwAJbNbGKPFXCWuBvf9Ss623VQ5DA consumed 3411 of 200000 compute units
[2022-02-12T07:55:28.775602000Z DEBUG solana_program_runtime::stable_log] Program TokenkegQfeZyiNwAJbNbGKPFXCWuBvf9Ss623VQ5DA success
[2022-02-12T07:55:28.775613000Z DEBUG solana_program_runtime::stable_log] Program TokenkegQfeZyiNwAJbNbGKPFXCWuBvf9Ss623VQ5DA success
[2022-02-12T07:55:28.779070000Z DEBUG solana_program_runtime::stable_log] Program 11111111111111111111111111111111 invoke [1]
[2022-02-12T07:55:28.779099000Z DEBUG solana_program_runtime::stable_log] Program 11111111111111111111111111111111 invoke [1]
[2022-02-12T07:55:28.779121000Z DEBUG solana_program_runtime::stable_log] Program 11111111111111111111111111111111 success
[2022-02-12T07:55:28.779099000Z DEBUG solana_program_runtime::stable_log] Program 11111111111111111111111111111111 invoke [1]
[2022-02-12T07:55:28.779155000Z DEBUG solana_program_runtime::stable_log] Program 11111111111111111111111111111111 success
[2022-02-12T07:55:28.779190000Z DEBUG solana_program_runtime::stable_log] Program 11111111111111111111111111111111 success
[2022-02-12T07:55:28.786830000Z DEBUG solana_program_runtime::stable_log] Program TokenkegQfeZyiNwAJbNbGKPFXCWuBvf9Ss623VQ5DA invoke [1]
[2022-02-12T07:55:28.787082000Z DEBUG solana_program_runtime::stable_log] Program TokenkegQfeZyiNwAJbNbGKPFXCWuBvf9Ss623VQ5DA invoke [1]
[2022-02-12T07:55:28.787091000Z DEBUG solana_program_runtime::stable_log] Program TokenkegQfeZyiNwAJbNbGKPFXCWuBvf9Ss623VQ5DA invoke [1]
[2022-02-12T07:55:28.787323000Z DEBUG solana_program_runtime::stable_log] Program log: Instruction: InitializeAccount
[2022-02-12T07:55:28.787584000Z DEBUG solana_program_runtime::stable_log] Program log: Instruction: InitializeAccount
[2022-02-12T07:55:28.787593000Z DEBUG solana_program_runtime::stable_log] Program log: Instruction: InitializeAccount
[2022-02-12T07:55:28.788338000Z DEBUG solana_bpf_loader_program] Program TokenkegQfeZyiNwAJbNbGKPFXCWuBvf9Ss623VQ5DA consumed 3411 of 200000 compute units
[2022-02-12T07:55:28.788395000Z DEBUG solana_program_runtime::stable_log] Program TokenkegQfeZyiNwAJbNbGKPFXCWuBvf9Ss623VQ5DA success
[2022-02-12T07:55:28.788625000Z DEBUG solana_bpf_loader_program] Program TokenkegQfeZyiNwAJbNbGKPFXCWuBvf9Ss623VQ5DA consumed 3411 of 200000 compute units
[2022-02-12T07:55:28.788632000Z DEBUG solana_bpf_loader_program] Program TokenkegQfeZyiNwAJbNbGKPFXCWuBvf9Ss623VQ5DA consumed 3411 of 200000 compute units
[2022-02-12T07:55:28.788689000Z DEBUG solana_program_runtime::stable_log] Program TokenkegQfeZyiNwAJbNbGKPFXCWuBvf9Ss623VQ5DA success
[2022-02-12T07:55:28.788686000Z DEBUG solana_program_runtime::stable_log] Program TokenkegQfeZyiNwAJbNbGKPFXCWuBvf9Ss623VQ5DA success
[2022-02-12T07:55:28.792068000Z DEBUG solana_program_runtime::stable_log] Program 11111111111111111111111111111111 invoke [1]
[2022-02-12T07:55:28.792097000Z DEBUG solana_program_runtime::stable_log] Program 11111111111111111111111111111111 invoke [1]
[2022-02-12T07:55:28.792120000Z DEBUG solana_program_runtime::stable_log] Program 11111111111111111111111111111111 success
[2022-02-12T07:55:28.792096000Z DEBUG solana_program_runtime::stable_log] Program 11111111111111111111111111111111 invoke [1]
[2022-02-12T07:55:28.792155000Z DEBUG solana_program_runtime::stable_log] Program 11111111111111111111111111111111 success
[2022-02-12T07:55:28.792204000Z DEBUG solana_program_runtime::stable_log] Program 11111111111111111111111111111111 success
[2022-02-12T07:55:28.799786000Z DEBUG solana_program_runtime::stable_log] Program TokenkegQfeZyiNwAJbNbGKPFXCWuBvf9Ss623VQ5DA invoke [1]
[2022-02-12T07:55:28.800093000Z DEBUG solana_program_runtime::stable_log] Program TokenkegQfeZyiNwAJbNbGKPFXCWuBvf9Ss623VQ5DA invoke [1]
[2022-02-12T07:55:28.800098000Z DEBUG solana_program_runtime::stable_log] Program TokenkegQfeZyiNwAJbNbGKPFXCWuBvf9Ss623VQ5DA invoke [1]
[2022-02-12T07:55:28.800279000Z DEBUG solana_program_runtime::stable_log] Program log: Instruction: InitializeAccount
[2022-02-12T07:55:28.800604000Z DEBUG solana_program_runtime::stable_log] Program log: Instruction: InitializeAccount
[2022-02-12T07:55:28.800604000Z DEBUG solana_program_runtime::stable_log] Program log: Instruction: InitializeAccount
[2022-02-12T07:55:28.801290000Z DEBUG solana_bpf_loader_program] Program TokenkegQfeZyiNwAJbNbGKPFXCWuBvf9Ss623VQ5DA consumed 3411 of 200000 compute units
[2022-02-12T07:55:28.801346000Z DEBUG solana_program_runtime::stable_log] Program TokenkegQfeZyiNwAJbNbGKPFXCWuBvf9Ss623VQ5DA success
[2022-02-12T07:55:28.801668000Z DEBUG solana_bpf_loader_program] Program TokenkegQfeZyiNwAJbNbGKPFXCWuBvf9Ss623VQ5DA consumed 3411 of 200000 compute units
[2022-02-12T07:55:28.801700000Z DEBUG solana_bpf_loader_program] Program TokenkegQfeZyiNwAJbNbGKPFXCWuBvf9Ss623VQ5DA consumed 3411 of 200000 compute units
[2022-02-12T07:55:28.801729000Z DEBUG solana_program_runtime::stable_log] Program TokenkegQfeZyiNwAJbNbGKPFXCWuBvf9Ss623VQ5DA success
[2022-02-12T07:55:28.801763000Z DEBUG solana_program_runtime::stable_log] Program TokenkegQfeZyiNwAJbNbGKPFXCWuBvf9Ss623VQ5DA success
[2022-02-12T07:55:28.913468000Z DEBUG solana_program_runtime::stable_log] Program 4uQeVj5tqViQh7yWWGStvkEG1Zmhx6uasJtWCJziofM invoke [1]
[2022-02-12T07:55:28.913709000Z DEBUG solana_program_runtime::stable_log] Program CiDwVBFgWV9E5MvXWoLgnEgn2hK7rJikbvfWavzAQz3 invoke [1]
[2022-02-12T07:55:28.913719000Z DEBUG solana_program_runtime::stable_log] Program 8opHzTAnfzRpPEx21XtnrVTX28YQuCpAjcn1PczScKh invoke [1]
[2022-02-12T07:55:28.914433000Z DEBUG solana_program_runtime::stable_log] Program log: Mango: InitMangoGroup
[2022-02-12T07:55:28.914588000Z DEBUG solana_program_runtime::stable_log] Program log: Mango: InitMangoGroup
[2022-02-12T07:55:28.914607000Z DEBUG solana_program_runtime::stable_log] Program log: Mango: InitMangoGroup
[2022-02-12T07:55:28.918118000Z DEBUG solana_bpf_loader_program] Program 4uQeVj5tqViQh7yWWGStvkEG1Zmhx6uasJtWCJziofM consumed 13160 of 200000 compute units
[2022-02-12T07:55:28.918157000Z DEBUG solana_bpf_loader_program] Program CiDwVBFgWV9E5MvXWoLgnEgn2hK7rJikbvfWavzAQz3 consumed 13160 of 200000 compute units
[2022-02-12T07:55:28.918171000Z DEBUG solana_bpf_loader_program] Program 8opHzTAnfzRpPEx21XtnrVTX28YQuCpAjcn1PczScKh consumed 13160 of 200000 compute units
[2022-02-12T07:55:28.918227000Z DEBUG solana_program_runtime::stable_log] Program 4uQeVj5tqViQh7yWWGStvkEG1Zmhx6uasJtWCJziofM success
[2022-02-12T07:55:28.918244000Z DEBUG solana_program_runtime::stable_log] Program CiDwVBFgWV9E5MvXWoLgnEgn2hK7rJikbvfWavzAQz3 success
[2022-02-12T07:55:28.918266000Z DEBUG solana_program_runtime::stable_log] Program 8opHzTAnfzRpPEx21XtnrVTX28YQuCpAjcn1PczScKh success
[2022-02-12T07:55:28.924299000Z DEBUG solana_program_runtime::stable_log] Program 11111111111111111111111111111111 invoke [1]
[2022-02-12T07:55:28.924375000Z DEBUG solana_program_runtime::stable_log] Program 11111111111111111111111111111111 success
[2022-02-12T07:55:28.924373000Z DEBUG solana_program_runtime::stable_log] Program 11111111111111111111111111111111 invoke [1]
[2022-02-12T07:55:28.924373000Z DEBUG solana_program_runtime::stable_log] Program 11111111111111111111111111111111 invoke [1]
[2022-02-12T07:55:28.924450000Z DEBUG solana_program_runtime::stable_log] Program 11111111111111111111111111111111 success
[2022-02-12T07:55:28.924464000Z DEBUG solana_program_runtime::stable_log] Program 11111111111111111111111111111111 success
[2022-02-12T07:55:28.927737000Z DEBUG solana_program_runtime::stable_log] Program 11111111111111111111111111111111 invoke [1]
[2022-02-12T07:55:28.927797000Z DEBUG solana_program_runtime::stable_log] Program 11111111111111111111111111111111 success
[2022-02-12T07:55:28.931175000Z DEBUG solana_program_runtime::stable_log] Program 11111111111111111111111111111111 invoke [1]
[2022-02-12T07:55:28.931229000Z DEBUG solana_program_runtime::stable_log] Program 11111111111111111111111111111111 success
[2022-02-12T07:55:28.934142000Z DEBUG solana_program_runtime::stable_log] Program CiDwVBFgWV9E5MvXWoLgnEgn2hK7rJikbvfWavzAQz3 invoke [1]
[2022-02-12T07:55:28.934401000Z DEBUG solana_program_runtime::stable_log] Program 8opHzTAnfzRpPEx21XtnrVTX28YQuCpAjcn1PczScKh invoke [1]
[2022-02-12T07:55:28.934485000Z DEBUG solana_program_runtime::stable_log] Program log: Mango: AddOracle
[2022-02-12T07:55:28.934577000Z DEBUG solana_program_runtime::stable_log] Program log: OracleType: got unknown or stub
[2022-02-12T07:55:28.934641000Z DEBUG solana_program_runtime::stable_log] Program 11111111111111111111111111111111 invoke [1]
[2022-02-12T07:55:28.934691000Z DEBUG solana_program_runtime::stable_log] Program 11111111111111111111111111111111 success
[2022-02-12T07:55:28.934754000Z DEBUG solana_program_runtime::stable_log] Program log: Mango: AddOracle
[2022-02-12T07:55:28.934845000Z DEBUG solana_program_runtime::stable_log] Program log: OracleType: got unknown or stub
[2022-02-12T07:55:28.934918000Z DEBUG solana_bpf_loader_program] Program CiDwVBFgWV9E5MvXWoLgnEgn2hK7rJikbvfWavzAQz3 consumed 1865 of 200000 compute units
[2022-02-12T07:55:28.934983000Z DEBUG solana_program_runtime::stable_log] Program CiDwVBFgWV9E5MvXWoLgnEgn2hK7rJikbvfWavzAQz3 success
[2022-02-12T07:55:28.935200000Z DEBUG solana_bpf_loader_program] Program 8opHzTAnfzRpPEx21XtnrVTX28YQuCpAjcn1PczScKh consumed 1865 of 200000 compute units
[2022-02-12T07:55:28.935270000Z DEBUG solana_program_runtime::stable_log] Program 8opHzTAnfzRpPEx21XtnrVTX28YQuCpAjcn1PczScKh success
[2022-02-12T07:55:28.938078000Z DEBUG solana_program_runtime::stable_log] Program 11111111111111111111111111111111 invoke [1]
[2022-02-12T07:55:28.938132000Z DEBUG solana_program_runtime::stable_log] Program 11111111111111111111111111111111 success
[2022-02-12T07:55:28.938194000Z DEBUG solana_program_runtime::stable_log] Program 11111111111111111111111111111111 invoke [1]
[2022-02-12T07:55:28.938241000Z DEBUG solana_program_runtime::stable_log] Program 11111111111111111111111111111111 success
[2022-02-12T07:55:28.938267000Z DEBUG solana_program_runtime::stable_log] Program 11111111111111111111111111111111 invoke [1]
[2022-02-12T07:55:28.938318000Z DEBUG solana_program_runtime::stable_log] Program 11111111111111111111111111111111 success
[2022-02-12T07:55:28.941548000Z DEBUG solana_program_runtime::stable_log] Program 11111111111111111111111111111111 invoke [1]
[2022-02-12T07:55:28.941600000Z DEBUG solana_program_runtime::stable_log] Program 11111111111111111111111111111111 success
[2022-02-12T07:55:28.944968000Z DEBUG solana_program_runtime::stable_log] Program 11111111111111111111111111111111 invoke [1]
[2022-02-12T07:55:28.945023000Z DEBUG solana_program_runtime::stable_log] Program 11111111111111111111111111111111 success
[2022-02-12T07:55:28.948360000Z DEBUG solana_program_runtime::stable_log] Program 11111111111111111111111111111111 invoke [1]
[2022-02-12T07:55:28.948408000Z DEBUG solana_program_runtime::stable_log] Program 11111111111111111111111111111111 success
[2022-02-12T07:55:28.949094000Z DEBUG solana_program_runtime::stable_log] Program CiDwVBFgWV9E5MvXWoLgnEgn2hK7rJikbvfWavzAQz3 invoke [1]
[2022-02-12T07:55:28.949428000Z DEBUG solana_program_runtime::stable_log] Program log: Mango: InitMangoAccount DEPRECATED
[2022-02-12T07:55:28.949562000Z DEBUG solana_program_runtime::stable_log] Program 8opHzTAnfzRpPEx21XtnrVTX28YQuCpAjcn1PczScKh invoke [1]
[2022-02-12T07:55:28.949820000Z DEBUG solana_bpf_loader_program] Program CiDwVBFgWV9E5MvXWoLgnEgn2hK7rJikbvfWavzAQz3 consumed 1828 of 200000 compute units
[2022-02-12T07:55:28.949881000Z DEBUG solana_program_runtime::stable_log] Program CiDwVBFgWV9E5MvXWoLgnEgn2hK7rJikbvfWavzAQz3 success
[2022-02-12T07:55:28.949912000Z DEBUG solana_program_runtime::stable_log] Program log: Mango: InitMangoAccount DEPRECATED
[2022-02-12T07:55:28.950327000Z DEBUG solana_bpf_loader_program] Program 8opHzTAnfzRpPEx21XtnrVTX28YQuCpAjcn1PczScKh consumed 1828 of 200000 compute units
[2022-02-12T07:55:28.950393000Z DEBUG solana_program_runtime::stable_log] Program 8opHzTAnfzRpPEx21XtnrVTX28YQuCpAjcn1PczScKh success
[2022-02-12T07:55:28.951813000Z DEBUG solana_program_runtime::stable_log] Program 11111111111111111111111111111111 invoke [1]
[2022-02-12T07:55:28.951867000Z DEBUG solana_program_runtime::stable_log] Program 11111111111111111111111111111111 success
[2022-02-12T07:55:28.953347000Z DEBUG solana_program_runtime::stable_log] Program 11111111111111111111111111111111 invoke [1]
[2022-02-12T07:55:28.953398000Z DEBUG solana_program_runtime::stable_log] Program 11111111111111111111111111111111 success
[2022-02-12T07:55:28.955233000Z DEBUG solana_program_runtime::stable_log] Program 11111111111111111111111111111111 invoke [1]
[2022-02-12T07:55:28.955296000Z DEBUG solana_program_runtime::stable_log] Program 11111111111111111111111111111111 success
[2022-02-12T07:55:28.955612000Z DEBUG solana_program_runtime::stable_log] Program 11111111111111111111111111111111 invoke [1]
[2022-02-12T07:55:28.955664000Z DEBUG solana_program_runtime::stable_log] Program 11111111111111111111111111111111 success
[2022-02-12T07:55:28.958640000Z DEBUG solana_program_runtime::stable_log] Program 11111111111111111111111111111111 invoke [1]
[2022-02-12T07:55:28.958693000Z DEBUG solana_program_runtime::stable_log] Program 11111111111111111111111111111111 success
[2022-02-12T07:55:28.962049000Z DEBUG solana_program_runtime::stable_log] Program 11111111111111111111111111111111 invoke [1]
[2022-02-12T07:55:28.962099000Z DEBUG solana_program_runtime::stable_log] Program 11111111111111111111111111111111 success
[2022-02-12T07:55:28.964511000Z DEBUG solana_program_runtime::stable_log] Program CiDwVBFgWV9E5MvXWoLgnEgn2hK7rJikbvfWavzAQz3 invoke [1]
[2022-02-12T07:55:28.964856000Z DEBUG solana_program_runtime::stable_log] Program log: Mango: InitMangoAccount DEPRECATED
[2022-02-12T07:55:28.965251000Z DEBUG solana_bpf_loader_program] Program CiDwVBFgWV9E5MvXWoLgnEgn2hK7rJikbvfWavzAQz3 consumed 1828 of 200000 compute units
[2022-02-12T07:55:28.965310000Z DEBUG solana_program_runtime::stable_log] Program CiDwVBFgWV9E5MvXWoLgnEgn2hK7rJikbvfWavzAQz3 success
[2022-02-12T07:55:28.965506000Z DEBUG solana_program_runtime::stable_log] Program 11111111111111111111111111111111 invoke [1]
[2022-02-12T07:55:28.965554000Z DEBUG solana_program_runtime::stable_log] Program 11111111111111111111111111111111 success
[2022-02-12T07:55:28.966482000Z DEBUG solana_program_runtime::stable_log] Program 8opHzTAnfzRpPEx21XtnrVTX28YQuCpAjcn1PczScKh invoke [1]
[2022-02-12T07:55:28.966820000Z DEBUG solana_program_runtime::stable_log] Program log: Mango: InitMangoAccount DEPRECATED
[2022-02-12T07:55:28.967205000Z DEBUG solana_bpf_loader_program] Program 8opHzTAnfzRpPEx21XtnrVTX28YQuCpAjcn1PczScKh consumed 1828 of 200000 compute units
[2022-02-12T07:55:28.967262000Z DEBUG solana_program_runtime::stable_log] Program 8opHzTAnfzRpPEx21XtnrVTX28YQuCpAjcn1PczScKh success
[2022-02-12T07:55:28.968974000Z DEBUG solana_program_runtime::stable_log] Program 11111111111111111111111111111111 invoke [1]
[2022-02-12T07:55:28.969026000Z DEBUG solana_program_runtime::stable_log] Program 11111111111111111111111111111111 success
[2022-02-12T07:55:28.970091000Z DEBUG solana_program_runtime::stable_log] Program 11111111111111111111111111111111 invoke [1]
[2022-02-12T07:55:28.970155000Z DEBUG solana_program_runtime::stable_log] Program 11111111111111111111111111111111 success
[2022-02-12T07:55:28.972444000Z DEBUG solana_program_runtime::stable_log] Program 11111111111111111111111111111111 invoke [1]
[2022-02-12T07:55:28.972493000Z DEBUG solana_program_runtime::stable_log] Program 11111111111111111111111111111111 success
[2022-02-12T07:55:28.972514000Z DEBUG solana_program_runtime::stable_log] Program 11111111111111111111111111111111 invoke [1]
[2022-02-12T07:55:28.972563000Z DEBUG solana_program_runtime::stable_log] Program 11111111111111111111111111111111 success
[2022-02-12T07:55:28.978235000Z DEBUG solana_program_runtime::stable_log] Program TokenkegQfeZyiNwAJbNbGKPFXCWuBvf9Ss623VQ5DA invoke [1]
[2022-02-12T07:55:28.978787000Z DEBUG solana_program_runtime::stable_log] Program log: Instruction: InitializeAccount
[2022-02-12T07:55:28.979838000Z DEBUG solana_bpf_loader_program] Program TokenkegQfeZyiNwAJbNbGKPFXCWuBvf9Ss623VQ5DA consumed 3411 of 200000 compute units
[2022-02-12T07:55:28.979908000Z DEBUG solana_program_runtime::stable_log] Program TokenkegQfeZyiNwAJbNbGKPFXCWuBvf9Ss623VQ5DA success
[2022-02-12T07:55:28.980228000Z DEBUG solana_program_runtime::stable_log] Program TokenkegQfeZyiNwAJbNbGKPFXCWuBvf9Ss623VQ5DA invoke [1]
[2022-02-12T07:55:28.980737000Z DEBUG solana_program_runtime::stable_log] Program log: Instruction: InitializeAccount
[2022-02-12T07:55:28.981749000Z DEBUG solana_bpf_loader_program] Program TokenkegQfeZyiNwAJbNbGKPFXCWuBvf9Ss623VQ5DA consumed 3411 of 200000 compute units
[2022-02-12T07:55:28.981806000Z DEBUG solana_program_runtime::stable_log] Program TokenkegQfeZyiNwAJbNbGKPFXCWuBvf9Ss623VQ5DA success
[2022-02-12T07:55:28.984446000Z DEBUG solana_program_runtime::stable_log] Program 11111111111111111111111111111111 invoke [1]
[2022-02-12T07:55:28.984493000Z DEBUG solana_program_runtime::stable_log] Program 11111111111111111111111111111111 success
[2022-02-12T07:55:28.985480000Z DEBUG solana_program_runtime::stable_log] Program 11111111111111111111111111111111 invoke [1]
[2022-02-12T07:55:28.985552000Z DEBUG solana_program_runtime::stable_log] Program 11111111111111111111111111111111 success
[2022-02-12T07:55:28.987095000Z DEBUG solana_program_runtime::stable_log] Program 4uQeVj5tqViQh7yWWGStvkEG1Zmhx6uasJtWCJziofM invoke [1]
[2022-02-12T07:55:28.987442000Z DEBUG solana_program_runtime::stable_log] Program log: Mango: AddOracle
[2022-02-12T07:55:28.987531000Z DEBUG solana_program_runtime::stable_log] Program log: OracleType: got unknown or stub
[2022-02-12T07:55:28.987879000Z DEBUG solana_bpf_loader_program] Program 4uQeVj5tqViQh7yWWGStvkEG1Zmhx6uasJtWCJziofM consumed 1865 of 200000 compute units
[2022-02-12T07:55:28.987937000Z DEBUG solana_program_runtime::stable_log] Program 4uQeVj5tqViQh7yWWGStvkEG1Zmhx6uasJtWCJziofM success
[2022-02-12T07:55:28.992157000Z DEBUG solana_program_runtime::stable_log] Program TokenkegQfeZyiNwAJbNbGKPFXCWuBvf9Ss623VQ5DA invoke [1]
[2022-02-12T07:55:28.992645000Z DEBUG solana_program_runtime::stable_log] Program log: Instruction: InitializeAccount
[2022-02-12T07:55:28.993506000Z DEBUG solana_program_runtime::stable_log] Program TokenkegQfeZyiNwAJbNbGKPFXCWuBvf9Ss623VQ5DA invoke [1]
[2022-02-12T07:55:28.993647000Z DEBUG solana_bpf_loader_program] Program TokenkegQfeZyiNwAJbNbGKPFXCWuBvf9Ss623VQ5DA consumed 3411 of 200000 compute units
[2022-02-12T07:55:28.993705000Z DEBUG solana_program_runtime::stable_log] Program TokenkegQfeZyiNwAJbNbGKPFXCWuBvf9Ss623VQ5DA success
[2022-02-12T07:55:28.994009000Z DEBUG solana_program_runtime::stable_log] Program log: Instruction: InitializeAccount
[2022-02-12T07:55:28.995123000Z DEBUG solana_bpf_loader_program] Program TokenkegQfeZyiNwAJbNbGKPFXCWuBvf9Ss623VQ5DA consumed 3411 of 200000 compute units
[2022-02-12T07:55:28.995193000Z DEBUG solana_program_runtime::stable_log] Program TokenkegQfeZyiNwAJbNbGKPFXCWuBvf9Ss623VQ5DA success
[2022-02-12T07:55:28.995723000Z DEBUG solana_program_runtime::stable_log] Program 4uQeVj5tqViQh7yWWGStvkEG1Zmhx6uasJtWCJziofM invoke [1]
[2022-02-12T07:55:28.996086000Z DEBUG solana_program_runtime::stable_log] Program log: Mango: AddOracle
[2022-02-12T07:55:28.996183000Z DEBUG solana_program_runtime::stable_log] Program log: OracleType: got unknown or stub
[2022-02-12T07:55:28.996531000Z DEBUG solana_bpf_loader_program] Program 4uQeVj5tqViQh7yWWGStvkEG1Zmhx6uasJtWCJziofM consumed 1865 of 198135 compute units
[2022-02-12T07:55:28.996591000Z DEBUG solana_program_runtime::stable_log] Program 4uQeVj5tqViQh7yWWGStvkEG1Zmhx6uasJtWCJziofM success
[2022-02-12T07:55:29.003336000Z DEBUG solana_program_runtime::stable_log] Program 11111111111111111111111111111111 invoke [1]
[2022-02-12T07:55:29.003391000Z DEBUG solana_program_runtime::stable_log] Program 11111111111111111111111111111111 success
[2022-02-12T07:55:29.003446000Z DEBUG solana_program_runtime::stable_log] Program 11111111111111111111111111111111 invoke [1]
[2022-02-12T07:55:29.003489000Z DEBUG solana_program_runtime::stable_log] Program 11111111111111111111111111111111 success
[2022-02-12T07:55:29.003538000Z DEBUG solana_program_runtime::stable_log] Program 11111111111111111111111111111111 invoke [1]
[2022-02-12T07:55:29.003855000Z DEBUG solana_program_runtime::stable_log] Program 11111111111111111111111111111111 success
[2022-02-12T07:55:29.004025000Z DEBUG solana_program_runtime::stable_log] Program 4uQeVj5tqViQh7yWWGStvkEG1Zmhx6uasJtWCJziofM invoke [1]
[2022-02-12T07:55:29.004087000Z DEBUG solana_program_runtime::stable_log] Program 11111111111111111111111111111111 invoke [1]
[2022-02-12T07:55:29.004138000Z DEBUG solana_program_runtime::stable_log] Program 11111111111111111111111111111111 success
[2022-02-12T07:55:29.004197000Z DEBUG solana_program_runtime::stable_log] Program 11111111111111111111111111111111 invoke [1]
[2022-02-12T07:55:29.004242000Z DEBUG solana_program_runtime::stable_log] Program 11111111111111111111111111111111 success
[2022-02-12T07:55:29.004348000Z DEBUG solana_program_runtime::stable_log] Program log: Mango: AddOracle
[2022-02-12T07:55:29.004435000Z DEBUG solana_program_runtime::stable_log] Program log: OracleType: got unknown or stub
[2022-02-12T07:55:29.004828000Z DEBUG solana_bpf_loader_program] Program 4uQeVj5tqViQh7yWWGStvkEG1Zmhx6uasJtWCJziofM consumed 1865 of 196270 compute units
[2022-02-12T07:55:29.004901000Z DEBUG solana_program_runtime::stable_log] Program 4uQeVj5tqViQh7yWWGStvkEG1Zmhx6uasJtWCJziofM success
[2022-02-12T07:55:29.005590000Z DEBUG solana_program_runtime::stable_log] Program 11111111111111111111111111111111 invoke [1]
[2022-02-12T07:55:29.005638000Z DEBUG solana_program_runtime::stable_log] Program 11111111111111111111111111111111 success
[2022-02-12T07:55:29.005687000Z DEBUG solana_program_runtime::stable_log] Program 11111111111111111111111111111111 invoke [1]
[2022-02-12T07:55:29.005731000Z DEBUG solana_program_runtime::stable_log] Program 11111111111111111111111111111111 success
[2022-02-12T07:55:29.005778000Z DEBUG solana_program_runtime::stable_log] Program 11111111111111111111111111111111 invoke [1]
[2022-02-12T07:55:29.005845000Z DEBUG solana_program_runtime::stable_log] Program 11111111111111111111111111111111 success
[2022-02-12T07:55:29.006065000Z DEBUG solana_program_runtime::stable_log] Program 11111111111111111111111111111111 invoke [1]
[2022-02-12T07:55:29.006108000Z DEBUG solana_program_runtime::stable_log] Program 11111111111111111111111111111111 success
[2022-02-12T07:55:29.006166000Z DEBUG solana_program_runtime::stable_log] Program 11111111111111111111111111111111 invoke [1]
[2022-02-12T07:55:29.006219000Z DEBUG solana_program_runtime::stable_log] Program 11111111111111111111111111111111 success
[2022-02-12T07:55:29.012815000Z DEBUG solana_program_runtime::stable_log] Program 4uQeVj5tqViQh7yWWGStvkEG1Zmhx6uasJtWCJziofM invoke [1]
[2022-02-12T07:55:29.013188000Z DEBUG solana_program_runtime::stable_log] Program log: Mango: AddOracle
[2022-02-12T07:55:29.013321000Z DEBUG solana_program_runtime::stable_log] Program log: OracleType: got unknown or stub
[2022-02-12T07:55:29.013700000Z DEBUG solana_bpf_loader_program] Program 4uQeVj5tqViQh7yWWGStvkEG1Zmhx6uasJtWCJziofM consumed 1865 of 194405 compute units
[2022-02-12T07:55:29.013766000Z DEBUG solana_program_runtime::stable_log] Program 4uQeVj5tqViQh7yWWGStvkEG1Zmhx6uasJtWCJziofM success
[2022-02-12T07:55:29.021622000Z DEBUG solana_program_runtime::stable_log] Program 4uQeVj5tqViQh7yWWGStvkEG1Zmhx6uasJtWCJziofM invoke [1]
[2022-02-12T07:55:29.021948000Z DEBUG solana_program_runtime::stable_log] Program log: Mango: AddOracle
[2022-02-12T07:55:29.022033000Z DEBUG solana_program_runtime::stable_log] Program log: OracleType: got unknown or stub
[2022-02-12T07:55:29.022362000Z DEBUG solana_bpf_loader_program] Program 4uQeVj5tqViQh7yWWGStvkEG1Zmhx6uasJtWCJziofM consumed 1865 of 192540 compute units
[2022-02-12T07:55:29.022417000Z DEBUG solana_program_runtime::stable_log] Program 4uQeVj5tqViQh7yWWGStvkEG1Zmhx6uasJtWCJziofM success
[2022-02-12T07:55:29.030081000Z DEBUG solana_program_runtime::stable_log] Program 4uQeVj5tqViQh7yWWGStvkEG1Zmhx6uasJtWCJziofM invoke [1]
[2022-02-12T07:55:29.030440000Z DEBUG solana_program_runtime::stable_log] Program log: Mango: AddOracle
[2022-02-12T07:55:29.030537000Z DEBUG solana_program_runtime::stable_log] Program log: OracleType: got unknown or stub
[2022-02-12T07:55:29.030897000Z DEBUG solana_bpf_loader_program] Program 4uQeVj5tqViQh7yWWGStvkEG1Zmhx6uasJtWCJziofM consumed 1865 of 190675 compute units
[2022-02-12T07:55:29.030957000Z DEBUG solana_program_runtime::stable_log] Program 4uQeVj5tqViQh7yWWGStvkEG1Zmhx6uasJtWCJziofM success
[2022-02-12T07:55:29.038620000Z DEBUG solana_program_runtime::stable_log] Program 4uQeVj5tqViQh7yWWGStvkEG1Zmhx6uasJtWCJziofM invoke [1]
[2022-02-12T07:55:29.038956000Z DEBUG solana_program_runtime::stable_log] Program log: Mango: AddOracle
[2022-02-12T07:55:29.039040000Z DEBUG solana_program_runtime::stable_log] Program log: OracleType: got unknown or stub
[2022-02-12T07:55:29.039368000Z DEBUG solana_bpf_loader_program] Program 4uQeVj5tqViQh7yWWGStvkEG1Zmhx6uasJtWCJziofM consumed 1865 of 188810 compute units
[2022-02-12T07:55:29.039424000Z DEBUG solana_program_runtime::stable_log] Program 4uQeVj5tqViQh7yWWGStvkEG1Zmhx6uasJtWCJziofM success
[2022-02-12T07:55:29.042347000Z DEBUG solana_program_runtime::stable_log] Program QRSsyMWN1yHT9ir42bgNZUNZ4PdEhcSWCrL2AryKpy5 invoke [1]
[2022-02-12T07:55:29.044229000Z DEBUG solana_program_runtime::stable_log] Program GcdayuLaLyrdmUu324nahyv33G5poQdLUEZ1nEytDeP invoke [1]
[2022-02-12T07:55:29.047186000Z DEBUG solana_program_runtime::stable_log] Program 4uQeVj5tqViQh7yWWGStvkEG1Zmhx6uasJtWCJziofM invoke [1]
[2022-02-12T07:55:29.047521000Z DEBUG solana_program_runtime::stable_log] Program log: Mango: AddOracle
[2022-02-12T07:55:29.047615000Z DEBUG solana_program_runtime::stable_log] Program log: OracleType: got unknown or stub
[2022-02-12T07:55:29.047658000Z DEBUG solana_bpf_loader_program] Program QRSsyMWN1yHT9ir42bgNZUNZ4PdEhcSWCrL2AryKpy5 consumed 13668 of 200000 compute units
[2022-02-12T07:55:29.047966000Z DEBUG solana_bpf_loader_program] Program 4uQeVj5tqViQh7yWWGStvkEG1Zmhx6uasJtWCJziofM consumed 1865 of 186945 compute units
[2022-02-12T07:55:29.048024000Z DEBUG solana_program_runtime::stable_log] Program 4uQeVj5tqViQh7yWWGStvkEG1Zmhx6uasJtWCJziofM success
[2022-02-12T07:55:29.048027000Z DEBUG solana_program_runtime::stable_log] Program QRSsyMWN1yHT9ir42bgNZUNZ4PdEhcSWCrL2AryKpy5 success
[2022-02-12T07:55:29.049480000Z DEBUG solana_bpf_loader_program] Program GcdayuLaLyrdmUu324nahyv33G5poQdLUEZ1nEytDeP consumed 13654 of 200000 compute units
[2022-02-12T07:55:29.049609000Z DEBUG solana_program_runtime::stable_log] Program GcdayuLaLyrdmUu324nahyv33G5poQdLUEZ1nEytDeP success
[2022-02-12T07:55:29.055781000Z DEBUG solana_program_runtime::stable_log] Program 4uQeVj5tqViQh7yWWGStvkEG1Zmhx6uasJtWCJziofM invoke [1]
[2022-02-12T07:55:29.056134000Z DEBUG solana_program_runtime::stable_log] Program log: Mango: AddOracle
[2022-02-12T07:55:29.056170000Z DEBUG solana_program_runtime::stable_log] Program 11111111111111111111111111111111 invoke [1]
[2022-02-12T07:55:29.056223000Z DEBUG solana_program_runtime::stable_log] Program log: OracleType: got unknown or stub
[2022-02-12T07:55:29.056238000Z DEBUG solana_program_runtime::stable_log] Program 11111111111111111111111111111111 success
[2022-02-12T07:55:29.056236000Z DEBUG solana_program_runtime::stable_log] Program 11111111111111111111111111111111 invoke [1]
[2022-02-12T07:55:29.056318000Z DEBUG solana_program_runtime::stable_log] Program 11111111111111111111111111111111 success
[2022-02-12T07:55:29.056567000Z DEBUG solana_bpf_loader_program] Program 4uQeVj5tqViQh7yWWGStvkEG1Zmhx6uasJtWCJziofM consumed 1865 of 185080 compute units
[2022-02-12T07:55:29.056631000Z DEBUG solana_program_runtime::stable_log] Program 4uQeVj5tqViQh7yWWGStvkEG1Zmhx6uasJtWCJziofM success
[2022-02-12T07:55:29.064000000Z DEBUG solana_program_runtime::stable_log] Program TokenkegQfeZyiNwAJbNbGKPFXCWuBvf9Ss623VQ5DA invoke [1]
[2022-02-12T07:55:29.064151000Z DEBUG solana_program_runtime::stable_log] Program TokenkegQfeZyiNwAJbNbGKPFXCWuBvf9Ss623VQ5DA invoke [1]
[2022-02-12T07:55:29.064354000Z DEBUG solana_program_runtime::stable_log] Program 4uQeVj5tqViQh7yWWGStvkEG1Zmhx6uasJtWCJziofM invoke [1]
[2022-02-12T07:55:29.064485000Z DEBUG solana_program_runtime::stable_log] Program log: Instruction: InitializeAccount
[2022-02-12T07:55:29.064669000Z DEBUG solana_program_runtime::stable_log] Program log: Instruction: InitializeAccount
[2022-02-12T07:55:29.064685000Z DEBUG solana_program_runtime::stable_log] Program log: Mango: AddOracle
[2022-02-12T07:55:29.064776000Z DEBUG solana_program_runtime::stable_log] Program log: OracleType: got unknown or stub
[2022-02-12T07:55:29.065125000Z DEBUG solana_bpf_loader_program] Program 4uQeVj5tqViQh7yWWGStvkEG1Zmhx6uasJtWCJziofM consumed 1865 of 183215 compute units
[2022-02-12T07:55:29.065186000Z DEBUG solana_program_runtime::stable_log] Program 4uQeVj5tqViQh7yWWGStvkEG1Zmhx6uasJtWCJziofM success
[2022-02-12T07:55:29.065494000Z DEBUG solana_bpf_loader_program] Program TokenkegQfeZyiNwAJbNbGKPFXCWuBvf9Ss623VQ5DA consumed 3411 of 200000 compute units
[2022-02-12T07:55:29.065555000Z DEBUG solana_program_runtime::stable_log] Program TokenkegQfeZyiNwAJbNbGKPFXCWuBvf9Ss623VQ5DA success
[2022-02-12T07:55:29.065711000Z DEBUG solana_bpf_loader_program] Program TokenkegQfeZyiNwAJbNbGKPFXCWuBvf9Ss623VQ5DA consumed 3411 of 200000 compute units
[2022-02-12T07:55:29.065776000Z DEBUG solana_program_runtime::stable_log] Program TokenkegQfeZyiNwAJbNbGKPFXCWuBvf9Ss623VQ5DA success
[2022-02-12T07:55:29.068765000Z DEBUG solana_program_runtime::stable_log] Program 11111111111111111111111111111111 invoke [1]
[2022-02-12T07:55:29.068775000Z DEBUG solana_program_runtime::stable_log] Program 11111111111111111111111111111111 invoke [1]
[2022-02-12T07:55:29.068821000Z DEBUG solana_program_runtime::stable_log] Program 11111111111111111111111111111111 success
[2022-02-12T07:55:29.068838000Z DEBUG solana_program_runtime::stable_log] Program 11111111111111111111111111111111 success
[2022-02-12T07:55:29.072219000Z DEBUG solana_program_runtime::stable_log] Program 11111111111111111111111111111111 invoke [1]
[2022-02-12T07:55:29.072244000Z DEBUG solana_program_runtime::stable_log] Program 11111111111111111111111111111111 invoke [1]
[2022-02-12T07:55:29.072270000Z DEBUG solana_program_runtime::stable_log] Program 11111111111111111111111111111111 success
[2022-02-12T07:55:29.072300000Z DEBUG solana_program_runtime::stable_log] Program 11111111111111111111111111111111 success
[2022-02-12T07:55:29.073040000Z DEBUG solana_program_runtime::stable_log] Program 4uQeVj5tqViQh7yWWGStvkEG1Zmhx6uasJtWCJziofM invoke [1]
[2022-02-12T07:55:29.073386000Z DEBUG solana_program_runtime::stable_log] Program log: Mango: AddOracle
[2022-02-12T07:55:29.073476000Z DEBUG solana_program_runtime::stable_log] Program log: OracleType: got unknown or stub
[2022-02-12T07:55:29.073834000Z DEBUG solana_bpf_loader_program] Program 4uQeVj5tqViQh7yWWGStvkEG1Zmhx6uasJtWCJziofM consumed 1865 of 181350 compute units
[2022-02-12T07:55:29.073894000Z DEBUG solana_program_runtime::stable_log] Program 4uQeVj5tqViQh7yWWGStvkEG1Zmhx6uasJtWCJziofM success
[2022-02-12T07:55:29.081612000Z DEBUG solana_program_runtime::stable_log] Program 4uQeVj5tqViQh7yWWGStvkEG1Zmhx6uasJtWCJziofM invoke [1]
[2022-02-12T07:55:29.081944000Z DEBUG solana_program_runtime::stable_log] Program log: Mango: AddOracle
[2022-02-12T07:55:29.082030000Z DEBUG solana_program_runtime::stable_log] Program log: OracleType: got unknown or stub
[2022-02-12T07:55:29.082366000Z DEBUG solana_bpf_loader_program] Program 4uQeVj5tqViQh7yWWGStvkEG1Zmhx6uasJtWCJziofM consumed 1865 of 179485 compute units
[2022-02-12T07:55:29.082427000Z DEBUG solana_program_runtime::stable_log] Program 4uQeVj5tqViQh7yWWGStvkEG1Zmhx6uasJtWCJziofM success
[2022-02-12T07:55:29.083903000Z DEBUG solana_program_runtime::stable_log] Program CiDwVBFgWV9E5MvXWoLgnEgn2hK7rJikbvfWavzAQz3 invoke [1]
[2022-02-12T07:55:29.084263000Z DEBUG solana_program_runtime::stable_log] Program 8opHzTAnfzRpPEx21XtnrVTX28YQuCpAjcn1PczScKh invoke [1]
[2022-02-12T07:55:29.084604000Z DEBUG solana_program_runtime::stable_log] Program log: Mango: AddSpotMarket
[2022-02-12T07:55:29.085000000Z DEBUG solana_program_runtime::stable_log] Program log: Mango: AddSpotMarket
[2022-02-12T07:55:29.090251000Z DEBUG solana_program_runtime::stable_log] Program 4uQeVj5tqViQh7yWWGStvkEG1Zmhx6uasJtWCJziofM invoke [1]
[2022-02-12T07:55:29.090589000Z DEBUG solana_program_runtime::stable_log] Program log: Mango: AddOracle
[2022-02-12T07:55:29.090677000Z DEBUG solana_program_runtime::stable_log] Program log: OracleType: got unknown or stub
[2022-02-12T07:55:29.090996000Z DEBUG solana_bpf_loader_program] Program CiDwVBFgWV9E5MvXWoLgnEgn2hK7rJikbvfWavzAQz3 consumed 20512 of 200000 compute units
[2022-02-12T07:55:29.091023000Z DEBUG solana_bpf_loader_program] Program 4uQeVj5tqViQh7yWWGStvkEG1Zmhx6uasJtWCJziofM consumed 1865 of 177620 compute units
[2022-02-12T07:55:29.091077000Z DEBUG solana_program_runtime::stable_log] Program 4uQeVj5tqViQh7yWWGStvkEG1Zmhx6uasJtWCJziofM success
[2022-02-12T07:55:29.091085000Z DEBUG solana_program_runtime::stable_log] Program CiDwVBFgWV9E5MvXWoLgnEgn2hK7rJikbvfWavzAQz3 success
[2022-02-12T07:55:29.091329000Z DEBUG solana_bpf_loader_program] Program 8opHzTAnfzRpPEx21XtnrVTX28YQuCpAjcn1PczScKh consumed 20512 of 200000 compute units
[2022-02-12T07:55:29.091414000Z DEBUG solana_program_runtime::stable_log] Program 8opHzTAnfzRpPEx21XtnrVTX28YQuCpAjcn1PczScKh success
[2022-02-12T07:55:29.094613000Z DEBUG solana_program_runtime::stable_log] Program 11111111111111111111111111111111 invoke [1]
[2022-02-12T07:55:29.094668000Z DEBUG solana_program_runtime::stable_log] Program 11111111111111111111111111111111 success
[2022-02-12T07:55:29.094835000Z DEBUG solana_program_runtime::stable_log] Program 11111111111111111111111111111111 invoke [1]
[2022-02-12T07:55:29.094896000Z DEBUG solana_program_runtime::stable_log] Program 11111111111111111111111111111111 success
[2022-02-12T07:55:29.098040000Z DEBUG solana_program_runtime::stable_log] Program 11111111111111111111111111111111 invoke [1]
[2022-02-12T07:55:29.098092000Z DEBUG solana_program_runtime::stable_log] Program 11111111111111111111111111111111 success
[2022-02-12T07:55:29.098376000Z DEBUG solana_program_runtime::stable_log] Program 11111111111111111111111111111111 invoke [1]
[2022-02-12T07:55:29.098432000Z DEBUG solana_program_runtime::stable_log] Program 11111111111111111111111111111111 success
[2022-02-12T07:55:29.098867000Z DEBUG solana_program_runtime::stable_log] Program 4uQeVj5tqViQh7yWWGStvkEG1Zmhx6uasJtWCJziofM invoke [1]
[2022-02-12T07:55:29.099206000Z DEBUG solana_program_runtime::stable_log] Program log: Mango: AddOracle
[2022-02-12T07:55:29.099293000Z DEBUG solana_program_runtime::stable_log] Program log: OracleType: got unknown or stub
[2022-02-12T07:55:29.099648000Z DEBUG solana_bpf_loader_program] Program 4uQeVj5tqViQh7yWWGStvkEG1Zmhx6uasJtWCJziofM consumed 1865 of 175755 compute units
[2022-02-12T07:55:29.099706000Z DEBUG solana_program_runtime::stable_log] Program 4uQeVj5tqViQh7yWWGStvkEG1Zmhx6uasJtWCJziofM success
[2022-02-12T07:55:29.101617000Z DEBUG solana_program_runtime::stable_log] Program 11111111111111111111111111111111 invoke [1]
[2022-02-12T07:55:29.101669000Z DEBUG solana_program_runtime::stable_log] Program 11111111111111111111111111111111 success
[2022-02-12T07:55:29.101874000Z DEBUG solana_program_runtime::stable_log] Program 11111111111111111111111111111111 invoke [1]
[2022-02-12T07:55:29.101927000Z DEBUG solana_program_runtime::stable_log] Program 11111111111111111111111111111111 success
[2022-02-12T07:55:29.105081000Z DEBUG solana_program_runtime::stable_log] Program 11111111111111111111111111111111 invoke [1]
[2022-02-12T07:55:29.105136000Z DEBUG solana_program_runtime::stable_log] Program 11111111111111111111111111111111 success
[2022-02-12T07:55:29.106447000Z DEBUG solana_program_runtime::stable_log] Program 11111111111111111111111111111111 invoke [1]
[2022-02-12T07:55:29.106495000Z DEBUG solana_program_runtime::stable_log] Program 11111111111111111111111111111111 success
[2022-02-12T07:55:29.107569000Z DEBUG solana_program_runtime::stable_log] Program 4uQeVj5tqViQh7yWWGStvkEG1Zmhx6uasJtWCJziofM invoke [1]
[2022-02-12T07:55:29.107913000Z DEBUG solana_program_runtime::stable_log] Program log: Mango: AddOracle
[2022-02-12T07:55:29.108002000Z DEBUG solana_program_runtime::stable_log] Program log: OracleType: got unknown or stub
[2022-02-12T07:55:29.108340000Z DEBUG solana_bpf_loader_program] Program 4uQeVj5tqViQh7yWWGStvkEG1Zmhx6uasJtWCJziofM consumed 1865 of 173890 compute units
[2022-02-12T07:55:29.108398000Z DEBUG solana_program_runtime::stable_log] Program 4uQeVj5tqViQh7yWWGStvkEG1Zmhx6uasJtWCJziofM success
[2022-02-12T07:55:29.108765000Z DEBUG solana_program_runtime::stable_log] Program 11111111111111111111111111111111 invoke [1]
[2022-02-12T07:55:29.108813000Z DEBUG solana_program_runtime::stable_log] Program 11111111111111111111111111111111 success
[2022-02-12T07:55:29.110098000Z DEBUG solana_program_runtime::stable_log] Program 11111111111111111111111111111111 invoke [1]
[2022-02-12T07:55:29.110146000Z DEBUG solana_program_runtime::stable_log] Program 11111111111111111111111111111111 success
[2022-02-12T07:55:29.112130000Z DEBUG solana_program_runtime::stable_log] Program 11111111111111111111111111111111 invoke [1]
[2022-02-12T07:55:29.112180000Z DEBUG solana_program_runtime::stable_log] Program 11111111111111111111111111111111 success
[2022-02-12T07:55:29.115699000Z DEBUG solana_program_runtime::stable_log] Program 11111111111111111111111111111111 invoke [1]
[2022-02-12T07:55:29.115751000Z DEBUG solana_program_runtime::stable_log] Program 11111111111111111111111111111111 success
[2022-02-12T07:55:29.116925000Z DEBUG solana_program_runtime::stable_log] Program TokenkegQfeZyiNwAJbNbGKPFXCWuBvf9Ss623VQ5DA invoke [1]
[2022-02-12T07:55:29.117434000Z DEBUG solana_program_runtime::stable_log] Program log: Instruction: InitializeAccount
[2022-02-12T07:55:29.118245000Z DEBUG solana_program_runtime::stable_log] Program TokenkegQfeZyiNwAJbNbGKPFXCWuBvf9Ss623VQ5DA invoke [1]
[2022-02-12T07:55:29.118484000Z DEBUG solana_bpf_loader_program] Program TokenkegQfeZyiNwAJbNbGKPFXCWuBvf9Ss623VQ5DA consumed 3411 of 200000 compute units
[2022-02-12T07:55:29.118540000Z DEBUG solana_program_runtime::stable_log] Program TokenkegQfeZyiNwAJbNbGKPFXCWuBvf9Ss623VQ5DA success
[2022-02-12T07:55:29.118754000Z DEBUG solana_program_runtime::stable_log] Program log: Instruction: InitializeAccount
[2022-02-12T07:55:29.118983000Z DEBUG solana_program_runtime::stable_log] Program 11111111111111111111111111111111 invoke [1]
[2022-02-12T07:55:29.119047000Z DEBUG solana_program_runtime::stable_log] Program 11111111111111111111111111111111 success
[2022-02-12T07:55:29.119828000Z DEBUG solana_bpf_loader_program] Program TokenkegQfeZyiNwAJbNbGKPFXCWuBvf9Ss623VQ5DA consumed 3411 of 200000 compute units
[2022-02-12T07:55:29.119888000Z DEBUG solana_program_runtime::stable_log] Program TokenkegQfeZyiNwAJbNbGKPFXCWuBvf9Ss623VQ5DA success
[2022-02-12T07:55:29.122453000Z DEBUG solana_program_runtime::stable_log] Program 11111111111111111111111111111111 invoke [1]
[2022-02-12T07:55:29.122520000Z DEBUG solana_program_runtime::stable_log] Program 11111111111111111111111111111111 success
[2022-02-12T07:55:29.126154000Z DEBUG solana_program_runtime::stable_log] Program 11111111111111111111111111111111 invoke [1]
[2022-02-12T07:55:29.126218000Z DEBUG solana_program_runtime::stable_log] Program 11111111111111111111111111111111 success
[2022-02-12T07:55:29.129798000Z DEBUG solana_program_runtime::stable_log] Program CiDwVBFgWV9E5MvXWoLgnEgn2hK7rJikbvfWavzAQz3 invoke [1]
[2022-02-12T07:55:29.130477000Z DEBUG solana_program_runtime::stable_log] Program log: Mango: AddPerpMarket DEPRECATED
[2022-02-12T07:55:29.131108000Z DEBUG solana_program_runtime::stable_log] Program 8opHzTAnfzRpPEx21XtnrVTX28YQuCpAjcn1PczScKh invoke [1]
[2022-02-12T07:55:29.131763000Z DEBUG solana_program_runtime::stable_log] Program log: Mango: AddPerpMarket DEPRECATED
[2022-02-12T07:55:29.134045000Z DEBUG solana_program_runtime::stable_log] Program TokenkegQfeZyiNwAJbNbGKPFXCWuBvf9Ss623VQ5DA invoke [1]
[2022-02-12T07:55:29.134548000Z DEBUG solana_program_runtime::stable_log] Program log: Instruction: InitializeAccount
[2022-02-12T07:55:29.135559000Z DEBUG solana_bpf_loader_program] Program TokenkegQfeZyiNwAJbNbGKPFXCWuBvf9Ss623VQ5DA consumed 3411 of 200000 compute units
[2022-02-12T07:55:29.135620000Z DEBUG solana_program_runtime::stable_log] Program TokenkegQfeZyiNwAJbNbGKPFXCWuBvf9Ss623VQ5DA success
[2022-02-12T07:55:29.136828000Z DEBUG solana_bpf_loader_program] Program CiDwVBFgWV9E5MvXWoLgnEgn2hK7rJikbvfWavzAQz3 consumed 20524 of 200000 compute units
[2022-02-12T07:55:29.136929000Z DEBUG solana_program_runtime::stable_log] Program CiDwVBFgWV9E5MvXWoLgnEgn2hK7rJikbvfWavzAQz3 success
[2022-02-12T07:55:29.138089000Z DEBUG solana_bpf_loader_program] Program 8opHzTAnfzRpPEx21XtnrVTX28YQuCpAjcn1PczScKh consumed 20524 of 200000 compute units
[2022-02-12T07:55:29.138173000Z DEBUG solana_program_runtime::stable_log] Program 8opHzTAnfzRpPEx21XtnrVTX28YQuCpAjcn1PczScKh success
[2022-02-12T07:55:29.147472000Z DEBUG solana_program_runtime::stable_log] Program 4uQeVj5tqViQh7yWWGStvkEG1Zmhx6uasJtWCJziofM invoke [1]
[2022-02-12T07:55:29.148149000Z DEBUG solana_program_runtime::stable_log] Program log: Mango: AddPerpMarket DEPRECATED
[2022-02-12T07:55:29.148550000Z DEBUG solana_program_runtime::stable_log] Program 8opHzTAnfzRpPEx21XtnrVTX28YQuCpAjcn1PczScKh invoke [1]
[2022-02-12T07:55:29.148899000Z DEBUG solana_program_runtime::stable_log] Program log: Mango: SetOracle
[2022-02-12T07:55:29.148943000Z DEBUG solana_program_runtime::stable_log] Program CiDwVBFgWV9E5MvXWoLgnEgn2hK7rJikbvfWavzAQz3 invoke [1]
[2022-02-12T07:55:29.149185000Z DEBUG solana_bpf_loader_program] Program 8opHzTAnfzRpPEx21XtnrVTX28YQuCpAjcn1PczScKh consumed 1550 of 200000 compute units
[2022-02-12T07:55:29.149245000Z DEBUG solana_program_runtime::stable_log] Program 8opHzTAnfzRpPEx21XtnrVTX28YQuCpAjcn1PczScKh success
[2022-02-12T07:55:29.149288000Z DEBUG solana_program_runtime::stable_log] Program log: Mango: SetOracle
[2022-02-12T07:55:29.149587000Z DEBUG solana_bpf_loader_program] Program CiDwVBFgWV9E5MvXWoLgnEgn2hK7rJikbvfWavzAQz3 consumed 1550 of 200000 compute units
[2022-02-12T07:55:29.149648000Z DEBUG solana_program_runtime::stable_log] Program CiDwVBFgWV9E5MvXWoLgnEgn2hK7rJikbvfWavzAQz3 success
[2022-02-12T07:55:29.154402000Z DEBUG solana_bpf_loader_program] Program 4uQeVj5tqViQh7yWWGStvkEG1Zmhx6uasJtWCJziofM consumed 20539 of 200000 compute units
[2022-02-12T07:55:29.154483000Z DEBUG solana_program_runtime::stable_log] Program 4uQeVj5tqViQh7yWWGStvkEG1Zmhx6uasJtWCJziofM success
[2022-02-12T07:55:29.159346000Z DEBUG solana_program_runtime::stable_log] Program 11111111111111111111111111111111 invoke [1]
[2022-02-12T07:55:29.159412000Z DEBUG solana_program_runtime::stable_log] Program 11111111111111111111111111111111 success
[2022-02-12T07:55:29.162845000Z DEBUG solana_program_runtime::stable_log] Program 11111111111111111111111111111111 invoke [1]
[2022-02-12T07:55:29.162899000Z DEBUG solana_program_runtime::stable_log] Program 11111111111111111111111111111111 success
[2022-02-12T07:55:29.166446000Z DEBUG solana_program_runtime::stable_log] Program 11111111111111111111111111111111 invoke [1]
[2022-02-12T07:55:29.166529000Z DEBUG solana_program_runtime::stable_log] Program 11111111111111111111111111111111 success
[2022-02-12T07:55:29.171106000Z DEBUG solana_program_runtime::stable_log] Program 11111111111111111111111111111111 invoke [1]
[2022-02-12T07:55:29.171200000Z DEBUG solana_program_runtime::stable_log] Program 11111111111111111111111111111111 success
[2022-02-12T07:55:29.176033000Z DEBUG solana_program_runtime::stable_log] Program 11111111111111111111111111111111 invoke [1]
[2022-02-12T07:55:29.176080000Z DEBUG solana_program_runtime::stable_log] Program 11111111111111111111111111111111 success
[2022-02-12T07:55:29.179924000Z DEBUG solana_program_runtime::stable_log] Program CiDwVBFgWV9E5MvXWoLgnEgn2hK7rJikbvfWavzAQz3 invoke [1]
[2022-02-12T07:55:29.180303000Z DEBUG solana_program_runtime::stable_log] Program log: Mango: CachePrices
[2022-02-12T07:55:29.180578000Z DEBUG solana_program_runtime::stable_log] Program 8opHzTAnfzRpPEx21XtnrVTX28YQuCpAjcn1PczScKh invoke [1]
[2022-02-12T07:55:29.180644000Z DEBUG solana_program_runtime::stable_log] Program log: mango-log
[2022-02-12T07:55:29.180917000Z DEBUG solana_program_runtime::stable_log] Program log: Mango: CachePrices
[2022-02-12T07:55:29.181252000Z DEBUG solana_program_runtime::stable_log] Program log: mango-log
[2022-02-12T07:55:29.181263000Z DEBUG solana_program_runtime::stable_log] Program log: ux0uSxX5tBsdpNUxIB4ST9NBwJC0EN1WUMF4EQKQvB+DdrD9MegGRAEAAAAAAAAAAAAAAAEAAAAAAAAAAAAQJwAAAAAAAAAA
[2022-02-12T07:55:29.181372000Z DEBUG solana_bpf_loader_program] Program CiDwVBFgWV9E5MvXWoLgnEgn2hK7rJikbvfWavzAQz3 consumed 3669 of 200000 compute units
[2022-02-12T07:55:29.181439000Z DEBUG solana_program_runtime::stable_log] Program CiDwVBFgWV9E5MvXWoLgnEgn2hK7rJikbvfWavzAQz3 success
[2022-02-12T07:55:29.181874000Z DEBUG solana_program_runtime::stable_log] Program log: ux0uSxX5tBtCw2BADXVkafMRnkycA784OHtZyLJJ1JSJzs6sevD1MgEAAAAAAAAAAAAAAAEAAAAAAAAAAAAQJwAAAAAAAAAA
[2022-02-12T07:55:29.181984000Z DEBUG solana_bpf_loader_program] Program 8opHzTAnfzRpPEx21XtnrVTX28YQuCpAjcn1PczScKh consumed 3669 of 200000 compute units
[2022-02-12T07:55:29.182040000Z DEBUG solana_program_runtime::stable_log] Program 8opHzTAnfzRpPEx21XtnrVTX28YQuCpAjcn1PczScKh success
[2022-02-12T07:55:29.183778000Z DEBUG solana_program_runtime::stable_log] Program TokenkegQfeZyiNwAJbNbGKPFXCWuBvf9Ss623VQ5DA invoke [1]
[2022-02-12T07:55:29.184286000Z DEBUG solana_program_runtime::stable_log] Program log: Instruction: InitializeAccount
[2022-02-12T07:55:29.185291000Z DEBUG solana_bpf_loader_program] Program TokenkegQfeZyiNwAJbNbGKPFXCWuBvf9Ss623VQ5DA consumed 3411 of 200000 compute units
[2022-02-12T07:55:29.185352000Z DEBUG solana_program_runtime::stable_log] Program TokenkegQfeZyiNwAJbNbGKPFXCWuBvf9Ss623VQ5DA success
[2022-02-12T07:55:29.192148000Z DEBUG solana_program_runtime::stable_log] Program CiDwVBFgWV9E5MvXWoLgnEgn2hK7rJikbvfWavzAQz3 invoke [1]
[2022-02-12T07:55:29.192558000Z DEBUG solana_program_runtime::stable_log] Program log: Mango: UpdateRootBank
[2022-02-12T07:55:29.192854000Z DEBUG solana_program_runtime::stable_log] Program 8opHzTAnfzRpPEx21XtnrVTX28YQuCpAjcn1PczScKh invoke [1]
[2022-02-12T07:55:29.193244000Z DEBUG solana_program_runtime::stable_log] Program log: Mango: UpdateRootBank
[2022-02-12T07:55:29.194364000Z DEBUG solana_program_runtime::stable_log] Program log: mango-log
[2022-02-12T07:55:29.194979000Z DEBUG solana_program_runtime::stable_log] Program log: 8HmBNKTUaLgdpNUxIB4ST9NBwJC0EN1WUMF4EQKQvB+DdrD9MegGRAAAAAAAAAAAAAAAAAAAQEIPAAAAAAAAAAAAAAAAAEBCDwAAAAAAAAA=
[2022-02-12T07:55:29.195050000Z DEBUG solana_program_runtime::stable_log] Program log: mango-log
[2022-02-12T07:55:29.195105000Z DEBUG solana_bpf_loader_program] Program CiDwVBFgWV9E5MvXWoLgnEgn2hK7rJikbvfWavzAQz3 consumed 8523 of 200000 compute units
[2022-02-12T07:55:29.195163000Z DEBUG solana_program_runtime::stable_log] Program CiDwVBFgWV9E5MvXWoLgnEgn2hK7rJikbvfWavzAQz3 success
[2022-02-12T07:55:29.195700000Z DEBUG solana_program_runtime::stable_log] Program log: 8HmBNKTUaLhCw2BADXVkafMRnkycA784OHtZyLJJ1JSJzs6sevD1MgAAAAAAAAAAAAAAAAAAQEIPAAAAAAAAAAAAAAAAAEBCDwAAAAAAAAA=
[2022-02-12T07:55:29.195835000Z DEBUG solana_bpf_loader_program] Program 8opHzTAnfzRpPEx21XtnrVTX28YQuCpAjcn1PczScKh consumed 8523 of 200000 compute units
[2022-02-12T07:55:29.195896000Z DEBUG solana_program_runtime::stable_log] Program 8opHzTAnfzRpPEx21XtnrVTX28YQuCpAjcn1PczScKh success
[2022-02-12T07:55:29.196735000Z DEBUG solana_program_runtime::stable_log] Program 4uQeVj5tqViQh7yWWGStvkEG1Zmhx6uasJtWCJziofM invoke [1]
[2022-02-12T07:55:29.197362000Z DEBUG solana_program_runtime::stable_log] Program log: Mango: AddPerpMarket DEPRECATED
[2022-02-12T07:55:29.203428000Z DEBUG solana_bpf_loader_program] Program 4uQeVj5tqViQh7yWWGStvkEG1Zmhx6uasJtWCJziofM consumed 20579 of 200000 compute units
[2022-02-12T07:55:29.203501000Z DEBUG solana_program_runtime::stable_log] Program 4uQeVj5tqViQh7yWWGStvkEG1Zmhx6uasJtWCJziofM success
[2022-02-12T07:55:29.205486000Z DEBUG solana_program_runtime::stable_log] Program CiDwVBFgWV9E5MvXWoLgnEgn2hK7rJikbvfWavzAQz3 invoke [1]
[2022-02-12T07:55:29.205984000Z DEBUG solana_program_runtime::stable_log] Program log: Mango: UpdateFunding
[2022-02-12T07:55:29.206184000Z DEBUG solana_program_runtime::stable_log] Program 8opHzTAnfzRpPEx21XtnrVTX28YQuCpAjcn1PczScKh invoke [1]
[2022-02-12T07:55:29.206630000Z DEBUG solana_program_runtime::stable_log] Program log: Mango: UpdateFunding
[2022-02-12T07:55:29.207114000Z DEBUG solana_program_runtime::stable_log] Program log: mango-log
[2022-02-12T07:55:29.207749000Z DEBUG solana_program_runtime::stable_log] Program log: ta5iwCEXTXsdpNUxIB4ST9NBwJC0EN1WUMF4EQKQvB+DdrD9MegGRAAAAAAAAAAAAAAAAAAAAAAAAAAAAAAAAAAAAAAAAAAAAAAAAAAAAAA=
[2022-02-12T07:55:29.207770000Z DEBUG solana_program_runtime::stable_log] Program log: mango-log
[2022-02-12T07:55:29.207902000Z DEBUG solana_bpf_loader_program] Program CiDwVBFgWV9E5MvXWoLgnEgn2hK7rJikbvfWavzAQz3 consumed 6381 of 200000 compute units
[2022-02-12T07:55:29.207982000Z DEBUG solana_program_runtime::stable_log] Program CiDwVBFgWV9E5MvXWoLgnEgn2hK7rJikbvfWavzAQz3 success
[2022-02-12T07:55:29.208399000Z DEBUG solana_program_runtime::stable_log] Program log: ta5iwCEXTXtCw2BADXVkafMRnkycA784OHtZyLJJ1JSJzs6sevD1MgAAAAAAAAAAAAAAAAAAAAAAAAAAAAAAAAAAAAAAAAAAAAAAAAAAAAA=
[2022-02-12T07:55:29.208527000Z DEBUG solana_program_runtime::stable_log] Program 11111111111111111111111111111111 invoke [1]
[2022-02-12T07:55:29.208553000Z DEBUG solana_bpf_loader_program] Program 8opHzTAnfzRpPEx21XtnrVTX28YQuCpAjcn1PczScKh consumed 6381 of 200000 compute units
[2022-02-12T07:55:29.208587000Z DEBUG solana_program_runtime::stable_log] Program 11111111111111111111111111111111 success
[2022-02-12T07:55:29.208624000Z DEBUG solana_program_runtime::stable_log] Program 8opHzTAnfzRpPEx21XtnrVTX28YQuCpAjcn1PczScKh success
[2022-02-12T07:55:29.212085000Z DEBUG solana_program_runtime::stable_log] Program 11111111111111111111111111111111 invoke [1]
[2022-02-12T07:55:29.212145000Z DEBUG solana_program_runtime::stable_log] Program 11111111111111111111111111111111 success
[2022-02-12T07:55:29.215581000Z DEBUG solana_program_runtime::stable_log] Program 11111111111111111111111111111111 invoke [1]
[2022-02-12T07:55:29.215633000Z DEBUG solana_program_runtime::stable_log] Program 11111111111111111111111111111111 success
[2022-02-12T07:55:29.217974000Z DEBUG solana_program_runtime::stable_log] Program CiDwVBFgWV9E5MvXWoLgnEgn2hK7rJikbvfWavzAQz3 invoke [1]
[2022-02-12T07:55:29.218366000Z DEBUG solana_program_runtime::stable_log] Program log: Mango: CacheRootBanks
[2022-02-12T07:55:29.218960000Z DEBUG solana_program_runtime::stable_log] Program 8opHzTAnfzRpPEx21XtnrVTX28YQuCpAjcn1PczScKh invoke [1]
[2022-02-12T07:55:29.218979000Z DEBUG solana_program_runtime::stable_log] Program 11111111111111111111111111111111 invoke [1]
[2022-02-12T07:55:29.219020000Z DEBUG solana_program_runtime::stable_log] Program log: mango-log
[2022-02-12T07:55:29.219042000Z DEBUG solana_program_runtime::stable_log] Program 11111111111111111111111111111111 success
[2022-02-12T07:55:29.219372000Z DEBUG solana_program_runtime::stable_log] Program log: Mango: CacheRootBanks
[2022-02-12T07:55:29.219921000Z DEBUG solana_program_runtime::stable_log] Program log: IVXYca/GfegdpNUxIB4ST9NBwJC0EN1WUMF4EQKQvB+DdrD9MegGRAIAAAAAAAAAAAAAAA8AAAAAAAAAAgAAAAAAAAAAAEBCDwAAAAAAAAAAAAAAAABAQg8AAAAAAAAAAgAAAAAAAAAAAEBCDwAAAAAAAAAAAAAAAABAQg8AAAAAAAAA
[2022-02-12T07:55:29.220076000Z DEBUG solana_program_runtime::stable_log] Program log: mango-log
[2022-02-12T07:55:29.220066000Z DEBUG solana_bpf_loader_program] Program CiDwVBFgWV9E5MvXWoLgnEgn2hK7rJikbvfWavzAQz3 consumed 5857 of 200000 compute units
[2022-02-12T07:55:29.220130000Z DEBUG solana_program_runtime::stable_log] Program CiDwVBFgWV9E5MvXWoLgnEgn2hK7rJikbvfWavzAQz3 success
[2022-02-12T07:55:29.221007000Z DEBUG solana_program_runtime::stable_log] Program log: IVXYca/GfehCw2BADXVkafMRnkycA784OHtZyLJJ1JSJzs6sevD1MgIAAAAAAAAAAAAAAA8AAAAAAAAAAgAAAAAAAAAAAEBCDwAAAAAAAAAAAAAAAABAQg8AAAAAAAAAAgAAAAAAAAAAAEBCDwAAAAAAAAAAAAAAAABAQg8AAAAAAAAA
[2022-02-12T07:55:29.221146000Z DEBUG solana_bpf_loader_program] Program 8opHzTAnfzRpPEx21XtnrVTX28YQuCpAjcn1PczScKh consumed 5857 of 200000 compute units
[2022-02-12T07:55:29.221206000Z DEBUG solana_program_runtime::stable_log] Program 8opHzTAnfzRpPEx21XtnrVTX28YQuCpAjcn1PczScKh success
[2022-02-12T07:55:29.222704000Z DEBUG solana_program_runtime::stable_log] Program 11111111111111111111111111111111 invoke [1]
[2022-02-12T07:55:29.222758000Z DEBUG solana_program_runtime::stable_log] Program 11111111111111111111111111111111 success
[2022-02-12T07:55:29.229925000Z DEBUG solana_program_runtime::stable_log] Program CiDwVBFgWV9E5MvXWoLgnEgn2hK7rJikbvfWavzAQz3 invoke [1]
[2022-02-12T07:55:29.230264000Z DEBUG solana_program_runtime::stable_log] Program log: Mango: CachePerpMarkets
[2022-02-12T07:55:29.230676000Z DEBUG solana_program_runtime::stable_log] Program log: mango-log
[2022-02-12T07:55:29.230834000Z DEBUG solana_program_runtime::stable_log] Program TokenkegQfeZyiNwAJbNbGKPFXCWuBvf9Ss623VQ5DA invoke [1]
[2022-02-12T07:55:29.231254000Z DEBUG solana_program_runtime::stable_log] Program 8opHzTAnfzRpPEx21XtnrVTX28YQuCpAjcn1PczScKh invoke [1]
[2022-02-12T07:55:29.231345000Z DEBUG solana_program_runtime::stable_log] Program log: Instruction: InitializeAccount
[2022-02-12T07:55:29.231433000Z DEBUG solana_program_runtime::stable_log] Program log: 9lt9JxCzqw4dpNUxIB4ST9NBwJC0EN1WUMF4EQKQvB+DdrD9MegGRAEAAAAAAAAAAAAAAAEAAAAAAAAAAAAAAAAAAAAAAAAAAQAAAAAAAAAAAAAAAAAAAAAAAAA=
[2022-02-12T07:55:29.231537000Z DEBUG solana_bpf_loader_program] Program CiDwVBFgWV9E5MvXWoLgnEgn2hK7rJikbvfWavzAQz3 consumed 4331 of 200000 compute units
[2022-02-12T07:55:29.231583000Z DEBUG solana_program_runtime::stable_log] Program log: Mango: CachePerpMarkets
[2022-02-12T07:55:29.231591000Z DEBUG solana_program_runtime::stable_log] Program CiDwVBFgWV9E5MvXWoLgnEgn2hK7rJikbvfWavzAQz3 success
[2022-02-12T07:55:29.231993000Z DEBUG solana_program_runtime::stable_log] Program log: mango-log
[2022-02-12T07:55:29.232413000Z DEBUG solana_bpf_loader_program] Program TokenkegQfeZyiNwAJbNbGKPFXCWuBvf9Ss623VQ5DA consumed 3411 of 200000 compute units
[2022-02-12T07:55:29.232476000Z DEBUG solana_program_runtime::stable_log] Program TokenkegQfeZyiNwAJbNbGKPFXCWuBvf9Ss623VQ5DA success
[2022-02-12T07:55:29.232730000Z DEBUG solana_program_runtime::stable_log] Program log: 9lt9JxCzqw5Cw2BADXVkafMRnkycA784OHtZyLJJ1JSJzs6sevD1MgEAAAAAAAAAAAAAAAEAAAAAAAAAAAAAAAAAAAAAAAAAAQAAAAAAAAAAAAAAAAAAAAAAAAA=
[2022-02-12T07:55:29.232840000Z DEBUG solana_bpf_loader_program] Program 8opHzTAnfzRpPEx21XtnrVTX28YQuCpAjcn1PczScKh consumed 4331 of 200000 compute units
[2022-02-12T07:55:29.232895000Z DEBUG solana_program_runtime::stable_log] Program 8opHzTAnfzRpPEx21XtnrVTX28YQuCpAjcn1PczScKh success
[2022-02-12T07:55:29.243258000Z DEBUG solana_program_runtime::stable_log] Program 4uQeVj5tqViQh7yWWGStvkEG1Zmhx6uasJtWCJziofM invoke [1]
[2022-02-12T07:55:29.243885000Z DEBUG solana_program_runtime::stable_log] Program log: Mango: AddPerpMarket DEPRECATED
[2022-02-12T07:55:29.245278000Z DEBUG solana_program_runtime::stable_log] Program CiDwVBFgWV9E5MvXWoLgnEgn2hK7rJikbvfWavzAQz3 invoke [1]
[2022-02-12T07:55:29.245992000Z DEBUG solana_program_runtime::stable_log] Program log: Mango: Deposit
[2022-02-12T07:55:29.246812000Z DEBUG solana_program_runtime::stable_log] Program 8opHzTAnfzRpPEx21XtnrVTX28YQuCpAjcn1PczScKh invoke [1]
[2022-02-12T07:55:29.247492000Z DEBUG solana_program_runtime::stable_log] Program log: Mango: Deposit
[2022-02-12T07:55:29.249906000Z DEBUG solana_bpf_loader_program] Program 4uQeVj5tqViQh7yWWGStvkEG1Zmhx6uasJtWCJziofM consumed 20618 of 200000 compute units
[2022-02-12T07:55:29.249979000Z DEBUG solana_program_runtime::stable_log] Program 4uQeVj5tqViQh7yWWGStvkEG1Zmhx6uasJtWCJziofM success
[2022-02-12T07:55:29.255048000Z DEBUG solana_program_runtime::stable_log] Program TokenkegQfeZyiNwAJbNbGKPFXCWuBvf9Ss623VQ5DA invoke [2]
[2022-02-12T07:55:29.255495000Z DEBUG solana_program_runtime::stable_log] Program log: Instruction: Transfer
[2022-02-12T07:55:29.255614000Z DEBUG solana_program_runtime::stable_log] Program 11111111111111111111111111111111 invoke [1]
[2022-02-12T07:55:29.255679000Z DEBUG solana_program_runtime::stable_log] Program 11111111111111111111111111111111 success
[2022-02-12T07:55:29.256376000Z DEBUG solana_program_runtime::stable_log] Program TokenkegQfeZyiNwAJbNbGKPFXCWuBvf9Ss623VQ5DA invoke [2]
[2022-02-12T07:55:29.256414000Z DEBUG solana_bpf_loader_program] Program TokenkegQfeZyiNwAJbNbGKPFXCWuBvf9Ss623VQ5DA consumed 3121 of 194218 compute units
[2022-02-12T07:55:29.256470000Z DEBUG solana_program_runtime::stable_log] Program TokenkegQfeZyiNwAJbNbGKPFXCWuBvf9Ss623VQ5DA success
[2022-02-12T07:55:29.256823000Z DEBUG solana_program_runtime::stable_log] Program log: Instruction: Transfer
[2022-02-12T07:55:29.257749000Z DEBUG solana_bpf_loader_program] Program TokenkegQfeZyiNwAJbNbGKPFXCWuBvf9Ss623VQ5DA consumed 3121 of 194218 compute units
[2022-02-12T07:55:29.257803000Z DEBUG solana_program_runtime::stable_log] Program TokenkegQfeZyiNwAJbNbGKPFXCWuBvf9Ss623VQ5DA success
[2022-02-12T07:55:29.257965000Z DEBUG solana_program_runtime::stable_log] Program log: mango-log
[2022-02-12T07:55:29.258729000Z DEBUG solana_program_runtime::stable_log] Program log: F5qwwQsqqPQdpNUxIB4ST9NBwJC0EN1WUMF4EQKQvB+DdrD9MegGREvwkVT8SghnvGDFLLt0aABdZVT/lFqtpWRr1rwKNlyADwAAAAAAAAAAAAAAAAAQJwAAAAAAAAAAAAAAAAAAAAAAAAAAAAAAAA==
[2022-02-12T07:55:29.258763000Z DEBUG solana_program_runtime::stable_log] Program log: mango-log
[2022-02-12T07:55:29.258980000Z DEBUG solana_program_runtime::stable_log] Program 11111111111111111111111111111111 invoke [1]
[2022-02-12T07:55:29.259032000Z DEBUG solana_program_runtime::stable_log] Program 11111111111111111111111111111111 success
[2022-02-12T07:55:29.259293000Z DEBUG solana_program_runtime::stable_log] Program log: mango-log
[2022-02-12T07:55:29.259601000Z DEBUG solana_program_runtime::stable_log] Program log: jbqo/GyNSF4dpNUxIB4ST9NBwJC0EN1WUMF4EQKQvB+DdrD9MegGREvwkVT8SghnvGDFLLt0aABdZVT/lFqtpWRr1rwKNlyAy7FqJocpt5YsSEOG91YDrxB808FMRrE1y7bLHPrRTLYPAAAAAAAAAADkC1QCAAAA
[2022-02-12T07:55:29.259832000Z DEBUG solana_bpf_loader_program] Program CiDwVBFgWV9E5MvXWoLgnEgn2hK7rJikbvfWavzAQz3 consumed 18920 of 200000 compute units
[2022-02-12T07:55:29.259906000Z DEBUG solana_program_runtime::stable_log] Program CiDwVBFgWV9E5MvXWoLgnEgn2hK7rJikbvfWavzAQz3 success
[2022-02-12T07:55:29.260063000Z DEBUG solana_program_runtime::stable_log] Program log: F5qwwQsqqPRCw2BADXVkafMRnkycA784OHtZyLJJ1JSJzs6sevD1MiYQZOjSGRhfscQ3BZ/FC4bwzEBYL0bau8SqwPhBtbySDwAAAAAAAAAAAAAAAAAQJwAAAAAAAAAAAAAAAAAAAAAAAAAAAAAAAA==
[2022-02-12T07:55:29.260093000Z DEBUG solana_program_runtime::stable_log] Program log: mango-log
[2022-02-12T07:55:29.260928000Z DEBUG solana_program_runtime::stable_log] Program log: jbqo/GyNSF5Cw2BADXVkafMRnkycA784OHtZyLJJ1JSJzs6sevD1MiYQZOjSGRhfscQ3BZ/FC4bwzEBYL0bau8SqwPhBtbySHReH3l8w4bAgxZY79xm8agFALqQNevwEtwwS4phahPgPAAAAAAAAAADkC1QCAAAA
[2022-02-12T07:55:29.261150000Z DEBUG solana_bpf_loader_program] Program 8opHzTAnfzRpPEx21XtnrVTX28YQuCpAjcn1PczScKh consumed 18920 of 200000 compute units
[2022-02-12T07:55:29.261222000Z DEBUG solana_program_runtime::stable_log] Program 8opHzTAnfzRpPEx21XtnrVTX28YQuCpAjcn1PczScKh success
[2022-02-12T07:55:29.262440000Z DEBUG solana_program_runtime::stable_log] Program 11111111111111111111111111111111 invoke [1]
[2022-02-12T07:55:29.262508000Z DEBUG solana_program_runtime::stable_log] Program 11111111111111111111111111111111 success
[2022-02-12T07:55:29.265874000Z DEBUG solana_program_runtime::stable_log] Program 11111111111111111111111111111111 invoke [1]
[2022-02-12T07:55:29.265926000Z DEBUG solana_program_runtime::stable_log] Program 11111111111111111111111111111111 success
[2022-02-12T07:55:29.269726000Z DEBUG solana_program_runtime::stable_log] Program 11111111111111111111111111111111 invoke [1]
[2022-02-12T07:55:29.269774000Z DEBUG solana_program_runtime::stable_log] Program 11111111111111111111111111111111 success
[2022-02-12T07:55:29.273754000Z DEBUG solana_program_runtime::stable_log] Program CiDwVBFgWV9E5MvXWoLgnEgn2hK7rJikbvfWavzAQz3 invoke [1]
[2022-02-12T07:55:29.274484000Z DEBUG solana_program_runtime::stable_log] Program log: Mango: Deposit
[2022-02-12T07:55:29.275030000Z DEBUG solana_program_runtime::stable_log] Program 8opHzTAnfzRpPEx21XtnrVTX28YQuCpAjcn1PczScKh invoke [1]
[2022-02-12T07:55:29.275715000Z DEBUG solana_program_runtime::stable_log] Program log: Mango: Deposit
[2022-02-12T07:55:29.277472000Z DEBUG solana_program_runtime::stable_log] Program TokenkegQfeZyiNwAJbNbGKPFXCWuBvf9Ss623VQ5DA invoke [1]
[2022-02-12T07:55:29.277971000Z DEBUG solana_program_runtime::stable_log] Program log: Instruction: InitializeAccount
[2022-02-12T07:55:29.278976000Z DEBUG solana_bpf_loader_program] Program TokenkegQfeZyiNwAJbNbGKPFXCWuBvf9Ss623VQ5DA consumed 3411 of 200000 compute units
[2022-02-12T07:55:29.279033000Z DEBUG solana_program_runtime::stable_log] Program TokenkegQfeZyiNwAJbNbGKPFXCWuBvf9Ss623VQ5DA success
[2022-02-12T07:55:29.283181000Z DEBUG solana_program_runtime::stable_log] Program TokenkegQfeZyiNwAJbNbGKPFXCWuBvf9Ss623VQ5DA invoke [2]
[2022-02-12T07:55:29.283620000Z DEBUG solana_program_runtime::stable_log] Program log: Instruction: Transfer
[2022-02-12T07:55:29.284422000Z DEBUG solana_program_runtime::stable_log] Program TokenkegQfeZyiNwAJbNbGKPFXCWuBvf9Ss623VQ5DA invoke [2]
[2022-02-12T07:55:29.284554000Z DEBUG solana_bpf_loader_program] Program TokenkegQfeZyiNwAJbNbGKPFXCWuBvf9Ss623VQ5DA consumed 3121 of 194804 compute units
[2022-02-12T07:55:29.284615000Z DEBUG solana_program_runtime::stable_log] Program TokenkegQfeZyiNwAJbNbGKPFXCWuBvf9Ss623VQ5DA success
[2022-02-12T07:55:29.284865000Z DEBUG solana_program_runtime::stable_log] Program log: Instruction: Transfer
[2022-02-12T07:55:29.285795000Z DEBUG solana_bpf_loader_program] Program TokenkegQfeZyiNwAJbNbGKPFXCWuBvf9Ss623VQ5DA consumed 3121 of 194804 compute units
[2022-02-12T07:55:29.285850000Z DEBUG solana_program_runtime::stable_log] Program TokenkegQfeZyiNwAJbNbGKPFXCWuBvf9Ss623VQ5DA success
[2022-02-12T07:55:29.285901000Z DEBUG solana_program_runtime::stable_log] Program log: mango-log
[2022-02-12T07:55:29.286669000Z DEBUG solana_program_runtime::stable_log] Program log: F5qwwQsqqPQdpNUxIB4ST9NBwJC0EN1WUMF4EQKQvB+DdrD9MegGREvwkVT8SghnvGDFLLt0aABdZVT/lFqtpWRr1rwKNlyAAAAAAAAAAAAAAAAAAAABAAAAAAAAAAAAAAAAAAAAAAAAAAAAAAAAAA==
[2022-02-12T07:55:29.286701000Z DEBUG solana_program_runtime::stable_log] Program log: mango-log
[2022-02-12T07:55:29.287127000Z DEBUG solana_program_runtime::stable_log] Program log: mango-log
[2022-02-12T07:55:29.287533000Z DEBUG solana_program_runtime::stable_log] Program log: jbqo/GyNSF4dpNUxIB4ST9NBwJC0EN1WUMF4EQKQvB+DdrD9MegGREvwkVT8SghnvGDFLLt0aABdZVT/lFqtpWRr1rwKNlyAy7FqJocpt5YsSEOG91YDrxB808FMRrE1y7bLHPrRTLYAAAAAAAAAAEBCDwAAAAAA
[2022-02-12T07:55:29.287762000Z DEBUG solana_bpf_loader_program] Program CiDwVBFgWV9E5MvXWoLgnEgn2hK7rJikbvfWavzAQz3 consumed 17628 of 200000 compute units
[2022-02-12T07:55:29.287834000Z DEBUG solana_program_runtime::stable_log] Program CiDwVBFgWV9E5MvXWoLgnEgn2hK7rJikbvfWavzAQz3 success
[2022-02-12T07:55:29.287894000Z DEBUG solana_program_runtime::stable_log] Program log: F5qwwQsqqPRCw2BADXVkafMRnkycA784OHtZyLJJ1JSJzs6sevD1MkuzdH6w3Me0i7cuojZ+cu1gwNDOVUPMolY8H+b/x77FAAAAAAAAAAAAAAAAAAABAAAAAAAAAAAAAAAAAAAAAAAAAAAAAAAAAA==
[2022-02-12T07:55:29.287925000Z DEBUG solana_program_runtime::stable_log] Program log: mango-log
[2022-02-12T07:55:29.288779000Z DEBUG solana_program_runtime::stable_log] Program log: jbqo/GyNSF5Cw2BADXVkafMRnkycA784OHtZyLJJ1JSJzs6sevD1MkuzdH6w3Me0i7cuojZ+cu1gwNDOVUPMolY8H+b/x77FUsWjGZ6/66LUysEfhnQI9fZHDNwf5XVp5KmpSORtSm0AAAAAAAAAAEBCDwAAAAAA
[2022-02-12T07:55:29.289005000Z DEBUG solana_bpf_loader_program] Program 8opHzTAnfzRpPEx21XtnrVTX28YQuCpAjcn1PczScKh consumed 17628 of 200000 compute units
[2022-02-12T07:55:29.289077000Z DEBUG solana_program_runtime::stable_log] Program 8opHzTAnfzRpPEx21XtnrVTX28YQuCpAjcn1PczScKh success
[2022-02-12T07:55:29.290483000Z DEBUG solana_program_runtime::stable_log] Program 4uQeVj5tqViQh7yWWGStvkEG1Zmhx6uasJtWCJziofM invoke [1]
[2022-02-12T07:55:29.291112000Z DEBUG solana_program_runtime::stable_log] Program log: Mango: AddPerpMarket DEPRECATED
[2022-02-12T07:55:29.297459000Z DEBUG solana_bpf_loader_program] Program 4uQeVj5tqViQh7yWWGStvkEG1Zmhx6uasJtWCJziofM consumed 20657 of 200000 compute units
[2022-02-12T07:55:29.297546000Z DEBUG solana_program_runtime::stable_log] Program 4uQeVj5tqViQh7yWWGStvkEG1Zmhx6uasJtWCJziofM success
[2022-02-12T07:55:29.302860000Z DEBUG solana_program_runtime::stable_log] Program 11111111111111111111111111111111 invoke [1]
[2022-02-12T07:55:29.302918000Z DEBUG solana_program_runtime::stable_log] Program 11111111111111111111111111111111 success
[2022-02-12T07:55:29.306454000Z DEBUG solana_program_runtime::stable_log] Program 11111111111111111111111111111111 invoke [1]
[2022-02-12T07:55:29.306500000Z DEBUG solana_program_runtime::stable_log] Program 11111111111111111111111111111111 success
[2022-02-12T07:55:29.309966000Z DEBUG solana_program_runtime::stable_log] Program 11111111111111111111111111111111 invoke [1]
[2022-02-12T07:55:29.310052000Z DEBUG solana_program_runtime::stable_log] Program 11111111111111111111111111111111 success
[2022-02-12T07:55:29.314513000Z DEBUG solana_program_runtime::stable_log] Program 11111111111111111111111111111111 invoke [1]
[2022-02-12T07:55:29.314591000Z DEBUG solana_program_runtime::stable_log] Program 11111111111111111111111111111111 success
[2022-02-12T07:55:29.318234000Z DEBUG solana_program_runtime::stable_log] Program 11111111111111111111111111111111 invoke [1]
[2022-02-12T07:55:29.318290000Z DEBUG solana_program_runtime::stable_log] Program 11111111111111111111111111111111 success
[2022-02-12T07:55:29.320178000Z DEBUG solana_program_runtime::stable_log] Program CiDwVBFgWV9E5MvXWoLgnEgn2hK7rJikbvfWavzAQz3 invoke [1]
[2022-02-12T07:55:29.320521000Z DEBUG solana_program_runtime::stable_log] Program log: Mango: CachePrices
[2022-02-12T07:55:29.320847000Z DEBUG solana_program_runtime::stable_log] Program log: mango-log
[2022-02-12T07:55:29.321442000Z DEBUG solana_program_runtime::stable_log] Program log: ux0uSxX5tBsdpNUxIB4ST9NBwJC0EN1WUMF4EQKQvB+DdrD9MegGRAEAAAAAAAAAAAAAAAEAAAAAAAAAAAAQJwAAAAAAAAAA
[2022-02-12T07:55:29.321549000Z DEBUG solana_bpf_loader_program] Program CiDwVBFgWV9E5MvXWoLgnEgn2hK7rJikbvfWavzAQz3 consumed 3669 of 200000 compute units
[2022-02-12T07:55:29.321609000Z DEBUG solana_program_runtime::stable_log] Program CiDwVBFgWV9E5MvXWoLgnEgn2hK7rJikbvfWavzAQz3 success
[2022-02-12T07:55:29.322063000Z DEBUG solana_program_runtime::stable_log] Program 8opHzTAnfzRpPEx21XtnrVTX28YQuCpAjcn1PczScKh invoke [1]
[2022-02-12T07:55:29.322429000Z DEBUG solana_program_runtime::stable_log] Program log: Mango: CachePrices
[2022-02-12T07:55:29.322778000Z DEBUG solana_program_runtime::stable_log] Program log: mango-log
[2022-02-12T07:55:29.323407000Z DEBUG solana_program_runtime::stable_log] Program log: ux0uSxX5tBtCw2BADXVkafMRnkycA784OHtZyLJJ1JSJzs6sevD1MgEAAAAAAAAAAAAAAAEAAAAAAAAAAAAQJwAAAAAAAAAA
[2022-02-12T07:55:29.323521000Z DEBUG solana_bpf_loader_program] Program 8opHzTAnfzRpPEx21XtnrVTX28YQuCpAjcn1PczScKh consumed 3669 of 200000 compute units
[2022-02-12T07:55:29.323585000Z DEBUG solana_program_runtime::stable_log] Program 8opHzTAnfzRpPEx21XtnrVTX28YQuCpAjcn1PczScKh success
[2022-02-12T07:55:29.326412000Z DEBUG solana_program_runtime::stable_log] Program TokenkegQfeZyiNwAJbNbGKPFXCWuBvf9Ss623VQ5DA invoke [1]
[2022-02-12T07:55:29.326935000Z DEBUG solana_program_runtime::stable_log] Program log: Instruction: InitializeAccount
[2022-02-12T07:55:29.327986000Z DEBUG solana_bpf_loader_program] Program TokenkegQfeZyiNwAJbNbGKPFXCWuBvf9Ss623VQ5DA consumed 3411 of 200000 compute units
[2022-02-12T07:55:29.328049000Z DEBUG solana_program_runtime::stable_log] Program TokenkegQfeZyiNwAJbNbGKPFXCWuBvf9Ss623VQ5DA success
[2022-02-12T07:55:29.332877000Z DEBUG solana_program_runtime::stable_log] Program CiDwVBFgWV9E5MvXWoLgnEgn2hK7rJikbvfWavzAQz3 invoke [1]
[2022-02-12T07:55:29.333279000Z DEBUG solana_program_runtime::stable_log] Program log: Mango: UpdateRootBank
[2022-02-12T07:55:29.333837000Z DEBUG solana_program_runtime::stable_log] Program 8opHzTAnfzRpPEx21XtnrVTX28YQuCpAjcn1PczScKh invoke [1]
[2022-02-12T07:55:29.334222000Z DEBUG solana_program_runtime::stable_log] Program log: Mango: UpdateRootBank
[2022-02-12T07:55:29.335405000Z DEBUG solana_program_runtime::stable_log] Program log: mango-log
[2022-02-12T07:55:29.336026000Z DEBUG solana_program_runtime::stable_log] Program log: 8HmBNKTUaLgdpNUxIB4ST9NBwJC0EN1WUMF4EQKQvB+DdrD9MegGRAAAAAAAAAAAAAAAAAAAQEIPAAAAAAAAAAAAAAAAAEBCDwAAAAAAAAA=
[2022-02-12T07:55:29.336159000Z DEBUG solana_bpf_loader_program] Program CiDwVBFgWV9E5MvXWoLgnEgn2hK7rJikbvfWavzAQz3 consumed 9360 of 200000 compute units
[2022-02-12T07:55:29.336218000Z DEBUG solana_program_runtime::stable_log] Program CiDwVBFgWV9E5MvXWoLgnEgn2hK7rJikbvfWavzAQz3 success
[2022-02-12T07:55:29.336332000Z DEBUG solana_program_runtime::stable_log] Program log: mango-log
[2022-02-12T07:55:29.336982000Z DEBUG solana_program_runtime::stable_log] Program log: 8HmBNKTUaLhCw2BADXVkafMRnkycA784OHtZyLJJ1JSJzs6sevD1MgAAAAAAAAAAAAAAAAAAQEIPAAAAAAAAAAAAAAAAAEBCDwAAAAAAAAA=
[2022-02-12T07:55:29.337119000Z DEBUG solana_bpf_loader_program] Program 8opHzTAnfzRpPEx21XtnrVTX28YQuCpAjcn1PczScKh consumed 9360 of 200000 compute units
[2022-02-12T07:55:29.337185000Z DEBUG solana_program_runtime::stable_log] Program 8opHzTAnfzRpPEx21XtnrVTX28YQuCpAjcn1PczScKh success
[2022-02-12T07:55:29.339372000Z DEBUG solana_program_runtime::stable_log] Program 4uQeVj5tqViQh7yWWGStvkEG1Zmhx6uasJtWCJziofM invoke [1]
[2022-02-12T07:55:29.340029000Z DEBUG solana_program_runtime::stable_log] Program log: Mango: AddPerpMarket DEPRECATED
[2022-02-12T07:55:29.346305000Z DEBUG solana_bpf_loader_program] Program 4uQeVj5tqViQh7yWWGStvkEG1Zmhx6uasJtWCJziofM consumed 20696 of 200000 compute units
[2022-02-12T07:55:29.346384000Z DEBUG solana_program_runtime::stable_log] Program 4uQeVj5tqViQh7yWWGStvkEG1Zmhx6uasJtWCJziofM success
[2022-02-12T07:55:29.347152000Z DEBUG solana_program_runtime::stable_log] Program 8opHzTAnfzRpPEx21XtnrVTX28YQuCpAjcn1PczScKh invoke [1]
[2022-02-12T07:55:29.347277000Z DEBUG solana_program_runtime::stable_log] Program CiDwVBFgWV9E5MvXWoLgnEgn2hK7rJikbvfWavzAQz3 invoke [1]
[2022-02-12T07:55:29.347620000Z DEBUG solana_program_runtime::stable_log] Program log: Mango: UpdateFunding
[2022-02-12T07:55:29.347740000Z DEBUG solana_program_runtime::stable_log] Program log: Mango: UpdateFunding
[2022-02-12T07:55:29.348705000Z DEBUG solana_program_runtime::stable_log] Program log: mango-log
[2022-02-12T07:55:29.348851000Z DEBUG solana_program_runtime::stable_log] Program log: mango-log
[2022-02-12T07:55:29.349392000Z DEBUG solana_program_runtime::stable_log] Program log: ta5iwCEXTXtCw2BADXVkafMRnkycA784OHtZyLJJ1JSJzs6sevD1MgAAAAAAAAAAAAAAAAAAAAAAAAAAAAAAAAAAAAAAAAAAAAAAAAAAAAA=
[2022-02-12T07:55:29.349485000Z DEBUG solana_program_runtime::stable_log] Program log: ta5iwCEXTXsdpNUxIB4ST9NBwJC0EN1WUMF4EQKQvB+DdrD9MegGRAAAAAAAAAAAAAAAAAAAAAAAAAAAAAAAAAAAAAAAAAAAAAAAAAAAAAA=
[2022-02-12T07:55:29.349556000Z DEBUG solana_bpf_loader_program] Program 8opHzTAnfzRpPEx21XtnrVTX28YQuCpAjcn1PczScKh consumed 6381 of 200000 compute units
[2022-02-12T07:55:29.349628000Z DEBUG solana_program_runtime::stable_log] Program 8opHzTAnfzRpPEx21XtnrVTX28YQuCpAjcn1PczScKh success
[2022-02-12T07:55:29.349639000Z DEBUG solana_bpf_loader_program] Program CiDwVBFgWV9E5MvXWoLgnEgn2hK7rJikbvfWavzAQz3 consumed 6381 of 200000 compute units
[2022-02-12T07:55:29.349707000Z DEBUG solana_program_runtime::stable_log] Program CiDwVBFgWV9E5MvXWoLgnEgn2hK7rJikbvfWavzAQz3 success
[2022-02-12T07:55:29.351356000Z DEBUG solana_program_runtime::stable_log] Program 11111111111111111111111111111111 invoke [1]
[2022-02-12T07:55:29.351417000Z DEBUG solana_program_runtime::stable_log] Program 11111111111111111111111111111111 success
[2022-02-12T07:55:29.354960000Z DEBUG solana_program_runtime::stable_log] Program 11111111111111111111111111111111 invoke [1]
[2022-02-12T07:55:29.355007000Z DEBUG solana_program_runtime::stable_log] Program 11111111111111111111111111111111 success
[2022-02-12T07:55:29.358469000Z DEBUG solana_program_runtime::stable_log] Program 11111111111111111111111111111111 invoke [1]
[2022-02-12T07:55:29.358524000Z DEBUG solana_program_runtime::stable_log] Program 11111111111111111111111111111111 success
[2022-02-12T07:55:29.360112000Z DEBUG solana_program_runtime::stable_log] Program CiDwVBFgWV9E5MvXWoLgnEgn2hK7rJikbvfWavzAQz3 invoke [1]
[2022-02-12T07:55:29.360247000Z DEBUG solana_program_runtime::stable_log] Program 8opHzTAnfzRpPEx21XtnrVTX28YQuCpAjcn1PczScKh invoke [1]
[2022-02-12T07:55:29.360530000Z DEBUG solana_program_runtime::stable_log] Program log: Mango: CacheRootBanks
[2022-02-12T07:55:29.360639000Z DEBUG solana_program_runtime::stable_log] Program log: Mango: CacheRootBanks
[2022-02-12T07:55:29.361197000Z DEBUG solana_program_runtime::stable_log] Program log: mango-log
[2022-02-12T07:55:29.361321000Z DEBUG solana_program_runtime::stable_log] Program log: mango-log
[2022-02-12T07:55:29.361928000Z DEBUG solana_program_runtime::stable_log] Program 11111111111111111111111111111111 invoke [1]
[2022-02-12T07:55:29.361980000Z DEBUG solana_program_runtime::stable_log] Program 11111111111111111111111111111111 success
[2022-02-12T07:55:29.362118000Z DEBUG solana_program_runtime::stable_log] Program log: IVXYca/GfegdpNUxIB4ST9NBwJC0EN1WUMF4EQKQvB+DdrD9MegGRAIAAAAAAAAAAAAAAA8AAAAAAAAAAgAAAAAAAAAAAEBCDwAAAAAAAAAAAAAAAABAQg8AAAAAAAAAAgAAAAAAAAAAAEBCDwAAAAAAAAAAAAAAAABAQg8AAAAAAAAA
[2022-02-12T07:55:29.362249000Z DEBUG solana_program_runtime::stable_log] Program log: IVXYca/GfehCw2BADXVkafMRnkycA784OHtZyLJJ1JSJzs6sevD1MgIAAAAAAAAAAAAAAA8AAAAAAAAAAgAAAAAAAAAAAEBCDwAAAAAAAAAAAAAAAABAQg8AAAAAAAAAAgAAAAAAAAAAAEBCDwAAAAAAAAAAAAAAAABAQg8AAAAAAAAA
[2022-02-12T07:55:29.362255000Z DEBUG solana_bpf_loader_program] Program CiDwVBFgWV9E5MvXWoLgnEgn2hK7rJikbvfWavzAQz3 consumed 5857 of 200000 compute units
[2022-02-12T07:55:29.362316000Z DEBUG solana_program_runtime::stable_log] Program CiDwVBFgWV9E5MvXWoLgnEgn2hK7rJikbvfWavzAQz3 success
[2022-02-12T07:55:29.362384000Z DEBUG solana_bpf_loader_program] Program 8opHzTAnfzRpPEx21XtnrVTX28YQuCpAjcn1PczScKh consumed 5857 of 200000 compute units
[2022-02-12T07:55:29.362442000Z DEBUG solana_program_runtime::stable_log] Program 8opHzTAnfzRpPEx21XtnrVTX28YQuCpAjcn1PczScKh success
[2022-02-12T07:55:29.365642000Z DEBUG solana_program_runtime::stable_log] Program 11111111111111111111111111111111 invoke [1]
[2022-02-12T07:55:29.365714000Z DEBUG solana_program_runtime::stable_log] Program 11111111111111111111111111111111 success
[2022-02-12T07:55:29.372397000Z DEBUG solana_program_runtime::stable_log] Program CiDwVBFgWV9E5MvXWoLgnEgn2hK7rJikbvfWavzAQz3 invoke [1]
[2022-02-12T07:55:29.372727000Z DEBUG solana_program_runtime::stable_log] Program log: Mango: CachePerpMarkets
[2022-02-12T07:55:29.372886000Z DEBUG solana_program_runtime::stable_log] Program 8opHzTAnfzRpPEx21XtnrVTX28YQuCpAjcn1PczScKh invoke [1]
[2022-02-12T07:55:29.373121000Z DEBUG solana_program_runtime::stable_log] Program log: mango-log
[2022-02-12T07:55:29.373234000Z DEBUG solana_program_runtime::stable_log] Program log: Mango: CachePerpMarkets
[2022-02-12T07:55:29.373642000Z DEBUG solana_program_runtime::stable_log] Program log: mango-log
[2022-02-12T07:55:29.373739000Z DEBUG solana_program_runtime::stable_log] Program TokenkegQfeZyiNwAJbNbGKPFXCWuBvf9Ss623VQ5DA invoke [1]
[2022-02-12T07:55:29.373859000Z DEBUG solana_program_runtime::stable_log] Program log: 9lt9JxCzqw4dpNUxIB4ST9NBwJC0EN1WUMF4EQKQvB+DdrD9MegGRAEAAAAAAAAAAAAAAAEAAAAAAAAAAAAAAAAAAAAAAAAAAQAAAAAAAAAAAAAAAAAAAAAAAAA=
[2022-02-12T07:55:29.373966000Z DEBUG solana_bpf_loader_program] Program CiDwVBFgWV9E5MvXWoLgnEgn2hK7rJikbvfWavzAQz3 consumed 4331 of 200000 compute units
[2022-02-12T07:55:29.374022000Z DEBUG solana_program_runtime::stable_log] Program CiDwVBFgWV9E5MvXWoLgnEgn2hK7rJikbvfWavzAQz3 success
[2022-02-12T07:55:29.374251000Z DEBUG solana_program_runtime::stable_log] Program log: Instruction: InitializeAccount
[2022-02-12T07:55:29.374409000Z DEBUG solana_program_runtime::stable_log] Program log: 9lt9JxCzqw5Cw2BADXVkafMRnkycA784OHtZyLJJ1JSJzs6sevD1MgEAAAAAAAAAAAAAAAEAAAAAAAAAAAAAAAAAAAAAAAAAAQAAAAAAAAAAAAAAAAAAAAAAAAA=
[2022-02-12T07:55:29.374520000Z DEBUG solana_bpf_loader_program] Program 8opHzTAnfzRpPEx21XtnrVTX28YQuCpAjcn1PczScKh consumed 4331 of 200000 compute units
[2022-02-12T07:55:29.374581000Z DEBUG solana_program_runtime::stable_log] Program 8opHzTAnfzRpPEx21XtnrVTX28YQuCpAjcn1PczScKh success
[2022-02-12T07:55:29.375322000Z DEBUG solana_bpf_loader_program] Program TokenkegQfeZyiNwAJbNbGKPFXCWuBvf9Ss623VQ5DA consumed 3411 of 200000 compute units
[2022-02-12T07:55:29.375381000Z DEBUG solana_program_runtime::stable_log] Program TokenkegQfeZyiNwAJbNbGKPFXCWuBvf9Ss623VQ5DA success
[2022-02-12T07:55:29.387490000Z DEBUG solana_program_runtime::stable_log] Program 4uQeVj5tqViQh7yWWGStvkEG1Zmhx6uasJtWCJziofM invoke [1]
[2022-02-12T07:55:29.387985000Z DEBUG solana_program_runtime::stable_log] Program CiDwVBFgWV9E5MvXWoLgnEgn2hK7rJikbvfWavzAQz3 invoke [1]
[2022-02-12T07:55:29.388068000Z DEBUG solana_program_runtime::stable_log] Program 8opHzTAnfzRpPEx21XtnrVTX28YQuCpAjcn1PczScKh invoke [1]
[2022-02-12T07:55:29.388133000Z DEBUG solana_program_runtime::stable_log] Program log: Mango: AddPerpMarket DEPRECATED
[2022-02-12T07:55:29.389202000Z DEBUG solana_program_runtime::stable_log] Program log: Mango: PlacePerpOrder client_order_id=10000
[2022-02-12T07:55:29.389286000Z DEBUG solana_program_runtime::stable_log] Program log: Mango: PlacePerpOrder client_order_id=10000
[2022-02-12T07:55:29.393806000Z DEBUG solana_program_runtime::stable_log] Program log: bid on book order_id=1844692854115028871151614 quantity=10000 price=100000
[2022-02-12T07:55:29.393914000Z DEBUG solana_program_runtime::stable_log] Program log: ask on book order_id=1844674407370955161600001 quantity=10000 price=100000
[2022-02-12T07:55:29.394436000Z DEBUG solana_bpf_loader_program] Program 4uQeVj5tqViQh7yWWGStvkEG1Zmhx6uasJtWCJziofM consumed 20735 of 200000 compute units
[2022-02-12T07:55:29.394512000Z DEBUG solana_program_runtime::stable_log] Program 4uQeVj5tqViQh7yWWGStvkEG1Zmhx6uasJtWCJziofM success
[2022-02-12T07:55:29.394570000Z DEBUG solana_bpf_loader_program] Program CiDwVBFgWV9E5MvXWoLgnEgn2hK7rJikbvfWavzAQz3 consumed 19580 of 200000 compute units
[2022-02-12T07:55:29.394684000Z DEBUG solana_program_runtime::stable_log] Program CiDwVBFgWV9E5MvXWoLgnEgn2hK7rJikbvfWavzAQz3 success
[2022-02-12T07:55:29.394765000Z DEBUG solana_bpf_loader_program] Program 8opHzTAnfzRpPEx21XtnrVTX28YQuCpAjcn1PczScKh consumed 19343 of 200000 compute units
[2022-02-12T07:55:29.394855000Z DEBUG solana_program_runtime::stable_log] Program 8opHzTAnfzRpPEx21XtnrVTX28YQuCpAjcn1PczScKh success
[2022-02-12T07:55:29.398801000Z DEBUG solana_program_runtime::stable_log] Program 11111111111111111111111111111111 invoke [1]
[2022-02-12T07:55:29.398863000Z DEBUG solana_program_runtime::stable_log] Program 11111111111111111111111111111111 success
[2022-02-12T07:55:29.402413000Z DEBUG solana_program_runtime::stable_log] Program 11111111111111111111111111111111 invoke [1]
[2022-02-12T07:55:29.402461000Z DEBUG solana_program_runtime::stable_log] Program 11111111111111111111111111111111 success
[2022-02-12T07:55:29.405899000Z DEBUG solana_program_runtime::stable_log] Program 11111111111111111111111111111111 invoke [1]
[2022-02-12T07:55:29.405951000Z DEBUG solana_program_runtime::stable_log] Program 11111111111111111111111111111111 success
[2022-02-12T07:55:29.408675000Z DEBUG solana_program_runtime::stable_log] Program CiDwVBFgWV9E5MvXWoLgnEgn2hK7rJikbvfWavzAQz3 invoke [1]
[2022-02-12T07:55:29.409051000Z DEBUG solana_program_runtime::stable_log] Program 8opHzTAnfzRpPEx21XtnrVTX28YQuCpAjcn1PczScKh invoke [1]
[2022-02-12T07:55:29.409425000Z DEBUG solana_program_runtime::stable_log] Program 11111111111111111111111111111111 invoke [1]
[2022-02-12T07:55:29.409483000Z DEBUG solana_program_runtime::stable_log] Program 11111111111111111111111111111111 success
[2022-02-12T07:55:29.409960000Z DEBUG solana_program_runtime::stable_log] Program log: Mango: PlacePerpOrder client_order_id=10001
[2022-02-12T07:55:29.410277000Z DEBUG solana_program_runtime::stable_log] Program log: Mango: PlacePerpOrder client_order_id=10001
[2022-02-12T07:55:29.413148000Z DEBUG solana_program_runtime::stable_log] Program 11111111111111111111111111111111 invoke [1]
[2022-02-12T07:55:29.413218000Z DEBUG solana_program_runtime::stable_log] Program 11111111111111111111111111111111 success
[2022-02-12T07:55:29.414569000Z DEBUG solana_program_runtime::stable_log] Program log: ask on book order_id=3689348814741910323200002 quantity=10000 price=200000
[2022-02-12T07:55:29.414904000Z DEBUG solana_program_runtime::stable_log] Program log: mango-log
[2022-02-12T07:55:29.415397000Z DEBUG solana_bpf_loader_program] Program CiDwVBFgWV9E5MvXWoLgnEgn2hK7rJikbvfWavzAQz3 consumed 19747 of 200000 compute units
[2022-02-12T07:55:29.415495000Z DEBUG solana_program_runtime::stable_log] Program CiDwVBFgWV9E5MvXWoLgnEgn2hK7rJikbvfWavzAQz3 success
[2022-02-12T07:55:29.415908000Z DEBUG solana_program_runtime::stable_log] Program log: hz686jV+LtlCw2BADXVkafMRnkycA784OHtZyLJJ1JSJzs6sevD1MiYQZOjSGRhfscQ3BZ/FC4bwzEBYL0bau8SqwPhBtbySAAAAAAAAAAAAAAAAAAAAAABUvfn+//8eCvr///////8AAAAAAAAAAAAAAAAAAAAAAAAAAAAAAAAAAAAAAAAAAAAAAAAAAAAAAAAAAAAAAAAAAAAAAAAAAAAAAAAAAAAA
[2022-02-12T07:55:29.416709000Z DEBUG solana_bpf_loader_program] Program 8opHzTAnfzRpPEx21XtnrVTX28YQuCpAjcn1PczScKh consumed 22049 of 200000 compute units
[2022-02-12T07:55:29.416823000Z DEBUG solana_program_runtime::stable_log] Program 8opHzTAnfzRpPEx21XtnrVTX28YQuCpAjcn1PczScKh success
[2022-02-12T07:55:29.421368000Z DEBUG solana_program_runtime::stable_log] Program TokenkegQfeZyiNwAJbNbGKPFXCWuBvf9Ss623VQ5DA invoke [1]
[2022-02-12T07:55:29.421884000Z DEBUG solana_program_runtime::stable_log] Program log: Instruction: InitializeAccount
[2022-02-12T07:55:29.422954000Z DEBUG solana_bpf_loader_program] Program TokenkegQfeZyiNwAJbNbGKPFXCWuBvf9Ss623VQ5DA consumed 3411 of 200000 compute units
[2022-02-12T07:55:29.423027000Z DEBUG solana_program_runtime::stable_log] Program TokenkegQfeZyiNwAJbNbGKPFXCWuBvf9Ss623VQ5DA success
[2022-02-12T07:55:29.433938000Z DEBUG solana_program_runtime::stable_log] Program 4uQeVj5tqViQh7yWWGStvkEG1Zmhx6uasJtWCJziofM invoke [1]
[2022-02-12T07:55:29.434565000Z DEBUG solana_program_runtime::stable_log] Program log: Mango: AddPerpMarket DEPRECATED
[2022-02-12T07:55:29.440915000Z DEBUG solana_bpf_loader_program] Program 4uQeVj5tqViQh7yWWGStvkEG1Zmhx6uasJtWCJziofM consumed 20774 of 200000 compute units
[2022-02-12T07:55:29.440998000Z DEBUG solana_program_runtime::stable_log] Program 4uQeVj5tqViQh7yWWGStvkEG1Zmhx6uasJtWCJziofM success
[2022-02-12T07:55:29.446388000Z DEBUG solana_program_runtime::stable_log] Program 11111111111111111111111111111111 invoke [1]
[2022-02-12T07:55:29.446448000Z DEBUG solana_program_runtime::stable_log] Program 11111111111111111111111111111111 success
[2022-02-12T07:55:29.447267000Z DEBUG solana_program_runtime::stable_log] Program CiDwVBFgWV9E5MvXWoLgnEgn2hK7rJikbvfWavzAQz3 invoke [1]
[2022-02-12T07:55:29.447510000Z DEBUG solana_program_runtime::stable_log] Program 8opHzTAnfzRpPEx21XtnrVTX28YQuCpAjcn1PczScKh invoke [1]
[2022-02-12T07:55:29.447658000Z DEBUG solana_program_runtime::stable_log] Program log: Mango: CachePrices
[2022-02-12T07:55:29.447859000Z DEBUG solana_program_runtime::stable_log] Program log: Mango: CachePrices
[2022-02-12T07:55:29.448005000Z DEBUG solana_program_runtime::stable_log] Program log: mango-log
[2022-02-12T07:55:29.448191000Z DEBUG solana_program_runtime::stable_log] Program log: mango-log
[2022-02-12T07:55:29.448627000Z DEBUG solana_program_runtime::stable_log] Program log: ux0uSxX5tBsdpNUxIB4ST9NBwJC0EN1WUMF4EQKQvB+DdrD9MegGRAEAAAAAAAAAAAAAAAEAAAAAAAAAAAAQJwAAAAAAAAAA
[2022-02-12T07:55:29.448735000Z DEBUG solana_bpf_loader_program] Program CiDwVBFgWV9E5MvXWoLgnEgn2hK7rJikbvfWavzAQz3 consumed 3669 of 200000 compute units
[2022-02-12T07:55:29.448820000Z DEBUG solana_program_runtime::stable_log] Program log: ux0uSxX5tBtCw2BADXVkafMRnkycA784OHtZyLJJ1JSJzs6sevD1MgEAAAAAAAAAAAAAAAEAAAAAAAAAAAAQJwAAAAAAAAAA
[2022-02-12T07:55:29.448800000Z DEBUG solana_program_runtime::stable_log] Program CiDwVBFgWV9E5MvXWoLgnEgn2hK7rJikbvfWavzAQz3 success
[2022-02-12T07:55:29.448931000Z DEBUG solana_bpf_loader_program] Program 8opHzTAnfzRpPEx21XtnrVTX28YQuCpAjcn1PczScKh consumed 3669 of 200000 compute units
[2022-02-12T07:55:29.448986000Z DEBUG solana_program_runtime::stable_log] Program 8opHzTAnfzRpPEx21XtnrVTX28YQuCpAjcn1PczScKh success
[2022-02-12T07:55:29.449916000Z DEBUG solana_program_runtime::stable_log] Program 11111111111111111111111111111111 invoke [1]
[2022-02-12T07:55:29.449979000Z DEBUG solana_program_runtime::stable_log] Program 11111111111111111111111111111111 success
[2022-02-12T07:55:29.453370000Z DEBUG solana_program_runtime::stable_log] Program 11111111111111111111111111111111 invoke [1]
[2022-02-12T07:55:29.453429000Z DEBUG solana_program_runtime::stable_log] Program 11111111111111111111111111111111 success
[2022-02-12T07:55:29.457999000Z DEBUG solana_program_runtime::stable_log] Program 11111111111111111111111111111111 invoke [1]
[2022-02-12T07:55:29.458055000Z DEBUG solana_program_runtime::stable_log] Program 11111111111111111111111111111111 success
[2022-02-12T07:55:29.459150000Z DEBUG solana_program_runtime::stable_log] Program CiDwVBFgWV9E5MvXWoLgnEgn2hK7rJikbvfWavzAQz3 invoke [1]
[2022-02-12T07:55:29.459540000Z DEBUG solana_program_runtime::stable_log] Program log: Mango: UpdateRootBank
[2022-02-12T07:55:29.459759000Z DEBUG solana_program_runtime::stable_log] Program 8opHzTAnfzRpPEx21XtnrVTX28YQuCpAjcn1PczScKh invoke [1]
[2022-02-12T07:55:29.460161000Z DEBUG solana_program_runtime::stable_log] Program log: Mango: UpdateRootBank
[2022-02-12T07:55:29.461620000Z DEBUG solana_program_runtime::stable_log] Program 11111111111111111111111111111111 invoke [1]
[2022-02-12T07:55:29.461639000Z DEBUG solana_program_runtime::stable_log] Program log: mango-log
[2022-02-12T07:55:29.461674000Z DEBUG solana_program_runtime::stable_log] Program 11111111111111111111111111111111 success
[2022-02-12T07:55:29.462282000Z DEBUG solana_program_runtime::stable_log] Program log: 8HmBNKTUaLgdpNUxIB4ST9NBwJC0EN1WUMF4EQKQvB+DdrD9MegGRAAAAAAAAAAAAAAAAAAAQEIPAAAAAAAAAAAAAAAAAEBCDwAAAAAAAAA=
[2022-02-12T07:55:29.462306000Z DEBUG solana_program_runtime::stable_log] Program log: mango-log
[2022-02-12T07:55:29.462420000Z DEBUG solana_bpf_loader_program] Program CiDwVBFgWV9E5MvXWoLgnEgn2hK7rJikbvfWavzAQz3 consumed 9360 of 200000 compute units
[2022-02-12T07:55:29.462484000Z DEBUG solana_program_runtime::stable_log] Program CiDwVBFgWV9E5MvXWoLgnEgn2hK7rJikbvfWavzAQz3 success
[2022-02-12T07:55:29.462939000Z DEBUG solana_program_runtime::stable_log] Program log: 8HmBNKTUaLhCw2BADXVkafMRnkycA784OHtZyLJJ1JSJzs6sevD1MgAAAAAAAAAAAAAAAAAAQEIPAAAAAAAAAAAAAAAAAEBCDwAAAAAAAAA=
[2022-02-12T07:55:29.463069000Z DEBUG solana_bpf_loader_program] Program 8opHzTAnfzRpPEx21XtnrVTX28YQuCpAjcn1PczScKh consumed 9360 of 200000 compute units
[2022-02-12T07:55:29.463124000Z DEBUG solana_program_runtime::stable_log] Program 8opHzTAnfzRpPEx21XtnrVTX28YQuCpAjcn1PczScKh success
[2022-02-12T07:55:29.469380000Z DEBUG solana_program_runtime::stable_log] Program TokenkegQfeZyiNwAJbNbGKPFXCWuBvf9Ss623VQ5DA invoke [1]
[2022-02-12T07:55:29.469875000Z DEBUG solana_program_runtime::stable_log] Program log: Instruction: InitializeAccount
[2022-02-12T07:55:29.470877000Z DEBUG solana_bpf_loader_program] Program TokenkegQfeZyiNwAJbNbGKPFXCWuBvf9Ss623VQ5DA consumed 3411 of 200000 compute units
[2022-02-12T07:55:29.470934000Z DEBUG solana_program_runtime::stable_log] Program TokenkegQfeZyiNwAJbNbGKPFXCWuBvf9Ss623VQ5DA success
[2022-02-12T07:55:29.473851000Z DEBUG solana_program_runtime::stable_log] Program CiDwVBFgWV9E5MvXWoLgnEgn2hK7rJikbvfWavzAQz3 invoke [1]
[2022-02-12T07:55:29.474060000Z DEBUG solana_program_runtime::stable_log] Program 8opHzTAnfzRpPEx21XtnrVTX28YQuCpAjcn1PczScKh invoke [1]
[2022-02-12T07:55:29.474365000Z DEBUG solana_program_runtime::stable_log] Program log: Mango: UpdateFunding
[2022-02-12T07:55:29.474516000Z DEBUG solana_program_runtime::stable_log] Program log: Mango: UpdateFunding
[2022-02-12T07:55:29.475643000Z DEBUG solana_program_runtime::stable_log] Program log: mango-log
[2022-02-12T07:55:29.476261000Z DEBUG solana_program_runtime::stable_log] Program log: ta5iwCEXTXtCw2BADXVkafMRnkycA784OHtZyLJJ1JSJzs6sevD1MgAAAAAAAAAAAAAAAAAAAAAAAAAAAAAAAAAAAAAAAAAAAAAAAAAAAAA=
[2022-02-12T07:55:29.476413000Z DEBUG solana_bpf_loader_program] Program 8opHzTAnfzRpPEx21XtnrVTX28YQuCpAjcn1PczScKh consumed 6381 of 200000 compute units
[2022-02-12T07:55:29.476486000Z DEBUG solana_program_runtime::stable_log] Program 8opHzTAnfzRpPEx21XtnrVTX28YQuCpAjcn1PczScKh success
[2022-02-12T07:55:29.478093000Z DEBUG solana_program_runtime::stable_log] Program log: mango-log
[2022-02-12T07:55:29.478721000Z DEBUG solana_program_runtime::stable_log] Program log: ta5iwCEXTXsdpNUxIB4ST9NBwJC0EN1WUMF4EQKQvB+DdrD9MegGRAAAAAAAAAAAAAAAAAAAAAAAAAAAAAAAAAAAAAAAAAAAAAAAAAAAAAA=
[2022-02-12T07:55:29.478872000Z DEBUG solana_bpf_loader_program] Program CiDwVBFgWV9E5MvXWoLgnEgn2hK7rJikbvfWavzAQz3 consumed 14456 of 200000 compute units
[2022-02-12T07:55:29.478942000Z DEBUG solana_program_runtime::stable_log] Program CiDwVBFgWV9E5MvXWoLgnEgn2hK7rJikbvfWavzAQz3 success
[2022-02-12T07:55:29.483547000Z DEBUG solana_program_runtime::stable_log] Program 4uQeVj5tqViQh7yWWGStvkEG1Zmhx6uasJtWCJziofM invoke [1]
[2022-02-12T07:55:29.484182000Z DEBUG solana_program_runtime::stable_log] Program log: Mango: AddPerpMarket DEPRECATED
[2022-02-12T07:55:29.486669000Z DEBUG solana_program_runtime::stable_log] Program 8opHzTAnfzRpPEx21XtnrVTX28YQuCpAjcn1PczScKh invoke [1]
[2022-02-12T07:55:29.487088000Z DEBUG solana_program_runtime::stable_log] Program log: Mango: CacheRootBanks
[2022-02-12T07:55:29.487791000Z DEBUG solana_program_runtime::stable_log] Program log: mango-log
[2022-02-12T07:55:29.488732000Z DEBUG solana_program_runtime::stable_log] Program log: IVXYca/GfehCw2BADXVkafMRnkycA784OHtZyLJJ1JSJzs6sevD1MgIAAAAAAAAAAAAAAA8AAAAAAAAAAgAAAAAAAAAAAEBCDwAAAAAAAAAAAAAAAABAQg8AAAAAAAAAAgAAAAAAAAAAAEBCDwAAAAAAAAAAAAAAAABAQg8AAAAAAAAA
[2022-02-12T07:55:29.488862000Z DEBUG solana_bpf_loader_program] Program 8opHzTAnfzRpPEx21XtnrVTX28YQuCpAjcn1PczScKh consumed 5857 of 200000 compute units
[2022-02-12T07:55:29.488920000Z DEBUG solana_program_runtime::stable_log] Program 8opHzTAnfzRpPEx21XtnrVTX28YQuCpAjcn1PczScKh success
[2022-02-12T07:55:29.488947000Z DEBUG solana_program_runtime::stable_log] Program CiDwVBFgWV9E5MvXWoLgnEgn2hK7rJikbvfWavzAQz3 invoke [1]
[2022-02-12T07:55:29.489345000Z DEBUG solana_program_runtime::stable_log] Program log: Mango: CacheRootBanks
[2022-02-12T07:55:29.490039000Z DEBUG solana_program_runtime::stable_log] Program log: mango-log
[2022-02-12T07:55:29.490704000Z DEBUG solana_bpf_loader_program] Program 4uQeVj5tqViQh7yWWGStvkEG1Zmhx6uasJtWCJziofM consumed 20813 of 200000 compute units
[2022-02-12T07:55:29.490793000Z DEBUG solana_program_runtime::stable_log] Program 4uQeVj5tqViQh7yWWGStvkEG1Zmhx6uasJtWCJziofM success
[2022-02-12T07:55:29.490975000Z DEBUG solana_program_runtime::stable_log] Program log: IVXYca/GfegdpNUxIB4ST9NBwJC0EN1WUMF4EQKQvB+DdrD9MegGRAIAAAAAAAAAAAAAAA8AAAAAAAAAAgAAAAAAAAAAAEBCDwAAAAAAAAAAAAAAAABAQg8AAAAAAAAAAgAAAAAAAAAAAEBCDwAAAAAAAAAAAAAAAABAQg8AAAAAAAAA
[2022-02-12T07:55:29.491109000Z DEBUG solana_bpf_loader_program] Program CiDwVBFgWV9E5MvXWoLgnEgn2hK7rJikbvfWavzAQz3 consumed 5857 of 200000 compute units
[2022-02-12T07:55:29.491163000Z DEBUG solana_program_runtime::stable_log] Program CiDwVBFgWV9E5MvXWoLgnEgn2hK7rJikbvfWavzAQz3 success
[2022-02-12T07:55:29.494797000Z DEBUG solana_program_runtime::stable_log] Program 11111111111111111111111111111111 invoke [1]
[2022-02-12T07:55:29.494878000Z DEBUG solana_program_runtime::stable_log] Program 11111111111111111111111111111111 success
[2022-02-12T07:55:29.498284000Z DEBUG solana_program_runtime::stable_log] Program 11111111111111111111111111111111 invoke [1]
[2022-02-12T07:55:29.498334000Z DEBUG solana_program_runtime::stable_log] Program 11111111111111111111111111111111 success
[2022-02-12T07:55:29.499513000Z DEBUG solana_program_runtime::stable_log] Program 8opHzTAnfzRpPEx21XtnrVTX28YQuCpAjcn1PczScKh invoke [1]
[2022-02-12T07:55:29.499854000Z DEBUG solana_program_runtime::stable_log] Program log: Mango: CachePerpMarkets
[2022-02-12T07:55:29.500250000Z DEBUG solana_program_runtime::stable_log] Program log: mango-log
[2022-02-12T07:55:29.501001000Z DEBUG solana_program_runtime::stable_log] Program log: 9lt9JxCzqw5Cw2BADXVkafMRnkycA784OHtZyLJJ1JSJzs6sevD1MgEAAAAAAAAAAAAAAAEAAAAAAAAAAAAAAAAAAAAAAAAAAQAAAAAAAAAAAAAAAAAAAAAAAAA=
[2022-02-12T07:55:29.501105000Z DEBUG solana_bpf_loader_program] Program 8opHzTAnfzRpPEx21XtnrVTX28YQuCpAjcn1PczScKh consumed 4331 of 200000 compute units
[2022-02-12T07:55:29.501160000Z DEBUG solana_program_runtime::stable_log] Program 8opHzTAnfzRpPEx21XtnrVTX28YQuCpAjcn1PczScKh success
[2022-02-12T07:55:29.501394000Z DEBUG solana_program_runtime::stable_log] Program CiDwVBFgWV9E5MvXWoLgnEgn2hK7rJikbvfWavzAQz3 invoke [1]
[2022-02-12T07:55:29.501657000Z DEBUG solana_program_runtime::stable_log] Program 11111111111111111111111111111111 invoke [1]
[2022-02-12T07:55:29.501707000Z DEBUG solana_program_runtime::stable_log] Program 11111111111111111111111111111111 success
[2022-02-12T07:55:29.501731000Z DEBUG solana_program_runtime::stable_log] Program log: Mango: CachePerpMarkets
[2022-02-12T07:55:29.502123000Z DEBUG solana_program_runtime::stable_log] Program log: mango-log
[2022-02-12T07:55:29.502859000Z DEBUG solana_program_runtime::stable_log] Program log: 9lt9JxCzqw4dpNUxIB4ST9NBwJC0EN1WUMF4EQKQvB+DdrD9MegGRAEAAAAAAAAAAAAAAAEAAAAAAAAAAAAAAAAAAAAAAAAAAQAAAAAAAAAAAAAAAAAAAAAAAAA=
[2022-02-12T07:55:29.502965000Z DEBUG solana_bpf_loader_program] Program CiDwVBFgWV9E5MvXWoLgnEgn2hK7rJikbvfWavzAQz3 consumed 4331 of 200000 compute units
[2022-02-12T07:55:29.503020000Z DEBUG solana_program_runtime::stable_log] Program CiDwVBFgWV9E5MvXWoLgnEgn2hK7rJikbvfWavzAQz3 success
[2022-02-12T07:55:29.505148000Z DEBUG solana_program_runtime::stable_log] Program 11111111111111111111111111111111 invoke [1]
[2022-02-12T07:55:29.505206000Z DEBUG solana_program_runtime::stable_log] Program 11111111111111111111111111111111 success
[2022-02-12T07:55:29.508926000Z DEBUG solana_program_runtime::stable_log] Program 11111111111111111111111111111111 invoke [1]
[2022-02-12T07:55:29.509011000Z DEBUG solana_program_runtime::stable_log] Program 11111111111111111111111111111111 success
[2022-02-12T07:55:29.512574000Z DEBUG solana_program_runtime::stable_log] Program 8opHzTAnfzRpPEx21XtnrVTX28YQuCpAjcn1PczScKh invoke [1]
[2022-02-12T07:55:29.513267000Z DEBUG solana_program_runtime::stable_log] Program log: Mango: ConsumeEvents limit=3
[2022-02-12T07:55:29.515174000Z DEBUG solana_program_runtime::stable_log] Program log: mango-log
[2022-02-12T07:55:29.515841000Z DEBUG solana_program_runtime::stable_log] Program log: 9qpXciJ+y8RCw2BADXVkafMRnkycA784OHtZyLJJ1JSJzs6sevD1MkuzdH6w3Me0i7cuojZ+cu1gwNDOVUPMolY8H+b/x77FAAAAAAAAAAAAAAAAAAAAAA==
[2022-02-12T07:55:29.515886000Z DEBUG solana_program_runtime::stable_log] Program log: mango-log
[2022-02-12T07:55:29.516914000Z DEBUG solana_program_runtime::stable_log] Program log: hz686jV+LtlCw2BADXVkafMRnkycA784OHtZyLJJ1JSJzs6sevD1MkuzdH6w3Me0i7cuojZ+cu1gwNDOVUPMolY8H+b/x77FAAAAAAAAAADw2P///////wBUvfn+//8CFk4CAAAAAAAAAAAAAAAAAAAAAAAAAAAAAAAAAAAAAAAAAAAAAAAAAAAAAAAAAAAAAAAAAAAAAAAAAAAAAAAAAAAAAAAAAAAA
[2022-02-12T07:55:29.516958000Z DEBUG solana_program_runtime::stable_log] Program log: mango-log
[2022-02-12T07:55:29.516973000Z DEBUG solana_program_runtime::stable_log] Program TokenkegQfeZyiNwAJbNbGKPFXCWuBvf9Ss623VQ5DA invoke [1]
[2022-02-12T07:55:29.517484000Z DEBUG solana_program_runtime::stable_log] Program log: Instruction: InitializeAccount
[2022-02-12T07:55:29.517975000Z DEBUG solana_program_runtime::stable_log] Program log: hz686jV+LtlCw2BADXVkafMRnkycA784OHtZyLJJ1JSJzs6sevD1MiYQZOjSGRhfscQ3BZ/FC4bwzEBYL0bau8SqwPhBtbySAAAAAAAAAAAQJwAAAAAAAABUvfn+//86/qX9//////8AAAAAAAAAAAAAAAAAAAAAAAAAAAAAAAAAAAAAAAAAAAAAAAAAAAAAAAAAAAAAAAAAAAAAAAAAAAAAAAAAAAAA
[2022-02-12T07:55:29.518011000Z DEBUG solana_program_runtime::stable_log] Program log: mango-log
[2022-02-12T07:55:29.518527000Z DEBUG solana_bpf_loader_program] Program TokenkegQfeZyiNwAJbNbGKPFXCWuBvf9Ss623VQ5DA consumed 3411 of 200000 compute units
[2022-02-12T07:55:29.518592000Z DEBUG solana_program_runtime::stable_log] Program TokenkegQfeZyiNwAJbNbGKPFXCWuBvf9Ss623VQ5DA success
[2022-02-12T07:55:29.519210000Z DEBUG solana_program_runtime::stable_log] Program log: lhcplJii10BCw2BADXVkafMRnkycA784OHtZyLJJ1JSJzs6sevD1MgAAAAAAAAAAAAAB8GcHYgAAAAAAAAAAAAAAAEuzdH6w3Me0i7cuojZ+cu1gwNDOVUPMolY8H+b/x77FAQAAAAAAAACghgEAAAAAABAnAAAAAAAAw/UoXI8CAAAAAAAAAAAAAKCGAQAAAAAA8GcHYgAAAAAmEGTo0hkYX7HENwWfxQuG8MxAWC9G2rvEqsD4QbW8kv3/////////oIYBAAAAAAARJwAAAAAAAMP1KFyPAgAAAAAAAAAAAACghgEAAAAAABAnAAAAAAAA
[2022-02-12T07:55:29.519409000Z DEBUG solana_bpf_loader_program] Program 8opHzTAnfzRpPEx21XtnrVTX28YQuCpAjcn1PczScKh consumed 19818 of 200000 compute units
[2022-02-12T07:55:29.519481000Z DEBUG solana_program_runtime::stable_log] Program 8opHzTAnfzRpPEx21XtnrVTX28YQuCpAjcn1PczScKh success
[2022-02-12T07:55:29.529494000Z DEBUG solana_program_runtime::stable_log] Program 4uQeVj5tqViQh7yWWGStvkEG1Zmhx6uasJtWCJziofM invoke [1]
[2022-02-12T07:55:29.530150000Z DEBUG solana_program_runtime::stable_log] Program log: Mango: AddPerpMarket DEPRECATED
[2022-02-12T07:55:29.536560000Z DEBUG solana_bpf_loader_program] Program 4uQeVj5tqViQh7yWWGStvkEG1Zmhx6uasJtWCJziofM consumed 20852 of 200000 compute units
[2022-02-12T07:55:29.536660000Z DEBUG solana_program_runtime::stable_log] Program 4uQeVj5tqViQh7yWWGStvkEG1Zmhx6uasJtWCJziofM success
[2022-02-12T07:55:29.541903000Z DEBUG solana_program_runtime::stable_log] Program 11111111111111111111111111111111 invoke [1]
[2022-02-12T07:55:29.541993000Z DEBUG solana_program_runtime::stable_log] Program 11111111111111111111111111111111 success
[2022-02-12T07:55:29.546589000Z DEBUG solana_program_runtime::stable_log] Program 11111111111111111111111111111111 invoke [1]
[2022-02-12T07:55:29.546643000Z DEBUG solana_program_runtime::stable_log] Program 11111111111111111111111111111111 success
[2022-02-12T07:55:29.549083000Z DEBUG solana_program_runtime::stable_log] Program 8opHzTAnfzRpPEx21XtnrVTX28YQuCpAjcn1PczScKh invoke [1]
[2022-02-12T07:55:29.549441000Z DEBUG solana_program_runtime::stable_log] Program log: Mango: CachePrices
[2022-02-12T07:55:29.549784000Z DEBUG solana_program_runtime::stable_log] Program log: mango-log
[2022-02-12T07:55:29.550010000Z DEBUG solana_program_runtime::stable_log] Program 11111111111111111111111111111111 invoke [1]
[2022-02-12T07:55:29.550061000Z DEBUG solana_program_runtime::stable_log] Program 11111111111111111111111111111111 success
[2022-02-12T07:55:29.550402000Z DEBUG solana_program_runtime::stable_log] Program log: ux0uSxX5tBtCw2BADXVkafMRnkycA784OHtZyLJJ1JSJzs6sevD1MgEAAAAAAAAAAAAAAAEAAAAAAAAAAAAQJwAAAAAAAAAA
[2022-02-12T07:55:29.550513000Z DEBUG solana_bpf_loader_program] Program 8opHzTAnfzRpPEx21XtnrVTX28YQuCpAjcn1PczScKh consumed 3669 of 200000 compute units
[2022-02-12T07:55:29.550581000Z DEBUG solana_program_runtime::stable_log] Program 8opHzTAnfzRpPEx21XtnrVTX28YQuCpAjcn1PczScKh success
[2022-02-12T07:55:29.553400000Z DEBUG solana_program_runtime::stable_log] Program 11111111111111111111111111111111 invoke [1]
[2022-02-12T07:55:29.553460000Z DEBUG solana_program_runtime::stable_log] Program 11111111111111111111111111111111 success
[2022-02-12T07:55:29.557088000Z DEBUG solana_program_runtime::stable_log] Program 11111111111111111111111111111111 invoke [1]
[2022-02-12T07:55:29.557150000Z DEBUG solana_program_runtime::stable_log] Program 11111111111111111111111111111111 success
[2022-02-12T07:55:29.561397000Z DEBUG solana_program_runtime::stable_log] Program 8opHzTAnfzRpPEx21XtnrVTX28YQuCpAjcn1PczScKh invoke [1]
[2022-02-12T07:55:29.561797000Z DEBUG solana_program_runtime::stable_log] Program log: Mango: UpdateRootBank
[2022-02-12T07:55:29.563912000Z DEBUG solana_program_runtime::stable_log] Program log: mango-log
[2022-02-12T07:55:29.564527000Z DEBUG solana_program_runtime::stable_log] Program log: 8HmBNKTUaLhCw2BADXVkafMRnkycA784OHtZyLJJ1JSJzs6sevD1MgAAAAAAAAAAAAAAAAAAQEIPAAAAAAAAAAAAAAAAAEBCDwAAAAAAAAA=
[2022-02-12T07:55:29.564653000Z DEBUG solana_bpf_loader_program] Program 8opHzTAnfzRpPEx21XtnrVTX28YQuCpAjcn1PczScKh consumed 9360 of 200000 compute units
[2022-02-12T07:55:29.564710000Z DEBUG solana_program_runtime::stable_log] Program 8opHzTAnfzRpPEx21XtnrVTX28YQuCpAjcn1PczScKh success
[2022-02-12T07:55:29.565075000Z DEBUG solana_program_runtime::stable_log] Program TokenkegQfeZyiNwAJbNbGKPFXCWuBvf9Ss623VQ5DA invoke [1]
[2022-02-12T07:55:29.565603000Z DEBUG solana_program_runtime::stable_log] Program log: Instruction: InitializeAccount
[2022-02-12T07:55:29.566636000Z DEBUG solana_bpf_loader_program] Program TokenkegQfeZyiNwAJbNbGKPFXCWuBvf9Ss623VQ5DA consumed 3411 of 200000 compute units
[2022-02-12T07:55:29.566692000Z DEBUG solana_program_runtime::stable_log] Program TokenkegQfeZyiNwAJbNbGKPFXCWuBvf9Ss623VQ5DA success
[2022-02-12T07:55:29.575844000Z DEBUG solana_program_runtime::stable_log] Program 8opHzTAnfzRpPEx21XtnrVTX28YQuCpAjcn1PczScKh invoke [1]
[2022-02-12T07:55:29.576323000Z DEBUG solana_program_runtime::stable_log] Program log: Mango: UpdateFunding
[2022-02-12T07:55:29.577454000Z DEBUG solana_program_runtime::stable_log] Program log: mango-log
[2022-02-12T07:55:29.578039000Z DEBUG solana_program_runtime::stable_log] Program 4uQeVj5tqViQh7yWWGStvkEG1Zmhx6uasJtWCJziofM invoke [1]
[2022-02-12T07:55:29.578076000Z DEBUG solana_program_runtime::stable_log] Program log: ta5iwCEXTXtCw2BADXVkafMRnkycA784OHtZyLJJ1JSJzs6sevD1MgAAAAAAAAAAAAAAAAAAAAAAAAAAAAAAAAAAAAAAAAAAAAAAAAAAAAA=
[2022-02-12T07:55:29.578226000Z DEBUG solana_bpf_loader_program] Program 8opHzTAnfzRpPEx21XtnrVTX28YQuCpAjcn1PczScKh consumed 6381 of 200000 compute units
[2022-02-12T07:55:29.578299000Z DEBUG solana_program_runtime::stable_log] Program 8opHzTAnfzRpPEx21XtnrVTX28YQuCpAjcn1PczScKh success
[2022-02-12T07:55:29.578690000Z DEBUG solana_program_runtime::stable_log] Program log: Mango: AddPerpMarket DEPRECATED
test test_place_perp_order ... ok
[2022-02-12T07:55:29.585167000Z DEBUG solana_bpf_loader_program] Program 4uQeVj5tqViQh7yWWGStvkEG1Zmhx6uasJtWCJziofM consumed 20891 of 200000 compute units
[2022-02-12T07:55:29.585274000Z DEBUG solana_program_runtime::stable_log] Program 4uQeVj5tqViQh7yWWGStvkEG1Zmhx6uasJtWCJziofM success
[2022-02-12T07:55:29.588766000Z DEBUG solana_program_runtime::stable_log] Program 8opHzTAnfzRpPEx21XtnrVTX28YQuCpAjcn1PczScKh invoke [1]
[2022-02-12T07:55:29.589168000Z DEBUG solana_program_runtime::stable_log] Program log: Mango: CacheRootBanks
[2022-02-12T07:55:29.589475000Z DEBUG solana_program_runtime::stable_log] Program 11111111111111111111111111111111 invoke [1]
[2022-02-12T07:55:29.589541000Z DEBUG solana_program_runtime::stable_log] Program 11111111111111111111111111111111 success
[2022-02-12T07:55:29.589867000Z DEBUG solana_program_runtime::stable_log] Program log: mango-log
[2022-02-12T07:55:29.590787000Z DEBUG solana_program_runtime::stable_log] Program log: IVXYca/GfehCw2BADXVkafMRnkycA784OHtZyLJJ1JSJzs6sevD1MgIAAAAAAAAAAAAAAA8AAAAAAAAAAgAAAAAAAAAAAEBCDwAAAAAAAAAAAAAAAABAQg8AAAAAAAAAAgAAAAAAAAAAAEBCDwAAAAAAAAAAAAAAAABAQg8AAAAAAAAA
[2022-02-12T07:55:29.590912000Z DEBUG solana_bpf_loader_program] Program 8opHzTAnfzRpPEx21XtnrVTX28YQuCpAjcn1PczScKh consumed 5857 of 200000 compute units
[2022-02-12T07:55:29.590972000Z DEBUG solana_program_runtime::stable_log] Program 8opHzTAnfzRpPEx21XtnrVTX28YQuCpAjcn1PczScKh success
[2022-02-12T07:55:29.592948000Z DEBUG solana_program_runtime::stable_log] Program 11111111111111111111111111111111 invoke [1]
[2022-02-12T07:55:29.593002000Z DEBUG solana_program_runtime::stable_log] Program 11111111111111111111111111111111 success
[2022-02-12T07:55:29.596452000Z DEBUG solana_program_runtime::stable_log] Program 11111111111111111111111111111111 invoke [1]
[2022-02-12T07:55:29.596513000Z DEBUG solana_program_runtime::stable_log] Program 11111111111111111111111111111111 success
[2022-02-12T07:55:29.599893000Z DEBUG solana_program_runtime::stable_log] Program 11111111111111111111111111111111 invoke [1]
[2022-02-12T07:55:29.599947000Z DEBUG solana_program_runtime::stable_log] Program 11111111111111111111111111111111 success
[2022-02-12T07:55:29.601424000Z DEBUG solana_program_runtime::stable_log] Program 8opHzTAnfzRpPEx21XtnrVTX28YQuCpAjcn1PczScKh invoke [1]
[2022-02-12T07:55:29.601767000Z DEBUG solana_program_runtime::stable_log] Program log: Mango: CachePerpMarkets
[2022-02-12T07:55:29.602164000Z DEBUG solana_program_runtime::stable_log] Program log: mango-log
[2022-02-12T07:55:29.602915000Z DEBUG solana_program_runtime::stable_log] Program log: 9lt9JxCzqw5Cw2BADXVkafMRnkycA784OHtZyLJJ1JSJzs6sevD1MgEAAAAAAAAAAAAAAAEAAAAAAAAAAAAAAAAAAAAAAAAAAQAAAAAAAAAAAAAAAAAAAAAAAAA=
[2022-02-12T07:55:29.603025000Z DEBUG solana_bpf_loader_program] Program 8opHzTAnfzRpPEx21XtnrVTX28YQuCpAjcn1PczScKh consumed 4331 of 200000 compute units
[2022-02-12T07:55:29.603084000Z DEBUG solana_program_runtime::stable_log] Program 8opHzTAnfzRpPEx21XtnrVTX28YQuCpAjcn1PczScKh success
[2022-02-12T07:55:29.603591000Z DEBUG solana_program_runtime::stable_log] Program 11111111111111111111111111111111 invoke [1]
[2022-02-12T07:55:29.603639000Z DEBUG solana_program_runtime::stable_log] Program 11111111111111111111111111111111 success
[2022-02-12T07:55:29.611619000Z DEBUG solana_program_runtime::stable_log] Program TokenkegQfeZyiNwAJbNbGKPFXCWuBvf9Ss623VQ5DA invoke [1]
[2022-02-12T07:55:29.612142000Z DEBUG solana_program_runtime::stable_log] Program log: Instruction: InitializeAccount
[2022-02-12T07:55:29.613190000Z DEBUG solana_bpf_loader_program] Program TokenkegQfeZyiNwAJbNbGKPFXCWuBvf9Ss623VQ5DA consumed 3411 of 200000 compute units
[2022-02-12T07:55:29.613254000Z DEBUG solana_program_runtime::stable_log] Program TokenkegQfeZyiNwAJbNbGKPFXCWuBvf9Ss623VQ5DA success
[2022-02-12T07:55:29.626107000Z DEBUG solana_program_runtime::stable_log] Program 4uQeVj5tqViQh7yWWGStvkEG1Zmhx6uasJtWCJziofM invoke [1]
[2022-02-12T07:55:29.626808000Z DEBUG solana_program_runtime::stable_log] Program log: Mango: AddPerpMarket DEPRECATED
[2022-02-12T07:55:29.633257000Z DEBUG solana_bpf_loader_program] Program 4uQeVj5tqViQh7yWWGStvkEG1Zmhx6uasJtWCJziofM consumed 20930 of 200000 compute units
[2022-02-12T07:55:29.633342000Z DEBUG solana_program_runtime::stable_log] Program 4uQeVj5tqViQh7yWWGStvkEG1Zmhx6uasJtWCJziofM success
[2022-02-12T07:55:29.634417000Z DEBUG solana_program_runtime::stable_log] Program 8opHzTAnfzRpPEx21XtnrVTX28YQuCpAjcn1PczScKh invoke [1]
[2022-02-12T07:55:29.634758000Z DEBUG solana_program_runtime::stable_log] Program log: Mango: CachePrices
[2022-02-12T07:55:29.635102000Z DEBUG solana_program_runtime::stable_log] Program log: mango-log
[2022-02-12T07:55:29.635726000Z DEBUG solana_program_runtime::stable_log] Program log: ux0uSxX5tBtCw2BADXVkafMRnkycA784OHtZyLJJ1JSJzs6sevD1MgEAAAAAAAAAAAAAAAEAAAAAAAAAAAAQJwAAAAAAAAAA
[2022-02-12T07:55:29.635837000Z DEBUG solana_bpf_loader_program] Program 8opHzTAnfzRpPEx21XtnrVTX28YQuCpAjcn1PczScKh consumed 3669 of 200000 compute units
[2022-02-12T07:55:29.635892000Z DEBUG solana_program_runtime::stable_log] Program 8opHzTAnfzRpPEx21XtnrVTX28YQuCpAjcn1PczScKh success
[2022-02-12T07:55:29.637910000Z DEBUG solana_program_runtime::stable_log] Program 11111111111111111111111111111111 invoke [1]
[2022-02-12T07:55:29.637973000Z DEBUG solana_program_runtime::stable_log] Program 11111111111111111111111111111111 success
[2022-02-12T07:55:29.642586000Z DEBUG solana_program_runtime::stable_log] Program 11111111111111111111111111111111 invoke [1]
[2022-02-12T07:55:29.642645000Z DEBUG solana_program_runtime::stable_log] Program 11111111111111111111111111111111 success
[2022-02-12T07:55:29.646021000Z DEBUG solana_program_runtime::stable_log] Program 11111111111111111111111111111111 invoke [1]
[2022-02-12T07:55:29.646079000Z DEBUG solana_program_runtime::stable_log] Program 11111111111111111111111111111111 success
[2022-02-12T07:55:29.646471000Z DEBUG solana_program_runtime::stable_log] Program 8opHzTAnfzRpPEx21XtnrVTX28YQuCpAjcn1PczScKh invoke [1]
[2022-02-12T07:55:29.646880000Z DEBUG solana_program_runtime::stable_log] Program log: Mango: UpdateRootBank
[2022-02-12T07:55:29.648998000Z DEBUG solana_program_runtime::stable_log] Program log: mango-log
[2022-02-12T07:55:29.649475000Z DEBUG solana_program_runtime::stable_log] Program 11111111111111111111111111111111 invoke [1]
[2022-02-12T07:55:29.649529000Z DEBUG solana_program_runtime::stable_log] Program 11111111111111111111111111111111 success
[2022-02-12T07:55:29.649616000Z DEBUG solana_program_runtime::stable_log] Program log: 8HmBNKTUaLhCw2BADXVkafMRnkycA784OHtZyLJJ1JSJzs6sevD1MgAAAAAAAAAAAAAAAAAAQEIPAAAAAAAAAAAAAAAAAEBCDwAAAAAAAAA=
[2022-02-12T07:55:29.649743000Z DEBUG solana_bpf_loader_program] Program 8opHzTAnfzRpPEx21XtnrVTX28YQuCpAjcn1PczScKh consumed 9360 of 200000 compute units
[2022-02-12T07:55:29.649800000Z DEBUG solana_program_runtime::stable_log] Program 8opHzTAnfzRpPEx21XtnrVTX28YQuCpAjcn1PczScKh success
[2022-02-12T07:55:29.653147000Z DEBUG solana_program_runtime::stable_log] Program 11111111111111111111111111111111 invoke [1]
[2022-02-12T07:55:29.653209000Z DEBUG solana_program_runtime::stable_log] Program 11111111111111111111111111111111 success
[2022-02-12T07:55:29.661058000Z DEBUG solana_program_runtime::stable_log] Program 8opHzTAnfzRpPEx21XtnrVTX28YQuCpAjcn1PczScKh invoke [1]
[2022-02-12T07:55:29.661252000Z DEBUG solana_program_runtime::stable_log] Program TokenkegQfeZyiNwAJbNbGKPFXCWuBvf9Ss623VQ5DA invoke [1]
[2022-02-12T07:55:29.661516000Z DEBUG solana_program_runtime::stable_log] Program log: Mango: UpdateFunding
[2022-02-12T07:55:29.661762000Z DEBUG solana_program_runtime::stable_log] Program log: Instruction: InitializeAccount
[2022-02-12T07:55:29.662636000Z DEBUG solana_program_runtime::stable_log] Program log: mango-log
[2022-02-12T07:55:29.662801000Z DEBUG solana_bpf_loader_program] Program TokenkegQfeZyiNwAJbNbGKPFXCWuBvf9Ss623VQ5DA consumed 3411 of 200000 compute units
[2022-02-12T07:55:29.662864000Z DEBUG solana_program_runtime::stable_log] Program TokenkegQfeZyiNwAJbNbGKPFXCWuBvf9Ss623VQ5DA success
[2022-02-12T07:55:29.663282000Z DEBUG solana_program_runtime::stable_log] Program log: ta5iwCEXTXtCw2BADXVkafMRnkycA784OHtZyLJJ1JSJzs6sevD1MgAAAAAAAAAAAAAAAAAAAAAAAAAAAAAAAAAAAAAAAAAAAAAAAAAAAAA=
[2022-02-12T07:55:29.663441000Z DEBUG solana_bpf_loader_program] Program 8opHzTAnfzRpPEx21XtnrVTX28YQuCpAjcn1PczScKh consumed 6381 of 200000 compute units
[2022-02-12T07:55:29.663515000Z DEBUG solana_program_runtime::stable_log] Program 8opHzTAnfzRpPEx21XtnrVTX28YQuCpAjcn1PczScKh success
[2022-02-12T07:55:29.673265000Z DEBUG solana_program_runtime::stable_log] Program 8opHzTAnfzRpPEx21XtnrVTX28YQuCpAjcn1PczScKh invoke [1]
[2022-02-12T07:55:29.673652000Z DEBUG solana_program_runtime::stable_log] Program log: Mango: CacheRootBanks
[2022-02-12T07:55:29.673805000Z DEBUG solana_program_runtime::stable_log] Program 4uQeVj5tqViQh7yWWGStvkEG1Zmhx6uasJtWCJziofM invoke [1]
[2022-02-12T07:55:29.674315000Z DEBUG solana_program_runtime::stable_log] Program log: mango-log
[2022-02-12T07:55:29.674461000Z DEBUG solana_program_runtime::stable_log] Program log: Mango: AddPerpMarket DEPRECATED
[2022-02-12T07:55:29.675210000Z DEBUG solana_program_runtime::stable_log] Program log: IVXYca/GfehCw2BADXVkafMRnkycA784OHtZyLJJ1JSJzs6sevD1MgIAAAAAAAAAAAAAAA8AAAAAAAAAAgAAAAAAAAAAAEBCDwAAAAAAAAAAAAAAAABAQg8AAAAAAAAAAgAAAAAAAAAAAEBCDwAAAAAAAAAAAAAAAABAQg8AAAAAAAAA
[2022-02-12T07:55:29.675351000Z DEBUG solana_bpf_loader_program] Program 8opHzTAnfzRpPEx21XtnrVTX28YQuCpAjcn1PczScKh consumed 5857 of 200000 compute units
[2022-02-12T07:55:29.675405000Z DEBUG solana_program_runtime::stable_log] Program 8opHzTAnfzRpPEx21XtnrVTX28YQuCpAjcn1PczScKh success
[2022-02-12T07:55:29.680922000Z DEBUG solana_bpf_loader_program] Program 4uQeVj5tqViQh7yWWGStvkEG1Zmhx6uasJtWCJziofM consumed 20969 of 200000 compute units
[2022-02-12T07:55:29.681020000Z DEBUG solana_program_runtime::stable_log] Program 4uQeVj5tqViQh7yWWGStvkEG1Zmhx6uasJtWCJziofM success
[2022-02-12T07:55:29.684935000Z DEBUG solana_program_runtime::stable_log] Program 11111111111111111111111111111111 invoke [1]
[2022-02-12T07:55:29.685000000Z DEBUG solana_program_runtime::stable_log] Program 11111111111111111111111111111111 success
[2022-02-12T07:55:29.686181000Z DEBUG solana_program_runtime::stable_log] Program 8opHzTAnfzRpPEx21XtnrVTX28YQuCpAjcn1PczScKh invoke [1]
[2022-02-12T07:55:29.686542000Z DEBUG solana_program_runtime::stable_log] Program log: Mango: CachePerpMarkets
[2022-02-12T07:55:29.686952000Z DEBUG solana_program_runtime::stable_log] Program log: mango-log
[2022-02-12T07:55:29.687705000Z DEBUG solana_program_runtime::stable_log] Program log: 9lt9JxCzqw5Cw2BADXVkafMRnkycA784OHtZyLJJ1JSJzs6sevD1MgEAAAAAAAAAAAAAAAEAAAAAAAAAAAAAAAAAAAAAAAAAAQAAAAAAAAAAAAAAAAAAAAAAAAA=
[2022-02-12T07:55:29.687816000Z DEBUG solana_bpf_loader_program] Program 8opHzTAnfzRpPEx21XtnrVTX28YQuCpAjcn1PczScKh consumed 4331 of 200000 compute units
[2022-02-12T07:55:29.687871000Z DEBUG solana_program_runtime::stable_log] Program 8opHzTAnfzRpPEx21XtnrVTX28YQuCpAjcn1PczScKh success
[2022-02-12T07:55:29.688611000Z DEBUG solana_program_runtime::stable_log] Program 11111111111111111111111111111111 invoke [1]
[2022-02-12T07:55:29.688661000Z DEBUG solana_program_runtime::stable_log] Program 11111111111111111111111111111111 success
[2022-02-12T07:55:29.692094000Z DEBUG solana_program_runtime::stable_log] Program 11111111111111111111111111111111 invoke [1]
[2022-02-12T07:55:29.692167000Z DEBUG solana_program_runtime::stable_log] Program 11111111111111111111111111111111 success
[2022-02-12T07:55:29.695518000Z DEBUG solana_program_runtime::stable_log] Program 11111111111111111111111111111111 invoke [1]
[2022-02-12T07:55:29.695578000Z DEBUG solana_program_runtime::stable_log] Program 11111111111111111111111111111111 success
[2022-02-12T07:55:29.699149000Z DEBUG solana_program_runtime::stable_log] Program 11111111111111111111111111111111 invoke [1]
[2022-02-12T07:55:29.699201000Z DEBUG solana_program_runtime::stable_log] Program 11111111111111111111111111111111 success
[2022-02-12T07:55:29.707250000Z DEBUG solana_program_runtime::stable_log] Program TokenkegQfeZyiNwAJbNbGKPFXCWuBvf9Ss623VQ5DA invoke [1]
[2022-02-12T07:55:29.707787000Z DEBUG solana_program_runtime::stable_log] Program log: Instruction: InitializeAccount
[2022-02-12T07:55:29.708838000Z DEBUG solana_bpf_loader_program] Program TokenkegQfeZyiNwAJbNbGKPFXCWuBvf9Ss623VQ5DA consumed 3411 of 200000 compute units
[2022-02-12T07:55:29.708900000Z DEBUG solana_program_runtime::stable_log] Program TokenkegQfeZyiNwAJbNbGKPFXCWuBvf9Ss623VQ5DA success
[2022-02-12T07:55:29.719786000Z DEBUG solana_program_runtime::stable_log] Program 8opHzTAnfzRpPEx21XtnrVTX28YQuCpAjcn1PczScKh invoke [1]
[2022-02-12T07:55:29.719858000Z DEBUG solana_program_runtime::stable_log] Program 4uQeVj5tqViQh7yWWGStvkEG1Zmhx6uasJtWCJziofM invoke [1]
[2022-02-12T07:55:29.720142000Z DEBUG solana_program_runtime::stable_log] Program log: Mango: CachePrices
[2022-02-12T07:55:29.720485000Z DEBUG solana_program_runtime::stable_log] Program log: mango-log
[2022-02-12T07:55:29.720494000Z DEBUG solana_program_runtime::stable_log] Program log: Mango: AddPerpMarket DEPRECATED
[2022-02-12T07:55:29.721085000Z DEBUG solana_program_runtime::stable_log] Program log: ux0uSxX5tBtCw2BADXVkafMRnkycA784OHtZyLJJ1JSJzs6sevD1MgEAAAAAAAAAAAAAAAEAAAAAAAAAAAAQJwAAAAAAAAAA
[2022-02-12T07:55:29.721199000Z DEBUG solana_bpf_loader_program] Program 8opHzTAnfzRpPEx21XtnrVTX28YQuCpAjcn1PczScKh consumed 3669 of 200000 compute units
[2022-02-12T07:55:29.721258000Z DEBUG solana_program_runtime::stable_log] Program 8opHzTAnfzRpPEx21XtnrVTX28YQuCpAjcn1PczScKh success
[2022-02-12T07:55:29.726954000Z DEBUG solana_bpf_loader_program] Program 4uQeVj5tqViQh7yWWGStvkEG1Zmhx6uasJtWCJziofM consumed 21008 of 200000 compute units
[2022-02-12T07:55:29.727042000Z DEBUG solana_program_runtime::stable_log] Program 4uQeVj5tqViQh7yWWGStvkEG1Zmhx6uasJtWCJziofM success
[2022-02-12T07:55:29.730987000Z DEBUG solana_program_runtime::stable_log] Program 11111111111111111111111111111111 invoke [1]
[2022-02-12T07:55:29.731061000Z DEBUG solana_program_runtime::stable_log] Program 11111111111111111111111111111111 success
[2022-02-12T07:55:29.732427000Z DEBUG solana_program_runtime::stable_log] Program 8opHzTAnfzRpPEx21XtnrVTX28YQuCpAjcn1PczScKh invoke [1]
[2022-02-12T07:55:29.732839000Z DEBUG solana_program_runtime::stable_log] Program log: Mango: UpdateRootBank
[2022-02-12T07:55:29.734511000Z DEBUG solana_program_runtime::stable_log] Program 11111111111111111111111111111111 invoke [1]
[2022-02-12T07:55:29.734561000Z DEBUG solana_program_runtime::stable_log] Program 11111111111111111111111111111111 success
[2022-02-12T07:55:29.734960000Z DEBUG solana_program_runtime::stable_log] Program log: mango-log
[2022-02-12T07:55:29.735560000Z DEBUG solana_program_runtime::stable_log] Program log: 8HmBNKTUaLhCw2BADXVkafMRnkycA784OHtZyLJJ1JSJzs6sevD1MgAAAAAAAAAAAAAAAAAAQEIPAAAAAAAAAAAAAAAAAEBCDwAAAAAAAAA=
[2022-02-12T07:55:29.735686000Z DEBUG solana_bpf_loader_program] Program 8opHzTAnfzRpPEx21XtnrVTX28YQuCpAjcn1PczScKh consumed 9360 of 200000 compute units
[2022-02-12T07:55:29.735740000Z DEBUG solana_program_runtime::stable_log] Program 8opHzTAnfzRpPEx21XtnrVTX28YQuCpAjcn1PczScKh success
[2022-02-12T07:55:29.737965000Z DEBUG solana_program_runtime::stable_log] Program 11111111111111111111111111111111 invoke [1]
[2022-02-12T07:55:29.738025000Z DEBUG solana_program_runtime::stable_log] Program 11111111111111111111111111111111 success
[2022-02-12T07:55:29.741463000Z DEBUG solana_program_runtime::stable_log] Program 11111111111111111111111111111111 invoke [1]
[2022-02-12T07:55:29.741529000Z DEBUG solana_program_runtime::stable_log] Program 11111111111111111111111111111111 success
[2022-02-12T07:55:29.745156000Z DEBUG solana_program_runtime::stable_log] Program 11111111111111111111111111111111 invoke [1]
[2022-02-12T07:55:29.745206000Z DEBUG solana_program_runtime::stable_log] Program 11111111111111111111111111111111 success
[2022-02-12T07:55:29.746929000Z DEBUG solana_program_runtime::stable_log] Program 8opHzTAnfzRpPEx21XtnrVTX28YQuCpAjcn1PczScKh invoke [1]
[2022-02-12T07:55:29.747401000Z DEBUG solana_program_runtime::stable_log] Program log: Mango: UpdateFunding
[2022-02-12T07:55:29.748542000Z DEBUG solana_program_runtime::stable_log] Program log: mango-log
[2022-02-12T07:55:29.749158000Z DEBUG solana_program_runtime::stable_log] Program log: ta5iwCEXTXtCw2BADXVkafMRnkycA784OHtZyLJJ1JSJzs6sevD1MgAAAAAAAAAAAAAAAAAAAAAAAAAAAAAAAAAAAAAAAAAAAAAAAAAAAAA=
[2022-02-12T07:55:29.749307000Z DEBUG solana_bpf_loader_program] Program 8opHzTAnfzRpPEx21XtnrVTX28YQuCpAjcn1PczScKh consumed 6381 of 200000 compute units
[2022-02-12T07:55:29.749379000Z DEBUG solana_program_runtime::stable_log] Program 8opHzTAnfzRpPEx21XtnrVTX28YQuCpAjcn1PczScKh success
[2022-02-12T07:55:29.753206000Z DEBUG solana_program_runtime::stable_log] Program TokenkegQfeZyiNwAJbNbGKPFXCWuBvf9Ss623VQ5DA invoke [1]
[2022-02-12T07:55:29.753726000Z DEBUG solana_program_runtime::stable_log] Program log: Instruction: InitializeAccount
[2022-02-12T07:55:29.754773000Z DEBUG solana_bpf_loader_program] Program TokenkegQfeZyiNwAJbNbGKPFXCWuBvf9Ss623VQ5DA consumed 3411 of 200000 compute units
[2022-02-12T07:55:29.754833000Z DEBUG solana_program_runtime::stable_log] Program TokenkegQfeZyiNwAJbNbGKPFXCWuBvf9Ss623VQ5DA success
[2022-02-12T07:55:29.759597000Z DEBUG solana_program_runtime::stable_log] Program 8opHzTAnfzRpPEx21XtnrVTX28YQuCpAjcn1PczScKh invoke [1]
[2022-02-12T07:55:29.760001000Z DEBUG solana_program_runtime::stable_log] Program log: Mango: CacheRootBanks
[2022-02-12T07:55:29.760687000Z DEBUG solana_program_runtime::stable_log] Program log: mango-log
[2022-02-12T07:55:29.761603000Z DEBUG solana_program_runtime::stable_log] Program log: IVXYca/GfehCw2BADXVkafMRnkycA784OHtZyLJJ1JSJzs6sevD1MgIAAAAAAAAAAAAAAA8AAAAAAAAAAgAAAAAAAAAAAEBCDwAAAAAAAAAAAAAAAABAQg8AAAAAAAAAAgAAAAAAAAAAAEBCDwAAAAAAAAAAAAAAAABAQg8AAAAAAAAA
[2022-02-12T07:55:29.761732000Z DEBUG solana_bpf_loader_program] Program 8opHzTAnfzRpPEx21XtnrVTX28YQuCpAjcn1PczScKh consumed 5857 of 200000 compute units
[2022-02-12T07:55:29.761788000Z DEBUG solana_program_runtime::stable_log] Program 8opHzTAnfzRpPEx21XtnrVTX28YQuCpAjcn1PczScKh success
[2022-02-12T07:55:29.766085000Z DEBUG solana_program_runtime::stable_log] Program 4uQeVj5tqViQh7yWWGStvkEG1Zmhx6uasJtWCJziofM invoke [1]
[2022-02-12T07:55:29.766747000Z DEBUG solana_program_runtime::stable_log] Program log: Mango: AddPerpMarket DEPRECATED
[2022-02-12T07:55:29.772339000Z DEBUG solana_program_runtime::stable_log] Program 8opHzTAnfzRpPEx21XtnrVTX28YQuCpAjcn1PczScKh invoke [1]
[2022-02-12T07:55:29.772676000Z DEBUG solana_program_runtime::stable_log] Program log: Mango: CachePerpMarkets
[2022-02-12T07:55:29.773073000Z DEBUG solana_program_runtime::stable_log] Program log: mango-log
[2022-02-12T07:55:29.773151000Z DEBUG solana_bpf_loader_program] Program 4uQeVj5tqViQh7yWWGStvkEG1Zmhx6uasJtWCJziofM consumed 21047 of 200000 compute units
[2022-02-12T07:55:29.773223000Z DEBUG solana_program_runtime::stable_log] Program 4uQeVj5tqViQh7yWWGStvkEG1Zmhx6uasJtWCJziofM success
[2022-02-12T07:55:29.773827000Z DEBUG solana_program_runtime::stable_log] Program log: 9lt9JxCzqw5Cw2BADXVkafMRnkycA784OHtZyLJJ1JSJzs6sevD1MgEAAAAAAAAAAAAAAAEAAAAAAAAAAAAAAAAAAAAAAAAAAQAAAAAAAAAAAAAAAAAAAAAAAAA=
[2022-02-12T07:55:29.773930000Z DEBUG solana_bpf_loader_program] Program 8opHzTAnfzRpPEx21XtnrVTX28YQuCpAjcn1PczScKh consumed 4331 of 200000 compute units
[2022-02-12T07:55:29.773981000Z DEBUG solana_program_runtime::stable_log] Program 8opHzTAnfzRpPEx21XtnrVTX28YQuCpAjcn1PczScKh success
[2022-02-12T07:55:29.777236000Z DEBUG solana_program_runtime::stable_log] Program 11111111111111111111111111111111 invoke [1]
[2022-02-12T07:55:29.777311000Z DEBUG solana_program_runtime::stable_log] Program 11111111111111111111111111111111 success
[2022-02-12T07:55:29.780806000Z DEBUG solana_program_runtime::stable_log] Program 11111111111111111111111111111111 invoke [1]
[2022-02-12T07:55:29.780859000Z DEBUG solana_program_runtime::stable_log] Program 11111111111111111111111111111111 success
[2022-02-12T07:55:29.784288000Z DEBUG solana_program_runtime::stable_log] Program 11111111111111111111111111111111 invoke [1]
[2022-02-12T07:55:29.784341000Z DEBUG solana_program_runtime::stable_log] Program 11111111111111111111111111111111 success
[2022-02-12T07:55:29.785781000Z DEBUG solana_program_runtime::stable_log] Program 8opHzTAnfzRpPEx21XtnrVTX28YQuCpAjcn1PczScKh invoke [1]
[2022-02-12T07:55:29.786273000Z DEBUG solana_program_runtime::stable_log] Program log: Mango: SettlePnl
[2022-02-12T07:55:29.787478000Z DEBUG solana_bpf_loader_program] Program 8opHzTAnfzRpPEx21XtnrVTX28YQuCpAjcn1PczScKh consumed 4648 of 200000 compute units
[2022-02-12T07:55:29.787542000Z DEBUG solana_program_runtime::stable_log] Program 8opHzTAnfzRpPEx21XtnrVTX28YQuCpAjcn1PczScKh success
[2022-02-12T07:55:29.787675000Z DEBUG solana_program_runtime::stable_log] Program 11111111111111111111111111111111 invoke [1]
[2022-02-12T07:55:29.787726000Z DEBUG solana_program_runtime::stable_log] Program 11111111111111111111111111111111 success
[2022-02-12T07:55:29.791377000Z DEBUG solana_program_runtime::stable_log] Program 11111111111111111111111111111111 invoke [1]
[2022-02-12T07:55:29.791433000Z DEBUG solana_program_runtime::stable_log] Program 11111111111111111111111111111111 success
[2022-02-12T07:55:29.799474000Z DEBUG solana_program_runtime::stable_log] Program TokenkegQfeZyiNwAJbNbGKPFXCWuBvf9Ss623VQ5DA invoke [1]
[2022-02-12T07:55:29.800020000Z DEBUG solana_program_runtime::stable_log] Program log: Instruction: InitializeAccount
[2022-02-12T07:55:29.801077000Z DEBUG solana_bpf_loader_program] Program TokenkegQfeZyiNwAJbNbGKPFXCWuBvf9Ss623VQ5DA consumed 3411 of 200000 compute units
[2022-02-12T07:55:29.801138000Z DEBUG solana_program_runtime::stable_log] Program TokenkegQfeZyiNwAJbNbGKPFXCWuBvf9Ss623VQ5DA success
[2022-02-12T07:55:29.812683000Z DEBUG solana_program_runtime::stable_log] Program 4uQeVj5tqViQh7yWWGStvkEG1Zmhx6uasJtWCJziofM invoke [1]
[2022-02-12T07:55:29.813400000Z DEBUG solana_program_runtime::stable_log] Program log: Mango: AddPerpMarket DEPRECATED
[2022-02-12T07:55:29.818945000Z DEBUG solana_program_runtime::stable_log] Program 8opHzTAnfzRpPEx21XtnrVTX28YQuCpAjcn1PczScKh invoke [1]
[2022-02-12T07:55:29.819290000Z DEBUG solana_program_runtime::stable_log] Program log: Mango: CachePrices
[2022-02-12T07:55:29.819633000Z DEBUG solana_program_runtime::stable_log] Program log: mango-log
[2022-02-12T07:55:29.819895000Z DEBUG solana_bpf_loader_program] Program 4uQeVj5tqViQh7yWWGStvkEG1Zmhx6uasJtWCJziofM consumed 21086 of 200000 compute units
[2022-02-12T07:55:29.819981000Z DEBUG solana_program_runtime::stable_log] Program 4uQeVj5tqViQh7yWWGStvkEG1Zmhx6uasJtWCJziofM success
[2022-02-12T07:55:29.820245000Z DEBUG solana_program_runtime::stable_log] Program log: ux0uSxX5tBtCw2BADXVkafMRnkycA784OHtZyLJJ1JSJzs6sevD1MgEAAAAAAAAAAAAAAAEAAAAAAAAAAAAQJwAAAAAAAAAA
[2022-02-12T07:55:29.820348000Z DEBUG solana_bpf_loader_program] Program 8opHzTAnfzRpPEx21XtnrVTX28YQuCpAjcn1PczScKh consumed 3669 of 200000 compute units
[2022-02-12T07:55:29.820402000Z DEBUG solana_program_runtime::stable_log] Program 8opHzTAnfzRpPEx21XtnrVTX28YQuCpAjcn1PczScKh success
[2022-02-12T07:55:29.830876000Z DEBUG solana_program_runtime::stable_log] Program 8opHzTAnfzRpPEx21XtnrVTX28YQuCpAjcn1PczScKh invoke [1]
[2022-02-12T07:55:29.831272000Z DEBUG solana_program_runtime::stable_log] Program log: Mango: UpdateRootBank
[2022-02-12T07:55:29.833439000Z DEBUG solana_program_runtime::stable_log] Program log: mango-log
[2022-02-12T07:55:29.834080000Z DEBUG solana_program_runtime::stable_log] Program log: 8HmBNKTUaLhCw2BADXVkafMRnkycA784OHtZyLJJ1JSJzs6sevD1MgAAAAAAAAAAAAAAAAAAQEIPAAAAAAAAAAAAAAAAAEBCDwAAAAAAAAA=
[2022-02-12T07:55:29.834216000Z DEBUG solana_bpf_loader_program] Program 8opHzTAnfzRpPEx21XtnrVTX28YQuCpAjcn1PczScKh consumed 9360 of 200000 compute units
[2022-02-12T07:55:29.834287000Z DEBUG solana_program_runtime::stable_log] Program 8opHzTAnfzRpPEx21XtnrVTX28YQuCpAjcn1PczScKh success
[2022-02-12T07:55:29.845953000Z DEBUG solana_program_runtime::stable_log] Program 8opHzTAnfzRpPEx21XtnrVTX28YQuCpAjcn1PczScKh invoke [1]
[2022-02-12T07:55:29.846451000Z DEBUG solana_program_runtime::stable_log] Program log: Mango: UpdateFunding
[2022-02-12T07:55:29.847597000Z DEBUG solana_program_runtime::stable_log] Program log: mango-log
[2022-02-12T07:55:29.848229000Z DEBUG solana_program_runtime::stable_log] Program log: ta5iwCEXTXtCw2BADXVkafMRnkycA784OHtZyLJJ1JSJzs6sevD1MgAAAAAAAAAAAAAAAAAAAAAAAAAAAAAAAAAAAAAAAAAAAAAAAAAAAAA=
[2022-02-12T07:55:29.848383000Z DEBUG solana_bpf_loader_program] Program 8opHzTAnfzRpPEx21XtnrVTX28YQuCpAjcn1PczScKh consumed 6381 of 200000 compute units
[2022-02-12T07:55:29.848458000Z DEBUG solana_program_runtime::stable_log] Program 8opHzTAnfzRpPEx21XtnrVTX28YQuCpAjcn1PczScKh success
[2022-02-12T07:55:29.857265000Z DEBUG solana_program_runtime::stable_log] Program 4uQeVj5tqViQh7yWWGStvkEG1Zmhx6uasJtWCJziofM invoke [1]
[2022-02-12T07:55:29.858407000Z DEBUG solana_program_runtime::stable_log] Program log: Mango: CachePrices
[2022-02-12T07:55:29.859645000Z DEBUG solana_program_runtime::stable_log] Program 8opHzTAnfzRpPEx21XtnrVTX28YQuCpAjcn1PczScKh invoke [1]
[2022-02-12T07:55:29.860036000Z DEBUG solana_program_runtime::stable_log] Program log: Mango: CacheRootBanks
[2022-02-12T07:55:29.860720000Z DEBUG solana_program_runtime::stable_log] Program log: mango-log
[2022-02-12T07:55:29.861532000Z DEBUG solana_program_runtime::stable_log] Program log: mango-log
[2022-02-12T07:55:29.861627000Z DEBUG solana_program_runtime::stable_log] Program log: IVXYca/GfehCw2BADXVkafMRnkycA784OHtZyLJJ1JSJzs6sevD1MgIAAAAAAAAAAAAAAA8AAAAAAAAAAgAAAAAAAAAAAEBCDwAAAAAAAAAAAAAAAABAQg8AAAAAAAAAAgAAAAAAAAAAAEBCDwAAAAAAAAAAAAAAAABAQg8AAAAAAAAA
[2022-02-12T07:55:29.861756000Z DEBUG solana_bpf_loader_program] Program 8opHzTAnfzRpPEx21XtnrVTX28YQuCpAjcn1PczScKh consumed 5857 of 200000 compute units
[2022-02-12T07:55:29.861812000Z DEBUG solana_program_runtime::stable_log] Program 8opHzTAnfzRpPEx21XtnrVTX28YQuCpAjcn1PczScKh success
[2022-02-12T07:55:29.863411000Z DEBUG solana_program_runtime::stable_log] Program log: ux0uSxX5tBsSVezV+FRgi5TuY/olnRfRFn7fhe3hp2GyYtPM/vm6bQ8AAAAAAAAAAAAAAAEAAAAAAAAAAgAAAAAAAAADAAAAAAAAAAQAAAAAAAAABQAAAAAAAAAGAAAAAAAAAAcAAAAAAAAACAAAAAAAAAAJAAAAAAAAAAoAAAAAAAAACwAAAAAAAAAMAAAAAAAAAA0AAAAAAAAADgAAAAAAAAAPAAAAAAAAAAAAAAAAAAAAAAAAAAAAAAAAAAAAAAAAAAAAAAAAAAAAAAAAAAAAAAAAAAAAAAAAAAAAAAAAAAAAAAAAAAAAAAAAAAAAAAAAAAAAAAAAAAAAAAAAAAAAAAAAAAAAAAAAAAAAAAAAAAAAAAAAAAAAAAAAAAAAAAAAAAAAAAAAAAAAAAAAAAAAAAAAAAAAAAAAAAAAAAAAAAAAAAAAAAAAAAAAAAAAAAAAAAAAAAAAAAAAAAAAAAAAAAAAAAAAAAAAAAAAAAAAAAAAAAAAAAAAAAAAAAAAAAAAAAAAAAAAAAAAAAAAAAAAAAAAAAAA
[2022-02-12T07:55:29.863824000Z DEBUG solana_bpf_loader_program] Program 4uQeVj5tqViQh7yWWGStvkEG1Zmhx6uasJtWCJziofM consumed 18318 of 200000 compute units
[2022-02-12T07:55:29.863906000Z DEBUG solana_program_runtime::stable_log] Program 4uQeVj5tqViQh7yWWGStvkEG1Zmhx6uasJtWCJziofM success
[2022-02-12T07:55:29.872259000Z DEBUG solana_program_runtime::stable_log] Program 8opHzTAnfzRpPEx21XtnrVTX28YQuCpAjcn1PczScKh invoke [1]
[2022-02-12T07:55:29.872611000Z DEBUG solana_program_runtime::stable_log] Program log: Mango: CachePerpMarkets
[2022-02-12T07:55:29.873019000Z DEBUG solana_program_runtime::stable_log] Program log: mango-log
[2022-02-12T07:55:29.873769000Z DEBUG solana_program_runtime::stable_log] Program log: 9lt9JxCzqw5Cw2BADXVkafMRnkycA784OHtZyLJJ1JSJzs6sevD1MgEAAAAAAAAAAAAAAAEAAAAAAAAAAAAAAAAAAAAAAAAAAQAAAAAAAAAAAAAAAAAAAAAAAAA=
[2022-02-12T07:55:29.873874000Z DEBUG solana_bpf_loader_program] Program 8opHzTAnfzRpPEx21XtnrVTX28YQuCpAjcn1PczScKh consumed 4331 of 200000 compute units
[2022-02-12T07:55:29.873932000Z DEBUG solana_program_runtime::stable_log] Program 8opHzTAnfzRpPEx21XtnrVTX28YQuCpAjcn1PczScKh success
[2022-02-12T07:55:29.875120000Z DEBUG solana_program_runtime::stable_log] Program 4uQeVj5tqViQh7yWWGStvkEG1Zmhx6uasJtWCJziofM invoke [1]
[2022-02-12T07:55:29.875511000Z DEBUG solana_program_runtime::stable_log] Program log: Mango: UpdateRootBank
[2022-02-12T07:55:29.877529000Z DEBUG solana_program_runtime::stable_log] Program log: mango-log
[2022-02-12T07:55:29.878145000Z DEBUG solana_program_runtime::stable_log] Program log: 8HmBNKTUaLgSVezV+FRgi5TuY/olnRfRFn7fhe3hp2GyYtPM/vm6bQ8AAAAAAAAAAAAAAAAAQEIPAAAAAAAAAAAAAAAAAEBCDwAAAAAAAAA=
[2022-02-12T07:55:29.878270000Z DEBUG solana_bpf_loader_program] Program 4uQeVj5tqViQh7yWWGStvkEG1Zmhx6uasJtWCJziofM consumed 9109 of 200000 compute units
[2022-02-12T07:55:29.878328000Z DEBUG solana_program_runtime::stable_log] Program 4uQeVj5tqViQh7yWWGStvkEG1Zmhx6uasJtWCJziofM success
[2022-02-12T07:55:29.888943000Z DEBUG solana_program_runtime::stable_log] Program 4uQeVj5tqViQh7yWWGStvkEG1Zmhx6uasJtWCJziofM invoke [1]
[2022-02-12T07:55:29.889310000Z DEBUG solana_program_runtime::stable_log] Program log: Mango: CacheRootBanks
[2022-02-12T07:55:29.889901000Z DEBUG solana_program_runtime::stable_log] Program log: mango-log
[2022-02-12T07:55:29.890664000Z DEBUG solana_program_runtime::stable_log] Program log: IVXYca/GfegSVezV+FRgi5TuY/olnRfRFn7fhe3hp2GyYtPM/vm6bQEAAAAPAAAAAAAAAAEAAAAAAAAAAABAQg8AAAAAAAAAAQAAAAAAAAAAAEBCDwAAAAAAAAA=
[2022-02-12T07:55:29.890769000Z DEBUG solana_bpf_loader_program] Program 4uQeVj5tqViQh7yWWGStvkEG1Zmhx6uasJtWCJziofM consumed 4874 of 200000 compute units
[2022-02-12T07:55:29.890829000Z DEBUG solana_program_runtime::stable_log] Program 4uQeVj5tqViQh7yWWGStvkEG1Zmhx6uasJtWCJziofM success
[2022-02-12T07:55:29.900525000Z DEBUG solana_program_runtime::stable_log] Program 4uQeVj5tqViQh7yWWGStvkEG1Zmhx6uasJtWCJziofM invoke [1]
[2022-02-12T07:55:29.900837000Z DEBUG solana_program_runtime::stable_log] Program log: Mango: CachePerpMarkets
[2022-02-12T07:55:29.901021000Z DEBUG solana_program_runtime::stable_log] Program log: mango-log
[2022-02-12T07:55:29.901530000Z DEBUG solana_program_runtime::stable_log] Program log: 9lt9JxCzqw4SVezV+FRgi5TuY/olnRfRFn7fhe3hp2GyYtPM/vm6bQAAAAAAAAAAAAAAAA==
[2022-02-12T07:55:29.901614000Z DEBUG solana_bpf_loader_program] Program 4uQeVj5tqViQh7yWWGStvkEG1Zmhx6uasJtWCJziofM consumed 2771 of 200000 compute units
[2022-02-12T07:55:29.901670000Z DEBUG solana_program_runtime::stable_log] Program 4uQeVj5tqViQh7yWWGStvkEG1Zmhx6uasJtWCJziofM success
[2022-02-12T07:55:29.905311000Z DEBUG solana_program_runtime::stable_log] Program 8opHzTAnfzRpPEx21XtnrVTX28YQuCpAjcn1PczScKh invoke [1]
[2022-02-12T07:55:29.905652000Z DEBUG solana_program_runtime::stable_log] Program log: Mango: CachePrices
[2022-02-12T07:55:29.905978000Z DEBUG solana_program_runtime::stable_log] Program log: mango-log
[2022-02-12T07:55:29.906570000Z DEBUG solana_program_runtime::stable_log] Program log: ux0uSxX5tBtCw2BADXVkafMRnkycA784OHtZyLJJ1JSJzs6sevD1MgEAAAAAAAAAAAAAAAEAAAAAAAAAAAAQJwAAAAAAAAAA
[2022-02-12T07:55:29.906673000Z DEBUG solana_bpf_loader_program] Program 8opHzTAnfzRpPEx21XtnrVTX28YQuCpAjcn1PczScKh consumed 3669 of 200000 compute units
[2022-02-12T07:55:29.906729000Z DEBUG solana_program_runtime::stable_log] Program 8opHzTAnfzRpPEx21XtnrVTX28YQuCpAjcn1PczScKh success
[2022-02-12T07:55:29.917293000Z DEBUG solana_program_runtime::stable_log] Program 8opHzTAnfzRpPEx21XtnrVTX28YQuCpAjcn1PczScKh invoke [1]
[2022-02-12T07:55:29.917683000Z DEBUG solana_program_runtime::stable_log] Program log: Mango: UpdateRootBank
[2022-02-12T07:55:29.919725000Z DEBUG solana_program_runtime::stable_log] Program log: mango-log
[2022-02-12T07:55:29.920323000Z DEBUG solana_program_runtime::stable_log] Program log: 8HmBNKTUaLhCw2BADXVkafMRnkycA784OHtZyLJJ1JSJzs6sevD1MgAAAAAAAAAAAAAAAAAAQEIPAAAAAAAAAAAAAAAAAEBCDwAAAAAAAAA=
[2022-02-12T07:55:29.920446000Z DEBUG solana_bpf_loader_program] Program 8opHzTAnfzRpPEx21XtnrVTX28YQuCpAjcn1PczScKh consumed 9360 of 200000 compute units
[2022-02-12T07:55:29.920499000Z DEBUG solana_program_runtime::stable_log] Program 8opHzTAnfzRpPEx21XtnrVTX28YQuCpAjcn1PczScKh success
[2022-02-12T07:55:29.930558000Z DEBUG solana_program_runtime::stable_log] Program 8opHzTAnfzRpPEx21XtnrVTX28YQuCpAjcn1PczScKh invoke [1]
[2022-02-12T07:55:29.930999000Z DEBUG solana_program_runtime::stable_log] Program log: Mango: UpdateFunding
[2022-02-12T07:55:29.932086000Z DEBUG solana_program_runtime::stable_log] Program log: mango-log
[2022-02-12T07:55:29.932684000Z DEBUG solana_program_runtime::stable_log] Program log: ta5iwCEXTXtCw2BADXVkafMRnkycA784OHtZyLJJ1JSJzs6sevD1MgAAAAAAAAAAAAAAAAAAAAAAAAAAAAAAAAAAAAAAAAAAAAAAAAAAAAA=
[2022-02-12T07:55:29.932828000Z DEBUG solana_bpf_loader_program] Program 8opHzTAnfzRpPEx21XtnrVTX28YQuCpAjcn1PczScKh consumed 6381 of 200000 compute units
[2022-02-12T07:55:29.932897000Z DEBUG solana_program_runtime::stable_log] Program 8opHzTAnfzRpPEx21XtnrVTX28YQuCpAjcn1PczScKh success
[2022-02-12T07:55:29.943235000Z DEBUG solana_program_runtime::stable_log] Program 8opHzTAnfzRpPEx21XtnrVTX28YQuCpAjcn1PczScKh invoke [1]
[2022-02-12T07:55:29.943620000Z DEBUG solana_program_runtime::stable_log] Program log: Mango: CacheRootBanks
[2022-02-12T07:55:29.944278000Z DEBUG solana_program_runtime::stable_log] Program log: mango-log
[2022-02-12T07:55:29.945154000Z DEBUG solana_program_runtime::stable_log] Program log: IVXYca/GfehCw2BADXVkafMRnkycA784OHtZyLJJ1JSJzs6sevD1MgIAAAAAAAAAAAAAAA8AAAAAAAAAAgAAAAAAAAAAAEBCDwAAAAAAAAAAAAAAAABAQg8AAAAAAAAAAgAAAAAAAAAAAEBCDwAAAAAAAAAAAAAAAABAQg8AAAAAAAAA
[2022-02-12T07:55:29.945279000Z DEBUG solana_bpf_loader_program] Program 8opHzTAnfzRpPEx21XtnrVTX28YQuCpAjcn1PczScKh consumed 5857 of 200000 compute units
[2022-02-12T07:55:29.945335000Z DEBUG solana_program_runtime::stable_log] Program 8opHzTAnfzRpPEx21XtnrVTX28YQuCpAjcn1PczScKh success
[2022-02-12T07:55:29.955773000Z DEBUG solana_program_runtime::stable_log] Program 8opHzTAnfzRpPEx21XtnrVTX28YQuCpAjcn1PczScKh invoke [1]
[2022-02-12T07:55:29.956098000Z DEBUG solana_program_runtime::stable_log] Program log: Mango: CachePerpMarkets
[2022-02-12T07:55:29.956486000Z DEBUG solana_program_runtime::stable_log] Program log: mango-log
[2022-02-12T07:55:29.957215000Z DEBUG solana_program_runtime::stable_log] Program log: 9lt9JxCzqw5Cw2BADXVkafMRnkycA784OHtZyLJJ1JSJzs6sevD1MgEAAAAAAAAAAAAAAAEAAAAAAAAAAAAAAAAAAAAAAAAAAQAAAAAAAAAAAAAAAAAAAAAAAAA=
[2022-02-12T07:55:29.957319000Z DEBUG solana_bpf_loader_program] Program 8opHzTAnfzRpPEx21XtnrVTX28YQuCpAjcn1PczScKh consumed 4331 of 200000 compute units
[2022-02-12T07:55:29.957370000Z DEBUG solana_program_runtime::stable_log] Program 8opHzTAnfzRpPEx21XtnrVTX28YQuCpAjcn1PczScKh success
test test_match_perp_order ... ok
test test_init_perp_markets ... ok

test result: ok. 3 passed; 0 failed; 0 ignored; 0 measured; 0 filtered out; finished in 1.44s

     Running tests/test_perp_trigger_orders.rs (target/debug/deps/test_perp_trigger_orders-d97397a56609d597)

running 2 tests
[2022-02-12T07:55:31.880934000Z INFO  solana_program_test] "mango" BPF program from /Users/mc/repos/mango-v3/target/deploy/mango.so, modified 1 hour, 40 minutes, 56 seconds, 163 ms, 870 µs and 245 ns ago
[2022-02-12T07:55:31.880919000Z INFO  solana_program_test] "mango" BPF program from /Users/mc/repos/mango-v3/target/deploy/mango.so, modified 1 hour, 40 minutes, 56 seconds, 163 ms, 783 µs and 245 ns ago
[2022-02-12T07:55:31.881176000Z INFO  solana_program_test] "serum_dex" BPF program from tests/fixtures/serum_dex.so, modified 1 month, 3 weeks, 6 days, 18 hours, 26 minutes, 36 seconds, 217 ms, 850 µs and 382 ns ago
[2022-02-12T07:55:31.881239000Z INFO  solana_program_test] "serum_dex" BPF program from tests/fixtures/serum_dex.so, modified 1 month, 3 weeks, 6 days, 18 hours, 26 minutes, 36 seconds, 217 ms, 912 µs and 382 ns ago
[2022-02-12T07:55:32.021969000Z DEBUG solana_program_runtime::stable_log] Program 11111111111111111111111111111111 invoke [1]
[2022-02-12T07:55:32.022193000Z DEBUG solana_program_runtime::stable_log] Program 11111111111111111111111111111111 success
[2022-02-12T07:55:32.024192000Z DEBUG solana_program_runtime::stable_log] Program 11111111111111111111111111111111 invoke [1]
[2022-02-12T07:55:32.024256000Z DEBUG solana_program_runtime::stable_log] Program 11111111111111111111111111111111 success
[2022-02-12T07:55:32.027379000Z DEBUG solana_program_runtime::stable_log] Program 11111111111111111111111111111111 invoke [1]
[2022-02-12T07:55:32.027436000Z DEBUG solana_program_runtime::stable_log] Program 11111111111111111111111111111111 success
[2022-02-12T07:55:32.027537000Z DEBUG solana_program_runtime::stable_log] Program 11111111111111111111111111111111 invoke [1]
[2022-02-12T07:55:32.027591000Z DEBUG solana_program_runtime::stable_log] Program 11111111111111111111111111111111 success
[2022-02-12T07:55:32.031311000Z DEBUG solana_program_runtime::stable_log] Program 11111111111111111111111111111111 invoke [1]
[2022-02-12T07:55:32.031360000Z DEBUG solana_program_runtime::stable_log] Program 11111111111111111111111111111111 success
[2022-02-12T07:55:32.031395000Z DEBUG solana_program_runtime::stable_log] Program 11111111111111111111111111111111 invoke [1]
[2022-02-12T07:55:32.031483000Z DEBUG solana_program_runtime::stable_log] Program 11111111111111111111111111111111 success
[2022-02-12T07:55:32.054209000Z DEBUG solana_program_runtime::stable_log] Program TokenkegQfeZyiNwAJbNbGKPFXCWuBvf9Ss623VQ5DA invoke [1]
[2022-02-12T07:55:32.054234000Z DEBUG solana_program_runtime::stable_log] Program TokenkegQfeZyiNwAJbNbGKPFXCWuBvf9Ss623VQ5DA invoke [1]
[2022-02-12T07:55:32.054801000Z DEBUG solana_program_runtime::stable_log] Program log: Instruction: InitializeAccount
[2022-02-12T07:55:32.054802000Z DEBUG solana_program_runtime::stable_log] Program log: Instruction: InitializeAccount
[2022-02-12T07:55:32.055861000Z DEBUG solana_bpf_loader_program] Program TokenkegQfeZyiNwAJbNbGKPFXCWuBvf9Ss623VQ5DA consumed 3411 of 200000 compute units
[2022-02-12T07:55:32.055861000Z DEBUG solana_bpf_loader_program] Program TokenkegQfeZyiNwAJbNbGKPFXCWuBvf9Ss623VQ5DA consumed 3411 of 200000 compute units
[2022-02-12T07:55:32.055958000Z DEBUG solana_program_runtime::stable_log] Program TokenkegQfeZyiNwAJbNbGKPFXCWuBvf9Ss623VQ5DA success
[2022-02-12T07:55:32.055958000Z DEBUG solana_program_runtime::stable_log] Program TokenkegQfeZyiNwAJbNbGKPFXCWuBvf9Ss623VQ5DA success
[2022-02-12T07:55:32.060432000Z DEBUG solana_program_runtime::stable_log] Program 11111111111111111111111111111111 invoke [1]
[2022-02-12T07:55:32.060432000Z DEBUG solana_program_runtime::stable_log] Program 11111111111111111111111111111111 invoke [1]
[2022-02-12T07:55:32.060498000Z DEBUG solana_program_runtime::stable_log] Program 11111111111111111111111111111111 success
[2022-02-12T07:55:32.060531000Z DEBUG solana_program_runtime::stable_log] Program 11111111111111111111111111111111 success
[2022-02-12T07:55:32.063819000Z DEBUG solana_program_runtime::stable_log] Program 11111111111111111111111111111111 invoke [1]
[2022-02-12T07:55:32.063819000Z DEBUG solana_program_runtime::stable_log] Program 11111111111111111111111111111111 invoke [1]
[2022-02-12T07:55:32.063875000Z DEBUG solana_program_runtime::stable_log] Program 11111111111111111111111111111111 success
[2022-02-12T07:55:32.063912000Z DEBUG solana_program_runtime::stable_log] Program 11111111111111111111111111111111 success
[2022-02-12T07:55:32.067437000Z DEBUG solana_program_runtime::stable_log] Program 11111111111111111111111111111111 invoke [1]
[2022-02-12T07:55:32.067489000Z DEBUG solana_program_runtime::stable_log] Program 11111111111111111111111111111111 success
[2022-02-12T07:55:32.068624000Z DEBUG solana_program_runtime::stable_log] Program 11111111111111111111111111111111 invoke [1]
[2022-02-12T07:55:32.068673000Z DEBUG solana_program_runtime::stable_log] Program 11111111111111111111111111111111 success
[2022-02-12T07:55:32.075411000Z DEBUG solana_program_runtime::stable_log] Program TokenkegQfeZyiNwAJbNbGKPFXCWuBvf9Ss623VQ5DA invoke [1]
[2022-02-12T07:55:32.075937000Z DEBUG solana_program_runtime::stable_log] Program log: Instruction: InitializeAccount
[2022-02-12T07:55:32.076592000Z DEBUG solana_program_runtime::stable_log] Program TokenkegQfeZyiNwAJbNbGKPFXCWuBvf9Ss623VQ5DA invoke [1]
[2022-02-12T07:55:32.077005000Z DEBUG solana_bpf_loader_program] Program TokenkegQfeZyiNwAJbNbGKPFXCWuBvf9Ss623VQ5DA consumed 3411 of 200000 compute units
[2022-02-12T07:55:32.077072000Z DEBUG solana_program_runtime::stable_log] Program TokenkegQfeZyiNwAJbNbGKPFXCWuBvf9Ss623VQ5DA success
[2022-02-12T07:55:32.077109000Z DEBUG solana_program_runtime::stable_log] Program log: Instruction: InitializeAccount
[2022-02-12T07:55:32.078156000Z DEBUG solana_bpf_loader_program] Program TokenkegQfeZyiNwAJbNbGKPFXCWuBvf9Ss623VQ5DA consumed 3411 of 200000 compute units
[2022-02-12T07:55:32.078217000Z DEBUG solana_program_runtime::stable_log] Program TokenkegQfeZyiNwAJbNbGKPFXCWuBvf9Ss623VQ5DA success
[2022-02-12T07:55:32.080362000Z DEBUG solana_program_runtime::stable_log] Program 11111111111111111111111111111111 invoke [1]
[2022-02-12T07:55:32.080413000Z DEBUG solana_program_runtime::stable_log] Program 11111111111111111111111111111111 success
[2022-02-12T07:55:32.082591000Z DEBUG solana_program_runtime::stable_log] Program 11111111111111111111111111111111 invoke [1]
[2022-02-12T07:55:32.082645000Z DEBUG solana_program_runtime::stable_log] Program 11111111111111111111111111111111 success
[2022-02-12T07:55:32.088324000Z DEBUG solana_program_runtime::stable_log] Program TokenkegQfeZyiNwAJbNbGKPFXCWuBvf9Ss623VQ5DA invoke [1]
[2022-02-12T07:55:32.088826000Z DEBUG solana_program_runtime::stable_log] Program log: Instruction: InitializeAccount
[2022-02-12T07:55:32.089860000Z DEBUG solana_bpf_loader_program] Program TokenkegQfeZyiNwAJbNbGKPFXCWuBvf9Ss623VQ5DA consumed 3411 of 200000 compute units
[2022-02-12T07:55:32.089919000Z DEBUG solana_program_runtime::stable_log] Program TokenkegQfeZyiNwAJbNbGKPFXCWuBvf9Ss623VQ5DA success
[2022-02-12T07:55:32.090568000Z DEBUG solana_program_runtime::stable_log] Program TokenkegQfeZyiNwAJbNbGKPFXCWuBvf9Ss623VQ5DA invoke [1]
[2022-02-12T07:55:32.091082000Z DEBUG solana_program_runtime::stable_log] Program log: Instruction: InitializeAccount
[2022-02-12T07:55:32.092115000Z DEBUG solana_bpf_loader_program] Program TokenkegQfeZyiNwAJbNbGKPFXCWuBvf9Ss623VQ5DA consumed 3411 of 200000 compute units
[2022-02-12T07:55:32.092173000Z DEBUG solana_program_runtime::stable_log] Program TokenkegQfeZyiNwAJbNbGKPFXCWuBvf9Ss623VQ5DA success
[2022-02-12T07:55:32.093323000Z DEBUG solana_program_runtime::stable_log] Program 11111111111111111111111111111111 invoke [1]
[2022-02-12T07:55:32.093373000Z DEBUG solana_program_runtime::stable_log] Program 11111111111111111111111111111111 success
[2022-02-12T07:55:32.095608000Z DEBUG solana_program_runtime::stable_log] Program 11111111111111111111111111111111 invoke [1]
[2022-02-12T07:55:32.095658000Z DEBUG solana_program_runtime::stable_log] Program 11111111111111111111111111111111 success
[2022-02-12T07:55:32.101282000Z DEBUG solana_program_runtime::stable_log] Program TokenkegQfeZyiNwAJbNbGKPFXCWuBvf9Ss623VQ5DA invoke [1]
[2022-02-12T07:55:32.101788000Z DEBUG solana_program_runtime::stable_log] Program log: Instruction: InitializeAccount
[2022-02-12T07:55:32.102822000Z DEBUG solana_bpf_loader_program] Program TokenkegQfeZyiNwAJbNbGKPFXCWuBvf9Ss623VQ5DA consumed 3411 of 200000 compute units
[2022-02-12T07:55:32.102885000Z DEBUG solana_program_runtime::stable_log] Program TokenkegQfeZyiNwAJbNbGKPFXCWuBvf9Ss623VQ5DA success
[2022-02-12T07:55:32.103564000Z DEBUG solana_program_runtime::stable_log] Program TokenkegQfeZyiNwAJbNbGKPFXCWuBvf9Ss623VQ5DA invoke [1]
[2022-02-12T07:55:32.104075000Z DEBUG solana_program_runtime::stable_log] Program log: Instruction: InitializeAccount
[2022-02-12T07:55:32.105117000Z DEBUG solana_bpf_loader_program] Program TokenkegQfeZyiNwAJbNbGKPFXCWuBvf9Ss623VQ5DA consumed 3411 of 200000 compute units
[2022-02-12T07:55:32.105174000Z DEBUG solana_program_runtime::stable_log] Program TokenkegQfeZyiNwAJbNbGKPFXCWuBvf9Ss623VQ5DA success
[2022-02-12T07:55:32.211996000Z DEBUG solana_program_runtime::stable_log] Program 4uQeVj5tqViQh7yWWGStvkEG1Zmhx6uasJtWCJziofM invoke [1]
[2022-02-12T07:55:32.212946000Z DEBUG solana_program_runtime::stable_log] Program log: Mango: InitMangoGroup
[2022-02-12T07:55:32.214758000Z DEBUG solana_program_runtime::stable_log] Program 8opHzTAnfzRpPEx21XtnrVTX28YQuCpAjcn1PczScKh invoke [1]
[2022-02-12T07:55:32.215605000Z DEBUG solana_program_runtime::stable_log] Program log: Mango: InitMangoGroup
[2022-02-12T07:55:32.216553000Z DEBUG solana_bpf_loader_program] Program 4uQeVj5tqViQh7yWWGStvkEG1Zmhx6uasJtWCJziofM consumed 13160 of 200000 compute units
[2022-02-12T07:55:32.216665000Z DEBUG solana_program_runtime::stable_log] Program 4uQeVj5tqViQh7yWWGStvkEG1Zmhx6uasJtWCJziofM success
[2022-02-12T07:55:32.219122000Z DEBUG solana_bpf_loader_program] Program 8opHzTAnfzRpPEx21XtnrVTX28YQuCpAjcn1PczScKh consumed 13160 of 200000 compute units
[2022-02-12T07:55:32.219221000Z DEBUG solana_program_runtime::stable_log] Program 8opHzTAnfzRpPEx21XtnrVTX28YQuCpAjcn1PczScKh success
[2022-02-12T07:55:32.221718000Z DEBUG solana_program_runtime::stable_log] Program 11111111111111111111111111111111 invoke [1]
[2022-02-12T07:55:32.221807000Z DEBUG solana_program_runtime::stable_log] Program 11111111111111111111111111111111 success
[2022-02-12T07:55:32.223412000Z DEBUG solana_program_runtime::stable_log] Program 11111111111111111111111111111111 invoke [1]
[2022-02-12T07:55:32.223467000Z DEBUG solana_program_runtime::stable_log] Program 11111111111111111111111111111111 success
[2022-02-12T07:55:32.231716000Z DEBUG solana_program_runtime::stable_log] Program 4uQeVj5tqViQh7yWWGStvkEG1Zmhx6uasJtWCJziofM invoke [1]
[2022-02-12T07:55:32.232100000Z DEBUG solana_program_runtime::stable_log] Program log: Mango: AddOracle
[2022-02-12T07:55:32.232189000Z DEBUG solana_program_runtime::stable_log] Program log: OracleType: got unknown or stub
[2022-02-12T07:55:32.232541000Z DEBUG solana_bpf_loader_program] Program 4uQeVj5tqViQh7yWWGStvkEG1Zmhx6uasJtWCJziofM consumed 1865 of 200000 compute units
[2022-02-12T07:55:32.232606000Z DEBUG solana_program_runtime::stable_log] Program 4uQeVj5tqViQh7yWWGStvkEG1Zmhx6uasJtWCJziofM success
[2022-02-12T07:55:32.233562000Z DEBUG solana_program_runtime::stable_log] Program 8opHzTAnfzRpPEx21XtnrVTX28YQuCpAjcn1PczScKh invoke [1]
[2022-02-12T07:55:32.233886000Z DEBUG solana_program_runtime::stable_log] Program log: Mango: AddOracle
[2022-02-12T07:55:32.233972000Z DEBUG solana_program_runtime::stable_log] Program log: OracleType: got unknown or stub
[2022-02-12T07:55:32.234311000Z DEBUG solana_bpf_loader_program] Program 8opHzTAnfzRpPEx21XtnrVTX28YQuCpAjcn1PczScKh consumed 1865 of 200000 compute units
[2022-02-12T07:55:32.234366000Z DEBUG solana_program_runtime::stable_log] Program 8opHzTAnfzRpPEx21XtnrVTX28YQuCpAjcn1PczScKh success
[2022-02-12T07:55:32.236759000Z DEBUG solana_program_runtime::stable_log] Program 11111111111111111111111111111111 invoke [1]
[2022-02-12T07:55:32.236820000Z DEBUG solana_program_runtime::stable_log] Program 11111111111111111111111111111111 success
[2022-02-12T07:55:32.237356000Z DEBUG solana_program_runtime::stable_log] Program 11111111111111111111111111111111 invoke [1]
[2022-02-12T07:55:32.237405000Z DEBUG solana_program_runtime::stable_log] Program 11111111111111111111111111111111 success
[2022-02-12T07:55:32.247916000Z DEBUG solana_program_runtime::stable_log] Program 4uQeVj5tqViQh7yWWGStvkEG1Zmhx6uasJtWCJziofM invoke [1]
[2022-02-12T07:55:32.248277000Z DEBUG solana_program_runtime::stable_log] Program log: Mango: InitMangoAccount DEPRECATED
[2022-02-12T07:55:32.248458000Z DEBUG solana_program_runtime::stable_log] Program 8opHzTAnfzRpPEx21XtnrVTX28YQuCpAjcn1PczScKh invoke [1]
[2022-02-12T07:55:32.248677000Z DEBUG solana_bpf_loader_program] Program 4uQeVj5tqViQh7yWWGStvkEG1Zmhx6uasJtWCJziofM consumed 1828 of 200000 compute units
[2022-02-12T07:55:32.248739000Z DEBUG solana_program_runtime::stable_log] Program 4uQeVj5tqViQh7yWWGStvkEG1Zmhx6uasJtWCJziofM success
[2022-02-12T07:55:32.248794000Z DEBUG solana_program_runtime::stable_log] Program log: Mango: InitMangoAccount DEPRECATED
[2022-02-12T07:55:32.249189000Z DEBUG solana_bpf_loader_program] Program 8opHzTAnfzRpPEx21XtnrVTX28YQuCpAjcn1PczScKh consumed 1828 of 200000 compute units
[2022-02-12T07:55:32.249247000Z DEBUG solana_program_runtime::stable_log] Program 8opHzTAnfzRpPEx21XtnrVTX28YQuCpAjcn1PczScKh success
[2022-02-12T07:55:32.252644000Z DEBUG solana_program_runtime::stable_log] Program 11111111111111111111111111111111 invoke [1]
[2022-02-12T07:55:32.252716000Z DEBUG solana_program_runtime::stable_log] Program 11111111111111111111111111111111 success
[2022-02-12T07:55:32.253092000Z DEBUG solana_program_runtime::stable_log] Program 11111111111111111111111111111111 invoke [1]
[2022-02-12T07:55:32.253137000Z DEBUG solana_program_runtime::stable_log] Program 11111111111111111111111111111111 success
[2022-02-12T07:55:32.263737000Z DEBUG solana_program_runtime::stable_log] Program 8opHzTAnfzRpPEx21XtnrVTX28YQuCpAjcn1PczScKh invoke [1]
[2022-02-12T07:55:32.264095000Z DEBUG solana_program_runtime::stable_log] Program log: Mango: InitMangoAccount DEPRECATED
[2022-02-12T07:55:32.264211000Z DEBUG solana_program_runtime::stable_log] Program 4uQeVj5tqViQh7yWWGStvkEG1Zmhx6uasJtWCJziofM invoke [1]
[2022-02-12T07:55:32.264496000Z DEBUG solana_bpf_loader_program] Program 8opHzTAnfzRpPEx21XtnrVTX28YQuCpAjcn1PczScKh consumed 1828 of 200000 compute units
[2022-02-12T07:55:32.264550000Z DEBUG solana_program_runtime::stable_log] Program log: Mango: InitMangoAccount DEPRECATED
[2022-02-12T07:55:32.264557000Z DEBUG solana_program_runtime::stable_log] Program 8opHzTAnfzRpPEx21XtnrVTX28YQuCpAjcn1PczScKh success
[2022-02-12T07:55:32.264952000Z DEBUG solana_bpf_loader_program] Program 4uQeVj5tqViQh7yWWGStvkEG1Zmhx6uasJtWCJziofM consumed 1828 of 200000 compute units
[2022-02-12T07:55:32.265010000Z DEBUG solana_program_runtime::stable_log] Program 4uQeVj5tqViQh7yWWGStvkEG1Zmhx6uasJtWCJziofM success
[2022-02-12T07:55:32.269385000Z DEBUG solana_program_runtime::stable_log] Program 11111111111111111111111111111111 invoke [1]
[2022-02-12T07:55:32.269446000Z DEBUG solana_program_runtime::stable_log] Program 11111111111111111111111111111111 success
[2022-02-12T07:55:32.270985000Z DEBUG solana_program_runtime::stable_log] Program 11111111111111111111111111111111 invoke [1]
[2022-02-12T07:55:32.271039000Z DEBUG solana_program_runtime::stable_log] Program 11111111111111111111111111111111 success
[2022-02-12T07:55:32.277370000Z DEBUG solana_program_runtime::stable_log] Program TokenkegQfeZyiNwAJbNbGKPFXCWuBvf9Ss623VQ5DA invoke [1]
[2022-02-12T07:55:32.277884000Z DEBUG solana_program_runtime::stable_log] Program log: Instruction: InitializeAccount
[2022-02-12T07:55:32.278932000Z DEBUG solana_bpf_loader_program] Program TokenkegQfeZyiNwAJbNbGKPFXCWuBvf9Ss623VQ5DA consumed 3411 of 200000 compute units
[2022-02-12T07:55:32.278978000Z DEBUG solana_program_runtime::stable_log] Program TokenkegQfeZyiNwAJbNbGKPFXCWuBvf9Ss623VQ5DA invoke [1]
[2022-02-12T07:55:32.278991000Z DEBUG solana_program_runtime::stable_log] Program TokenkegQfeZyiNwAJbNbGKPFXCWuBvf9Ss623VQ5DA success
[2022-02-12T07:55:32.279493000Z DEBUG solana_program_runtime::stable_log] Program log: Instruction: InitializeAccount
[2022-02-12T07:55:32.280550000Z DEBUG solana_bpf_loader_program] Program TokenkegQfeZyiNwAJbNbGKPFXCWuBvf9Ss623VQ5DA consumed 3411 of 200000 compute units
[2022-02-12T07:55:32.280619000Z DEBUG solana_program_runtime::stable_log] Program TokenkegQfeZyiNwAJbNbGKPFXCWuBvf9Ss623VQ5DA success
[2022-02-12T07:55:32.282595000Z DEBUG solana_program_runtime::stable_log] Program 11111111111111111111111111111111 invoke [1]
[2022-02-12T07:55:32.282656000Z DEBUG solana_program_runtime::stable_log] Program 11111111111111111111111111111111 success
[2022-02-12T07:55:32.283925000Z DEBUG solana_program_runtime::stable_log] Program 11111111111111111111111111111111 invoke [1]
[2022-02-12T07:55:32.283982000Z DEBUG solana_program_runtime::stable_log] Program 11111111111111111111111111111111 success
[2022-02-12T07:55:32.290343000Z DEBUG solana_program_runtime::stable_log] Program TokenkegQfeZyiNwAJbNbGKPFXCWuBvf9Ss623VQ5DA invoke [1]
[2022-02-12T07:55:32.290874000Z DEBUG solana_program_runtime::stable_log] Program log: Instruction: InitializeAccount
[2022-02-12T07:55:32.291772000Z DEBUG solana_program_runtime::stable_log] Program TokenkegQfeZyiNwAJbNbGKPFXCWuBvf9Ss623VQ5DA invoke [1]
[2022-02-12T07:55:32.291878000Z DEBUG solana_bpf_loader_program] Program TokenkegQfeZyiNwAJbNbGKPFXCWuBvf9Ss623VQ5DA consumed 3411 of 200000 compute units
[2022-02-12T07:55:32.291951000Z DEBUG solana_program_runtime::stable_log] Program TokenkegQfeZyiNwAJbNbGKPFXCWuBvf9Ss623VQ5DA success
[2022-02-12T07:55:32.292290000Z DEBUG solana_program_runtime::stable_log] Program log: Instruction: InitializeAccount
[2022-02-12T07:55:32.293348000Z DEBUG solana_bpf_loader_program] Program TokenkegQfeZyiNwAJbNbGKPFXCWuBvf9Ss623VQ5DA consumed 3411 of 200000 compute units
[2022-02-12T07:55:32.293413000Z DEBUG solana_program_runtime::stable_log] Program TokenkegQfeZyiNwAJbNbGKPFXCWuBvf9Ss623VQ5DA success
[2022-02-12T07:55:32.301585000Z DEBUG solana_program_runtime::stable_log] Program 11111111111111111111111111111111 invoke [1]
[2022-02-12T07:55:32.301640000Z DEBUG solana_program_runtime::stable_log] Program 11111111111111111111111111111111 success
[2022-02-12T07:55:32.301693000Z DEBUG solana_program_runtime::stable_log] Program 11111111111111111111111111111111 invoke [1]
[2022-02-12T07:55:32.301735000Z DEBUG solana_program_runtime::stable_log] Program 11111111111111111111111111111111 success
[2022-02-12T07:55:32.301784000Z DEBUG solana_program_runtime::stable_log] Program 11111111111111111111111111111111 invoke [1]
[2022-02-12T07:55:32.301859000Z DEBUG solana_program_runtime::stable_log] Program 11111111111111111111111111111111 success
[2022-02-12T07:55:32.302090000Z DEBUG solana_program_runtime::stable_log] Program 11111111111111111111111111111111 invoke [1]
[2022-02-12T07:55:32.302137000Z DEBUG solana_program_runtime::stable_log] Program 11111111111111111111111111111111 success
[2022-02-12T07:55:32.302198000Z DEBUG solana_program_runtime::stable_log] Program 11111111111111111111111111111111 invoke [1]
[2022-02-12T07:55:32.302244000Z DEBUG solana_program_runtime::stable_log] Program 11111111111111111111111111111111 success
[2022-02-12T07:55:32.302977000Z DEBUG solana_program_runtime::stable_log] Program 11111111111111111111111111111111 invoke [1]
[2022-02-12T07:55:32.303027000Z DEBUG solana_program_runtime::stable_log] Program 11111111111111111111111111111111 success
[2022-02-12T07:55:32.303077000Z DEBUG solana_program_runtime::stable_log] Program 11111111111111111111111111111111 invoke [1]
[2022-02-12T07:55:32.303125000Z DEBUG solana_program_runtime::stable_log] Program 11111111111111111111111111111111 success
[2022-02-12T07:55:32.303175000Z DEBUG solana_program_runtime::stable_log] Program 11111111111111111111111111111111 invoke [1]
[2022-02-12T07:55:32.303527000Z DEBUG solana_program_runtime::stable_log] Program 11111111111111111111111111111111 success
[2022-02-12T07:55:32.303753000Z DEBUG solana_program_runtime::stable_log] Program 11111111111111111111111111111111 invoke [1]
[2022-02-12T07:55:32.303797000Z DEBUG solana_program_runtime::stable_log] Program 11111111111111111111111111111111 success
[2022-02-12T07:55:32.303856000Z DEBUG solana_program_runtime::stable_log] Program 11111111111111111111111111111111 invoke [1]
[2022-02-12T07:55:32.303900000Z DEBUG solana_program_runtime::stable_log] Program 11111111111111111111111111111111 success
[2022-02-12T07:55:32.340085000Z DEBUG solana_program_runtime::stable_log] Program CiDwVBFgWV9E5MvXWoLgnEgn2hK7rJikbvfWavzAQz3 invoke [1]
[2022-02-12T07:55:32.341602000Z DEBUG solana_program_runtime::stable_log] Program GcdayuLaLyrdmUu324nahyv33G5poQdLUEZ1nEytDeP invoke [1]
[2022-02-12T07:55:32.345255000Z DEBUG solana_bpf_loader_program] Program CiDwVBFgWV9E5MvXWoLgnEgn2hK7rJikbvfWavzAQz3 consumed 13661 of 200000 compute units
[2022-02-12T07:55:32.345389000Z DEBUG solana_program_runtime::stable_log] Program CiDwVBFgWV9E5MvXWoLgnEgn2hK7rJikbvfWavzAQz3 success
[2022-02-12T07:55:32.346660000Z DEBUG solana_bpf_loader_program] Program GcdayuLaLyrdmUu324nahyv33G5poQdLUEZ1nEytDeP consumed 13654 of 200000 compute units
[2022-02-12T07:55:32.346991000Z DEBUG solana_program_runtime::stable_log] Program GcdayuLaLyrdmUu324nahyv33G5poQdLUEZ1nEytDeP success
[2022-02-12T07:55:32.353598000Z DEBUG solana_program_runtime::stable_log] Program 11111111111111111111111111111111 invoke [1]
[2022-02-12T07:55:32.353598000Z DEBUG solana_program_runtime::stable_log] Program 11111111111111111111111111111111 invoke [1]
[2022-02-12T07:55:32.353687000Z DEBUG solana_program_runtime::stable_log] Program 11111111111111111111111111111111 success
[2022-02-12T07:55:32.353697000Z DEBUG solana_program_runtime::stable_log] Program 11111111111111111111111111111111 success
[2022-02-12T07:55:32.361637000Z DEBUG solana_program_runtime::stable_log] Program TokenkegQfeZyiNwAJbNbGKPFXCWuBvf9Ss623VQ5DA invoke [1]
[2022-02-12T07:55:32.361673000Z DEBUG solana_program_runtime::stable_log] Program TokenkegQfeZyiNwAJbNbGKPFXCWuBvf9Ss623VQ5DA invoke [1]
[2022-02-12T07:55:32.362153000Z DEBUG solana_program_runtime::stable_log] Program log: Instruction: InitializeAccount
[2022-02-12T07:55:32.362184000Z DEBUG solana_program_runtime::stable_log] Program log: Instruction: InitializeAccount
[2022-02-12T07:55:32.363208000Z DEBUG solana_bpf_loader_program] Program TokenkegQfeZyiNwAJbNbGKPFXCWuBvf9Ss623VQ5DA consumed 3411 of 200000 compute units
[2022-02-12T07:55:32.363242000Z DEBUG solana_bpf_loader_program] Program TokenkegQfeZyiNwAJbNbGKPFXCWuBvf9Ss623VQ5DA consumed 3411 of 200000 compute units
[2022-02-12T07:55:32.363270000Z DEBUG solana_program_runtime::stable_log] Program TokenkegQfeZyiNwAJbNbGKPFXCWuBvf9Ss623VQ5DA success
[2022-02-12T07:55:32.363296000Z DEBUG solana_program_runtime::stable_log] Program TokenkegQfeZyiNwAJbNbGKPFXCWuBvf9Ss623VQ5DA success
[2022-02-12T07:55:32.367369000Z DEBUG solana_program_runtime::stable_log] Program 11111111111111111111111111111111 invoke [1]
[2022-02-12T07:55:32.367375000Z DEBUG solana_program_runtime::stable_log] Program 11111111111111111111111111111111 invoke [1]
[2022-02-12T07:55:32.367423000Z DEBUG solana_program_runtime::stable_log] Program 11111111111111111111111111111111 success
[2022-02-12T07:55:32.367462000Z DEBUG solana_program_runtime::stable_log] Program 11111111111111111111111111111111 success
[2022-02-12T07:55:32.370777000Z DEBUG solana_program_runtime::stable_log] Program 11111111111111111111111111111111 invoke [1]
[2022-02-12T07:55:32.370786000Z DEBUG solana_program_runtime::stable_log] Program 11111111111111111111111111111111 invoke [1]
[2022-02-12T07:55:32.370825000Z DEBUG solana_program_runtime::stable_log] Program 11111111111111111111111111111111 success
[2022-02-12T07:55:32.370832000Z DEBUG solana_program_runtime::stable_log] Program 11111111111111111111111111111111 success
[2022-02-12T07:55:32.382482000Z DEBUG solana_program_runtime::stable_log] Program 8opHzTAnfzRpPEx21XtnrVTX28YQuCpAjcn1PczScKh invoke [1]
[2022-02-12T07:55:32.382586000Z DEBUG solana_program_runtime::stable_log] Program 4uQeVj5tqViQh7yWWGStvkEG1Zmhx6uasJtWCJziofM invoke [1]
[2022-02-12T07:55:32.383181000Z DEBUG solana_program_runtime::stable_log] Program log: Mango: AddSpotMarket
[2022-02-12T07:55:32.383336000Z DEBUG solana_program_runtime::stable_log] Program log: Mango: AddSpotMarket
[2022-02-12T07:55:32.389210000Z DEBUG solana_bpf_loader_program] Program 8opHzTAnfzRpPEx21XtnrVTX28YQuCpAjcn1PczScKh consumed 20512 of 200000 compute units
[2022-02-12T07:55:32.389303000Z DEBUG solana_program_runtime::stable_log] Program 8opHzTAnfzRpPEx21XtnrVTX28YQuCpAjcn1PczScKh success
[2022-02-12T07:55:32.389435000Z DEBUG solana_bpf_loader_program] Program 4uQeVj5tqViQh7yWWGStvkEG1Zmhx6uasJtWCJziofM consumed 20512 of 200000 compute units
[2022-02-12T07:55:32.389532000Z DEBUG solana_program_runtime::stable_log] Program 4uQeVj5tqViQh7yWWGStvkEG1Zmhx6uasJtWCJziofM success
[2022-02-12T07:55:32.393260000Z DEBUG solana_program_runtime::stable_log] Program 11111111111111111111111111111111 invoke [1]
[2022-02-12T07:55:32.393275000Z DEBUG solana_program_runtime::stable_log] Program 11111111111111111111111111111111 invoke [1]
[2022-02-12T07:55:32.393312000Z DEBUG solana_program_runtime::stable_log] Program 11111111111111111111111111111111 success
[2022-02-12T07:55:32.393335000Z DEBUG solana_program_runtime::stable_log] Program 11111111111111111111111111111111 success
[2022-02-12T07:55:32.396833000Z DEBUG solana_program_runtime::stable_log] Program 11111111111111111111111111111111 invoke [1]
[2022-02-12T07:55:32.396853000Z DEBUG solana_program_runtime::stable_log] Program 11111111111111111111111111111111 invoke [1]
[2022-02-12T07:55:32.396886000Z DEBUG solana_program_runtime::stable_log] Program 11111111111111111111111111111111 success
[2022-02-12T07:55:32.396904000Z DEBUG solana_program_runtime::stable_log] Program 11111111111111111111111111111111 success
[2022-02-12T07:55:32.400262000Z DEBUG solana_program_runtime::stable_log] Program 11111111111111111111111111111111 invoke [1]
[2022-02-12T07:55:32.400262000Z DEBUG solana_program_runtime::stable_log] Program 11111111111111111111111111111111 invoke [1]
[2022-02-12T07:55:32.400323000Z DEBUG solana_program_runtime::stable_log] Program 11111111111111111111111111111111 success
[2022-02-12T07:55:32.400327000Z DEBUG solana_program_runtime::stable_log] Program 11111111111111111111111111111111 success
[2022-02-12T07:55:32.403656000Z DEBUG solana_program_runtime::stable_log] Program 11111111111111111111111111111111 invoke [1]
[2022-02-12T07:55:32.403672000Z DEBUG solana_program_runtime::stable_log] Program 11111111111111111111111111111111 invoke [1]
[2022-02-12T07:55:32.403708000Z DEBUG solana_program_runtime::stable_log] Program 11111111111111111111111111111111 success
[2022-02-12T07:55:32.403728000Z DEBUG solana_program_runtime::stable_log] Program 11111111111111111111111111111111 success
[2022-02-12T07:55:32.407276000Z DEBUG solana_program_runtime::stable_log] Program 11111111111111111111111111111111 invoke [1]
[2022-02-12T07:55:32.407285000Z DEBUG solana_program_runtime::stable_log] Program 11111111111111111111111111111111 invoke [1]
[2022-02-12T07:55:32.407330000Z DEBUG solana_program_runtime::stable_log] Program 11111111111111111111111111111111 success
[2022-02-12T07:55:32.407340000Z DEBUG solana_program_runtime::stable_log] Program 11111111111111111111111111111111 success
[2022-02-12T07:55:32.415053000Z DEBUG solana_program_runtime::stable_log] Program TokenkegQfeZyiNwAJbNbGKPFXCWuBvf9Ss623VQ5DA invoke [1]
[2022-02-12T07:55:32.415187000Z DEBUG solana_program_runtime::stable_log] Program TokenkegQfeZyiNwAJbNbGKPFXCWuBvf9Ss623VQ5DA invoke [1]
[2022-02-12T07:55:32.415545000Z DEBUG solana_program_runtime::stable_log] Program log: Instruction: InitializeAccount
[2022-02-12T07:55:32.415685000Z DEBUG solana_program_runtime::stable_log] Program log: Instruction: InitializeAccount
[2022-02-12T07:55:32.416553000Z DEBUG solana_bpf_loader_program] Program TokenkegQfeZyiNwAJbNbGKPFXCWuBvf9Ss623VQ5DA consumed 3411 of 200000 compute units
[2022-02-12T07:55:32.416611000Z DEBUG solana_program_runtime::stable_log] Program TokenkegQfeZyiNwAJbNbGKPFXCWuBvf9Ss623VQ5DA success
[2022-02-12T07:55:32.416697000Z DEBUG solana_bpf_loader_program] Program TokenkegQfeZyiNwAJbNbGKPFXCWuBvf9Ss623VQ5DA consumed 3411 of 200000 compute units
[2022-02-12T07:55:32.416758000Z DEBUG solana_program_runtime::stable_log] Program TokenkegQfeZyiNwAJbNbGKPFXCWuBvf9Ss623VQ5DA success
[2022-02-12T07:55:32.427914000Z DEBUG solana_program_runtime::stable_log] Program 8opHzTAnfzRpPEx21XtnrVTX28YQuCpAjcn1PczScKh invoke [1]
[2022-02-12T07:55:32.428080000Z DEBUG solana_program_runtime::stable_log] Program 4uQeVj5tqViQh7yWWGStvkEG1Zmhx6uasJtWCJziofM invoke [1]
[2022-02-12T07:55:32.428538000Z DEBUG solana_program_runtime::stable_log] Program log: Mango: AddPerpMarket DEPRECATED
[2022-02-12T07:55:32.428724000Z DEBUG solana_program_runtime::stable_log] Program log: Mango: AddPerpMarket DEPRECATED
[2022-02-12T07:55:32.434826000Z DEBUG solana_bpf_loader_program] Program 8opHzTAnfzRpPEx21XtnrVTX28YQuCpAjcn1PczScKh consumed 20524 of 200000 compute units
[2022-02-12T07:55:32.434916000Z DEBUG solana_program_runtime::stable_log] Program 8opHzTAnfzRpPEx21XtnrVTX28YQuCpAjcn1PczScKh success
[2022-02-12T07:55:32.434961000Z DEBUG solana_bpf_loader_program] Program 4uQeVj5tqViQh7yWWGStvkEG1Zmhx6uasJtWCJziofM consumed 20524 of 200000 compute units
[2022-02-12T07:55:32.435038000Z DEBUG solana_program_runtime::stable_log] Program 4uQeVj5tqViQh7yWWGStvkEG1Zmhx6uasJtWCJziofM success
[2022-02-12T07:55:32.445980000Z DEBUG solana_program_runtime::stable_log] Program 8opHzTAnfzRpPEx21XtnrVTX28YQuCpAjcn1PczScKh invoke [1]
[2022-02-12T07:55:32.446365000Z DEBUG solana_program_runtime::stable_log] Program log: Mango: SetOracle
[2022-02-12T07:55:32.446670000Z DEBUG solana_bpf_loader_program] Program 8opHzTAnfzRpPEx21XtnrVTX28YQuCpAjcn1PczScKh consumed 1550 of 200000 compute units
[2022-02-12T07:55:32.446737000Z DEBUG solana_program_runtime::stable_log] Program 8opHzTAnfzRpPEx21XtnrVTX28YQuCpAjcn1PczScKh success
[2022-02-12T07:55:32.447087000Z DEBUG solana_program_runtime::stable_log] Program 4uQeVj5tqViQh7yWWGStvkEG1Zmhx6uasJtWCJziofM invoke [1]
[2022-02-12T07:55:32.447436000Z DEBUG solana_program_runtime::stable_log] Program log: Mango: SetOracle
[2022-02-12T07:55:32.447737000Z DEBUG solana_bpf_loader_program] Program 4uQeVj5tqViQh7yWWGStvkEG1Zmhx6uasJtWCJziofM consumed 1550 of 200000 compute units
[2022-02-12T07:55:32.447791000Z DEBUG solana_program_runtime::stable_log] Program 4uQeVj5tqViQh7yWWGStvkEG1Zmhx6uasJtWCJziofM success
[2022-02-12T07:55:32.478482000Z DEBUG solana_program_runtime::stable_log] Program 8opHzTAnfzRpPEx21XtnrVTX28YQuCpAjcn1PczScKh invoke [1]
[2022-02-12T07:55:32.478680000Z DEBUG solana_program_runtime::stable_log] Program 4uQeVj5tqViQh7yWWGStvkEG1Zmhx6uasJtWCJziofM invoke [1]
[2022-02-12T07:55:32.478833000Z DEBUG solana_program_runtime::stable_log] Program log: Mango: CachePrices
[2022-02-12T07:55:32.479060000Z DEBUG solana_program_runtime::stable_log] Program log: Mango: CachePrices
[2022-02-12T07:55:32.479162000Z DEBUG solana_program_runtime::stable_log] Program log: mango-log
[2022-02-12T07:55:32.479400000Z DEBUG solana_program_runtime::stable_log] Program log: mango-log
[2022-02-12T07:55:32.479762000Z DEBUG solana_program_runtime::stable_log] Program log: ux0uSxX5tBtPKnUNrCxIBU/M9p0WImlW61Am6t//qfs0C+uCl0MVUQEAAAAAAAAAAAAAAAEAAAAAAAAAAAAQJwAAAAAAAAAA
[2022-02-12T07:55:32.479870000Z DEBUG solana_bpf_loader_program] Program 8opHzTAnfzRpPEx21XtnrVTX28YQuCpAjcn1PczScKh consumed 3669 of 200000 compute units
[2022-02-12T07:55:32.479932000Z DEBUG solana_program_runtime::stable_log] Program 8opHzTAnfzRpPEx21XtnrVTX28YQuCpAjcn1PczScKh success
[2022-02-12T07:55:32.480002000Z DEBUG solana_program_runtime::stable_log] Program log: ux0uSxX5tBuOfD/iJ68FwCfnErjhJP8NRoYm8A6Wv5b5Cvf2/atUSwEAAAAAAAAAAAAAAAEAAAAAAAAAAAAQJwAAAAAAAAAA
[2022-02-12T07:55:32.480115000Z DEBUG solana_bpf_loader_program] Program 4uQeVj5tqViQh7yWWGStvkEG1Zmhx6uasJtWCJziofM consumed 3669 of 200000 compute units
[2022-02-12T07:55:32.480182000Z DEBUG solana_program_runtime::stable_log] Program 4uQeVj5tqViQh7yWWGStvkEG1Zmhx6uasJtWCJziofM success
[2022-02-12T07:55:32.490794000Z DEBUG solana_program_runtime::stable_log] Program 4uQeVj5tqViQh7yWWGStvkEG1Zmhx6uasJtWCJziofM invoke [1]
[2022-02-12T07:55:32.490977000Z DEBUG solana_program_runtime::stable_log] Program 8opHzTAnfzRpPEx21XtnrVTX28YQuCpAjcn1PczScKh invoke [1]
[2022-02-12T07:55:32.491179000Z DEBUG solana_program_runtime::stable_log] Program log: Mango: UpdateRootBank
[2022-02-12T07:55:32.491383000Z DEBUG solana_program_runtime::stable_log] Program log: Mango: UpdateRootBank
[2022-02-12T07:55:32.492997000Z DEBUG solana_program_runtime::stable_log] Program log: mango-log
[2022-02-12T07:55:32.493154000Z DEBUG solana_program_runtime::stable_log] Program log: mango-log
[2022-02-12T07:55:32.493643000Z DEBUG solana_program_runtime::stable_log] Program log: 8HmBNKTUaLiOfD/iJ68FwCfnErjhJP8NRoYm8A6Wv5b5Cvf2/atUSwAAAAAAAAAAAAAAAAAAQEIPAAAAAAAAAAAAAAAAAEBCDwAAAAAAAAA=
[2022-02-12T07:55:32.493789000Z DEBUG solana_program_runtime::stable_log] Program log: 8HmBNKTUaLhPKnUNrCxIBU/M9p0WImlW61Am6t//qfs0C+uCl0MVUQAAAAAAAAAAAAAAAAAAQEIPAAAAAAAAAAAAAAAAAEBCDwAAAAAAAAA=
[2022-02-12T07:55:32.493773000Z DEBUG solana_bpf_loader_program] Program 4uQeVj5tqViQh7yWWGStvkEG1Zmhx6uasJtWCJziofM consumed 8523 of 200000 compute units
[2022-02-12T07:55:32.493840000Z DEBUG solana_program_runtime::stable_log] Program 4uQeVj5tqViQh7yWWGStvkEG1Zmhx6uasJtWCJziofM success
[2022-02-12T07:55:32.493921000Z DEBUG solana_bpf_loader_program] Program 8opHzTAnfzRpPEx21XtnrVTX28YQuCpAjcn1PczScKh consumed 8523 of 200000 compute units
[2022-02-12T07:55:32.493977000Z DEBUG solana_program_runtime::stable_log] Program 8opHzTAnfzRpPEx21XtnrVTX28YQuCpAjcn1PczScKh success
[2022-02-12T07:55:32.504084000Z DEBUG solana_program_runtime::stable_log] Program 4uQeVj5tqViQh7yWWGStvkEG1Zmhx6uasJtWCJziofM invoke [1]
[2022-02-12T07:55:32.504223000Z DEBUG solana_program_runtime::stable_log] Program 8opHzTAnfzRpPEx21XtnrVTX28YQuCpAjcn1PczScKh invoke [1]
[2022-02-12T07:55:32.504519000Z DEBUG solana_program_runtime::stable_log] Program log: Mango: UpdateFunding
[2022-02-12T07:55:32.504672000Z DEBUG solana_program_runtime::stable_log] Program log: Mango: UpdateFunding
[2022-02-12T07:55:32.505608000Z DEBUG solana_program_runtime::stable_log] Program log: mango-log
[2022-02-12T07:55:32.505770000Z DEBUG solana_program_runtime::stable_log] Program log: mango-log
[2022-02-12T07:55:32.506281000Z DEBUG solana_program_runtime::stable_log] Program log: ta5iwCEXTXuOfD/iJ68FwCfnErjhJP8NRoYm8A6Wv5b5Cvf2/atUSwAAAAAAAAAAAAAAAAAAAAAAAAAAAAAAAAAAAAAAAAAAAAAAAAAAAAA=
[2022-02-12T07:55:32.506394000Z DEBUG solana_program_runtime::stable_log] Program log: ta5iwCEXTXtPKnUNrCxIBU/M9p0WImlW61Am6t//qfs0C+uCl0MVUQAAAAAAAAAAAAAAAAAAAAAAAAAAAAAAAAAAAAAAAAAAAAAAAAAAAAA=
[2022-02-12T07:55:32.506453000Z DEBUG solana_bpf_loader_program] Program 4uQeVj5tqViQh7yWWGStvkEG1Zmhx6uasJtWCJziofM consumed 6381 of 200000 compute units
[2022-02-12T07:55:32.506535000Z DEBUG solana_program_runtime::stable_log] Program 4uQeVj5tqViQh7yWWGStvkEG1Zmhx6uasJtWCJziofM success
[2022-02-12T07:55:32.506548000Z DEBUG solana_bpf_loader_program] Program 8opHzTAnfzRpPEx21XtnrVTX28YQuCpAjcn1PczScKh consumed 6381 of 200000 compute units
[2022-02-12T07:55:32.506615000Z DEBUG solana_program_runtime::stable_log] Program 8opHzTAnfzRpPEx21XtnrVTX28YQuCpAjcn1PczScKh success
[2022-02-12T07:55:32.516884000Z DEBUG solana_program_runtime::stable_log] Program 4uQeVj5tqViQh7yWWGStvkEG1Zmhx6uasJtWCJziofM invoke [1]
[2022-02-12T07:55:32.516889000Z DEBUG solana_program_runtime::stable_log] Program 8opHzTAnfzRpPEx21XtnrVTX28YQuCpAjcn1PczScKh invoke [1]
[2022-02-12T07:55:32.517300000Z DEBUG solana_program_runtime::stable_log] Program log: Mango: CacheRootBanks
[2022-02-12T07:55:32.517338000Z DEBUG solana_program_runtime::stable_log] Program log: Mango: CacheRootBanks
[2022-02-12T07:55:32.517986000Z DEBUG solana_program_runtime::stable_log] Program log: mango-log
[2022-02-12T07:55:32.518030000Z DEBUG solana_program_runtime::stable_log] Program log: mango-log
[2022-02-12T07:55:32.518907000Z DEBUG solana_program_runtime::stable_log] Program log: IVXYca/GfeiOfD/iJ68FwCfnErjhJP8NRoYm8A6Wv5b5Cvf2/atUSwIAAAAAAAAAAAAAAA8AAAAAAAAAAgAAAAAAAAAAAEBCDwAAAAAAAAAAAAAAAABAQg8AAAAAAAAAAgAAAAAAAAAAAEBCDwAAAAAAAAAAAAAAAABAQg8AAAAAAAAA
[2022-02-12T07:55:32.518943000Z DEBUG solana_program_runtime::stable_log] Program log: IVXYca/GfehPKnUNrCxIBU/M9p0WImlW61Am6t//qfs0C+uCl0MVUQIAAAAAAAAAAAAAAA8AAAAAAAAAAgAAAAAAAAAAAEBCDwAAAAAAAAAAAAAAAABAQg8AAAAAAAAAAgAAAAAAAAAAAEBCDwAAAAAAAAAAAAAAAABAQg8AAAAAAAAA
[2022-02-12T07:55:32.519047000Z DEBUG solana_bpf_loader_program] Program 4uQeVj5tqViQh7yWWGStvkEG1Zmhx6uasJtWCJziofM consumed 5857 of 200000 compute units
[2022-02-12T07:55:32.519071000Z DEBUG solana_bpf_loader_program] Program 8opHzTAnfzRpPEx21XtnrVTX28YQuCpAjcn1PczScKh consumed 5857 of 200000 compute units
[2022-02-12T07:55:32.519106000Z DEBUG solana_program_runtime::stable_log] Program 4uQeVj5tqViQh7yWWGStvkEG1Zmhx6uasJtWCJziofM success
[2022-02-12T07:55:32.519135000Z DEBUG solana_program_runtime::stable_log] Program 8opHzTAnfzRpPEx21XtnrVTX28YQuCpAjcn1PczScKh success
[2022-02-12T07:55:32.528364000Z DEBUG solana_program_runtime::stable_log] Program 8opHzTAnfzRpPEx21XtnrVTX28YQuCpAjcn1PczScKh invoke [1]
[2022-02-12T07:55:32.528381000Z DEBUG solana_program_runtime::stable_log] Program 4uQeVj5tqViQh7yWWGStvkEG1Zmhx6uasJtWCJziofM invoke [1]
[2022-02-12T07:55:32.528695000Z DEBUG solana_program_runtime::stable_log] Program log: Mango: CachePerpMarkets
[2022-02-12T07:55:32.528717000Z DEBUG solana_program_runtime::stable_log] Program log: Mango: CachePerpMarkets
[2022-02-12T07:55:32.529095000Z DEBUG solana_program_runtime::stable_log] Program log: mango-log
[2022-02-12T07:55:32.529110000Z DEBUG solana_program_runtime::stable_log] Program log: mango-log
[2022-02-12T07:55:32.529826000Z DEBUG solana_program_runtime::stable_log] Program log: 9lt9JxCzqw5PKnUNrCxIBU/M9p0WImlW61Am6t//qfs0C+uCl0MVUQEAAAAAAAAAAAAAAAEAAAAAAAAAAAAAAAAAAAAAAAAAAQAAAAAAAAAAAAAAAAAAAAAAAAA=
[2022-02-12T07:55:32.529845000Z DEBUG solana_program_runtime::stable_log] Program log: 9lt9JxCzqw6OfD/iJ68FwCfnErjhJP8NRoYm8A6Wv5b5Cvf2/atUSwEAAAAAAAAAAAAAAAEAAAAAAAAAAAAAAAAAAAAAAAAAAQAAAAAAAAAAAAAAAAAAAAAAAAA=
[2022-02-12T07:55:32.529934000Z DEBUG solana_bpf_loader_program] Program 8opHzTAnfzRpPEx21XtnrVTX28YQuCpAjcn1PczScKh consumed 4331 of 200000 compute units
[2022-02-12T07:55:32.529952000Z DEBUG solana_bpf_loader_program] Program 4uQeVj5tqViQh7yWWGStvkEG1Zmhx6uasJtWCJziofM consumed 4331 of 200000 compute units
[2022-02-12T07:55:32.529995000Z DEBUG solana_program_runtime::stable_log] Program 8opHzTAnfzRpPEx21XtnrVTX28YQuCpAjcn1PczScKh success
[2022-02-12T07:55:32.530012000Z DEBUG solana_program_runtime::stable_log] Program 4uQeVj5tqViQh7yWWGStvkEG1Zmhx6uasJtWCJziofM success
[2022-02-12T07:55:32.543659000Z DEBUG solana_program_runtime::stable_log] Program 4uQeVj5tqViQh7yWWGStvkEG1Zmhx6uasJtWCJziofM invoke [1]
[2022-02-12T07:55:32.543741000Z DEBUG solana_program_runtime::stable_log] Program 8opHzTAnfzRpPEx21XtnrVTX28YQuCpAjcn1PczScKh invoke [1]
[2022-02-12T07:55:32.544310000Z DEBUG solana_program_runtime::stable_log] Program log: Mango: Deposit
[2022-02-12T07:55:32.544420000Z DEBUG solana_program_runtime::stable_log] Program log: Mango: Deposit
[2022-02-12T07:55:32.553309000Z DEBUG solana_program_runtime::stable_log] Program TokenkegQfeZyiNwAJbNbGKPFXCWuBvf9Ss623VQ5DA invoke [2]
[2022-02-12T07:55:32.553314000Z DEBUG solana_program_runtime::stable_log] Program TokenkegQfeZyiNwAJbNbGKPFXCWuBvf9Ss623VQ5DA invoke [2]
[2022-02-12T07:55:32.553765000Z DEBUG solana_program_runtime::stable_log] Program log: Instruction: Transfer
[2022-02-12T07:55:32.553773000Z DEBUG solana_program_runtime::stable_log] Program log: Instruction: Transfer
[2022-02-12T07:55:32.554726000Z DEBUG solana_bpf_loader_program] Program TokenkegQfeZyiNwAJbNbGKPFXCWuBvf9Ss623VQ5DA consumed 3121 of 194218 compute units
[2022-02-12T07:55:32.554725000Z DEBUG solana_bpf_loader_program] Program TokenkegQfeZyiNwAJbNbGKPFXCWuBvf9Ss623VQ5DA consumed 3121 of 194218 compute units
[2022-02-12T07:55:32.554797000Z DEBUG solana_program_runtime::stable_log] Program TokenkegQfeZyiNwAJbNbGKPFXCWuBvf9Ss623VQ5DA success
[2022-02-12T07:55:32.554797000Z DEBUG solana_program_runtime::stable_log] Program TokenkegQfeZyiNwAJbNbGKPFXCWuBvf9Ss623VQ5DA success
[2022-02-12T07:55:32.556313000Z DEBUG solana_program_runtime::stable_log] Program log: mango-log
[2022-02-12T07:55:32.556314000Z DEBUG solana_program_runtime::stable_log] Program log: mango-log
[2022-02-12T07:55:32.557090000Z DEBUG solana_program_runtime::stable_log] Program log: F5qwwQsqqPRPKnUNrCxIBU/M9p0WImlW61Am6t//qfs0C+uCl0MVUXUXWv6YzrETRa7aGX9e0lTqnj2XwQA0j1r3v7lAIDvcDwAAAAAAAAAAAAAAAAAQJwAAAAAAAAAAAAAAAAAAAAAAAAAAAAAAAA==
[2022-02-12T07:55:32.557123000Z DEBUG solana_program_runtime::stable_log] Program log: mango-log
[2022-02-12T07:55:32.557141000Z DEBUG solana_program_runtime::stable_log] Program log: F5qwwQsqqPSOfD/iJ68FwCfnErjhJP8NRoYm8A6Wv5b5Cvf2/atUS2w5bnyoyazio52uiPLVlCh+LiOM/QNeGc8+QdWXkta/DwAAAAAAAAAAAAAAAAAQJwAAAAAAAAAAAAAAAAAAAAAAAAAAAAAAAA==
[2022-02-12T07:55:32.557173000Z DEBUG solana_program_runtime::stable_log] Program log: mango-log
[2022-02-12T07:55:32.557947000Z DEBUG solana_program_runtime::stable_log] Program log: jbqo/GyNSF5PKnUNrCxIBU/M9p0WImlW61Am6t//qfs0C+uCl0MVUXUXWv6YzrETRa7aGX9e0lTqnj2XwQA0j1r3v7lAIDvcA13/Qp9lP+8ZfITqRZtvo8mmq/di/JNT1D2l3jXsje8PAAAAAAAAAADkC1QCAAAA
[2022-02-12T07:55:32.558004000Z DEBUG solana_program_runtime::stable_log] Program log: jbqo/GyNSF6OfD/iJ68FwCfnErjhJP8NRoYm8A6Wv5b5Cvf2/atUS2w5bnyoyazio52uiPLVlCh+LiOM/QNeGc8+QdWXkta/WujWnAZ/Dj+UGgjHLaZqfcavDySkm3lxJTQO8Wuic4wPAAAAAAAAAADkC1QCAAAA
[2022-02-12T07:55:32.558183000Z DEBUG solana_bpf_loader_program] Program 8opHzTAnfzRpPEx21XtnrVTX28YQuCpAjcn1PczScKh consumed 18920 of 200000 compute units
[2022-02-12T07:55:32.558236000Z DEBUG solana_bpf_loader_program] Program 4uQeVj5tqViQh7yWWGStvkEG1Zmhx6uasJtWCJziofM consumed 18920 of 200000 compute units
[2022-02-12T07:55:32.558257000Z DEBUG solana_program_runtime::stable_log] Program 8opHzTAnfzRpPEx21XtnrVTX28YQuCpAjcn1PczScKh success
[2022-02-12T07:55:32.558313000Z DEBUG solana_program_runtime::stable_log] Program 4uQeVj5tqViQh7yWWGStvkEG1Zmhx6uasJtWCJziofM success
[2022-02-12T07:55:32.571728000Z DEBUG solana_program_runtime::stable_log] Program 8opHzTAnfzRpPEx21XtnrVTX28YQuCpAjcn1PczScKh invoke [1]
[2022-02-12T07:55:32.571931000Z DEBUG solana_program_runtime::stable_log] Program 4uQeVj5tqViQh7yWWGStvkEG1Zmhx6uasJtWCJziofM invoke [1]
[2022-02-12T07:55:32.572386000Z DEBUG solana_program_runtime::stable_log] Program log: Mango: Deposit
[2022-02-12T07:55:32.572627000Z DEBUG solana_program_runtime::stable_log] Program log: Mango: Deposit
[2022-02-12T07:55:32.581283000Z DEBUG solana_program_runtime::stable_log] Program TokenkegQfeZyiNwAJbNbGKPFXCWuBvf9Ss623VQ5DA invoke [2]
[2022-02-12T07:55:32.581376000Z DEBUG solana_program_runtime::stable_log] Program TokenkegQfeZyiNwAJbNbGKPFXCWuBvf9Ss623VQ5DA invoke [2]
[2022-02-12T07:55:32.581723000Z DEBUG solana_program_runtime::stable_log] Program log: Instruction: Transfer
[2022-02-12T07:55:32.581824000Z DEBUG solana_program_runtime::stable_log] Program log: Instruction: Transfer
[2022-02-12T07:55:32.582655000Z DEBUG solana_bpf_loader_program] Program TokenkegQfeZyiNwAJbNbGKPFXCWuBvf9Ss623VQ5DA consumed 3121 of 194804 compute units
[2022-02-12T07:55:32.582725000Z DEBUG solana_program_runtime::stable_log] Program TokenkegQfeZyiNwAJbNbGKPFXCWuBvf9Ss623VQ5DA success
[2022-02-12T07:55:32.582763000Z DEBUG solana_bpf_loader_program] Program TokenkegQfeZyiNwAJbNbGKPFXCWuBvf9Ss623VQ5DA consumed 3121 of 194218 compute units
[2022-02-12T07:55:32.582820000Z DEBUG solana_program_runtime::stable_log] Program TokenkegQfeZyiNwAJbNbGKPFXCWuBvf9Ss623VQ5DA success
[2022-02-12T07:55:32.584023000Z DEBUG solana_program_runtime::stable_log] Program log: mango-log
[2022-02-12T07:55:32.584321000Z DEBUG solana_program_runtime::stable_log] Program log: mango-log
[2022-02-12T07:55:32.584799000Z DEBUG solana_program_runtime::stable_log] Program log: F5qwwQsqqPSOfD/iJ68FwCfnErjhJP8NRoYm8A6Wv5b5Cvf2/atUS2w5bnyoyazio52uiPLVlCh+LiOM/QNeGc8+QdWXkta/AAAAAAAAAAAAAAAAAAABAAAAAAAAAAAAAAAAAAAAAAAAAAAAAAAAAA==
[2022-02-12T07:55:32.584833000Z DEBUG solana_program_runtime::stable_log] Program log: mango-log
[2022-02-12T07:55:32.585088000Z DEBUG solana_program_runtime::stable_log] Program log: F5qwwQsqqPRPKnUNrCxIBU/M9p0WImlW61Am6t//qfs0C+uCl0MVUaNHyMK3cBpKedWZdyOgrxKcS40NffLB4fgJOILMMfTJDwAAAAAAAAAAAAAAAAAQJwAAAAAAAAAAAAAAAAAAAAAAAAAAAAAAAA==
[2022-02-12T07:55:32.585118000Z DEBUG solana_program_runtime::stable_log] Program log: mango-log
[2022-02-12T07:55:32.585655000Z DEBUG solana_program_runtime::stable_log] Program log: jbqo/GyNSF6OfD/iJ68FwCfnErjhJP8NRoYm8A6Wv5b5Cvf2/atUS2w5bnyoyazio52uiPLVlCh+LiOM/QNeGc8+QdWXkta/WujWnAZ/Dj+UGgjHLaZqfcavDySkm3lxJTQO8Wuic4wAAAAAAAAAAEBCDwAAAAAA
[2022-02-12T07:55:32.585888000Z DEBUG solana_bpf_loader_program] Program 4uQeVj5tqViQh7yWWGStvkEG1Zmhx6uasJtWCJziofM consumed 17628 of 200000 compute units
[2022-02-12T07:55:32.585952000Z DEBUG solana_program_runtime::stable_log] Program log: jbqo/GyNSF5PKnUNrCxIBU/M9p0WImlW61Am6t//qfs0C+uCl0MVUaNHyMK3cBpKedWZdyOgrxKcS40NffLB4fgJOILMMfTJPg+Y5J8g58eK+v/73h5hDude0ryMJkGjwAJXtPD5m8wPAAAAAAAAAADkC1QCAAAA
[2022-02-12T07:55:32.585965000Z DEBUG solana_program_runtime::stable_log] Program 4uQeVj5tqViQh7yWWGStvkEG1Zmhx6uasJtWCJziofM success
[2022-02-12T07:55:32.586185000Z DEBUG solana_bpf_loader_program] Program 8opHzTAnfzRpPEx21XtnrVTX28YQuCpAjcn1PczScKh consumed 18920 of 200000 compute units
[2022-02-12T07:55:32.586266000Z DEBUG solana_program_runtime::stable_log] Program 8opHzTAnfzRpPEx21XtnrVTX28YQuCpAjcn1PczScKh success
[2022-02-12T07:55:32.599459000Z DEBUG solana_program_runtime::stable_log] Program 4uQeVj5tqViQh7yWWGStvkEG1Zmhx6uasJtWCJziofM invoke [1]
[2022-02-12T07:55:32.599459000Z DEBUG solana_program_runtime::stable_log] Program 8opHzTAnfzRpPEx21XtnrVTX28YQuCpAjcn1PczScKh invoke [1]
[2022-02-12T07:55:32.600175000Z DEBUG solana_program_runtime::stable_log] Program log: Mango: Deposit
[2022-02-12T07:55:32.600205000Z DEBUG solana_program_runtime::stable_log] Program log: Mango: Deposit
[2022-02-12T07:55:32.608857000Z DEBUG solana_program_runtime::stable_log] Program TokenkegQfeZyiNwAJbNbGKPFXCWuBvf9Ss623VQ5DA invoke [2]
[2022-02-12T07:55:32.608986000Z DEBUG solana_program_runtime::stable_log] Program TokenkegQfeZyiNwAJbNbGKPFXCWuBvf9Ss623VQ5DA invoke [2]
[2022-02-12T07:55:32.609296000Z DEBUG solana_program_runtime::stable_log] Program log: Instruction: Transfer
[2022-02-12T07:55:32.609422000Z DEBUG solana_program_runtime::stable_log] Program log: Instruction: Transfer
[2022-02-12T07:55:32.610202000Z DEBUG solana_bpf_loader_program] Program TokenkegQfeZyiNwAJbNbGKPFXCWuBvf9Ss623VQ5DA consumed 3121 of 194804 compute units
[2022-02-12T07:55:32.610260000Z DEBUG solana_program_runtime::stable_log] Program TokenkegQfeZyiNwAJbNbGKPFXCWuBvf9Ss623VQ5DA success
[2022-02-12T07:55:32.610346000Z DEBUG solana_bpf_loader_program] Program TokenkegQfeZyiNwAJbNbGKPFXCWuBvf9Ss623VQ5DA consumed 3121 of 194218 compute units
[2022-02-12T07:55:32.610414000Z DEBUG solana_program_runtime::stable_log] Program TokenkegQfeZyiNwAJbNbGKPFXCWuBvf9Ss623VQ5DA success
[2022-02-12T07:55:32.611507000Z DEBUG solana_program_runtime::stable_log] Program log: mango-log
[2022-02-12T07:55:32.611872000Z DEBUG solana_program_runtime::stable_log] Program log: mango-log
[2022-02-12T07:55:32.612262000Z DEBUG solana_program_runtime::stable_log] Program log: F5qwwQsqqPRPKnUNrCxIBU/M9p0WImlW61Am6t//qfs0C+uCl0MVUaNHyMK3cBpKedWZdyOgrxKcS40NffLB4fgJOILMMfTJAAAAAAAAAAAAAAAAAAABAAAAAAAAAAAAAAAAAAAAAAAAAAAAAAAAAA==
[2022-02-12T07:55:32.612295000Z DEBUG solana_program_runtime::stable_log] Program log: mango-log
[2022-02-12T07:55:32.612618000Z DEBUG solana_program_runtime::stable_log] Program log: F5qwwQsqqPSOfD/iJ68FwCfnErjhJP8NRoYm8A6Wv5b5Cvf2/atUS9K7rSImNuJpF4u9fUV8i5i7/duUk0/4v5gJTBIrP1n7DwAAAAAAAAAAAAAAAAAQJwAAAAAAAAAAAAAAAAAAAAAAAAAAAAAAAA==
[2022-02-12T07:55:32.612652000Z DEBUG solana_program_runtime::stable_log] Program log: mango-log
[2022-02-12T07:55:32.613107000Z DEBUG solana_program_runtime::stable_log] Program log: jbqo/GyNSF5PKnUNrCxIBU/M9p0WImlW61Am6t//qfs0C+uCl0MVUaNHyMK3cBpKedWZdyOgrxKcS40NffLB4fgJOILMMfTJPg+Y5J8g58eK+v/73h5hDude0ryMJkGjwAJXtPD5m8wAAAAAAAAAAEBCDwAAAAAA
[2022-02-12T07:55:32.613334000Z DEBUG solana_bpf_loader_program] Program 8opHzTAnfzRpPEx21XtnrVTX28YQuCpAjcn1PczScKh consumed 17628 of 200000 compute units
[2022-02-12T07:55:32.613402000Z DEBUG solana_program_runtime::stable_log] Program 8opHzTAnfzRpPEx21XtnrVTX28YQuCpAjcn1PczScKh success
[2022-02-12T07:55:32.613452000Z DEBUG solana_program_runtime::stable_log] Program log: jbqo/GyNSF6OfD/iJ68FwCfnErjhJP8NRoYm8A6Wv5b5Cvf2/atUS9K7rSImNuJpF4u9fUV8i5i7/duUk0/4v5gJTBIrP1n7OXthFbVNCKif/ewCv6m7QOYQF/yNnux3HENyA2XZRtQPAAAAAAAAAADkC1QCAAAA
[2022-02-12T07:55:32.613680000Z DEBUG solana_bpf_loader_program] Program 4uQeVj5tqViQh7yWWGStvkEG1Zmhx6uasJtWCJziofM consumed 18920 of 200000 compute units
[2022-02-12T07:55:32.613760000Z DEBUG solana_program_runtime::stable_log] Program 4uQeVj5tqViQh7yWWGStvkEG1Zmhx6uasJtWCJziofM success
[2022-02-12T07:55:32.625192000Z DEBUG solana_program_runtime::stable_log] Program 8opHzTAnfzRpPEx21XtnrVTX28YQuCpAjcn1PczScKh invoke [1]
[2022-02-12T07:55:32.625685000Z DEBUG solana_program_runtime::stable_log] Program log: Mango: InitAdvancedOrders
[2022-02-12T07:55:32.626684000Z DEBUG solana_program_runtime::stable_log] Program 11111111111111111111111111111111 invoke [2]
[2022-02-12T07:55:32.626760000Z DEBUG solana_program_runtime::stable_log] Program 11111111111111111111111111111111 success
[2022-02-12T07:55:32.627198000Z DEBUG solana_bpf_loader_program] Program 8opHzTAnfzRpPEx21XtnrVTX28YQuCpAjcn1PczScKh consumed 6497 of 200000 compute units
[2022-02-12T07:55:32.627269000Z DEBUG solana_program_runtime::stable_log] Program 8opHzTAnfzRpPEx21XtnrVTX28YQuCpAjcn1PczScKh success
[2022-02-12T07:55:32.627896000Z DEBUG solana_program_runtime::stable_log] Program 4uQeVj5tqViQh7yWWGStvkEG1Zmhx6uasJtWCJziofM invoke [1]
[2022-02-12T07:55:32.628660000Z DEBUG solana_program_runtime::stable_log] Program log: Mango: Deposit
[2022-02-12T07:55:32.637140000Z DEBUG solana_program_runtime::stable_log] Program TokenkegQfeZyiNwAJbNbGKPFXCWuBvf9Ss623VQ5DA invoke [2]
[2022-02-12T07:55:32.637570000Z DEBUG solana_program_runtime::stable_log] Program log: Instruction: Transfer
[2022-02-12T07:55:32.638527000Z DEBUG solana_bpf_loader_program] Program TokenkegQfeZyiNwAJbNbGKPFXCWuBvf9Ss623VQ5DA consumed 3121 of 194804 compute units
[2022-02-12T07:55:32.638611000Z DEBUG solana_program_runtime::stable_log] Program TokenkegQfeZyiNwAJbNbGKPFXCWuBvf9Ss623VQ5DA success
[2022-02-12T07:55:32.639951000Z DEBUG solana_program_runtime::stable_log] Program log: mango-log
[2022-02-12T07:55:32.640734000Z DEBUG solana_program_runtime::stable_log] Program log: F5qwwQsqqPSOfD/iJ68FwCfnErjhJP8NRoYm8A6Wv5b5Cvf2/atUS9K7rSImNuJpF4u9fUV8i5i7/duUk0/4v5gJTBIrP1n7AAAAAAAAAAAAAAAAAAABAAAAAAAAAAAAAAAAAAAAAAAAAAAAAAAAAA==
[2022-02-12T07:55:32.640766000Z DEBUG solana_program_runtime::stable_log] Program log: mango-log
[2022-02-12T07:55:32.640814000Z DEBUG solana_program_runtime::stable_log] Program 8opHzTAnfzRpPEx21XtnrVTX28YQuCpAjcn1PczScKh invoke [1]
[2022-02-12T07:55:32.641636000Z DEBUG solana_program_runtime::stable_log] Program log: jbqo/GyNSF6OfD/iJ68FwCfnErjhJP8NRoYm8A6Wv5b5Cvf2/atUS9K7rSImNuJpF4u9fUV8i5i7/duUk0/4v5gJTBIrP1n7OXthFbVNCKif/ewCv6m7QOYQF/yNnux3HENyA2XZRtQAAAAAAAAAAEBCDwAAAAAA
[2022-02-12T07:55:32.641874000Z DEBUG solana_bpf_loader_program] Program 4uQeVj5tqViQh7yWWGStvkEG1Zmhx6uasJtWCJziofM consumed 17628 of 200000 compute units
[2022-02-12T07:55:32.641953000Z DEBUG solana_program_runtime::stable_log] Program 4uQeVj5tqViQh7yWWGStvkEG1Zmhx6uasJtWCJziofM success
[2022-02-12T07:55:32.642399000Z DEBUG solana_program_runtime::stable_log] Program log: Mango: AddPerpTriggerOrder client_order_id=20000 type=Limit side=Ask trigger_condition=Above price=100000 quantity=110000 trigger=100
[2022-02-12T07:55:32.644281000Z DEBUG solana_program_runtime::stable_log] Program 11111111111111111111111111111111 invoke [2]
[2022-02-12T07:55:32.644334000Z DEBUG solana_program_runtime::stable_log] Program 11111111111111111111111111111111 success
[2022-02-12T07:55:32.644690000Z DEBUG solana_bpf_loader_program] Program 8opHzTAnfzRpPEx21XtnrVTX28YQuCpAjcn1PczScKh consumed 10710 of 200000 compute units
[2022-02-12T07:55:32.644753000Z DEBUG solana_program_runtime::stable_log] Program 8opHzTAnfzRpPEx21XtnrVTX28YQuCpAjcn1PczScKh success
[2022-02-12T07:55:32.653718000Z DEBUG solana_program_runtime::stable_log] Program 4uQeVj5tqViQh7yWWGStvkEG1Zmhx6uasJtWCJziofM invoke [1]
[2022-02-12T07:55:32.654157000Z DEBUG solana_program_runtime::stable_log] Program log: Mango: InitAdvancedOrders
[2022-02-12T07:55:32.655058000Z DEBUG solana_program_runtime::stable_log] Program 11111111111111111111111111111111 invoke [2]
[2022-02-12T07:55:32.655120000Z DEBUG solana_program_runtime::stable_log] Program 11111111111111111111111111111111 success
[2022-02-12T07:55:32.655553000Z DEBUG solana_bpf_loader_program] Program 4uQeVj5tqViQh7yWWGStvkEG1Zmhx6uasJtWCJziofM consumed 6497 of 200000 compute units
[2022-02-12T07:55:32.655646000Z DEBUG solana_program_runtime::stable_log] Program 4uQeVj5tqViQh7yWWGStvkEG1Zmhx6uasJtWCJziofM success
[2022-02-12T07:55:32.657596000Z DEBUG solana_program_runtime::stable_log] Program 8opHzTAnfzRpPEx21XtnrVTX28YQuCpAjcn1PczScKh invoke [1]
[2022-02-12T07:55:32.659131000Z DEBUG solana_program_runtime::stable_log] Program log: Mango: AddPerpTriggerOrder client_order_id=20001 type=Limit side=Ask trigger_condition=Above price=100000 quantity=90000 trigger=100
[2022-02-12T07:55:32.660992000Z DEBUG solana_program_runtime::stable_log] Program 11111111111111111111111111111111 invoke [2]
[2022-02-12T07:55:32.661033000Z DEBUG solana_program_runtime::stable_log] Program 11111111111111111111111111111111 success
[2022-02-12T07:55:32.661402000Z DEBUG solana_bpf_loader_program] Program 8opHzTAnfzRpPEx21XtnrVTX28YQuCpAjcn1PczScKh consumed 10701 of 200000 compute units
[2022-02-12T07:55:32.661463000Z DEBUG solana_program_runtime::stable_log] Program 8opHzTAnfzRpPEx21XtnrVTX28YQuCpAjcn1PczScKh success
[2022-02-12T07:55:32.668915000Z DEBUG solana_program_runtime::stable_log] Program 4uQeVj5tqViQh7yWWGStvkEG1Zmhx6uasJtWCJziofM invoke [1]
[2022-02-12T07:55:32.670492000Z DEBUG solana_program_runtime::stable_log] Program log: Mango: AddPerpTriggerOrder client_order_id=20000 type=Limit side=Bid trigger_condition=Above price=100000 quantity=10000 trigger=11000
[2022-02-12T07:55:32.672681000Z DEBUG solana_program_runtime::stable_log] Program 11111111111111111111111111111111 invoke [2]
[2022-02-12T07:55:32.672722000Z DEBUG solana_program_runtime::stable_log] Program 11111111111111111111111111111111 success
[2022-02-12T07:55:32.673078000Z DEBUG solana_bpf_loader_program] Program 4uQeVj5tqViQh7yWWGStvkEG1Zmhx6uasJtWCJziofM consumed 11760 of 200000 compute units
[2022-02-12T07:55:32.673139000Z DEBUG solana_program_runtime::stable_log] Program 4uQeVj5tqViQh7yWWGStvkEG1Zmhx6uasJtWCJziofM success
[2022-02-12T07:55:32.674182000Z DEBUG solana_program_runtime::stable_log] Program 8opHzTAnfzRpPEx21XtnrVTX28YQuCpAjcn1PczScKh invoke [1]
[2022-02-12T07:55:32.675695000Z DEBUG solana_program_runtime::stable_log] Program log: Mango: AddPerpTriggerOrder client_order_id=20002 type=Limit side=Ask trigger_condition=Above price=100000 quantity=10 trigger=100
[2022-02-12T07:55:32.677496000Z DEBUG solana_program_runtime::stable_log] Program 11111111111111111111111111111111 invoke [2]
[2022-02-12T07:55:32.677535000Z DEBUG solana_program_runtime::stable_log] Program 11111111111111111111111111111111 success
[2022-02-12T07:55:32.677904000Z DEBUG solana_bpf_loader_program] Program 8opHzTAnfzRpPEx21XtnrVTX28YQuCpAjcn1PczScKh consumed 10650 of 200000 compute units
[2022-02-12T07:55:32.677972000Z DEBUG solana_program_runtime::stable_log] Program 8opHzTAnfzRpPEx21XtnrVTX28YQuCpAjcn1PczScKh success
[2022-02-12T07:55:32.685558000Z DEBUG solana_program_runtime::stable_log] Program 4uQeVj5tqViQh7yWWGStvkEG1Zmhx6uasJtWCJziofM invoke [1]
[2022-02-12T07:55:32.687098000Z DEBUG solana_program_runtime::stable_log] Program log: Mango: AddPerpTriggerOrder client_order_id=20001 type=Limit side=Bid trigger_condition=Below price=91000 quantity=10000 trigger=9000
[2022-02-12T07:55:32.689255000Z DEBUG solana_program_runtime::stable_log] Program 11111111111111111111111111111111 invoke [2]
[2022-02-12T07:55:32.689301000Z DEBUG solana_program_runtime::stable_log] Program 11111111111111111111111111111111 success
[2022-02-12T07:55:32.689662000Z DEBUG solana_bpf_loader_program] Program 4uQeVj5tqViQh7yWWGStvkEG1Zmhx6uasJtWCJziofM consumed 11709 of 200000 compute units
[2022-02-12T07:55:32.689724000Z DEBUG solana_program_runtime::stable_log] Program 4uQeVj5tqViQh7yWWGStvkEG1Zmhx6uasJtWCJziofM success
[2022-02-12T07:55:32.690420000Z DEBUG solana_program_runtime::stable_log] Program 8opHzTAnfzRpPEx21XtnrVTX28YQuCpAjcn1PczScKh invoke [1]
[2022-02-12T07:55:32.691919000Z DEBUG solana_program_runtime::stable_log] Program log: Mango: AddPerpTriggerOrder client_order_id=20003 type=Market side=Bid trigger_condition=Above price=99000 quantity=10 trigger=100
[2022-02-12T07:55:32.693725000Z DEBUG solana_program_runtime::stable_log] Program 11111111111111111111111111111111 invoke [2]
[2022-02-12T07:55:32.693764000Z DEBUG solana_program_runtime::stable_log] Program 11111111111111111111111111111111 success
[2022-02-12T07:55:32.694125000Z DEBUG solana_bpf_loader_program] Program 8opHzTAnfzRpPEx21XtnrVTX28YQuCpAjcn1PczScKh consumed 10653 of 200000 compute units
[2022-02-12T07:55:32.694190000Z DEBUG solana_program_runtime::stable_log] Program 8opHzTAnfzRpPEx21XtnrVTX28YQuCpAjcn1PczScKh success
[2022-02-12T07:55:32.701642000Z DEBUG solana_program_runtime::stable_log] Program 4uQeVj5tqViQh7yWWGStvkEG1Zmhx6uasJtWCJziofM invoke [1]
[2022-02-12T07:55:32.702270000Z DEBUG solana_program_runtime::stable_log] Program log: Mango: RemoveAdvancedOrder 0
[2022-02-12T07:55:32.702623000Z DEBUG solana_bpf_loader_program] Program 4uQeVj5tqViQh7yWWGStvkEG1Zmhx6uasJtWCJziofM consumed 2232 of 200000 compute units
[2022-02-12T07:55:32.702690000Z DEBUG solana_program_runtime::stable_log] Program 4uQeVj5tqViQh7yWWGStvkEG1Zmhx6uasJtWCJziofM success
[2022-02-12T07:55:32.707659000Z DEBUG solana_program_runtime::stable_log] Program 8opHzTAnfzRpPEx21XtnrVTX28YQuCpAjcn1PczScKh invoke [1]
[2022-02-12T07:55:32.708509000Z DEBUG solana_program_runtime::stable_log] Program log: Mango: ExecutePerpTriggerOrder 0
[2022-02-12T07:55:32.713210000Z DEBUG solana_program_runtime::stable_log] Program log: Failed to place perp order due to insufficient funds
[2022-02-12T07:55:32.713528000Z DEBUG solana_bpf_loader_program] Program 8opHzTAnfzRpPEx21XtnrVTX28YQuCpAjcn1PczScKh consumed 16847 of 200000 compute units
[2022-02-12T07:55:32.713601000Z DEBUG solana_program_runtime::stable_log] Program 8opHzTAnfzRpPEx21XtnrVTX28YQuCpAjcn1PczScKh success
[2022-02-12T07:55:32.728221000Z DEBUG solana_program_runtime::stable_log] Program 8opHzTAnfzRpPEx21XtnrVTX28YQuCpAjcn1PczScKh invoke [1]
[2022-02-12T07:55:32.729109000Z DEBUG solana_program_runtime::stable_log] Program log: Mango: ExecutePerpTriggerOrder 1
[2022-02-12T07:55:32.736993000Z DEBUG solana_program_runtime::stable_log] Program log: ask on book order_id=1844674407370955161600001 quantity=90000 price=100000
[2022-02-12T07:55:32.737194000Z DEBUG solana_program_runtime::stable_log] Program 4uQeVj5tqViQh7yWWGStvkEG1Zmhx6uasJtWCJziofM invoke [1]
[2022-02-12T07:55:32.737796000Z DEBUG solana_program_runtime::stable_log] Program log: Mango: RemoveAdvancedOrder 0
[2022-02-12T07:55:32.737867000Z DEBUG solana_bpf_loader_program] Program 8opHzTAnfzRpPEx21XtnrVTX28YQuCpAjcn1PczScKh consumed 28091 of 200000 compute units
[2022-02-12T07:55:32.737952000Z DEBUG solana_program_runtime::stable_log] Program 8opHzTAnfzRpPEx21XtnrVTX28YQuCpAjcn1PczScKh success
[2022-02-12T07:55:32.738113000Z DEBUG solana_bpf_loader_program] Program 4uQeVj5tqViQh7yWWGStvkEG1Zmhx6uasJtWCJziofM consumed 2159 of 200000 compute units
[2022-02-12T07:55:32.738168000Z DEBUG solana_program_runtime::stable_log] Program 4uQeVj5tqViQh7yWWGStvkEG1Zmhx6uasJtWCJziofM success
[2022-02-12T07:55:32.749994000Z DEBUG solana_program_runtime::stable_log] Program 8opHzTAnfzRpPEx21XtnrVTX28YQuCpAjcn1PczScKh invoke [1]
[2022-02-12T07:55:32.749994000Z DEBUG solana_program_runtime::stable_log] Program 4uQeVj5tqViQh7yWWGStvkEG1Zmhx6uasJtWCJziofM invoke [1]
[2022-02-12T07:55:32.750371000Z DEBUG solana_program_runtime::stable_log] Program log: Mango: SetOracle
[2022-02-12T07:55:32.750662000Z DEBUG solana_program_runtime::stable_log] Program log: Mango: RemoveAdvancedOrder 2
[2022-02-12T07:55:32.750664000Z DEBUG solana_bpf_loader_program] Program 8opHzTAnfzRpPEx21XtnrVTX28YQuCpAjcn1PczScKh consumed 1550 of 200000 compute units
[2022-02-12T07:55:32.750724000Z DEBUG solana_program_runtime::stable_log] Program 8opHzTAnfzRpPEx21XtnrVTX28YQuCpAjcn1PczScKh success
[2022-02-12T07:55:32.750975000Z DEBUG solana_bpf_loader_program] Program 4uQeVj5tqViQh7yWWGStvkEG1Zmhx6uasJtWCJziofM consumed 2159 of 200000 compute units
[2022-02-12T07:55:32.751035000Z DEBUG solana_program_runtime::stable_log] Program 4uQeVj5tqViQh7yWWGStvkEG1Zmhx6uasJtWCJziofM success
[2022-02-12T07:55:32.764099000Z DEBUG solana_program_runtime::stable_log] Program 4uQeVj5tqViQh7yWWGStvkEG1Zmhx6uasJtWCJziofM invoke [1]
[2022-02-12T07:55:32.764974000Z DEBUG solana_program_runtime::stable_log] Program log: Mango: ExecutePerpTriggerOrder 1
[2022-02-12T07:55:32.766420000Z DEBUG solana_program_runtime::stable_log] Program log: MangoErrorCode::TriggerConditionFalse The trigger condition for this TriggerOrder is not met; src/processor.rs:5169
[2022-02-12T07:55:32.766658000Z DEBUG solana_bpf_loader_program] Program 4uQeVj5tqViQh7yWWGStvkEG1Zmhx6uasJtWCJziofM consumed 6572 of 200000 compute units
[2022-02-12T07:55:32.766714000Z DEBUG solana_program_runtime::stable_log] Program 4uQeVj5tqViQh7yWWGStvkEG1Zmhx6uasJtWCJziofM failed: custom program error: 0x23
[2022-02-12T07:55:32.776694000Z DEBUG solana_program_runtime::stable_log] Program 4uQeVj5tqViQh7yWWGStvkEG1Zmhx6uasJtWCJziofM invoke [1]
[2022-02-12T07:55:32.777068000Z DEBUG solana_program_runtime::stable_log] Program log: Mango: SetOracle
[2022-02-12T07:55:32.777367000Z DEBUG solana_bpf_loader_program] Program 4uQeVj5tqViQh7yWWGStvkEG1Zmhx6uasJtWCJziofM consumed 1550 of 200000 compute units
[2022-02-12T07:55:32.777433000Z DEBUG solana_program_runtime::stable_log] Program 4uQeVj5tqViQh7yWWGStvkEG1Zmhx6uasJtWCJziofM success
[2022-02-12T07:55:32.780731000Z DEBUG solana_program_runtime::stable_log] Program 8opHzTAnfzRpPEx21XtnrVTX28YQuCpAjcn1PczScKh invoke [1]
[2022-02-12T07:55:32.781081000Z DEBUG solana_program_runtime::stable_log] Program log: Mango: CachePrices
[2022-02-12T07:55:32.781420000Z DEBUG solana_program_runtime::stable_log] Program log: mango-log
[2022-02-12T07:55:32.782030000Z DEBUG solana_program_runtime::stable_log] Program log: ux0uSxX5tBtPKnUNrCxIBU/M9p0WImlW61Am6t//qfs0C+uCl0MVUQEAAAAAAAAAAAAAAAEAAAAAAAAAAAAgTgAAAAAAAAAA
[2022-02-12T07:55:32.782141000Z DEBUG solana_bpf_loader_program] Program 8opHzTAnfzRpPEx21XtnrVTX28YQuCpAjcn1PczScKh consumed 3669 of 200000 compute units
[2022-02-12T07:55:32.782198000Z DEBUG solana_program_runtime::stable_log] Program 8opHzTAnfzRpPEx21XtnrVTX28YQuCpAjcn1PczScKh success
[2022-02-12T07:55:32.793109000Z DEBUG solana_program_runtime::stable_log] Program 8opHzTAnfzRpPEx21XtnrVTX28YQuCpAjcn1PczScKh invoke [1]
[2022-02-12T07:55:32.793539000Z DEBUG solana_program_runtime::stable_log] Program log: Mango: UpdateRootBank
[2022-02-12T07:55:32.795672000Z DEBUG solana_program_runtime::stable_log] Program log: mango-log
[2022-02-12T07:55:32.796287000Z DEBUG solana_program_runtime::stable_log] Program log: 8HmBNKTUaLhPKnUNrCxIBU/M9p0WImlW61Am6t//qfs0C+uCl0MVUQAAAAAAAAAAAAAAAAAAQEIPAAAAAAAAAAAAAAAAAEBCDwAAAAAAAAA=
[2022-02-12T07:55:32.796414000Z DEBUG solana_bpf_loader_program] Program 8opHzTAnfzRpPEx21XtnrVTX28YQuCpAjcn1PczScKh consumed 9360 of 200000 compute units
[2022-02-12T07:55:32.796476000Z DEBUG solana_program_runtime::stable_log] Program 8opHzTAnfzRpPEx21XtnrVTX28YQuCpAjcn1PczScKh success
[2022-02-12T07:55:32.807729000Z DEBUG solana_program_runtime::stable_log] Program 4uQeVj5tqViQh7yWWGStvkEG1Zmhx6uasJtWCJziofM invoke [1]
[2022-02-12T07:55:32.807899000Z DEBUG solana_program_runtime::stable_log] Program 8opHzTAnfzRpPEx21XtnrVTX28YQuCpAjcn1PczScKh invoke [1]
[2022-02-12T07:55:32.808118000Z DEBUG solana_program_runtime::stable_log] Program log: Mango: CachePrices
[2022-02-12T07:55:32.808354000Z DEBUG solana_program_runtime::stable_log] Program log: Mango: UpdateFunding
[2022-02-12T07:55:32.808464000Z DEBUG solana_program_runtime::stable_log] Program log: mango-log
[2022-02-12T07:55:32.809091000Z DEBUG solana_program_runtime::stable_log] Program log: ux0uSxX5tBuOfD/iJ68FwCfnErjhJP8NRoYm8A6Wv5b5Cvf2/atUSwEAAAAAAAAAAAAAAAEAAAAAAAAAAADEIgAAAAAAAAAA
[2022-02-12T07:55:32.809196000Z DEBUG solana_bpf_loader_program] Program 4uQeVj5tqViQh7yWWGStvkEG1Zmhx6uasJtWCJziofM consumed 3669 of 200000 compute units
[2022-02-12T07:55:32.809259000Z DEBUG solana_program_runtime::stable_log] Program 4uQeVj5tqViQh7yWWGStvkEG1Zmhx6uasJtWCJziofM success
[2022-02-12T07:55:32.809511000Z DEBUG solana_program_runtime::stable_log] Program log: mango-log
[2022-02-12T07:55:32.810173000Z DEBUG solana_program_runtime::stable_log] Program log: ta5iwCEXTXtPKnUNrCxIBU/M9p0WImlW61Am6t//qfs0C+uCl0MVUQAAAAAAAAAAAAAAAAAAAAAAAAAAAAAAAAAAAAAAAAAAAAAAAAAAAAA=
[2022-02-12T07:55:32.810330000Z DEBUG solana_bpf_loader_program] Program 8opHzTAnfzRpPEx21XtnrVTX28YQuCpAjcn1PczScKh consumed 6423 of 200000 compute units
[2022-02-12T07:55:32.810404000Z DEBUG solana_program_runtime::stable_log] Program 8opHzTAnfzRpPEx21XtnrVTX28YQuCpAjcn1PczScKh success
[2022-02-12T07:55:32.820054000Z DEBUG solana_program_runtime::stable_log] Program 4uQeVj5tqViQh7yWWGStvkEG1Zmhx6uasJtWCJziofM invoke [1]
[2022-02-12T07:55:32.820275000Z DEBUG solana_program_runtime::stable_log] Program 8opHzTAnfzRpPEx21XtnrVTX28YQuCpAjcn1PczScKh invoke [1]
[2022-02-12T07:55:32.820468000Z DEBUG solana_program_runtime::stable_log] Program log: Mango: UpdateRootBank
[2022-02-12T07:55:32.820665000Z DEBUG solana_program_runtime::stable_log] Program log: Mango: CacheRootBanks
[2022-02-12T07:55:32.821349000Z DEBUG solana_program_runtime::stable_log] Program log: mango-log
[2022-02-12T07:55:32.822266000Z DEBUG solana_program_runtime::stable_log] Program log: IVXYca/GfehPKnUNrCxIBU/M9p0WImlW61Am6t//qfs0C+uCl0MVUQIAAAAAAAAAAAAAAA8AAAAAAAAAAgAAAAAAAAAAAEBCDwAAAAAAAAAAAAAAAABAQg8AAAAAAAAAAgAAAAAAAAAAAEBCDwAAAAAAAAAAAAAAAABAQg8AAAAAAAAA
[2022-02-12T07:55:32.822397000Z DEBUG solana_bpf_loader_program] Program 8opHzTAnfzRpPEx21XtnrVTX28YQuCpAjcn1PczScKh consumed 5857 of 200000 compute units
[2022-02-12T07:55:32.822459000Z DEBUG solana_program_runtime::stable_log] Program 8opHzTAnfzRpPEx21XtnrVTX28YQuCpAjcn1PczScKh success
[2022-02-12T07:55:32.822589000Z DEBUG solana_program_runtime::stable_log] Program log: mango-log
[2022-02-12T07:55:32.823212000Z DEBUG solana_program_runtime::stable_log] Program log: 8HmBNKTUaLiOfD/iJ68FwCfnErjhJP8NRoYm8A6Wv5b5Cvf2/atUSwAAAAAAAAAAAAAAAAAAQEIPAAAAAAAAAAAAAAAAAEBCDwAAAAAAAAA=
[2022-02-12T07:55:32.823338000Z DEBUG solana_bpf_loader_program] Program 4uQeVj5tqViQh7yWWGStvkEG1Zmhx6uasJtWCJziofM consumed 9360 of 200000 compute units
[2022-02-12T07:55:32.823389000Z DEBUG solana_program_runtime::stable_log] Program 4uQeVj5tqViQh7yWWGStvkEG1Zmhx6uasJtWCJziofM success
[2022-02-12T07:55:32.832988000Z DEBUG solana_program_runtime::stable_log] Program 8opHzTAnfzRpPEx21XtnrVTX28YQuCpAjcn1PczScKh invoke [1]
[2022-02-12T07:55:32.833347000Z DEBUG solana_program_runtime::stable_log] Program log: Mango: CachePerpMarkets
[2022-02-12T07:55:32.833748000Z DEBUG solana_program_runtime::stable_log] Program log: mango-log
[2022-02-12T07:55:32.834450000Z DEBUG solana_program_runtime::stable_log] Program 4uQeVj5tqViQh7yWWGStvkEG1Zmhx6uasJtWCJziofM invoke [1]
[2022-02-12T07:55:32.834508000Z DEBUG solana_program_runtime::stable_log] Program log: 9lt9JxCzqw5PKnUNrCxIBU/M9p0WImlW61Am6t//qfs0C+uCl0MVUQEAAAAAAAAAAAAAAAEAAAAAAAAAAAAAAAAAAAAAAAAAAQAAAAAAAAAAAAAAAAAAAAAAAAA=
[2022-02-12T07:55:32.834616000Z DEBUG solana_bpf_loader_program] Program 8opHzTAnfzRpPEx21XtnrVTX28YQuCpAjcn1PczScKh consumed 4331 of 200000 compute units
[2022-02-12T07:55:32.834678000Z DEBUG solana_program_runtime::stable_log] Program 8opHzTAnfzRpPEx21XtnrVTX28YQuCpAjcn1PczScKh success
[2022-02-12T07:55:32.834895000Z DEBUG solana_program_runtime::stable_log] Program log: Mango: UpdateFunding
[2022-02-12T07:55:32.836025000Z DEBUG solana_program_runtime::stable_log] Program log: mango-log
[2022-02-12T07:55:32.836634000Z DEBUG solana_program_runtime::stable_log] Program log: ta5iwCEXTXuOfD/iJ68FwCfnErjhJP8NRoYm8A6Wv5b5Cvf2/atUSwAAAAAAAAAAAAAAAAAAAAAAAAAAAAAAAAAAAAAAAAAAAAAAAAAAAAA=
[2022-02-12T07:55:32.836781000Z DEBUG solana_bpf_loader_program] Program 4uQeVj5tqViQh7yWWGStvkEG1Zmhx6uasJtWCJziofM consumed 6381 of 200000 compute units
[2022-02-12T07:55:32.836845000Z DEBUG solana_program_runtime::stable_log] Program 4uQeVj5tqViQh7yWWGStvkEG1Zmhx6uasJtWCJziofM success
[2022-02-12T07:55:32.847869000Z DEBUG solana_program_runtime::stable_log] Program 8opHzTAnfzRpPEx21XtnrVTX28YQuCpAjcn1PczScKh invoke [1]
[2022-02-12T07:55:32.848420000Z DEBUG solana_program_runtime::stable_log] Program 4uQeVj5tqViQh7yWWGStvkEG1Zmhx6uasJtWCJziofM invoke [1]
[2022-02-12T07:55:32.848740000Z DEBUG solana_program_runtime::stable_log] Program log: Mango: ExecutePerpTriggerOrder 2
[2022-02-12T07:55:32.848809000Z DEBUG solana_program_runtime::stable_log] Program log: Mango: CacheRootBanks
[2022-02-12T07:55:32.849494000Z DEBUG solana_program_runtime::stable_log] Program log: mango-log
[2022-02-12T07:55:32.850416000Z DEBUG solana_program_runtime::stable_log] Program log: IVXYca/GfeiOfD/iJ68FwCfnErjhJP8NRoYm8A6Wv5b5Cvf2/atUSwIAAAAAAAAAAAAAAA8AAAAAAAAAAgAAAAAAAAAAAEBCDwAAAAAAAAAAAAAAAABAQg8AAAAAAAAAAgAAAAAAAAAAAEBCDwAAAAAAAAAAAAAAAABAQg8AAAAAAAAA
[2022-02-12T07:55:32.850541000Z DEBUG solana_bpf_loader_program] Program 4uQeVj5tqViQh7yWWGStvkEG1Zmhx6uasJtWCJziofM consumed 5857 of 200000 compute units
[2022-02-12T07:55:32.850598000Z DEBUG solana_program_runtime::stable_log] Program 4uQeVj5tqViQh7yWWGStvkEG1Zmhx6uasJtWCJziofM success
[2022-02-12T07:55:32.853050000Z DEBUG solana_program_runtime::stable_log] Program log: Posting on book disallowed due to price limits
[2022-02-12T07:55:32.856054000Z DEBUG solana_program_runtime::stable_log] Program log: Posting on book disallowed due to price limits
[2022-02-12T07:55:32.856859000Z DEBUG solana_bpf_loader_program] Program 8opHzTAnfzRpPEx21XtnrVTX28YQuCpAjcn1PczScKh consumed 26341 of 200000 compute units
[2022-02-12T07:55:32.856936000Z DEBUG solana_program_runtime::stable_log] Program 8opHzTAnfzRpPEx21XtnrVTX28YQuCpAjcn1PczScKh success
[2022-02-12T07:55:32.861512000Z DEBUG solana_program_runtime::stable_log] Program 4uQeVj5tqViQh7yWWGStvkEG1Zmhx6uasJtWCJziofM invoke [1]
[2022-02-12T07:55:32.861857000Z DEBUG solana_program_runtime::stable_log] Program log: Mango: CachePerpMarkets
[2022-02-12T07:55:32.862262000Z DEBUG solana_program_runtime::stable_log] Program log: mango-log
[2022-02-12T07:55:32.863023000Z DEBUG solana_program_runtime::stable_log] Program log: 9lt9JxCzqw6OfD/iJ68FwCfnErjhJP8NRoYm8A6Wv5b5Cvf2/atUSwEAAAAAAAAAAAAAAAEAAAAAAAAAAAAAAAAAAAAAAAAAAQAAAAAAAAAAAAAAAAAAAAAAAAA=
[2022-02-12T07:55:32.863129000Z DEBUG solana_bpf_loader_program] Program 4uQeVj5tqViQh7yWWGStvkEG1Zmhx6uasJtWCJziofM consumed 4331 of 200000 compute units
[2022-02-12T07:55:32.863181000Z DEBUG solana_program_runtime::stable_log] Program 4uQeVj5tqViQh7yWWGStvkEG1Zmhx6uasJtWCJziofM success
[2022-02-12T07:55:32.870292000Z DEBUG solana_program_runtime::stable_log] Program 8opHzTAnfzRpPEx21XtnrVTX28YQuCpAjcn1PczScKh invoke [1]
[2022-02-12T07:55:32.871575000Z DEBUG solana_program_runtime::stable_log] Program log: Mango: PlacePerpOrder client_order_id=10000
[2022-02-12T07:55:32.875761000Z DEBUG solana_program_runtime::stable_log] Program log: Posting on book disallowed due to price limits
[2022-02-12T07:55:32.876054000Z DEBUG solana_program_runtime::stable_log] Program 4uQeVj5tqViQh7yWWGStvkEG1Zmhx6uasJtWCJziofM invoke [1]
[2022-02-12T07:55:32.876547000Z DEBUG solana_bpf_loader_program] Program 8opHzTAnfzRpPEx21XtnrVTX28YQuCpAjcn1PczScKh consumed 17780 of 200000 compute units
[2022-02-12T07:55:32.876643000Z DEBUG solana_program_runtime::stable_log] Program 8opHzTAnfzRpPEx21XtnrVTX28YQuCpAjcn1PczScKh success
[2022-02-12T07:55:32.876901000Z DEBUG solana_program_runtime::stable_log] Program log: Mango: ExecutePerpTriggerOrder 1
[2022-02-12T07:55:32.885090000Z DEBUG solana_program_runtime::stable_log] Program log: bid on book order_id=1678672157451642906607614 quantity=10000 price=91000
[2022-02-12T07:55:32.885911000Z DEBUG solana_bpf_loader_program] Program 4uQeVj5tqViQh7yWWGStvkEG1Zmhx6uasJtWCJziofM consumed 28875 of 200000 compute units
[2022-02-12T07:55:32.885995000Z DEBUG solana_program_runtime::stable_log] Program 4uQeVj5tqViQh7yWWGStvkEG1Zmhx6uasJtWCJziofM success
[2022-02-12T07:55:32.890882000Z DEBUG solana_program_runtime::stable_log] Program 8opHzTAnfzRpPEx21XtnrVTX28YQuCpAjcn1PczScKh invoke [1]
[2022-02-12T07:55:32.891737000Z DEBUG solana_program_runtime::stable_log] Program log: Mango: ExecutePerpTriggerOrder 3
[2022-02-12T07:55:32.894899000Z DEBUG solana_program_runtime::stable_log] Program log: mango-log
[2022-02-12T07:55:32.895895000Z DEBUG solana_program_runtime::stable_log] Program log: hz686jV+LtlPKnUNrCxIBU/M9p0WImlW61Am6t//qfs0C+uCl0MVUXUXWv6YzrETRa7aGX9e0lTqnj2XwQA0j1r3v7lAIDvcAAAAAAAAAAAAAAAAAAAAAIDcvP///195/v////////8AAAAAAAAAAAAAAAAAAAAAAAAAAAAAAAAAAAAAAAAAAAAAAAAAAAAAAAAAAAAAAAAAAAAAAAAAAAAAAAAAAAAA
[2022-02-12T07:55:32.896697000Z DEBUG solana_bpf_loader_program] Program 8opHzTAnfzRpPEx21XtnrVTX28YQuCpAjcn1PczScKh consumed 16195 of 200000 compute units
[2022-02-12T07:55:32.896774000Z DEBUG solana_program_runtime::stable_log] Program 8opHzTAnfzRpPEx21XtnrVTX28YQuCpAjcn1PczScKh success
test test_perp_trigger_orders_health ... ok
[2022-02-12T07:55:32.918043000Z DEBUG solana_program_runtime::stable_log] Program 4uQeVj5tqViQh7yWWGStvkEG1Zmhx6uasJtWCJziofM invoke [1]
[2022-02-12T07:55:32.918426000Z DEBUG solana_program_runtime::stable_log] Program log: Mango: CachePrices
[2022-02-12T07:55:32.918760000Z DEBUG solana_program_runtime::stable_log] Program log: mango-log
[2022-02-12T07:55:32.919351000Z DEBUG solana_program_runtime::stable_log] Program log: ux0uSxX5tBuOfD/iJ68FwCfnErjhJP8NRoYm8A6Wv5b5Cvf2/atUSwEAAAAAAAAAAAAAAAEAAAAAAAAAAADEIgAAAAAAAAAA
[2022-02-12T07:55:32.919457000Z DEBUG solana_bpf_loader_program] Program 4uQeVj5tqViQh7yWWGStvkEG1Zmhx6uasJtWCJziofM consumed 3669 of 200000 compute units
[2022-02-12T07:55:32.919521000Z DEBUG solana_program_runtime::stable_log] Program 4uQeVj5tqViQh7yWWGStvkEG1Zmhx6uasJtWCJziofM success
[2022-02-12T07:55:32.930135000Z DEBUG solana_program_runtime::stable_log] Program 4uQeVj5tqViQh7yWWGStvkEG1Zmhx6uasJtWCJziofM invoke [1]
[2022-02-12T07:55:32.930524000Z DEBUG solana_program_runtime::stable_log] Program log: Mango: UpdateRootBank
[2022-02-12T07:55:32.932571000Z DEBUG solana_program_runtime::stable_log] Program log: mango-log
[2022-02-12T07:55:32.933171000Z DEBUG solana_program_runtime::stable_log] Program log: 8HmBNKTUaLiOfD/iJ68FwCfnErjhJP8NRoYm8A6Wv5b5Cvf2/atUSwAAAAAAAAAAAAAAAAAAQEIPAAAAAAAAAAAAAAAAAEBCDwAAAAAAAAA=
[2022-02-12T07:55:32.933296000Z DEBUG solana_bpf_loader_program] Program 4uQeVj5tqViQh7yWWGStvkEG1Zmhx6uasJtWCJziofM consumed 9360 of 200000 compute units
[2022-02-12T07:55:32.933349000Z DEBUG solana_program_runtime::stable_log] Program 4uQeVj5tqViQh7yWWGStvkEG1Zmhx6uasJtWCJziofM success
[2022-02-12T07:55:32.943318000Z DEBUG solana_program_runtime::stable_log] Program 4uQeVj5tqViQh7yWWGStvkEG1Zmhx6uasJtWCJziofM invoke [1]
[2022-02-12T07:55:32.943758000Z DEBUG solana_program_runtime::stable_log] Program log: Mango: UpdateFunding
[2022-02-12T07:55:32.944863000Z DEBUG solana_program_runtime::stable_log] Program log: mango-log
[2022-02-12T07:55:32.945467000Z DEBUG solana_program_runtime::stable_log] Program log: ta5iwCEXTXuOfD/iJ68FwCfnErjhJP8NRoYm8A6Wv5b5Cvf2/atUSwAAAAAAAAAAAAAAAAAAAAAAAAAAAAAAAAAAAAAAAAAAAAAAAAAAAAA=
[2022-02-12T07:55:32.945612000Z DEBUG solana_bpf_loader_program] Program 4uQeVj5tqViQh7yWWGStvkEG1Zmhx6uasJtWCJziofM consumed 6415 of 200000 compute units
[2022-02-12T07:55:32.945678000Z DEBUG solana_program_runtime::stable_log] Program 4uQeVj5tqViQh7yWWGStvkEG1Zmhx6uasJtWCJziofM success
[2022-02-12T07:55:32.956077000Z DEBUG solana_program_runtime::stable_log] Program 4uQeVj5tqViQh7yWWGStvkEG1Zmhx6uasJtWCJziofM invoke [1]
[2022-02-12T07:55:32.956466000Z DEBUG solana_program_runtime::stable_log] Program log: Mango: CacheRootBanks
[2022-02-12T07:55:32.957125000Z DEBUG solana_program_runtime::stable_log] Program log: mango-log
[2022-02-12T07:55:32.958008000Z DEBUG solana_program_runtime::stable_log] Program log: IVXYca/GfeiOfD/iJ68FwCfnErjhJP8NRoYm8A6Wv5b5Cvf2/atUSwIAAAAAAAAAAAAAAA8AAAAAAAAAAgAAAAAAAAAAAEBCDwAAAAAAAAAAAAAAAABAQg8AAAAAAAAAAgAAAAAAAAAAAEBCDwAAAAAAAAAAAAAAAABAQg8AAAAAAAAA
[2022-02-12T07:55:32.958139000Z DEBUG solana_bpf_loader_program] Program 4uQeVj5tqViQh7yWWGStvkEG1Zmhx6uasJtWCJziofM consumed 5857 of 200000 compute units
[2022-02-12T07:55:32.958192000Z DEBUG solana_program_runtime::stable_log] Program 4uQeVj5tqViQh7yWWGStvkEG1Zmhx6uasJtWCJziofM success
[2022-02-12T07:55:32.967540000Z DEBUG solana_program_runtime::stable_log] Program 4uQeVj5tqViQh7yWWGStvkEG1Zmhx6uasJtWCJziofM invoke [1]
[2022-02-12T07:55:32.967865000Z DEBUG solana_program_runtime::stable_log] Program log: Mango: CachePerpMarkets
[2022-02-12T07:55:32.968258000Z DEBUG solana_program_runtime::stable_log] Program log: mango-log
[2022-02-12T07:55:32.968986000Z DEBUG solana_program_runtime::stable_log] Program log: 9lt9JxCzqw6OfD/iJ68FwCfnErjhJP8NRoYm8A6Wv5b5Cvf2/atUSwEAAAAAAAAAAAAAAAEAAAAAAAAAAAAAAAAAAAAAAAAAAQAAAAAAAAAAAAAAAAAAAAAAAAA=
[2022-02-12T07:55:32.969089000Z DEBUG solana_bpf_loader_program] Program 4uQeVj5tqViQh7yWWGStvkEG1Zmhx6uasJtWCJziofM consumed 4331 of 200000 compute units
[2022-02-12T07:55:32.969142000Z DEBUG solana_program_runtime::stable_log] Program 4uQeVj5tqViQh7yWWGStvkEG1Zmhx6uasJtWCJziofM success
test test_perp_trigger_orders_basic ... ok

test result: ok. 2 passed; 0 failed; 0 ignored; 0 measured; 0 filtered out; finished in 1.09s

     Running tests/test_place_perp_order.rs (target/debug/deps/test_place_perp_order-8ab2170e7141135f)

running 0 tests

test result: ok. 0 passed; 0 failed; 0 ignored; 0 measured; 0 filtered out; finished in 0.00s

     Running tests/test_sanity.rs (target/debug/deps/test_sanity-39ebe7f8fd09873d)

running 1 test
[2022-02-12T07:55:34.550859000Z INFO  solana_program_test] "mango" BPF program from /Users/mc/repos/mango-v3/target/deploy/mango.so, modified 1 hour, 40 minutes, 58 seconds, 833 ms, 721 µs and 245 ns ago
[2022-02-12T07:55:34.551133000Z INFO  solana_program_test] "serum_dex" BPF program from tests/fixtures/serum_dex.so, modified 1 month, 3 weeks, 6 days, 18 hours, 26 minutes, 38 seconds, 887 ms, 806 µs and 382 ns ago
[2022-02-12T07:55:34.680919000Z DEBUG solana_program_runtime::stable_log] Program 11111111111111111111111111111111 invoke [1]
[2022-02-12T07:55:34.681119000Z DEBUG solana_program_runtime::stable_log] Program 11111111111111111111111111111111 success
[2022-02-12T07:55:34.685088000Z DEBUG solana_program_runtime::stable_log] Program 11111111111111111111111111111111 invoke [1]
[2022-02-12T07:55:34.685137000Z DEBUG solana_program_runtime::stable_log] Program 11111111111111111111111111111111 success
[2022-02-12T07:55:34.688724000Z DEBUG solana_program_runtime::stable_log] Program 11111111111111111111111111111111 invoke [1]
[2022-02-12T07:55:34.688779000Z DEBUG solana_program_runtime::stable_log] Program 11111111111111111111111111111111 success
[2022-02-12T07:55:34.711153000Z DEBUG solana_program_runtime::stable_log] Program TokenkegQfeZyiNwAJbNbGKPFXCWuBvf9Ss623VQ5DA invoke [1]
[2022-02-12T07:55:34.711716000Z DEBUG solana_program_runtime::stable_log] Program log: Instruction: InitializeAccount
[2022-02-12T07:55:34.712733000Z DEBUG solana_bpf_loader_program] Program TokenkegQfeZyiNwAJbNbGKPFXCWuBvf9Ss623VQ5DA consumed 3411 of 200000 compute units
[2022-02-12T07:55:34.712813000Z DEBUG solana_program_runtime::stable_log] Program TokenkegQfeZyiNwAJbNbGKPFXCWuBvf9Ss623VQ5DA success
[2022-02-12T07:55:34.716503000Z DEBUG solana_program_runtime::stable_log] Program 11111111111111111111111111111111 invoke [1]
[2022-02-12T07:55:34.716554000Z DEBUG solana_program_runtime::stable_log] Program 11111111111111111111111111111111 success
[2022-02-12T07:55:34.719847000Z DEBUG solana_program_runtime::stable_log] Program 11111111111111111111111111111111 invoke [1]
[2022-02-12T07:55:34.719896000Z DEBUG solana_program_runtime::stable_log] Program 11111111111111111111111111111111 success
[2022-02-12T07:55:34.723462000Z DEBUG solana_program_runtime::stable_log] Program 11111111111111111111111111111111 invoke [1]
[2022-02-12T07:55:34.723509000Z DEBUG solana_program_runtime::stable_log] Program 11111111111111111111111111111111 success
[2022-02-12T07:55:34.731209000Z DEBUG solana_program_runtime::stable_log] Program TokenkegQfeZyiNwAJbNbGKPFXCWuBvf9Ss623VQ5DA invoke [1]
[2022-02-12T07:55:34.731703000Z DEBUG solana_program_runtime::stable_log] Program log: Instruction: InitializeAccount
[2022-02-12T07:55:34.732723000Z DEBUG solana_bpf_loader_program] Program TokenkegQfeZyiNwAJbNbGKPFXCWuBvf9Ss623VQ5DA consumed 3411 of 200000 compute units
[2022-02-12T07:55:34.732776000Z DEBUG solana_program_runtime::stable_log] Program TokenkegQfeZyiNwAJbNbGKPFXCWuBvf9Ss623VQ5DA success
[2022-02-12T07:55:34.736272000Z DEBUG solana_program_runtime::stable_log] Program 11111111111111111111111111111111 invoke [1]
[2022-02-12T07:55:34.736326000Z DEBUG solana_program_runtime::stable_log] Program 11111111111111111111111111111111 success
[2022-02-12T07:55:34.743981000Z DEBUG solana_program_runtime::stable_log] Program TokenkegQfeZyiNwAJbNbGKPFXCWuBvf9Ss623VQ5DA invoke [1]
[2022-02-12T07:55:34.744467000Z DEBUG solana_program_runtime::stable_log] Program log: Instruction: InitializeAccount
[2022-02-12T07:55:34.745466000Z DEBUG solana_bpf_loader_program] Program TokenkegQfeZyiNwAJbNbGKPFXCWuBvf9Ss623VQ5DA consumed 3411 of 200000 compute units
[2022-02-12T07:55:34.745518000Z DEBUG solana_program_runtime::stable_log] Program TokenkegQfeZyiNwAJbNbGKPFXCWuBvf9Ss623VQ5DA success
[2022-02-12T07:55:34.749157000Z DEBUG solana_program_runtime::stable_log] Program 11111111111111111111111111111111 invoke [1]
[2022-02-12T07:55:34.749204000Z DEBUG solana_program_runtime::stable_log] Program 11111111111111111111111111111111 success
[2022-02-12T07:55:34.756852000Z DEBUG solana_program_runtime::stable_log] Program TokenkegQfeZyiNwAJbNbGKPFXCWuBvf9Ss623VQ5DA invoke [1]
[2022-02-12T07:55:34.757340000Z DEBUG solana_program_runtime::stable_log] Program log: Instruction: InitializeAccount
[2022-02-12T07:55:34.758339000Z DEBUG solana_bpf_loader_program] Program TokenkegQfeZyiNwAJbNbGKPFXCWuBvf9Ss623VQ5DA consumed 3411 of 200000 compute units
[2022-02-12T07:55:34.758394000Z DEBUG solana_program_runtime::stable_log] Program TokenkegQfeZyiNwAJbNbGKPFXCWuBvf9Ss623VQ5DA success
[2022-02-12T07:55:34.864937000Z DEBUG solana_program_runtime::stable_log] Program 4uQeVj5tqViQh7yWWGStvkEG1Zmhx6uasJtWCJziofM invoke [1]
[2022-02-12T07:55:34.865822000Z DEBUG solana_program_runtime::stable_log] Program log: Mango: InitMangoGroup
[2022-02-12T07:55:34.869288000Z DEBUG solana_bpf_loader_program] Program 4uQeVj5tqViQh7yWWGStvkEG1Zmhx6uasJtWCJziofM consumed 13160 of 200000 compute units
[2022-02-12T07:55:34.869386000Z DEBUG solana_program_runtime::stable_log] Program 4uQeVj5tqViQh7yWWGStvkEG1Zmhx6uasJtWCJziofM success
[2022-02-12T07:55:34.875345000Z DEBUG solana_program_runtime::stable_log] Program 11111111111111111111111111111111 invoke [1]
[2022-02-12T07:55:34.875423000Z DEBUG solana_program_runtime::stable_log] Program 11111111111111111111111111111111 success
[2022-02-12T07:55:34.884975000Z DEBUG solana_program_runtime::stable_log] Program 4uQeVj5tqViQh7yWWGStvkEG1Zmhx6uasJtWCJziofM invoke [1]
[2022-02-12T07:55:34.885317000Z DEBUG solana_program_runtime::stable_log] Program log: Mango: AddOracle
[2022-02-12T07:55:34.885402000Z DEBUG solana_program_runtime::stable_log] Program log: OracleType: got unknown or stub
[2022-02-12T07:55:34.885734000Z DEBUG solana_bpf_loader_program] Program 4uQeVj5tqViQh7yWWGStvkEG1Zmhx6uasJtWCJziofM consumed 1865 of 200000 compute units
[2022-02-12T07:55:34.885796000Z DEBUG solana_program_runtime::stable_log] Program 4uQeVj5tqViQh7yWWGStvkEG1Zmhx6uasJtWCJziofM success
[2022-02-12T07:55:34.889089000Z DEBUG solana_program_runtime::stable_log] Program 11111111111111111111111111111111 invoke [1]
[2022-02-12T07:55:34.889140000Z DEBUG solana_program_runtime::stable_log] Program 11111111111111111111111111111111 success
[2022-02-12T07:55:34.899904000Z DEBUG solana_program_runtime::stable_log] Program 4uQeVj5tqViQh7yWWGStvkEG1Zmhx6uasJtWCJziofM invoke [1]
[2022-02-12T07:55:34.900234000Z DEBUG solana_program_runtime::stable_log] Program log: Mango: InitMangoAccount DEPRECATED
[2022-02-12T07:55:34.900619000Z DEBUG solana_bpf_loader_program] Program 4uQeVj5tqViQh7yWWGStvkEG1Zmhx6uasJtWCJziofM consumed 1828 of 200000 compute units
[2022-02-12T07:55:34.900672000Z DEBUG solana_program_runtime::stable_log] Program 4uQeVj5tqViQh7yWWGStvkEG1Zmhx6uasJtWCJziofM success
[2022-02-12T07:55:34.905324000Z DEBUG solana_program_runtime::stable_log] Program 11111111111111111111111111111111 invoke [1]
[2022-02-12T07:55:34.905373000Z DEBUG solana_program_runtime::stable_log] Program 11111111111111111111111111111111 success
[2022-02-12T07:55:34.916071000Z DEBUG solana_program_runtime::stable_log] Program 4uQeVj5tqViQh7yWWGStvkEG1Zmhx6uasJtWCJziofM invoke [1]
[2022-02-12T07:55:34.916403000Z DEBUG solana_program_runtime::stable_log] Program log: Mango: InitMangoAccount DEPRECATED
[2022-02-12T07:55:34.916787000Z DEBUG solana_bpf_loader_program] Program 4uQeVj5tqViQh7yWWGStvkEG1Zmhx6uasJtWCJziofM consumed 1828 of 200000 compute units
[2022-02-12T07:55:34.916841000Z DEBUG solana_program_runtime::stable_log] Program 4uQeVj5tqViQh7yWWGStvkEG1Zmhx6uasJtWCJziofM success
[2022-02-12T07:55:34.920275000Z DEBUG solana_program_runtime::stable_log] Program 11111111111111111111111111111111 invoke [1]
[2022-02-12T07:55:34.920328000Z DEBUG solana_program_runtime::stable_log] Program 11111111111111111111111111111111 success
[2022-02-12T07:55:34.931059000Z DEBUG solana_program_runtime::stable_log] Program 4uQeVj5tqViQh7yWWGStvkEG1Zmhx6uasJtWCJziofM invoke [1]
[2022-02-12T07:55:34.931390000Z DEBUG solana_program_runtime::stable_log] Program log: Mango: InitMangoAccount DEPRECATED
[2022-02-12T07:55:34.931773000Z DEBUG solana_bpf_loader_program] Program 4uQeVj5tqViQh7yWWGStvkEG1Zmhx6uasJtWCJziofM consumed 1828 of 200000 compute units
[2022-02-12T07:55:34.931828000Z DEBUG solana_program_runtime::stable_log] Program 4uQeVj5tqViQh7yWWGStvkEG1Zmhx6uasJtWCJziofM success
[2022-02-12T07:55:34.935382000Z DEBUG solana_program_runtime::stable_log] Program 11111111111111111111111111111111 invoke [1]
[2022-02-12T07:55:34.935439000Z DEBUG solana_program_runtime::stable_log] Program 11111111111111111111111111111111 success
[2022-02-12T07:55:34.946225000Z DEBUG solana_program_runtime::stable_log] Program 4uQeVj5tqViQh7yWWGStvkEG1Zmhx6uasJtWCJziofM invoke [1]
[2022-02-12T07:55:34.946554000Z DEBUG solana_program_runtime::stable_log] Program log: Mango: InitMangoAccount DEPRECATED
[2022-02-12T07:55:34.946940000Z DEBUG solana_bpf_loader_program] Program 4uQeVj5tqViQh7yWWGStvkEG1Zmhx6uasJtWCJziofM consumed 1828 of 200000 compute units
[2022-02-12T07:55:34.946995000Z DEBUG solana_program_runtime::stable_log] Program 4uQeVj5tqViQh7yWWGStvkEG1Zmhx6uasJtWCJziofM success
[2022-02-12T07:55:34.951922000Z DEBUG solana_program_runtime::stable_log] Program 11111111111111111111111111111111 invoke [1]
[2022-02-12T07:55:34.951979000Z DEBUG solana_program_runtime::stable_log] Program 11111111111111111111111111111111 success
[2022-02-12T07:55:34.959641000Z DEBUG solana_program_runtime::stable_log] Program TokenkegQfeZyiNwAJbNbGKPFXCWuBvf9Ss623VQ5DA invoke [1]
[2022-02-12T07:55:34.960132000Z DEBUG solana_program_runtime::stable_log] Program log: Instruction: InitializeAccount
[2022-02-12T07:55:34.961133000Z DEBUG solana_bpf_loader_program] Program TokenkegQfeZyiNwAJbNbGKPFXCWuBvf9Ss623VQ5DA consumed 3411 of 200000 compute units
[2022-02-12T07:55:34.961186000Z DEBUG solana_program_runtime::stable_log] Program TokenkegQfeZyiNwAJbNbGKPFXCWuBvf9Ss623VQ5DA success
[2022-02-12T07:55:34.964703000Z DEBUG solana_program_runtime::stable_log] Program 11111111111111111111111111111111 invoke [1]
[2022-02-12T07:55:34.964751000Z DEBUG solana_program_runtime::stable_log] Program 11111111111111111111111111111111 success
[2022-02-12T07:55:34.972394000Z DEBUG solana_program_runtime::stable_log] Program TokenkegQfeZyiNwAJbNbGKPFXCWuBvf9Ss623VQ5DA invoke [1]
[2022-02-12T07:55:34.972877000Z DEBUG solana_program_runtime::stable_log] Program log: Instruction: InitializeAccount
[2022-02-12T07:55:34.973874000Z DEBUG solana_bpf_loader_program] Program TokenkegQfeZyiNwAJbNbGKPFXCWuBvf9Ss623VQ5DA consumed 3411 of 200000 compute units
[2022-02-12T07:55:34.973929000Z DEBUG solana_program_runtime::stable_log] Program TokenkegQfeZyiNwAJbNbGKPFXCWuBvf9Ss623VQ5DA success
[2022-02-12T07:55:34.982619000Z DEBUG solana_program_runtime::stable_log] Program 11111111111111111111111111111111 invoke [1]
[2022-02-12T07:55:34.982671000Z DEBUG solana_program_runtime::stable_log] Program 11111111111111111111111111111111 success
[2022-02-12T07:55:34.982721000Z DEBUG solana_program_runtime::stable_log] Program 11111111111111111111111111111111 invoke [1]
[2022-02-12T07:55:34.982761000Z DEBUG solana_program_runtime::stable_log] Program 11111111111111111111111111111111 success
[2022-02-12T07:55:34.982808000Z DEBUG solana_program_runtime::stable_log] Program 11111111111111111111111111111111 invoke [1]
[2022-02-12T07:55:34.982875000Z DEBUG solana_program_runtime::stable_log] Program 11111111111111111111111111111111 success
[2022-02-12T07:55:34.983096000Z DEBUG solana_program_runtime::stable_log] Program 11111111111111111111111111111111 invoke [1]
[2022-02-12T07:55:34.983139000Z DEBUG solana_program_runtime::stable_log] Program 11111111111111111111111111111111 success
[2022-02-12T07:55:34.983197000Z DEBUG solana_program_runtime::stable_log] Program 11111111111111111111111111111111 invoke [1]
[2022-02-12T07:55:34.983238000Z DEBUG solana_program_runtime::stable_log] Program 11111111111111111111111111111111 success
[2022-02-12T07:55:35.020109000Z DEBUG solana_program_runtime::stable_log] Program 8opHzTAnfzRpPEx21XtnrVTX28YQuCpAjcn1PczScKh invoke [1]
[2022-02-12T07:55:35.025171000Z DEBUG solana_bpf_loader_program] Program 8opHzTAnfzRpPEx21XtnrVTX28YQuCpAjcn1PczScKh consumed 13661 of 200000 compute units
[2022-02-12T07:55:35.025590000Z DEBUG solana_program_runtime::stable_log] Program 8opHzTAnfzRpPEx21XtnrVTX28YQuCpAjcn1PczScKh success
[2022-02-12T07:55:35.035208000Z DEBUG solana_program_runtime::stable_log] Program 11111111111111111111111111111111 invoke [1]
[2022-02-12T07:55:35.035296000Z DEBUG solana_program_runtime::stable_log] Program 11111111111111111111111111111111 success
[2022-02-12T07:55:35.043043000Z DEBUG solana_program_runtime::stable_log] Program TokenkegQfeZyiNwAJbNbGKPFXCWuBvf9Ss623VQ5DA invoke [1]
[2022-02-12T07:55:35.043548000Z DEBUG solana_program_runtime::stable_log] Program log: Instruction: InitializeAccount
[2022-02-12T07:55:35.044562000Z DEBUG solana_bpf_loader_program] Program TokenkegQfeZyiNwAJbNbGKPFXCWuBvf9Ss623VQ5DA consumed 3411 of 200000 compute units
[2022-02-12T07:55:35.044623000Z DEBUG solana_program_runtime::stable_log] Program TokenkegQfeZyiNwAJbNbGKPFXCWuBvf9Ss623VQ5DA success
[2022-02-12T07:55:35.047791000Z DEBUG solana_program_runtime::stable_log] Program 11111111111111111111111111111111 invoke [1]
[2022-02-12T07:55:35.047847000Z DEBUG solana_program_runtime::stable_log] Program 11111111111111111111111111111111 success
[2022-02-12T07:55:35.051112000Z DEBUG solana_program_runtime::stable_log] Program 11111111111111111111111111111111 invoke [1]
[2022-02-12T07:55:35.051157000Z DEBUG solana_program_runtime::stable_log] Program 11111111111111111111111111111111 success
[2022-02-12T07:55:35.062771000Z DEBUG solana_program_runtime::stable_log] Program 4uQeVj5tqViQh7yWWGStvkEG1Zmhx6uasJtWCJziofM invoke [1]
[2022-02-12T07:55:35.063462000Z DEBUG solana_program_runtime::stable_log] Program log: Mango: AddSpotMarket
[2022-02-12T07:55:35.069485000Z DEBUG solana_bpf_loader_program] Program 4uQeVj5tqViQh7yWWGStvkEG1Zmhx6uasJtWCJziofM consumed 20512 of 200000 compute units
[2022-02-12T07:55:35.069578000Z DEBUG solana_program_runtime::stable_log] Program 4uQeVj5tqViQh7yWWGStvkEG1Zmhx6uasJtWCJziofM success
[2022-02-12T07:55:35.073485000Z DEBUG solana_program_runtime::stable_log] Program 11111111111111111111111111111111 invoke [1]
[2022-02-12T07:55:35.073545000Z DEBUG solana_program_runtime::stable_log] Program 11111111111111111111111111111111 success
[2022-02-12T07:55:35.076859000Z DEBUG solana_program_runtime::stable_log] Program 11111111111111111111111111111111 invoke [1]
[2022-02-12T07:55:35.076905000Z DEBUG solana_program_runtime::stable_log] Program 11111111111111111111111111111111 success
[2022-02-12T07:55:35.080204000Z DEBUG solana_program_runtime::stable_log] Program 11111111111111111111111111111111 invoke [1]
[2022-02-12T07:55:35.080256000Z DEBUG solana_program_runtime::stable_log] Program 11111111111111111111111111111111 success
[2022-02-12T07:55:35.083555000Z DEBUG solana_program_runtime::stable_log] Program 11111111111111111111111111111111 invoke [1]
[2022-02-12T07:55:35.083607000Z DEBUG solana_program_runtime::stable_log] Program 11111111111111111111111111111111 success
[2022-02-12T07:55:35.088310000Z DEBUG solana_program_runtime::stable_log] Program 11111111111111111111111111111111 invoke [1]
[2022-02-12T07:55:35.088355000Z DEBUG solana_program_runtime::stable_log] Program 11111111111111111111111111111111 success
[2022-02-12T07:55:35.096086000Z DEBUG solana_program_runtime::stable_log] Program TokenkegQfeZyiNwAJbNbGKPFXCWuBvf9Ss623VQ5DA invoke [1]
[2022-02-12T07:55:35.096581000Z DEBUG solana_program_runtime::stable_log] Program log: Instruction: InitializeAccount
[2022-02-12T07:55:35.097582000Z DEBUG solana_bpf_loader_program] Program TokenkegQfeZyiNwAJbNbGKPFXCWuBvf9Ss623VQ5DA consumed 3411 of 200000 compute units
[2022-02-12T07:55:35.097639000Z DEBUG solana_program_runtime::stable_log] Program TokenkegQfeZyiNwAJbNbGKPFXCWuBvf9Ss623VQ5DA success
[2022-02-12T07:55:35.110120000Z DEBUG solana_program_runtime::stable_log] Program 4uQeVj5tqViQh7yWWGStvkEG1Zmhx6uasJtWCJziofM invoke [1]
[2022-02-12T07:55:35.110754000Z DEBUG solana_program_runtime::stable_log] Program log: Mango: AddPerpMarket DEPRECATED
[2022-02-12T07:55:35.116816000Z DEBUG solana_bpf_loader_program] Program 4uQeVj5tqViQh7yWWGStvkEG1Zmhx6uasJtWCJziofM consumed 20524 of 200000 compute units
[2022-02-12T07:55:35.116904000Z DEBUG solana_program_runtime::stable_log] Program 4uQeVj5tqViQh7yWWGStvkEG1Zmhx6uasJtWCJziofM success
[2022-02-12T07:55:35.148939000Z DEBUG solana_program_runtime::stable_log] Program 4uQeVj5tqViQh7yWWGStvkEG1Zmhx6uasJtWCJziofM invoke [1]
[2022-02-12T07:55:35.149311000Z DEBUG solana_program_runtime::stable_log] Program log: Mango: CachePrices
[2022-02-12T07:55:35.149641000Z DEBUG solana_program_runtime::stable_log] Program log: mango-log
[2022-02-12T07:55:35.150236000Z DEBUG solana_program_runtime::stable_log] Program log: ux0uSxX5tBvvzNu/XN9P2ujFWyjtQx2yzl9970Stc1b1m9icGpUVtwEAAAAAAAAAAAAAAAEAAAAAAAAAAAAAAAAAAAAAAAAA
[2022-02-12T07:55:35.150342000Z DEBUG solana_bpf_loader_program] Program 4uQeVj5tqViQh7yWWGStvkEG1Zmhx6uasJtWCJziofM consumed 3669 of 200000 compute units
[2022-02-12T07:55:35.150407000Z DEBUG solana_program_runtime::stable_log] Program 4uQeVj5tqViQh7yWWGStvkEG1Zmhx6uasJtWCJziofM success
[2022-02-12T07:55:35.162660000Z DEBUG solana_program_runtime::stable_log] Program 4uQeVj5tqViQh7yWWGStvkEG1Zmhx6uasJtWCJziofM invoke [1]
[2022-02-12T07:55:35.163053000Z DEBUG solana_program_runtime::stable_log] Program log: Mango: UpdateRootBank
[2022-02-12T07:55:35.164811000Z DEBUG solana_program_runtime::stable_log] Program log: mango-log
[2022-02-12T07:55:35.165415000Z DEBUG solana_program_runtime::stable_log] Program log: 8HmBNKTUaLjvzNu/XN9P2ujFWyjtQx2yzl9970Stc1b1m9icGpUVtwAAAAAAAAAAAAAAAAAAQEIPAAAAAAAAAAAAAAAAAEBCDwAAAAAAAAA=
[2022-02-12T07:55:35.165540000Z DEBUG solana_bpf_loader_program] Program 4uQeVj5tqViQh7yWWGStvkEG1Zmhx6uasJtWCJziofM consumed 8523 of 200000 compute units
[2022-02-12T07:55:35.165597000Z DEBUG solana_program_runtime::stable_log] Program 4uQeVj5tqViQh7yWWGStvkEG1Zmhx6uasJtWCJziofM success
[2022-02-12T07:55:35.175528000Z DEBUG solana_program_runtime::stable_log] Program 4uQeVj5tqViQh7yWWGStvkEG1Zmhx6uasJtWCJziofM invoke [1]
[2022-02-12T07:55:35.175982000Z DEBUG solana_program_runtime::stable_log] Program log: Mango: UpdateFunding
[2022-02-12T07:55:35.177079000Z DEBUG solana_program_runtime::stable_log] Program log: mango-log
[2022-02-12T07:55:35.177681000Z DEBUG solana_program_runtime::stable_log] Program log: ta5iwCEXTXvvzNu/XN9P2ujFWyjtQx2yzl9970Stc1b1m9icGpUVtwAAAAAAAAAAAAAAAAAAAAAAAAAAAAAAAAAAAAAAAAAAAAAAAAAAAAA=
[2022-02-12T07:55:35.177829000Z DEBUG solana_bpf_loader_program] Program 4uQeVj5tqViQh7yWWGStvkEG1Zmhx6uasJtWCJziofM consumed 6381 of 200000 compute units
[2022-02-12T07:55:35.177898000Z DEBUG solana_program_runtime::stable_log] Program 4uQeVj5tqViQh7yWWGStvkEG1Zmhx6uasJtWCJziofM success
[2022-02-12T07:55:35.188261000Z DEBUG solana_program_runtime::stable_log] Program 4uQeVj5tqViQh7yWWGStvkEG1Zmhx6uasJtWCJziofM invoke [1]
[2022-02-12T07:55:35.188650000Z DEBUG solana_program_runtime::stable_log] Program log: Mango: CacheRootBanks
[2022-02-12T07:55:35.189310000Z DEBUG solana_program_runtime::stable_log] Program log: mango-log
[2022-02-12T07:55:35.190195000Z DEBUG solana_program_runtime::stable_log] Program log: IVXYca/GfejvzNu/XN9P2ujFWyjtQx2yzl9970Stc1b1m9icGpUVtwIAAAAAAAAAAAAAAA8AAAAAAAAAAgAAAAAAAAAAAEBCDwAAAAAAAAAAAAAAAABAQg8AAAAAAAAAAgAAAAAAAAAAAEBCDwAAAAAAAAAAAAAAAABAQg8AAAAAAAAA
[2022-02-12T07:55:35.190333000Z DEBUG solana_bpf_loader_program] Program 4uQeVj5tqViQh7yWWGStvkEG1Zmhx6uasJtWCJziofM consumed 5857 of 200000 compute units
[2022-02-12T07:55:35.190388000Z DEBUG solana_program_runtime::stable_log] Program 4uQeVj5tqViQh7yWWGStvkEG1Zmhx6uasJtWCJziofM success
[2022-02-12T07:55:35.199695000Z DEBUG solana_program_runtime::stable_log] Program 4uQeVj5tqViQh7yWWGStvkEG1Zmhx6uasJtWCJziofM invoke [1]
[2022-02-12T07:55:35.200026000Z DEBUG solana_program_runtime::stable_log] Program log: Mango: CachePerpMarkets
[2022-02-12T07:55:35.200415000Z DEBUG solana_program_runtime::stable_log] Program log: mango-log
[2022-02-12T07:55:35.201143000Z DEBUG solana_program_runtime::stable_log] Program log: 9lt9JxCzqw7vzNu/XN9P2ujFWyjtQx2yzl9970Stc1b1m9icGpUVtwEAAAAAAAAAAAAAAAEAAAAAAAAAAAAAAAAAAAAAAAAAAQAAAAAAAAAAAAAAAAAAAAAAAAA=
[2022-02-12T07:55:35.201246000Z DEBUG solana_bpf_loader_program] Program 4uQeVj5tqViQh7yWWGStvkEG1Zmhx6uasJtWCJziofM consumed 4331 of 200000 compute units
[2022-02-12T07:55:35.201298000Z DEBUG solana_program_runtime::stable_log] Program 4uQeVj5tqViQh7yWWGStvkEG1Zmhx6uasJtWCJziofM success
[2022-02-12T07:55:35.216374000Z DEBUG solana_program_runtime::stable_log] Program 4uQeVj5tqViQh7yWWGStvkEG1Zmhx6uasJtWCJziofM invoke [1]
[2022-02-12T07:55:35.217043000Z DEBUG solana_program_runtime::stable_log] Program log: Mango: Deposit
[2022-02-12T07:55:35.225480000Z DEBUG solana_program_runtime::stable_log] Program TokenkegQfeZyiNwAJbNbGKPFXCWuBvf9Ss623VQ5DA invoke [2]
[2022-02-12T07:55:35.225917000Z DEBUG solana_program_runtime::stable_log] Program log: Instruction: Transfer
[2022-02-12T07:55:35.226822000Z DEBUG solana_bpf_loader_program] Program TokenkegQfeZyiNwAJbNbGKPFXCWuBvf9Ss623VQ5DA consumed 3121 of 194804 compute units
[2022-02-12T07:55:35.226880000Z DEBUG solana_program_runtime::stable_log] Program TokenkegQfeZyiNwAJbNbGKPFXCWuBvf9Ss623VQ5DA success
[2022-02-12T07:55:35.228274000Z DEBUG solana_program_runtime::stable_log] Program log: mango-log
[2022-02-12T07:55:35.229019000Z DEBUG solana_program_runtime::stable_log] Program log: F5qwwQsqqPTvzNu/XN9P2ujFWyjtQx2yzl9970Stc1b1m9icGpUVtzW5hVvE+/nmv4DP9btKNVOI0Mg5AsYO8BR81VvfWd3hAAAAAAAAAADHuriNBgDoAwAAAAAAAAAAAAAAAAAAAAAAAAAAAAAAAA==
[2022-02-12T07:55:35.229047000Z DEBUG solana_program_runtime::stable_log] Program log: mango-log
[2022-02-12T07:55:35.229849000Z DEBUG solana_program_runtime::stable_log] Program log: jbqo/GyNSF7vzNu/XN9P2ujFWyjtQx2yzl9970Stc1b1m9icGpUVtzW5hVvE+/nmv4DP9btKNVOI0Mg5AsYO8BR81VvfWd3h6FbY5ztSuII86gcvggpT1F5gXubVOq+/uWbZTQkzKkEAAAAAAAAAAGTKmjsAAAAA
[2022-02-12T07:55:35.230074000Z DEBUG solana_bpf_loader_program] Program 4uQeVj5tqViQh7yWWGStvkEG1Zmhx6uasJtWCJziofM consumed 18089 of 200000 compute units
[2022-02-12T07:55:35.230141000Z DEBUG solana_program_runtime::stable_log] Program 4uQeVj5tqViQh7yWWGStvkEG1Zmhx6uasJtWCJziofM success
[2022-02-12T07:55:35.243356000Z DEBUG solana_program_runtime::stable_log] Program 4uQeVj5tqViQh7yWWGStvkEG1Zmhx6uasJtWCJziofM invoke [1]
[2022-02-12T07:55:35.244019000Z DEBUG solana_program_runtime::stable_log] Program log: Mango: Deposit
[2022-02-12T07:55:35.252361000Z DEBUG solana_program_runtime::stable_log] Program TokenkegQfeZyiNwAJbNbGKPFXCWuBvf9Ss623VQ5DA invoke [2]
[2022-02-12T07:55:35.252785000Z DEBUG solana_program_runtime::stable_log] Program log: Instruction: Transfer
[2022-02-12T07:55:35.253679000Z DEBUG solana_bpf_loader_program] Program TokenkegQfeZyiNwAJbNbGKPFXCWuBvf9Ss623VQ5DA consumed 3121 of 194804 compute units
[2022-02-12T07:55:35.253735000Z DEBUG solana_program_runtime::stable_log] Program TokenkegQfeZyiNwAJbNbGKPFXCWuBvf9Ss623VQ5DA success
[2022-02-12T07:55:35.255154000Z DEBUG solana_program_runtime::stable_log] Program log: mango-log
[2022-02-12T07:55:35.255895000Z DEBUG solana_program_runtime::stable_log] Program log: F5qwwQsqqPTvzNu/XN9P2ujFWyjtQx2yzl9970Stc1b1m9icGpUVt5IaAf2ITr5trS/7h12fDDDE0QHMCRl6GXeyYI5OwLBuAAAAAAAAAADCgvsBDwD8CAAAAAAAAAAAAAAAAAAAAAAAAAAAAAAAAA==
[2022-02-12T07:55:35.255923000Z DEBUG solana_program_runtime::stable_log] Program log: mango-log
[2022-02-12T07:55:35.256723000Z DEBUG solana_program_runtime::stable_log] Program log: jbqo/GyNSF7vzNu/XN9P2ujFWyjtQx2yzl9970Stc1b1m9icGpUVt5IaAf2ITr5trS/7h12fDDDE0QHMCRl6GXeyYI5OwLBusn74MXrvNtJQ8GqbGY5dupWTw8OeDEvaGt0vd9e9gF8AAAAAAAAAAOU3F4kAAAAA
[2022-02-12T07:55:35.256951000Z DEBUG solana_bpf_loader_program] Program 4uQeVj5tqViQh7yWWGStvkEG1Zmhx6uasJtWCJziofM consumed 18204 of 200000 compute units
[2022-02-12T07:55:35.257020000Z DEBUG solana_program_runtime::stable_log] Program 4uQeVj5tqViQh7yWWGStvkEG1Zmhx6uasJtWCJziofM success
[2022-02-12T07:55:35.269545000Z DEBUG solana_program_runtime::stable_log] Program 4uQeVj5tqViQh7yWWGStvkEG1Zmhx6uasJtWCJziofM invoke [1]
[2022-02-12T07:55:35.270217000Z DEBUG solana_program_runtime::stable_log] Program log: Mango: Deposit
[2022-02-12T07:55:35.278663000Z DEBUG solana_program_runtime::stable_log] Program TokenkegQfeZyiNwAJbNbGKPFXCWuBvf9Ss623VQ5DA invoke [2]
[2022-02-12T07:55:35.279088000Z DEBUG solana_program_runtime::stable_log] Program log: Instruction: Transfer
[2022-02-12T07:55:35.279987000Z DEBUG solana_bpf_loader_program] Program TokenkegQfeZyiNwAJbNbGKPFXCWuBvf9Ss623VQ5DA consumed 3121 of 194804 compute units
[2022-02-12T07:55:35.280046000Z DEBUG solana_program_runtime::stable_log] Program TokenkegQfeZyiNwAJbNbGKPFXCWuBvf9Ss623VQ5DA success
[2022-02-12T07:55:35.281497000Z DEBUG solana_program_runtime::stable_log] Program log: mango-log
[2022-02-12T07:55:35.282237000Z DEBUG solana_program_runtime::stable_log] Program log: F5qwwQsqqPTvzNu/XN9P2ujFWyjtQx2yzl9970Stc1b1m9icGpUVt09E3VTGqFRn1JAB9XWH+RHCvBZ8bZsGeB5KgJ5wlYSeAAAAAAAAAAB/TdaohwDcUAAAAAAAAAAAAAAAAAAAAAAAAAAAAAAAAA==
[2022-02-12T07:55:35.282266000Z DEBUG solana_program_runtime::stable_log] Program log: mango-log
[2022-02-12T07:55:35.283071000Z DEBUG solana_program_runtime::stable_log] Program log: jbqo/GyNSF7vzNu/XN9P2ujFWyjtQx2yzl9970Stc1b1m9icGpUVt09E3VTGqFRn1JAB9XWH+RHCvBZ8bZsGeB5KgJ5wlYSeqR0xwupmHxGPsb6K+/qKFM9h0ty4h7pVUzkVUh9tDTEAAAAAAAAAABb30NEEAAAA
[2022-02-12T07:55:35.283296000Z DEBUG solana_bpf_loader_program] Program 4uQeVj5tqViQh7yWWGStvkEG1Zmhx6uasJtWCJziofM consumed 18317 of 200000 compute units
[2022-02-12T07:55:35.283363000Z DEBUG solana_program_runtime::stable_log] Program 4uQeVj5tqViQh7yWWGStvkEG1Zmhx6uasJtWCJziofM success
[2022-02-12T07:55:35.297901000Z DEBUG solana_program_runtime::stable_log] Program 4uQeVj5tqViQh7yWWGStvkEG1Zmhx6uasJtWCJziofM invoke [1]
[2022-02-12T07:55:35.298573000Z DEBUG solana_program_runtime::stable_log] Program log: Mango: Deposit
[2022-02-12T07:55:35.306930000Z DEBUG solana_program_runtime::stable_log] Program TokenkegQfeZyiNwAJbNbGKPFXCWuBvf9Ss623VQ5DA invoke [2]
[2022-02-12T07:55:35.307358000Z DEBUG solana_program_runtime::stable_log] Program log: Instruction: Transfer
[2022-02-12T07:55:35.308250000Z DEBUG solana_bpf_loader_program] Program TokenkegQfeZyiNwAJbNbGKPFXCWuBvf9Ss623VQ5DA consumed 3121 of 194804 compute units
[2022-02-12T07:55:35.308311000Z DEBUG solana_program_runtime::stable_log] Program TokenkegQfeZyiNwAJbNbGKPFXCWuBvf9Ss623VQ5DA success
[2022-02-12T07:55:35.309919000Z DEBUG solana_program_runtime::stable_log] Program log: mango-log
[2022-02-12T07:55:35.310660000Z DEBUG solana_program_runtime::stable_log] Program log: F5qwwQsqqPTvzNu/XN9P2ujFWyjtQx2yzl9970Stc1b1m9icGpUVtwHugkH5t3YvcBUkt/AxwTxjsIY26YWdh3uoaX0aSFPOAAAAAAAAAACzQSYZOTMEiB4AAAAAAAAAAAAAAAAAAAAAAAAAAAAAAA==
[2022-02-12T07:55:35.310692000Z DEBUG solana_program_runtime::stable_log] Program log: mango-log
[2022-02-12T07:55:35.311505000Z DEBUG solana_program_runtime::stable_log] Program log: jbqo/GyNSF7vzNu/XN9P2ujFWyjtQx2yzl9970Stc1b1m9icGpUVtwHugkH5t3YvcBUkt/AxwTxjsIY26YWdh3uoaX0aSFPORR7aezTm0cjWZGGPHV66izqGEUhr1h+9fVJQj9j8bq0AAAAAAAAAAJoW8t7RAQAA
[2022-02-12T07:55:35.311729000Z DEBUG solana_bpf_loader_program] Program 4uQeVj5tqViQh7yWWGStvkEG1Zmhx6uasJtWCJziofM consumed 18822 of 200000 compute units
[2022-02-12T07:55:35.311799000Z DEBUG solana_program_runtime::stable_log] Program 4uQeVj5tqViQh7yWWGStvkEG1Zmhx6uasJtWCJziofM success
[2022-02-12T07:55:35.342891000Z DEBUG solana_program_runtime::stable_log] Program 4uQeVj5tqViQh7yWWGStvkEG1Zmhx6uasJtWCJziofM invoke [1]
[2022-02-12T07:55:35.343264000Z DEBUG solana_program_runtime::stable_log] Program log: Mango: CachePrices
[2022-02-12T07:55:35.343594000Z DEBUG solana_program_runtime::stable_log] Program log: mango-log
[2022-02-12T07:55:35.344186000Z DEBUG solana_program_runtime::stable_log] Program log: ux0uSxX5tBvvzNu/XN9P2ujFWyjtQx2yzl9970Stc1b1m9icGpUVtwEAAAAAAAAAAAAAAAEAAAAAAAAAAAAAAAAAAAAAAAAA
[2022-02-12T07:55:35.344290000Z DEBUG solana_bpf_loader_program] Program 4uQeVj5tqViQh7yWWGStvkEG1Zmhx6uasJtWCJziofM consumed 3669 of 200000 compute units
[2022-02-12T07:55:35.344353000Z DEBUG solana_program_runtime::stable_log] Program 4uQeVj5tqViQh7yWWGStvkEG1Zmhx6uasJtWCJziofM success
[2022-02-12T07:55:35.355117000Z DEBUG solana_program_runtime::stable_log] Program 4uQeVj5tqViQh7yWWGStvkEG1Zmhx6uasJtWCJziofM invoke [1]
[2022-02-12T07:55:35.355505000Z DEBUG solana_program_runtime::stable_log] Program log: Mango: UpdateRootBank
[2022-02-12T07:55:35.357560000Z DEBUG solana_program_runtime::stable_log] Program log: mango-log
[2022-02-12T07:55:35.358164000Z DEBUG solana_program_runtime::stable_log] Program log: 8HmBNKTUaLjvzNu/XN9P2ujFWyjtQx2yzl9970Stc1b1m9icGpUVtwAAAAAAAAAAAAAAAAAAQEIPAAAAAAAAAAAAAAAAAEBCDwAAAAAAAAA=
[2022-02-12T07:55:35.358290000Z DEBUG solana_bpf_loader_program] Program 4uQeVj5tqViQh7yWWGStvkEG1Zmhx6uasJtWCJziofM consumed 9359 of 200000 compute units
[2022-02-12T07:55:35.358346000Z DEBUG solana_program_runtime::stable_log] Program 4uQeVj5tqViQh7yWWGStvkEG1Zmhx6uasJtWCJziofM success
[2022-02-12T07:55:35.368688000Z DEBUG solana_program_runtime::stable_log] Program 4uQeVj5tqViQh7yWWGStvkEG1Zmhx6uasJtWCJziofM invoke [1]
[2022-02-12T07:55:35.369132000Z DEBUG solana_program_runtime::stable_log] Program log: Mango: UpdateFunding
[2022-02-12T07:55:35.370229000Z DEBUG solana_program_runtime::stable_log] Program log: mango-log
[2022-02-12T07:55:35.370835000Z DEBUG solana_program_runtime::stable_log] Program log: ta5iwCEXTXvvzNu/XN9P2ujFWyjtQx2yzl9970Stc1b1m9icGpUVtwAAAAAAAAAAAAAAAAAAAAAAAAAAAAAAAAAAAAAAAAAAAAAAAAAAAAA=
[2022-02-12T07:55:35.370983000Z DEBUG solana_bpf_loader_program] Program 4uQeVj5tqViQh7yWWGStvkEG1Zmhx6uasJtWCJziofM consumed 6381 of 200000 compute units
[2022-02-12T07:55:35.371052000Z DEBUG solana_program_runtime::stable_log] Program 4uQeVj5tqViQh7yWWGStvkEG1Zmhx6uasJtWCJziofM success
[2022-02-12T07:55:35.381546000Z DEBUG solana_program_runtime::stable_log] Program 4uQeVj5tqViQh7yWWGStvkEG1Zmhx6uasJtWCJziofM invoke [1]
[2022-02-12T07:55:35.381935000Z DEBUG solana_program_runtime::stable_log] Program log: Mango: CacheRootBanks
[2022-02-12T07:55:35.382594000Z DEBUG solana_program_runtime::stable_log] Program log: mango-log
[2022-02-12T07:55:35.383480000Z DEBUG solana_program_runtime::stable_log] Program log: IVXYca/GfejvzNu/XN9P2ujFWyjtQx2yzl9970Stc1b1m9icGpUVtwIAAAAAAAAAAAAAAA8AAAAAAAAAAgAAAAAAAAAAAEBCDwAAAAAAAAAAAAAAAABAQg8AAAAAAAAAAgAAAAAAAAAAAEBCDwAAAAAAAAAAAAAAAABAQg8AAAAAAAAA
[2022-02-12T07:55:35.383605000Z DEBUG solana_bpf_loader_program] Program 4uQeVj5tqViQh7yWWGStvkEG1Zmhx6uasJtWCJziofM consumed 5857 of 200000 compute units
[2022-02-12T07:55:35.383660000Z DEBUG solana_program_runtime::stable_log] Program 4uQeVj5tqViQh7yWWGStvkEG1Zmhx6uasJtWCJziofM success
[2022-02-12T07:55:35.393056000Z DEBUG solana_program_runtime::stable_log] Program 4uQeVj5tqViQh7yWWGStvkEG1Zmhx6uasJtWCJziofM invoke [1]
[2022-02-12T07:55:35.393397000Z DEBUG solana_program_runtime::stable_log] Program log: Mango: CachePerpMarkets
[2022-02-12T07:55:35.393783000Z DEBUG solana_program_runtime::stable_log] Program log: mango-log
[2022-02-12T07:55:35.394511000Z DEBUG solana_program_runtime::stable_log] Program log: 9lt9JxCzqw7vzNu/XN9P2ujFWyjtQx2yzl9970Stc1b1m9icGpUVtwEAAAAAAAAAAAAAAAEAAAAAAAAAAAAAAAAAAAAAAAAAAQAAAAAAAAAAAAAAAAAAAAAAAAA=
[2022-02-12T07:55:35.394614000Z DEBUG solana_bpf_loader_program] Program 4uQeVj5tqViQh7yWWGStvkEG1Zmhx6uasJtWCJziofM consumed 4331 of 200000 compute units
[2022-02-12T07:55:35.394666000Z DEBUG solana_program_runtime::stable_log] Program 4uQeVj5tqViQh7yWWGStvkEG1Zmhx6uasJtWCJziofM success
[2022-02-12T07:55:35.409259000Z DEBUG solana_program_runtime::stable_log] Program 4uQeVj5tqViQh7yWWGStvkEG1Zmhx6uasJtWCJziofM invoke [1]
[2022-02-12T07:55:35.410362000Z DEBUG solana_program_runtime::stable_log] Program log: Mango: Withdraw
[2022-02-12T07:55:35.412335000Z DEBUG solana_program_runtime::stable_log] Program log: mango-log
[2022-02-12T07:55:35.413065000Z DEBUG solana_program_runtime::stable_log] Program log: F5qwwQsqqPTvzNu/XN9P2ujFWyjtQx2yzl9970Stc1b1m9icGpUVtzW5hVvE+/nmv4DP9btKNVOI0Mg5AsYO8BR81VvfWd3hAAAAAAAAAAAAAAAAAACQAQAAAAAAAAAAAAAAAAAAAAAAAAAAAAAAAA==
[2022-02-12T07:55:35.421216000Z DEBUG solana_program_runtime::stable_log] Program TokenkegQfeZyiNwAJbNbGKPFXCWuBvf9Ss623VQ5DA invoke [2]
[2022-02-12T07:55:35.421643000Z DEBUG solana_program_runtime::stable_log] Program log: Instruction: Transfer
[2022-02-12T07:55:35.422540000Z DEBUG solana_bpf_loader_program] Program TokenkegQfeZyiNwAJbNbGKPFXCWuBvf9Ss623VQ5DA consumed 3121 of 185774 compute units
[2022-02-12T07:55:35.422597000Z DEBUG solana_program_runtime::stable_log] Program TokenkegQfeZyiNwAJbNbGKPFXCWuBvf9Ss623VQ5DA success
[2022-02-12T07:55:35.423127000Z DEBUG solana_program_runtime::stable_log] Program log: mango-log
[2022-02-12T07:55:35.423884000Z DEBUG solana_program_runtime::stable_log] Program log: 60VzPrmsft/vzNu/XN9P2ujFWyjtQx2yzl9970Stc1b1m9icGpUVtzW5hVvE+/nmv4DP9btKNVOI0Mg5AsYO8BR81VvfWd3h6FbY5ztSuII86gcvggpT1F5gXubVOq+/uWbZTQkzKkEAAAAAAAAAAGRGwyMAAAAA
[2022-02-12T07:55:35.424223000Z DEBUG solana_bpf_loader_program] Program 4uQeVj5tqViQh7yWWGStvkEG1Zmhx6uasJtWCJziofM consumed 21683 of 200000 compute units
[2022-02-12T07:55:35.424306000Z DEBUG solana_program_runtime::stable_log] Program 4uQeVj5tqViQh7yWWGStvkEG1Zmhx6uasJtWCJziofM success
[2022-02-12T07:55:35.439593000Z DEBUG solana_program_runtime::stable_log] Program 4uQeVj5tqViQh7yWWGStvkEG1Zmhx6uasJtWCJziofM invoke [1]
[2022-02-12T07:55:35.440707000Z DEBUG solana_program_runtime::stable_log] Program log: Mango: Withdraw
[2022-02-12T07:55:35.442696000Z DEBUG solana_program_runtime::stable_log] Program log: mango-log
[2022-02-12T07:55:35.443438000Z DEBUG solana_program_runtime::stable_log] Program log: F5qwwQsqqPTvzNu/XN9P2ujFWyjtQx2yzl9970Stc1b1m9icGpUVt5IaAf2ITr5trS/7h12fDDDE0QHMCRl6GXeyYI5OwLBuAAAAAAAAAAAAAAAAAACYAwAAAAAAAAAAAAAAAAAAAAAAAAAAAAAAAA==
[2022-02-12T07:55:35.451639000Z DEBUG solana_program_runtime::stable_log] Program TokenkegQfeZyiNwAJbNbGKPFXCWuBvf9Ss623VQ5DA invoke [2]
[2022-02-12T07:55:35.452063000Z DEBUG solana_program_runtime::stable_log] Program log: Instruction: Transfer
[2022-02-12T07:55:35.452956000Z DEBUG solana_bpf_loader_program] Program TokenkegQfeZyiNwAJbNbGKPFXCWuBvf9Ss623VQ5DA consumed 3121 of 185710 compute units
[2022-02-12T07:55:35.453011000Z DEBUG solana_program_runtime::stable_log] Program TokenkegQfeZyiNwAJbNbGKPFXCWuBvf9Ss623VQ5DA success
[2022-02-12T07:55:35.453535000Z DEBUG solana_program_runtime::stable_log] Program log: mango-log
[2022-02-12T07:55:35.454298000Z DEBUG solana_program_runtime::stable_log] Program log: 60VzPrmsft/vzNu/XN9P2ujFWyjtQx2yzl9970Stc1b1m9icGpUVt5IaAf2ITr5trS/7h12fDDDE0QHMCRl6GXeyYI5OwLBusn74MXrvNtJQ8GqbGY5dupWTw8OeDEvaGt0vd9e9gF8AAAAAAAAAAOUhQVIAAAAA
[2022-02-12T07:55:35.454637000Z DEBUG solana_bpf_loader_program] Program 4uQeVj5tqViQh7yWWGStvkEG1Zmhx6uasJtWCJziofM consumed 21747 of 200000 compute units
[2022-02-12T07:55:35.454716000Z DEBUG solana_program_runtime::stable_log] Program 4uQeVj5tqViQh7yWWGStvkEG1Zmhx6uasJtWCJziofM success
[2022-02-12T07:55:35.470392000Z DEBUG solana_program_runtime::stable_log] Program 4uQeVj5tqViQh7yWWGStvkEG1Zmhx6uasJtWCJziofM invoke [1]
[2022-02-12T07:55:35.471507000Z DEBUG solana_program_runtime::stable_log] Program log: Mango: Withdraw
[2022-02-12T07:55:35.473490000Z DEBUG solana_program_runtime::stable_log] Program log: mango-log
[2022-02-12T07:55:35.474225000Z DEBUG solana_program_runtime::stable_log] Program log: F5qwwQsqqPTvzNu/XN9P2ujFWyjtQx2yzl9970Stc1b1m9icGpUVt09E3VTGqFRn1JAB9XWH+RHCvBZ8bZsGeB5KgJ5wlYSeAAAAAAAAAAAAIv32dQCISgAAAAAAAAAAAAAAAAAAAAAAAAAAAAAAAA==
[2022-02-12T07:55:35.482351000Z DEBUG solana_program_runtime::stable_log] Program TokenkegQfeZyiNwAJbNbGKPFXCWuBvf9Ss623VQ5DA invoke [2]
[2022-02-12T07:55:35.482776000Z DEBUG solana_program_runtime::stable_log] Program log: Instruction: Transfer
[2022-02-12T07:55:35.483671000Z DEBUG solana_bpf_loader_program] Program TokenkegQfeZyiNwAJbNbGKPFXCWuBvf9Ss623VQ5DA consumed 3121 of 185729 compute units
[2022-02-12T07:55:35.483729000Z DEBUG solana_program_runtime::stable_log] Program TokenkegQfeZyiNwAJbNbGKPFXCWuBvf9Ss623VQ5DA success
[2022-02-12T07:55:35.484253000Z DEBUG solana_program_runtime::stable_log] Program log: mango-log
[2022-02-12T07:55:35.485016000Z DEBUG solana_program_runtime::stable_log] Program log: 60VzPrmsft/vzNu/XN9P2ujFWyjtQx2yzl9970Stc1b1m9icGpUVt09E3VTGqFRn1JAB9XWH+RHCvBZ8bZsGeB5KgJ5wlYSeqR0xwupmHxGPsb6K+/qKFM9h0ty4h7pVUzkVUh9tDTEAAAAAAAAAAA4+j2AAAAAA
[2022-02-12T07:55:35.485359000Z DEBUG solana_bpf_loader_program] Program 4uQeVj5tqViQh7yWWGStvkEG1Zmhx6uasJtWCJziofM consumed 21728 of 200000 compute units
[2022-02-12T07:55:35.485442000Z DEBUG solana_program_runtime::stable_log] Program 4uQeVj5tqViQh7yWWGStvkEG1Zmhx6uasJtWCJziofM success
[2022-02-12T07:55:35.500098000Z DEBUG solana_program_runtime::stable_log] Program 4uQeVj5tqViQh7yWWGStvkEG1Zmhx6uasJtWCJziofM invoke [1]
[2022-02-12T07:55:35.501205000Z DEBUG solana_program_runtime::stable_log] Program log: Mango: Withdraw
[2022-02-12T07:55:35.503363000Z DEBUG solana_program_runtime::stable_log] Program log: mango-log
[2022-02-12T07:55:35.504108000Z DEBUG solana_program_runtime::stable_log] Program log: F5qwwQsqqPTvzNu/XN9P2ujFWyjtQx2yzl9970Stc1b1m9icGpUVtwHugkH5t3YvcBUkt/AxwTxjsIY26YWdh3uoaX0aSFPOAAAAAAAAAAAFVaNXAwCaNwwAAAAAAAAAAAAAAAAAAAAAAAAAAAAAAA==
[2022-02-12T07:55:35.512252000Z DEBUG solana_program_runtime::stable_log] Program TokenkegQfeZyiNwAJbNbGKPFXCWuBvf9Ss623VQ5DA invoke [2]
[2022-02-12T07:55:35.512680000Z DEBUG solana_program_runtime::stable_log] Program log: Instruction: Transfer
[2022-02-12T07:55:35.513576000Z DEBUG solana_bpf_loader_program] Program TokenkegQfeZyiNwAJbNbGKPFXCWuBvf9Ss623VQ5DA consumed 3121 of 185122 compute units
[2022-02-12T07:55:35.513639000Z DEBUG solana_program_runtime::stable_log] Program TokenkegQfeZyiNwAJbNbGKPFXCWuBvf9Ss623VQ5DA success
[2022-02-12T07:55:35.514161000Z DEBUG solana_program_runtime::stable_log] Program log: mango-log
[2022-02-12T07:55:35.514922000Z DEBUG solana_program_runtime::stable_log] Program log: 60VzPrmsft/vzNu/XN9P2ujFWyjtQx2yzl9970Stc1b1m9icGpUVtwHugkH5t3YvcBUkt/AxwTxjsIY26YWdh3uoaX0aSFPORR7aezTm0cjWZGGPHV66izqGEUhr1h+9fVJQj9j8bq0AAAAAAAAAAOd7iHMXAQAA
[2022-02-12T07:55:35.515260000Z DEBUG solana_bpf_loader_program] Program 4uQeVj5tqViQh7yWWGStvkEG1Zmhx6uasJtWCJziofM consumed 22335 of 200000 compute units
[2022-02-12T07:55:35.515340000Z DEBUG solana_program_runtime::stable_log] Program 4uQeVj5tqViQh7yWWGStvkEG1Zmhx6uasJtWCJziofM success
[2022-02-12T07:55:35.545934000Z DEBUG solana_program_runtime::stable_log] Program 4uQeVj5tqViQh7yWWGStvkEG1Zmhx6uasJtWCJziofM invoke [1]
[2022-02-12T07:55:35.546296000Z DEBUG solana_program_runtime::stable_log] Program log: Mango: CachePrices
[2022-02-12T07:55:35.546627000Z DEBUG solana_program_runtime::stable_log] Program log: mango-log
[2022-02-12T07:55:35.547218000Z DEBUG solana_program_runtime::stable_log] Program log: ux0uSxX5tBvvzNu/XN9P2ujFWyjtQx2yzl9970Stc1b1m9icGpUVtwEAAAAAAAAAAAAAAAEAAAAAAAAAAAAAAAAAAAAAAAAA
[2022-02-12T07:55:35.547321000Z DEBUG solana_bpf_loader_program] Program 4uQeVj5tqViQh7yWWGStvkEG1Zmhx6uasJtWCJziofM consumed 3669 of 200000 compute units
[2022-02-12T07:55:35.547378000Z DEBUG solana_program_runtime::stable_log] Program 4uQeVj5tqViQh7yWWGStvkEG1Zmhx6uasJtWCJziofM success
[2022-02-12T07:55:35.558122000Z DEBUG solana_program_runtime::stable_log] Program 4uQeVj5tqViQh7yWWGStvkEG1Zmhx6uasJtWCJziofM invoke [1]
[2022-02-12T07:55:35.558514000Z DEBUG solana_program_runtime::stable_log] Program log: Mango: UpdateRootBank
[2022-02-12T07:55:35.560570000Z DEBUG solana_program_runtime::stable_log] Program log: mango-log
[2022-02-12T07:55:35.561171000Z DEBUG solana_program_runtime::stable_log] Program log: 8HmBNKTUaLjvzNu/XN9P2ujFWyjtQx2yzl9970Stc1b1m9icGpUVtwAAAAAAAAAAAAAAAAAAQEIPAAAAAAAAAAAAAAAAAEBCDwAAAAAAAAA=
[2022-02-12T07:55:35.561295000Z DEBUG solana_bpf_loader_program] Program 4uQeVj5tqViQh7yWWGStvkEG1Zmhx6uasJtWCJziofM consumed 9359 of 200000 compute units
[2022-02-12T07:55:35.561348000Z DEBUG solana_program_runtime::stable_log] Program 4uQeVj5tqViQh7yWWGStvkEG1Zmhx6uasJtWCJziofM success
[2022-02-12T07:55:35.571268000Z DEBUG solana_program_runtime::stable_log] Program 4uQeVj5tqViQh7yWWGStvkEG1Zmhx6uasJtWCJziofM invoke [1]
[2022-02-12T07:55:35.571708000Z DEBUG solana_program_runtime::stable_log] Program log: Mango: UpdateFunding
[2022-02-12T07:55:35.572809000Z DEBUG solana_program_runtime::stable_log] Program log: mango-log
[2022-02-12T07:55:35.573413000Z DEBUG solana_program_runtime::stable_log] Program log: ta5iwCEXTXvvzNu/XN9P2ujFWyjtQx2yzl9970Stc1b1m9icGpUVtwAAAAAAAAAAAAAAAAAAAAAAAAAAAAAAAAAAAAAAAAAAAAAAAAAAAAA=
[2022-02-12T07:55:35.573560000Z DEBUG solana_bpf_loader_program] Program 4uQeVj5tqViQh7yWWGStvkEG1Zmhx6uasJtWCJziofM consumed 6381 of 200000 compute units
[2022-02-12T07:55:35.573624000Z DEBUG solana_program_runtime::stable_log] Program 4uQeVj5tqViQh7yWWGStvkEG1Zmhx6uasJtWCJziofM success
[2022-02-12T07:55:35.583852000Z DEBUG solana_program_runtime::stable_log] Program 4uQeVj5tqViQh7yWWGStvkEG1Zmhx6uasJtWCJziofM invoke [1]
[2022-02-12T07:55:35.584240000Z DEBUG solana_program_runtime::stable_log] Program log: Mango: CacheRootBanks
[2022-02-12T07:55:35.584900000Z DEBUG solana_program_runtime::stable_log] Program log: mango-log
[2022-02-12T07:55:35.585779000Z DEBUG solana_program_runtime::stable_log] Program log: IVXYca/GfejvzNu/XN9P2ujFWyjtQx2yzl9970Stc1b1m9icGpUVtwIAAAAAAAAAAAAAAA8AAAAAAAAAAgAAAAAAAAAAAEBCDwAAAAAAAAAAAAAAAABAQg8AAAAAAAAAAgAAAAAAAAAAAEBCDwAAAAAAAAAAAAAAAABAQg8AAAAAAAAA
[2022-02-12T07:55:35.585907000Z DEBUG solana_bpf_loader_program] Program 4uQeVj5tqViQh7yWWGStvkEG1Zmhx6uasJtWCJziofM consumed 5857 of 200000 compute units
[2022-02-12T07:55:35.585960000Z DEBUG solana_program_runtime::stable_log] Program 4uQeVj5tqViQh7yWWGStvkEG1Zmhx6uasJtWCJziofM success
[2022-02-12T07:55:35.595293000Z DEBUG solana_program_runtime::stable_log] Program 4uQeVj5tqViQh7yWWGStvkEG1Zmhx6uasJtWCJziofM invoke [1]
[2022-02-12T07:55:35.595620000Z DEBUG solana_program_runtime::stable_log] Program log: Mango: CachePerpMarkets
[2022-02-12T07:55:35.596011000Z DEBUG solana_program_runtime::stable_log] Program log: mango-log
[2022-02-12T07:55:35.596735000Z DEBUG solana_program_runtime::stable_log] Program log: 9lt9JxCzqw7vzNu/XN9P2ujFWyjtQx2yzl9970Stc1b1m9icGpUVtwEAAAAAAAAAAAAAAAEAAAAAAAAAAAAAAAAAAAAAAAAAAQAAAAAAAAAAAAAAAAAAAAAAAAA=
[2022-02-12T07:55:35.596838000Z DEBUG solana_bpf_loader_program] Program 4uQeVj5tqViQh7yWWGStvkEG1Zmhx6uasJtWCJziofM consumed 4331 of 200000 compute units
[2022-02-12T07:55:35.596889000Z DEBUG solana_program_runtime::stable_log] Program 4uQeVj5tqViQh7yWWGStvkEG1Zmhx6uasJtWCJziofM success
test test_vault_net_deposit_diff ... ok

test result: ok. 1 passed; 0 failed; 0 ignored; 0 measured; 0 filtered out; finished in 1.23s

     Running tests/test_spot_markets.rs (target/debug/deps/test_spot_markets-255f9b2ec293480c)

running 6 tests
[2022-02-12T07:55:37.359281000Z INFO  solana_program_test] "mango" BPF program from /Users/mc/repos/mango-v3/target/deploy/mango.so, modified 1 hour, 41 minutes, 1 second, 642 ms, 118 µs and 245 ns ago
[2022-02-12T07:55:37.359395000Z INFO  solana_program_test] "mango" BPF program from /Users/mc/repos/mango-v3/target/deploy/mango.so, modified 1 hour, 41 minutes, 1 second, 642 ms, 325 µs and 245 ns ago
[2022-02-12T07:55:37.359555000Z INFO  solana_program_test] "mango" BPF program from /Users/mc/repos/mango-v3/target/deploy/mango.so, modified 1 hour, 41 minutes, 1 second, 642 ms, 450 µs and 245 ns ago
[2022-02-12T07:55:37.359703000Z INFO  solana_program_test] "mango" BPF program from /Users/mc/repos/mango-v3/target/deploy/mango.so, modified 1 hour, 41 minutes, 1 second, 642 ms, 637 µs and 245 ns ago
[2022-02-12T07:55:37.359921000Z INFO  solana_program_test] "mango" BPF program from /Users/mc/repos/mango-v3/target/deploy/mango.so, modified 1 hour, 41 minutes, 1 second, 642 ms, 853 µs and 245 ns ago
[2022-02-12T07:55:37.360101000Z INFO  solana_program_test] "serum_dex" BPF program from tests/fixtures/serum_dex.so, modified 1 month, 3 weeks, 6 days, 18 hours, 26 minutes, 41 seconds, 696 ms, 759 µs and 382 ns ago
[2022-02-12T07:55:37.360109000Z INFO  solana_program_test] "serum_dex" BPF program from tests/fixtures/serum_dex.so, modified 1 month, 3 weeks, 6 days, 18 hours, 26 minutes, 41 seconds, 696 ms, 781 µs and 382 ns ago
[2022-02-12T07:55:37.360137000Z INFO  solana_program_test] "serum_dex" BPF program from tests/fixtures/serum_dex.so, modified 1 month, 3 weeks, 6 days, 18 hours, 26 minutes, 41 seconds, 696 ms, 800 µs and 382 ns ago
[2022-02-12T07:55:37.360212000Z INFO  solana_program_test] "mango" BPF program from /Users/mc/repos/mango-v3/target/deploy/mango.so, modified 1 hour, 41 minutes, 1 second, 643 ms, 149 µs and 245 ns ago
[2022-02-12T07:55:37.360297000Z INFO  solana_program_test] "serum_dex" BPF program from tests/fixtures/serum_dex.so, modified 1 month, 3 weeks, 6 days, 18 hours, 26 minutes, 41 seconds, 696 ms, 897 µs and 382 ns ago
[2022-02-12T07:55:37.360359000Z INFO  solana_program_test] "serum_dex" BPF program from tests/fixtures/serum_dex.so, modified 1 month, 3 weeks, 6 days, 18 hours, 26 minutes, 41 seconds, 697 ms, 32 µs and 382 ns ago
[2022-02-12T07:55:37.360447000Z INFO  solana_program_test] "serum_dex" BPF program from tests/fixtures/serum_dex.so, modified 1 month, 3 weeks, 6 days, 18 hours, 26 minutes, 41 seconds, 697 ms, 115 µs and 382 ns ago
[2022-02-12T07:55:37.569434000Z DEBUG solana_program_runtime::stable_log] Program 11111111111111111111111111111111 invoke [1]
[2022-02-12T07:55:37.569630000Z DEBUG solana_program_runtime::stable_log] Program 11111111111111111111111111111111 success
[2022-02-12T07:55:37.569978000Z DEBUG solana_program_runtime::stable_log] Program 11111111111111111111111111111111 invoke [1]
[2022-02-12T07:55:37.570076000Z DEBUG solana_program_runtime::stable_log] Program 11111111111111111111111111111111 success
[2022-02-12T07:55:37.572978000Z DEBUG solana_program_runtime::stable_log] Program 11111111111111111111111111111111 invoke [1]
[2022-02-12T07:55:37.573051000Z DEBUG solana_program_runtime::stable_log] Program 11111111111111111111111111111111 success
[2022-02-12T07:55:37.573572000Z DEBUG solana_program_runtime::stable_log] Program 11111111111111111111111111111111 invoke [1]
[2022-02-12T07:55:37.573631000Z DEBUG solana_program_runtime::stable_log] Program 11111111111111111111111111111111 success
[2022-02-12T07:55:37.573843000Z DEBUG solana_program_runtime::stable_log] Program 11111111111111111111111111111111 invoke [1]
[2022-02-12T07:55:37.573898000Z DEBUG solana_program_runtime::stable_log] Program 11111111111111111111111111111111 success
[2022-02-12T07:55:37.574660000Z DEBUG solana_program_runtime::stable_log] Program 11111111111111111111111111111111 invoke [1]
[2022-02-12T07:55:37.574732000Z DEBUG solana_program_runtime::stable_log] Program 11111111111111111111111111111111 success
[2022-02-12T07:55:37.577003000Z DEBUG solana_program_runtime::stable_log] Program 11111111111111111111111111111111 invoke [1]
[2022-02-12T07:55:37.577057000Z DEBUG solana_program_runtime::stable_log] Program 11111111111111111111111111111111 success
[2022-02-12T07:55:37.577849000Z DEBUG solana_program_runtime::stable_log] Program 11111111111111111111111111111111 invoke [1]
[2022-02-12T07:55:37.577911000Z DEBUG solana_program_runtime::stable_log] Program 11111111111111111111111111111111 success
[2022-02-12T07:55:37.578788000Z DEBUG solana_program_runtime::stable_log] Program 11111111111111111111111111111111 invoke [1]
[2022-02-12T07:55:37.578890000Z DEBUG solana_program_runtime::stable_log] Program 11111111111111111111111111111111 success
[2022-02-12T07:55:37.581167000Z DEBUG solana_program_runtime::stable_log] Program 11111111111111111111111111111111 invoke [1]
[2022-02-12T07:55:37.581222000Z DEBUG solana_program_runtime::stable_log] Program 11111111111111111111111111111111 success
[2022-02-12T07:55:37.582679000Z DEBUG solana_program_runtime::stable_log] Program 11111111111111111111111111111111 invoke [1]
[2022-02-12T07:55:37.582679000Z DEBUG solana_program_runtime::stable_log] Program 11111111111111111111111111111111 invoke [1]
[2022-02-12T07:55:37.582753000Z DEBUG solana_program_runtime::stable_log] Program 11111111111111111111111111111111 success
[2022-02-12T07:55:37.582758000Z DEBUG solana_program_runtime::stable_log] Program 11111111111111111111111111111111 success
[2022-02-12T07:55:37.586114000Z DEBUG solana_program_runtime::stable_log] Program 11111111111111111111111111111111 invoke [1]
[2022-02-12T07:55:37.586167000Z DEBUG solana_program_runtime::stable_log] Program 11111111111111111111111111111111 success
[2022-02-12T07:55:37.586267000Z DEBUG solana_program_runtime::stable_log] Program 11111111111111111111111111111111 invoke [1]
[2022-02-12T07:55:37.586316000Z DEBUG solana_program_runtime::stable_log] Program 11111111111111111111111111111111 success
[2022-02-12T07:55:37.589911000Z DEBUG solana_program_runtime::stable_log] Program 11111111111111111111111111111111 invoke [1]
[2022-02-12T07:55:37.589961000Z DEBUG solana_program_runtime::stable_log] Program 11111111111111111111111111111111 success
[2022-02-12T07:55:37.590423000Z DEBUG solana_program_runtime::stable_log] Program 11111111111111111111111111111111 invoke [1]
[2022-02-12T07:55:37.590479000Z DEBUG solana_program_runtime::stable_log] Program 11111111111111111111111111111111 success
[2022-02-12T07:55:37.596863000Z DEBUG solana_program_runtime::stable_log] Program TokenkegQfeZyiNwAJbNbGKPFXCWuBvf9Ss623VQ5DA invoke [1]
[2022-02-12T07:55:37.597450000Z DEBUG solana_program_runtime::stable_log] Program log: Instruction: InitializeAccount
[2022-02-12T07:55:37.598530000Z DEBUG solana_bpf_loader_program] Program TokenkegQfeZyiNwAJbNbGKPFXCWuBvf9Ss623VQ5DA consumed 3411 of 200000 compute units
[2022-02-12T07:55:37.598610000Z DEBUG solana_program_runtime::stable_log] Program TokenkegQfeZyiNwAJbNbGKPFXCWuBvf9Ss623VQ5DA success
[2022-02-12T07:55:37.600828000Z DEBUG solana_program_runtime::stable_log] Program TokenkegQfeZyiNwAJbNbGKPFXCWuBvf9Ss623VQ5DA invoke [1]
[2022-02-12T07:55:37.601363000Z DEBUG solana_program_runtime::stable_log] Program log: Instruction: InitializeAccount
[2022-02-12T07:55:37.602090000Z DEBUG solana_program_runtime::stable_log] Program TokenkegQfeZyiNwAJbNbGKPFXCWuBvf9Ss623VQ5DA invoke [1]
[2022-02-12T07:55:37.602426000Z DEBUG solana_bpf_loader_program] Program TokenkegQfeZyiNwAJbNbGKPFXCWuBvf9Ss623VQ5DA consumed 3411 of 200000 compute units
[2022-02-12T07:55:37.602496000Z DEBUG solana_program_runtime::stable_log] Program TokenkegQfeZyiNwAJbNbGKPFXCWuBvf9Ss623VQ5DA success
[2022-02-12T07:55:37.602610000Z DEBUG solana_program_runtime::stable_log] Program log: Instruction: InitializeAccount
[2022-02-12T07:55:37.603337000Z DEBUG solana_program_runtime::stable_log] Program 11111111111111111111111111111111 invoke [1]
[2022-02-12T07:55:37.603388000Z DEBUG solana_program_runtime::stable_log] Program 11111111111111111111111111111111 success
[2022-02-12T07:55:37.603676000Z DEBUG solana_bpf_loader_program] Program TokenkegQfeZyiNwAJbNbGKPFXCWuBvf9Ss623VQ5DA consumed 3411 of 200000 compute units
[2022-02-12T07:55:37.603736000Z DEBUG solana_program_runtime::stable_log] Program TokenkegQfeZyiNwAJbNbGKPFXCWuBvf9Ss623VQ5DA success
[2022-02-12T07:55:37.604176000Z DEBUG solana_program_runtime::stable_log] Program TokenkegQfeZyiNwAJbNbGKPFXCWuBvf9Ss623VQ5DA invoke [1]
[2022-02-12T07:55:37.604698000Z DEBUG solana_program_runtime::stable_log] Program log: Instruction: InitializeAccount
[2022-02-12T07:55:37.605617000Z DEBUG solana_program_runtime::stable_log] Program 11111111111111111111111111111111 invoke [1]
[2022-02-12T07:55:37.605677000Z DEBUG solana_program_runtime::stable_log] Program 11111111111111111111111111111111 success
[2022-02-12T07:55:37.605766000Z DEBUG solana_bpf_loader_program] Program TokenkegQfeZyiNwAJbNbGKPFXCWuBvf9Ss623VQ5DA consumed 3411 of 200000 compute units
[2022-02-12T07:55:37.605826000Z DEBUG solana_program_runtime::stable_log] Program TokenkegQfeZyiNwAJbNbGKPFXCWuBvf9Ss623VQ5DA success
[2022-02-12T07:55:37.607714000Z DEBUG solana_program_runtime::stable_log] Program 11111111111111111111111111111111 invoke [1]
[2022-02-12T07:55:37.607767000Z DEBUG solana_program_runtime::stable_log] Program 11111111111111111111111111111111 success
[2022-02-12T07:55:37.608959000Z DEBUG solana_program_runtime::stable_log] Program 11111111111111111111111111111111 invoke [1]
[2022-02-12T07:55:37.609013000Z DEBUG solana_program_runtime::stable_log] Program 11111111111111111111111111111111 success
[2022-02-12T07:55:37.609146000Z DEBUG solana_program_runtime::stable_log] Program 11111111111111111111111111111111 invoke [1]
[2022-02-12T07:55:37.609197000Z DEBUG solana_program_runtime::stable_log] Program 11111111111111111111111111111111 success
[2022-02-12T07:55:37.611257000Z DEBUG solana_program_runtime::stable_log] Program 11111111111111111111111111111111 invoke [1]
[2022-02-12T07:55:37.611309000Z DEBUG solana_program_runtime::stable_log] Program 11111111111111111111111111111111 success
[2022-02-12T07:55:37.611541000Z DEBUG solana_program_runtime::stable_log] Program TokenkegQfeZyiNwAJbNbGKPFXCWuBvf9Ss623VQ5DA invoke [1]
[2022-02-12T07:55:37.612058000Z DEBUG solana_program_runtime::stable_log] Program log: Instruction: InitializeAccount
[2022-02-12T07:55:37.612478000Z DEBUG solana_program_runtime::stable_log] Program 11111111111111111111111111111111 invoke [1]
[2022-02-12T07:55:37.612531000Z DEBUG solana_program_runtime::stable_log] Program 11111111111111111111111111111111 success
[2022-02-12T07:55:37.612728000Z DEBUG solana_program_runtime::stable_log] Program TokenkegQfeZyiNwAJbNbGKPFXCWuBvf9Ss623VQ5DA invoke [1]
[2022-02-12T07:55:37.612944000Z DEBUG solana_program_runtime::stable_log] Program 11111111111111111111111111111111 invoke [1]
[2022-02-12T07:55:37.612996000Z DEBUG solana_program_runtime::stable_log] Program 11111111111111111111111111111111 success
[2022-02-12T07:55:37.613125000Z DEBUG solana_bpf_loader_program] Program TokenkegQfeZyiNwAJbNbGKPFXCWuBvf9Ss623VQ5DA consumed 3411 of 200000 compute units
[2022-02-12T07:55:37.613193000Z DEBUG solana_program_runtime::stable_log] Program TokenkegQfeZyiNwAJbNbGKPFXCWuBvf9Ss623VQ5DA success
[2022-02-12T07:55:37.613243000Z DEBUG solana_program_runtime::stable_log] Program log: Instruction: InitializeAccount
[2022-02-12T07:55:37.613378000Z DEBUG solana_program_runtime::stable_log] Program TokenkegQfeZyiNwAJbNbGKPFXCWuBvf9Ss623VQ5DA invoke [1]
[2022-02-12T07:55:37.613900000Z DEBUG solana_program_runtime::stable_log] Program log: Instruction: InitializeAccount
[2022-02-12T07:55:37.614630000Z DEBUG solana_bpf_loader_program] Program TokenkegQfeZyiNwAJbNbGKPFXCWuBvf9Ss623VQ5DA consumed 3411 of 200000 compute units
[2022-02-12T07:55:37.614695000Z DEBUG solana_program_runtime::stable_log] Program TokenkegQfeZyiNwAJbNbGKPFXCWuBvf9Ss623VQ5DA success
[2022-02-12T07:55:37.614882000Z DEBUG solana_program_runtime::stable_log] Program 11111111111111111111111111111111 invoke [1]
[2022-02-12T07:55:37.614931000Z DEBUG solana_program_runtime::stable_log] Program 11111111111111111111111111111111 success
[2022-02-12T07:55:37.614960000Z DEBUG solana_bpf_loader_program] Program TokenkegQfeZyiNwAJbNbGKPFXCWuBvf9Ss623VQ5DA consumed 3411 of 200000 compute units
[2022-02-12T07:55:37.615024000Z DEBUG solana_program_runtime::stable_log] Program TokenkegQfeZyiNwAJbNbGKPFXCWuBvf9Ss623VQ5DA success
[2022-02-12T07:55:37.616209000Z DEBUG solana_program_runtime::stable_log] Program 11111111111111111111111111111111 invoke [1]
[2022-02-12T07:55:37.616258000Z DEBUG solana_program_runtime::stable_log] Program 11111111111111111111111111111111 success
[2022-02-12T07:55:37.617740000Z DEBUG solana_program_runtime::stable_log] Program 11111111111111111111111111111111 invoke [1]
[2022-02-12T07:55:37.617794000Z DEBUG solana_program_runtime::stable_log] Program 11111111111111111111111111111111 success
[2022-02-12T07:55:37.618300000Z DEBUG solana_program_runtime::stable_log] Program 11111111111111111111111111111111 invoke [1]
[2022-02-12T07:55:37.618351000Z DEBUG solana_program_runtime::stable_log] Program 11111111111111111111111111111111 success
[2022-02-12T07:55:37.621187000Z DEBUG solana_program_runtime::stable_log] Program 11111111111111111111111111111111 invoke [1]
[2022-02-12T07:55:37.621208000Z DEBUG solana_program_runtime::stable_log] Program TokenkegQfeZyiNwAJbNbGKPFXCWuBvf9Ss623VQ5DA invoke [1]
[2022-02-12T07:55:37.621238000Z DEBUG solana_program_runtime::stable_log] Program 11111111111111111111111111111111 success
[2022-02-12T07:55:37.621728000Z DEBUG solana_program_runtime::stable_log] Program log: Instruction: InitializeAccount
[2022-02-12T07:55:37.621783000Z DEBUG solana_program_runtime::stable_log] Program 11111111111111111111111111111111 invoke [1]
[2022-02-12T07:55:37.621830000Z DEBUG solana_program_runtime::stable_log] Program 11111111111111111111111111111111 success
[2022-02-12T07:55:37.621724000Z DEBUG solana_program_runtime::stable_log] Program 11111111111111111111111111111111 invoke [1]
[2022-02-12T07:55:37.621898000Z DEBUG solana_program_runtime::stable_log] Program 11111111111111111111111111111111 success
[2022-02-12T07:55:37.621954000Z DEBUG solana_program_runtime::stable_log] Program 11111111111111111111111111111111 invoke [1]
[2022-02-12T07:55:37.622013000Z DEBUG solana_program_runtime::stable_log] Program 11111111111111111111111111111111 success
[2022-02-12T07:55:37.622066000Z DEBUG solana_program_runtime::stable_log] Program 11111111111111111111111111111111 invoke [1]
[2022-02-12T07:55:37.622138000Z DEBUG solana_program_runtime::stable_log] Program 11111111111111111111111111111111 success
[2022-02-12T07:55:37.622371000Z DEBUG solana_program_runtime::stable_log] Program 11111111111111111111111111111111 invoke [1]
[2022-02-12T07:55:37.622418000Z DEBUG solana_program_runtime::stable_log] Program 11111111111111111111111111111111 success
[2022-02-12T07:55:37.622481000Z DEBUG solana_program_runtime::stable_log] Program 11111111111111111111111111111111 invoke [1]
[2022-02-12T07:55:37.622527000Z DEBUG solana_program_runtime::stable_log] Program 11111111111111111111111111111111 success
[2022-02-12T07:55:37.622794000Z DEBUG solana_bpf_loader_program] Program TokenkegQfeZyiNwAJbNbGKPFXCWuBvf9Ss623VQ5DA consumed 3411 of 200000 compute units
[2022-02-12T07:55:37.622855000Z DEBUG solana_program_runtime::stable_log] Program TokenkegQfeZyiNwAJbNbGKPFXCWuBvf9Ss623VQ5DA success
[2022-02-12T07:55:37.623459000Z DEBUG solana_program_runtime::stable_log] Program TokenkegQfeZyiNwAJbNbGKPFXCWuBvf9Ss623VQ5DA invoke [1]
[2022-02-12T07:55:37.623986000Z DEBUG solana_program_runtime::stable_log] Program log: Instruction: InitializeAccount
[2022-02-12T07:55:37.624496000Z DEBUG solana_program_runtime::stable_log] Program TokenkegQfeZyiNwAJbNbGKPFXCWuBvf9Ss623VQ5DA invoke [1]
[2022-02-12T07:55:37.624991000Z DEBUG solana_program_runtime::stable_log] Program 11111111111111111111111111111111 invoke [1]
[2022-02-12T07:55:37.625016000Z DEBUG solana_program_runtime::stable_log] Program log: Instruction: InitializeAccount
[2022-02-12T07:55:37.625051000Z DEBUG solana_program_runtime::stable_log] Program 11111111111111111111111111111111 success
[2022-02-12T07:55:37.625059000Z DEBUG solana_bpf_loader_program] Program TokenkegQfeZyiNwAJbNbGKPFXCWuBvf9Ss623VQ5DA consumed 3411 of 200000 compute units
[2022-02-12T07:55:37.625123000Z DEBUG solana_program_runtime::stable_log] Program TokenkegQfeZyiNwAJbNbGKPFXCWuBvf9Ss623VQ5DA success
[2022-02-12T07:55:37.625580000Z DEBUG solana_program_runtime::stable_log] Program 11111111111111111111111111111111 invoke [1]
[2022-02-12T07:55:37.625630000Z DEBUG solana_program_runtime::stable_log] Program 11111111111111111111111111111111 success
[2022-02-12T07:55:37.626095000Z DEBUG solana_bpf_loader_program] Program TokenkegQfeZyiNwAJbNbGKPFXCWuBvf9Ss623VQ5DA consumed 3411 of 200000 compute units
[2022-02-12T07:55:37.626161000Z DEBUG solana_program_runtime::stable_log] Program TokenkegQfeZyiNwAJbNbGKPFXCWuBvf9Ss623VQ5DA success
[2022-02-12T07:55:37.626382000Z DEBUG solana_program_runtime::stable_log] Program 11111111111111111111111111111111 invoke [1]
[2022-02-12T07:55:37.626433000Z DEBUG solana_program_runtime::stable_log] Program 11111111111111111111111111111111 success
[2022-02-12T07:55:37.629333000Z DEBUG solana_program_runtime::stable_log] Program 11111111111111111111111111111111 invoke [1]
[2022-02-12T07:55:37.629382000Z DEBUG solana_program_runtime::stable_log] Program 11111111111111111111111111111111 success
[2022-02-12T07:55:37.629416000Z DEBUG solana_program_runtime::stable_log] Program 11111111111111111111111111111111 invoke [1]
[2022-02-12T07:55:37.629469000Z DEBUG solana_program_runtime::stable_log] Program 11111111111111111111111111111111 success
[2022-02-12T07:55:37.633260000Z DEBUG solana_program_runtime::stable_log] Program TokenkegQfeZyiNwAJbNbGKPFXCWuBvf9Ss623VQ5DA invoke [1]
[2022-02-12T07:55:37.633749000Z DEBUG solana_program_runtime::stable_log] Program TokenkegQfeZyiNwAJbNbGKPFXCWuBvf9Ss623VQ5DA invoke [1]
[2022-02-12T07:55:37.633782000Z DEBUG solana_program_runtime::stable_log] Program log: Instruction: InitializeAccount
[2022-02-12T07:55:37.634269000Z DEBUG solana_program_runtime::stable_log] Program log: Instruction: InitializeAccount
[2022-02-12T07:55:37.634547000Z DEBUG solana_program_runtime::stable_log] Program TokenkegQfeZyiNwAJbNbGKPFXCWuBvf9Ss623VQ5DA invoke [1]
[2022-02-12T07:55:37.634853000Z DEBUG solana_bpf_loader_program] Program TokenkegQfeZyiNwAJbNbGKPFXCWuBvf9Ss623VQ5DA consumed 3411 of 200000 compute units
[2022-02-12T07:55:37.634916000Z DEBUG solana_program_runtime::stable_log] Program TokenkegQfeZyiNwAJbNbGKPFXCWuBvf9Ss623VQ5DA success
[2022-02-12T07:55:37.635067000Z DEBUG solana_program_runtime::stable_log] Program log: Instruction: InitializeAccount
[2022-02-12T07:55:37.635337000Z DEBUG solana_bpf_loader_program] Program TokenkegQfeZyiNwAJbNbGKPFXCWuBvf9Ss623VQ5DA consumed 3411 of 200000 compute units
[2022-02-12T07:55:37.635399000Z DEBUG solana_program_runtime::stable_log] Program TokenkegQfeZyiNwAJbNbGKPFXCWuBvf9Ss623VQ5DA success
[2022-02-12T07:55:37.636136000Z DEBUG solana_bpf_loader_program] Program TokenkegQfeZyiNwAJbNbGKPFXCWuBvf9Ss623VQ5DA consumed 3411 of 200000 compute units
[2022-02-12T07:55:37.636199000Z DEBUG solana_program_runtime::stable_log] Program TokenkegQfeZyiNwAJbNbGKPFXCWuBvf9Ss623VQ5DA success
[2022-02-12T07:55:37.637509000Z DEBUG solana_program_runtime::stable_log] Program TokenkegQfeZyiNwAJbNbGKPFXCWuBvf9Ss623VQ5DA invoke [1]
[2022-02-12T07:55:37.637613000Z DEBUG solana_program_runtime::stable_log] Program TokenkegQfeZyiNwAJbNbGKPFXCWuBvf9Ss623VQ5DA invoke [1]
[2022-02-12T07:55:37.638030000Z DEBUG solana_program_runtime::stable_log] Program log: Instruction: InitializeAccount
[2022-02-12T07:55:37.638135000Z DEBUG solana_program_runtime::stable_log] Program log: Instruction: InitializeAccount
[2022-02-12T07:55:37.638464000Z DEBUG solana_program_runtime::stable_log] Program 11111111111111111111111111111111 invoke [1]
[2022-02-12T07:55:37.638513000Z DEBUG solana_program_runtime::stable_log] Program 11111111111111111111111111111111 success
[2022-02-12T07:55:37.638916000Z DEBUG solana_program_runtime::stable_log] Program 11111111111111111111111111111111 invoke [1]
[2022-02-12T07:55:37.638965000Z DEBUG solana_program_runtime::stable_log] Program 11111111111111111111111111111111 success
[2022-02-12T07:55:37.639101000Z DEBUG solana_bpf_loader_program] Program TokenkegQfeZyiNwAJbNbGKPFXCWuBvf9Ss623VQ5DA consumed 3411 of 200000 compute units
[2022-02-12T07:55:37.639163000Z DEBUG solana_program_runtime::stable_log] Program TokenkegQfeZyiNwAJbNbGKPFXCWuBvf9Ss623VQ5DA success
[2022-02-12T07:55:37.639211000Z DEBUG solana_bpf_loader_program] Program TokenkegQfeZyiNwAJbNbGKPFXCWuBvf9Ss623VQ5DA consumed 3411 of 200000 compute units
[2022-02-12T07:55:37.639275000Z DEBUG solana_program_runtime::stable_log] Program TokenkegQfeZyiNwAJbNbGKPFXCWuBvf9Ss623VQ5DA success
[2022-02-12T07:55:37.639938000Z DEBUG solana_program_runtime::stable_log] Program 11111111111111111111111111111111 invoke [1]
[2022-02-12T07:55:37.639993000Z DEBUG solana_program_runtime::stable_log] Program 11111111111111111111111111111111 success
[2022-02-12T07:55:37.642780000Z DEBUG solana_program_runtime::stable_log] Program 11111111111111111111111111111111 invoke [1]
[2022-02-12T07:55:37.642840000Z DEBUG solana_program_runtime::stable_log] Program 11111111111111111111111111111111 success
[2022-02-12T07:55:37.642927000Z DEBUG solana_program_runtime::stable_log] Program 11111111111111111111111111111111 invoke [1]
[2022-02-12T07:55:37.642980000Z DEBUG solana_program_runtime::stable_log] Program 11111111111111111111111111111111 success
[2022-02-12T07:55:37.646653000Z DEBUG solana_program_runtime::stable_log] Program TokenkegQfeZyiNwAJbNbGKPFXCWuBvf9Ss623VQ5DA invoke [1]
[2022-02-12T07:55:37.647081000Z DEBUG solana_program_runtime::stable_log] Program TokenkegQfeZyiNwAJbNbGKPFXCWuBvf9Ss623VQ5DA invoke [1]
[2022-02-12T07:55:37.647173000Z DEBUG solana_program_runtime::stable_log] Program log: Instruction: InitializeAccount
[2022-02-12T07:55:37.647599000Z DEBUG solana_program_runtime::stable_log] Program log: Instruction: InitializeAccount
[2022-02-12T07:55:37.648107000Z DEBUG solana_program_runtime::stable_log] Program TokenkegQfeZyiNwAJbNbGKPFXCWuBvf9Ss623VQ5DA invoke [1]
[2022-02-12T07:55:37.648241000Z DEBUG solana_bpf_loader_program] Program TokenkegQfeZyiNwAJbNbGKPFXCWuBvf9Ss623VQ5DA consumed 3411 of 200000 compute units
[2022-02-12T07:55:37.648303000Z DEBUG solana_program_runtime::stable_log] Program TokenkegQfeZyiNwAJbNbGKPFXCWuBvf9Ss623VQ5DA success
[2022-02-12T07:55:37.648626000Z DEBUG solana_program_runtime::stable_log] Program log: Instruction: InitializeAccount
[2022-02-12T07:55:37.648665000Z DEBUG solana_bpf_loader_program] Program TokenkegQfeZyiNwAJbNbGKPFXCWuBvf9Ss623VQ5DA consumed 3411 of 200000 compute units
[2022-02-12T07:55:37.648727000Z DEBUG solana_program_runtime::stable_log] Program TokenkegQfeZyiNwAJbNbGKPFXCWuBvf9Ss623VQ5DA success
[2022-02-12T07:55:37.649694000Z DEBUG solana_bpf_loader_program] Program TokenkegQfeZyiNwAJbNbGKPFXCWuBvf9Ss623VQ5DA consumed 3411 of 200000 compute units
[2022-02-12T07:55:37.649756000Z DEBUG solana_program_runtime::stable_log] Program TokenkegQfeZyiNwAJbNbGKPFXCWuBvf9Ss623VQ5DA success
[2022-02-12T07:55:37.650978000Z DEBUG solana_program_runtime::stable_log] Program TokenkegQfeZyiNwAJbNbGKPFXCWuBvf9Ss623VQ5DA invoke [1]
[2022-02-12T07:55:37.651095000Z DEBUG solana_program_runtime::stable_log] Program TokenkegQfeZyiNwAJbNbGKPFXCWuBvf9Ss623VQ5DA invoke [1]
[2022-02-12T07:55:37.651497000Z DEBUG solana_program_runtime::stable_log] Program log: Instruction: InitializeAccount
[2022-02-12T07:55:37.651616000Z DEBUG solana_program_runtime::stable_log] Program log: Instruction: InitializeAccount
[2022-02-12T07:55:37.652294000Z DEBUG solana_program_runtime::stable_log] Program 11111111111111111111111111111111 invoke [1]
[2022-02-12T07:55:37.652349000Z DEBUG solana_program_runtime::stable_log] Program 11111111111111111111111111111111 success
[2022-02-12T07:55:37.652575000Z DEBUG solana_bpf_loader_program] Program TokenkegQfeZyiNwAJbNbGKPFXCWuBvf9Ss623VQ5DA consumed 3411 of 200000 compute units
[2022-02-12T07:55:37.652632000Z DEBUG solana_program_runtime::stable_log] Program 11111111111111111111111111111111 invoke [1]
[2022-02-12T07:55:37.652634000Z DEBUG solana_program_runtime::stable_log] Program TokenkegQfeZyiNwAJbNbGKPFXCWuBvf9Ss623VQ5DA success
[2022-02-12T07:55:37.652683000Z DEBUG solana_program_runtime::stable_log] Program 11111111111111111111111111111111 success
[2022-02-12T07:55:37.652687000Z DEBUG solana_bpf_loader_program] Program TokenkegQfeZyiNwAJbNbGKPFXCWuBvf9Ss623VQ5DA consumed 3411 of 200000 compute units
[2022-02-12T07:55:37.652755000Z DEBUG solana_program_runtime::stable_log] Program TokenkegQfeZyiNwAJbNbGKPFXCWuBvf9Ss623VQ5DA success
[2022-02-12T07:55:37.660516000Z DEBUG solana_program_runtime::stable_log] Program TokenkegQfeZyiNwAJbNbGKPFXCWuBvf9Ss623VQ5DA invoke [1]
[2022-02-12T07:55:37.660810000Z DEBUG solana_program_runtime::stable_log] Program TokenkegQfeZyiNwAJbNbGKPFXCWuBvf9Ss623VQ5DA invoke [1]
[2022-02-12T07:55:37.661052000Z DEBUG solana_program_runtime::stable_log] Program log: Instruction: InitializeAccount
[2022-02-12T07:55:37.661226000Z DEBUG solana_program_runtime::stable_log] Program UKrXU5bFrTzrqqpZXs8GVDbp4xPweiM65ADXNAy3ddR invoke [1]
[2022-02-12T07:55:37.661324000Z DEBUG solana_program_runtime::stable_log] Program log: Instruction: InitializeAccount
[2022-02-12T07:55:37.662124000Z DEBUG solana_bpf_loader_program] Program TokenkegQfeZyiNwAJbNbGKPFXCWuBvf9Ss623VQ5DA consumed 3411 of 200000 compute units
[2022-02-12T07:55:37.662188000Z DEBUG solana_program_runtime::stable_log] Program TokenkegQfeZyiNwAJbNbGKPFXCWuBvf9Ss623VQ5DA success
[2022-02-12T07:55:37.662391000Z DEBUG solana_bpf_loader_program] Program TokenkegQfeZyiNwAJbNbGKPFXCWuBvf9Ss623VQ5DA consumed 3411 of 200000 compute units
[2022-02-12T07:55:37.662450000Z DEBUG solana_program_runtime::stable_log] Program TokenkegQfeZyiNwAJbNbGKPFXCWuBvf9Ss623VQ5DA success
[2022-02-12T07:55:37.666537000Z DEBUG solana_bpf_loader_program] Program UKrXU5bFrTzrqqpZXs8GVDbp4xPweiM65ADXNAy3ddR consumed 13654 of 200000 compute units
[2022-02-12T07:55:37.666919000Z DEBUG solana_program_runtime::stable_log] Program UKrXU5bFrTzrqqpZXs8GVDbp4xPweiM65ADXNAy3ddR success
[2022-02-12T07:55:37.762775000Z DEBUG solana_program_runtime::stable_log] Program CiDwVBFgWV9E5MvXWoLgnEgn2hK7rJikbvfWavzAQz3 invoke [1]
[2022-02-12T07:55:37.763719000Z DEBUG solana_program_runtime::stable_log] Program log: Mango: InitMangoGroup
[2022-02-12T07:55:37.763967000Z DEBUG solana_program_runtime::stable_log] Program 8opHzTAnfzRpPEx21XtnrVTX28YQuCpAjcn1PczScKh invoke [1]
[2022-02-12T07:55:37.764928000Z DEBUG solana_program_runtime::stable_log] Program log: Mango: InitMangoGroup
[2022-02-12T07:55:37.765839000Z DEBUG solana_program_runtime::stable_log] Program jwV7SyvqCSrVcKibYvurCCWr7DUmT7yRYPmY9QwvrGo invoke [1]
[2022-02-12T07:55:37.766714000Z DEBUG solana_program_runtime::stable_log] Program log: Mango: InitMangoGroup
[2022-02-12T07:55:37.767298000Z DEBUG solana_bpf_loader_program] Program CiDwVBFgWV9E5MvXWoLgnEgn2hK7rJikbvfWavzAQz3 consumed 13160 of 200000 compute units
[2022-02-12T07:55:37.767416000Z DEBUG solana_program_runtime::stable_log] Program CiDwVBFgWV9E5MvXWoLgnEgn2hK7rJikbvfWavzAQz3 success
[2022-02-12T07:55:37.768565000Z DEBUG solana_bpf_loader_program] Program 8opHzTAnfzRpPEx21XtnrVTX28YQuCpAjcn1PczScKh consumed 13160 of 200000 compute units
[2022-02-12T07:55:37.768686000Z DEBUG solana_program_runtime::stable_log] Program 8opHzTAnfzRpPEx21XtnrVTX28YQuCpAjcn1PczScKh success
[2022-02-12T07:55:37.770321000Z DEBUG solana_bpf_loader_program] Program jwV7SyvqCSrVcKibYvurCCWr7DUmT7yRYPmY9QwvrGo consumed 13160 of 200000 compute units
[2022-02-12T07:55:37.770417000Z DEBUG solana_program_runtime::stable_log] Program jwV7SyvqCSrVcKibYvurCCWr7DUmT7yRYPmY9QwvrGo success
[2022-02-12T07:55:37.772375000Z DEBUG solana_program_runtime::stable_log] Program GcdayuLaLyrdmUu324nahyv33G5poQdLUEZ1nEytDeP invoke [1]
[2022-02-12T07:55:37.773266000Z DEBUG solana_program_runtime::stable_log] Program log: Mango: InitMangoGroup
[2022-02-12T07:55:37.773750000Z DEBUG solana_program_runtime::stable_log] Program 11111111111111111111111111111111 invoke [1]
[2022-02-12T07:55:37.773851000Z DEBUG solana_program_runtime::stable_log] Program 11111111111111111111111111111111 success
[2022-02-12T07:55:37.773922000Z DEBUG solana_program_runtime::stable_log] Program 11111111111111111111111111111111 invoke [1]
[2022-02-12T07:55:37.773973000Z DEBUG solana_program_runtime::stable_log] Program 11111111111111111111111111111111 success
[2022-02-12T07:55:37.774614000Z DEBUG solana_program_runtime::stable_log] Program 11111111111111111111111111111111 invoke [1]
[2022-02-12T07:55:37.774669000Z DEBUG solana_program_runtime::stable_log] Program 11111111111111111111111111111111 success
[2022-02-12T07:55:37.775104000Z DEBUG solana_program_runtime::stable_log] Program c8fpTXm3XTRgE5maYQ24Li4L65wMYvAFomzXknxVEx7 invoke [1]
[2022-02-12T07:55:37.776002000Z DEBUG solana_program_runtime::stable_log] Program log: Mango: InitMangoGroup
test test_list_spot_market_on_serum ... ok
[2022-02-12T07:55:37.776832000Z DEBUG solana_bpf_loader_program] Program GcdayuLaLyrdmUu324nahyv33G5poQdLUEZ1nEytDeP consumed 13160 of 200000 compute units
[2022-02-12T07:55:37.776949000Z DEBUG solana_program_runtime::stable_log] Program GcdayuLaLyrdmUu324nahyv33G5poQdLUEZ1nEytDeP success
[2022-02-12T07:55:37.777366000Z DEBUG solana_program_runtime::stable_log] Program 11111111111111111111111111111111 invoke [1]
[2022-02-12T07:55:37.777429000Z DEBUG solana_program_runtime::stable_log] Program 11111111111111111111111111111111 success
[2022-02-12T07:55:37.779623000Z DEBUG solana_bpf_loader_program] Program c8fpTXm3XTRgE5maYQ24Li4L65wMYvAFomzXknxVEx7 consumed 13160 of 200000 compute units
[2022-02-12T07:55:37.779746000Z DEBUG solana_program_runtime::stable_log] Program c8fpTXm3XTRgE5maYQ24Li4L65wMYvAFomzXknxVEx7 success
[2022-02-12T07:55:37.782065000Z DEBUG solana_program_runtime::stable_log] Program 11111111111111111111111111111111 invoke [1]
[2022-02-12T07:55:37.782126000Z DEBUG solana_program_runtime::stable_log] Program 11111111111111111111111111111111 success
[2022-02-12T07:55:37.782347000Z DEBUG solana_program_runtime::stable_log] Program 11111111111111111111111111111111 invoke [1]
[2022-02-12T07:55:37.782400000Z DEBUG solana_program_runtime::stable_log] Program 11111111111111111111111111111111 success
[2022-02-12T07:55:37.783887000Z DEBUG solana_program_runtime::stable_log] Program 11111111111111111111111111111111 invoke [1]
[2022-02-12T07:55:37.783940000Z DEBUG solana_program_runtime::stable_log] Program 11111111111111111111111111111111 success
[2022-02-12T07:55:37.784179000Z DEBUG solana_program_runtime::stable_log] Program CiDwVBFgWV9E5MvXWoLgnEgn2hK7rJikbvfWavzAQz3 invoke [1]
[2022-02-12T07:55:37.784531000Z DEBUG solana_program_runtime::stable_log] Program log: Mango: AddOracle
[2022-02-12T07:55:37.784623000Z DEBUG solana_program_runtime::stable_log] Program log: OracleType: got unknown or stub
[2022-02-12T07:55:37.784979000Z DEBUG solana_bpf_loader_program] Program CiDwVBFgWV9E5MvXWoLgnEgn2hK7rJikbvfWavzAQz3 consumed 1865 of 200000 compute units
[2022-02-12T07:55:37.785042000Z DEBUG solana_program_runtime::stable_log] Program CiDwVBFgWV9E5MvXWoLgnEgn2hK7rJikbvfWavzAQz3 success
[2022-02-12T07:55:37.785146000Z DEBUG solana_program_runtime::stable_log] Program jwV7SyvqCSrVcKibYvurCCWr7DUmT7yRYPmY9QwvrGo invoke [1]
[2022-02-12T07:55:37.785492000Z DEBUG solana_program_runtime::stable_log] Program log: Mango: AddOracle
[2022-02-12T07:55:37.785568000Z DEBUG solana_program_runtime::stable_log] Program 11111111111111111111111111111111 invoke [1]
[2022-02-12T07:55:37.785586000Z DEBUG solana_program_runtime::stable_log] Program log: OracleType: got unknown or stub
[2022-02-12T07:55:37.785626000Z DEBUG solana_program_runtime::stable_log] Program 11111111111111111111111111111111 success
[2022-02-12T07:55:37.785963000Z DEBUG solana_bpf_loader_program] Program jwV7SyvqCSrVcKibYvurCCWr7DUmT7yRYPmY9QwvrGo consumed 1865 of 200000 compute units
[2022-02-12T07:55:37.786027000Z DEBUG solana_program_runtime::stable_log] Program jwV7SyvqCSrVcKibYvurCCWr7DUmT7yRYPmY9QwvrGo success
[2022-02-12T07:55:37.786935000Z DEBUG solana_program_runtime::stable_log] Program 11111111111111111111111111111111 invoke [1]
[2022-02-12T07:55:37.786994000Z DEBUG solana_program_runtime::stable_log] Program 11111111111111111111111111111111 success
[2022-02-12T07:55:37.788105000Z DEBUG solana_program_runtime::stable_log] Program 11111111111111111111111111111111 invoke [1]
[2022-02-12T07:55:37.788159000Z DEBUG solana_program_runtime::stable_log] Program 11111111111111111111111111111111 success
[2022-02-12T07:55:37.788924000Z DEBUG solana_program_runtime::stable_log] Program 11111111111111111111111111111111 invoke [1]
[2022-02-12T07:55:37.788980000Z DEBUG solana_program_runtime::stable_log] Program 11111111111111111111111111111111 success
[2022-02-12T07:55:37.789098000Z DEBUG solana_program_runtime::stable_log] Program 11111111111111111111111111111111 invoke [1]
[2022-02-12T07:55:37.789153000Z DEBUG solana_program_runtime::stable_log] Program 11111111111111111111111111111111 success
[2022-02-12T07:55:37.790409000Z DEBUG solana_program_runtime::stable_log] Program 11111111111111111111111111111111 invoke [1]
[2022-02-12T07:55:37.790461000Z DEBUG solana_program_runtime::stable_log] Program 11111111111111111111111111111111 success
[2022-02-12T07:55:37.792595000Z DEBUG solana_program_runtime::stable_log] Program 11111111111111111111111111111111 invoke [1]
[2022-02-12T07:55:37.792658000Z DEBUG solana_program_runtime::stable_log] Program 11111111111111111111111111111111 success
[2022-02-12T07:55:37.793861000Z DEBUG solana_program_runtime::stable_log] Program 11111111111111111111111111111111 invoke [1]
[2022-02-12T07:55:37.793920000Z DEBUG solana_program_runtime::stable_log] Program 11111111111111111111111111111111 success
[2022-02-12T07:55:37.794183000Z DEBUG solana_program_runtime::stable_log] Program c8fpTXm3XTRgE5maYQ24Li4L65wMYvAFomzXknxVEx7 invoke [1]
[2022-02-12T07:55:37.794544000Z DEBUG solana_program_runtime::stable_log] Program log: Mango: AddOracle
[2022-02-12T07:55:37.794635000Z DEBUG solana_program_runtime::stable_log] Program log: OracleType: got unknown or stub
[2022-02-12T07:55:37.794992000Z DEBUG solana_bpf_loader_program] Program c8fpTXm3XTRgE5maYQ24Li4L65wMYvAFomzXknxVEx7 consumed 1865 of 200000 compute units
[2022-02-12T07:55:37.795057000Z DEBUG solana_program_runtime::stable_log] Program c8fpTXm3XTRgE5maYQ24Li4L65wMYvAFomzXknxVEx7 success
[2022-02-12T07:55:37.796090000Z DEBUG solana_program_runtime::stable_log] Program 11111111111111111111111111111111 invoke [1]
[2022-02-12T07:55:37.796137000Z DEBUG solana_program_runtime::stable_log] Program 11111111111111111111111111111111 success
[2022-02-12T07:55:37.797388000Z DEBUG solana_program_runtime::stable_log] Program 11111111111111111111111111111111 invoke [1]
[2022-02-12T07:55:37.797445000Z DEBUG solana_program_runtime::stable_log] Program 11111111111111111111111111111111 success
[2022-02-12T07:55:37.799165000Z DEBUG solana_program_runtime::stable_log] Program 11111111111111111111111111111111 invoke [1]
[2022-02-12T07:55:37.799222000Z DEBUG solana_program_runtime::stable_log] Program 11111111111111111111111111111111 success
[2022-02-12T07:55:37.799516000Z DEBUG solana_program_runtime::stable_log] Program CiDwVBFgWV9E5MvXWoLgnEgn2hK7rJikbvfWavzAQz3 invoke [1]
[2022-02-12T07:55:37.799655000Z DEBUG solana_program_runtime::stable_log] Program 11111111111111111111111111111111 invoke [1]
[2022-02-12T07:55:37.799707000Z DEBUG solana_program_runtime::stable_log] Program 11111111111111111111111111111111 success
[2022-02-12T07:55:37.799871000Z DEBUG solana_program_runtime::stable_log] Program log: Mango: InitMangoAccount DEPRECATED
[2022-02-12T07:55:37.800281000Z DEBUG solana_bpf_loader_program] Program CiDwVBFgWV9E5MvXWoLgnEgn2hK7rJikbvfWavzAQz3 consumed 1828 of 200000 compute units
[2022-02-12T07:55:37.800345000Z DEBUG solana_program_runtime::stable_log] Program CiDwVBFgWV9E5MvXWoLgnEgn2hK7rJikbvfWavzAQz3 success
[2022-02-12T07:55:37.800373000Z DEBUG solana_program_runtime::stable_log] Program jwV7SyvqCSrVcKibYvurCCWr7DUmT7yRYPmY9QwvrGo invoke [1]
[2022-02-12T07:55:37.800718000Z DEBUG solana_program_runtime::stable_log] Program log: Mango: InitMangoAccount DEPRECATED
[2022-02-12T07:55:37.801028000Z DEBUG solana_program_runtime::stable_log] Program 11111111111111111111111111111111 invoke [1]
[2022-02-12T07:55:37.801084000Z DEBUG solana_program_runtime::stable_log] Program 11111111111111111111111111111111 success
[2022-02-12T07:55:37.801127000Z DEBUG solana_bpf_loader_program] Program jwV7SyvqCSrVcKibYvurCCWr7DUmT7yRYPmY9QwvrGo consumed 1828 of 200000 compute units
[2022-02-12T07:55:37.801193000Z DEBUG solana_program_runtime::stable_log] Program jwV7SyvqCSrVcKibYvurCCWr7DUmT7yRYPmY9QwvrGo success
[2022-02-12T07:55:37.803119000Z DEBUG solana_program_runtime::stable_log] Program 11111111111111111111111111111111 invoke [1]
[2022-02-12T07:55:37.803175000Z DEBUG solana_program_runtime::stable_log] Program 11111111111111111111111111111111 success
[2022-02-12T07:55:37.804319000Z DEBUG solana_program_runtime::stable_log] Program 11111111111111111111111111111111 invoke [1]
[2022-02-12T07:55:37.804383000Z DEBUG solana_program_runtime::stable_log] Program 11111111111111111111111111111111 success
[2022-02-12T07:55:37.804450000Z DEBUG solana_program_runtime::stable_log] Program 11111111111111111111111111111111 invoke [1]
[2022-02-12T07:55:37.804505000Z DEBUG solana_program_runtime::stable_log] Program 11111111111111111111111111111111 success
[2022-02-12T07:55:37.804753000Z DEBUG solana_program_runtime::stable_log] Program 11111111111111111111111111111111 invoke [1]
[2022-02-12T07:55:37.804801000Z DEBUG solana_program_runtime::stable_log] Program 11111111111111111111111111111111 success
[2022-02-12T07:55:37.806567000Z DEBUG solana_program_runtime::stable_log] Program 11111111111111111111111111111111 invoke [1]
[2022-02-12T07:55:37.806615000Z DEBUG solana_program_runtime::stable_log] Program 11111111111111111111111111111111 success
[2022-02-12T07:55:37.807880000Z DEBUG solana_program_runtime::stable_log] Program 11111111111111111111111111111111 invoke [1]
[2022-02-12T07:55:37.807933000Z DEBUG solana_program_runtime::stable_log] Program 11111111111111111111111111111111 success
[2022-02-12T07:55:37.810007000Z DEBUG solana_program_runtime::stable_log] Program 11111111111111111111111111111111 invoke [1]
[2022-02-12T07:55:37.810061000Z DEBUG solana_program_runtime::stable_log] Program 11111111111111111111111111111111 success
[2022-02-12T07:55:37.810491000Z DEBUG solana_program_runtime::stable_log] Program c8fpTXm3XTRgE5maYQ24Li4L65wMYvAFomzXknxVEx7 invoke [1]
[2022-02-12T07:55:37.810843000Z DEBUG solana_program_runtime::stable_log] Program log: Mango: InitMangoAccount DEPRECATED
[2022-02-12T07:55:37.811251000Z DEBUG solana_bpf_loader_program] Program c8fpTXm3XTRgE5maYQ24Li4L65wMYvAFomzXknxVEx7 consumed 1828 of 200000 compute units
[2022-02-12T07:55:37.811314000Z DEBUG solana_program_runtime::stable_log] Program c8fpTXm3XTRgE5maYQ24Li4L65wMYvAFomzXknxVEx7 success
[2022-02-12T07:55:37.811386000Z DEBUG solana_program_runtime::stable_log] Program 11111111111111111111111111111111 invoke [1]
[2022-02-12T07:55:37.811437000Z DEBUG solana_program_runtime::stable_log] Program 11111111111111111111111111111111 success
[2022-02-12T07:55:37.813446000Z DEBUG solana_program_runtime::stable_log] Program 11111111111111111111111111111111 invoke [1]
[2022-02-12T07:55:37.813510000Z DEBUG solana_program_runtime::stable_log] Program 11111111111111111111111111111111 success
[2022-02-12T07:55:37.815599000Z DEBUG solana_program_runtime::stable_log] Program 11111111111111111111111111111111 invoke [1]
[2022-02-12T07:55:37.815657000Z DEBUG solana_program_runtime::stable_log] Program 11111111111111111111111111111111 success
[2022-02-12T07:55:37.815683000Z DEBUG solana_program_runtime::stable_log] Program jwV7SyvqCSrVcKibYvurCCWr7DUmT7yRYPmY9QwvrGo invoke [1]
[2022-02-12T07:55:37.815963000Z DEBUG solana_program_runtime::stable_log] Program 11111111111111111111111111111111 invoke [1]
[2022-02-12T07:55:37.816013000Z DEBUG solana_program_runtime::stable_log] Program 11111111111111111111111111111111 success
[2022-02-12T07:55:37.816046000Z DEBUG solana_program_runtime::stable_log] Program log: Mango: InitMangoAccount DEPRECATED
[2022-02-12T07:55:37.816063000Z DEBUG solana_program_runtime::stable_log] Program CiDwVBFgWV9E5MvXWoLgnEgn2hK7rJikbvfWavzAQz3 invoke [1]
[2022-02-12T07:55:37.816412000Z DEBUG solana_program_runtime::stable_log] Program log: Mango: InitMangoAccount DEPRECATED
[2022-02-12T07:55:37.816457000Z DEBUG solana_bpf_loader_program] Program jwV7SyvqCSrVcKibYvurCCWr7DUmT7yRYPmY9QwvrGo consumed 1828 of 200000 compute units
[2022-02-12T07:55:37.816528000Z DEBUG solana_program_runtime::stable_log] Program jwV7SyvqCSrVcKibYvurCCWr7DUmT7yRYPmY9QwvrGo success
[2022-02-12T07:55:37.816816000Z DEBUG solana_bpf_loader_program] Program CiDwVBFgWV9E5MvXWoLgnEgn2hK7rJikbvfWavzAQz3 consumed 1828 of 200000 compute units
[2022-02-12T07:55:37.816885000Z DEBUG solana_program_runtime::stable_log] Program CiDwVBFgWV9E5MvXWoLgnEgn2hK7rJikbvfWavzAQz3 success
[2022-02-12T07:55:37.816937000Z DEBUG solana_program_runtime::stable_log] Program 11111111111111111111111111111111 invoke [1]
[2022-02-12T07:55:37.816990000Z DEBUG solana_program_runtime::stable_log] Program 11111111111111111111111111111111 success
[2022-02-12T07:55:37.819549000Z DEBUG solana_program_runtime::stable_log] Program 11111111111111111111111111111111 invoke [1]
[2022-02-12T07:55:37.819604000Z DEBUG solana_program_runtime::stable_log] Program 11111111111111111111111111111111 success
[2022-02-12T07:55:37.820349000Z DEBUG solana_program_runtime::stable_log] Program 11111111111111111111111111111111 invoke [1]
[2022-02-12T07:55:37.820398000Z DEBUG solana_program_runtime::stable_log] Program 11111111111111111111111111111111 success
[2022-02-12T07:55:37.820945000Z DEBUG solana_program_runtime::stable_log] Program 11111111111111111111111111111111 invoke [1]
[2022-02-12T07:55:37.820993000Z DEBUG solana_program_runtime::stable_log] Program 11111111111111111111111111111111 success
[2022-02-12T07:55:37.822714000Z DEBUG solana_program_runtime::stable_log] Program 11111111111111111111111111111111 invoke [1]
[2022-02-12T07:55:37.822783000Z DEBUG solana_program_runtime::stable_log] Program 11111111111111111111111111111111 success
[2022-02-12T07:55:37.822974000Z DEBUG solana_program_runtime::stable_log] Program 11111111111111111111111111111111 invoke [1]
[2022-02-12T07:55:37.823026000Z DEBUG solana_program_runtime::stable_log] Program 11111111111111111111111111111111 success
[2022-02-12T07:55:37.823819000Z DEBUG solana_program_runtime::stable_log] Program 11111111111111111111111111111111 invoke [1]
[2022-02-12T07:55:37.823865000Z DEBUG solana_program_runtime::stable_log] Program 11111111111111111111111111111111 success
[2022-02-12T07:55:37.826443000Z DEBUG solana_program_runtime::stable_log] Program 11111111111111111111111111111111 invoke [1]
[2022-02-12T07:55:37.826495000Z DEBUG solana_program_runtime::stable_log] Program 11111111111111111111111111111111 success
[2022-02-12T07:55:37.826874000Z DEBUG solana_program_runtime::stable_log] Program c8fpTXm3XTRgE5maYQ24Li4L65wMYvAFomzXknxVEx7 invoke [1]
[2022-02-12T07:55:37.827222000Z DEBUG solana_program_runtime::stable_log] Program log: Mango: InitMangoAccount DEPRECATED
[2022-02-12T07:55:37.827627000Z DEBUG solana_bpf_loader_program] Program c8fpTXm3XTRgE5maYQ24Li4L65wMYvAFomzXknxVEx7 consumed 1828 of 200000 compute units
[2022-02-12T07:55:37.827690000Z DEBUG solana_program_runtime::stable_log] Program c8fpTXm3XTRgE5maYQ24Li4L65wMYvAFomzXknxVEx7 success
[2022-02-12T07:55:37.829153000Z DEBUG solana_program_runtime::stable_log] Program TokenkegQfeZyiNwAJbNbGKPFXCWuBvf9Ss623VQ5DA invoke [1]
[2022-02-12T07:55:37.829756000Z DEBUG solana_program_runtime::stable_log] Program log: Instruction: InitializeAccount
[2022-02-12T07:55:37.830133000Z DEBUG solana_program_runtime::stable_log] Program 11111111111111111111111111111111 invoke [1]
[2022-02-12T07:55:37.830190000Z DEBUG solana_program_runtime::stable_log] Program 11111111111111111111111111111111 success
[2022-02-12T07:55:37.830816000Z DEBUG solana_program_runtime::stable_log] Program TokenkegQfeZyiNwAJbNbGKPFXCWuBvf9Ss623VQ5DA invoke [1]
[2022-02-12T07:55:37.830873000Z DEBUG solana_bpf_loader_program] Program TokenkegQfeZyiNwAJbNbGKPFXCWuBvf9Ss623VQ5DA consumed 3411 of 200000 compute units
[2022-02-12T07:55:37.830960000Z DEBUG solana_program_runtime::stable_log] Program TokenkegQfeZyiNwAJbNbGKPFXCWuBvf9Ss623VQ5DA success
[2022-02-12T07:55:37.831332000Z DEBUG solana_program_runtime::stable_log] Program log: Instruction: InitializeAccount
[2022-02-12T07:55:37.832267000Z DEBUG solana_program_runtime::stable_log] Program 11111111111111111111111111111111 invoke [1]
[2022-02-12T07:55:37.832314000Z DEBUG solana_program_runtime::stable_log] Program 11111111111111111111111111111111 success
[2022-02-12T07:55:37.832436000Z DEBUG solana_bpf_loader_program] Program TokenkegQfeZyiNwAJbNbGKPFXCWuBvf9Ss623VQ5DA consumed 3411 of 200000 compute units
[2022-02-12T07:55:37.832508000Z DEBUG solana_program_runtime::stable_log] Program TokenkegQfeZyiNwAJbNbGKPFXCWuBvf9Ss623VQ5DA success
[2022-02-12T07:55:37.833858000Z DEBUG solana_program_runtime::stable_log] Program 11111111111111111111111111111111 invoke [1]
[2022-02-12T07:55:37.833923000Z DEBUG solana_program_runtime::stable_log] Program 11111111111111111111111111111111 success
[2022-02-12T07:55:37.835577000Z DEBUG solana_program_runtime::stable_log] Program 11111111111111111111111111111111 invoke [1]
[2022-02-12T07:55:37.835628000Z DEBUG solana_program_runtime::stable_log] Program 11111111111111111111111111111111 success
[2022-02-12T07:55:37.836167000Z DEBUG solana_program_runtime::stable_log] Program 11111111111111111111111111111111 invoke [1]
[2022-02-12T07:55:37.836223000Z DEBUG solana_program_runtime::stable_log] Program 11111111111111111111111111111111 success
[2022-02-12T07:55:37.838960000Z DEBUG solana_program_runtime::stable_log] Program 8opHzTAnfzRpPEx21XtnrVTX28YQuCpAjcn1PczScKh invoke [1]
[2022-02-12T07:55:37.839362000Z DEBUG solana_program_runtime::stable_log] Program log: Mango: AddOracle
[2022-02-12T07:55:37.839456000Z DEBUG solana_program_runtime::stable_log] Program log: OracleType: got unknown or stub
[2022-02-12T07:55:37.839820000Z DEBUG solana_bpf_loader_program] Program 8opHzTAnfzRpPEx21XtnrVTX28YQuCpAjcn1PczScKh consumed 1865 of 200000 compute units
[2022-02-12T07:55:37.839902000Z DEBUG solana_program_runtime::stable_log] Program 8opHzTAnfzRpPEx21XtnrVTX28YQuCpAjcn1PczScKh success
[2022-02-12T07:55:37.840277000Z DEBUG solana_program_runtime::stable_log] Program TokenkegQfeZyiNwAJbNbGKPFXCWuBvf9Ss623VQ5DA invoke [1]
[2022-02-12T07:55:37.840793000Z DEBUG solana_program_runtime::stable_log] Program log: Instruction: InitializeAccount
[2022-02-12T07:55:37.841841000Z DEBUG solana_bpf_loader_program] Program TokenkegQfeZyiNwAJbNbGKPFXCWuBvf9Ss623VQ5DA consumed 3411 of 200000 compute units
[2022-02-12T07:55:37.841903000Z DEBUG solana_program_runtime::stable_log] Program TokenkegQfeZyiNwAJbNbGKPFXCWuBvf9Ss623VQ5DA success
[2022-02-12T07:55:37.843767000Z DEBUG solana_program_runtime::stable_log] Program TokenkegQfeZyiNwAJbNbGKPFXCWuBvf9Ss623VQ5DA invoke [1]
[2022-02-12T07:55:37.844221000Z DEBUG solana_program_runtime::stable_log] Program TokenkegQfeZyiNwAJbNbGKPFXCWuBvf9Ss623VQ5DA invoke [1]
[2022-02-12T07:55:37.844311000Z DEBUG solana_program_runtime::stable_log] Program log: Instruction: InitializeAccount
[2022-02-12T07:55:37.844740000Z DEBUG solana_program_runtime::stable_log] Program log: Instruction: InitializeAccount
[2022-02-12T07:55:37.845208000Z DEBUG solana_program_runtime::stable_log] Program 11111111111111111111111111111111 invoke [1]
[2022-02-12T07:55:37.845261000Z DEBUG solana_program_runtime::stable_log] Program 11111111111111111111111111111111 success
[2022-02-12T07:55:37.845393000Z DEBUG solana_bpf_loader_program] Program TokenkegQfeZyiNwAJbNbGKPFXCWuBvf9Ss623VQ5DA consumed 3411 of 200000 compute units
[2022-02-12T07:55:37.845460000Z DEBUG solana_program_runtime::stable_log] Program TokenkegQfeZyiNwAJbNbGKPFXCWuBvf9Ss623VQ5DA success
[2022-02-12T07:55:37.845801000Z DEBUG solana_bpf_loader_program] Program TokenkegQfeZyiNwAJbNbGKPFXCWuBvf9Ss623VQ5DA consumed 3411 of 200000 compute units
[2022-02-12T07:55:37.845869000Z DEBUG solana_program_runtime::stable_log] Program TokenkegQfeZyiNwAJbNbGKPFXCWuBvf9Ss623VQ5DA success
[2022-02-12T07:55:37.847949000Z DEBUG solana_program_runtime::stable_log] Program 8opHzTAnfzRpPEx21XtnrVTX28YQuCpAjcn1PczScKh invoke [1]
[2022-02-12T07:55:37.848299000Z DEBUG solana_program_runtime::stable_log] Program log: Mango: AddOracle
[2022-02-12T07:55:37.848390000Z DEBUG solana_program_runtime::stable_log] Program log: OracleType: got unknown or stub
[2022-02-12T07:55:37.848744000Z DEBUG solana_bpf_loader_program] Program 8opHzTAnfzRpPEx21XtnrVTX28YQuCpAjcn1PczScKh consumed 1865 of 198135 compute units
[2022-02-12T07:55:37.848805000Z DEBUG solana_program_runtime::stable_log] Program 8opHzTAnfzRpPEx21XtnrVTX28YQuCpAjcn1PczScKh success
[2022-02-12T07:55:37.849220000Z DEBUG solana_program_runtime::stable_log] Program GcdayuLaLyrdmUu324nahyv33G5poQdLUEZ1nEytDeP invoke [1]
[2022-02-12T07:55:37.849568000Z DEBUG solana_program_runtime::stable_log] Program log: Mango: AddOracle
[2022-02-12T07:55:37.849660000Z DEBUG solana_program_runtime::stable_log] Program log: OracleType: got unknown or stub
[2022-02-12T07:55:37.850018000Z DEBUG solana_bpf_loader_program] Program GcdayuLaLyrdmUu324nahyv33G5poQdLUEZ1nEytDeP consumed 1865 of 200000 compute units
[2022-02-12T07:55:37.850079000Z DEBUG solana_program_runtime::stable_log] Program GcdayuLaLyrdmUu324nahyv33G5poQdLUEZ1nEytDeP success
[2022-02-12T07:55:37.853350000Z DEBUG solana_program_runtime::stable_log] Program TokenkegQfeZyiNwAJbNbGKPFXCWuBvf9Ss623VQ5DA invoke [1]
[2022-02-12T07:55:37.853855000Z DEBUG solana_program_runtime::stable_log] Program log: Instruction: InitializeAccount
[2022-02-12T07:55:37.854956000Z DEBUG solana_bpf_loader_program] Program TokenkegQfeZyiNwAJbNbGKPFXCWuBvf9Ss623VQ5DA consumed 3411 of 200000 compute units
[2022-02-12T07:55:37.855036000Z DEBUG solana_program_runtime::stable_log] Program 11111111111111111111111111111111 invoke [1]
[2022-02-12T07:55:37.855034000Z DEBUG solana_program_runtime::stable_log] Program TokenkegQfeZyiNwAJbNbGKPFXCWuBvf9Ss623VQ5DA success
[2022-02-12T07:55:37.855090000Z DEBUG solana_program_runtime::stable_log] Program 11111111111111111111111111111111 success
[2022-02-12T07:55:37.855147000Z DEBUG solana_program_runtime::stable_log] Program 11111111111111111111111111111111 invoke [1]
[2022-02-12T07:55:37.855194000Z DEBUG solana_program_runtime::stable_log] Program 11111111111111111111111111111111 success
[2022-02-12T07:55:37.855248000Z DEBUG solana_program_runtime::stable_log] Program 11111111111111111111111111111111 invoke [1]
[2022-02-12T07:55:37.855325000Z DEBUG solana_program_runtime::stable_log] Program 11111111111111111111111111111111 success
[2022-02-12T07:55:37.855491000Z DEBUG solana_program_runtime::stable_log] Program 11111111111111111111111111111111 invoke [1]
[2022-02-12T07:55:37.855559000Z DEBUG solana_program_runtime::stable_log] Program 11111111111111111111111111111111 invoke [1]
[2022-02-12T07:55:37.855567000Z DEBUG solana_program_runtime::stable_log] Program 11111111111111111111111111111111 success
[2022-02-12T07:55:37.855619000Z DEBUG solana_program_runtime::stable_log] Program 11111111111111111111111111111111 success
[2022-02-12T07:55:37.855642000Z DEBUG solana_program_runtime::stable_log] Program 11111111111111111111111111111111 invoke [1]
[2022-02-12T07:55:37.855688000Z DEBUG solana_program_runtime::stable_log] Program 11111111111111111111111111111111 invoke [1]
[2022-02-12T07:55:37.855692000Z DEBUG solana_program_runtime::stable_log] Program 11111111111111111111111111111111 success
[2022-02-12T07:55:37.855745000Z DEBUG solana_program_runtime::stable_log] Program 11111111111111111111111111111111 success
[2022-02-12T07:55:37.855769000Z DEBUG solana_program_runtime::stable_log] Program 11111111111111111111111111111111 invoke [1]
[2022-02-12T07:55:37.855850000Z DEBUG solana_program_runtime::stable_log] Program 11111111111111111111111111111111 success
[2022-02-12T07:55:37.856084000Z DEBUG solana_program_runtime::stable_log] Program 11111111111111111111111111111111 invoke [1]
[2022-02-12T07:55:37.856144000Z DEBUG solana_program_runtime::stable_log] Program 11111111111111111111111111111111 success
[2022-02-12T07:55:37.856207000Z DEBUG solana_program_runtime::stable_log] Program 11111111111111111111111111111111 invoke [1]
[2022-02-12T07:55:37.856253000Z DEBUG solana_program_runtime::stable_log] Program 11111111111111111111111111111111 success
[2022-02-12T07:55:37.856757000Z DEBUG solana_program_runtime::stable_log] Program 8opHzTAnfzRpPEx21XtnrVTX28YQuCpAjcn1PczScKh invoke [1]
[2022-02-12T07:55:37.857113000Z DEBUG solana_program_runtime::stable_log] Program log: Mango: AddOracle
[2022-02-12T07:55:37.857207000Z DEBUG solana_program_runtime::stable_log] Program log: OracleType: got unknown or stub
[2022-02-12T07:55:37.857561000Z DEBUG solana_bpf_loader_program] Program 8opHzTAnfzRpPEx21XtnrVTX28YQuCpAjcn1PczScKh consumed 1865 of 196270 compute units
[2022-02-12T07:55:37.857622000Z DEBUG solana_program_runtime::stable_log] Program 8opHzTAnfzRpPEx21XtnrVTX28YQuCpAjcn1PczScKh success
[2022-02-12T07:55:37.857950000Z DEBUG solana_program_runtime::stable_log] Program GcdayuLaLyrdmUu324nahyv33G5poQdLUEZ1nEytDeP invoke [1]
[2022-02-12T07:55:37.858294000Z DEBUG solana_program_runtime::stable_log] Program log: Mango: AddOracle
[2022-02-12T07:55:37.858385000Z DEBUG solana_program_runtime::stable_log] Program log: OracleType: got unknown or stub
[2022-02-12T07:55:37.858735000Z DEBUG solana_bpf_loader_program] Program GcdayuLaLyrdmUu324nahyv33G5poQdLUEZ1nEytDeP consumed 1865 of 198135 compute units
[2022-02-12T07:55:37.858794000Z DEBUG solana_program_runtime::stable_log] Program GcdayuLaLyrdmUu324nahyv33G5poQdLUEZ1nEytDeP success
[2022-02-12T07:55:37.864293000Z DEBUG solana_program_runtime::stable_log] Program 11111111111111111111111111111111 invoke [1]
[2022-02-12T07:55:37.864349000Z DEBUG solana_program_runtime::stable_log] Program 11111111111111111111111111111111 success
[2022-02-12T07:55:37.864404000Z DEBUG solana_program_runtime::stable_log] Program 11111111111111111111111111111111 invoke [1]
[2022-02-12T07:55:37.864448000Z DEBUG solana_program_runtime::stable_log] Program 11111111111111111111111111111111 success
[2022-02-12T07:55:37.864500000Z DEBUG solana_program_runtime::stable_log] Program 11111111111111111111111111111111 invoke [1]
[2022-02-12T07:55:37.864580000Z DEBUG solana_program_runtime::stable_log] Program 11111111111111111111111111111111 success
[2022-02-12T07:55:37.864813000Z DEBUG solana_program_runtime::stable_log] Program 11111111111111111111111111111111 invoke [1]
[2022-02-12T07:55:37.864867000Z DEBUG solana_program_runtime::stable_log] Program 11111111111111111111111111111111 success
[2022-02-12T07:55:37.864930000Z DEBUG solana_program_runtime::stable_log] Program 11111111111111111111111111111111 invoke [1]
[2022-02-12T07:55:37.864978000Z DEBUG solana_program_runtime::stable_log] Program 11111111111111111111111111111111 success
[2022-02-12T07:55:37.865521000Z DEBUG solana_program_runtime::stable_log] Program 8opHzTAnfzRpPEx21XtnrVTX28YQuCpAjcn1PczScKh invoke [1]
[2022-02-12T07:55:37.865861000Z DEBUG solana_program_runtime::stable_log] Program log: Mango: AddOracle
[2022-02-12T07:55:37.865952000Z DEBUG solana_program_runtime::stable_log] Program log: OracleType: got unknown or stub
[2022-02-12T07:55:37.866304000Z DEBUG solana_bpf_loader_program] Program 8opHzTAnfzRpPEx21XtnrVTX28YQuCpAjcn1PczScKh consumed 1865 of 194405 compute units
[2022-02-12T07:55:37.866362000Z DEBUG solana_program_runtime::stable_log] Program 8opHzTAnfzRpPEx21XtnrVTX28YQuCpAjcn1PczScKh success
[2022-02-12T07:55:37.866690000Z DEBUG solana_program_runtime::stable_log] Program GcdayuLaLyrdmUu324nahyv33G5poQdLUEZ1nEytDeP invoke [1]
[2022-02-12T07:55:37.867025000Z DEBUG solana_program_runtime::stable_log] Program log: Mango: AddOracle
[2022-02-12T07:55:37.867120000Z DEBUG solana_program_runtime::stable_log] Program log: OracleType: got unknown or stub
[2022-02-12T07:55:37.867470000Z DEBUG solana_bpf_loader_program] Program GcdayuLaLyrdmUu324nahyv33G5poQdLUEZ1nEytDeP consumed 1865 of 196270 compute units
[2022-02-12T07:55:37.867530000Z DEBUG solana_program_runtime::stable_log] Program GcdayuLaLyrdmUu324nahyv33G5poQdLUEZ1nEytDeP success
[2022-02-12T07:55:37.874204000Z DEBUG solana_program_runtime::stable_log] Program 8opHzTAnfzRpPEx21XtnrVTX28YQuCpAjcn1PczScKh invoke [1]
[2022-02-12T07:55:37.874543000Z DEBUG solana_program_runtime::stable_log] Program log: Mango: AddOracle
[2022-02-12T07:55:37.874633000Z DEBUG solana_program_runtime::stable_log] Program log: OracleType: got unknown or stub
[2022-02-12T07:55:37.874978000Z DEBUG solana_bpf_loader_program] Program 8opHzTAnfzRpPEx21XtnrVTX28YQuCpAjcn1PczScKh consumed 1865 of 192540 compute units
[2022-02-12T07:55:37.875032000Z DEBUG solana_program_runtime::stable_log] Program 8opHzTAnfzRpPEx21XtnrVTX28YQuCpAjcn1PczScKh success
[2022-02-12T07:55:37.875452000Z DEBUG solana_program_runtime::stable_log] Program GcdayuLaLyrdmUu324nahyv33G5poQdLUEZ1nEytDeP invoke [1]
[2022-02-12T07:55:37.875805000Z DEBUG solana_program_runtime::stable_log] Program log: Mango: AddOracle
[2022-02-12T07:55:37.875899000Z DEBUG solana_program_runtime::stable_log] Program log: OracleType: got unknown or stub
[2022-02-12T07:55:37.876252000Z DEBUG solana_bpf_loader_program] Program GcdayuLaLyrdmUu324nahyv33G5poQdLUEZ1nEytDeP consumed 1865 of 194405 compute units
[2022-02-12T07:55:37.876313000Z DEBUG solana_program_runtime::stable_log] Program GcdayuLaLyrdmUu324nahyv33G5poQdLUEZ1nEytDeP success
[2022-02-12T07:55:37.882914000Z DEBUG solana_program_runtime::stable_log] Program 8opHzTAnfzRpPEx21XtnrVTX28YQuCpAjcn1PczScKh invoke [1]
[2022-02-12T07:55:37.883255000Z DEBUG solana_program_runtime::stable_log] Program log: Mango: AddOracle
[2022-02-12T07:55:37.883344000Z DEBUG solana_program_runtime::stable_log] Program log: OracleType: got unknown or stub
[2022-02-12T07:55:37.883695000Z DEBUG solana_bpf_loader_program] Program 8opHzTAnfzRpPEx21XtnrVTX28YQuCpAjcn1PczScKh consumed 1865 of 190675 compute units
[2022-02-12T07:55:37.883753000Z DEBUG solana_program_runtime::stable_log] Program 8opHzTAnfzRpPEx21XtnrVTX28YQuCpAjcn1PczScKh success
[2022-02-12T07:55:37.884046000Z DEBUG solana_program_runtime::stable_log] Program GcdayuLaLyrdmUu324nahyv33G5poQdLUEZ1nEytDeP invoke [1]
[2022-02-12T07:55:37.884375000Z DEBUG solana_program_runtime::stable_log] Program log: Mango: AddOracle
[2022-02-12T07:55:37.884462000Z DEBUG solana_program_runtime::stable_log] Program log: OracleType: got unknown or stub
[2022-02-12T07:55:37.884799000Z DEBUG solana_bpf_loader_program] Program GcdayuLaLyrdmUu324nahyv33G5poQdLUEZ1nEytDeP consumed 1865 of 192540 compute units
[2022-02-12T07:55:37.884854000Z DEBUG solana_program_runtime::stable_log] Program GcdayuLaLyrdmUu324nahyv33G5poQdLUEZ1nEytDeP success
[2022-02-12T07:55:37.891638000Z DEBUG solana_program_runtime::stable_log] Program 8opHzTAnfzRpPEx21XtnrVTX28YQuCpAjcn1PczScKh invoke [1]
[2022-02-12T07:55:37.891978000Z DEBUG solana_program_runtime::stable_log] Program log: Mango: AddOracle
[2022-02-12T07:55:37.892067000Z DEBUG solana_program_runtime::stable_log] Program log: OracleType: got unknown or stub
[2022-02-12T07:55:37.892414000Z DEBUG solana_bpf_loader_program] Program 8opHzTAnfzRpPEx21XtnrVTX28YQuCpAjcn1PczScKh consumed 1865 of 188810 compute units
[2022-02-12T07:55:37.892472000Z DEBUG solana_program_runtime::stable_log] Program 8opHzTAnfzRpPEx21XtnrVTX28YQuCpAjcn1PczScKh success
[2022-02-12T07:55:37.892495000Z DEBUG solana_program_runtime::stable_log] Program GcdayuLaLyrdmUu324nahyv33G5poQdLUEZ1nEytDeP invoke [1]
[2022-02-12T07:55:37.892824000Z DEBUG solana_program_runtime::stable_log] Program log: Mango: AddOracle
[2022-02-12T07:55:37.892910000Z DEBUG solana_program_runtime::stable_log] Program log: OracleType: got unknown or stub
[2022-02-12T07:55:37.893247000Z DEBUG solana_bpf_loader_program] Program GcdayuLaLyrdmUu324nahyv33G5poQdLUEZ1nEytDeP consumed 1865 of 190675 compute units
[2022-02-12T07:55:37.893301000Z DEBUG solana_program_runtime::stable_log] Program GcdayuLaLyrdmUu324nahyv33G5poQdLUEZ1nEytDeP success
[2022-02-12T07:55:37.893928000Z DEBUG solana_program_runtime::stable_log] Program LX3EUdRUBUa3TbsYXLEUdj9J3prXkWXvLYSWyYyc2Jj invoke [1]
[2022-02-12T07:55:37.894811000Z DEBUG solana_program_runtime::stable_log] Program oqtkwi1j2wZuJSh74CMk7wk77nFUQDt1Qhf3Liweew9 invoke [1]
[2022-02-12T07:55:37.898996000Z DEBUG solana_bpf_loader_program] Program LX3EUdRUBUa3TbsYXLEUdj9J3prXkWXvLYSWyYyc2Jj consumed 13647 of 200000 compute units
[2022-02-12T07:55:37.899341000Z DEBUG solana_program_runtime::stable_log] Program LX3EUdRUBUa3TbsYXLEUdj9J3prXkWXvLYSWyYyc2Jj success
[2022-02-12T07:55:37.900034000Z DEBUG solana_bpf_loader_program] Program oqtkwi1j2wZuJSh74CMk7wk77nFUQDt1Qhf3Liweew9 consumed 13647 of 200000 compute units
[2022-02-12T07:55:37.900354000Z DEBUG solana_program_runtime::stable_log] Program 8opHzTAnfzRpPEx21XtnrVTX28YQuCpAjcn1PczScKh invoke [1]
[2022-02-12T07:55:37.900371000Z DEBUG solana_program_runtime::stable_log] Program oqtkwi1j2wZuJSh74CMk7wk77nFUQDt1Qhf3Liweew9 success
[2022-02-12T07:55:37.900689000Z DEBUG solana_program_runtime::stable_log] Program log: Mango: AddOracle
[2022-02-12T07:55:37.900779000Z DEBUG solana_program_runtime::stable_log] Program log: OracleType: got unknown or stub
[2022-02-12T07:55:37.900959000Z DEBUG solana_program_runtime::stable_log] Program GcdayuLaLyrdmUu324nahyv33G5poQdLUEZ1nEytDeP invoke [1]
[2022-02-12T07:55:37.901151000Z DEBUG solana_bpf_loader_program] Program 8opHzTAnfzRpPEx21XtnrVTX28YQuCpAjcn1PczScKh consumed 1865 of 186945 compute units
[2022-02-12T07:55:37.901211000Z DEBUG solana_program_runtime::stable_log] Program 8opHzTAnfzRpPEx21XtnrVTX28YQuCpAjcn1PczScKh success
[2022-02-12T07:55:37.901290000Z DEBUG solana_program_runtime::stable_log] Program log: Mango: AddOracle
[2022-02-12T07:55:37.901385000Z DEBUG solana_program_runtime::stable_log] Program log: OracleType: got unknown or stub
[2022-02-12T07:55:37.901729000Z DEBUG solana_bpf_loader_program] Program GcdayuLaLyrdmUu324nahyv33G5poQdLUEZ1nEytDeP consumed 1865 of 188810 compute units
[2022-02-12T07:55:37.901788000Z DEBUG solana_program_runtime::stable_log] Program GcdayuLaLyrdmUu324nahyv33G5poQdLUEZ1nEytDeP success
[2022-02-12T07:55:37.903543000Z DEBUG solana_program_runtime::stable_log] Program g35TxFqwMx95vCk63fTxGTHb6ei4W24qg5t2x6xD3cT invoke [1]
[2022-02-12T07:55:37.907210000Z DEBUG solana_program_runtime::stable_log] Program 11111111111111111111111111111111 invoke [1]
[2022-02-12T07:55:37.907289000Z DEBUG solana_program_runtime::stable_log] Program 11111111111111111111111111111111 success
[2022-02-12T07:55:37.907292000Z DEBUG solana_program_runtime::stable_log] Program 11111111111111111111111111111111 invoke [1]
[2022-02-12T07:55:37.907343000Z DEBUG solana_program_runtime::stable_log] Program 11111111111111111111111111111111 success
[2022-02-12T07:55:37.908723000Z DEBUG solana_bpf_loader_program] Program g35TxFqwMx95vCk63fTxGTHb6ei4W24qg5t2x6xD3cT consumed 13647 of 200000 compute units
[2022-02-12T07:55:37.908844000Z DEBUG solana_program_runtime::stable_log] Program g35TxFqwMx95vCk63fTxGTHb6ei4W24qg5t2x6xD3cT success
[2022-02-12T07:55:37.909302000Z DEBUG solana_program_runtime::stable_log] Program 8opHzTAnfzRpPEx21XtnrVTX28YQuCpAjcn1PczScKh invoke [1]
[2022-02-12T07:55:37.909658000Z DEBUG solana_program_runtime::stable_log] Program log: Mango: AddOracle
[2022-02-12T07:55:37.909706000Z DEBUG solana_program_runtime::stable_log] Program GcdayuLaLyrdmUu324nahyv33G5poQdLUEZ1nEytDeP invoke [1]
[2022-02-12T07:55:37.909750000Z DEBUG solana_program_runtime::stable_log] Program log: OracleType: got unknown or stub
[2022-02-12T07:55:37.910045000Z DEBUG solana_program_runtime::stable_log] Program log: Mango: AddOracle
[2022-02-12T07:55:37.910142000Z DEBUG solana_program_runtime::stable_log] Program log: OracleType: got unknown or stub
[2022-02-12T07:55:37.910114000Z DEBUG solana_bpf_loader_program] Program 8opHzTAnfzRpPEx21XtnrVTX28YQuCpAjcn1PczScKh consumed 1865 of 185080 compute units
[2022-02-12T07:55:37.910197000Z DEBUG solana_program_runtime::stable_log] Program 8opHzTAnfzRpPEx21XtnrVTX28YQuCpAjcn1PczScKh success
[2022-02-12T07:55:37.910497000Z DEBUG solana_bpf_loader_program] Program GcdayuLaLyrdmUu324nahyv33G5poQdLUEZ1nEytDeP consumed 1865 of 186945 compute units
[2022-02-12T07:55:37.910557000Z DEBUG solana_program_runtime::stable_log] Program GcdayuLaLyrdmUu324nahyv33G5poQdLUEZ1nEytDeP success
[2022-02-12T07:55:37.915433000Z DEBUG solana_program_runtime::stable_log] Program 11111111111111111111111111111111 invoke [1]
[2022-02-12T07:55:37.915435000Z DEBUG solana_program_runtime::stable_log] Program TokenkegQfeZyiNwAJbNbGKPFXCWuBvf9Ss623VQ5DA invoke [1]
[2022-02-12T07:55:37.915507000Z DEBUG solana_program_runtime::stable_log] Program 11111111111111111111111111111111 success
[2022-02-12T07:55:37.915500000Z DEBUG solana_program_runtime::stable_log] Program TokenkegQfeZyiNwAJbNbGKPFXCWuBvf9Ss623VQ5DA invoke [1]
[2022-02-12T07:55:37.915963000Z DEBUG solana_program_runtime::stable_log] Program log: Instruction: InitializeAccount
[2022-02-12T07:55:37.916021000Z DEBUG solana_program_runtime::stable_log] Program log: Instruction: InitializeAccount
[2022-02-12T07:55:37.917037000Z DEBUG solana_bpf_loader_program] Program TokenkegQfeZyiNwAJbNbGKPFXCWuBvf9Ss623VQ5DA consumed 3411 of 200000 compute units
[2022-02-12T07:55:37.917094000Z DEBUG solana_bpf_loader_program] Program TokenkegQfeZyiNwAJbNbGKPFXCWuBvf9Ss623VQ5DA consumed 3411 of 200000 compute units
[2022-02-12T07:55:37.917097000Z DEBUG solana_program_runtime::stable_log] Program TokenkegQfeZyiNwAJbNbGKPFXCWuBvf9Ss623VQ5DA success
[2022-02-12T07:55:37.917154000Z DEBUG solana_program_runtime::stable_log] Program TokenkegQfeZyiNwAJbNbGKPFXCWuBvf9Ss623VQ5DA success
[2022-02-12T07:55:37.918059000Z DEBUG solana_program_runtime::stable_log] Program 8opHzTAnfzRpPEx21XtnrVTX28YQuCpAjcn1PczScKh invoke [1]
[2022-02-12T07:55:37.918415000Z DEBUG solana_program_runtime::stable_log] Program log: Mango: AddOracle
[2022-02-12T07:55:37.918462000Z DEBUG solana_program_runtime::stable_log] Program GcdayuLaLyrdmUu324nahyv33G5poQdLUEZ1nEytDeP invoke [1]
[2022-02-12T07:55:37.918509000Z DEBUG solana_program_runtime::stable_log] Program log: OracleType: got unknown or stub
[2022-02-12T07:55:37.918809000Z DEBUG solana_program_runtime::stable_log] Program log: Mango: AddOracle
[2022-02-12T07:55:37.918866000Z DEBUG solana_bpf_loader_program] Program 8opHzTAnfzRpPEx21XtnrVTX28YQuCpAjcn1PczScKh consumed 1865 of 183215 compute units
[2022-02-12T07:55:37.918909000Z DEBUG solana_program_runtime::stable_log] Program log: OracleType: got unknown or stub
[2022-02-12T07:55:37.918934000Z DEBUG solana_program_runtime::stable_log] Program 8opHzTAnfzRpPEx21XtnrVTX28YQuCpAjcn1PczScKh success
[2022-02-12T07:55:37.919268000Z DEBUG solana_bpf_loader_program] Program GcdayuLaLyrdmUu324nahyv33G5poQdLUEZ1nEytDeP consumed 1865 of 185080 compute units
[2022-02-12T07:55:37.919331000Z DEBUG solana_program_runtime::stable_log] Program GcdayuLaLyrdmUu324nahyv33G5poQdLUEZ1nEytDeP success
[2022-02-12T07:55:37.921069000Z DEBUG solana_program_runtime::stable_log] Program 11111111111111111111111111111111 invoke [1]
[2022-02-12T07:55:37.921085000Z DEBUG solana_program_runtime::stable_log] Program 11111111111111111111111111111111 invoke [1]
[2022-02-12T07:55:37.921119000Z DEBUG solana_program_runtime::stable_log] Program 11111111111111111111111111111111 success
[2022-02-12T07:55:37.921139000Z DEBUG solana_program_runtime::stable_log] Program 11111111111111111111111111111111 success
[2022-02-12T07:55:37.923550000Z DEBUG solana_program_runtime::stable_log] Program TokenkegQfeZyiNwAJbNbGKPFXCWuBvf9Ss623VQ5DA invoke [1]
[2022-02-12T07:55:37.924054000Z DEBUG solana_program_runtime::stable_log] Program log: Instruction: InitializeAccount
[2022-02-12T07:55:37.924479000Z DEBUG solana_program_runtime::stable_log] Program 11111111111111111111111111111111 invoke [1]
[2022-02-12T07:55:37.924511000Z DEBUG solana_program_runtime::stable_log] Program 11111111111111111111111111111111 invoke [1]
[2022-02-12T07:55:37.924539000Z DEBUG solana_program_runtime::stable_log] Program 11111111111111111111111111111111 success
[2022-02-12T07:55:37.924565000Z DEBUG solana_program_runtime::stable_log] Program 11111111111111111111111111111111 success
[2022-02-12T07:55:37.925131000Z DEBUG solana_bpf_loader_program] Program TokenkegQfeZyiNwAJbNbGKPFXCWuBvf9Ss623VQ5DA consumed 3411 of 200000 compute units
[2022-02-12T07:55:37.925201000Z DEBUG solana_program_runtime::stable_log] Program TokenkegQfeZyiNwAJbNbGKPFXCWuBvf9Ss623VQ5DA success
[2022-02-12T07:55:37.926875000Z DEBUG solana_program_runtime::stable_log] Program 8opHzTAnfzRpPEx21XtnrVTX28YQuCpAjcn1PczScKh invoke [1]
[2022-02-12T07:55:37.927212000Z DEBUG solana_program_runtime::stable_log] Program log: Mango: AddOracle
[2022-02-12T07:55:37.927240000Z DEBUG solana_program_runtime::stable_log] Program GcdayuLaLyrdmUu324nahyv33G5poQdLUEZ1nEytDeP invoke [1]
[2022-02-12T07:55:37.927301000Z DEBUG solana_program_runtime::stable_log] Program log: OracleType: got unknown or stub
[2022-02-12T07:55:37.927571000Z DEBUG solana_program_runtime::stable_log] Program log: Mango: AddOracle
[2022-02-12T07:55:37.927658000Z DEBUG solana_program_runtime::stable_log] Program log: OracleType: got unknown or stub
[2022-02-12T07:55:37.927641000Z DEBUG solana_bpf_loader_program] Program 8opHzTAnfzRpPEx21XtnrVTX28YQuCpAjcn1PczScKh consumed 1865 of 181350 compute units
[2022-02-12T07:55:37.927698000Z DEBUG solana_program_runtime::stable_log] Program 8opHzTAnfzRpPEx21XtnrVTX28YQuCpAjcn1PczScKh success
[2022-02-12T07:55:37.927998000Z DEBUG solana_bpf_loader_program] Program GcdayuLaLyrdmUu324nahyv33G5poQdLUEZ1nEytDeP consumed 1865 of 183215 compute units
[2022-02-12T07:55:37.928059000Z DEBUG solana_program_runtime::stable_log] Program GcdayuLaLyrdmUu324nahyv33G5poQdLUEZ1nEytDeP success
[2022-02-12T07:55:37.928179000Z DEBUG solana_program_runtime::stable_log] Program 11111111111111111111111111111111 invoke [1]
[2022-02-12T07:55:37.928230000Z DEBUG solana_program_runtime::stable_log] Program 11111111111111111111111111111111 success
[2022-02-12T07:55:37.931667000Z DEBUG solana_program_runtime::stable_log] Program 11111111111111111111111111111111 invoke [1]
[2022-02-12T07:55:37.931717000Z DEBUG solana_program_runtime::stable_log] Program 11111111111111111111111111111111 success
[2022-02-12T07:55:37.935590000Z DEBUG solana_program_runtime::stable_log] Program 8opHzTAnfzRpPEx21XtnrVTX28YQuCpAjcn1PczScKh invoke [1]
[2022-02-12T07:55:37.935943000Z DEBUG solana_program_runtime::stable_log] Program log: Mango: AddOracle
[2022-02-12T07:55:37.935920000Z DEBUG solana_program_runtime::stable_log] Program GcdayuLaLyrdmUu324nahyv33G5poQdLUEZ1nEytDeP invoke [1]
[2022-02-12T07:55:37.936032000Z DEBUG solana_program_runtime::stable_log] Program log: OracleType: got unknown or stub
[2022-02-12T07:55:37.936256000Z DEBUG solana_program_runtime::stable_log] Program log: Mango: AddOracle
[2022-02-12T07:55:37.936346000Z DEBUG solana_program_runtime::stable_log] Program log: OracleType: got unknown or stub
[2022-02-12T07:55:37.936382000Z DEBUG solana_bpf_loader_program] Program 8opHzTAnfzRpPEx21XtnrVTX28YQuCpAjcn1PczScKh consumed 1865 of 179485 compute units
[2022-02-12T07:55:37.936443000Z DEBUG solana_program_runtime::stable_log] Program 8opHzTAnfzRpPEx21XtnrVTX28YQuCpAjcn1PczScKh success
[2022-02-12T07:55:37.936622000Z DEBUG solana_program_runtime::stable_log] Program CiDwVBFgWV9E5MvXWoLgnEgn2hK7rJikbvfWavzAQz3 invoke [1]
[2022-02-12T07:55:37.936697000Z DEBUG solana_bpf_loader_program] Program GcdayuLaLyrdmUu324nahyv33G5poQdLUEZ1nEytDeP consumed 1865 of 181350 compute units
[2022-02-12T07:55:37.936653000Z DEBUG solana_program_runtime::stable_log] Program jwV7SyvqCSrVcKibYvurCCWr7DUmT7yRYPmY9QwvrGo invoke [1]
[2022-02-12T07:55:37.936760000Z DEBUG solana_program_runtime::stable_log] Program GcdayuLaLyrdmUu324nahyv33G5poQdLUEZ1nEytDeP success
[2022-02-12T07:55:37.937369000Z DEBUG solana_program_runtime::stable_log] Program log: Mango: AddSpotMarket
[2022-02-12T07:55:37.937420000Z DEBUG solana_program_runtime::stable_log] Program log: Mango: AddSpotMarket
[2022-02-12T07:55:37.943623000Z DEBUG solana_bpf_loader_program] Program CiDwVBFgWV9E5MvXWoLgnEgn2hK7rJikbvfWavzAQz3 consumed 20512 of 200000 compute units
[2022-02-12T07:55:37.943665000Z DEBUG solana_bpf_loader_program] Program jwV7SyvqCSrVcKibYvurCCWr7DUmT7yRYPmY9QwvrGo consumed 20512 of 200000 compute units
[2022-02-12T07:55:37.943717000Z DEBUG solana_program_runtime::stable_log] Program CiDwVBFgWV9E5MvXWoLgnEgn2hK7rJikbvfWavzAQz3 success
[2022-02-12T07:55:37.943758000Z DEBUG solana_program_runtime::stable_log] Program jwV7SyvqCSrVcKibYvurCCWr7DUmT7yRYPmY9QwvrGo success
[2022-02-12T07:55:37.944172000Z DEBUG solana_program_runtime::stable_log] Program c8fpTXm3XTRgE5maYQ24Li4L65wMYvAFomzXknxVEx7 invoke [1]
[2022-02-12T07:55:37.944331000Z DEBUG solana_program_runtime::stable_log] Program 8opHzTAnfzRpPEx21XtnrVTX28YQuCpAjcn1PczScKh invoke [1]
[2022-02-12T07:55:37.944668000Z DEBUG solana_program_runtime::stable_log] Program log: Mango: AddOracle
[2022-02-12T07:55:37.944655000Z DEBUG solana_program_runtime::stable_log] Program GcdayuLaLyrdmUu324nahyv33G5poQdLUEZ1nEytDeP invoke [1]
[2022-02-12T07:55:37.944761000Z DEBUG solana_program_runtime::stable_log] Program log: OracleType: got unknown or stub
[2022-02-12T07:55:37.944880000Z DEBUG solana_program_runtime::stable_log] Program log: Mango: AddSpotMarket
[2022-02-12T07:55:37.944986000Z DEBUG solana_program_runtime::stable_log] Program log: Mango: AddOracle
[2022-02-12T07:55:37.945073000Z DEBUG solana_program_runtime::stable_log] Program log: OracleType: got unknown or stub
[2022-02-12T07:55:37.945136000Z DEBUG solana_bpf_loader_program] Program 8opHzTAnfzRpPEx21XtnrVTX28YQuCpAjcn1PczScKh consumed 1865 of 177620 compute units
[2022-02-12T07:55:37.945205000Z DEBUG solana_program_runtime::stable_log] Program 8opHzTAnfzRpPEx21XtnrVTX28YQuCpAjcn1PczScKh success
[2022-02-12T07:55:37.945413000Z DEBUG solana_bpf_loader_program] Program GcdayuLaLyrdmUu324nahyv33G5poQdLUEZ1nEytDeP consumed 1865 of 179485 compute units
[2022-02-12T07:55:37.945473000Z DEBUG solana_program_runtime::stable_log] Program GcdayuLaLyrdmUu324nahyv33G5poQdLUEZ1nEytDeP success
[2022-02-12T07:55:37.947148000Z DEBUG solana_program_runtime::stable_log] Program 11111111111111111111111111111111 invoke [1]
[2022-02-12T07:55:37.947149000Z DEBUG solana_program_runtime::stable_log] Program 11111111111111111111111111111111 invoke [1]
[2022-02-12T07:55:37.947220000Z DEBUG solana_program_runtime::stable_log] Program 11111111111111111111111111111111 success
[2022-02-12T07:55:37.947261000Z DEBUG solana_program_runtime::stable_log] Program 11111111111111111111111111111111 success
[2022-02-12T07:55:37.950683000Z DEBUG solana_program_runtime::stable_log] Program 11111111111111111111111111111111 invoke [1]
[2022-02-12T07:55:37.950738000Z DEBUG solana_program_runtime::stable_log] Program 11111111111111111111111111111111 success
[2022-02-12T07:55:37.950851000Z DEBUG solana_program_runtime::stable_log] Program 11111111111111111111111111111111 invoke [1]
[2022-02-12T07:55:37.950901000Z DEBUG solana_program_runtime::stable_log] Program 11111111111111111111111111111111 success
[2022-02-12T07:55:37.951171000Z DEBUG solana_bpf_loader_program] Program c8fpTXm3XTRgE5maYQ24Li4L65wMYvAFomzXknxVEx7 consumed 20512 of 200000 compute units
[2022-02-12T07:55:37.951265000Z DEBUG solana_program_runtime::stable_log] Program c8fpTXm3XTRgE5maYQ24Li4L65wMYvAFomzXknxVEx7 success
[2022-02-12T07:55:37.953068000Z DEBUG solana_program_runtime::stable_log] Program 8opHzTAnfzRpPEx21XtnrVTX28YQuCpAjcn1PczScKh invoke [1]
[2022-02-12T07:55:37.953296000Z DEBUG solana_program_runtime::stable_log] Program GcdayuLaLyrdmUu324nahyv33G5poQdLUEZ1nEytDeP invoke [1]
[2022-02-12T07:55:37.953409000Z DEBUG solana_program_runtime::stable_log] Program log: Mango: AddOracle
[2022-02-12T07:55:37.953502000Z DEBUG solana_program_runtime::stable_log] Program log: OracleType: got unknown or stub
[2022-02-12T07:55:37.953639000Z DEBUG solana_program_runtime::stable_log] Program log: Mango: AddOracle
[2022-02-12T07:55:37.953735000Z DEBUG solana_program_runtime::stable_log] Program log: OracleType: got unknown or stub
[2022-02-12T07:55:37.953844000Z DEBUG solana_bpf_loader_program] Program 8opHzTAnfzRpPEx21XtnrVTX28YQuCpAjcn1PczScKh consumed 1865 of 175755 compute units
[2022-02-12T07:55:37.953906000Z DEBUG solana_program_runtime::stable_log] Program 8opHzTAnfzRpPEx21XtnrVTX28YQuCpAjcn1PczScKh success
[2022-02-12T07:55:37.954086000Z DEBUG solana_bpf_loader_program] Program GcdayuLaLyrdmUu324nahyv33G5poQdLUEZ1nEytDeP consumed 1865 of 177620 compute units
[2022-02-12T07:55:37.954153000Z DEBUG solana_program_runtime::stable_log] Program GcdayuLaLyrdmUu324nahyv33G5poQdLUEZ1nEytDeP success
[2022-02-12T07:55:37.954292000Z DEBUG solana_program_runtime::stable_log] Program 11111111111111111111111111111111 invoke [1]
[2022-02-12T07:55:37.954335000Z DEBUG solana_program_runtime::stable_log] Program 11111111111111111111111111111111 invoke [1]
[2022-02-12T07:55:37.954346000Z DEBUG solana_program_runtime::stable_log] Program 11111111111111111111111111111111 success
[2022-02-12T07:55:37.954395000Z DEBUG solana_program_runtime::stable_log] Program 11111111111111111111111111111111 success
[2022-02-12T07:55:37.954359000Z DEBUG solana_program_runtime::stable_log] Program 11111111111111111111111111111111 invoke [1]
[2022-02-12T07:55:37.954508000Z DEBUG solana_program_runtime::stable_log] Program 11111111111111111111111111111111 success
[2022-02-12T07:55:37.957748000Z DEBUG solana_program_runtime::stable_log] Program 11111111111111111111111111111111 invoke [1]
[2022-02-12T07:55:37.957804000Z DEBUG solana_program_runtime::stable_log] Program 11111111111111111111111111111111 success
[2022-02-12T07:55:37.957903000Z DEBUG solana_program_runtime::stable_log] Program 11111111111111111111111111111111 invoke [1]
[2022-02-12T07:55:37.957951000Z DEBUG solana_program_runtime::stable_log] Program 11111111111111111111111111111111 success
[2022-02-12T07:55:37.958951000Z DEBUG solana_program_runtime::stable_log] Program 11111111111111111111111111111111 invoke [1]
[2022-02-12T07:55:37.959009000Z DEBUG solana_program_runtime::stable_log] Program 11111111111111111111111111111111 success
[2022-02-12T07:55:37.961405000Z DEBUG solana_program_runtime::stable_log] Program 11111111111111111111111111111111 invoke [1]
[2022-02-12T07:55:37.961465000Z DEBUG solana_program_runtime::stable_log] Program 11111111111111111111111111111111 success
[2022-02-12T07:55:37.961477000Z DEBUG solana_program_runtime::stable_log] Program 11111111111111111111111111111111 invoke [1]
[2022-02-12T07:55:37.961532000Z DEBUG solana_program_runtime::stable_log] Program 11111111111111111111111111111111 success
[2022-02-12T07:55:37.961689000Z DEBUG solana_program_runtime::stable_log] Program 8opHzTAnfzRpPEx21XtnrVTX28YQuCpAjcn1PczScKh invoke [1]
[2022-02-12T07:55:37.962035000Z DEBUG solana_program_runtime::stable_log] Program log: Mango: AddOracle
[2022-02-12T07:55:37.962065000Z DEBUG solana_program_runtime::stable_log] Program GcdayuLaLyrdmUu324nahyv33G5poQdLUEZ1nEytDeP invoke [1]
[2022-02-12T07:55:37.962127000Z DEBUG solana_program_runtime::stable_log] Program log: OracleType: got unknown or stub
[2022-02-12T07:55:37.962406000Z DEBUG solana_program_runtime::stable_log] Program log: Mango: AddOracle
[2022-02-12T07:55:37.962499000Z DEBUG solana_program_runtime::stable_log] Program log: OracleType: got unknown or stub
[2022-02-12T07:55:37.962476000Z DEBUG solana_bpf_loader_program] Program 8opHzTAnfzRpPEx21XtnrVTX28YQuCpAjcn1PczScKh consumed 1865 of 173890 compute units
[2022-02-12T07:55:37.962536000Z DEBUG solana_program_runtime::stable_log] Program 8opHzTAnfzRpPEx21XtnrVTX28YQuCpAjcn1PczScKh success
[2022-02-12T07:55:37.962687000Z DEBUG solana_program_runtime::stable_log] Program 11111111111111111111111111111111 invoke [1]
[2022-02-12T07:55:37.962742000Z DEBUG solana_program_runtime::stable_log] Program 11111111111111111111111111111111 success
[2022-02-12T07:55:37.962850000Z DEBUG solana_bpf_loader_program] Program GcdayuLaLyrdmUu324nahyv33G5poQdLUEZ1nEytDeP consumed 1865 of 175755 compute units
[2022-02-12T07:55:37.962914000Z DEBUG solana_program_runtime::stable_log] Program GcdayuLaLyrdmUu324nahyv33G5poQdLUEZ1nEytDeP success
[2022-02-12T07:55:37.965987000Z DEBUG solana_program_runtime::stable_log] Program 11111111111111111111111111111111 invoke [1]
[2022-02-12T07:55:37.966038000Z DEBUG solana_program_runtime::stable_log] Program 11111111111111111111111111111111 success
[2022-02-12T07:55:37.967783000Z DEBUG solana_program_runtime::stable_log] Program 11111111111111111111111111111111 invoke [1]
[2022-02-12T07:55:37.967837000Z DEBUG solana_program_runtime::stable_log] Program 11111111111111111111111111111111 success
[2022-02-12T07:55:37.969662000Z DEBUG solana_program_runtime::stable_log] Program TokenkegQfeZyiNwAJbNbGKPFXCWuBvf9Ss623VQ5DA invoke [1]
[2022-02-12T07:55:37.969681000Z DEBUG solana_program_runtime::stable_log] Program 11111111111111111111111111111111 invoke [1]
[2022-02-12T07:55:37.969747000Z DEBUG solana_program_runtime::stable_log] Program 11111111111111111111111111111111 success
[2022-02-12T07:55:37.970196000Z DEBUG solana_program_runtime::stable_log] Program log: Instruction: InitializeAccount
[2022-02-12T07:55:37.970764000Z DEBUG solana_program_runtime::stable_log] Program GcdayuLaLyrdmUu324nahyv33G5poQdLUEZ1nEytDeP invoke [1]
[2022-02-12T07:55:37.970862000Z DEBUG solana_program_runtime::stable_log] Program TokenkegQfeZyiNwAJbNbGKPFXCWuBvf9Ss623VQ5DA invoke [1]
[2022-02-12T07:55:37.971109000Z DEBUG solana_program_runtime::stable_log] Program log: Mango: AddOracle
[2022-02-12T07:55:37.971202000Z DEBUG solana_program_runtime::stable_log] Program log: OracleType: got unknown or stub
[2022-02-12T07:55:37.971263000Z DEBUG solana_bpf_loader_program] Program TokenkegQfeZyiNwAJbNbGKPFXCWuBvf9Ss623VQ5DA consumed 3411 of 200000 compute units
[2022-02-12T07:55:37.971332000Z DEBUG solana_program_runtime::stable_log] Program TokenkegQfeZyiNwAJbNbGKPFXCWuBvf9Ss623VQ5DA success
[2022-02-12T07:55:37.971382000Z DEBUG solana_program_runtime::stable_log] Program log: Instruction: InitializeAccount
[2022-02-12T07:55:37.971551000Z DEBUG solana_bpf_loader_program] Program GcdayuLaLyrdmUu324nahyv33G5poQdLUEZ1nEytDeP consumed 1865 of 173890 compute units
[2022-02-12T07:55:37.971728000Z DEBUG solana_program_runtime::stable_log] Program GcdayuLaLyrdmUu324nahyv33G5poQdLUEZ1nEytDeP success
[2022-02-12T07:55:37.972458000Z DEBUG solana_bpf_loader_program] Program TokenkegQfeZyiNwAJbNbGKPFXCWuBvf9Ss623VQ5DA consumed 3411 of 200000 compute units
[2022-02-12T07:55:37.972524000Z DEBUG solana_program_runtime::stable_log] Program TokenkegQfeZyiNwAJbNbGKPFXCWuBvf9Ss623VQ5DA success
[2022-02-12T07:55:37.975966000Z DEBUG solana_program_runtime::stable_log] Program TokenkegQfeZyiNwAJbNbGKPFXCWuBvf9Ss623VQ5DA invoke [1]
[2022-02-12T07:55:37.976498000Z DEBUG solana_program_runtime::stable_log] Program log: Instruction: InitializeAccount
[2022-02-12T07:55:37.977025000Z DEBUG solana_program_runtime::stable_log] Program 11111111111111111111111111111111 invoke [1]
[2022-02-12T07:55:37.977097000Z DEBUG solana_program_runtime::stable_log] Program 11111111111111111111111111111111 success
[2022-02-12T07:55:37.977561000Z DEBUG solana_bpf_loader_program] Program TokenkegQfeZyiNwAJbNbGKPFXCWuBvf9Ss623VQ5DA consumed 3411 of 200000 compute units
[2022-02-12T07:55:37.977629000Z DEBUG solana_program_runtime::stable_log] Program TokenkegQfeZyiNwAJbNbGKPFXCWuBvf9Ss623VQ5DA success
[2022-02-12T07:55:37.977875000Z DEBUG solana_program_runtime::stable_log] Program TokenkegQfeZyiNwAJbNbGKPFXCWuBvf9Ss623VQ5DA invoke [1]
[2022-02-12T07:55:37.978403000Z DEBUG solana_program_runtime::stable_log] Program log: Instruction: InitializeAccount
[2022-02-12T07:55:37.979471000Z DEBUG solana_bpf_loader_program] Program TokenkegQfeZyiNwAJbNbGKPFXCWuBvf9Ss623VQ5DA consumed 3411 of 200000 compute units
[2022-02-12T07:55:37.979537000Z DEBUG solana_program_runtime::stable_log] Program TokenkegQfeZyiNwAJbNbGKPFXCWuBvf9Ss623VQ5DA success
[2022-02-12T07:55:37.980801000Z DEBUG solana_program_runtime::stable_log] Program 11111111111111111111111111111111 invoke [1]
[2022-02-12T07:55:37.980849000Z DEBUG solana_program_runtime::stable_log] Program 11111111111111111111111111111111 success
[2022-02-12T07:55:37.982796000Z DEBUG solana_program_runtime::stable_log] Program jwV7SyvqCSrVcKibYvurCCWr7DUmT7yRYPmY9QwvrGo invoke [1]
[2022-02-12T07:55:37.983461000Z DEBUG solana_program_runtime::stable_log] Program log: Mango: AddPerpMarket DEPRECATED
[2022-02-12T07:55:37.983944000Z DEBUG solana_program_runtime::stable_log] Program CiDwVBFgWV9E5MvXWoLgnEgn2hK7rJikbvfWavzAQz3 invoke [1]
[2022-02-12T07:55:37.984622000Z DEBUG solana_program_runtime::stable_log] Program log: Mango: AddPerpMarket DEPRECATED
[2022-02-12T07:55:37.985221000Z DEBUG solana_program_runtime::stable_log] Program TokenkegQfeZyiNwAJbNbGKPFXCWuBvf9Ss623VQ5DA invoke [1]
[2022-02-12T07:55:37.985746000Z DEBUG solana_program_runtime::stable_log] Program log: Instruction: InitializeAccount
[2022-02-12T07:55:37.986817000Z DEBUG solana_bpf_loader_program] Program TokenkegQfeZyiNwAJbNbGKPFXCWuBvf9Ss623VQ5DA consumed 3411 of 200000 compute units
[2022-02-12T07:55:37.986879000Z DEBUG solana_program_runtime::stable_log] Program TokenkegQfeZyiNwAJbNbGKPFXCWuBvf9Ss623VQ5DA success
[2022-02-12T07:55:37.988906000Z DEBUG solana_program_runtime::stable_log] Program TokenkegQfeZyiNwAJbNbGKPFXCWuBvf9Ss623VQ5DA invoke [1]
[2022-02-12T07:55:37.989407000Z DEBUG solana_program_runtime::stable_log] Program log: Instruction: InitializeAccount
[2022-02-12T07:55:37.989926000Z DEBUG solana_bpf_loader_program] Program jwV7SyvqCSrVcKibYvurCCWr7DUmT7yRYPmY9QwvrGo consumed 20524 of 200000 compute units
[2022-02-12T07:55:37.990019000Z DEBUG solana_program_runtime::stable_log] Program jwV7SyvqCSrVcKibYvurCCWr7DUmT7yRYPmY9QwvrGo success
[2022-02-12T07:55:37.990458000Z DEBUG solana_bpf_loader_program] Program TokenkegQfeZyiNwAJbNbGKPFXCWuBvf9Ss623VQ5DA consumed 3411 of 200000 compute units
[2022-02-12T07:55:37.990519000Z DEBUG solana_program_runtime::stable_log] Program TokenkegQfeZyiNwAJbNbGKPFXCWuBvf9Ss623VQ5DA success
[2022-02-12T07:55:37.990956000Z DEBUG solana_program_runtime::stable_log] Program c8fpTXm3XTRgE5maYQ24Li4L65wMYvAFomzXknxVEx7 invoke [1]
[2022-02-12T07:55:37.990967000Z DEBUG solana_bpf_loader_program] Program CiDwVBFgWV9E5MvXWoLgnEgn2hK7rJikbvfWavzAQz3 consumed 20524 of 200000 compute units
[2022-02-12T07:55:37.991046000Z DEBUG solana_program_runtime::stable_log] Program CiDwVBFgWV9E5MvXWoLgnEgn2hK7rJikbvfWavzAQz3 success
[2022-02-12T07:55:37.991321000Z DEBUG solana_program_runtime::stable_log] Program 11111111111111111111111111111111 invoke [1]
[2022-02-12T07:55:37.991378000Z DEBUG solana_program_runtime::stable_log] Program 11111111111111111111111111111111 success
[2022-02-12T07:55:37.991645000Z DEBUG solana_program_runtime::stable_log] Program log: Mango: AddPerpMarket DEPRECATED
[2022-02-12T07:55:37.997967000Z DEBUG solana_bpf_loader_program] Program c8fpTXm3XTRgE5maYQ24Li4L65wMYvAFomzXknxVEx7 consumed 20524 of 200000 compute units
[2022-02-12T07:55:37.998055000Z DEBUG solana_program_runtime::stable_log] Program c8fpTXm3XTRgE5maYQ24Li4L65wMYvAFomzXknxVEx7 success
[2022-02-12T07:55:37.998896000Z DEBUG solana_program_runtime::stable_log] Program 11111111111111111111111111111111 invoke [1]
[2022-02-12T07:55:37.998954000Z DEBUG solana_program_runtime::stable_log] Program 11111111111111111111111111111111 success
[2022-02-12T07:55:37.999007000Z DEBUG solana_program_runtime::stable_log] Program 11111111111111111111111111111111 invoke [1]
[2022-02-12T07:55:37.999051000Z DEBUG solana_program_runtime::stable_log] Program 11111111111111111111111111111111 success
[2022-02-12T07:55:37.999104000Z DEBUG solana_program_runtime::stable_log] Program 11111111111111111111111111111111 invoke [1]
[2022-02-12T07:55:37.999173000Z DEBUG solana_program_runtime::stable_log] Program 11111111111111111111111111111111 success
[2022-02-12T07:55:37.999406000Z DEBUG solana_program_runtime::stable_log] Program 11111111111111111111111111111111 invoke [1]
[2022-02-12T07:55:37.999452000Z DEBUG solana_program_runtime::stable_log] Program 11111111111111111111111111111111 success
[2022-02-12T07:55:37.999515000Z DEBUG solana_program_runtime::stable_log] Program 11111111111111111111111111111111 invoke [1]
[2022-02-12T07:55:37.999561000Z DEBUG solana_program_runtime::stable_log] Program 11111111111111111111111111111111 success
[2022-02-12T07:55:37.999541000Z DEBUG solana_program_runtime::stable_log] Program TokenkegQfeZyiNwAJbNbGKPFXCWuBvf9Ss623VQ5DA invoke [1]
[2022-02-12T07:55:38.000088000Z DEBUG solana_program_runtime::stable_log] Program log: Instruction: InitializeAccount
[2022-02-12T07:55:38.001155000Z DEBUG solana_bpf_loader_program] Program TokenkegQfeZyiNwAJbNbGKPFXCWuBvf9Ss623VQ5DA consumed 3411 of 200000 compute units
[2022-02-12T07:55:38.001217000Z DEBUG solana_program_runtime::stable_log] Program TokenkegQfeZyiNwAJbNbGKPFXCWuBvf9Ss623VQ5DA success
[2022-02-12T07:55:38.001997000Z DEBUG solana_program_runtime::stable_log] Program jwV7SyvqCSrVcKibYvurCCWr7DUmT7yRYPmY9QwvrGo invoke [1]
[2022-02-12T07:55:38.002361000Z DEBUG solana_program_runtime::stable_log] Program log: Mango: SetOracle
[2022-02-12T07:55:38.002403000Z DEBUG solana_program_runtime::stable_log] Program CiDwVBFgWV9E5MvXWoLgnEgn2hK7rJikbvfWavzAQz3 invoke [1]
[2022-02-12T07:55:38.002661000Z DEBUG solana_bpf_loader_program] Program jwV7SyvqCSrVcKibYvurCCWr7DUmT7yRYPmY9QwvrGo consumed 1550 of 200000 compute units
[2022-02-12T07:55:38.002729000Z DEBUG solana_program_runtime::stable_log] Program jwV7SyvqCSrVcKibYvurCCWr7DUmT7yRYPmY9QwvrGo success
[2022-02-12T07:55:38.002759000Z DEBUG solana_program_runtime::stable_log] Program log: Mango: SetOracle
[2022-02-12T07:55:38.003071000Z DEBUG solana_bpf_loader_program] Program CiDwVBFgWV9E5MvXWoLgnEgn2hK7rJikbvfWavzAQz3 consumed 1550 of 200000 compute units
[2022-02-12T07:55:38.003131000Z DEBUG solana_program_runtime::stable_log] Program CiDwVBFgWV9E5MvXWoLgnEgn2hK7rJikbvfWavzAQz3 success
[2022-02-12T07:55:38.009172000Z DEBUG solana_program_runtime::stable_log] Program c8fpTXm3XTRgE5maYQ24Li4L65wMYvAFomzXknxVEx7 invoke [1]
[2022-02-12T07:55:38.009532000Z DEBUG solana_program_runtime::stable_log] Program log: Mango: SetOracle
[2022-02-12T07:55:38.009833000Z DEBUG solana_bpf_loader_program] Program c8fpTXm3XTRgE5maYQ24Li4L65wMYvAFomzXknxVEx7 consumed 1550 of 200000 compute units
[2022-02-12T07:55:38.009898000Z DEBUG solana_program_runtime::stable_log] Program c8fpTXm3XTRgE5maYQ24Li4L65wMYvAFomzXknxVEx7 success
[2022-02-12T07:55:38.010587000Z DEBUG solana_program_runtime::stable_log] Program 11111111111111111111111111111111 invoke [1]
[2022-02-12T07:55:38.010671000Z DEBUG solana_program_runtime::stable_log] Program 11111111111111111111111111111111 success
[2022-02-12T07:55:38.010732000Z DEBUG solana_program_runtime::stable_log] Program 11111111111111111111111111111111 invoke [1]
[2022-02-12T07:55:38.010777000Z DEBUG solana_program_runtime::stable_log] Program 11111111111111111111111111111111 success
[2022-02-12T07:55:38.010828000Z DEBUG solana_program_runtime::stable_log] Program 11111111111111111111111111111111 invoke [1]
[2022-02-12T07:55:38.010903000Z DEBUG solana_program_runtime::stable_log] Program 11111111111111111111111111111111 success
[2022-02-12T07:55:38.011136000Z DEBUG solana_program_runtime::stable_log] Program 11111111111111111111111111111111 invoke [1]
[2022-02-12T07:55:38.011184000Z DEBUG solana_program_runtime::stable_log] Program 11111111111111111111111111111111 success
[2022-02-12T07:55:38.011247000Z DEBUG solana_program_runtime::stable_log] Program 11111111111111111111111111111111 invoke [1]
[2022-02-12T07:55:38.011293000Z DEBUG solana_program_runtime::stable_log] Program 11111111111111111111111111111111 success
[2022-02-12T07:55:38.036071000Z DEBUG solana_program_runtime::stable_log] Program CiDwVBFgWV9E5MvXWoLgnEgn2hK7rJikbvfWavzAQz3 invoke [1]
[2022-02-12T07:55:38.036458000Z DEBUG solana_program_runtime::stable_log] Program log: Mango: CachePrices
[2022-02-12T07:55:38.036810000Z DEBUG solana_program_runtime::stable_log] Program log: mango-log
[2022-02-12T07:55:38.037442000Z DEBUG solana_program_runtime::stable_log] Program log: ux0uSxX5tBuctzjFHW4XvZj+MxHkKkvsInzL6Ys+hkvDPt17IYHDCAEAAAAAAAAAAAAAAAEAAAAAAAAAAAAQJwAAAAAAAAAA
[2022-02-12T07:55:38.037552000Z DEBUG solana_bpf_loader_program] Program CiDwVBFgWV9E5MvXWoLgnEgn2hK7rJikbvfWavzAQz3 consumed 3669 of 200000 compute units
[2022-02-12T07:55:38.037618000Z DEBUG solana_program_runtime::stable_log] Program CiDwVBFgWV9E5MvXWoLgnEgn2hK7rJikbvfWavzAQz3 success
[2022-02-12T07:55:38.038201000Z DEBUG solana_program_runtime::stable_log] Program QRSsyMWN1yHT9ir42bgNZUNZ4PdEhcSWCrL2AryKpy5 invoke [1]
[2022-02-12T07:55:38.041291000Z DEBUG solana_program_runtime::stable_log] Program jwV7SyvqCSrVcKibYvurCCWr7DUmT7yRYPmY9QwvrGo invoke [1]
[2022-02-12T07:55:38.041636000Z DEBUG solana_program_runtime::stable_log] Program log: Mango: CachePrices
[2022-02-12T07:55:38.041980000Z DEBUG solana_program_runtime::stable_log] Program log: mango-log
[2022-02-12T07:55:38.042613000Z DEBUG solana_program_runtime::stable_log] Program log: ux0uSxX5tBuedYLQOjgeoIOp1VY49L9OAH1lbwNX/u06aA+YdBuZ3AEAAAAAAAAAAAAAAAEAAAAAAAAAAAAQJwAAAAAAAAAA
[2022-02-12T07:55:38.042721000Z DEBUG solana_bpf_loader_program] Program jwV7SyvqCSrVcKibYvurCCWr7DUmT7yRYPmY9QwvrGo consumed 3669 of 200000 compute units
[2022-02-12T07:55:38.042779000Z DEBUG solana_program_runtime::stable_log] Program jwV7SyvqCSrVcKibYvurCCWr7DUmT7yRYPmY9QwvrGo success
[2022-02-12T07:55:38.043516000Z DEBUG solana_bpf_loader_program] Program QRSsyMWN1yHT9ir42bgNZUNZ4PdEhcSWCrL2AryKpy5 consumed 13668 of 200000 compute units
[2022-02-12T07:55:38.043649000Z DEBUG solana_program_runtime::stable_log] Program QRSsyMWN1yHT9ir42bgNZUNZ4PdEhcSWCrL2AryKpy5 success
[2022-02-12T07:55:38.044575000Z DEBUG solana_program_runtime::stable_log] Program c8fpTXm3XTRgE5maYQ24Li4L65wMYvAFomzXknxVEx7 invoke [1]
[2022-02-12T07:55:38.044997000Z DEBUG solana_program_runtime::stable_log] Program log: Mango: CachePrices
[2022-02-12T07:55:38.045347000Z DEBUG solana_program_runtime::stable_log] Program log: mango-log
[2022-02-12T07:55:38.046005000Z DEBUG solana_program_runtime::stable_log] Program log: ux0uSxX5tBvjdptMAi+NLVTx9FQl07nukKkcrdUg3+ECQk4ro7RHLgEAAAAAAAAAAAAAAAEAAAAAAAAAAAAQJwAAAAAAAAAA
[2022-02-12T07:55:38.046123000Z DEBUG solana_bpf_loader_program] Program c8fpTXm3XTRgE5maYQ24Li4L65wMYvAFomzXknxVEx7 consumed 3669 of 200000 compute units
[2022-02-12T07:55:38.046187000Z DEBUG solana_program_runtime::stable_log] Program c8fpTXm3XTRgE5maYQ24Li4L65wMYvAFomzXknxVEx7 success
[2022-02-12T07:55:38.048560000Z DEBUG solana_program_runtime::stable_log] Program CiDwVBFgWV9E5MvXWoLgnEgn2hK7rJikbvfWavzAQz3 invoke [1]
[2022-02-12T07:55:38.048985000Z DEBUG solana_program_runtime::stable_log] Program log: Mango: UpdateRootBank
[2022-02-12T07:55:38.050036000Z DEBUG solana_program_runtime::stable_log] Program YEGAxog9gxiGXxo538aAQxq55XAebpFfwU72ZUxmSHm invoke [1]
[2022-02-12T07:55:38.050741000Z DEBUG solana_program_runtime::stable_log] Program 11111111111111111111111111111111 invoke [1]
[2022-02-12T07:55:38.050819000Z DEBUG solana_program_runtime::stable_log] Program 11111111111111111111111111111111 success
[2022-02-12T07:55:38.050860000Z DEBUG solana_program_runtime::stable_log] Program log: mango-log
[2022-02-12T07:55:38.051495000Z DEBUG solana_program_runtime::stable_log] Program log: 8HmBNKTUaLictzjFHW4XvZj+MxHkKkvsInzL6Ys+hkvDPt17IYHDCAAAAAAAAAAAAAAAAAAAQEIPAAAAAAAAAAAAAAAAAEBCDwAAAAAAAAA=
[2022-02-12T07:55:38.051626000Z DEBUG solana_bpf_loader_program] Program CiDwVBFgWV9E5MvXWoLgnEgn2hK7rJikbvfWavzAQz3 consumed 8523 of 200000 compute units
[2022-02-12T07:55:38.051692000Z DEBUG solana_program_runtime::stable_log] Program CiDwVBFgWV9E5MvXWoLgnEgn2hK7rJikbvfWavzAQz3 success
[2022-02-12T07:55:38.053643000Z DEBUG solana_program_runtime::stable_log] Program jwV7SyvqCSrVcKibYvurCCWr7DUmT7yRYPmY9QwvrGo invoke [1]
[2022-02-12T07:55:38.054049000Z DEBUG solana_program_runtime::stable_log] Program log: Mango: UpdateRootBank
[2022-02-12T07:55:38.055271000Z DEBUG solana_bpf_loader_program] Program YEGAxog9gxiGXxo538aAQxq55XAebpFfwU72ZUxmSHm consumed 13647 of 200000 compute units
[2022-02-12T07:55:38.055401000Z DEBUG solana_program_runtime::stable_log] Program YEGAxog9gxiGXxo538aAQxq55XAebpFfwU72ZUxmSHm success
[2022-02-12T07:55:38.055971000Z DEBUG solana_program_runtime::stable_log] Program log: mango-log
[2022-02-12T07:55:38.056626000Z DEBUG solana_program_runtime::stable_log] Program log: 8HmBNKTUaLiedYLQOjgeoIOp1VY49L9OAH1lbwNX/u06aA+YdBuZ3AAAAAAAAAAAAAAAAAAAQEIPAAAAAAAAAAAAAAAAAEBCDwAAAAAAAAA=
[2022-02-12T07:55:38.056760000Z DEBUG solana_bpf_loader_program] Program jwV7SyvqCSrVcKibYvurCCWr7DUmT7yRYPmY9QwvrGo consumed 8523 of 200000 compute units
[2022-02-12T07:55:38.056834000Z DEBUG solana_program_runtime::stable_log] Program jwV7SyvqCSrVcKibYvurCCWr7DUmT7yRYPmY9QwvrGo success
[2022-02-12T07:55:38.056976000Z DEBUG solana_program_runtime::stable_log] Program c8fpTXm3XTRgE5maYQ24Li4L65wMYvAFomzXknxVEx7 invoke [1]
[2022-02-12T07:55:38.057379000Z DEBUG solana_program_runtime::stable_log] Program log: Mango: UpdateRootBank
[2022-02-12T07:55:38.059035000Z DEBUG solana_program_runtime::stable_log] Program TokenkegQfeZyiNwAJbNbGKPFXCWuBvf9Ss623VQ5DA invoke [1]
[2022-02-12T07:55:38.059217000Z DEBUG solana_program_runtime::stable_log] Program log: mango-log
[2022-02-12T07:55:38.059564000Z DEBUG solana_program_runtime::stable_log] Program log: Instruction: InitializeAccount
[2022-02-12T07:55:38.059859000Z DEBUG solana_program_runtime::stable_log] Program log: 8HmBNKTUaLjjdptMAi+NLVTx9FQl07nukKkcrdUg3+ECQk4ro7RHLgAAAAAAAAAAAAAAAAAAQEIPAAAAAAAAAAAAAAAAAEBCDwAAAAAAAAA=
[2022-02-12T07:55:38.059996000Z DEBUG solana_bpf_loader_program] Program c8fpTXm3XTRgE5maYQ24Li4L65wMYvAFomzXknxVEx7 consumed 8523 of 200000 compute units
[2022-02-12T07:55:38.060060000Z DEBUG solana_program_runtime::stable_log] Program c8fpTXm3XTRgE5maYQ24Li4L65wMYvAFomzXknxVEx7 success
[2022-02-12T07:55:38.060642000Z DEBUG solana_bpf_loader_program] Program TokenkegQfeZyiNwAJbNbGKPFXCWuBvf9Ss623VQ5DA consumed 3411 of 200000 compute units
[2022-02-12T07:55:38.060710000Z DEBUG solana_program_runtime::stable_log] Program TokenkegQfeZyiNwAJbNbGKPFXCWuBvf9Ss623VQ5DA success
[2022-02-12T07:55:38.062296000Z DEBUG solana_program_runtime::stable_log] Program 11111111111111111111111111111111 invoke [1]
[2022-02-12T07:55:38.062362000Z DEBUG solana_program_runtime::stable_log] Program 11111111111111111111111111111111 success
[2022-02-12T07:55:38.062990000Z DEBUG solana_program_runtime::stable_log] Program CiDwVBFgWV9E5MvXWoLgnEgn2hK7rJikbvfWavzAQz3 invoke [1]
[2022-02-12T07:55:38.063464000Z DEBUG solana_program_runtime::stable_log] Program log: Mango: UpdateFunding
[2022-02-12T07:55:38.064475000Z DEBUG solana_program_runtime::stable_log] Program 11111111111111111111111111111111 invoke [1]
[2022-02-12T07:55:38.064528000Z DEBUG solana_program_runtime::stable_log] Program 11111111111111111111111111111111 success
[2022-02-12T07:55:38.064648000Z DEBUG solana_program_runtime::stable_log] Program log: mango-log
[2022-02-12T07:55:38.065294000Z DEBUG solana_program_runtime::stable_log] Program log: ta5iwCEXTXuctzjFHW4XvZj+MxHkKkvsInzL6Ys+hkvDPt17IYHDCAAAAAAAAAAAAAAAAAAAAAAAAAAAAAAAAAAAAAAAAAAAAAAAAAAAAAA=
[2022-02-12T07:55:38.065452000Z DEBUG solana_bpf_loader_program] Program CiDwVBFgWV9E5MvXWoLgnEgn2hK7rJikbvfWavzAQz3 consumed 6381 of 200000 compute units
[2022-02-12T07:55:38.065529000Z DEBUG solana_program_runtime::stable_log] Program CiDwVBFgWV9E5MvXWoLgnEgn2hK7rJikbvfWavzAQz3 success
[2022-02-12T07:55:38.068070000Z DEBUG solana_program_runtime::stable_log] Program jwV7SyvqCSrVcKibYvurCCWr7DUmT7yRYPmY9QwvrGo invoke [1]
[2022-02-12T07:55:38.068128000Z DEBUG solana_program_runtime::stable_log] Program 11111111111111111111111111111111 invoke [1]
[2022-02-12T07:55:38.068194000Z DEBUG solana_program_runtime::stable_log] Program 11111111111111111111111111111111 success
[2022-02-12T07:55:38.068541000Z DEBUG solana_program_runtime::stable_log] Program log: Mango: UpdateFunding
[2022-02-12T07:55:38.069734000Z DEBUG solana_program_runtime::stable_log] Program log: mango-log
[2022-02-12T07:55:38.070387000Z DEBUG solana_program_runtime::stable_log] Program log: ta5iwCEXTXuedYLQOjgeoIOp1VY49L9OAH1lbwNX/u06aA+YdBuZ3AAAAAAAAAAAAAAAAAAAAAAAAAAAAAAAAAAAAAAAAAAAAAAAAAAAAAA=
[2022-02-12T07:55:38.070530000Z DEBUG solana_program_runtime::stable_log] Program TokenkegQfeZyiNwAJbNbGKPFXCWuBvf9Ss623VQ5DA invoke [1]
[2022-02-12T07:55:38.070543000Z DEBUG solana_bpf_loader_program] Program jwV7SyvqCSrVcKibYvurCCWr7DUmT7yRYPmY9QwvrGo consumed 6381 of 200000 compute units
[2022-02-12T07:55:38.070631000Z DEBUG solana_program_runtime::stable_log] Program jwV7SyvqCSrVcKibYvurCCWr7DUmT7yRYPmY9QwvrGo success
[2022-02-12T07:55:38.071051000Z DEBUG solana_program_runtime::stable_log] Program log: Instruction: InitializeAccount
[2022-02-12T07:55:38.071403000Z DEBUG solana_program_runtime::stable_log] Program c8fpTXm3XTRgE5maYQ24Li4L65wMYvAFomzXknxVEx7 invoke [1]
[2022-02-12T07:55:38.071859000Z DEBUG solana_program_runtime::stable_log] Program log: Mango: UpdateFunding
[2022-02-12T07:55:38.072135000Z DEBUG solana_bpf_loader_program] Program TokenkegQfeZyiNwAJbNbGKPFXCWuBvf9Ss623VQ5DA consumed 3411 of 200000 compute units
[2022-02-12T07:55:38.072208000Z DEBUG solana_program_runtime::stable_log] Program TokenkegQfeZyiNwAJbNbGKPFXCWuBvf9Ss623VQ5DA success
[2022-02-12T07:55:38.073043000Z DEBUG solana_program_runtime::stable_log] Program log: mango-log
[2022-02-12T07:55:38.073682000Z DEBUG solana_program_runtime::stable_log] Program log: ta5iwCEXTXvjdptMAi+NLVTx9FQl07nukKkcrdUg3+ECQk4ro7RHLgAAAAAAAAAAAAAAAAAAAAAAAAAAAAAAAAAAAAAAAAAAAAAAAAAAAAA=
[2022-02-12T07:55:38.073837000Z DEBUG solana_bpf_loader_program] Program c8fpTXm3XTRgE5maYQ24Li4L65wMYvAFomzXknxVEx7 consumed 6381 of 200000 compute units
[2022-02-12T07:55:38.073918000Z DEBUG solana_program_runtime::stable_log] Program c8fpTXm3XTRgE5maYQ24Li4L65wMYvAFomzXknxVEx7 success
[2022-02-12T07:55:38.075788000Z DEBUG solana_program_runtime::stable_log] Program CiDwVBFgWV9E5MvXWoLgnEgn2hK7rJikbvfWavzAQz3 invoke [1]
[2022-02-12T07:55:38.075976000Z DEBUG solana_program_runtime::stable_log] Program 11111111111111111111111111111111 invoke [1]
[2022-02-12T07:55:38.076052000Z DEBUG solana_program_runtime::stable_log] Program 11111111111111111111111111111111 success
[2022-02-12T07:55:38.076195000Z DEBUG solana_program_runtime::stable_log] Program log: Mango: CacheRootBanks
[2022-02-12T07:55:38.076906000Z DEBUG solana_program_runtime::stable_log] Program log: mango-log
[2022-02-12T07:55:38.077870000Z DEBUG solana_program_runtime::stable_log] Program log: IVXYca/GfeictzjFHW4XvZj+MxHkKkvsInzL6Ys+hkvDPt17IYHDCAIAAAAAAAAAAAAAAA8AAAAAAAAAAgAAAAAAAAAAAEBCDwAAAAAAAAAAAAAAAABAQg8AAAAAAAAAAgAAAAAAAAAAAEBCDwAAAAAAAAAAAAAAAABAQg8AAAAAAAAA
[2022-02-12T07:55:38.078018000Z DEBUG solana_bpf_loader_program] Program CiDwVBFgWV9E5MvXWoLgnEgn2hK7rJikbvfWavzAQz3 consumed 5857 of 200000 compute units
[2022-02-12T07:55:38.078092000Z DEBUG solana_program_runtime::stable_log] Program CiDwVBFgWV9E5MvXWoLgnEgn2hK7rJikbvfWavzAQz3 success
[2022-02-12T07:55:38.079474000Z DEBUG solana_program_runtime::stable_log] Program 11111111111111111111111111111111 invoke [1]
[2022-02-12T07:55:38.079537000Z DEBUG solana_program_runtime::stable_log] Program 11111111111111111111111111111111 success
[2022-02-12T07:55:38.080319000Z DEBUG solana_program_runtime::stable_log] Program 8opHzTAnfzRpPEx21XtnrVTX28YQuCpAjcn1PczScKh invoke [1]
[2022-02-12T07:55:38.081029000Z DEBUG solana_program_runtime::stable_log] Program log: Mango: AddSpotMarket
[2022-02-12T07:55:38.081842000Z DEBUG solana_program_runtime::stable_log] Program jwV7SyvqCSrVcKibYvurCCWr7DUmT7yRYPmY9QwvrGo invoke [1]
[2022-02-12T07:55:38.082253000Z DEBUG solana_program_runtime::stable_log] Program log: Mango: CacheRootBanks
[2022-02-12T07:55:38.082958000Z DEBUG solana_program_runtime::stable_log] Program log: mango-log
[2022-02-12T07:55:38.083894000Z DEBUG solana_program_runtime::stable_log] Program log: IVXYca/GfeiedYLQOjgeoIOp1VY49L9OAH1lbwNX/u06aA+YdBuZ3AIAAAAAAAAAAAAAAA8AAAAAAAAAAgAAAAAAAAAAAEBCDwAAAAAAAAAAAAAAAABAQg8AAAAAAAAAAgAAAAAAAAAAAEBCDwAAAAAAAAAAAAAAAABAQg8AAAAAAAAA
[2022-02-12T07:55:38.084027000Z DEBUG solana_bpf_loader_program] Program jwV7SyvqCSrVcKibYvurCCWr7DUmT7yRYPmY9QwvrGo consumed 5857 of 200000 compute units
[2022-02-12T07:55:38.084087000Z DEBUG solana_program_runtime::stable_log] Program jwV7SyvqCSrVcKibYvurCCWr7DUmT7yRYPmY9QwvrGo success
[2022-02-12T07:55:38.084157000Z DEBUG solana_program_runtime::stable_log] Program c8fpTXm3XTRgE5maYQ24Li4L65wMYvAFomzXknxVEx7 invoke [1]
[2022-02-12T07:55:38.084558000Z DEBUG solana_program_runtime::stable_log] Program log: Mango: CacheRootBanks
[2022-02-12T07:55:38.085241000Z DEBUG solana_program_runtime::stable_log] Program log: mango-log
[2022-02-12T07:55:38.086203000Z DEBUG solana_program_runtime::stable_log] Program log: IVXYca/GfejjdptMAi+NLVTx9FQl07nukKkcrdUg3+ECQk4ro7RHLgIAAAAAAAAAAAAAAA8AAAAAAAAAAgAAAAAAAAAAAEBCDwAAAAAAAAAAAAAAAABAQg8AAAAAAAAAAgAAAAAAAAAAAEBCDwAAAAAAAAAAAAAAAABAQg8AAAAAAAAA
[2022-02-12T07:55:38.086355000Z DEBUG solana_bpf_loader_program] Program c8fpTXm3XTRgE5maYQ24Li4L65wMYvAFomzXknxVEx7 consumed 5857 of 200000 compute units
[2022-02-12T07:55:38.086425000Z DEBUG solana_program_runtime::stable_log] Program c8fpTXm3XTRgE5maYQ24Li4L65wMYvAFomzXknxVEx7 success
[2022-02-12T07:55:38.087483000Z DEBUG solana_bpf_loader_program] Program 8opHzTAnfzRpPEx21XtnrVTX28YQuCpAjcn1PczScKh consumed 20512 of 200000 compute units
[2022-02-12T07:55:38.087580000Z DEBUG solana_program_runtime::stable_log] Program 8opHzTAnfzRpPEx21XtnrVTX28YQuCpAjcn1PczScKh success
[2022-02-12T07:55:38.088664000Z DEBUG solana_program_runtime::stable_log] Program CiDwVBFgWV9E5MvXWoLgnEgn2hK7rJikbvfWavzAQz3 invoke [1]
[2022-02-12T07:55:38.089018000Z DEBUG solana_program_runtime::stable_log] Program log: Mango: CachePerpMarkets
[2022-02-12T07:55:38.089440000Z DEBUG solana_program_runtime::stable_log] Program log: mango-log
[2022-02-12T07:55:38.090219000Z DEBUG solana_program_runtime::stable_log] Program log: 9lt9JxCzqw6ctzjFHW4XvZj+MxHkKkvsInzL6Ys+hkvDPt17IYHDCAEAAAAAAAAAAAAAAAEAAAAAAAAAAAAAAAAAAAAAAAAAAQAAAAAAAAAAAAAAAAAAAAAAAAA=
[2022-02-12T07:55:38.090330000Z DEBUG solana_bpf_loader_program] Program CiDwVBFgWV9E5MvXWoLgnEgn2hK7rJikbvfWavzAQz3 consumed 4331 of 200000 compute units
[2022-02-12T07:55:38.090393000Z DEBUG solana_program_runtime::stable_log] Program CiDwVBFgWV9E5MvXWoLgnEgn2hK7rJikbvfWavzAQz3 success
[2022-02-12T07:55:38.091573000Z DEBUG solana_program_runtime::stable_log] Program GcdayuLaLyrdmUu324nahyv33G5poQdLUEZ1nEytDeP invoke [1]
[2022-02-12T07:55:38.092318000Z DEBUG solana_program_runtime::stable_log] Program log: Mango: AddSpotMarket
[2022-02-12T07:55:38.092834000Z DEBUG solana_program_runtime::stable_log] Program 11111111111111111111111111111111 invoke [1]
[2022-02-12T07:55:38.092895000Z DEBUG solana_program_runtime::stable_log] Program 11111111111111111111111111111111 success
[2022-02-12T07:55:38.094601000Z DEBUG solana_program_runtime::stable_log] Program jwV7SyvqCSrVcKibYvurCCWr7DUmT7yRYPmY9QwvrGo invoke [1]
[2022-02-12T07:55:38.094949000Z DEBUG solana_program_runtime::stable_log] Program log: Mango: CachePerpMarkets
[2022-02-12T07:55:38.095367000Z DEBUG solana_program_runtime::stable_log] Program log: mango-log
[2022-02-12T07:55:38.096140000Z DEBUG solana_program_runtime::stable_log] Program log: 9lt9JxCzqw6edYLQOjgeoIOp1VY49L9OAH1lbwNX/u06aA+YdBuZ3AEAAAAAAAAAAAAAAAEAAAAAAAAAAAAAAAAAAAAAAAAAAQAAAAAAAAAAAAAAAAAAAAAAAAA=
[2022-02-12T07:55:38.096253000Z DEBUG solana_bpf_loader_program] Program jwV7SyvqCSrVcKibYvurCCWr7DUmT7yRYPmY9QwvrGo consumed 4331 of 200000 compute units
[2022-02-12T07:55:38.096312000Z DEBUG solana_program_runtime::stable_log] Program jwV7SyvqCSrVcKibYvurCCWr7DUmT7yRYPmY9QwvrGo success
[2022-02-12T07:55:38.096800000Z DEBUG solana_program_runtime::stable_log] Program c8fpTXm3XTRgE5maYQ24Li4L65wMYvAFomzXknxVEx7 invoke [1]
[2022-02-12T07:55:38.097139000Z DEBUG solana_program_runtime::stable_log] Program log: Mango: CachePerpMarkets
[2022-02-12T07:55:38.097541000Z DEBUG solana_program_runtime::stable_log] Program log: mango-log
[2022-02-12T07:55:38.098302000Z DEBUG solana_program_runtime::stable_log] Program log: 9lt9JxCzqw7jdptMAi+NLVTx9FQl07nukKkcrdUg3+ECQk4ro7RHLgEAAAAAAAAAAAAAAAEAAAAAAAAAAAAAAAAAAAAAAAAAAQAAAAAAAAAAAAAAAAAAAAAAAAA=
[2022-02-12T07:55:38.098411000Z DEBUG solana_bpf_loader_program] Program c8fpTXm3XTRgE5maYQ24Li4L65wMYvAFomzXknxVEx7 consumed 4331 of 200000 compute units
[2022-02-12T07:55:38.098466000Z DEBUG solana_program_runtime::stable_log] Program c8fpTXm3XTRgE5maYQ24Li4L65wMYvAFomzXknxVEx7 success
[2022-02-12T07:55:38.098681000Z DEBUG solana_bpf_loader_program] Program GcdayuLaLyrdmUu324nahyv33G5poQdLUEZ1nEytDeP consumed 20512 of 200000 compute units
[2022-02-12T07:55:38.098778000Z DEBUG solana_program_runtime::stable_log] Program GcdayuLaLyrdmUu324nahyv33G5poQdLUEZ1nEytDeP success
[2022-02-12T07:55:38.100953000Z DEBUG solana_program_runtime::stable_log] Program TokenkegQfeZyiNwAJbNbGKPFXCWuBvf9Ss623VQ5DA invoke [1]
[2022-02-12T07:55:38.101463000Z DEBUG solana_program_runtime::stable_log] Program log: Instruction: InitializeAccount
[2022-02-12T07:55:38.102513000Z DEBUG solana_bpf_loader_program] Program TokenkegQfeZyiNwAJbNbGKPFXCWuBvf9Ss623VQ5DA consumed 3411 of 200000 compute units
[2022-02-12T07:55:38.102577000Z DEBUG solana_program_runtime::stable_log] Program TokenkegQfeZyiNwAJbNbGKPFXCWuBvf9Ss623VQ5DA success
[2022-02-12T07:55:38.103448000Z DEBUG solana_program_runtime::stable_log] Program 11111111111111111111111111111111 invoke [1]
[2022-02-12T07:55:38.103507000Z DEBUG solana_program_runtime::stable_log] Program 11111111111111111111111111111111 success
[2022-02-12T07:55:38.104304000Z DEBUG solana_program_runtime::stable_log] Program CiDwVBFgWV9E5MvXWoLgnEgn2hK7rJikbvfWavzAQz3 invoke [1]
[2022-02-12T07:55:38.105006000Z DEBUG solana_program_runtime::stable_log] Program log: Mango: Deposit
[2022-02-12T07:55:38.105937000Z DEBUG solana_program_runtime::stable_log] Program 11111111111111111111111111111111 invoke [1]
[2022-02-12T07:55:38.105990000Z DEBUG solana_program_runtime::stable_log] Program 11111111111111111111111111111111 success
[2022-02-12T07:55:38.111459000Z DEBUG solana_program_runtime::stable_log] Program jwV7SyvqCSrVcKibYvurCCWr7DUmT7yRYPmY9QwvrGo invoke [1]
[2022-02-12T07:55:38.111612000Z DEBUG solana_program_runtime::stable_log] Program TokenkegQfeZyiNwAJbNbGKPFXCWuBvf9Ss623VQ5DA invoke [1]
[2022-02-12T07:55:38.112122000Z DEBUG solana_program_runtime::stable_log] Program log: Instruction: InitializeAccount
[2022-02-12T07:55:38.112151000Z DEBUG solana_program_runtime::stable_log] Program log: Mango: Deposit
[2022-02-12T07:55:38.112487000Z DEBUG solana_program_runtime::stable_log] Program c8fpTXm3XTRgE5maYQ24Li4L65wMYvAFomzXknxVEx7 invoke [1]
[2022-02-12T07:55:38.113186000Z DEBUG solana_bpf_loader_program] Program TokenkegQfeZyiNwAJbNbGKPFXCWuBvf9Ss623VQ5DA consumed 3411 of 200000 compute units
[2022-02-12T07:55:38.113230000Z DEBUG solana_program_runtime::stable_log] Program log: Mango: Deposit
[2022-02-12T07:55:38.113252000Z DEBUG solana_program_runtime::stable_log] Program TokenkegQfeZyiNwAJbNbGKPFXCWuBvf9Ss623VQ5DA success
[2022-02-12T07:55:38.114091000Z DEBUG solana_program_runtime::stable_log] Program TokenkegQfeZyiNwAJbNbGKPFXCWuBvf9Ss623VQ5DA invoke [2]
[2022-02-12T07:55:38.114099000Z DEBUG solana_program_runtime::stable_log] Program TokenkegQfeZyiNwAJbNbGKPFXCWuBvf9Ss623VQ5DA invoke [1]
[2022-02-12T07:55:38.114540000Z DEBUG solana_program_runtime::stable_log] Program log: Instruction: Transfer
[2022-02-12T07:55:38.114620000Z DEBUG solana_program_runtime::stable_log] Program log: Instruction: InitializeAccount
[2022-02-12T07:55:38.115484000Z DEBUG solana_bpf_loader_program] Program TokenkegQfeZyiNwAJbNbGKPFXCWuBvf9Ss623VQ5DA consumed 3121 of 194218 compute units
[2022-02-12T07:55:38.115548000Z DEBUG solana_program_runtime::stable_log] Program TokenkegQfeZyiNwAJbNbGKPFXCWuBvf9Ss623VQ5DA success
[2022-02-12T07:55:38.115667000Z DEBUG solana_bpf_loader_program] Program TokenkegQfeZyiNwAJbNbGKPFXCWuBvf9Ss623VQ5DA consumed 3411 of 200000 compute units
[2022-02-12T07:55:38.115724000Z DEBUG solana_program_runtime::stable_log] Program TokenkegQfeZyiNwAJbNbGKPFXCWuBvf9Ss623VQ5DA success
[2022-02-12T07:55:38.116555000Z DEBUG solana_program_runtime::stable_log] Program 11111111111111111111111111111111 invoke [1]
[2022-02-12T07:55:38.116618000Z DEBUG solana_program_runtime::stable_log] Program 11111111111111111111111111111111 success
[2022-02-12T07:55:38.117090000Z DEBUG solana_program_runtime::stable_log] Program log: mango-log
[2022-02-12T07:55:38.117878000Z DEBUG solana_program_runtime::stable_log] Program log: F5qwwQsqqPSctzjFHW4XvZj+MxHkKkvsInzL6Ys+hkvDPt17IYHDCNn8zaKa+3XCMP/OCwjCxWvgCeL7aNtnLXOB4NRepyShDwAAAAAAAAAAAAAAAAAQJwAAAAAAAAAAAAAAAAAAAAAAAAAAAAAAAA==
[2022-02-12T07:55:38.117912000Z DEBUG solana_program_runtime::stable_log] Program log: mango-log
[2022-02-12T07:55:38.118766000Z DEBUG solana_program_runtime::stable_log] Program log: jbqo/GyNSF6ctzjFHW4XvZj+MxHkKkvsInzL6Ys+hkvDPt17IYHDCNn8zaKa+3XCMP/OCwjCxWvgCeL7aNtnLXOB4NRepyShdjTtU7nfLzEam7JL+1mVoAWkSH95z9uf+2EjhMaINxgPAAAAAAAAAADkC1QCAAAA
[2022-02-12T07:55:38.119002000Z DEBUG solana_bpf_loader_program] Program CiDwVBFgWV9E5MvXWoLgnEgn2hK7rJikbvfWavzAQz3 consumed 18920 of 200000 compute units
[2022-02-12T07:55:38.119080000Z DEBUG solana_program_runtime::stable_log] Program CiDwVBFgWV9E5MvXWoLgnEgn2hK7rJikbvfWavzAQz3 success
[2022-02-12T07:55:38.121274000Z DEBUG solana_program_runtime::stable_log] Program TokenkegQfeZyiNwAJbNbGKPFXCWuBvf9Ss623VQ5DA invoke [2]
[2022-02-12T07:55:38.121741000Z DEBUG solana_program_runtime::stable_log] Program log: Instruction: Transfer
[2022-02-12T07:55:38.122297000Z DEBUG solana_program_runtime::stable_log] Program TokenkegQfeZyiNwAJbNbGKPFXCWuBvf9Ss623VQ5DA invoke [2]
[2022-02-12T07:55:38.122699000Z DEBUG solana_bpf_loader_program] Program TokenkegQfeZyiNwAJbNbGKPFXCWuBvf9Ss623VQ5DA consumed 3121 of 194218 compute units
[2022-02-12T07:55:38.122762000Z DEBUG solana_program_runtime::stable_log] Program log: Instruction: Transfer
[2022-02-12T07:55:38.122758000Z DEBUG solana_program_runtime::stable_log] Program TokenkegQfeZyiNwAJbNbGKPFXCWuBvf9Ss623VQ5DA success
[2022-02-12T07:55:38.123706000Z DEBUG solana_bpf_loader_program] Program TokenkegQfeZyiNwAJbNbGKPFXCWuBvf9Ss623VQ5DA consumed 3121 of 194218 compute units
[2022-02-12T07:55:38.123762000Z DEBUG solana_program_runtime::stable_log] Program TokenkegQfeZyiNwAJbNbGKPFXCWuBvf9Ss623VQ5DA success
[2022-02-12T07:55:38.123913000Z DEBUG solana_program_runtime::stable_log] Program 11111111111111111111111111111111 invoke [1]
[2022-02-12T07:55:38.123975000Z DEBUG solana_program_runtime::stable_log] Program 11111111111111111111111111111111 success
[2022-02-12T07:55:38.124031000Z DEBUG solana_program_runtime::stable_log] Program 11111111111111111111111111111111 invoke [1]
[2022-02-12T07:55:38.124076000Z DEBUG solana_program_runtime::stable_log] Program 11111111111111111111111111111111 success
[2022-02-12T07:55:38.124127000Z DEBUG solana_program_runtime::stable_log] Program 11111111111111111111111111111111 invoke [1]
[2022-02-12T07:55:38.124212000Z DEBUG solana_program_runtime::stable_log] Program 11111111111111111111111111111111 success
[2022-02-12T07:55:38.124275000Z DEBUG solana_program_runtime::stable_log] Program log: mango-log
[2022-02-12T07:55:38.124444000Z DEBUG solana_program_runtime::stable_log] Program 11111111111111111111111111111111 invoke [1]
[2022-02-12T07:55:38.124503000Z DEBUG solana_program_runtime::stable_log] Program 11111111111111111111111111111111 success
[2022-02-12T07:55:38.124565000Z DEBUG solana_program_runtime::stable_log] Program 11111111111111111111111111111111 invoke [1]
[2022-02-12T07:55:38.124611000Z DEBUG solana_program_runtime::stable_log] Program 11111111111111111111111111111111 success
[2022-02-12T07:55:38.124683000Z DEBUG solana_program_runtime::stable_log] Program TokenkegQfeZyiNwAJbNbGKPFXCWuBvf9Ss623VQ5DA invoke [1]
[2022-02-12T07:55:38.125061000Z DEBUG solana_program_runtime::stable_log] Program log: F5qwwQsqqPSedYLQOjgeoIOp1VY49L9OAH1lbwNX/u06aA+YdBuZ3MNIX71TmTxFpZy7AQ0bq3y/i4JHZO+l3rNLcyMq6T9PDwAAAAAAAAAAAAAAAAAQJwAAAAAAAAAAAAAAAAAAAAAAAAAAAAAAAA==
[2022-02-12T07:55:38.125099000Z DEBUG solana_program_runtime::stable_log] Program log: mango-log
[2022-02-12T07:55:38.125211000Z DEBUG solana_program_runtime::stable_log] Program log: Instruction: InitializeAccount
[2022-02-12T07:55:38.125270000Z DEBUG solana_program_runtime::stable_log] Program log: mango-log
[2022-02-12T07:55:38.125940000Z DEBUG solana_program_runtime::stable_log] Program log: jbqo/GyNSF6edYLQOjgeoIOp1VY49L9OAH1lbwNX/u06aA+YdBuZ3MNIX71TmTxFpZy7AQ0bq3y/i4JHZO+l3rNLcyMq6T9P+8IpZqkYqcKoVeidbiUMJpomG3M7RnV6fxn+P8eh7fgPAAAAAAAAAADkC1QCAAAA
[2022-02-12T07:55:38.126053000Z DEBUG solana_program_runtime::stable_log] Program log: F5qwwQsqqPTjdptMAi+NLVTx9FQl07nukKkcrdUg3+ECQk4ro7RHLsUdweM/dGbbWNAfYw/yHRcFvweaX1YKVwcU/Oojo5EYDwAAAAAAAAAAAAAAAAAQJwAAAAAAAAAAAAAAAAAAAAAAAAAAAAAAAA==
[2022-02-12T07:55:38.126087000Z DEBUG solana_program_runtime::stable_log] Program log: mango-log
[2022-02-12T07:55:38.126171000Z DEBUG solana_bpf_loader_program] Program jwV7SyvqCSrVcKibYvurCCWr7DUmT7yRYPmY9QwvrGo consumed 18920 of 200000 compute units
[2022-02-12T07:55:38.126246000Z DEBUG solana_program_runtime::stable_log] Program jwV7SyvqCSrVcKibYvurCCWr7DUmT7yRYPmY9QwvrGo success
[2022-02-12T07:55:38.126323000Z DEBUG solana_bpf_loader_program] Program TokenkegQfeZyiNwAJbNbGKPFXCWuBvf9Ss623VQ5DA consumed 3411 of 200000 compute units
[2022-02-12T07:55:38.126389000Z DEBUG solana_program_runtime::stable_log] Program TokenkegQfeZyiNwAJbNbGKPFXCWuBvf9Ss623VQ5DA success
[2022-02-12T07:55:38.126938000Z DEBUG solana_program_runtime::stable_log] Program log: jbqo/GyNSF7jdptMAi+NLVTx9FQl07nukKkcrdUg3+ECQk4ro7RHLsUdweM/dGbbWNAfYw/yHRcFvweaX1YKVwcU/Oojo5EYSUxs+RVsSf98byMDlrf1U8oIqyD/9WA2V4ksZxe0Y1APAAAAAAAAAADkC1QCAAAA
[2022-02-12T07:55:38.127176000Z DEBUG solana_bpf_loader_program] Program c8fpTXm3XTRgE5maYQ24Li4L65wMYvAFomzXknxVEx7 consumed 18920 of 200000 compute units
[2022-02-12T07:55:38.127252000Z DEBUG solana_program_runtime::stable_log] Program c8fpTXm3XTRgE5maYQ24Li4L65wMYvAFomzXknxVEx7 success
[2022-02-12T07:55:38.132995000Z DEBUG solana_program_runtime::stable_log] Program CiDwVBFgWV9E5MvXWoLgnEgn2hK7rJikbvfWavzAQz3 invoke [1]
[2022-02-12T07:55:38.133722000Z DEBUG solana_program_runtime::stable_log] Program log: Mango: Deposit
[2022-02-12T07:55:38.134529000Z DEBUG solana_program_runtime::stable_log] Program QRSsyMWN1yHT9ir42bgNZUNZ4PdEhcSWCrL2AryKpy5 invoke [1]
[2022-02-12T07:55:38.134625000Z DEBUG solana_program_runtime::stable_log] Program 11111111111111111111111111111111 invoke [1]
[2022-02-12T07:55:38.134689000Z DEBUG solana_program_runtime::stable_log] Program 11111111111111111111111111111111 success
[2022-02-12T07:55:38.134744000Z DEBUG solana_program_runtime::stable_log] Program 11111111111111111111111111111111 invoke [1]
[2022-02-12T07:55:38.134788000Z DEBUG solana_program_runtime::stable_log] Program 11111111111111111111111111111111 success
[2022-02-12T07:55:38.134839000Z DEBUG solana_program_runtime::stable_log] Program 11111111111111111111111111111111 invoke [1]
[2022-02-12T07:55:38.135226000Z DEBUG solana_program_runtime::stable_log] Program 11111111111111111111111111111111 success
[2022-02-12T07:55:38.135458000Z DEBUG solana_program_runtime::stable_log] Program 11111111111111111111111111111111 invoke [1]
[2022-02-12T07:55:38.135511000Z DEBUG solana_program_runtime::stable_log] Program 11111111111111111111111111111111 success
[2022-02-12T07:55:38.135572000Z DEBUG solana_program_runtime::stable_log] Program 11111111111111111111111111111111 invoke [1]
[2022-02-12T07:55:38.135616000Z DEBUG solana_program_runtime::stable_log] Program 11111111111111111111111111111111 success
[2022-02-12T07:55:38.139698000Z DEBUG solana_bpf_loader_program] Program QRSsyMWN1yHT9ir42bgNZUNZ4PdEhcSWCrL2AryKpy5 consumed 13668 of 200000 compute units
[2022-02-12T07:55:38.140128000Z DEBUG solana_program_runtime::stable_log] Program QRSsyMWN1yHT9ir42bgNZUNZ4PdEhcSWCrL2AryKpy5 success
[2022-02-12T07:55:38.140253000Z DEBUG solana_program_runtime::stable_log] Program jwV7SyvqCSrVcKibYvurCCWr7DUmT7yRYPmY9QwvrGo invoke [1]
[2022-02-12T07:55:38.140965000Z DEBUG solana_program_runtime::stable_log] Program log: Mango: Deposit
[2022-02-12T07:55:38.142660000Z DEBUG solana_program_runtime::stable_log] Program TokenkegQfeZyiNwAJbNbGKPFXCWuBvf9Ss623VQ5DA invoke [2]
[2022-02-12T07:55:38.143121000Z DEBUG solana_program_runtime::stable_log] Program log: Instruction: Transfer
[2022-02-12T07:55:38.144081000Z DEBUG solana_bpf_loader_program] Program TokenkegQfeZyiNwAJbNbGKPFXCWuBvf9Ss623VQ5DA consumed 3121 of 194804 compute units
[2022-02-12T07:55:38.144144000Z DEBUG solana_program_runtime::stable_log] Program TokenkegQfeZyiNwAJbNbGKPFXCWuBvf9Ss623VQ5DA success
[2022-02-12T07:55:38.145486000Z DEBUG solana_program_runtime::stable_log] Program log: mango-log
[2022-02-12T07:55:38.145538000Z DEBUG solana_program_runtime::stable_log] Program YEGAxog9gxiGXxo538aAQxq55XAebpFfwU72ZUxmSHm invoke [1]
[2022-02-12T07:55:38.146275000Z DEBUG solana_program_runtime::stable_log] Program log: F5qwwQsqqPSctzjFHW4XvZj+MxHkKkvsInzL6Ys+hkvDPt17IYHDCCiSzxJrDV60P4MhylWAOXRuYHS2Z47GRWzqsD1L8kfBAAAAAAAAAAAAAAAAAAABAAAAAAAAAAAAAAAAAAAAAAAAAAAAAAAAAA==
[2022-02-12T07:55:38.146313000Z DEBUG solana_program_runtime::stable_log] Program log: mango-log
[2022-02-12T07:55:38.147167000Z DEBUG solana_program_runtime::stable_log] Program log: jbqo/GyNSF6ctzjFHW4XvZj+MxHkKkvsInzL6Ys+hkvDPt17IYHDCCiSzxJrDV60P4MhylWAOXRuYHS2Z47GRWzqsD1L8kfBoEvGqaeeBXsEZNjmBVIeI2IadIcTg3WfYynHhE4fv7gAAAAAAAAAAEBCDwAAAAAA
[2022-02-12T07:55:38.147409000Z DEBUG solana_bpf_loader_program] Program CiDwVBFgWV9E5MvXWoLgnEgn2hK7rJikbvfWavzAQz3 consumed 17628 of 200000 compute units
[2022-02-12T07:55:38.147430000Z DEBUG solana_program_runtime::stable_log] Program 11111111111111111111111111111111 invoke [1]
[2022-02-12T07:55:38.147496000Z DEBUG solana_program_runtime::stable_log] Program 11111111111111111111111111111111 success
[2022-02-12T07:55:38.147484000Z DEBUG solana_program_runtime::stable_log] Program CiDwVBFgWV9E5MvXWoLgnEgn2hK7rJikbvfWavzAQz3 success
[2022-02-12T07:55:38.149906000Z DEBUG solana_program_runtime::stable_log] Program TokenkegQfeZyiNwAJbNbGKPFXCWuBvf9Ss623VQ5DA invoke [2]
[2022-02-12T07:55:38.150363000Z DEBUG solana_program_runtime::stable_log] Program log: Instruction: Transfer
[2022-02-12T07:55:38.150873000Z DEBUG solana_bpf_loader_program] Program YEGAxog9gxiGXxo538aAQxq55XAebpFfwU72ZUxmSHm consumed 13647 of 200000 compute units
[2022-02-12T07:55:38.151035000Z DEBUG solana_program_runtime::stable_log] Program YEGAxog9gxiGXxo538aAQxq55XAebpFfwU72ZUxmSHm success
[2022-02-12T07:55:38.151324000Z DEBUG solana_bpf_loader_program] Program TokenkegQfeZyiNwAJbNbGKPFXCWuBvf9Ss623VQ5DA consumed 3121 of 194795 compute units
[2022-02-12T07:55:38.151388000Z DEBUG solana_program_runtime::stable_log] Program TokenkegQfeZyiNwAJbNbGKPFXCWuBvf9Ss623VQ5DA success
[2022-02-12T07:55:38.152750000Z DEBUG solana_program_runtime::stable_log] Program log: mango-log
[2022-02-12T07:55:38.153568000Z DEBUG solana_program_runtime::stable_log] Program log: F5qwwQsqqPSedYLQOjgeoIOp1VY49L9OAH1lbwNX/u06aA+YdBuZ3OSrBRwvR7tIzDXy5mY4AQH3F4wqv58sQ8hfTrqHfdNiAAAAAAAAAAAAAAAAAAABAAAAAAAAAAAAAAAAAAAAAAAAAAAAAAAAAA==
[2022-02-12T07:55:38.153604000Z DEBUG solana_program_runtime::stable_log] Program log: mango-log
[2022-02-12T07:55:38.154474000Z DEBUG solana_program_runtime::stable_log] Program log: jbqo/GyNSF6edYLQOjgeoIOp1VY49L9OAH1lbwNX/u06aA+YdBuZ3OSrBRwvR7tIzDXy5mY4AQH3F4wqv58sQ8hfTrqHfdNixGAP1xD2h8GP33O9tbLbmYPQ9tHmU55psR+ZGFQ2BWIAAAAAAAAAAEBCDwAAAAAA
[2022-02-12T07:55:38.154715000Z DEBUG solana_bpf_loader_program] Program jwV7SyvqCSrVcKibYvurCCWr7DUmT7yRYPmY9QwvrGo consumed 17637 of 200000 compute units
[2022-02-12T07:55:38.154800000Z DEBUG solana_program_runtime::stable_log] Program jwV7SyvqCSrVcKibYvurCCWr7DUmT7yRYPmY9QwvrGo success
[2022-02-12T07:55:38.155626000Z DEBUG solana_program_runtime::stable_log] Program TokenkegQfeZyiNwAJbNbGKPFXCWuBvf9Ss623VQ5DA invoke [1]
[2022-02-12T07:55:38.156151000Z DEBUG solana_program_runtime::stable_log] Program log: Instruction: InitializeAccount
[2022-02-12T07:55:38.157247000Z DEBUG solana_bpf_loader_program] Program TokenkegQfeZyiNwAJbNbGKPFXCWuBvf9Ss623VQ5DA consumed 3411 of 200000 compute units
[2022-02-12T07:55:38.157315000Z DEBUG solana_program_runtime::stable_log] Program TokenkegQfeZyiNwAJbNbGKPFXCWuBvf9Ss623VQ5DA success
[2022-02-12T07:55:38.158065000Z DEBUG solana_program_runtime::stable_log] Program 11111111111111111111111111111111 invoke [1]
[2022-02-12T07:55:38.158169000Z DEBUG solana_program_runtime::stable_log] Program 11111111111111111111111111111111 success
[2022-02-12T07:55:38.158952000Z DEBUG solana_program_runtime::stable_log] Program c8fpTXm3XTRgE5maYQ24Li4L65wMYvAFomzXknxVEx7 invoke [1]
[2022-02-12T07:55:38.159304000Z DEBUG solana_program_runtime::stable_log] Program log: Mango: CachePrices
[2022-02-12T07:55:38.159642000Z DEBUG solana_program_runtime::stable_log] Program log: mango-log
[2022-02-12T07:55:38.160273000Z DEBUG solana_program_runtime::stable_log] Program log: ux0uSxX5tBvjdptMAi+NLVTx9FQl07nukKkcrdUg3+ECQk4ro7RHLgEAAAAAAAAAAAAAAAEAAAAAAAAAAAAQJwAAAAAAAAAA
[2022-02-12T07:55:38.160506000Z DEBUG solana_bpf_loader_program] Program c8fpTXm3XTRgE5maYQ24Li4L65wMYvAFomzXknxVEx7 consumed 3669 of 200000 compute units
[2022-02-12T07:55:38.160575000Z DEBUG solana_program_runtime::stable_log] Program c8fpTXm3XTRgE5maYQ24Li4L65wMYvAFomzXknxVEx7 success
[2022-02-12T07:55:38.161162000Z DEBUG solana_program_runtime::stable_log] Program 11111111111111111111111111111111 invoke [1]
[2022-02-12T07:55:38.161230000Z DEBUG solana_program_runtime::stable_log] Program 11111111111111111111111111111111 success
[2022-02-12T07:55:38.164731000Z DEBUG solana_program_runtime::stable_log] Program 11111111111111111111111111111111 invoke [1]
[2022-02-12T07:55:38.164797000Z DEBUG solana_program_runtime::stable_log] Program 11111111111111111111111111111111 success
[2022-02-12T07:55:38.166317000Z DEBUG solana_program_runtime::stable_log] Program TokenkegQfeZyiNwAJbNbGKPFXCWuBvf9Ss623VQ5DA invoke [1]
[2022-02-12T07:55:38.166856000Z DEBUG solana_program_runtime::stable_log] Program log: Instruction: InitializeAccount
[2022-02-12T07:55:38.167956000Z DEBUG solana_bpf_loader_program] Program TokenkegQfeZyiNwAJbNbGKPFXCWuBvf9Ss623VQ5DA consumed 3411 of 200000 compute units
[2022-02-12T07:55:38.168030000Z DEBUG solana_program_runtime::stable_log] Program TokenkegQfeZyiNwAJbNbGKPFXCWuBvf9Ss623VQ5DA success
[2022-02-12T07:55:38.172362000Z DEBUG solana_program_runtime::stable_log] Program c8fpTXm3XTRgE5maYQ24Li4L65wMYvAFomzXknxVEx7 invoke [1]
[2022-02-12T07:55:38.172773000Z DEBUG solana_program_runtime::stable_log] Program log: Mango: UpdateRootBank
[2022-02-12T07:55:38.173208000Z DEBUG solana_program_runtime::stable_log] Program 11111111111111111111111111111111 invoke [1]
[2022-02-12T07:55:38.173269000Z DEBUG solana_program_runtime::stable_log] Program 11111111111111111111111111111111 success
[2022-02-12T07:55:38.174681000Z DEBUG solana_program_runtime::stable_log] Program log: mango-log
[2022-02-12T07:55:38.175336000Z DEBUG solana_program_runtime::stable_log] Program log: 8HmBNKTUaLjjdptMAi+NLVTx9FQl07nukKkcrdUg3+ECQk4ro7RHLgAAAAAAAAAAAAAAAAAAQEIPAAAAAAAAAAAAAAAAAEBCDwAAAAAAAAA=
[2022-02-12T07:55:38.175476000Z DEBUG solana_bpf_loader_program] Program c8fpTXm3XTRgE5maYQ24Li4L65wMYvAFomzXknxVEx7 consumed 8519 of 200000 compute units
[2022-02-12T07:55:38.175552000Z DEBUG solana_program_runtime::stable_log] Program c8fpTXm3XTRgE5maYQ24Li4L65wMYvAFomzXknxVEx7 success
[2022-02-12T07:55:38.176642000Z DEBUG solana_program_runtime::stable_log] Program 11111111111111111111111111111111 invoke [1]
[2022-02-12T07:55:38.176696000Z DEBUG solana_program_runtime::stable_log] Program 11111111111111111111111111111111 success
[2022-02-12T07:55:38.176899000Z DEBUG solana_program_runtime::stable_log] Program 8opHzTAnfzRpPEx21XtnrVTX28YQuCpAjcn1PczScKh invoke [1]
[2022-02-12T07:55:38.177610000Z DEBUG solana_program_runtime::stable_log] Program log: Mango: AddSpotMarket
[2022-02-12T07:55:38.180293000Z DEBUG solana_program_runtime::stable_log] Program CiDwVBFgWV9E5MvXWoLgnEgn2hK7rJikbvfWavzAQz3 invoke [1]
[2022-02-12T07:55:38.180645000Z DEBUG solana_program_runtime::stable_log] Program log: Mango: CachePrices
[2022-02-12T07:55:38.180991000Z DEBUG solana_program_runtime::stable_log] Program log: mango-log
[2022-02-12T07:55:38.181623000Z DEBUG solana_program_runtime::stable_log] Program log: ux0uSxX5tBuctzjFHW4XvZj+MxHkKkvsInzL6Ys+hkvDPt17IYHDCAEAAAAAAAAAAAAAAAEAAAAAAAAAAAAQJwAAAAAAAAAA
[2022-02-12T07:55:38.181735000Z DEBUG solana_bpf_loader_program] Program CiDwVBFgWV9E5MvXWoLgnEgn2hK7rJikbvfWavzAQz3 consumed 3669 of 200000 compute units
[2022-02-12T07:55:38.181800000Z DEBUG solana_program_runtime::stable_log] Program CiDwVBFgWV9E5MvXWoLgnEgn2hK7rJikbvfWavzAQz3 success
[2022-02-12T07:55:38.184076000Z DEBUG solana_bpf_loader_program] Program 8opHzTAnfzRpPEx21XtnrVTX28YQuCpAjcn1PczScKh consumed 20552 of 200000 compute units
[2022-02-12T07:55:38.184225000Z DEBUG solana_program_runtime::stable_log] Program 8opHzTAnfzRpPEx21XtnrVTX28YQuCpAjcn1PczScKh success
[2022-02-12T07:55:38.186982000Z DEBUG solana_program_runtime::stable_log] Program c8fpTXm3XTRgE5maYQ24Li4L65wMYvAFomzXknxVEx7 invoke [1]
[2022-02-12T07:55:38.187146000Z DEBUG solana_program_runtime::stable_log] Program jwV7SyvqCSrVcKibYvurCCWr7DUmT7yRYPmY9QwvrGo invoke [1]
[2022-02-12T07:55:38.187449000Z DEBUG solana_program_runtime::stable_log] Program log: Mango: UpdateFunding
[2022-02-12T07:55:38.187495000Z DEBUG solana_program_runtime::stable_log] Program log: Mango: CachePrices
[2022-02-12T07:55:38.187842000Z DEBUG solana_program_runtime::stable_log] Program log: mango-log
[2022-02-12T07:55:38.188474000Z DEBUG solana_program_runtime::stable_log] Program log: ux0uSxX5tBuedYLQOjgeoIOp1VY49L9OAH1lbwNX/u06aA+YdBuZ3AEAAAAAAAAAAAAAAAEAAAAAAAAAAAAQJwAAAAAAAAAA
[2022-02-12T07:55:38.188584000Z DEBUG solana_bpf_loader_program] Program jwV7SyvqCSrVcKibYvurCCWr7DUmT7yRYPmY9QwvrGo consumed 3669 of 200000 compute units
[2022-02-12T07:55:38.188616000Z DEBUG solana_program_runtime::stable_log] Program log: mango-log
[2022-02-12T07:55:38.188644000Z DEBUG solana_program_runtime::stable_log] Program jwV7SyvqCSrVcKibYvurCCWr7DUmT7yRYPmY9QwvrGo success
[2022-02-12T07:55:38.188904000Z DEBUG solana_program_runtime::stable_log] Program GcdayuLaLyrdmUu324nahyv33G5poQdLUEZ1nEytDeP invoke [1]
[2022-02-12T07:55:38.189280000Z DEBUG solana_program_runtime::stable_log] Program log: ta5iwCEXTXvjdptMAi+NLVTx9FQl07nukKkcrdUg3+ECQk4ro7RHLgAAAAAAAAAAAAAAAAAAAAAAAAAAAAAAAAAAAAAAAAAAAAAAAAAAAAA=
[2022-02-12T07:55:38.189373000Z DEBUG solana_program_runtime::stable_log] Program 11111111111111111111111111111111 invoke [1]
[2022-02-12T07:55:38.189440000Z DEBUG solana_program_runtime::stable_log] Program 11111111111111111111111111111111 success
[2022-02-12T07:55:38.189434000Z DEBUG solana_bpf_loader_program] Program c8fpTXm3XTRgE5maYQ24Li4L65wMYvAFomzXknxVEx7 consumed 6381 of 200000 compute units
[2022-02-12T07:55:38.189513000Z DEBUG solana_program_runtime::stable_log] Program c8fpTXm3XTRgE5maYQ24Li4L65wMYvAFomzXknxVEx7 success
[2022-02-12T07:55:38.189638000Z DEBUG solana_program_runtime::stable_log] Program log: Mango: AddSpotMarket
[2022-02-12T07:55:38.192660000Z DEBUG solana_program_runtime::stable_log] Program CiDwVBFgWV9E5MvXWoLgnEgn2hK7rJikbvfWavzAQz3 invoke [1]
[2022-02-12T07:55:38.193060000Z DEBUG solana_program_runtime::stable_log] Program log: Mango: UpdateRootBank
[2022-02-12T07:55:38.195206000Z DEBUG solana_program_runtime::stable_log] Program log: mango-log
[2022-02-12T07:55:38.195831000Z DEBUG solana_program_runtime::stable_log] Program log: 8HmBNKTUaLictzjFHW4XvZj+MxHkKkvsInzL6Ys+hkvDPt17IYHDCAAAAAAAAAAAAAAAAAAAQEIPAAAAAAAAAAAAAAAAAEBCDwAAAAAAAAA=
[2022-02-12T07:55:38.195966000Z DEBUG solana_bpf_loader_program] Program CiDwVBFgWV9E5MvXWoLgnEgn2hK7rJikbvfWavzAQz3 consumed 9360 of 200000 compute units
[2022-02-12T07:55:38.196019000Z DEBUG solana_bpf_loader_program] Program GcdayuLaLyrdmUu324nahyv33G5poQdLUEZ1nEytDeP consumed 20552 of 200000 compute units
[2022-02-12T07:55:38.196028000Z DEBUG solana_program_runtime::stable_log] Program CiDwVBFgWV9E5MvXWoLgnEgn2hK7rJikbvfWavzAQz3 success
[2022-02-12T07:55:38.196127000Z DEBUG solana_program_runtime::stable_log] Program GcdayuLaLyrdmUu324nahyv33G5poQdLUEZ1nEytDeP success
[2022-02-12T07:55:38.197562000Z DEBUG solana_program_runtime::stable_log] Program TokenkegQfeZyiNwAJbNbGKPFXCWuBvf9Ss623VQ5DA invoke [1]
[2022-02-12T07:55:38.198089000Z DEBUG solana_program_runtime::stable_log] Program log: Instruction: InitializeAccount
[2022-02-12T07:55:38.199159000Z DEBUG solana_bpf_loader_program] Program TokenkegQfeZyiNwAJbNbGKPFXCWuBvf9Ss623VQ5DA consumed 3411 of 200000 compute units
[2022-02-12T07:55:38.199220000Z DEBUG solana_program_runtime::stable_log] Program TokenkegQfeZyiNwAJbNbGKPFXCWuBvf9Ss623VQ5DA success
[2022-02-12T07:55:38.199496000Z DEBUG solana_program_runtime::stable_log] Program jwV7SyvqCSrVcKibYvurCCWr7DUmT7yRYPmY9QwvrGo invoke [1]
[2022-02-12T07:55:38.199669000Z DEBUG solana_program_runtime::stable_log] Program c8fpTXm3XTRgE5maYQ24Li4L65wMYvAFomzXknxVEx7 invoke [1]
[2022-02-12T07:55:38.199912000Z DEBUG solana_program_runtime::stable_log] Program log: Mango: UpdateRootBank
[2022-02-12T07:55:38.200081000Z DEBUG solana_program_runtime::stable_log] Program log: Mango: CacheRootBanks
[2022-02-12T07:55:38.200773000Z DEBUG solana_program_runtime::stable_log] Program 11111111111111111111111111111111 invoke [1]
[2022-02-12T07:55:38.200799000Z DEBUG solana_program_runtime::stable_log] Program log: mango-log
[2022-02-12T07:55:38.200836000Z DEBUG solana_program_runtime::stable_log] Program 11111111111111111111111111111111 success
[2022-02-12T07:55:38.201727000Z DEBUG solana_program_runtime::stable_log] Program log: IVXYca/GfejjdptMAi+NLVTx9FQl07nukKkcrdUg3+ECQk4ro7RHLgIAAAAAAAAAAAAAAA8AAAAAAAAAAgAAAAAAAAAAAEBCDwAAAAAAAAAAAAAAAABAQg8AAAAAAAAAAgAAAAAAAAAAAEBCDwAAAAAAAAAAAAAAAABAQg8AAAAAAAAA
[2022-02-12T07:55:38.201863000Z DEBUG solana_bpf_loader_program] Program c8fpTXm3XTRgE5maYQ24Li4L65wMYvAFomzXknxVEx7 consumed 5857 of 200000 compute units
[2022-02-12T07:55:38.201925000Z DEBUG solana_program_runtime::stable_log] Program c8fpTXm3XTRgE5maYQ24Li4L65wMYvAFomzXknxVEx7 success
[2022-02-12T07:55:38.202140000Z DEBUG solana_program_runtime::stable_log] Program log: mango-log
[2022-02-12T07:55:38.202601000Z DEBUG solana_program_runtime::stable_log] Program 11111111111111111111111111111111 invoke [1]
[2022-02-12T07:55:38.202650000Z DEBUG solana_program_runtime::stable_log] Program 11111111111111111111111111111111 success
[2022-02-12T07:55:38.202778000Z DEBUG solana_program_runtime::stable_log] Program log: 8HmBNKTUaLiedYLQOjgeoIOp1VY49L9OAH1lbwNX/u06aA+YdBuZ3AAAAAAAAAAAAAAAAAAAQEIPAAAAAAAAAAAAAAAAAEBCDwAAAAAAAAA=
[2022-02-12T07:55:38.202912000Z DEBUG solana_bpf_loader_program] Program jwV7SyvqCSrVcKibYvurCCWr7DUmT7yRYPmY9QwvrGo consumed 9360 of 200000 compute units
[2022-02-12T07:55:38.202975000Z DEBUG solana_program_runtime::stable_log] Program jwV7SyvqCSrVcKibYvurCCWr7DUmT7yRYPmY9QwvrGo success
[2022-02-12T07:55:38.206993000Z DEBUG solana_program_runtime::stable_log] Program CiDwVBFgWV9E5MvXWoLgnEgn2hK7rJikbvfWavzAQz3 invoke [1]
[2022-02-12T07:55:38.207462000Z DEBUG solana_program_runtime::stable_log] Program log: Mango: UpdateFunding
[2022-02-12T07:55:38.208616000Z DEBUG solana_program_runtime::stable_log] Program log: mango-log
[2022-02-12T07:55:38.208951000Z DEBUG solana_program_runtime::stable_log] Program TokenkegQfeZyiNwAJbNbGKPFXCWuBvf9Ss623VQ5DA invoke [1]
[2022-02-12T07:55:38.209252000Z DEBUG solana_program_runtime::stable_log] Program log: ta5iwCEXTXuctzjFHW4XvZj+MxHkKkvsInzL6Ys+hkvDPt17IYHDCAAAAAAAAAAAAAAAAAAAAAAAAAAAAAAAAAAAAAAAAAAAAAAAAAAAAAA=
[2022-02-12T07:55:38.209407000Z DEBUG solana_bpf_loader_program] Program CiDwVBFgWV9E5MvXWoLgnEgn2hK7rJikbvfWavzAQz3 consumed 6381 of 200000 compute units
[2022-02-12T07:55:38.209488000Z DEBUG solana_program_runtime::stable_log] Program log: Instruction: InitializeAccount
[2022-02-12T07:55:38.209485000Z DEBUG solana_program_runtime::stable_log] Program CiDwVBFgWV9E5MvXWoLgnEgn2hK7rJikbvfWavzAQz3 success
[2022-02-12T07:55:38.210559000Z DEBUG solana_bpf_loader_program] Program TokenkegQfeZyiNwAJbNbGKPFXCWuBvf9Ss623VQ5DA consumed 3411 of 200000 compute units
[2022-02-12T07:55:38.210624000Z DEBUG solana_program_runtime::stable_log] Program TokenkegQfeZyiNwAJbNbGKPFXCWuBvf9Ss623VQ5DA success
[2022-02-12T07:55:38.210755000Z DEBUG solana_program_runtime::stable_log] Program TokenkegQfeZyiNwAJbNbGKPFXCWuBvf9Ss623VQ5DA invoke [1]
[2022-02-12T07:55:38.211273000Z DEBUG solana_program_runtime::stable_log] Program log: Instruction: InitializeAccount
[2022-02-12T07:55:38.212250000Z DEBUG solana_program_runtime::stable_log] Program c8fpTXm3XTRgE5maYQ24Li4L65wMYvAFomzXknxVEx7 invoke [1]
[2022-02-12T07:55:38.212340000Z DEBUG solana_bpf_loader_program] Program TokenkegQfeZyiNwAJbNbGKPFXCWuBvf9Ss623VQ5DA consumed 3411 of 200000 compute units
[2022-02-12T07:55:38.212406000Z DEBUG solana_program_runtime::stable_log] Program TokenkegQfeZyiNwAJbNbGKPFXCWuBvf9Ss623VQ5DA success
[2022-02-12T07:55:38.212603000Z DEBUG solana_program_runtime::stable_log] Program log: Mango: CachePerpMarkets
[2022-02-12T07:55:38.213020000Z DEBUG solana_program_runtime::stable_log] Program log: mango-log
[2022-02-12T07:55:38.213807000Z DEBUG solana_program_runtime::stable_log] Program log: 9lt9JxCzqw7jdptMAi+NLVTx9FQl07nukKkcrdUg3+ECQk4ro7RHLgEAAAAAAAAAAAAAAAEAAAAAAAAAAAAAAAAAAAAAAAAAAQAAAAAAAAAAAAAAAAAAAAAAAAA=
[2022-02-12T07:55:38.213866000Z DEBUG solana_program_runtime::stable_log] Program 11111111111111111111111111111111 invoke [1]
[2022-02-12T07:55:38.213934000Z DEBUG solana_program_runtime::stable_log] Program 11111111111111111111111111111111 success
[2022-02-12T07:55:38.213918000Z DEBUG solana_bpf_loader_program] Program c8fpTXm3XTRgE5maYQ24Li4L65wMYvAFomzXknxVEx7 consumed 4331 of 200000 compute units
[2022-02-12T07:55:38.214035000Z DEBUG solana_program_runtime::stable_log] Program c8fpTXm3XTRgE5maYQ24Li4L65wMYvAFomzXknxVEx7 success
[2022-02-12T07:55:38.214468000Z DEBUG solana_program_runtime::stable_log] Program jwV7SyvqCSrVcKibYvurCCWr7DUmT7yRYPmY9QwvrGo invoke [1]
[2022-02-12T07:55:38.214925000Z DEBUG solana_program_runtime::stable_log] Program log: Mango: UpdateFunding
[2022-02-12T07:55:38.216070000Z DEBUG solana_program_runtime::stable_log] Program log: mango-log
[2022-02-12T07:55:38.216702000Z DEBUG solana_program_runtime::stable_log] Program log: ta5iwCEXTXuedYLQOjgeoIOp1VY49L9OAH1lbwNX/u06aA+YdBuZ3AAAAAAAAAAAAAAAAAAAAAAAAAAAAAAAAAAAAAAAAAAAAAAAAAAAAAA=
[2022-02-12T07:55:38.216852000Z DEBUG solana_bpf_loader_program] Program jwV7SyvqCSrVcKibYvurCCWr7DUmT7yRYPmY9QwvrGo consumed 6381 of 200000 compute units
[2022-02-12T07:55:38.216920000Z DEBUG solana_program_runtime::stable_log] Program jwV7SyvqCSrVcKibYvurCCWr7DUmT7yRYPmY9QwvrGo success
[2022-02-12T07:55:38.219722000Z DEBUG solana_program_runtime::stable_log] Program CiDwVBFgWV9E5MvXWoLgnEgn2hK7rJikbvfWavzAQz3 invoke [1]
[2022-02-12T07:55:38.220138000Z DEBUG solana_program_runtime::stable_log] Program log: Mango: CacheRootBanks
[2022-02-12T07:55:38.220847000Z DEBUG solana_program_runtime::stable_log] Program log: mango-log
[2022-02-12T07:55:38.221794000Z DEBUG solana_program_runtime::stable_log] Program log: IVXYca/GfeictzjFHW4XvZj+MxHkKkvsInzL6Ys+hkvDPt17IYHDCAIAAAAAAAAAAAAAAA8AAAAAAAAAAgAAAAAAAAAAAEBCDwAAAAAAAAAAAAAAAABAQg8AAAAAAAAAAgAAAAAAAAAAAEBCDwAAAAAAAAAAAAAAAABAQg8AAAAAAAAA
[2022-02-12T07:55:38.221818000Z DEBUG solana_program_runtime::stable_log] Program 11111111111111111111111111111111 invoke [1]
[2022-02-12T07:55:38.221870000Z DEBUG solana_program_runtime::stable_log] Program 11111111111111111111111111111111 success
[2022-02-12T07:55:38.221924000Z DEBUG solana_program_runtime::stable_log] Program 11111111111111111111111111111111 invoke [1]
[2022-02-12T07:55:38.221928000Z DEBUG solana_bpf_loader_program] Program CiDwVBFgWV9E5MvXWoLgnEgn2hK7rJikbvfWavzAQz3 consumed 5857 of 200000 compute units
[2022-02-12T07:55:38.221970000Z DEBUG solana_program_runtime::stable_log] Program 11111111111111111111111111111111 success
[2022-02-12T07:55:38.221989000Z DEBUG solana_program_runtime::stable_log] Program CiDwVBFgWV9E5MvXWoLgnEgn2hK7rJikbvfWavzAQz3 success
[2022-02-12T07:55:38.222021000Z DEBUG solana_program_runtime::stable_log] Program 11111111111111111111111111111111 invoke [1]
[2022-02-12T07:55:38.222065000Z DEBUG solana_program_runtime::stable_log] Program TokenkegQfeZyiNwAJbNbGKPFXCWuBvf9Ss623VQ5DA invoke [1]
[2022-02-12T07:55:38.222095000Z DEBUG solana_program_runtime::stable_log] Program 11111111111111111111111111111111 success
[2022-02-12T07:55:38.222327000Z DEBUG solana_program_runtime::stable_log] Program 11111111111111111111111111111111 invoke [1]
[2022-02-12T07:55:38.222374000Z DEBUG solana_program_runtime::stable_log] Program 11111111111111111111111111111111 success
[2022-02-12T07:55:38.222437000Z DEBUG solana_program_runtime::stable_log] Program 11111111111111111111111111111111 invoke [1]
[2022-02-12T07:55:38.222482000Z DEBUG solana_program_runtime::stable_log] Program 11111111111111111111111111111111 success
[2022-02-12T07:55:38.222572000Z DEBUG solana_program_runtime::stable_log] Program log: Instruction: InitializeAccount
[2022-02-12T07:55:38.223631000Z DEBUG solana_bpf_loader_program] Program TokenkegQfeZyiNwAJbNbGKPFXCWuBvf9Ss623VQ5DA consumed 3411 of 200000 compute units
[2022-02-12T07:55:38.223692000Z DEBUG solana_program_runtime::stable_log] Program TokenkegQfeZyiNwAJbNbGKPFXCWuBvf9Ss623VQ5DA success
[2022-02-12T07:55:38.227881000Z DEBUG solana_program_runtime::stable_log] Program jwV7SyvqCSrVcKibYvurCCWr7DUmT7yRYPmY9QwvrGo invoke [1]
[2022-02-12T07:55:38.228102000Z DEBUG solana_program_runtime::stable_log] Program c8fpTXm3XTRgE5maYQ24Li4L65wMYvAFomzXknxVEx7 invoke [1]
[2022-02-12T07:55:38.228316000Z DEBUG solana_program_runtime::stable_log] Program log: Mango: CacheRootBanks
[2022-02-12T07:55:38.228736000Z DEBUG solana_program_runtime::stable_log] Program log: Mango: CreateSpotOpenOrders
[2022-02-12T07:55:38.229016000Z DEBUG solana_program_runtime::stable_log] Program log: mango-log
[2022-02-12T07:55:38.229871000Z DEBUG solana_program_runtime::stable_log] Program 11111111111111111111111111111111 invoke [2]
[2022-02-12T07:55:38.229933000Z DEBUG solana_program_runtime::stable_log] Program 11111111111111111111111111111111 success
[2022-02-12T07:55:38.229954000Z DEBUG solana_program_runtime::stable_log] Program log: IVXYca/GfeiedYLQOjgeoIOp1VY49L9OAH1lbwNX/u06aA+YdBuZ3AIAAAAAAAAAAAAAAA8AAAAAAAAAAgAAAAAAAAAAAEBCDwAAAAAAAAAAAAAAAABAQg8AAAAAAAAAAgAAAAAAAAAAAEBCDwAAAAAAAAAAAAAAAABAQg8AAAAAAAAA
[2022-02-12T07:55:38.230084000Z DEBUG solana_bpf_loader_program] Program jwV7SyvqCSrVcKibYvurCCWr7DUmT7yRYPmY9QwvrGo consumed 5857 of 200000 compute units
[2022-02-12T07:55:38.230145000Z DEBUG solana_program_runtime::stable_log] Program jwV7SyvqCSrVcKibYvurCCWr7DUmT7yRYPmY9QwvrGo success
[2022-02-12T07:55:38.232246000Z DEBUG solana_program_runtime::stable_log] Program QRSsyMWN1yHT9ir42bgNZUNZ4PdEhcSWCrL2AryKpy5 invoke [1]
[2022-02-12T07:55:38.232504000Z DEBUG solana_program_runtime::stable_log] Program CiDwVBFgWV9E5MvXWoLgnEgn2hK7rJikbvfWavzAQz3 invoke [1]
[2022-02-12T07:55:38.232878000Z DEBUG solana_program_runtime::stable_log] Program log: Mango: CachePerpMarkets
[2022-02-12T07:55:38.233302000Z DEBUG solana_program_runtime::stable_log] Program log: mango-log
[2022-02-12T07:55:38.234097000Z DEBUG solana_program_runtime::stable_log] Program log: 9lt9JxCzqw6ctzjFHW4XvZj+MxHkKkvsInzL6Ys+hkvDPt17IYHDCAEAAAAAAAAAAAAAAAEAAAAAAAAAAAAAAAAAAAAAAAAAAQAAAAAAAAAAAAAAAAAAAAAAAAA=
[2022-02-12T07:55:38.234214000Z DEBUG solana_bpf_loader_program] Program CiDwVBFgWV9E5MvXWoLgnEgn2hK7rJikbvfWavzAQz3 consumed 4331 of 200000 compute units
[2022-02-12T07:55:38.234275000Z DEBUG solana_program_runtime::stable_log] Program CiDwVBFgWV9E5MvXWoLgnEgn2hK7rJikbvfWavzAQz3 success
[2022-02-12T07:55:38.234289000Z DEBUG solana_program_runtime::stable_log] Program 11111111111111111111111111111111 invoke [1]
[2022-02-12T07:55:38.234367000Z DEBUG solana_program_runtime::stable_log] Program 11111111111111111111111111111111 success
[2022-02-12T07:55:38.234421000Z DEBUG solana_program_runtime::stable_log] Program 11111111111111111111111111111111 invoke [1]
[2022-02-12T07:55:38.234465000Z DEBUG solana_program_runtime::stable_log] Program 11111111111111111111111111111111 success
[2022-02-12T07:55:38.234518000Z DEBUG solana_program_runtime::stable_log] Program 11111111111111111111111111111111 invoke [1]
[2022-02-12T07:55:38.234600000Z DEBUG solana_program_runtime::stable_log] Program 11111111111111111111111111111111 success
[2022-02-12T07:55:38.234831000Z DEBUG solana_program_runtime::stable_log] Program 11111111111111111111111111111111 invoke [1]
[2022-02-12T07:55:38.234879000Z DEBUG solana_program_runtime::stable_log] Program 11111111111111111111111111111111 success
[2022-02-12T07:55:38.234941000Z DEBUG solana_program_runtime::stable_log] Program 11111111111111111111111111111111 invoke [1]
[2022-02-12T07:55:38.234989000Z DEBUG solana_program_runtime::stable_log] Program 11111111111111111111111111111111 success
[2022-02-12T07:55:38.237442000Z DEBUG solana_bpf_loader_program] Program QRSsyMWN1yHT9ir42bgNZUNZ4PdEhcSWCrL2AryKpy5 consumed 13668 of 200000 compute units
[2022-02-12T07:55:38.237565000Z DEBUG solana_program_runtime::stable_log] Program QRSsyMWN1yHT9ir42bgNZUNZ4PdEhcSWCrL2AryKpy5 success
[2022-02-12T07:55:38.238903000Z DEBUG solana_program_runtime::stable_log] Program g35TxFqwMx95vCk63fTxGTHb6ei4W24qg5t2x6xD3cT invoke [2]
[2022-02-12T07:55:38.240405000Z DEBUG solana_bpf_loader_program] Program g35TxFqwMx95vCk63fTxGTHb6ei4W24qg5t2x6xD3cT consumed 3417 of 190767 compute units
[2022-02-12T07:55:38.240467000Z DEBUG solana_program_runtime::stable_log] Program g35TxFqwMx95vCk63fTxGTHb6ei4W24qg5t2x6xD3cT success
[2022-02-12T07:55:38.240765000Z DEBUG solana_bpf_loader_program] Program c8fpTXm3XTRgE5maYQ24Li4L65wMYvAFomzXknxVEx7 consumed 13058 of 200000 compute units
[2022-02-12T07:55:38.240779000Z DEBUG solana_program_runtime::stable_log] Program jwV7SyvqCSrVcKibYvurCCWr7DUmT7yRYPmY9QwvrGo invoke [1]
[2022-02-12T07:55:38.240850000Z DEBUG solana_program_runtime::stable_log] Program c8fpTXm3XTRgE5maYQ24Li4L65wMYvAFomzXknxVEx7 success
[2022-02-12T07:55:38.241123000Z DEBUG solana_program_runtime::stable_log] Program log: Mango: CachePerpMarkets
[2022-02-12T07:55:38.241536000Z DEBUG solana_program_runtime::stable_log] Program log: mango-log
[2022-02-12T07:55:38.242306000Z DEBUG solana_program_runtime::stable_log] Program log: 9lt9JxCzqw6edYLQOjgeoIOp1VY49L9OAH1lbwNX/u06aA+YdBuZ3AEAAAAAAAAAAAAAAAEAAAAAAAAAAAAAAAAAAAAAAAAAAQAAAAAAAAAAAAAAAAAAAAAAAAA=
[2022-02-12T07:55:38.242415000Z DEBUG solana_bpf_loader_program] Program jwV7SyvqCSrVcKibYvurCCWr7DUmT7yRYPmY9QwvrGo consumed 4331 of 200000 compute units
[2022-02-12T07:55:38.242473000Z DEBUG solana_program_runtime::stable_log] Program jwV7SyvqCSrVcKibYvurCCWr7DUmT7yRYPmY9QwvrGo success
[2022-02-12T07:55:38.244856000Z DEBUG solana_program_runtime::stable_log] Program YEGAxog9gxiGXxo538aAQxq55XAebpFfwU72ZUxmSHm invoke [1]
[2022-02-12T07:55:38.246478000Z DEBUG solana_program_runtime::stable_log] Program 11111111111111111111111111111111 invoke [1]
[2022-02-12T07:55:38.246546000Z DEBUG solana_program_runtime::stable_log] Program 11111111111111111111111111111111 success
[2022-02-12T07:55:38.248451000Z DEBUG solana_program_runtime::stable_log] Program CiDwVBFgWV9E5MvXWoLgnEgn2hK7rJikbvfWavzAQz3 invoke [1]
[2022-02-12T07:55:38.249124000Z DEBUG solana_program_runtime::stable_log] Program log: Mango: CreateSpotOpenOrders
[2022-02-12T07:55:38.250159000Z DEBUG solana_bpf_loader_program] Program YEGAxog9gxiGXxo538aAQxq55XAebpFfwU72ZUxmSHm consumed 13647 of 200000 compute units
[2022-02-12T07:55:38.250301000Z DEBUG solana_program_runtime::stable_log] Program YEGAxog9gxiGXxo538aAQxq55XAebpFfwU72ZUxmSHm success
[2022-02-12T07:55:38.250362000Z DEBUG solana_program_runtime::stable_log] Program 11111111111111111111111111111111 invoke [2]
[2022-02-12T07:55:38.250429000Z DEBUG solana_program_runtime::stable_log] Program 11111111111111111111111111111111 success
[2022-02-12T07:55:38.254635000Z DEBUG solana_program_runtime::stable_log] Program TokenkegQfeZyiNwAJbNbGKPFXCWuBvf9Ss623VQ5DA invoke [1]
[2022-02-12T07:55:38.255155000Z DEBUG solana_program_runtime::stable_log] Program log: Instruction: InitializeAccount
[2022-02-12T07:55:38.256202000Z DEBUG solana_bpf_loader_program] Program TokenkegQfeZyiNwAJbNbGKPFXCWuBvf9Ss623VQ5DA consumed 3411 of 200000 compute units
[2022-02-12T07:55:38.256247000Z DEBUG solana_program_runtime::stable_log] Program jwV7SyvqCSrVcKibYvurCCWr7DUmT7yRYPmY9QwvrGo invoke [1]
[2022-02-12T07:55:38.256266000Z DEBUG solana_program_runtime::stable_log] Program TokenkegQfeZyiNwAJbNbGKPFXCWuBvf9Ss623VQ5DA success
[2022-02-12T07:55:38.256884000Z DEBUG solana_program_runtime::stable_log] Program log: Mango: CreateSpotOpenOrders
[2022-02-12T07:55:38.257985000Z DEBUG solana_program_runtime::stable_log] Program 11111111111111111111111111111111 invoke [2]
[2022-02-12T07:55:38.258035000Z DEBUG solana_program_runtime::stable_log] Program 11111111111111111111111111111111 success
[2022-02-12T07:55:38.258713000Z DEBUG solana_program_runtime::stable_log] Program 11111111111111111111111111111111 invoke [1]
[2022-02-12T07:55:38.258792000Z DEBUG solana_program_runtime::stable_log] Program 11111111111111111111111111111111 success
[2022-02-12T07:55:38.259649000Z DEBUG solana_program_runtime::stable_log] Program LX3EUdRUBUa3TbsYXLEUdj9J3prXkWXvLYSWyYyc2Jj invoke [2]
[2022-02-12T07:55:38.260029000Z DEBUG solana_program_runtime::stable_log] Program c8fpTXm3XTRgE5maYQ24Li4L65wMYvAFomzXknxVEx7 invoke [1]
[2022-02-12T07:55:38.260067000Z DEBUG solana_program_runtime::stable_log] Program 11111111111111111111111111111111 invoke [1]
[2022-02-12T07:55:38.260117000Z DEBUG solana_program_runtime::stable_log] Program 11111111111111111111111111111111 success
[2022-02-12T07:55:38.261179000Z DEBUG solana_bpf_loader_program] Program LX3EUdRUBUa3TbsYXLEUdj9J3prXkWXvLYSWyYyc2Jj consumed 3417 of 189267 compute units
[2022-02-12T07:55:38.261249000Z DEBUG solana_program_runtime::stable_log] Program LX3EUdRUBUa3TbsYXLEUdj9J3prXkWXvLYSWyYyc2Jj success
[2022-02-12T07:55:38.261544000Z DEBUG solana_bpf_loader_program] Program CiDwVBFgWV9E5MvXWoLgnEgn2hK7rJikbvfWavzAQz3 consumed 14558 of 200000 compute units
[2022-02-12T07:55:38.261630000Z DEBUG solana_program_runtime::stable_log] Program CiDwVBFgWV9E5MvXWoLgnEgn2hK7rJikbvfWavzAQz3 success
[2022-02-12T07:55:38.262012000Z DEBUG solana_program_runtime::stable_log] Program log: Mango: PlaceSpotOrder
[2022-02-12T07:55:38.263563000Z DEBUG solana_program_runtime::stable_log] Program 11111111111111111111111111111111 invoke [1]
[2022-02-12T07:55:38.263620000Z DEBUG solana_program_runtime::stable_log] Program 11111111111111111111111111111111 success
[2022-02-12T07:55:38.266930000Z DEBUG solana_program_runtime::stable_log] Program TokenkegQfeZyiNwAJbNbGKPFXCWuBvf9Ss623VQ5DA invoke [1]
[2022-02-12T07:55:38.267144000Z DEBUG solana_program_runtime::stable_log] Program oqtkwi1j2wZuJSh74CMk7wk77nFUQDt1Qhf3Liweew9 invoke [2]
[2022-02-12T07:55:38.267454000Z DEBUG solana_program_runtime::stable_log] Program log: Instruction: InitializeAccount
[2022-02-12T07:55:38.268509000Z DEBUG solana_bpf_loader_program] Program TokenkegQfeZyiNwAJbNbGKPFXCWuBvf9Ss623VQ5DA consumed 3411 of 200000 compute units
[2022-02-12T07:55:38.268573000Z DEBUG solana_program_runtime::stable_log] Program TokenkegQfeZyiNwAJbNbGKPFXCWuBvf9Ss623VQ5DA success
[2022-02-12T07:55:38.268715000Z DEBUG solana_bpf_loader_program] Program oqtkwi1j2wZuJSh74CMk7wk77nFUQDt1Qhf3Liweew9 consumed 3417 of 190767 compute units
[2022-02-12T07:55:38.268791000Z DEBUG solana_program_runtime::stable_log] Program oqtkwi1j2wZuJSh74CMk7wk77nFUQDt1Qhf3Liweew9 success
[2022-02-12T07:55:38.269097000Z DEBUG solana_bpf_loader_program] Program jwV7SyvqCSrVcKibYvurCCWr7DUmT7yRYPmY9QwvrGo consumed 13058 of 200000 compute units
[2022-02-12T07:55:38.269180000Z DEBUG solana_program_runtime::stable_log] Program jwV7SyvqCSrVcKibYvurCCWr7DUmT7yRYPmY9QwvrGo success
[2022-02-12T07:55:38.272376000Z DEBUG solana_program_runtime::stable_log] Program 11111111111111111111111111111111 invoke [1]
[2022-02-12T07:55:38.272449000Z DEBUG solana_program_runtime::stable_log] Program 11111111111111111111111111111111 success
[2022-02-12T07:55:38.275772000Z DEBUG solana_program_runtime::stable_log] Program 8opHzTAnfzRpPEx21XtnrVTX28YQuCpAjcn1PczScKh invoke [1]
[2022-02-12T07:55:38.275809000Z DEBUG solana_program_runtime::stable_log] Program 11111111111111111111111111111111 invoke [1]
[2022-02-12T07:55:38.275890000Z DEBUG solana_program_runtime::stable_log] Program 11111111111111111111111111111111 success
[2022-02-12T07:55:38.276494000Z DEBUG solana_program_runtime::stable_log] Program log: Mango: AddSpotMarket
[2022-02-12T07:55:38.278817000Z DEBUG solana_program_runtime::stable_log] Program g35TxFqwMx95vCk63fTxGTHb6ei4W24qg5t2x6xD3cT invoke [2]
[2022-02-12T07:55:38.280816000Z DEBUG solana_program_runtime::stable_log] Program CiDwVBFgWV9E5MvXWoLgnEgn2hK7rJikbvfWavzAQz3 invoke [1]
[2022-02-12T07:55:38.282775000Z DEBUG solana_program_runtime::stable_log] Program log: Mango: PlaceSpotOrder
[2022-02-12T07:55:38.282932000Z DEBUG solana_bpf_loader_program] Program 8opHzTAnfzRpPEx21XtnrVTX28YQuCpAjcn1PczScKh consumed 20591 of 200000 compute units
[2022-02-12T07:55:38.283036000Z DEBUG solana_program_runtime::stable_log] Program 8opHzTAnfzRpPEx21XtnrVTX28YQuCpAjcn1PczScKh success
[2022-02-12T07:55:38.288180000Z DEBUG solana_program_runtime::stable_log] Program GcdayuLaLyrdmUu324nahyv33G5poQdLUEZ1nEytDeP invoke [1]
[2022-02-12T07:55:38.288687000Z DEBUG solana_program_runtime::stable_log] Program 11111111111111111111111111111111 invoke [1]
[2022-02-12T07:55:38.288750000Z DEBUG solana_program_runtime::stable_log] Program 11111111111111111111111111111111 success
[2022-02-12T07:55:38.288825000Z DEBUG solana_program_runtime::stable_log] Program jwV7SyvqCSrVcKibYvurCCWr7DUmT7yRYPmY9QwvrGo invoke [1]
[2022-02-12T07:55:38.288918000Z DEBUG solana_program_runtime::stable_log] Program log: Mango: AddSpotMarket
[2022-02-12T07:55:38.290822000Z DEBUG solana_program_runtime::stable_log] Program log: Mango: PlaceSpotOrder
[2022-02-12T07:55:38.291991000Z DEBUG solana_program_runtime::stable_log] Program TokenkegQfeZyiNwAJbNbGKPFXCWuBvf9Ss623VQ5DA invoke [3]
[2022-02-12T07:55:38.292451000Z DEBUG solana_program_runtime::stable_log] Program log: Instruction: Transfer
[2022-02-12T07:55:38.293408000Z DEBUG solana_bpf_loader_program] Program TokenkegQfeZyiNwAJbNbGKPFXCWuBvf9Ss623VQ5DA consumed 3121 of 157803 compute units
[2022-02-12T07:55:38.293475000Z DEBUG solana_program_runtime::stable_log] Program TokenkegQfeZyiNwAJbNbGKPFXCWuBvf9Ss623VQ5DA success
[2022-02-12T07:55:38.294310000Z DEBUG solana_bpf_loader_program] Program g35TxFqwMx95vCk63fTxGTHb6ei4W24qg5t2x6xD3cT consumed 18030 of 171540 compute units
[2022-02-12T07:55:38.294448000Z DEBUG solana_program_runtime::stable_log] Program g35TxFqwMx95vCk63fTxGTHb6ei4W24qg5t2x6xD3cT success
[2022-02-12T07:55:38.295202000Z DEBUG solana_bpf_loader_program] Program GcdayuLaLyrdmUu324nahyv33G5poQdLUEZ1nEytDeP consumed 20591 of 200000 compute units
[2022-02-12T07:55:38.295292000Z DEBUG solana_program_runtime::stable_log] Program GcdayuLaLyrdmUu324nahyv33G5poQdLUEZ1nEytDeP success
[2022-02-12T07:55:38.296873000Z DEBUG solana_program_runtime::stable_log] Program TokenkegQfeZyiNwAJbNbGKPFXCWuBvf9Ss623VQ5DA invoke [1]
[2022-02-12T07:55:38.297381000Z DEBUG solana_program_runtime::stable_log] Program log: Instruction: InitializeAccount
[2022-02-12T07:55:38.298440000Z DEBUG solana_bpf_loader_program] Program TokenkegQfeZyiNwAJbNbGKPFXCWuBvf9Ss623VQ5DA consumed 3411 of 200000 compute units
[2022-02-12T07:55:38.298500000Z DEBUG solana_program_runtime::stable_log] Program TokenkegQfeZyiNwAJbNbGKPFXCWuBvf9Ss623VQ5DA success
[2022-02-12T07:55:38.299593000Z DEBUG solana_program_runtime::stable_log] Program LX3EUdRUBUa3TbsYXLEUdj9J3prXkWXvLYSWyYyc2Jj invoke [2]
[2022-02-12T07:55:38.299877000Z DEBUG solana_program_runtime::stable_log] Program 11111111111111111111111111111111 invoke [1]
[2022-02-12T07:55:38.299935000Z DEBUG solana_program_runtime::stable_log] Program 11111111111111111111111111111111 success
[2022-02-12T07:55:38.301642000Z DEBUG solana_program_runtime::stable_log] Program 11111111111111111111111111111111 invoke [1]
[2022-02-12T07:55:38.301691000Z DEBUG solana_program_runtime::stable_log] Program 11111111111111111111111111111111 success
[2022-02-12T07:55:38.304943000Z DEBUG solana_program_runtime::stable_log] Program g35TxFqwMx95vCk63fTxGTHb6ei4W24qg5t2x6xD3cT invoke [2]
[2022-02-12T07:55:38.307598000Z DEBUG solana_program_runtime::stable_log] Program oqtkwi1j2wZuJSh74CMk7wk77nFUQDt1Qhf3Liweew9 invoke [2]
[2022-02-12T07:55:38.308049000Z DEBUG solana_program_runtime::stable_log] Program TokenkegQfeZyiNwAJbNbGKPFXCWuBvf9Ss623VQ5DA invoke [1]
[2022-02-12T07:55:38.308575000Z DEBUG solana_program_runtime::stable_log] Program log: Instruction: InitializeAccount
[2022-02-12T07:55:38.309646000Z DEBUG solana_bpf_loader_program] Program TokenkegQfeZyiNwAJbNbGKPFXCWuBvf9Ss623VQ5DA consumed 3411 of 200000 compute units
[2022-02-12T07:55:38.309709000Z DEBUG solana_program_runtime::stable_log] Program TokenkegQfeZyiNwAJbNbGKPFXCWuBvf9Ss623VQ5DA success
[2022-02-12T07:55:38.309788000Z DEBUG solana_program_runtime::stable_log] Program TokenkegQfeZyiNwAJbNbGKPFXCWuBvf9Ss623VQ5DA invoke [1]
[2022-02-12T07:55:38.310306000Z DEBUG solana_program_runtime::stable_log] Program log: Instruction: InitializeAccount
[2022-02-12T07:55:38.311371000Z DEBUG solana_bpf_loader_program] Program TokenkegQfeZyiNwAJbNbGKPFXCWuBvf9Ss623VQ5DA consumed 3411 of 200000 compute units
[2022-02-12T07:55:38.311429000Z DEBUG solana_program_runtime::stable_log] Program TokenkegQfeZyiNwAJbNbGKPFXCWuBvf9Ss623VQ5DA success
[2022-02-12T07:55:38.312537000Z DEBUG solana_program_runtime::stable_log] Program TokenkegQfeZyiNwAJbNbGKPFXCWuBvf9Ss623VQ5DA invoke [3]
[2022-02-12T07:55:38.312949000Z DEBUG solana_program_runtime::stable_log] Program 11111111111111111111111111111111 invoke [1]
[2022-02-12T07:55:38.312997000Z DEBUG solana_program_runtime::stable_log] Program log: Instruction: Transfer
[2022-02-12T07:55:38.313005000Z DEBUG solana_program_runtime::stable_log] Program 11111111111111111111111111111111 success
[2022-02-12T07:55:38.313962000Z DEBUG solana_bpf_loader_program] Program TokenkegQfeZyiNwAJbNbGKPFXCWuBvf9Ss623VQ5DA consumed 3121 of 157803 compute units
[2022-02-12T07:55:38.314034000Z DEBUG solana_program_runtime::stable_log] Program TokenkegQfeZyiNwAJbNbGKPFXCWuBvf9Ss623VQ5DA success
[2022-02-12T07:55:38.314864000Z DEBUG solana_bpf_loader_program] Program LX3EUdRUBUa3TbsYXLEUdj9J3prXkWXvLYSWyYyc2Jj consumed 18030 of 171540 compute units
[2022-02-12T07:55:38.315001000Z DEBUG solana_program_runtime::stable_log] Program LX3EUdRUBUa3TbsYXLEUdj9J3prXkWXvLYSWyYyc2Jj success
[2022-02-12T07:55:38.316365000Z DEBUG solana_program_runtime::stable_log] Program TokenkegQfeZyiNwAJbNbGKPFXCWuBvf9Ss623VQ5DA invoke [3]
[2022-02-12T07:55:38.316820000Z DEBUG solana_program_runtime::stable_log] Program log: Instruction: Transfer
[2022-02-12T07:55:38.317775000Z DEBUG solana_bpf_loader_program] Program TokenkegQfeZyiNwAJbNbGKPFXCWuBvf9Ss623VQ5DA consumed 3121 of 140178 compute units
[2022-02-12T07:55:38.317832000Z DEBUG solana_program_runtime::stable_log] Program TokenkegQfeZyiNwAJbNbGKPFXCWuBvf9Ss623VQ5DA success
[2022-02-12T07:55:38.319621000Z DEBUG solana_program_runtime::stable_log] Program 11111111111111111111111111111111 invoke [1]
[2022-02-12T07:55:38.319676000Z DEBUG solana_program_runtime::stable_log] Program 11111111111111111111111111111111 success
[2022-02-12T07:55:38.319728000Z DEBUG solana_program_runtime::stable_log] Program 11111111111111111111111111111111 invoke [1]
[2022-02-12T07:55:38.319771000Z DEBUG solana_program_runtime::stable_log] Program 11111111111111111111111111111111 success
[2022-02-12T07:55:38.319821000Z DEBUG solana_program_runtime::stable_log] Program 11111111111111111111111111111111 invoke [1]
[2022-02-12T07:55:38.319888000Z DEBUG solana_program_runtime::stable_log] Program 11111111111111111111111111111111 success
[2022-02-12T07:55:38.320120000Z DEBUG solana_program_runtime::stable_log] Program 11111111111111111111111111111111 invoke [1]
[2022-02-12T07:55:38.320169000Z DEBUG solana_program_runtime::stable_log] Program 11111111111111111111111111111111 success
[2022-02-12T07:55:38.320229000Z DEBUG solana_program_runtime::stable_log] Program 11111111111111111111111111111111 invoke [1]
[2022-02-12T07:55:38.320273000Z DEBUG solana_program_runtime::stable_log] Program 11111111111111111111111111111111 success
[2022-02-12T07:55:38.320638000Z DEBUG solana_program_runtime::stable_log] Program TokenkegQfeZyiNwAJbNbGKPFXCWuBvf9Ss623VQ5DA invoke [3]
[2022-02-12T07:55:38.320997000Z DEBUG solana_program_runtime::stable_log] Program TokenkegQfeZyiNwAJbNbGKPFXCWuBvf9Ss623VQ5DA invoke [1]
[2022-02-12T07:55:38.321101000Z DEBUG solana_program_runtime::stable_log] Program log: Instruction: Transfer
[2022-02-12T07:55:38.321512000Z DEBUG solana_program_runtime::stable_log] Program log: Instruction: InitializeAccount
[2022-02-12T07:55:38.322190000Z DEBUG solana_bpf_loader_program] Program TokenkegQfeZyiNwAJbNbGKPFXCWuBvf9Ss623VQ5DA consumed 3121 of 157803 compute units
[2022-02-12T07:55:38.322262000Z DEBUG solana_program_runtime::stable_log] Program TokenkegQfeZyiNwAJbNbGKPFXCWuBvf9Ss623VQ5DA success
[2022-02-12T07:55:38.322627000Z DEBUG solana_bpf_loader_program] Program TokenkegQfeZyiNwAJbNbGKPFXCWuBvf9Ss623VQ5DA consumed 3411 of 200000 compute units
[2022-02-12T07:55:38.322702000Z DEBUG solana_program_runtime::stable_log] Program TokenkegQfeZyiNwAJbNbGKPFXCWuBvf9Ss623VQ5DA success
[2022-02-12T07:55:38.323110000Z DEBUG solana_bpf_loader_program] Program oqtkwi1j2wZuJSh74CMk7wk77nFUQDt1Qhf3Liweew9 consumed 18030 of 171540 compute units
[2022-02-12T07:55:38.323253000Z DEBUG solana_program_runtime::stable_log] Program oqtkwi1j2wZuJSh74CMk7wk77nFUQDt1Qhf3Liweew9 success
[2022-02-12T07:55:38.325424000Z DEBUG solana_program_runtime::stable_log] Program LX3EUdRUBUa3TbsYXLEUdj9J3prXkWXvLYSWyYyc2Jj invoke [2]
[2022-02-12T07:55:38.326588000Z DEBUG solana_program_runtime::stable_log] Program TokenkegQfeZyiNwAJbNbGKPFXCWuBvf9Ss623VQ5DA invoke [3]
[2022-02-12T07:55:38.327030000Z DEBUG solana_program_runtime::stable_log] Program log: Instruction: Transfer
[2022-02-12T07:55:38.327963000Z DEBUG solana_bpf_loader_program] Program TokenkegQfeZyiNwAJbNbGKPFXCWuBvf9Ss623VQ5DA consumed 3121 of 134314 compute units
[2022-02-12T07:55:38.328019000Z DEBUG solana_program_runtime::stable_log] Program TokenkegQfeZyiNwAJbNbGKPFXCWuBvf9Ss623VQ5DA success
[2022-02-12T07:55:38.328658000Z DEBUG solana_bpf_loader_program] Program g35TxFqwMx95vCk63fTxGTHb6ei4W24qg5t2x6xD3cT consumed 20191 of 150478 compute units
[2022-02-12T07:55:38.328733000Z DEBUG solana_program_runtime::stable_log] Program g35TxFqwMx95vCk63fTxGTHb6ei4W24qg5t2x6xD3cT success
[2022-02-12T07:55:38.330294000Z DEBUG solana_program_runtime::stable_log] Program log: mango-log
[2022-02-12T07:55:38.330283000Z DEBUG solana_program_runtime::stable_log] Program QRSsyMWN1yHT9ir42bgNZUNZ4PdEhcSWCrL2AryKpy5 invoke [1]
[2022-02-12T07:55:38.331082000Z DEBUG solana_program_runtime::stable_log] Program log: F5qwwQsqqPTjdptMAi+NLVTx9FQl07nukKkcrdUg3+ECQk4ro7RHLsUdweM/dGbbWNAfYw/yHRcFvweaX1YKVwcU/Oojo5EYDwAAAAAAAAAAAAAAAAAAAAAAAAAAAAAAAAAAAAAAAAAAAAAAAAAAAA==
[2022-02-12T07:55:38.331138000Z DEBUG solana_program_runtime::stable_log] Program log: mango-log
[2022-02-12T07:55:38.331348000Z DEBUG solana_program_runtime::stable_log] Program 11111111111111111111111111111111 invoke [1]
[2022-02-12T07:55:38.331427000Z DEBUG solana_program_runtime::stable_log] Program 11111111111111111111111111111111 success
[2022-02-12T07:55:38.331483000Z DEBUG solana_program_runtime::stable_log] Program 11111111111111111111111111111111 invoke [1]
[2022-02-12T07:55:38.331527000Z DEBUG solana_program_runtime::stable_log] Program 11111111111111111111111111111111 success
[2022-02-12T07:55:38.331576000Z DEBUG solana_program_runtime::stable_log] Program 11111111111111111111111111111111 invoke [1]
[2022-02-12T07:55:38.331648000Z DEBUG solana_program_runtime::stable_log] Program 11111111111111111111111111111111 success
[2022-02-12T07:55:38.331880000Z DEBUG solana_program_runtime::stable_log] Program 11111111111111111111111111111111 invoke [1]
[2022-02-12T07:55:38.331919000Z DEBUG solana_program_runtime::stable_log] Program log: F5qwwQsqqPTjdptMAi+NLVTx9FQl07nukKkcrdUg3+ECQk4ro7RHLsUdweM/dGbbWNAfYw/yHRcFvweaX1YKVwcU/Oojo5EYAAAAAAAAAAAAAAAAAAAAAAAAAAAAAAAAAAAAAAAAAAAAAAAAAAAAAA==
[2022-02-12T07:55:38.331929000Z DEBUG solana_program_runtime::stable_log] Program 11111111111111111111111111111111 success
[2022-02-12T07:55:38.331997000Z DEBUG solana_program_runtime::stable_log] Program 11111111111111111111111111111111 invoke [1]
[2022-02-12T07:55:38.332042000Z DEBUG solana_program_runtime::stable_log] Program 11111111111111111111111111111111 success
[2022-02-12T07:55:38.333658000Z DEBUG solana_program_runtime::stable_log] Program oqtkwi1j2wZuJSh74CMk7wk77nFUQDt1Qhf3Liweew9 invoke [2]
[2022-02-12T07:55:38.333834000Z DEBUG solana_program_runtime::stable_log] Program log: mango-log
[2022-02-12T07:55:38.334693000Z DEBUG solana_program_runtime::stable_log] Program log: V4pUNuOCxqzjdptMAi+NLVTx9FQl07nukKkcrdUg3+ECQk4ro7RHLsUdweM/dGbbWNAfYw/yHRcFvweaX1YKVwcU/Oojo5EYAAAAAAAAAAAAAAAAAAAAAAAAAAAAAAAAAOQLVAIAAAAAAAAAAAAAAAAAAAAAAAAA
[2022-02-12T07:55:38.335342000Z DEBUG solana_bpf_loader_program] Program c8fpTXm3XTRgE5maYQ24Li4L65wMYvAFomzXknxVEx7 consumed 88057 of 200000 compute units
[2022-02-12T07:55:38.335478000Z DEBUG solana_bpf_loader_program] Program QRSsyMWN1yHT9ir42bgNZUNZ4PdEhcSWCrL2AryKpy5 consumed 13668 of 200000 compute units
[2022-02-12T07:55:38.335570000Z DEBUG solana_program_runtime::stable_log] Program c8fpTXm3XTRgE5maYQ24Li4L65wMYvAFomzXknxVEx7 success
[2022-02-12T07:55:38.335602000Z DEBUG solana_program_runtime::stable_log] Program QRSsyMWN1yHT9ir42bgNZUNZ4PdEhcSWCrL2AryKpy5 success
[2022-02-12T07:55:38.336708000Z DEBUG solana_program_runtime::stable_log] Program TokenkegQfeZyiNwAJbNbGKPFXCWuBvf9Ss623VQ5DA invoke [3]
[2022-02-12T07:55:38.337156000Z DEBUG solana_program_runtime::stable_log] Program log: Instruction: Transfer
[2022-02-12T07:55:38.338169000Z DEBUG solana_bpf_loader_program] Program TokenkegQfeZyiNwAJbNbGKPFXCWuBvf9Ss623VQ5DA consumed 3121 of 140178 compute units
[2022-02-12T07:55:38.338243000Z DEBUG solana_program_runtime::stable_log] Program TokenkegQfeZyiNwAJbNbGKPFXCWuBvf9Ss623VQ5DA success
[2022-02-12T07:55:38.341950000Z DEBUG solana_program_runtime::stable_log] Program YEGAxog9gxiGXxo538aAQxq55XAebpFfwU72ZUxmSHm invoke [1]
[2022-02-12T07:55:38.343154000Z DEBUG solana_program_runtime::stable_log] Program 11111111111111111111111111111111 invoke [1]
[2022-02-12T07:55:38.343227000Z DEBUG solana_program_runtime::stable_log] Program 11111111111111111111111111111111 success
[2022-02-12T07:55:38.344995000Z DEBUG solana_program_runtime::stable_log] Program TokenkegQfeZyiNwAJbNbGKPFXCWuBvf9Ss623VQ5DA invoke [3]
[2022-02-12T07:55:38.345453000Z DEBUG solana_program_runtime::stable_log] Program log: Instruction: Transfer
[2022-02-12T07:55:38.346406000Z DEBUG solana_bpf_loader_program] Program TokenkegQfeZyiNwAJbNbGKPFXCWuBvf9Ss623VQ5DA consumed 3121 of 140178 compute units
[2022-02-12T07:55:38.346471000Z DEBUG solana_program_runtime::stable_log] Program TokenkegQfeZyiNwAJbNbGKPFXCWuBvf9Ss623VQ5DA success
[2022-02-12T07:55:38.347161000Z DEBUG solana_bpf_loader_program] Program YEGAxog9gxiGXxo538aAQxq55XAebpFfwU72ZUxmSHm consumed 13647 of 200000 compute units
[2022-02-12T07:55:38.347305000Z DEBUG solana_program_runtime::stable_log] Program TokenkegQfeZyiNwAJbNbGKPFXCWuBvf9Ss623VQ5DA invoke [3]
[2022-02-12T07:55:38.347591000Z DEBUG solana_program_runtime::stable_log] Program YEGAxog9gxiGXxo538aAQxq55XAebpFfwU72ZUxmSHm success
[2022-02-12T07:55:38.347788000Z DEBUG solana_program_runtime::stable_log] Program log: Instruction: Transfer
[2022-02-12T07:55:38.348754000Z DEBUG solana_bpf_loader_program] Program TokenkegQfeZyiNwAJbNbGKPFXCWuBvf9Ss623VQ5DA consumed 3121 of 134314 compute units
[2022-02-12T07:55:38.348816000Z DEBUG solana_program_runtime::stable_log] Program TokenkegQfeZyiNwAJbNbGKPFXCWuBvf9Ss623VQ5DA success
[2022-02-12T07:55:38.349476000Z DEBUG solana_bpf_loader_program] Program LX3EUdRUBUa3TbsYXLEUdj9J3prXkWXvLYSWyYyc2Jj consumed 20191 of 150478 compute units
[2022-02-12T07:55:38.349551000Z DEBUG solana_program_runtime::stable_log] Program LX3EUdRUBUa3TbsYXLEUdj9J3prXkWXvLYSWyYyc2Jj success
[2022-02-12T07:55:38.351116000Z DEBUG solana_program_runtime::stable_log] Program log: mango-log
[2022-02-12T07:55:38.351589000Z DEBUG solana_program_runtime::stable_log] Program TokenkegQfeZyiNwAJbNbGKPFXCWuBvf9Ss623VQ5DA invoke [1]
[2022-02-12T07:55:38.351906000Z DEBUG solana_program_runtime::stable_log] Program log: F5qwwQsqqPSctzjFHW4XvZj+MxHkKkvsInzL6Ys+hkvDPt17IYHDCNn8zaKa+3XCMP/OCwjCxWvgCeL7aNtnLXOB4NRepyShDwAAAAAAAAAAAAAAAAAAAAAAAAAAAAAAAAAAAAAAAAAAAAAAAAAAAA==
[2022-02-12T07:55:38.351967000Z DEBUG solana_program_runtime::stable_log] Program log: mango-log
[2022-02-12T07:55:38.352110000Z DEBUG solana_program_runtime::stable_log] Program log: Instruction: InitializeAccount
[2022-02-12T07:55:38.352751000Z DEBUG solana_program_runtime::stable_log] Program log: F5qwwQsqqPSctzjFHW4XvZj+MxHkKkvsInzL6Ys+hkvDPt17IYHDCNn8zaKa+3XCMP/OCwjCxWvgCeL7aNtnLXOB4NRepyShAAAAAAAAAAAAAAAAAAAAAAAAAAAAAAAAAAAAAAAAAAAAAAAAAAAAAA==
[2022-02-12T07:55:38.353222000Z DEBUG solana_bpf_loader_program] Program TokenkegQfeZyiNwAJbNbGKPFXCWuBvf9Ss623VQ5DA consumed 3411 of 200000 compute units
[2022-02-12T07:55:38.353312000Z DEBUG solana_program_runtime::stable_log] Program TokenkegQfeZyiNwAJbNbGKPFXCWuBvf9Ss623VQ5DA success
[2022-02-12T07:55:38.354652000Z DEBUG solana_program_runtime::stable_log] Program log: mango-log
[2022-02-12T07:55:38.355320000Z DEBUG solana_program_runtime::stable_log] Program TokenkegQfeZyiNwAJbNbGKPFXCWuBvf9Ss623VQ5DA invoke [3]
[2022-02-12T07:55:38.355505000Z DEBUG solana_program_runtime::stable_log] Program log: V4pUNuOCxqyctzjFHW4XvZj+MxHkKkvsInzL6Ys+hkvDPt17IYHDCNn8zaKa+3XCMP/OCwjCxWvgCeL7aNtnLXOB4NRepyShAAAAAAAAAAAAAAAAAAAAAAAAAAAAAAAAAOQLVAIAAAAAAAAAAAAAAAAAAAAAAAAA
[2022-02-12T07:55:38.355771000Z DEBUG solana_program_runtime::stable_log] Program log: Instruction: Transfer
[2022-02-12T07:55:38.355786000Z DEBUG solana_program_runtime::stable_log] Program 11111111111111111111111111111111 invoke [1]
[2022-02-12T07:55:38.355850000Z DEBUG solana_program_runtime::stable_log] Program 11111111111111111111111111111111 success
[2022-02-12T07:55:38.356150000Z DEBUG solana_bpf_loader_program] Program CiDwVBFgWV9E5MvXWoLgnEgn2hK7rJikbvfWavzAQz3 consumed 88065 of 200000 compute units
[2022-02-12T07:55:38.356389000Z DEBUG solana_program_runtime::stable_log] Program CiDwVBFgWV9E5MvXWoLgnEgn2hK7rJikbvfWavzAQz3 success
[2022-02-12T07:55:38.356727000Z DEBUG solana_bpf_loader_program] Program TokenkegQfeZyiNwAJbNbGKPFXCWuBvf9Ss623VQ5DA consumed 3121 of 134314 compute units
[2022-02-12T07:55:38.356783000Z DEBUG solana_program_runtime::stable_log] Program TokenkegQfeZyiNwAJbNbGKPFXCWuBvf9Ss623VQ5DA success
[2022-02-12T07:55:38.357239000Z DEBUG solana_program_runtime::stable_log] Program 11111111111111111111111111111111 invoke [1]
[2022-02-12T07:55:38.357294000Z DEBUG solana_program_runtime::stable_log] Program 11111111111111111111111111111111 success
[2022-02-12T07:55:38.357445000Z DEBUG solana_bpf_loader_program] Program oqtkwi1j2wZuJSh74CMk7wk77nFUQDt1Qhf3Liweew9 consumed 20191 of 150478 compute units
[2022-02-12T07:55:38.357527000Z DEBUG solana_program_runtime::stable_log] Program oqtkwi1j2wZuJSh74CMk7wk77nFUQDt1Qhf3Liweew9 success
[2022-02-12T07:55:38.359086000Z DEBUG solana_program_runtime::stable_log] Program log: mango-log
[2022-02-12T07:55:38.359907000Z DEBUG solana_program_runtime::stable_log] Program log: F5qwwQsqqPSedYLQOjgeoIOp1VY49L9OAH1lbwNX/u06aA+YdBuZ3MNIX71TmTxFpZy7AQ0bq3y/i4JHZO+l3rNLcyMq6T9PDwAAAAAAAAAAAAAAAAAAAAAAAAAAAAAAAAAAAAAAAAAAAAAAAAAAAA==
[2022-02-12T07:55:38.359977000Z DEBUG solana_program_runtime::stable_log] Program log: mango-log
[2022-02-12T07:55:38.360765000Z DEBUG solana_program_runtime::stable_log] Program 11111111111111111111111111111111 invoke [1]
[2022-02-12T07:55:38.360792000Z DEBUG solana_program_runtime::stable_log] Program log: F5qwwQsqqPSedYLQOjgeoIOp1VY49L9OAH1lbwNX/u06aA+YdBuZ3MNIX71TmTxFpZy7AQ0bq3y/i4JHZO+l3rNLcyMq6T9PAAAAAAAAAAAAAAAAAAAAAAAAAAAAAAAAAAAAAAAAAAAAAAAAAAAAAA==
[2022-02-12T07:55:38.360820000Z DEBUG solana_program_runtime::stable_log] Program 11111111111111111111111111111111 success
[2022-02-12T07:55:38.362704000Z DEBUG solana_program_runtime::stable_log] Program log: mango-log
[2022-02-12T07:55:38.363595000Z DEBUG solana_program_runtime::stable_log] Program log: V4pUNuOCxqyedYLQOjgeoIOp1VY49L9OAH1lbwNX/u06aA+YdBuZ3MNIX71TmTxFpZy7AQ0bq3y/i4JHZO+l3rNLcyMq6T9PAAAAAAAAAAAAAAAAAAAAAAAAAAAAAAAAAOQLVAIAAAAAAAAAAAAAAAAAAAAAAAAA
[2022-02-12T07:55:38.363963000Z DEBUG solana_program_runtime::stable_log] Program TokenkegQfeZyiNwAJbNbGKPFXCWuBvf9Ss623VQ5DA invoke [1]
[2022-02-12T07:55:38.364248000Z DEBUG solana_bpf_loader_program] Program jwV7SyvqCSrVcKibYvurCCWr7DUmT7yRYPmY9QwvrGo consumed 88065 of 200000 compute units
[2022-02-12T07:55:38.364483000Z DEBUG solana_program_runtime::stable_log] Program log: Instruction: InitializeAccount
[2022-02-12T07:55:38.364478000Z DEBUG solana_program_runtime::stable_log] Program jwV7SyvqCSrVcKibYvurCCWr7DUmT7yRYPmY9QwvrGo success
[2022-02-12T07:55:38.365600000Z DEBUG solana_bpf_loader_program] Program TokenkegQfeZyiNwAJbNbGKPFXCWuBvf9Ss623VQ5DA consumed 3411 of 200000 compute units
[2022-02-12T07:55:38.365703000Z DEBUG solana_program_runtime::stable_log] Program TokenkegQfeZyiNwAJbNbGKPFXCWuBvf9Ss623VQ5DA success
[2022-02-12T07:55:38.369686000Z DEBUG solana_program_runtime::stable_log] Program 11111111111111111111111111111111 invoke [1]
[2022-02-12T07:55:38.369761000Z DEBUG solana_program_runtime::stable_log] Program 11111111111111111111111111111111 success
[2022-02-12T07:55:38.371421000Z DEBUG solana_program_runtime::stable_log] Program c8fpTXm3XTRgE5maYQ24Li4L65wMYvAFomzXknxVEx7 invoke [1]
[2022-02-12T07:55:38.371798000Z DEBUG solana_program_runtime::stable_log] Program log: Mango: CachePrices
[2022-02-12T07:55:38.372152000Z DEBUG solana_program_runtime::stable_log] Program log: mango-log
[2022-02-12T07:55:38.372784000Z DEBUG solana_program_runtime::stable_log] Program log: ux0uSxX5tBvjdptMAi+NLVTx9FQl07nukKkcrdUg3+ECQk4ro7RHLgEAAAAAAAAAAAAAAAEAAAAAAAAAAAAQJwAAAAAAAAAA
[2022-02-12T07:55:38.372894000Z DEBUG solana_bpf_loader_program] Program c8fpTXm3XTRgE5maYQ24Li4L65wMYvAFomzXknxVEx7 consumed 3669 of 200000 compute units
[2022-02-12T07:55:38.372956000Z DEBUG solana_program_runtime::stable_log] Program c8fpTXm3XTRgE5maYQ24Li4L65wMYvAFomzXknxVEx7 success
[2022-02-12T07:55:38.372975000Z DEBUG solana_program_runtime::stable_log] Program 8opHzTAnfzRpPEx21XtnrVTX28YQuCpAjcn1PczScKh invoke [1]
[2022-02-12T07:55:38.373071000Z DEBUG solana_program_runtime::stable_log] Program 11111111111111111111111111111111 invoke [1]
[2022-02-12T07:55:38.373126000Z DEBUG solana_program_runtime::stable_log] Program 11111111111111111111111111111111 success
[2022-02-12T07:55:38.373718000Z DEBUG solana_program_runtime::stable_log] Program log: Mango: AddSpotMarket
[2022-02-12T07:55:38.375900000Z DEBUG solana_program_runtime::stable_log] Program CiDwVBFgWV9E5MvXWoLgnEgn2hK7rJikbvfWavzAQz3 invoke [1]
[2022-02-12T07:55:38.376581000Z DEBUG solana_program_runtime::stable_log] Program log: Mango: CreateSpotOpenOrders
[2022-02-12T07:55:38.377921000Z DEBUG solana_program_runtime::stable_log] Program 11111111111111111111111111111111 invoke [2]
[2022-02-12T07:55:38.377976000Z DEBUG solana_program_runtime::stable_log] Program 11111111111111111111111111111111 success
[2022-02-12T07:55:38.380131000Z DEBUG solana_bpf_loader_program] Program 8opHzTAnfzRpPEx21XtnrVTX28YQuCpAjcn1PczScKh consumed 20630 of 200000 compute units
[2022-02-12T07:55:38.380228000Z DEBUG solana_program_runtime::stable_log] Program 8opHzTAnfzRpPEx21XtnrVTX28YQuCpAjcn1PczScKh success
[2022-02-12T07:55:38.383385000Z DEBUG solana_program_runtime::stable_log] Program jwV7SyvqCSrVcKibYvurCCWr7DUmT7yRYPmY9QwvrGo invoke [1]
[2022-02-12T07:55:38.383505000Z DEBUG solana_program_runtime::stable_log] Program c8fpTXm3XTRgE5maYQ24Li4L65wMYvAFomzXknxVEx7 invoke [1]
[2022-02-12T07:55:38.383904000Z DEBUG solana_program_runtime::stable_log] Program log: Mango: UpdateRootBank
[2022-02-12T07:55:38.384023000Z DEBUG solana_program_runtime::stable_log] Program log: Mango: CreateSpotOpenOrders
[2022-02-12T07:55:38.385135000Z DEBUG solana_program_runtime::stable_log] Program 11111111111111111111111111111111 invoke [2]
[2022-02-12T07:55:38.385205000Z DEBUG solana_program_runtime::stable_log] Program 11111111111111111111111111111111 success
[2022-02-12T07:55:38.385248000Z DEBUG solana_program_runtime::stable_log] Program GcdayuLaLyrdmUu324nahyv33G5poQdLUEZ1nEytDeP invoke [1]
[2022-02-12T07:55:38.385649000Z DEBUG solana_program_runtime::stable_log] Program 11111111111111111111111111111111 invoke [1]
[2022-02-12T07:55:38.385703000Z DEBUG solana_program_runtime::stable_log] Program 11111111111111111111111111111111 success
[2022-02-12T07:55:38.385741000Z DEBUG solana_program_runtime::stable_log] Program log: mango-log
[2022-02-12T07:55:38.385961000Z DEBUG solana_program_runtime::stable_log] Program log: Mango: AddSpotMarket
[2022-02-12T07:55:38.386381000Z DEBUG solana_program_runtime::stable_log] Program log: 8HmBNKTUaLjjdptMAi+NLVTx9FQl07nukKkcrdUg3+ECQk4ro7RHLgAAAAAAAAAAAAAAAAAAQEIPAAAAAAAAAAAAAAAAAEBCDwAAAAAAAAA=
[2022-02-12T07:55:38.386517000Z DEBUG solana_bpf_loader_program] Program c8fpTXm3XTRgE5maYQ24Li4L65wMYvAFomzXknxVEx7 consumed 8519 of 200000 compute units
[2022-02-12T07:55:38.386578000Z DEBUG solana_program_runtime::stable_log] Program c8fpTXm3XTRgE5maYQ24Li4L65wMYvAFomzXknxVEx7 success
[2022-02-12T07:55:38.386886000Z DEBUG solana_program_runtime::stable_log] Program LX3EUdRUBUa3TbsYXLEUdj9J3prXkWXvLYSWyYyc2Jj invoke [2]
[2022-02-12T07:55:38.388400000Z DEBUG solana_bpf_loader_program] Program LX3EUdRUBUa3TbsYXLEUdj9J3prXkWXvLYSWyYyc2Jj consumed 3417 of 184767 compute units
[2022-02-12T07:55:38.388460000Z DEBUG solana_program_runtime::stable_log] Program LX3EUdRUBUa3TbsYXLEUdj9J3prXkWXvLYSWyYyc2Jj success
[2022-02-12T07:55:38.388754000Z DEBUG solana_bpf_loader_program] Program CiDwVBFgWV9E5MvXWoLgnEgn2hK7rJikbvfWavzAQz3 consumed 19058 of 200000 compute units
[2022-02-12T07:55:38.388836000Z DEBUG solana_program_runtime::stable_log] Program CiDwVBFgWV9E5MvXWoLgnEgn2hK7rJikbvfWavzAQz3 success
[2022-02-12T07:55:38.392374000Z DEBUG solana_bpf_loader_program] Program GcdayuLaLyrdmUu324nahyv33G5poQdLUEZ1nEytDeP consumed 20630 of 200000 compute units
[2022-02-12T07:55:38.392468000Z DEBUG solana_program_runtime::stable_log] Program GcdayuLaLyrdmUu324nahyv33G5poQdLUEZ1nEytDeP success
[2022-02-12T07:55:38.393841000Z DEBUG solana_program_runtime::stable_log] Program TokenkegQfeZyiNwAJbNbGKPFXCWuBvf9Ss623VQ5DA invoke [1]
[2022-02-12T07:55:38.394214000Z DEBUG solana_program_runtime::stable_log] Program oqtkwi1j2wZuJSh74CMk7wk77nFUQDt1Qhf3Liweew9 invoke [2]
[2022-02-12T07:55:38.394378000Z DEBUG solana_program_runtime::stable_log] Program log: Instruction: InitializeAccount
[2022-02-12T07:55:38.395476000Z DEBUG solana_bpf_loader_program] Program TokenkegQfeZyiNwAJbNbGKPFXCWuBvf9Ss623VQ5DA consumed 3411 of 200000 compute units
[2022-02-12T07:55:38.395581000Z DEBUG solana_program_runtime::stable_log] Program TokenkegQfeZyiNwAJbNbGKPFXCWuBvf9Ss623VQ5DA success
[2022-02-12T07:55:38.395722000Z DEBUG solana_bpf_loader_program] Program oqtkwi1j2wZuJSh74CMk7wk77nFUQDt1Qhf3Liweew9 consumed 3417 of 190767 compute units
[2022-02-12T07:55:38.395790000Z DEBUG solana_program_runtime::stable_log] Program oqtkwi1j2wZuJSh74CMk7wk77nFUQDt1Qhf3Liweew9 success
[2022-02-12T07:55:38.396087000Z DEBUG solana_bpf_loader_program] Program jwV7SyvqCSrVcKibYvurCCWr7DUmT7yRYPmY9QwvrGo consumed 13058 of 200000 compute units
[2022-02-12T07:55:38.396169000Z DEBUG solana_program_runtime::stable_log] Program jwV7SyvqCSrVcKibYvurCCWr7DUmT7yRYPmY9QwvrGo success
[2022-02-12T07:55:38.397361000Z DEBUG solana_program_runtime::stable_log] Program 11111111111111111111111111111111 invoke [1]
[2022-02-12T07:55:38.397432000Z DEBUG solana_program_runtime::stable_log] Program 11111111111111111111111111111111 success
[2022-02-12T07:55:38.398051000Z DEBUG solana_program_runtime::stable_log] Program c8fpTXm3XTRgE5maYQ24Li4L65wMYvAFomzXknxVEx7 invoke [1]
[2022-02-12T07:55:38.398506000Z DEBUG solana_program_runtime::stable_log] Program log: Mango: UpdateFunding
[2022-02-12T07:55:38.399646000Z DEBUG solana_program_runtime::stable_log] Program log: mango-log
[2022-02-12T07:55:38.400090000Z DEBUG solana_program_runtime::stable_log] Program 11111111111111111111111111111111 invoke [1]
[2022-02-12T07:55:38.400146000Z DEBUG solana_program_runtime::stable_log] Program 11111111111111111111111111111111 success
[2022-02-12T07:55:38.400268000Z DEBUG solana_program_runtime::stable_log] Program log: ta5iwCEXTXvjdptMAi+NLVTx9FQl07nukKkcrdUg3+ECQk4ro7RHLgAAAAAAAAAAAAAAAAAAAAAAAAAAAAAAAAAAAAAAAAAAAAAAAAAAAAA=
[2022-02-12T07:55:38.400418000Z DEBUG solana_bpf_loader_program] Program c8fpTXm3XTRgE5maYQ24Li4L65wMYvAFomzXknxVEx7 consumed 6381 of 200000 compute units
[2022-02-12T07:55:38.400487000Z DEBUG solana_program_runtime::stable_log] Program c8fpTXm3XTRgE5maYQ24Li4L65wMYvAFomzXknxVEx7 success
[2022-02-12T07:55:38.405582000Z DEBUG solana_program_runtime::stable_log] Program TokenkegQfeZyiNwAJbNbGKPFXCWuBvf9Ss623VQ5DA invoke [1]
[2022-02-12T07:55:38.406145000Z DEBUG solana_program_runtime::stable_log] Program log: Instruction: InitializeAccount
[2022-02-12T07:55:38.407217000Z DEBUG solana_bpf_loader_program] Program TokenkegQfeZyiNwAJbNbGKPFXCWuBvf9Ss623VQ5DA consumed 3411 of 200000 compute units
[2022-02-12T07:55:38.407289000Z DEBUG solana_program_runtime::stable_log] Program TokenkegQfeZyiNwAJbNbGKPFXCWuBvf9Ss623VQ5DA success
[2022-02-12T07:55:38.408207000Z DEBUG solana_program_runtime::stable_log] Program TokenkegQfeZyiNwAJbNbGKPFXCWuBvf9Ss623VQ5DA invoke [1]
[2022-02-12T07:55:38.408724000Z DEBUG solana_program_runtime::stable_log] Program log: Instruction: InitializeAccount
[2022-02-12T07:55:38.408735000Z DEBUG solana_program_runtime::stable_log] Program CiDwVBFgWV9E5MvXWoLgnEgn2hK7rJikbvfWavzAQz3 invoke [1]
[2022-02-12T07:55:38.409772000Z DEBUG solana_bpf_loader_program] Program TokenkegQfeZyiNwAJbNbGKPFXCWuBvf9Ss623VQ5DA consumed 3411 of 200000 compute units
[2022-02-12T07:55:38.409841000Z DEBUG solana_program_runtime::stable_log] Program TokenkegQfeZyiNwAJbNbGKPFXCWuBvf9Ss623VQ5DA success
[2022-02-12T07:55:38.410677000Z DEBUG solana_program_runtime::stable_log] Program c8fpTXm3XTRgE5maYQ24Li4L65wMYvAFomzXknxVEx7 invoke [1]
[2022-02-12T07:55:38.410744000Z DEBUG solana_program_runtime::stable_log] Program log: Mango: PlaceSpotOrder
[2022-02-12T07:55:38.411071000Z DEBUG solana_program_runtime::stable_log] Program log: Mango: CacheRootBanks
[2022-02-12T07:55:38.411753000Z DEBUG solana_program_runtime::stable_log] Program log: mango-log
[2022-02-12T07:55:38.411901000Z DEBUG solana_program_runtime::stable_log] Program 11111111111111111111111111111111 invoke [1]
[2022-02-12T07:55:38.411976000Z DEBUG solana_program_runtime::stable_log] Program 11111111111111111111111111111111 success
[2022-02-12T07:55:38.412690000Z DEBUG solana_program_runtime::stable_log] Program log: IVXYca/GfejjdptMAi+NLVTx9FQl07nukKkcrdUg3+ECQk4ro7RHLgIAAAAAAAAAAAAAAA8AAAAAAAAAAgAAAAAAAAAAAEBCDwAAAAAAAAAAAAAAAABAQg8AAAAAAAAAAgAAAAAAAAAAAEBCDwAAAAAAAAAAAAAAAABAQg8AAAAAAAAA
[2022-02-12T07:55:38.412826000Z DEBUG solana_bpf_loader_program] Program c8fpTXm3XTRgE5maYQ24Li4L65wMYvAFomzXknxVEx7 consumed 5857 of 200000 compute units
[2022-02-12T07:55:38.412885000Z DEBUG solana_program_runtime::stable_log] Program c8fpTXm3XTRgE5maYQ24Li4L65wMYvAFomzXknxVEx7 success
[2022-02-12T07:55:38.416924000Z DEBUG solana_program_runtime::stable_log] Program jwV7SyvqCSrVcKibYvurCCWr7DUmT7yRYPmY9QwvrGo invoke [1]
[2022-02-12T07:55:38.418909000Z DEBUG solana_program_runtime::stable_log] Program log: Mango: PlaceSpotOrder
[2022-02-12T07:55:38.419492000Z DEBUG solana_program_runtime::stable_log] Program 11111111111111111111111111111111 invoke [1]
[2022-02-12T07:55:38.419559000Z DEBUG solana_program_runtime::stable_log] Program 11111111111111111111111111111111 success
[2022-02-12T07:55:38.419616000Z DEBUG solana_program_runtime::stable_log] Program 11111111111111111111111111111111 invoke [1]
[2022-02-12T07:55:38.419660000Z DEBUG solana_program_runtime::stable_log] Program 11111111111111111111111111111111 success
[2022-02-12T07:55:38.419711000Z DEBUG solana_program_runtime::stable_log] Program 11111111111111111111111111111111 invoke [1]
[2022-02-12T07:55:38.419782000Z DEBUG solana_program_runtime::stable_log] Program 11111111111111111111111111111111 success
[2022-02-12T07:55:38.420014000Z DEBUG solana_program_runtime::stable_log] Program 11111111111111111111111111111111 invoke [1]
[2022-02-12T07:55:38.420063000Z DEBUG solana_program_runtime::stable_log] Program 11111111111111111111111111111111 success
[2022-02-12T07:55:38.420125000Z DEBUG solana_program_runtime::stable_log] Program 11111111111111111111111111111111 invoke [1]
[2022-02-12T07:55:38.420132000Z DEBUG solana_program_runtime::stable_log] Program TokenkegQfeZyiNwAJbNbGKPFXCWuBvf9Ss623VQ5DA invoke [1]
[2022-02-12T07:55:38.420172000Z DEBUG solana_program_runtime::stable_log] Program 11111111111111111111111111111111 success
[2022-02-12T07:55:38.420664000Z DEBUG solana_program_runtime::stable_log] Program log: Instruction: InitializeAccount
[2022-02-12T07:55:38.421736000Z DEBUG solana_bpf_loader_program] Program TokenkegQfeZyiNwAJbNbGKPFXCWuBvf9Ss623VQ5DA consumed 3411 of 200000 compute units
[2022-02-12T07:55:38.421799000Z DEBUG solana_program_runtime::stable_log] Program TokenkegQfeZyiNwAJbNbGKPFXCWuBvf9Ss623VQ5DA success
[2022-02-12T07:55:38.423741000Z DEBUG solana_program_runtime::stable_log] Program c8fpTXm3XTRgE5maYQ24Li4L65wMYvAFomzXknxVEx7 invoke [1]
[2022-02-12T07:55:38.424086000Z DEBUG solana_program_runtime::stable_log] Program log: Mango: CachePerpMarkets
[2022-02-12T07:55:38.424504000Z DEBUG solana_program_runtime::stable_log] Program log: mango-log
[2022-02-12T07:55:38.425283000Z DEBUG solana_program_runtime::stable_log] Program log: 9lt9JxCzqw7jdptMAi+NLVTx9FQl07nukKkcrdUg3+ECQk4ro7RHLgEAAAAAAAAAAAAAAAEAAAAAAAAAAAAAAAAAAAAAAAAAAQAAAAAAAAAAAAAAAAAAAAAAAAA=
[2022-02-12T07:55:38.425392000Z DEBUG solana_bpf_loader_program] Program c8fpTXm3XTRgE5maYQ24Li4L65wMYvAFomzXknxVEx7 consumed 4331 of 200000 compute units
[2022-02-12T07:55:38.425448000Z DEBUG solana_program_runtime::stable_log] Program c8fpTXm3XTRgE5maYQ24Li4L65wMYvAFomzXknxVEx7 success
[2022-02-12T07:55:38.427652000Z DEBUG solana_program_runtime::stable_log] Program LX3EUdRUBUa3TbsYXLEUdj9J3prXkWXvLYSWyYyc2Jj invoke [2]
[2022-02-12T07:55:38.429740000Z DEBUG solana_program_runtime::stable_log] Program QRSsyMWN1yHT9ir42bgNZUNZ4PdEhcSWCrL2AryKpy5 invoke [1]
[2022-02-12T07:55:38.430999000Z DEBUG solana_program_runtime::stable_log] Program 11111111111111111111111111111111 invoke [1]
[2022-02-12T07:55:38.431060000Z DEBUG solana_program_runtime::stable_log] Program 11111111111111111111111111111111 success
[2022-02-12T07:55:38.431115000Z DEBUG solana_program_runtime::stable_log] Program 11111111111111111111111111111111 invoke [1]
[2022-02-12T07:55:38.431159000Z DEBUG solana_program_runtime::stable_log] Program 11111111111111111111111111111111 success
[2022-02-12T07:55:38.431209000Z DEBUG solana_program_runtime::stable_log] Program 11111111111111111111111111111111 invoke [1]
[2022-02-12T07:55:38.431278000Z DEBUG solana_program_runtime::stable_log] Program 11111111111111111111111111111111 success
[2022-02-12T07:55:38.431508000Z DEBUG solana_program_runtime::stable_log] Program 11111111111111111111111111111111 invoke [1]
[2022-02-12T07:55:38.431553000Z DEBUG solana_program_runtime::stable_log] Program 11111111111111111111111111111111 success
[2022-02-12T07:55:38.431616000Z DEBUG solana_program_runtime::stable_log] Program 11111111111111111111111111111111 invoke [1]
[2022-02-12T07:55:38.431662000Z DEBUG solana_program_runtime::stable_log] Program 11111111111111111111111111111111 success
[2022-02-12T07:55:38.434823000Z DEBUG solana_bpf_loader_program] Program QRSsyMWN1yHT9ir42bgNZUNZ4PdEhcSWCrL2AryKpy5 consumed 13668 of 200000 compute units
[2022-02-12T07:55:38.435037000Z DEBUG solana_program_runtime::stable_log] Program QRSsyMWN1yHT9ir42bgNZUNZ4PdEhcSWCrL2AryKpy5 success
[2022-02-12T07:55:38.435295000Z DEBUG solana_program_runtime::stable_log] Program oqtkwi1j2wZuJSh74CMk7wk77nFUQDt1Qhf3Liweew9 invoke [2]
[2022-02-12T07:55:38.440343000Z DEBUG solana_program_runtime::stable_log] Program TokenkegQfeZyiNwAJbNbGKPFXCWuBvf9Ss623VQ5DA invoke [3]
[2022-02-12T07:55:38.440790000Z DEBUG solana_program_runtime::stable_log] Program log: Instruction: Transfer
[2022-02-12T07:55:38.441218000Z DEBUG solana_program_runtime::stable_log] Program YEGAxog9gxiGXxo538aAQxq55XAebpFfwU72ZUxmSHm invoke [1]
[2022-02-12T07:55:38.441708000Z DEBUG solana_bpf_loader_program] Program TokenkegQfeZyiNwAJbNbGKPFXCWuBvf9Ss623VQ5DA consumed 3121 of 159137 compute units
[2022-02-12T07:55:38.441771000Z DEBUG solana_program_runtime::stable_log] Program TokenkegQfeZyiNwAJbNbGKPFXCWuBvf9Ss623VQ5DA success
[2022-02-12T07:55:38.442603000Z DEBUG solana_bpf_loader_program] Program LX3EUdRUBUa3TbsYXLEUdj9J3prXkWXvLYSWyYyc2Jj consumed 16702 of 171546 compute units
[2022-02-12T07:55:38.442755000Z DEBUG solana_program_runtime::stable_log] Program LX3EUdRUBUa3TbsYXLEUdj9J3prXkWXvLYSWyYyc2Jj success
[2022-02-12T07:55:38.443178000Z DEBUG solana_program_runtime::stable_log] Program 11111111111111111111111111111111 invoke [1]
[2022-02-12T07:55:38.443243000Z DEBUG solana_program_runtime::stable_log] Program 11111111111111111111111111111111 success
[2022-02-12T07:55:38.446429000Z DEBUG solana_bpf_loader_program] Program YEGAxog9gxiGXxo538aAQxq55XAebpFfwU72ZUxmSHm consumed 13647 of 200000 compute units
[2022-02-12T07:55:38.446551000Z DEBUG solana_program_runtime::stable_log] Program YEGAxog9gxiGXxo538aAQxq55XAebpFfwU72ZUxmSHm success
[2022-02-12T07:55:38.448094000Z DEBUG solana_program_runtime::stable_log] Program TokenkegQfeZyiNwAJbNbGKPFXCWuBvf9Ss623VQ5DA invoke [3]
[2022-02-12T07:55:38.448563000Z DEBUG solana_program_runtime::stable_log] Program log: Instruction: Transfer
[2022-02-12T07:55:38.449544000Z DEBUG solana_bpf_loader_program] Program TokenkegQfeZyiNwAJbNbGKPFXCWuBvf9Ss623VQ5DA consumed 3121 of 159137 compute units
[2022-02-12T07:55:38.449611000Z DEBUG solana_program_runtime::stable_log] Program TokenkegQfeZyiNwAJbNbGKPFXCWuBvf9Ss623VQ5DA success
[2022-02-12T07:55:38.450504000Z DEBUG solana_bpf_loader_program] Program oqtkwi1j2wZuJSh74CMk7wk77nFUQDt1Qhf3Liweew9 consumed 16702 of 171546 compute units
[2022-02-12T07:55:38.450665000Z DEBUG solana_program_runtime::stable_log] Program oqtkwi1j2wZuJSh74CMk7wk77nFUQDt1Qhf3Liweew9 success
[2022-02-12T07:55:38.451335000Z DEBUG solana_program_runtime::stable_log] Program TokenkegQfeZyiNwAJbNbGKPFXCWuBvf9Ss623VQ5DA invoke [1]
[2022-02-12T07:55:38.451828000Z DEBUG solana_program_runtime::stable_log] Program log: Instruction: InitializeAccount
[2022-02-12T07:55:38.452842000Z DEBUG solana_bpf_loader_program] Program TokenkegQfeZyiNwAJbNbGKPFXCWuBvf9Ss623VQ5DA consumed 3411 of 200000 compute units
[2022-02-12T07:55:38.452900000Z DEBUG solana_program_runtime::stable_log] Program TokenkegQfeZyiNwAJbNbGKPFXCWuBvf9Ss623VQ5DA success
[2022-02-12T07:55:38.453117000Z DEBUG solana_program_runtime::stable_log] Program LX3EUdRUBUa3TbsYXLEUdj9J3prXkWXvLYSWyYyc2Jj invoke [2]
[2022-02-12T07:55:38.453178000Z DEBUG solana_program_runtime::stable_log] Program 11111111111111111111111111111111 invoke [1]
[2022-02-12T07:55:38.453241000Z DEBUG solana_program_runtime::stable_log] Program 11111111111111111111111111111111 success
[2022-02-12T07:55:38.456770000Z DEBUG solana_program_runtime::stable_log] Program 11111111111111111111111111111111 invoke [1]
[2022-02-12T07:55:38.456820000Z DEBUG solana_program_runtime::stable_log] Program 11111111111111111111111111111111 success
[2022-02-12T07:55:38.460173000Z DEBUG solana_program_runtime::stable_log] Program 11111111111111111111111111111111 invoke [1]
[2022-02-12T07:55:38.460225000Z DEBUG solana_program_runtime::stable_log] Program 11111111111111111111111111111111 success
[2022-02-12T07:55:38.461063000Z DEBUG solana_program_runtime::stable_log] Program oqtkwi1j2wZuJSh74CMk7wk77nFUQDt1Qhf3Liweew9 invoke [2]
[2022-02-12T07:55:38.461318000Z DEBUG solana_program_runtime::stable_log] Program TokenkegQfeZyiNwAJbNbGKPFXCWuBvf9Ss623VQ5DA invoke [1]
[2022-02-12T07:55:38.461820000Z DEBUG solana_program_runtime::stable_log] Program log: Instruction: InitializeAccount
[2022-02-12T07:55:38.462858000Z DEBUG solana_bpf_loader_program] Program TokenkegQfeZyiNwAJbNbGKPFXCWuBvf9Ss623VQ5DA consumed 3411 of 200000 compute units
[2022-02-12T07:55:38.462915000Z DEBUG solana_program_runtime::stable_log] Program TokenkegQfeZyiNwAJbNbGKPFXCWuBvf9Ss623VQ5DA success
[2022-02-12T07:55:38.464152000Z DEBUG solana_program_runtime::stable_log] Program TokenkegQfeZyiNwAJbNbGKPFXCWuBvf9Ss623VQ5DA invoke [3]
[2022-02-12T07:55:38.464612000Z DEBUG solana_program_runtime::stable_log] Program log: Instruction: Transfer
[2022-02-12T07:55:38.465544000Z DEBUG solana_bpf_loader_program] Program TokenkegQfeZyiNwAJbNbGKPFXCWuBvf9Ss623VQ5DA consumed 3121 of 141512 compute units
[2022-02-12T07:55:38.465608000Z DEBUG solana_program_runtime::stable_log] Program TokenkegQfeZyiNwAJbNbGKPFXCWuBvf9Ss623VQ5DA success
[2022-02-12T07:55:38.466636000Z DEBUG solana_program_runtime::stable_log] Program 11111111111111111111111111111111 invoke [1]
[2022-02-12T07:55:38.466691000Z DEBUG solana_program_runtime::stable_log] Program 11111111111111111111111111111111 success
[2022-02-12T07:55:38.470080000Z DEBUG solana_program_runtime::stable_log] Program 11111111111111111111111111111111 invoke [1]
[2022-02-12T07:55:38.470133000Z DEBUG solana_program_runtime::stable_log] Program 11111111111111111111111111111111 success
[2022-02-12T07:55:38.472221000Z DEBUG solana_program_runtime::stable_log] Program 8opHzTAnfzRpPEx21XtnrVTX28YQuCpAjcn1PczScKh invoke [1]
[2022-02-12T07:55:38.472248000Z DEBUG solana_program_runtime::stable_log] Program TokenkegQfeZyiNwAJbNbGKPFXCWuBvf9Ss623VQ5DA invoke [3]
[2022-02-12T07:55:38.472703000Z DEBUG solana_program_runtime::stable_log] Program log: Instruction: Transfer
[2022-02-12T07:55:38.472922000Z DEBUG solana_program_runtime::stable_log] Program log: Mango: AddSpotMarket
[2022-02-12T07:55:38.473660000Z DEBUG solana_bpf_loader_program] Program TokenkegQfeZyiNwAJbNbGKPFXCWuBvf9Ss623VQ5DA consumed 3121 of 141512 compute units
[2022-02-12T07:55:38.473725000Z DEBUG solana_program_runtime::stable_log] Program TokenkegQfeZyiNwAJbNbGKPFXCWuBvf9Ss623VQ5DA success
[2022-02-12T07:55:38.474333000Z DEBUG solana_program_runtime::stable_log] Program TokenkegQfeZyiNwAJbNbGKPFXCWuBvf9Ss623VQ5DA invoke [3]
[2022-02-12T07:55:38.474792000Z DEBUG solana_program_runtime::stable_log] Program log: Instruction: Transfer
[2022-02-12T07:55:38.475752000Z DEBUG solana_bpf_loader_program] Program TokenkegQfeZyiNwAJbNbGKPFXCWuBvf9Ss623VQ5DA consumed 3121 of 135648 compute units
[2022-02-12T07:55:38.475814000Z DEBUG solana_program_runtime::stable_log] Program TokenkegQfeZyiNwAJbNbGKPFXCWuBvf9Ss623VQ5DA success
[2022-02-12T07:55:38.476474000Z DEBUG solana_bpf_loader_program] Program LX3EUdRUBUa3TbsYXLEUdj9J3prXkWXvLYSWyYyc2Jj consumed 20191 of 151812 compute units
[2022-02-12T07:55:38.476553000Z DEBUG solana_program_runtime::stable_log] Program LX3EUdRUBUa3TbsYXLEUdj9J3prXkWXvLYSWyYyc2Jj success
[2022-02-12T07:55:38.478881000Z DEBUG solana_program_runtime::stable_log] Program log: mango-log
[2022-02-12T07:55:38.479087000Z DEBUG solana_bpf_loader_program] Program 8opHzTAnfzRpPEx21XtnrVTX28YQuCpAjcn1PczScKh consumed 20669 of 200000 compute units
[2022-02-12T07:55:38.479173000Z DEBUG solana_program_runtime::stable_log] Program 8opHzTAnfzRpPEx21XtnrVTX28YQuCpAjcn1PczScKh success
[2022-02-12T07:55:38.479668000Z DEBUG solana_program_runtime::stable_log] Program log: F5qwwQsqqPSctzjFHW4XvZj+MxHkKkvsInzL6Ys+hkvDPt17IYHDCCiSzxJrDV60P4MhylWAOXRuYHS2Z47GRWzqsD1L8kfBDwAAAAAAAAAAAAAAAAD6JgAAAAAAAAAAAAAAAAAAAAAAAAAAAAAAAA==
[2022-02-12T07:55:38.480347000Z DEBUG solana_program_runtime::stable_log] Program log: mango-log
[2022-02-12T07:55:38.481137000Z DEBUG solana_program_runtime::stable_log] Program log: F5qwwQsqqPSctzjFHW4XvZj+MxHkKkvsInzL6Ys+hkvDPt17IYHDCCiSzxJrDV60P4MhylWAOXRuYHS2Z47GRWzqsD1L8kfBAAAAAAAAAAAAAAAAAAAAAAAAAAAAAAAAAAAAAAAAAAAAAAAAAAAAAA==
[2022-02-12T07:55:38.482077000Z DEBUG solana_program_runtime::stable_log] Program log: mango-log
[2022-02-12T07:55:38.482315000Z DEBUG solana_program_runtime::stable_log] Program GcdayuLaLyrdmUu324nahyv33G5poQdLUEZ1nEytDeP invoke [1]
[2022-02-12T07:55:38.482528000Z DEBUG solana_program_runtime::stable_log] Program TokenkegQfeZyiNwAJbNbGKPFXCWuBvf9Ss623VQ5DA invoke [3]
[2022-02-12T07:55:38.482925000Z DEBUG solana_program_runtime::stable_log] Program log: V4pUNuOCxqyctzjFHW4XvZj+MxHkKkvsInzL6Ys+hkvDPt17IYHDCCiSzxJrDV60P4MhylWAOXRuYHS2Z47GRWzqsD1L8kfBAAAAAAAAAAAAAAAAAAAAAAAAAAAAAAAAAAAAAAAAAAAAAAAAAAAAAAAAAAAAAAAA
[2022-02-12T07:55:38.482974000Z DEBUG solana_program_runtime::stable_log] Program log: Instruction: Transfer
[2022-02-12T07:55:38.483032000Z DEBUG solana_program_runtime::stable_log] Program log: Mango: AddSpotMarket
[2022-02-12T07:55:38.483568000Z DEBUG solana_bpf_loader_program] Program CiDwVBFgWV9E5MvXWoLgnEgn2hK7rJikbvfWavzAQz3 consumed 87731 of 200000 compute units
[2022-02-12T07:55:38.483835000Z DEBUG solana_program_runtime::stable_log] Program CiDwVBFgWV9E5MvXWoLgnEgn2hK7rJikbvfWavzAQz3 success
[2022-02-12T07:55:38.483929000Z DEBUG solana_bpf_loader_program] Program TokenkegQfeZyiNwAJbNbGKPFXCWuBvf9Ss623VQ5DA consumed 3121 of 135648 compute units
[2022-02-12T07:55:38.483985000Z DEBUG solana_program_runtime::stable_log] Program TokenkegQfeZyiNwAJbNbGKPFXCWuBvf9Ss623VQ5DA success
[2022-02-12T07:55:38.484207000Z DEBUG solana_program_runtime::stable_log] Program 11111111111111111111111111111111 invoke [1]
[2022-02-12T07:55:38.484274000Z DEBUG solana_program_runtime::stable_log] Program 11111111111111111111111111111111 success
[2022-02-12T07:55:38.484641000Z DEBUG solana_bpf_loader_program] Program oqtkwi1j2wZuJSh74CMk7wk77nFUQDt1Qhf3Liweew9 consumed 20191 of 151812 compute units
[2022-02-12T07:55:38.484722000Z DEBUG solana_program_runtime::stable_log] Program oqtkwi1j2wZuJSh74CMk7wk77nFUQDt1Qhf3Liweew9 success
[2022-02-12T07:55:38.487064000Z DEBUG solana_program_runtime::stable_log] Program log: mango-log
[2022-02-12T07:55:38.487854000Z DEBUG solana_program_runtime::stable_log] Program log: F5qwwQsqqPSedYLQOjgeoIOp1VY49L9OAH1lbwNX/u06aA+YdBuZ3OSrBRwvR7tIzDXy5mY4AQH3F4wqv58sQ8hfTrqHfdNiDwAAAAAAAAAAAAAAAAD6JgAAAAAAAAAAAAAAAAAAAAAAAAAAAAAAAA==
[2022-02-12T07:55:38.488514000Z DEBUG solana_program_runtime::stable_log] Program log: mango-log
[2022-02-12T07:55:38.489289000Z DEBUG solana_program_runtime::stable_log] Program log: F5qwwQsqqPSedYLQOjgeoIOp1VY49L9OAH1lbwNX/u06aA+YdBuZ3OSrBRwvR7tIzDXy5mY4AQH3F4wqv58sQ8hfTrqHfdNiAAAAAAAAAAAAAAAAAAAAAAAAAAAAAAAAAAAAAAAAAAAAAAAAAAAAAA==
[2022-02-12T07:55:38.489440000Z DEBUG solana_bpf_loader_program] Program GcdayuLaLyrdmUu324nahyv33G5poQdLUEZ1nEytDeP consumed 20669 of 200000 compute units
[2022-02-12T07:55:38.489543000Z DEBUG solana_program_runtime::stable_log] Program GcdayuLaLyrdmUu324nahyv33G5poQdLUEZ1nEytDeP success
[2022-02-12T07:55:38.490206000Z DEBUG solana_program_runtime::stable_log] Program log: mango-log
[2022-02-12T07:55:38.491044000Z DEBUG solana_program_runtime::stable_log] Program log: V4pUNuOCxqyedYLQOjgeoIOp1VY49L9OAH1lbwNX/u06aA+YdBuZ3OSrBRwvR7tIzDXy5mY4AQH3F4wqv58sQ8hfTrqHfdNiAAAAAAAAAAAAAAAAAAAAAAAAAAAAAAAAAAAAAAAAAAAAAAAAAAAAAAAAAAAAAAAA
[2022-02-12T07:55:38.491675000Z DEBUG solana_bpf_loader_program] Program jwV7SyvqCSrVcKibYvurCCWr7DUmT7yRYPmY9QwvrGo consumed 87731 of 200000 compute units
[2022-02-12T07:55:38.491907000Z DEBUG solana_program_runtime::stable_log] Program jwV7SyvqCSrVcKibYvurCCWr7DUmT7yRYPmY9QwvrGo success
[2022-02-12T07:55:38.492179000Z DEBUG solana_program_runtime::stable_log] Program TokenkegQfeZyiNwAJbNbGKPFXCWuBvf9Ss623VQ5DA invoke [1]
[2022-02-12T07:55:38.492695000Z DEBUG solana_program_runtime::stable_log] Program log: Instruction: InitializeAccount
[2022-02-12T07:55:38.493736000Z DEBUG solana_bpf_loader_program] Program TokenkegQfeZyiNwAJbNbGKPFXCWuBvf9Ss623VQ5DA consumed 3411 of 200000 compute units
[2022-02-12T07:55:38.493795000Z DEBUG solana_program_runtime::stable_log] Program TokenkegQfeZyiNwAJbNbGKPFXCWuBvf9Ss623VQ5DA success
[2022-02-12T07:55:38.495138000Z DEBUG solana_program_runtime::stable_log] Program 11111111111111111111111111111111 invoke [1]
[2022-02-12T07:55:38.495203000Z DEBUG solana_program_runtime::stable_log] Program 11111111111111111111111111111111 success
[2022-02-12T07:55:38.497314000Z DEBUG solana_program_runtime::stable_log] Program 11111111111111111111111111111111 invoke [1]
[2022-02-12T07:55:38.497377000Z DEBUG solana_program_runtime::stable_log] Program 11111111111111111111111111111111 success
[2022-02-12T07:55:38.503346000Z DEBUG solana_program_runtime::stable_log] Program TokenkegQfeZyiNwAJbNbGKPFXCWuBvf9Ss623VQ5DA invoke [1]
[2022-02-12T07:55:38.503879000Z DEBUG solana_program_runtime::stable_log] Program log: Instruction: InitializeAccount
[2022-02-12T07:55:38.504940000Z DEBUG solana_bpf_loader_program] Program TokenkegQfeZyiNwAJbNbGKPFXCWuBvf9Ss623VQ5DA consumed 3411 of 200000 compute units
[2022-02-12T07:55:38.505006000Z DEBUG solana_program_runtime::stable_log] Program TokenkegQfeZyiNwAJbNbGKPFXCWuBvf9Ss623VQ5DA success
[2022-02-12T07:55:38.505310000Z DEBUG solana_program_runtime::stable_log] Program TokenkegQfeZyiNwAJbNbGKPFXCWuBvf9Ss623VQ5DA invoke [1]
[2022-02-12T07:55:38.505845000Z DEBUG solana_program_runtime::stable_log] Program log: Instruction: InitializeAccount
[2022-02-12T07:55:38.506924000Z DEBUG solana_bpf_loader_program] Program TokenkegQfeZyiNwAJbNbGKPFXCWuBvf9Ss623VQ5DA consumed 3411 of 200000 compute units
[2022-02-12T07:55:38.506989000Z DEBUG solana_program_runtime::stable_log] Program TokenkegQfeZyiNwAJbNbGKPFXCWuBvf9Ss623VQ5DA success
[2022-02-12T07:55:38.510242000Z DEBUG solana_program_runtime::stable_log] Program 11111111111111111111111111111111 invoke [1]
[2022-02-12T07:55:38.510300000Z DEBUG solana_program_runtime::stable_log] Program 11111111111111111111111111111111 success
[2022-02-12T07:55:38.515177000Z DEBUG solana_program_runtime::stable_log] Program 11111111111111111111111111111111 invoke [1]
[2022-02-12T07:55:38.515226000Z DEBUG solana_program_runtime::stable_log] Program 11111111111111111111111111111111 success
[2022-02-12T07:55:38.515277000Z DEBUG solana_program_runtime::stable_log] Program 11111111111111111111111111111111 invoke [1]
[2022-02-12T07:55:38.515320000Z DEBUG solana_program_runtime::stable_log] Program 11111111111111111111111111111111 success
[2022-02-12T07:55:38.515370000Z DEBUG solana_program_runtime::stable_log] Program 11111111111111111111111111111111 invoke [1]
[2022-02-12T07:55:38.515441000Z DEBUG solana_program_runtime::stable_log] Program 11111111111111111111111111111111 success
[2022-02-12T07:55:38.515670000Z DEBUG solana_program_runtime::stable_log] Program 11111111111111111111111111111111 invoke [1]
[2022-02-12T07:55:38.515716000Z DEBUG solana_program_runtime::stable_log] Program 11111111111111111111111111111111 success
[2022-02-12T07:55:38.515778000Z DEBUG solana_program_runtime::stable_log] Program 11111111111111111111111111111111 invoke [1]
[2022-02-12T07:55:38.515826000Z DEBUG solana_program_runtime::stable_log] Program 11111111111111111111111111111111 success
[2022-02-12T07:55:38.518246000Z DEBUG solana_program_runtime::stable_log] Program TokenkegQfeZyiNwAJbNbGKPFXCWuBvf9Ss623VQ5DA invoke [1]
[2022-02-12T07:55:38.518768000Z DEBUG solana_program_runtime::stable_log] Program log: Instruction: InitializeAccount
[2022-02-12T07:55:38.519812000Z DEBUG solana_bpf_loader_program] Program TokenkegQfeZyiNwAJbNbGKPFXCWuBvf9Ss623VQ5DA consumed 3411 of 200000 compute units
[2022-02-12T07:55:38.519820000Z DEBUG solana_program_runtime::stable_log] Program CiDwVBFgWV9E5MvXWoLgnEgn2hK7rJikbvfWavzAQz3 invoke [1]
[2022-02-12T07:55:38.519907000Z DEBUG solana_program_runtime::stable_log] Program TokenkegQfeZyiNwAJbNbGKPFXCWuBvf9Ss623VQ5DA success
[2022-02-12T07:55:38.520206000Z DEBUG solana_program_runtime::stable_log] Program log: Mango: CachePrices
[2022-02-12T07:55:38.520555000Z DEBUG solana_program_runtime::stable_log] Program log: mango-log
[2022-02-12T07:55:38.521185000Z DEBUG solana_program_runtime::stable_log] Program log: ux0uSxX5tBuctzjFHW4XvZj+MxHkKkvsInzL6Ys+hkvDPt17IYHDCAEAAAAAAAAAAAAAAAEAAAAAAAAAAAAQJwAAAAAAAAAA
[2022-02-12T07:55:38.521294000Z DEBUG solana_bpf_loader_program] Program CiDwVBFgWV9E5MvXWoLgnEgn2hK7rJikbvfWavzAQz3 consumed 3669 of 200000 compute units
[2022-02-12T07:55:38.521350000Z DEBUG solana_program_runtime::stable_log] Program CiDwVBFgWV9E5MvXWoLgnEgn2hK7rJikbvfWavzAQz3 success
[2022-02-12T07:55:38.525412000Z DEBUG solana_program_runtime::stable_log] Program QRSsyMWN1yHT9ir42bgNZUNZ4PdEhcSWCrL2AryKpy5 invoke [1]
[2022-02-12T07:55:38.526186000Z DEBUG solana_program_runtime::stable_log] Program jwV7SyvqCSrVcKibYvurCCWr7DUmT7yRYPmY9QwvrGo invoke [1]
[2022-02-12T07:55:38.526532000Z DEBUG solana_program_runtime::stable_log] Program log: Mango: CachePrices
[2022-02-12T07:55:38.526879000Z DEBUG solana_program_runtime::stable_log] Program log: mango-log
[2022-02-12T07:55:38.527511000Z DEBUG solana_program_runtime::stable_log] Program log: ux0uSxX5tBuedYLQOjgeoIOp1VY49L9OAH1lbwNX/u06aA+YdBuZ3AEAAAAAAAAAAAAAAAEAAAAAAAAAAAAQJwAAAAAAAAAA
[2022-02-12T07:55:38.527619000Z DEBUG solana_bpf_loader_program] Program jwV7SyvqCSrVcKibYvurCCWr7DUmT7yRYPmY9QwvrGo consumed 3669 of 200000 compute units
[2022-02-12T07:55:38.527678000Z DEBUG solana_program_runtime::stable_log] Program jwV7SyvqCSrVcKibYvurCCWr7DUmT7yRYPmY9QwvrGo success
[2022-02-12T07:55:38.528035000Z DEBUG solana_program_runtime::stable_log] Program 11111111111111111111111111111111 invoke [1]
[2022-02-12T07:55:38.528093000Z DEBUG solana_program_runtime::stable_log] Program 11111111111111111111111111111111 success
[2022-02-12T07:55:38.528145000Z DEBUG solana_program_runtime::stable_log] Program 11111111111111111111111111111111 invoke [1]
[2022-02-12T07:55:38.528187000Z DEBUG solana_program_runtime::stable_log] Program 11111111111111111111111111111111 success
[2022-02-12T07:55:38.528234000Z DEBUG solana_program_runtime::stable_log] Program 11111111111111111111111111111111 invoke [1]
[2022-02-12T07:55:38.528304000Z DEBUG solana_program_runtime::stable_log] Program 11111111111111111111111111111111 success
[2022-02-12T07:55:38.528531000Z DEBUG solana_program_runtime::stable_log] Program 11111111111111111111111111111111 invoke [1]
[2022-02-12T07:55:38.528577000Z DEBUG solana_program_runtime::stable_log] Program 11111111111111111111111111111111 success
[2022-02-12T07:55:38.528636000Z DEBUG solana_program_runtime::stable_log] Program 11111111111111111111111111111111 invoke [1]
[2022-02-12T07:55:38.528680000Z DEBUG solana_program_runtime::stable_log] Program 11111111111111111111111111111111 success
[2022-02-12T07:55:38.530644000Z DEBUG solana_bpf_loader_program] Program QRSsyMWN1yHT9ir42bgNZUNZ4PdEhcSWCrL2AryKpy5 consumed 13668 of 200000 compute units
[2022-02-12T07:55:38.530777000Z DEBUG solana_program_runtime::stable_log] Program QRSsyMWN1yHT9ir42bgNZUNZ4PdEhcSWCrL2AryKpy5 success
[2022-02-12T07:55:38.532183000Z DEBUG solana_program_runtime::stable_log] Program CiDwVBFgWV9E5MvXWoLgnEgn2hK7rJikbvfWavzAQz3 invoke [1]
[2022-02-12T07:55:38.532598000Z DEBUG solana_program_runtime::stable_log] Program log: Mango: UpdateRootBank
[2022-02-12T07:55:38.534508000Z DEBUG solana_program_runtime::stable_log] Program log: mango-log
[2022-02-12T07:55:38.535147000Z DEBUG solana_program_runtime::stable_log] Program log: 8HmBNKTUaLictzjFHW4XvZj+MxHkKkvsInzL6Ys+hkvDPt17IYHDCAAAAAAAAAAAAAAAAAAAQEIPAAAAAAAAAAAAAAAAAEBCDwAAAAAAAAA=
[2022-02-12T07:55:38.535280000Z DEBUG solana_bpf_loader_program] Program CiDwVBFgWV9E5MvXWoLgnEgn2hK7rJikbvfWavzAQz3 consumed 8519 of 200000 compute units
[2022-02-12T07:55:38.535343000Z DEBUG solana_program_runtime::stable_log] Program CiDwVBFgWV9E5MvXWoLgnEgn2hK7rJikbvfWavzAQz3 success
[2022-02-12T07:55:38.538092000Z DEBUG solana_program_runtime::stable_log] Program YEGAxog9gxiGXxo538aAQxq55XAebpFfwU72ZUxmSHm invoke [1]
[2022-02-12T07:55:38.538429000Z DEBUG solana_program_runtime::stable_log] Program 11111111111111111111111111111111 invoke [1]
[2022-02-12T07:55:38.538503000Z DEBUG solana_program_runtime::stable_log] Program 11111111111111111111111111111111 success
[2022-02-12T07:55:38.538774000Z DEBUG solana_program_runtime::stable_log] Program jwV7SyvqCSrVcKibYvurCCWr7DUmT7yRYPmY9QwvrGo invoke [1]
[2022-02-12T07:55:38.539182000Z DEBUG solana_program_runtime::stable_log] Program log: Mango: UpdateRootBank
[2022-02-12T07:55:38.541036000Z DEBUG solana_program_runtime::stable_log] Program log: mango-log
[2022-02-12T07:55:38.541674000Z DEBUG solana_program_runtime::stable_log] Program log: 8HmBNKTUaLiedYLQOjgeoIOp1VY49L9OAH1lbwNX/u06aA+YdBuZ3AAAAAAAAAAAAAAAAAAAQEIPAAAAAAAAAAAAAAAAAEBCDwAAAAAAAAA=
[2022-02-12T07:55:38.541805000Z DEBUG solana_bpf_loader_program] Program jwV7SyvqCSrVcKibYvurCCWr7DUmT7yRYPmY9QwvrGo consumed 8519 of 200000 compute units
[2022-02-12T07:55:38.541864000Z DEBUG solana_program_runtime::stable_log] Program jwV7SyvqCSrVcKibYvurCCWr7DUmT7yRYPmY9QwvrGo success
[2022-02-12T07:55:38.543296000Z DEBUG solana_bpf_loader_program] Program YEGAxog9gxiGXxo538aAQxq55XAebpFfwU72ZUxmSHm consumed 13647 of 200000 compute units
[2022-02-12T07:55:38.543421000Z DEBUG solana_program_runtime::stable_log] Program YEGAxog9gxiGXxo538aAQxq55XAebpFfwU72ZUxmSHm success
[2022-02-12T07:55:38.546447000Z DEBUG solana_program_runtime::stable_log] Program TokenkegQfeZyiNwAJbNbGKPFXCWuBvf9Ss623VQ5DA invoke [1]
[2022-02-12T07:55:38.546501000Z DEBUG solana_program_runtime::stable_log] Program CiDwVBFgWV9E5MvXWoLgnEgn2hK7rJikbvfWavzAQz3 invoke [1]
[2022-02-12T07:55:38.546949000Z DEBUG solana_program_runtime::stable_log] Program log: Mango: UpdateFunding
[2022-02-12T07:55:38.546958000Z DEBUG solana_program_runtime::stable_log] Program log: Instruction: InitializeAccount
[2022-02-12T07:55:38.548017000Z DEBUG solana_bpf_loader_program] Program TokenkegQfeZyiNwAJbNbGKPFXCWuBvf9Ss623VQ5DA consumed 3411 of 200000 compute units
[2022-02-12T07:55:38.548114000Z DEBUG solana_program_runtime::stable_log] Program TokenkegQfeZyiNwAJbNbGKPFXCWuBvf9Ss623VQ5DA success
[2022-02-12T07:55:38.548146000Z DEBUG solana_program_runtime::stable_log] Program log: mango-log
[2022-02-12T07:55:38.548795000Z DEBUG solana_program_runtime::stable_log] Program log: ta5iwCEXTXuctzjFHW4XvZj+MxHkKkvsInzL6Ys+hkvDPt17IYHDCAAAAAAAAAAAAAAAAAAAAAAAAAAAAAAAAAAAAAAAAAAAAAAAAAAAAAA=
[2022-02-12T07:55:38.548952000Z DEBUG solana_bpf_loader_program] Program CiDwVBFgWV9E5MvXWoLgnEgn2hK7rJikbvfWavzAQz3 consumed 6381 of 200000 compute units
[2022-02-12T07:55:38.549025000Z DEBUG solana_program_runtime::stable_log] Program CiDwVBFgWV9E5MvXWoLgnEgn2hK7rJikbvfWavzAQz3 success
[2022-02-12T07:55:38.551260000Z DEBUG solana_program_runtime::stable_log] Program 11111111111111111111111111111111 invoke [1]
[2022-02-12T07:55:38.551318000Z DEBUG solana_program_runtime::stable_log] Program 11111111111111111111111111111111 success
[2022-02-12T07:55:38.551376000Z DEBUG solana_program_runtime::stable_log] Program 11111111111111111111111111111111 invoke [1]
[2022-02-12T07:55:38.551421000Z DEBUG solana_program_runtime::stable_log] Program 11111111111111111111111111111111 success
[2022-02-12T07:55:38.553518000Z DEBUG solana_program_runtime::stable_log] Program jwV7SyvqCSrVcKibYvurCCWr7DUmT7yRYPmY9QwvrGo invoke [1]
[2022-02-12T07:55:38.554003000Z DEBUG solana_program_runtime::stable_log] Program log: Mango: UpdateFunding
[2022-02-12T07:55:38.555166000Z DEBUG solana_program_runtime::stable_log] Program log: mango-log
[2022-02-12T07:55:38.555804000Z DEBUG solana_program_runtime::stable_log] Program log: ta5iwCEXTXuedYLQOjgeoIOp1VY49L9OAH1lbwNX/u06aA+YdBuZ3AAAAAAAAAAAAAAAAAAAAAAAAAAAAAAAAAAAAAAAAAAAAAAAAAAAAAA=
[2022-02-12T07:55:38.555959000Z DEBUG solana_bpf_loader_program] Program jwV7SyvqCSrVcKibYvurCCWr7DUmT7yRYPmY9QwvrGo consumed 6381 of 200000 compute units
[2022-02-12T07:55:38.555981000Z DEBUG solana_program_runtime::stable_log] Program 11111111111111111111111111111111 invoke [1]
[2022-02-12T07:55:38.556040000Z DEBUG solana_program_runtime::stable_log] Program 11111111111111111111111111111111 success
[2022-02-12T07:55:38.556036000Z DEBUG solana_program_runtime::stable_log] Program jwV7SyvqCSrVcKibYvurCCWr7DUmT7yRYPmY9QwvrGo success
[2022-02-12T07:55:38.559135000Z DEBUG solana_program_runtime::stable_log] Program TokenkegQfeZyiNwAJbNbGKPFXCWuBvf9Ss623VQ5DA invoke [1]
[2022-02-12T07:55:38.559310000Z DEBUG solana_program_runtime::stable_log] Program CiDwVBFgWV9E5MvXWoLgnEgn2hK7rJikbvfWavzAQz3 invoke [1]
[2022-02-12T07:55:38.559633000Z DEBUG solana_program_runtime::stable_log] Program log: Instruction: InitializeAccount
[2022-02-12T07:55:38.559753000Z DEBUG solana_program_runtime::stable_log] Program log: Mango: CacheRootBanks
[2022-02-12T07:55:38.560466000Z DEBUG solana_program_runtime::stable_log] Program log: mango-log
[2022-02-12T07:55:38.560647000Z DEBUG solana_bpf_loader_program] Program TokenkegQfeZyiNwAJbNbGKPFXCWuBvf9Ss623VQ5DA consumed 3411 of 200000 compute units
[2022-02-12T07:55:38.560719000Z DEBUG solana_program_runtime::stable_log] Program TokenkegQfeZyiNwAJbNbGKPFXCWuBvf9Ss623VQ5DA success
[2022-02-12T07:55:38.561404000Z DEBUG solana_program_runtime::stable_log] Program log: IVXYca/GfeictzjFHW4XvZj+MxHkKkvsInzL6Ys+hkvDPt17IYHDCAIAAAAAAAAAAAAAAA8AAAAAAAAAAgAAAAAAAAAAAEBCDwAAAAAAAAAAAAAAAABAQg8AAAAAAAAAAgAAAAAAAAAAAEBCDwAAAAAAAAAAAAAAAABAQg8AAAAAAAAA
[2022-02-12T07:55:38.561550000Z DEBUG solana_bpf_loader_program] Program CiDwVBFgWV9E5MvXWoLgnEgn2hK7rJikbvfWavzAQz3 consumed 5857 of 200000 compute units
[2022-02-12T07:55:38.561618000Z DEBUG solana_program_runtime::stable_log] Program CiDwVBFgWV9E5MvXWoLgnEgn2hK7rJikbvfWavzAQz3 success
[2022-02-12T07:55:38.564638000Z DEBUG solana_program_runtime::stable_log] Program 11111111111111111111111111111111 invoke [1]
[2022-02-12T07:55:38.564705000Z DEBUG solana_program_runtime::stable_log] Program 11111111111111111111111111111111 success
[2022-02-12T07:55:38.566134000Z DEBUG solana_program_runtime::stable_log] Program jwV7SyvqCSrVcKibYvurCCWr7DUmT7yRYPmY9QwvrGo invoke [1]
[2022-02-12T07:55:38.566540000Z DEBUG solana_program_runtime::stable_log] Program log: Mango: CacheRootBanks
[2022-02-12T07:55:38.567238000Z DEBUG solana_program_runtime::stable_log] Program log: mango-log
[2022-02-12T07:55:38.568096000Z DEBUG solana_program_runtime::stable_log] Program 11111111111111111111111111111111 invoke [1]
[2022-02-12T07:55:38.568145000Z DEBUG solana_program_runtime::stable_log] Program 11111111111111111111111111111111 success
[2022-02-12T07:55:38.568178000Z DEBUG solana_program_runtime::stable_log] Program log: IVXYca/GfeiedYLQOjgeoIOp1VY49L9OAH1lbwNX/u06aA+YdBuZ3AIAAAAAAAAAAAAAAA8AAAAAAAAAAgAAAAAAAAAAAEBCDwAAAAAAAAAAAAAAAABAQg8AAAAAAAAAAgAAAAAAAAAAAEBCDwAAAAAAAAAAAAAAAABAQg8AAAAAAAAA
[2022-02-12T07:55:38.568169000Z DEBUG solana_program_runtime::stable_log] Program 8opHzTAnfzRpPEx21XtnrVTX28YQuCpAjcn1PczScKh invoke [1]
[2022-02-12T07:55:38.568310000Z DEBUG solana_bpf_loader_program] Program jwV7SyvqCSrVcKibYvurCCWr7DUmT7yRYPmY9QwvrGo consumed 5857 of 200000 compute units
[2022-02-12T07:55:38.568369000Z DEBUG solana_program_runtime::stable_log] Program jwV7SyvqCSrVcKibYvurCCWr7DUmT7yRYPmY9QwvrGo success
[2022-02-12T07:55:38.568924000Z DEBUG solana_program_runtime::stable_log] Program log: Mango: AddSpotMarket
[2022-02-12T07:55:38.571407000Z DEBUG solana_program_runtime::stable_log] Program CiDwVBFgWV9E5MvXWoLgnEgn2hK7rJikbvfWavzAQz3 invoke [1]
[2022-02-12T07:55:38.571743000Z DEBUG solana_program_runtime::stable_log] Program log: Mango: CachePerpMarkets
[2022-02-12T07:55:38.572151000Z DEBUG solana_program_runtime::stable_log] Program log: mango-log
[2022-02-12T07:55:38.572908000Z DEBUG solana_program_runtime::stable_log] Program log: 9lt9JxCzqw6ctzjFHW4XvZj+MxHkKkvsInzL6Ys+hkvDPt17IYHDCAEAAAAAAAAAAAAAAAEAAAAAAAAAAAAAAAAAAAAAAAAAAQAAAAAAAAAAAAAAAAAAAAAAAAA=
[2022-02-12T07:55:38.573016000Z DEBUG solana_bpf_loader_program] Program CiDwVBFgWV9E5MvXWoLgnEgn2hK7rJikbvfWavzAQz3 consumed 4331 of 200000 compute units
[2022-02-12T07:55:38.573074000Z DEBUG solana_program_runtime::stable_log] Program CiDwVBFgWV9E5MvXWoLgnEgn2hK7rJikbvfWavzAQz3 success
[2022-02-12T07:55:38.575139000Z DEBUG solana_bpf_loader_program] Program 8opHzTAnfzRpPEx21XtnrVTX28YQuCpAjcn1PczScKh consumed 20708 of 200000 compute units
[2022-02-12T07:55:38.575226000Z DEBUG solana_program_runtime::stable_log] Program 8opHzTAnfzRpPEx21XtnrVTX28YQuCpAjcn1PczScKh success
[2022-02-12T07:55:38.578714000Z DEBUG solana_program_runtime::stable_log] Program jwV7SyvqCSrVcKibYvurCCWr7DUmT7yRYPmY9QwvrGo invoke [1]
[2022-02-12T07:55:38.579097000Z DEBUG solana_program_runtime::stable_log] Program log: Mango: CachePerpMarkets
[2022-02-12T07:55:38.579501000Z DEBUG solana_program_runtime::stable_log] Program log: mango-log
[2022-02-12T07:55:38.580120000Z DEBUG solana_program_runtime::stable_log] Program 11111111111111111111111111111111 invoke [1]
[2022-02-12T07:55:38.580152000Z DEBUG solana_program_runtime::stable_log] Program GcdayuLaLyrdmUu324nahyv33G5poQdLUEZ1nEytDeP invoke [1]
[2022-02-12T07:55:38.580188000Z DEBUG solana_program_runtime::stable_log] Program 11111111111111111111111111111111 success
[2022-02-12T07:55:38.580280000Z DEBUG solana_program_runtime::stable_log] Program log: 9lt9JxCzqw6edYLQOjgeoIOp1VY49L9OAH1lbwNX/u06aA+YdBuZ3AEAAAAAAAAAAAAAAAEAAAAAAAAAAAAAAAAAAAAAAAAAAQAAAAAAAAAAAAAAAAAAAAAAAAA=
[2022-02-12T07:55:38.580390000Z DEBUG solana_bpf_loader_program] Program jwV7SyvqCSrVcKibYvurCCWr7DUmT7yRYPmY9QwvrGo consumed 4331 of 200000 compute units
[2022-02-12T07:55:38.580452000Z DEBUG solana_program_runtime::stable_log] Program jwV7SyvqCSrVcKibYvurCCWr7DUmT7yRYPmY9QwvrGo success
[2022-02-12T07:55:38.580872000Z DEBUG solana_program_runtime::stable_log] Program log: Mango: AddSpotMarket
[2022-02-12T07:55:38.584446000Z DEBUG solana_program_runtime::stable_log] Program LX3EUdRUBUa3TbsYXLEUdj9J3prXkWXvLYSWyYyc2Jj invoke [1]
[2022-02-12T07:55:38.587297000Z DEBUG solana_bpf_loader_program] Program LX3EUdRUBUa3TbsYXLEUdj9J3prXkWXvLYSWyYyc2Jj consumed 6263 of 200000 compute units
[2022-02-12T07:55:38.587310000Z DEBUG solana_bpf_loader_program] Program GcdayuLaLyrdmUu324nahyv33G5poQdLUEZ1nEytDeP consumed 20708 of 200000 compute units
[2022-02-12T07:55:38.587401000Z DEBUG solana_program_runtime::stable_log] Program LX3EUdRUBUa3TbsYXLEUdj9J3prXkWXvLYSWyYyc2Jj success
[2022-02-12T07:55:38.587428000Z DEBUG solana_program_runtime::stable_log] Program GcdayuLaLyrdmUu324nahyv33G5poQdLUEZ1nEytDeP success
[2022-02-12T07:55:38.588419000Z DEBUG solana_program_runtime::stable_log] Program TokenkegQfeZyiNwAJbNbGKPFXCWuBvf9Ss623VQ5DA invoke [1]
[2022-02-12T07:55:38.588955000Z DEBUG solana_program_runtime::stable_log] Program log: Instruction: InitializeAccount
test test_place_spot_order ... ok
[2022-02-12T07:55:38.590043000Z DEBUG solana_bpf_loader_program] Program TokenkegQfeZyiNwAJbNbGKPFXCWuBvf9Ss623VQ5DA consumed 3411 of 200000 compute units
[2022-02-12T07:55:38.590114000Z DEBUG solana_program_runtime::stable_log] Program TokenkegQfeZyiNwAJbNbGKPFXCWuBvf9Ss623VQ5DA success
[2022-02-12T07:55:38.591805000Z DEBUG solana_program_runtime::stable_log] Program oqtkwi1j2wZuJSh74CMk7wk77nFUQDt1Qhf3Liweew9 invoke [1]
[2022-02-12T07:55:38.593359000Z DEBUG solana_program_runtime::stable_log] Program 11111111111111111111111111111111 invoke [1]
[2022-02-12T07:55:38.593417000Z DEBUG solana_program_runtime::stable_log] Program 11111111111111111111111111111111 success
[2022-02-12T07:55:38.594448000Z DEBUG solana_program_runtime::stable_log] Program 11111111111111111111111111111111 invoke [1]
[2022-02-12T07:55:38.594497000Z DEBUG solana_program_runtime::stable_log] Program 11111111111111111111111111111111 success
[2022-02-12T07:55:38.594756000Z DEBUG solana_bpf_loader_program] Program oqtkwi1j2wZuJSh74CMk7wk77nFUQDt1Qhf3Liweew9 consumed 6261 of 200000 compute units
[2022-02-12T07:55:38.594885000Z DEBUG solana_program_runtime::stable_log] Program oqtkwi1j2wZuJSh74CMk7wk77nFUQDt1Qhf3Liweew9 success
[2022-02-12T07:55:38.601418000Z DEBUG solana_program_runtime::stable_log] Program TokenkegQfeZyiNwAJbNbGKPFXCWuBvf9Ss623VQ5DA invoke [1]
[2022-02-12T07:55:38.601420000Z DEBUG solana_program_runtime::stable_log] Program LX3EUdRUBUa3TbsYXLEUdj9J3prXkWXvLYSWyYyc2Jj invoke [1]
[2022-02-12T07:55:38.601931000Z DEBUG solana_program_runtime::stable_log] Program log: Instruction: InitializeAccount
[2022-02-12T07:55:38.602493000Z DEBUG solana_program_runtime::stable_log] Program TokenkegQfeZyiNwAJbNbGKPFXCWuBvf9Ss623VQ5DA invoke [1]
[2022-02-12T07:55:38.603002000Z DEBUG solana_program_runtime::stable_log] Program log: Instruction: InitializeAccount
[2022-02-12T07:55:38.603029000Z DEBUG solana_bpf_loader_program] Program TokenkegQfeZyiNwAJbNbGKPFXCWuBvf9Ss623VQ5DA consumed 3411 of 200000 compute units
[2022-02-12T07:55:38.603107000Z DEBUG solana_program_runtime::stable_log] Program TokenkegQfeZyiNwAJbNbGKPFXCWuBvf9Ss623VQ5DA success
[2022-02-12T07:55:38.603781000Z DEBUG solana_bpf_loader_program] Program LX3EUdRUBUa3TbsYXLEUdj9J3prXkWXvLYSWyYyc2Jj consumed 5006 of 200000 compute units
[2022-02-12T07:55:38.603880000Z DEBUG solana_program_runtime::stable_log] Program LX3EUdRUBUa3TbsYXLEUdj9J3prXkWXvLYSWyYyc2Jj success
[2022-02-12T07:55:38.604070000Z DEBUG solana_bpf_loader_program] Program TokenkegQfeZyiNwAJbNbGKPFXCWuBvf9Ss623VQ5DA consumed 3411 of 200000 compute units
[2022-02-12T07:55:38.604133000Z DEBUG solana_program_runtime::stable_log] Program TokenkegQfeZyiNwAJbNbGKPFXCWuBvf9Ss623VQ5DA success
[2022-02-12T07:55:38.607510000Z DEBUG solana_program_runtime::stable_log] Program 11111111111111111111111111111111 invoke [1]
[2022-02-12T07:55:38.607578000Z DEBUG solana_program_runtime::stable_log] Program 11111111111111111111111111111111 success
[2022-02-12T07:55:38.609014000Z DEBUG solana_program_runtime::stable_log] Program oqtkwi1j2wZuJSh74CMk7wk77nFUQDt1Qhf3Liweew9 invoke [1]
[2022-02-12T07:55:38.611211000Z DEBUG solana_program_runtime::stable_log] Program 11111111111111111111111111111111 invoke [1]
[2022-02-12T07:55:38.611265000Z DEBUG solana_program_runtime::stable_log] Program 11111111111111111111111111111111 success
[2022-02-12T07:55:38.611316000Z DEBUG solana_program_runtime::stable_log] Program 11111111111111111111111111111111 invoke [1]
[2022-02-12T07:55:38.611357000Z DEBUG solana_program_runtime::stable_log] Program 11111111111111111111111111111111 success
[2022-02-12T07:55:38.611377000Z DEBUG solana_bpf_loader_program] Program oqtkwi1j2wZuJSh74CMk7wk77nFUQDt1Qhf3Liweew9 consumed 5006 of 200000 compute units
[2022-02-12T07:55:38.611405000Z DEBUG solana_program_runtime::stable_log] Program 11111111111111111111111111111111 invoke [1]
[2022-02-12T07:55:38.611486000Z DEBUG solana_program_runtime::stable_log] Program 11111111111111111111111111111111 success
[2022-02-12T07:55:38.611514000Z DEBUG solana_program_runtime::stable_log] Program oqtkwi1j2wZuJSh74CMk7wk77nFUQDt1Qhf3Liweew9 success
[2022-02-12T07:55:38.611711000Z DEBUG solana_program_runtime::stable_log] Program 11111111111111111111111111111111 invoke [1]
[2022-02-12T07:55:38.611762000Z DEBUG solana_program_runtime::stable_log] Program 11111111111111111111111111111111 success
[2022-02-12T07:55:38.611824000Z DEBUG solana_program_runtime::stable_log] Program 11111111111111111111111111111111 invoke [1]
[2022-02-12T07:55:38.611870000Z DEBUG solana_program_runtime::stable_log] Program 11111111111111111111111111111111 success
[2022-02-12T07:55:38.615752000Z DEBUG solana_program_runtime::stable_log] Program TokenkegQfeZyiNwAJbNbGKPFXCWuBvf9Ss623VQ5DA invoke [1]
[2022-02-12T07:55:38.616263000Z DEBUG solana_program_runtime::stable_log] Program log: Instruction: InitializeAccount
[2022-02-12T07:55:38.617387000Z DEBUG solana_bpf_loader_program] Program TokenkegQfeZyiNwAJbNbGKPFXCWuBvf9Ss623VQ5DA consumed 3411 of 200000 compute units
[2022-02-12T07:55:38.617468000Z DEBUG solana_program_runtime::stable_log] Program TokenkegQfeZyiNwAJbNbGKPFXCWuBvf9Ss623VQ5DA success
[2022-02-12T07:55:38.621432000Z DEBUG solana_program_runtime::stable_log] Program QRSsyMWN1yHT9ir42bgNZUNZ4PdEhcSWCrL2AryKpy5 invoke [1]
[2022-02-12T07:55:38.626525000Z DEBUG solana_program_runtime::stable_log] Program 11111111111111111111111111111111 invoke [1]
[2022-02-12T07:55:38.626593000Z DEBUG solana_program_runtime::stable_log] Program 11111111111111111111111111111111 success
[2022-02-12T07:55:38.626633000Z DEBUG solana_bpf_loader_program] Program QRSsyMWN1yHT9ir42bgNZUNZ4PdEhcSWCrL2AryKpy5 consumed 13668 of 200000 compute units
[2022-02-12T07:55:38.626652000Z DEBUG solana_program_runtime::stable_log] Program 11111111111111111111111111111111 invoke [1]
[2022-02-12T07:55:38.626749000Z DEBUG solana_program_runtime::stable_log] Program 11111111111111111111111111111111 success
[2022-02-12T07:55:38.626766000Z DEBUG solana_program_runtime::stable_log] Program QRSsyMWN1yHT9ir42bgNZUNZ4PdEhcSWCrL2AryKpy5 success
[2022-02-12T07:55:38.626806000Z DEBUG solana_program_runtime::stable_log] Program 11111111111111111111111111111111 invoke [1]
[2022-02-12T07:55:38.626885000Z DEBUG solana_program_runtime::stable_log] Program 11111111111111111111111111111111 success
[2022-02-12T07:55:38.627134000Z DEBUG solana_program_runtime::stable_log] Program 11111111111111111111111111111111 invoke [1]
[2022-02-12T07:55:38.627186000Z DEBUG solana_program_runtime::stable_log] Program 11111111111111111111111111111111 success
[2022-02-12T07:55:38.627251000Z DEBUG solana_program_runtime::stable_log] Program 11111111111111111111111111111111 invoke [1]
[2022-02-12T07:55:38.627299000Z DEBUG solana_program_runtime::stable_log] Program 11111111111111111111111111111111 success
[2022-02-12T07:55:38.635964000Z DEBUG solana_program_runtime::stable_log] Program 11111111111111111111111111111111 invoke [1]
[2022-02-12T07:55:38.636048000Z DEBUG solana_program_runtime::stable_log] Program 11111111111111111111111111111111 success
[2022-02-12T07:55:38.636846000Z DEBUG solana_program_runtime::stable_log] Program YEGAxog9gxiGXxo538aAQxq55XAebpFfwU72ZUxmSHm invoke [1]
[2022-02-12T07:55:38.638190000Z DEBUG solana_program_runtime::stable_log] Program CiDwVBFgWV9E5MvXWoLgnEgn2hK7rJikbvfWavzAQz3 invoke [1]
[2022-02-12T07:55:38.638535000Z DEBUG solana_program_runtime::stable_log] Program log: Mango: CachePrices
[2022-02-12T07:55:38.638883000Z DEBUG solana_program_runtime::stable_log] Program log: mango-log
[2022-02-12T07:55:38.639500000Z DEBUG solana_program_runtime::stable_log] Program log: ux0uSxX5tBuctzjFHW4XvZj+MxHkKkvsInzL6Ys+hkvDPt17IYHDCAEAAAAAAAAAAAAAAAEAAAAAAAAAAAAQJwAAAAAAAAAA
[2022-02-12T07:55:38.639609000Z DEBUG solana_bpf_loader_program] Program CiDwVBFgWV9E5MvXWoLgnEgn2hK7rJikbvfWavzAQz3 consumed 3669 of 200000 compute units
[2022-02-12T07:55:38.639668000Z DEBUG solana_program_runtime::stable_log] Program CiDwVBFgWV9E5MvXWoLgnEgn2hK7rJikbvfWavzAQz3 success
[2022-02-12T07:55:38.642007000Z DEBUG solana_bpf_loader_program] Program YEGAxog9gxiGXxo538aAQxq55XAebpFfwU72ZUxmSHm consumed 13647 of 200000 compute units
[2022-02-12T07:55:38.642127000Z DEBUG solana_program_runtime::stable_log] Program YEGAxog9gxiGXxo538aAQxq55XAebpFfwU72ZUxmSHm success
[2022-02-12T07:55:38.644222000Z DEBUG solana_program_runtime::stable_log] Program TokenkegQfeZyiNwAJbNbGKPFXCWuBvf9Ss623VQ5DA invoke [1]
[2022-02-12T07:55:38.644465000Z DEBUG solana_program_runtime::stable_log] Program jwV7SyvqCSrVcKibYvurCCWr7DUmT7yRYPmY9QwvrGo invoke [1]
[2022-02-12T07:55:38.644741000Z DEBUG solana_program_runtime::stable_log] Program log: Instruction: InitializeAccount
[2022-02-12T07:55:38.644851000Z DEBUG solana_program_runtime::stable_log] Program log: Mango: CachePrices
[2022-02-12T07:55:38.645217000Z DEBUG solana_program_runtime::stable_log] Program log: mango-log
[2022-02-12T07:55:38.645863000Z DEBUG solana_program_runtime::stable_log] Program log: ux0uSxX5tBuedYLQOjgeoIOp1VY49L9OAH1lbwNX/u06aA+YdBuZ3AEAAAAAAAAAAAAAAAEAAAAAAAAAAAAQJwAAAAAAAAAA
[2022-02-12T07:55:38.645859000Z DEBUG solana_bpf_loader_program] Program TokenkegQfeZyiNwAJbNbGKPFXCWuBvf9Ss623VQ5DA consumed 3411 of 200000 compute units
[2022-02-12T07:55:38.645927000Z DEBUG solana_program_runtime::stable_log] Program TokenkegQfeZyiNwAJbNbGKPFXCWuBvf9Ss623VQ5DA success
[2022-02-12T07:55:38.645973000Z DEBUG solana_bpf_loader_program] Program jwV7SyvqCSrVcKibYvurCCWr7DUmT7yRYPmY9QwvrGo consumed 3669 of 200000 compute units
[2022-02-12T07:55:38.646047000Z DEBUG solana_program_runtime::stable_log] Program jwV7SyvqCSrVcKibYvurCCWr7DUmT7yRYPmY9QwvrGo success
[2022-02-12T07:55:38.649629000Z DEBUG solana_program_runtime::stable_log] Program 11111111111111111111111111111111 invoke [1]
[2022-02-12T07:55:38.649655000Z DEBUG solana_program_runtime::stable_log] Program 11111111111111111111111111111111 invoke [1]
[2022-02-12T07:55:38.649691000Z DEBUG solana_program_runtime::stable_log] Program 11111111111111111111111111111111 success
[2022-02-12T07:55:38.649708000Z DEBUG solana_program_runtime::stable_log] Program 11111111111111111111111111111111 success
[2022-02-12T07:55:38.650441000Z DEBUG solana_program_runtime::stable_log] Program CiDwVBFgWV9E5MvXWoLgnEgn2hK7rJikbvfWavzAQz3 invoke [1]
[2022-02-12T07:55:38.650841000Z DEBUG solana_program_runtime::stable_log] Program log: Mango: UpdateRootBank
[2022-02-12T07:55:38.652711000Z DEBUG solana_program_runtime::stable_log] Program log: mango-log
[2022-02-12T07:55:38.653086000Z DEBUG solana_program_runtime::stable_log] Program 11111111111111111111111111111111 invoke [1]
[2022-02-12T07:55:38.653155000Z DEBUG solana_program_runtime::stable_log] Program 11111111111111111111111111111111 success
[2022-02-12T07:55:38.653356000Z DEBUG solana_program_runtime::stable_log] Program log: 8HmBNKTUaLictzjFHW4XvZj+MxHkKkvsInzL6Ys+hkvDPt17IYHDCAAAAAAAAAAAAAAAAAAAQEIPAAAAAAAAAAAAAAAAAEBCDwAAAAAAAAA=
[2022-02-12T07:55:38.653494000Z DEBUG solana_bpf_loader_program] Program CiDwVBFgWV9E5MvXWoLgnEgn2hK7rJikbvfWavzAQz3 consumed 8519 of 200000 compute units
[2022-02-12T07:55:38.653558000Z DEBUG solana_program_runtime::stable_log] Program CiDwVBFgWV9E5MvXWoLgnEgn2hK7rJikbvfWavzAQz3 success
[2022-02-12T07:55:38.656673000Z DEBUG solana_program_runtime::stable_log] Program jwV7SyvqCSrVcKibYvurCCWr7DUmT7yRYPmY9QwvrGo invoke [1]
[2022-02-12T07:55:38.657079000Z DEBUG solana_program_runtime::stable_log] Program log: Mango: UpdateRootBank
[2022-02-12T07:55:38.657793000Z DEBUG solana_program_runtime::stable_log] Program TokenkegQfeZyiNwAJbNbGKPFXCWuBvf9Ss623VQ5DA invoke [1]
[2022-02-12T07:55:38.658326000Z DEBUG solana_program_runtime::stable_log] Program log: Instruction: InitializeAccount
[2022-02-12T07:55:38.658959000Z DEBUG solana_program_runtime::stable_log] Program log: mango-log
[2022-02-12T07:55:38.659394000Z DEBUG solana_bpf_loader_program] Program TokenkegQfeZyiNwAJbNbGKPFXCWuBvf9Ss623VQ5DA consumed 3411 of 200000 compute units
[2022-02-12T07:55:38.659455000Z DEBUG solana_program_runtime::stable_log] Program TokenkegQfeZyiNwAJbNbGKPFXCWuBvf9Ss623VQ5DA success
[2022-02-12T07:55:38.659603000Z DEBUG solana_program_runtime::stable_log] Program log: 8HmBNKTUaLiedYLQOjgeoIOp1VY49L9OAH1lbwNX/u06aA+YdBuZ3AAAAAAAAAAAAAAAAAAAQEIPAAAAAAAAAAAAAAAAAEBCDwAAAAAAAAA=
[2022-02-12T07:55:38.659736000Z DEBUG solana_bpf_loader_program] Program jwV7SyvqCSrVcKibYvurCCWr7DUmT7yRYPmY9QwvrGo consumed 8519 of 200000 compute units
[2022-02-12T07:55:38.659798000Z DEBUG solana_program_runtime::stable_log] Program jwV7SyvqCSrVcKibYvurCCWr7DUmT7yRYPmY9QwvrGo success
[2022-02-12T07:55:38.663383000Z DEBUG solana_program_runtime::stable_log] Program 11111111111111111111111111111111 invoke [1]
[2022-02-12T07:55:38.663453000Z DEBUG solana_program_runtime::stable_log] Program 11111111111111111111111111111111 success
[2022-02-12T07:55:38.663629000Z DEBUG solana_program_runtime::stable_log] Program CiDwVBFgWV9E5MvXWoLgnEgn2hK7rJikbvfWavzAQz3 invoke [1]
[2022-02-12T07:55:38.664080000Z DEBUG solana_program_runtime::stable_log] Program log: Mango: UpdateFunding
[2022-02-12T07:55:38.665206000Z DEBUG solana_program_runtime::stable_log] Program 8opHzTAnfzRpPEx21XtnrVTX28YQuCpAjcn1PczScKh invoke [1]
[2022-02-12T07:55:38.665236000Z DEBUG solana_program_runtime::stable_log] Program log: mango-log
[2022-02-12T07:55:38.665937000Z DEBUG solana_program_runtime::stable_log] Program log: Mango: AddSpotMarket
[2022-02-12T07:55:38.665951000Z DEBUG solana_program_runtime::stable_log] Program log: ta5iwCEXTXuctzjFHW4XvZj+MxHkKkvsInzL6Ys+hkvDPt17IYHDCAAAAAAAAAAAAAAAAAAAAAAAAAAAAAAAAAAAAAAAAAAAAAAAAAAAAAA=
[2022-02-12T07:55:38.666108000Z DEBUG solana_bpf_loader_program] Program CiDwVBFgWV9E5MvXWoLgnEgn2hK7rJikbvfWavzAQz3 consumed 6381 of 200000 compute units
[2022-02-12T07:55:38.666186000Z DEBUG solana_program_runtime::stable_log] Program CiDwVBFgWV9E5MvXWoLgnEgn2hK7rJikbvfWavzAQz3 success
[2022-02-12T07:55:38.668098000Z DEBUG solana_program_runtime::stable_log] Program 11111111111111111111111111111111 invoke [1]
[2022-02-12T07:55:38.668154000Z DEBUG solana_program_runtime::stable_log] Program 11111111111111111111111111111111 success
[2022-02-12T07:55:38.671110000Z DEBUG solana_program_runtime::stable_log] Program jwV7SyvqCSrVcKibYvurCCWr7DUmT7yRYPmY9QwvrGo invoke [1]
[2022-02-12T07:55:38.671585000Z DEBUG solana_program_runtime::stable_log] Program log: Mango: UpdateFunding
[2022-02-12T07:55:38.672382000Z DEBUG solana_bpf_loader_program] Program 8opHzTAnfzRpPEx21XtnrVTX28YQuCpAjcn1PczScKh consumed 20747 of 200000 compute units
[2022-02-12T07:55:38.672479000Z DEBUG solana_program_runtime::stable_log] Program 8opHzTAnfzRpPEx21XtnrVTX28YQuCpAjcn1PczScKh success
[2022-02-12T07:55:38.672754000Z DEBUG solana_program_runtime::stable_log] Program log: mango-log
[2022-02-12T07:55:38.673389000Z DEBUG solana_program_runtime::stable_log] Program log: ta5iwCEXTXuedYLQOjgeoIOp1VY49L9OAH1lbwNX/u06aA+YdBuZ3AAAAAAAAAAAAAAAAAAAAAAAAAAAAAAAAAAAAAAAAAAAAAAAAAAAAAA=
[2022-02-12T07:55:38.673544000Z DEBUG solana_bpf_loader_program] Program jwV7SyvqCSrVcKibYvurCCWr7DUmT7yRYPmY9QwvrGo consumed 6381 of 200000 compute units
[2022-02-12T07:55:38.673615000Z DEBUG solana_program_runtime::stable_log] Program jwV7SyvqCSrVcKibYvurCCWr7DUmT7yRYPmY9QwvrGo success
[2022-02-12T07:55:38.676356000Z DEBUG solana_program_runtime::stable_log] Program CiDwVBFgWV9E5MvXWoLgnEgn2hK7rJikbvfWavzAQz3 invoke [1]
[2022-02-12T07:55:38.676762000Z DEBUG solana_program_runtime::stable_log] Program log: Mango: CacheRootBanks
[2022-02-12T07:55:38.677031000Z DEBUG solana_program_runtime::stable_log] Program 11111111111111111111111111111111 invoke [1]
[2022-02-12T07:55:38.677109000Z DEBUG solana_program_runtime::stable_log] Program 11111111111111111111111111111111 success
[2022-02-12T07:55:38.677427000Z DEBUG solana_program_runtime::stable_log] Program log: mango-log
[2022-02-12T07:55:38.678331000Z DEBUG solana_program_runtime::stable_log] Program log: IVXYca/GfeictzjFHW4XvZj+MxHkKkvsInzL6Ys+hkvDPt17IYHDCAIAAAAAAAAAAAAAAA8AAAAAAAAAAgAAAAAAAAAAAEBCDwAAAAAAAAAAAAAAAABAQg8AAAAAAAAAAgAAAAAAAAAAAEBCDwAAAAAAAAAAAAAAAABAQg8AAAAAAAAA
[2022-02-12T07:55:38.678458000Z DEBUG solana_bpf_loader_program] Program CiDwVBFgWV9E5MvXWoLgnEgn2hK7rJikbvfWavzAQz3 consumed 5857 of 200000 compute units
[2022-02-12T07:55:38.678518000Z DEBUG solana_program_runtime::stable_log] Program CiDwVBFgWV9E5MvXWoLgnEgn2hK7rJikbvfWavzAQz3 success
[2022-02-12T07:55:38.680420000Z DEBUG solana_program_runtime::stable_log] Program GcdayuLaLyrdmUu324nahyv33G5poQdLUEZ1nEytDeP invoke [1]
[2022-02-12T07:55:38.681144000Z DEBUG solana_program_runtime::stable_log] Program log: Mango: AddSpotMarket
[2022-02-12T07:55:38.683727000Z DEBUG solana_program_runtime::stable_log] Program jwV7SyvqCSrVcKibYvurCCWr7DUmT7yRYPmY9QwvrGo invoke [1]
[2022-02-12T07:55:38.684135000Z DEBUG solana_program_runtime::stable_log] Program log: Mango: CacheRootBanks
[2022-02-12T07:55:38.684837000Z DEBUG solana_program_runtime::stable_log] Program log: mango-log
[2022-02-12T07:55:38.685230000Z DEBUG solana_program_runtime::stable_log] Program TokenkegQfeZyiNwAJbNbGKPFXCWuBvf9Ss623VQ5DA invoke [1]
[2022-02-12T07:55:38.685746000Z DEBUG solana_program_runtime::stable_log] Program log: Instruction: InitializeAccount
[2022-02-12T07:55:38.685774000Z DEBUG solana_program_runtime::stable_log] Program log: IVXYca/GfeiedYLQOjgeoIOp1VY49L9OAH1lbwNX/u06aA+YdBuZ3AIAAAAAAAAAAAAAAA8AAAAAAAAAAgAAAAAAAAAAAEBCDwAAAAAAAAAAAAAAAABAQg8AAAAAAAAAAgAAAAAAAAAAAEBCDwAAAAAAAAAAAAAAAABAQg8AAAAAAAAA
[2022-02-12T07:55:38.685907000Z DEBUG solana_bpf_loader_program] Program jwV7SyvqCSrVcKibYvurCCWr7DUmT7yRYPmY9QwvrGo consumed 5857 of 200000 compute units
[2022-02-12T07:55:38.685970000Z DEBUG solana_program_runtime::stable_log] Program jwV7SyvqCSrVcKibYvurCCWr7DUmT7yRYPmY9QwvrGo success
[2022-02-12T07:55:38.686821000Z DEBUG solana_bpf_loader_program] Program TokenkegQfeZyiNwAJbNbGKPFXCWuBvf9Ss623VQ5DA consumed 3411 of 200000 compute units
[2022-02-12T07:55:38.686884000Z DEBUG solana_program_runtime::stable_log] Program TokenkegQfeZyiNwAJbNbGKPFXCWuBvf9Ss623VQ5DA success
[2022-02-12T07:55:38.687607000Z DEBUG solana_bpf_loader_program] Program GcdayuLaLyrdmUu324nahyv33G5poQdLUEZ1nEytDeP consumed 20747 of 200000 compute units
[2022-02-12T07:55:38.687708000Z DEBUG solana_program_runtime::stable_log] Program GcdayuLaLyrdmUu324nahyv33G5poQdLUEZ1nEytDeP success
[2022-02-12T07:55:38.687863000Z DEBUG solana_program_runtime::stable_log] Program CiDwVBFgWV9E5MvXWoLgnEgn2hK7rJikbvfWavzAQz3 invoke [1]
[2022-02-12T07:55:38.688209000Z DEBUG solana_program_runtime::stable_log] Program log: Mango: CachePerpMarkets
[2022-02-12T07:55:38.688616000Z DEBUG solana_program_runtime::stable_log] Program log: mango-log
[2022-02-12T07:55:38.689371000Z DEBUG solana_program_runtime::stable_log] Program log: 9lt9JxCzqw6ctzjFHW4XvZj+MxHkKkvsInzL6Ys+hkvDPt17IYHDCAEAAAAAAAAAAAAAAAEAAAAAAAAAAAAAAAAAAAAAAAAAAQAAAAAAAAAAAAAAAAAAAAAAAAA=
[2022-02-12T07:55:38.689478000Z DEBUG solana_bpf_loader_program] Program CiDwVBFgWV9E5MvXWoLgnEgn2hK7rJikbvfWavzAQz3 consumed 4331 of 200000 compute units
[2022-02-12T07:55:38.689533000Z DEBUG solana_program_runtime::stable_log] Program CiDwVBFgWV9E5MvXWoLgnEgn2hK7rJikbvfWavzAQz3 success
[2022-02-12T07:55:38.690031000Z DEBUG solana_program_runtime::stable_log] Program 11111111111111111111111111111111 invoke [1]
[2022-02-12T07:55:38.690086000Z DEBUG solana_program_runtime::stable_log] Program 11111111111111111111111111111111 success
[2022-02-12T07:55:38.692149000Z DEBUG solana_program_runtime::stable_log] Program 11111111111111111111111111111111 invoke [1]
[2022-02-12T07:55:38.692207000Z DEBUG solana_program_runtime::stable_log] Program 11111111111111111111111111111111 success
[2022-02-12T07:55:38.696090000Z DEBUG solana_program_runtime::stable_log] Program jwV7SyvqCSrVcKibYvurCCWr7DUmT7yRYPmY9QwvrGo invoke [1]
[2022-02-12T07:55:38.696423000Z DEBUG solana_program_runtime::stable_log] Program log: Mango: CachePerpMarkets
[2022-02-12T07:55:38.696833000Z DEBUG solana_program_runtime::stable_log] Program log: mango-log
[2022-02-12T07:55:38.697576000Z DEBUG solana_program_runtime::stable_log] Program log: 9lt9JxCzqw6edYLQOjgeoIOp1VY49L9OAH1lbwNX/u06aA+YdBuZ3AEAAAAAAAAAAAAAAAEAAAAAAAAAAAAAAAAAAAAAAAAAAQAAAAAAAAAAAAAAAAAAAAAAAAA=
[2022-02-12T07:55:38.697685000Z DEBUG solana_bpf_loader_program] Program jwV7SyvqCSrVcKibYvurCCWr7DUmT7yRYPmY9QwvrGo consumed 4331 of 200000 compute units
[2022-02-12T07:55:38.697740000Z DEBUG solana_program_runtime::stable_log] Program jwV7SyvqCSrVcKibYvurCCWr7DUmT7yRYPmY9QwvrGo success
[2022-02-12T07:55:38.698218000Z DEBUG solana_program_runtime::stable_log] Program TokenkegQfeZyiNwAJbNbGKPFXCWuBvf9Ss623VQ5DA invoke [1]
[2022-02-12T07:55:38.698748000Z DEBUG solana_program_runtime::stable_log] Program log: Instruction: InitializeAccount
[2022-02-12T07:55:38.699818000Z DEBUG solana_bpf_loader_program] Program TokenkegQfeZyiNwAJbNbGKPFXCWuBvf9Ss623VQ5DA consumed 3411 of 200000 compute units
[2022-02-12T07:55:38.699882000Z DEBUG solana_program_runtime::stable_log] Program TokenkegQfeZyiNwAJbNbGKPFXCWuBvf9Ss623VQ5DA success
[2022-02-12T07:55:38.700351000Z DEBUG solana_program_runtime::stable_log] Program TokenkegQfeZyiNwAJbNbGKPFXCWuBvf9Ss623VQ5DA invoke [1]
[2022-02-12T07:55:38.700878000Z DEBUG solana_program_runtime::stable_log] Program log: Instruction: InitializeAccount
[2022-02-12T07:55:38.701970000Z DEBUG solana_bpf_loader_program] Program TokenkegQfeZyiNwAJbNbGKPFXCWuBvf9Ss623VQ5DA consumed 3411 of 200000 compute units
[2022-02-12T07:55:38.702033000Z DEBUG solana_program_runtime::stable_log] Program TokenkegQfeZyiNwAJbNbGKPFXCWuBvf9Ss623VQ5DA success
[2022-02-12T07:55:38.706377000Z DEBUG solana_program_runtime::stable_log] Program 11111111111111111111111111111111 invoke [1]
[2022-02-12T07:55:38.706444000Z DEBUG solana_program_runtime::stable_log] Program 11111111111111111111111111111111 success
[2022-02-12T07:55:38.707904000Z DEBUG solana_program_runtime::stable_log] Program 11111111111111111111111111111111 invoke [1]
[2022-02-12T07:55:38.707972000Z DEBUG solana_program_runtime::stable_log] Program 11111111111111111111111111111111 success
[2022-02-12T07:55:38.708027000Z DEBUG solana_program_runtime::stable_log] Program 11111111111111111111111111111111 invoke [1]
[2022-02-12T07:55:38.708069000Z DEBUG solana_program_runtime::stable_log] Program 11111111111111111111111111111111 success
[2022-02-12T07:55:38.708120000Z DEBUG solana_program_runtime::stable_log] Program 11111111111111111111111111111111 invoke [1]
[2022-02-12T07:55:38.708192000Z DEBUG solana_program_runtime::stable_log] Program 11111111111111111111111111111111 success
[2022-02-12T07:55:38.708424000Z DEBUG solana_program_runtime::stable_log] Program 11111111111111111111111111111111 invoke [1]
[2022-02-12T07:55:38.708471000Z DEBUG solana_program_runtime::stable_log] Program 11111111111111111111111111111111 success
[2022-02-12T07:55:38.708533000Z DEBUG solana_program_runtime::stable_log] Program 11111111111111111111111111111111 invoke [1]
[2022-02-12T07:55:38.708580000Z DEBUG solana_program_runtime::stable_log] Program 11111111111111111111111111111111 success
[2022-02-12T07:55:38.714604000Z DEBUG solana_program_runtime::stable_log] Program TokenkegQfeZyiNwAJbNbGKPFXCWuBvf9Ss623VQ5DA invoke [1]
[2022-02-12T07:55:38.715141000Z DEBUG solana_program_runtime::stable_log] Program log: Instruction: InitializeAccount
[2022-02-12T07:55:38.716198000Z DEBUG solana_bpf_loader_program] Program TokenkegQfeZyiNwAJbNbGKPFXCWuBvf9Ss623VQ5DA consumed 3411 of 200000 compute units
[2022-02-12T07:55:38.716264000Z DEBUG solana_program_runtime::stable_log] Program TokenkegQfeZyiNwAJbNbGKPFXCWuBvf9Ss623VQ5DA success
[2022-02-12T07:55:38.718175000Z DEBUG solana_program_runtime::stable_log] Program QRSsyMWN1yHT9ir42bgNZUNZ4PdEhcSWCrL2AryKpy5 invoke [1]
[2022-02-12T07:55:38.722412000Z DEBUG solana_program_runtime::stable_log] Program CiDwVBFgWV9E5MvXWoLgnEgn2hK7rJikbvfWavzAQz3 invoke [1]
[2022-02-12T07:55:38.722789000Z DEBUG solana_program_runtime::stable_log] Program log: Mango: CachePrices
[2022-02-12T07:55:38.723131000Z DEBUG solana_program_runtime::stable_log] Program log: mango-log
[2022-02-12T07:55:38.723409000Z DEBUG solana_bpf_loader_program] Program QRSsyMWN1yHT9ir42bgNZUNZ4PdEhcSWCrL2AryKpy5 consumed 13668 of 200000 compute units
[2022-02-12T07:55:38.723552000Z DEBUG solana_program_runtime::stable_log] Program QRSsyMWN1yHT9ir42bgNZUNZ4PdEhcSWCrL2AryKpy5 success
[2022-02-12T07:55:38.723750000Z DEBUG solana_program_runtime::stable_log] Program log: ux0uSxX5tBuctzjFHW4XvZj+MxHkKkvsInzL6Ys+hkvDPt17IYHDCAEAAAAAAAAAAAAAAAEAAAAAAAAAAAAQJwAAAAAAAAAA
[2022-02-12T07:55:38.723863000Z DEBUG solana_bpf_loader_program] Program CiDwVBFgWV9E5MvXWoLgnEgn2hK7rJikbvfWavzAQz3 consumed 3669 of 200000 compute units
[2022-02-12T07:55:38.723927000Z DEBUG solana_program_runtime::stable_log] Program CiDwVBFgWV9E5MvXWoLgnEgn2hK7rJikbvfWavzAQz3 success
[2022-02-12T07:55:38.724518000Z DEBUG solana_program_runtime::stable_log] Program 11111111111111111111111111111111 invoke [1]
[2022-02-12T07:55:38.724596000Z DEBUG solana_program_runtime::stable_log] Program 11111111111111111111111111111111 success
[2022-02-12T07:55:38.724652000Z DEBUG solana_program_runtime::stable_log] Program 11111111111111111111111111111111 invoke [1]
[2022-02-12T07:55:38.724697000Z DEBUG solana_program_runtime::stable_log] Program 11111111111111111111111111111111 success
[2022-02-12T07:55:38.724748000Z DEBUG solana_program_runtime::stable_log] Program 11111111111111111111111111111111 invoke [1]
[2022-02-12T07:55:38.724825000Z DEBUG solana_program_runtime::stable_log] Program 11111111111111111111111111111111 success
[2022-02-12T07:55:38.725061000Z DEBUG solana_program_runtime::stable_log] Program 11111111111111111111111111111111 invoke [1]
[2022-02-12T07:55:38.725108000Z DEBUG solana_program_runtime::stable_log] Program 11111111111111111111111111111111 success
[2022-02-12T07:55:38.725175000Z DEBUG solana_program_runtime::stable_log] Program 11111111111111111111111111111111 invoke [1]
[2022-02-12T07:55:38.725221000Z DEBUG solana_program_runtime::stable_log] Program 11111111111111111111111111111111 success
[2022-02-12T07:55:38.728869000Z DEBUG solana_program_runtime::stable_log] Program jwV7SyvqCSrVcKibYvurCCWr7DUmT7yRYPmY9QwvrGo invoke [1]
[2022-02-12T07:55:38.729224000Z DEBUG solana_program_runtime::stable_log] Program log: Mango: CachePrices
[2022-02-12T07:55:38.729560000Z DEBUG solana_program_runtime::stable_log] Program log: mango-log
[2022-02-12T07:55:38.730181000Z DEBUG solana_program_runtime::stable_log] Program log: ux0uSxX5tBuedYLQOjgeoIOp1VY49L9OAH1lbwNX/u06aA+YdBuZ3AEAAAAAAAAAAAAAAAEAAAAAAAAAAAAQJwAAAAAAAAAA
[2022-02-12T07:55:38.730290000Z DEBUG solana_bpf_loader_program] Program jwV7SyvqCSrVcKibYvurCCWr7DUmT7yRYPmY9QwvrGo consumed 3669 of 200000 compute units
[2022-02-12T07:55:38.730346000Z DEBUG solana_program_runtime::stable_log] Program jwV7SyvqCSrVcKibYvurCCWr7DUmT7yRYPmY9QwvrGo success
[2022-02-12T07:55:38.731411000Z DEBUG solana_program_runtime::stable_log] Program 11111111111111111111111111111111 invoke [1]
[2022-02-12T07:55:38.731495000Z DEBUG solana_program_runtime::stable_log] Program 11111111111111111111111111111111 success
[2022-02-12T07:55:38.734904000Z DEBUG solana_program_runtime::stable_log] Program CiDwVBFgWV9E5MvXWoLgnEgn2hK7rJikbvfWavzAQz3 invoke [1]
[2022-02-12T07:55:38.734904000Z DEBUG solana_program_runtime::stable_log] Program YEGAxog9gxiGXxo538aAQxq55XAebpFfwU72ZUxmSHm invoke [1]
[2022-02-12T07:55:38.735322000Z DEBUG solana_program_runtime::stable_log] Program log: Mango: UpdateRootBank
[2022-02-12T07:55:38.737179000Z DEBUG solana_program_runtime::stable_log] Program log: mango-log
[2022-02-12T07:55:38.737808000Z DEBUG solana_program_runtime::stable_log] Program log: 8HmBNKTUaLictzjFHW4XvZj+MxHkKkvsInzL6Ys+hkvDPt17IYHDCAAAAAAAAAAAAAAAAAAAQEIPAAAAAAAAAAAAAAAAAEBCDwAAAAAAAAA=
[2022-02-12T07:55:38.737939000Z DEBUG solana_bpf_loader_program] Program CiDwVBFgWV9E5MvXWoLgnEgn2hK7rJikbvfWavzAQz3 consumed 8519 of 200000 compute units
[2022-02-12T07:55:38.738001000Z DEBUG solana_program_runtime::stable_log] Program CiDwVBFgWV9E5MvXWoLgnEgn2hK7rJikbvfWavzAQz3 success
[2022-02-12T07:55:38.739558000Z DEBUG solana_program_runtime::stable_log] Program TokenkegQfeZyiNwAJbNbGKPFXCWuBvf9Ss623VQ5DA invoke [1]
[2022-02-12T07:55:38.740058000Z DEBUG solana_program_runtime::stable_log] Program log: Instruction: InitializeAccount
[2022-02-12T07:55:38.740100000Z DEBUG solana_bpf_loader_program] Program YEGAxog9gxiGXxo538aAQxq55XAebpFfwU72ZUxmSHm consumed 13647 of 200000 compute units
[2022-02-12T07:55:38.740241000Z DEBUG solana_program_runtime::stable_log] Program YEGAxog9gxiGXxo538aAQxq55XAebpFfwU72ZUxmSHm success
[2022-02-12T07:55:38.740940000Z DEBUG solana_program_runtime::stable_log] Program jwV7SyvqCSrVcKibYvurCCWr7DUmT7yRYPmY9QwvrGo invoke [1]
[2022-02-12T07:55:38.741117000Z DEBUG solana_bpf_loader_program] Program TokenkegQfeZyiNwAJbNbGKPFXCWuBvf9Ss623VQ5DA consumed 3411 of 200000 compute units
[2022-02-12T07:55:38.741184000Z DEBUG solana_program_runtime::stable_log] Program TokenkegQfeZyiNwAJbNbGKPFXCWuBvf9Ss623VQ5DA success
[2022-02-12T07:55:38.741330000Z DEBUG solana_program_runtime::stable_log] Program log: Mango: UpdateRootBank
[2022-02-12T07:55:38.743192000Z DEBUG solana_program_runtime::stable_log] Program log: mango-log
[2022-02-12T07:55:38.743852000Z DEBUG solana_program_runtime::stable_log] Program log: 8HmBNKTUaLiedYLQOjgeoIOp1VY49L9OAH1lbwNX/u06aA+YdBuZ3AAAAAAAAAAAAAAAAAAAQEIPAAAAAAAAAAAAAAAAAEBCDwAAAAAAAAA=
[2022-02-12T07:55:38.743988000Z DEBUG solana_bpf_loader_program] Program jwV7SyvqCSrVcKibYvurCCWr7DUmT7yRYPmY9QwvrGo consumed 8519 of 200000 compute units
[2022-02-12T07:55:38.744056000Z DEBUG solana_program_runtime::stable_log] Program jwV7SyvqCSrVcKibYvurCCWr7DUmT7yRYPmY9QwvrGo success
[2022-02-12T07:55:38.745042000Z DEBUG solana_program_runtime::stable_log] Program 11111111111111111111111111111111 invoke [1]
[2022-02-12T07:55:38.745104000Z DEBUG solana_program_runtime::stable_log] Program 11111111111111111111111111111111 success
[2022-02-12T07:55:38.747764000Z DEBUG solana_program_runtime::stable_log] Program 11111111111111111111111111111111 invoke [1]
[2022-02-12T07:55:38.747824000Z DEBUG solana_program_runtime::stable_log] Program 11111111111111111111111111111111 success
[2022-02-12T07:55:38.748559000Z DEBUG solana_program_runtime::stable_log] Program 11111111111111111111111111111111 invoke [1]
[2022-02-12T07:55:38.748609000Z DEBUG solana_program_runtime::stable_log] Program 11111111111111111111111111111111 success
[2022-02-12T07:55:38.750222000Z DEBUG solana_program_runtime::stable_log] Program CiDwVBFgWV9E5MvXWoLgnEgn2hK7rJikbvfWavzAQz3 invoke [1]
[2022-02-12T07:55:38.750668000Z DEBUG solana_program_runtime::stable_log] Program log: Mango: UpdateFunding
[2022-02-12T07:55:38.751839000Z DEBUG solana_program_runtime::stable_log] Program log: mango-log
[2022-02-12T07:55:38.752494000Z DEBUG solana_program_runtime::stable_log] Program log: ta5iwCEXTXuctzjFHW4XvZj+MxHkKkvsInzL6Ys+hkvDPt17IYHDCAAAAAAAAAAAAAAAAAAAAAAAAAAAAAAAAAAAAAAAAAAAAAAAAAAAAAA=
[2022-02-12T07:55:38.752652000Z DEBUG solana_bpf_loader_program] Program CiDwVBFgWV9E5MvXWoLgnEgn2hK7rJikbvfWavzAQz3 consumed 6381 of 200000 compute units
[2022-02-12T07:55:38.752731000Z DEBUG solana_program_runtime::stable_log] Program CiDwVBFgWV9E5MvXWoLgnEgn2hK7rJikbvfWavzAQz3 success
[2022-02-12T07:55:38.754343000Z DEBUG solana_program_runtime::stable_log] Program jwV7SyvqCSrVcKibYvurCCWr7DUmT7yRYPmY9QwvrGo invoke [1]
[2022-02-12T07:55:38.754807000Z DEBUG solana_program_runtime::stable_log] Program log: Mango: UpdateFunding
[2022-02-12T07:55:38.755950000Z DEBUG solana_program_runtime::stable_log] Program log: mango-log
[2022-02-12T07:55:38.755941000Z DEBUG solana_program_runtime::stable_log] Program TokenkegQfeZyiNwAJbNbGKPFXCWuBvf9Ss623VQ5DA invoke [1]
[2022-02-12T07:55:38.756445000Z DEBUG solana_program_runtime::stable_log] Program log: Instruction: InitializeAccount
[2022-02-12T07:55:38.756570000Z DEBUG solana_program_runtime::stable_log] Program log: ta5iwCEXTXuedYLQOjgeoIOp1VY49L9OAH1lbwNX/u06aA+YdBuZ3AAAAAAAAAAAAAAAAAAAAAAAAAAAAAAAAAAAAAAAAAAAAAAAAAAAAAA=
[2022-02-12T07:55:38.756724000Z DEBUG solana_bpf_loader_program] Program jwV7SyvqCSrVcKibYvurCCWr7DUmT7yRYPmY9QwvrGo consumed 6381 of 200000 compute units
[2022-02-12T07:55:38.756794000Z DEBUG solana_program_runtime::stable_log] Program jwV7SyvqCSrVcKibYvurCCWr7DUmT7yRYPmY9QwvrGo success
[2022-02-12T07:55:38.757503000Z DEBUG solana_bpf_loader_program] Program TokenkegQfeZyiNwAJbNbGKPFXCWuBvf9Ss623VQ5DA consumed 3411 of 200000 compute units
[2022-02-12T07:55:38.757563000Z DEBUG solana_program_runtime::stable_log] Program TokenkegQfeZyiNwAJbNbGKPFXCWuBvf9Ss623VQ5DA success
[2022-02-12T07:55:38.760604000Z DEBUG solana_program_runtime::stable_log] Program 8opHzTAnfzRpPEx21XtnrVTX28YQuCpAjcn1PczScKh invoke [1]
[2022-02-12T07:55:38.761327000Z DEBUG solana_program_runtime::stable_log] Program 11111111111111111111111111111111 invoke [1]
[2022-02-12T07:55:38.761373000Z DEBUG solana_program_runtime::stable_log] Program log: Mango: AddSpotMarket
[2022-02-12T07:55:38.761393000Z DEBUG solana_program_runtime::stable_log] Program 11111111111111111111111111111111 success
[2022-02-12T07:55:38.762837000Z DEBUG solana_program_runtime::stable_log] Program CiDwVBFgWV9E5MvXWoLgnEgn2hK7rJikbvfWavzAQz3 invoke [1]
[2022-02-12T07:55:38.763232000Z DEBUG solana_program_runtime::stable_log] Program log: Mango: CacheRootBanks
[2022-02-12T07:55:38.763919000Z DEBUG solana_program_runtime::stable_log] Program log: mango-log
[2022-02-12T07:55:38.764829000Z DEBUG solana_program_runtime::stable_log] Program log: IVXYca/GfeictzjFHW4XvZj+MxHkKkvsInzL6Ys+hkvDPt17IYHDCAIAAAAAAAAAAAAAAA8AAAAAAAAAAgAAAAAAAAAAAEBCDwAAAAAAAAAAAAAAAABAQg8AAAAAAAAAAgAAAAAAAAAAAEBCDwAAAAAAAAAAAAAAAABAQg8AAAAAAAAA
[2022-02-12T07:55:38.764872000Z DEBUG solana_program_runtime::stable_log] Program 11111111111111111111111111111111 invoke [1]
[2022-02-12T07:55:38.764934000Z DEBUG solana_program_runtime::stable_log] Program 11111111111111111111111111111111 success
[2022-02-12T07:55:38.764954000Z DEBUG solana_bpf_loader_program] Program CiDwVBFgWV9E5MvXWoLgnEgn2hK7rJikbvfWavzAQz3 consumed 5857 of 200000 compute units
[2022-02-12T07:55:38.765021000Z DEBUG solana_program_runtime::stable_log] Program CiDwVBFgWV9E5MvXWoLgnEgn2hK7rJikbvfWavzAQz3 success
[2022-02-12T07:55:38.766920000Z DEBUG solana_program_runtime::stable_log] Program jwV7SyvqCSrVcKibYvurCCWr7DUmT7yRYPmY9QwvrGo invoke [1]
[2022-02-12T07:55:38.767330000Z DEBUG solana_program_runtime::stable_log] Program log: Mango: CacheRootBanks
[2022-02-12T07:55:38.767788000Z DEBUG solana_bpf_loader_program] Program 8opHzTAnfzRpPEx21XtnrVTX28YQuCpAjcn1PczScKh consumed 20786 of 200000 compute units
[2022-02-12T07:55:38.767886000Z DEBUG solana_program_runtime::stable_log] Program 8opHzTAnfzRpPEx21XtnrVTX28YQuCpAjcn1PczScKh success
[2022-02-12T07:55:38.768032000Z DEBUG solana_program_runtime::stable_log] Program log: mango-log
[2022-02-12T07:55:38.768977000Z DEBUG solana_program_runtime::stable_log] Program log: IVXYca/GfeiedYLQOjgeoIOp1VY49L9OAH1lbwNX/u06aA+YdBuZ3AIAAAAAAAAAAAAAAA8AAAAAAAAAAgAAAAAAAAAAAEBCDwAAAAAAAAAAAAAAAABAQg8AAAAAAAAAAgAAAAAAAAAAAEBCDwAAAAAAAAAAAAAAAABAQg8AAAAAAAAA
[2022-02-12T07:55:38.769108000Z DEBUG solana_bpf_loader_program] Program jwV7SyvqCSrVcKibYvurCCWr7DUmT7yRYPmY9QwvrGo consumed 5857 of 200000 compute units
[2022-02-12T07:55:38.769168000Z DEBUG solana_program_runtime::stable_log] Program jwV7SyvqCSrVcKibYvurCCWr7DUmT7yRYPmY9QwvrGo success
[2022-02-12T07:55:38.772549000Z DEBUG solana_program_runtime::stable_log] Program 11111111111111111111111111111111 invoke [1]
[2022-02-12T07:55:38.772613000Z DEBUG solana_program_runtime::stable_log] Program 11111111111111111111111111111111 success
[2022-02-12T07:55:38.775793000Z DEBUG solana_program_runtime::stable_log] Program CiDwVBFgWV9E5MvXWoLgnEgn2hK7rJikbvfWavzAQz3 invoke [1]
[2022-02-12T07:55:38.776142000Z DEBUG solana_program_runtime::stable_log] Program log: Mango: CachePerpMarkets
[2022-02-12T07:55:38.776560000Z DEBUG solana_program_runtime::stable_log] Program log: mango-log
[2022-02-12T07:55:38.776554000Z DEBUG solana_program_runtime::stable_log] Program GcdayuLaLyrdmUu324nahyv33G5poQdLUEZ1nEytDeP invoke [1]
[2022-02-12T07:55:38.777256000Z DEBUG solana_program_runtime::stable_log] Program log: Mango: AddSpotMarket
[2022-02-12T07:55:38.777342000Z DEBUG solana_program_runtime::stable_log] Program log: 9lt9JxCzqw6ctzjFHW4XvZj+MxHkKkvsInzL6Ys+hkvDPt17IYHDCAEAAAAAAAAAAAAAAAEAAAAAAAAAAAAAAAAAAAAAAAAAAQAAAAAAAAAAAAAAAAAAAAAAAAA=
[2022-02-12T07:55:38.777456000Z DEBUG solana_bpf_loader_program] Program CiDwVBFgWV9E5MvXWoLgnEgn2hK7rJikbvfWavzAQz3 consumed 4331 of 200000 compute units
[2022-02-12T07:55:38.777514000Z DEBUG solana_program_runtime::stable_log] Program CiDwVBFgWV9E5MvXWoLgnEgn2hK7rJikbvfWavzAQz3 success
[2022-02-12T07:55:38.779795000Z DEBUG solana_program_runtime::stable_log] Program jwV7SyvqCSrVcKibYvurCCWr7DUmT7yRYPmY9QwvrGo invoke [1]
[2022-02-12T07:55:38.780139000Z DEBUG solana_program_runtime::stable_log] Program log: Mango: CachePerpMarkets
[2022-02-12T07:55:38.780542000Z DEBUG solana_program_runtime::stable_log] Program log: mango-log
[2022-02-12T07:55:38.780716000Z DEBUG solana_program_runtime::stable_log] Program TokenkegQfeZyiNwAJbNbGKPFXCWuBvf9Ss623VQ5DA invoke [1]
[2022-02-12T07:55:38.781220000Z DEBUG solana_program_runtime::stable_log] Program log: Instruction: InitializeAccount
[2022-02-12T07:55:38.781301000Z DEBUG solana_program_runtime::stable_log] Program log: 9lt9JxCzqw6edYLQOjgeoIOp1VY49L9OAH1lbwNX/u06aA+YdBuZ3AEAAAAAAAAAAAAAAAEAAAAAAAAAAAAAAAAAAAAAAAAAAQAAAAAAAAAAAAAAAAAAAAAAAAA=
[2022-02-12T07:55:38.781406000Z DEBUG solana_bpf_loader_program] Program jwV7SyvqCSrVcKibYvurCCWr7DUmT7yRYPmY9QwvrGo consumed 4331 of 200000 compute units
[2022-02-12T07:55:38.781461000Z DEBUG solana_program_runtime::stable_log] Program jwV7SyvqCSrVcKibYvurCCWr7DUmT7yRYPmY9QwvrGo success
[2022-02-12T07:55:38.782273000Z DEBUG solana_bpf_loader_program] Program TokenkegQfeZyiNwAJbNbGKPFXCWuBvf9Ss623VQ5DA consumed 3411 of 200000 compute units
[2022-02-12T07:55:38.782333000Z DEBUG solana_program_runtime::stable_log] Program TokenkegQfeZyiNwAJbNbGKPFXCWuBvf9Ss623VQ5DA success
[2022-02-12T07:55:38.783524000Z DEBUG solana_bpf_loader_program] Program GcdayuLaLyrdmUu324nahyv33G5poQdLUEZ1nEytDeP consumed 20786 of 200000 compute units
[2022-02-12T07:55:38.783620000Z DEBUG solana_program_runtime::stable_log] Program GcdayuLaLyrdmUu324nahyv33G5poQdLUEZ1nEytDeP success
[2022-02-12T07:55:38.785596000Z DEBUG solana_program_runtime::stable_log] Program 11111111111111111111111111111111 invoke [1]
[2022-02-12T07:55:38.785654000Z DEBUG solana_program_runtime::stable_log] Program 11111111111111111111111111111111 success
[2022-02-12T07:55:38.788674000Z DEBUG solana_program_runtime::stable_log] Program 11111111111111111111111111111111 invoke [1]
[2022-02-12T07:55:38.788745000Z DEBUG solana_program_runtime::stable_log] Program 11111111111111111111111111111111 success
[2022-02-12T07:55:38.793748000Z DEBUG solana_program_runtime::stable_log] Program TokenkegQfeZyiNwAJbNbGKPFXCWuBvf9Ss623VQ5DA invoke [1]
[2022-02-12T07:55:38.794275000Z DEBUG solana_program_runtime::stable_log] Program log: Instruction: InitializeAccount
[2022-02-12T07:55:38.795345000Z DEBUG solana_bpf_loader_program] Program TokenkegQfeZyiNwAJbNbGKPFXCWuBvf9Ss623VQ5DA consumed 3411 of 200000 compute units
[2022-02-12T07:55:38.795386000Z DEBUG solana_program_runtime::stable_log] Program CiDwVBFgWV9E5MvXWoLgnEgn2hK7rJikbvfWavzAQz3 invoke [1]
[2022-02-12T07:55:38.795408000Z DEBUG solana_program_runtime::stable_log] Program TokenkegQfeZyiNwAJbNbGKPFXCWuBvf9Ss623VQ5DA success
[2022-02-12T07:55:38.796630000Z DEBUG solana_program_runtime::stable_log] Program log: Mango: SettleFunds
[2022-02-12T07:55:38.796697000Z DEBUG solana_program_runtime::stable_log] Program TokenkegQfeZyiNwAJbNbGKPFXCWuBvf9Ss623VQ5DA invoke [1]
[2022-02-12T07:55:38.797196000Z DEBUG solana_program_runtime::stable_log] Program log: Instruction: InitializeAccount
[2022-02-12T07:55:38.798230000Z DEBUG solana_bpf_loader_program] Program TokenkegQfeZyiNwAJbNbGKPFXCWuBvf9Ss623VQ5DA consumed 3411 of 200000 compute units
[2022-02-12T07:55:38.798324000Z DEBUG solana_program_runtime::stable_log] Program TokenkegQfeZyiNwAJbNbGKPFXCWuBvf9Ss623VQ5DA success
[2022-02-12T07:55:38.801870000Z DEBUG solana_program_runtime::stable_log] Program 11111111111111111111111111111111 invoke [1]
[2022-02-12T07:55:38.801933000Z DEBUG solana_program_runtime::stable_log] Program 11111111111111111111111111111111 success
[2022-02-12T07:55:38.803723000Z DEBUG solana_program_runtime::stable_log] Program 11111111111111111111111111111111 invoke [1]
[2022-02-12T07:55:38.803776000Z DEBUG solana_program_runtime::stable_log] Program 11111111111111111111111111111111 success
[2022-02-12T07:55:38.803832000Z DEBUG solana_program_runtime::stable_log] Program 11111111111111111111111111111111 invoke [1]
[2022-02-12T07:55:38.803877000Z DEBUG solana_program_runtime::stable_log] Program 11111111111111111111111111111111 success
[2022-02-12T07:55:38.803929000Z DEBUG solana_program_runtime::stable_log] Program 11111111111111111111111111111111 invoke [1]
[2022-02-12T07:55:38.804006000Z DEBUG solana_program_runtime::stable_log] Program 11111111111111111111111111111111 success
[2022-02-12T07:55:38.804250000Z DEBUG solana_program_runtime::stable_log] Program 11111111111111111111111111111111 invoke [1]
[2022-02-12T07:55:38.804302000Z DEBUG solana_program_runtime::stable_log] Program 11111111111111111111111111111111 success
[2022-02-12T07:55:38.804367000Z DEBUG solana_program_runtime::stable_log] Program 11111111111111111111111111111111 invoke [1]
[2022-02-12T07:55:38.804416000Z DEBUG solana_program_runtime::stable_log] Program 11111111111111111111111111111111 success
[2022-02-12T07:55:38.807240000Z DEBUG solana_program_runtime::stable_log] Program LX3EUdRUBUa3TbsYXLEUdj9J3prXkWXvLYSWyYyc2Jj invoke [2]
[2022-02-12T07:55:38.809942000Z DEBUG solana_program_runtime::stable_log] Program TokenkegQfeZyiNwAJbNbGKPFXCWuBvf9Ss623VQ5DA invoke [1]
[2022-02-12T07:55:38.810445000Z DEBUG solana_program_runtime::stable_log] Program log: Instruction: InitializeAccount
[2022-02-12T07:55:38.811497000Z DEBUG solana_bpf_loader_program] Program TokenkegQfeZyiNwAJbNbGKPFXCWuBvf9Ss623VQ5DA consumed 3411 of 200000 compute units
[2022-02-12T07:55:38.811591000Z DEBUG solana_program_runtime::stable_log] Program TokenkegQfeZyiNwAJbNbGKPFXCWuBvf9Ss623VQ5DA success
[2022-02-12T07:55:38.813796000Z DEBUG solana_program_runtime::stable_log] Program jwV7SyvqCSrVcKibYvurCCWr7DUmT7yRYPmY9QwvrGo invoke [1]
[2022-02-12T07:55:38.814044000Z DEBUG solana_program_runtime::stable_log] Program QRSsyMWN1yHT9ir42bgNZUNZ4PdEhcSWCrL2AryKpy5 invoke [1]
[2022-02-12T07:55:38.814151000Z DEBUG solana_program_runtime::stable_log] Program log: Mango: CachePrices
[2022-02-12T07:55:38.814489000Z DEBUG solana_program_runtime::stable_log] Program log: mango-log
[2022-02-12T07:55:38.815115000Z DEBUG solana_program_runtime::stable_log] Program log: ux0uSxX5tBuedYLQOjgeoIOp1VY49L9OAH1lbwNX/u06aA+YdBuZ3AEAAAAAAAAAAAAAAAEAAAAAAAAAAAAQJwAAAAAAAAAA
[2022-02-12T07:55:38.815223000Z DEBUG solana_bpf_loader_program] Program jwV7SyvqCSrVcKibYvurCCWr7DUmT7yRYPmY9QwvrGo consumed 3669 of 200000 compute units
[2022-02-12T07:55:38.815276000Z DEBUG solana_program_runtime::stable_log] Program jwV7SyvqCSrVcKibYvurCCWr7DUmT7yRYPmY9QwvrGo success
[2022-02-12T07:55:38.818260000Z DEBUG solana_program_runtime::stable_log] Program TokenkegQfeZyiNwAJbNbGKPFXCWuBvf9Ss623VQ5DA invoke [3]
[2022-02-12T07:55:38.818703000Z DEBUG solana_program_runtime::stable_log] Program log: Instruction: Transfer
[2022-02-12T07:55:38.819127000Z DEBUG solana_bpf_loader_program] Program QRSsyMWN1yHT9ir42bgNZUNZ4PdEhcSWCrL2AryKpy5 consumed 13668 of 200000 compute units
[2022-02-12T07:55:38.819251000Z DEBUG solana_program_runtime::stable_log] Program QRSsyMWN1yHT9ir42bgNZUNZ4PdEhcSWCrL2AryKpy5 success
[2022-02-12T07:55:38.819625000Z DEBUG solana_bpf_loader_program] Program TokenkegQfeZyiNwAJbNbGKPFXCWuBvf9Ss623VQ5DA consumed 3121 of 182145 compute units
[2022-02-12T07:55:38.819686000Z DEBUG solana_program_runtime::stable_log] Program TokenkegQfeZyiNwAJbNbGKPFXCWuBvf9Ss623VQ5DA success
[2022-02-12T07:55:38.819800000Z DEBUG solana_program_runtime::stable_log] Program 11111111111111111111111111111111 invoke [1]
[2022-02-12T07:55:38.819853000Z DEBUG solana_program_runtime::stable_log] Program 11111111111111111111111111111111 success
[2022-02-12T07:55:38.819906000Z DEBUG solana_program_runtime::stable_log] Program 11111111111111111111111111111111 invoke [1]
[2022-02-12T07:55:38.819950000Z DEBUG solana_program_runtime::stable_log] Program 11111111111111111111111111111111 success
[2022-02-12T07:55:38.819999000Z DEBUG solana_program_runtime::stable_log] Program 11111111111111111111111111111111 invoke [1]
[2022-02-12T07:55:38.820068000Z DEBUG solana_program_runtime::stable_log] Program 11111111111111111111111111111111 success
[2022-02-12T07:55:38.820297000Z DEBUG solana_program_runtime::stable_log] Program 11111111111111111111111111111111 invoke [1]
[2022-02-12T07:55:38.820344000Z DEBUG solana_program_runtime::stable_log] Program 11111111111111111111111111111111 success
[2022-02-12T07:55:38.820404000Z DEBUG solana_program_runtime::stable_log] Program 11111111111111111111111111111111 invoke [1]
[2022-02-12T07:55:38.820448000Z DEBUG solana_program_runtime::stable_log] Program 11111111111111111111111111111111 success
[2022-02-12T07:55:38.826012000Z DEBUG solana_program_runtime::stable_log] Program jwV7SyvqCSrVcKibYvurCCWr7DUmT7yRYPmY9QwvrGo invoke [1]
[2022-02-12T07:55:38.826433000Z DEBUG solana_program_runtime::stable_log] Program log: Mango: UpdateRootBank
[2022-02-12T07:55:38.826771000Z DEBUG solana_program_runtime::stable_log] Program 11111111111111111111111111111111 invoke [1]
[2022-02-12T07:55:38.826829000Z DEBUG solana_program_runtime::stable_log] Program 11111111111111111111111111111111 success
[2022-02-12T07:55:38.828278000Z DEBUG solana_program_runtime::stable_log] Program log: mango-log
[2022-02-12T07:55:38.828343000Z DEBUG solana_program_runtime::stable_log] Program TokenkegQfeZyiNwAJbNbGKPFXCWuBvf9Ss623VQ5DA invoke [3]
[2022-02-12T07:55:38.828795000Z DEBUG solana_program_runtime::stable_log] Program log: Instruction: Transfer
[2022-02-12T07:55:38.828915000Z DEBUG solana_program_runtime::stable_log] Program log: 8HmBNKTUaLiedYLQOjgeoIOp1VY49L9OAH1lbwNX/u06aA+YdBuZ3AAAAAAAAAAAAAAAAAAAQEIPAAAAAAAAAAAAAAAAAEBCDwAAAAAAAAA=
[2022-02-12T07:55:38.829046000Z DEBUG solana_bpf_loader_program] Program jwV7SyvqCSrVcKibYvurCCWr7DUmT7yRYPmY9QwvrGo consumed 8519 of 200000 compute units
[2022-02-12T07:55:38.829109000Z DEBUG solana_program_runtime::stable_log] Program jwV7SyvqCSrVcKibYvurCCWr7DUmT7yRYPmY9QwvrGo success
[2022-02-12T07:55:38.829750000Z DEBUG solana_bpf_loader_program] Program TokenkegQfeZyiNwAJbNbGKPFXCWuBvf9Ss623VQ5DA consumed 3121 of 176281 compute units
[2022-02-12T07:55:38.829809000Z DEBUG solana_program_runtime::stable_log] Program TokenkegQfeZyiNwAJbNbGKPFXCWuBvf9Ss623VQ5DA success
[2022-02-12T07:55:38.829935000Z DEBUG solana_program_runtime::stable_log] Program YEGAxog9gxiGXxo538aAQxq55XAebpFfwU72ZUxmSHm invoke [1]
[2022-02-12T07:55:38.830475000Z DEBUG solana_bpf_loader_program] Program LX3EUdRUBUa3TbsYXLEUdj9J3prXkWXvLYSWyYyc2Jj consumed 20191 of 192445 compute units
[2022-02-12T07:55:38.830555000Z DEBUG solana_program_runtime::stable_log] Program LX3EUdRUBUa3TbsYXLEUdj9J3prXkWXvLYSWyYyc2Jj success
[2022-02-12T07:55:38.830779000Z DEBUG solana_program_runtime::stable_log] Program log: mango-log
[2022-02-12T07:55:38.831627000Z DEBUG solana_program_runtime::stable_log] Program log: V4pUNuOCxqyctzjFHW4XvZj+MxHkKkvsInzL6Ys+hkvDPt17IYHDCNn8zaKa+3XCMP/OCwjCxWvgCeL7aNtnLXOB4NRepyShAAAAAAAAAAAAAAAAAAAAAAAAAAAAAAAAAAAAAAAAAAAAAAAAAAAAAAAAAAAAAAAA
[2022-02-12T07:55:38.832954000Z DEBUG solana_program_runtime::stable_log] Program log: mango-log
[2022-02-12T07:55:38.833733000Z DEBUG solana_program_runtime::stable_log] Program log: F5qwwQsqqPSctzjFHW4XvZj+MxHkKkvsInzL6Ys+hkvDPt17IYHDCNn8zaKa+3XCMP/OCwjCxWvgCeL7aNtnLXOB4NRepyShAAAAAAAAAAAAAAAAAAABAAAAAAAAAAAAAAAAAAAAAAAAAAAAAAAAAA==
[2022-02-12T07:55:38.834734000Z DEBUG solana_program_runtime::stable_log] Program TokenkegQfeZyiNwAJbNbGKPFXCWuBvf9Ss623VQ5DA invoke [1]
[2022-02-12T07:55:38.834959000Z DEBUG solana_program_runtime::stable_log] Program log: mango-log
[2022-02-12T07:55:38.835172000Z DEBUG solana_bpf_loader_program] Program YEGAxog9gxiGXxo538aAQxq55XAebpFfwU72ZUxmSHm consumed 13647 of 200000 compute units
[2022-02-12T07:55:38.835238000Z DEBUG solana_program_runtime::stable_log] Program log: Instruction: InitializeAccount
[2022-02-12T07:55:38.835295000Z DEBUG solana_program_runtime::stable_log] Program YEGAxog9gxiGXxo538aAQxq55XAebpFfwU72ZUxmSHm success
[2022-02-12T07:55:38.835745000Z DEBUG solana_program_runtime::stable_log] Program log: F5qwwQsqqPSctzjFHW4XvZj+MxHkKkvsInzL6Ys+hkvDPt17IYHDCNn8zaKa+3XCMP/OCwjCxWvgCeL7aNtnLXOB4NRepyShDwAAAAAAAAAAAAAAAAADAAAAAAAAAAAAAAAAAAAAAAAAAAAAAAAAAA==
[2022-02-12T07:55:38.836172000Z DEBUG solana_bpf_loader_program] Program CiDwVBFgWV9E5MvXWoLgnEgn2hK7rJikbvfWavzAQz3 consumed 43795 of 200000 compute units
[2022-02-12T07:55:38.836256000Z DEBUG solana_bpf_loader_program] Program TokenkegQfeZyiNwAJbNbGKPFXCWuBvf9Ss623VQ5DA consumed 3411 of 200000 compute units
[2022-02-12T07:55:38.836284000Z DEBUG solana_program_runtime::stable_log] Program CiDwVBFgWV9E5MvXWoLgnEgn2hK7rJikbvfWavzAQz3 success
[2022-02-12T07:55:38.836319000Z DEBUG solana_program_runtime::stable_log] Program TokenkegQfeZyiNwAJbNbGKPFXCWuBvf9Ss623VQ5DA success
[2022-02-12T07:55:38.839583000Z DEBUG solana_program_runtime::stable_log] Program jwV7SyvqCSrVcKibYvurCCWr7DUmT7yRYPmY9QwvrGo invoke [1]
[2022-02-12T07:55:38.840041000Z DEBUG solana_program_runtime::stable_log] Program log: Mango: UpdateFunding
[2022-02-12T07:55:38.840058000Z DEBUG solana_program_runtime::stable_log] Program 11111111111111111111111111111111 invoke [1]
[2022-02-12T07:55:38.840136000Z DEBUG solana_program_runtime::stable_log] Program 11111111111111111111111111111111 success
[2022-02-12T07:55:38.841228000Z DEBUG solana_program_runtime::stable_log] Program log: mango-log
[2022-02-12T07:55:38.841833000Z DEBUG solana_program_runtime::stable_log] Program 11111111111111111111111111111111 invoke [1]
[2022-02-12T07:55:38.841868000Z DEBUG solana_program_runtime::stable_log] Program log: ta5iwCEXTXuedYLQOjgeoIOp1VY49L9OAH1lbwNX/u06aA+YdBuZ3AAAAAAAAAAAAAAAAAAAAAAAAAAAAAAAAAAAAAAAAAAAAAAAAAAAAAA=
[2022-02-12T07:55:38.841893000Z DEBUG solana_program_runtime::stable_log] Program 11111111111111111111111111111111 success
[2022-02-12T07:55:38.842025000Z DEBUG solana_bpf_loader_program] Program jwV7SyvqCSrVcKibYvurCCWr7DUmT7yRYPmY9QwvrGo consumed 6381 of 200000 compute units
[2022-02-12T07:55:38.842108000Z DEBUG solana_program_runtime::stable_log] Program jwV7SyvqCSrVcKibYvurCCWr7DUmT7yRYPmY9QwvrGo success
[2022-02-12T07:55:38.843471000Z DEBUG solana_program_runtime::stable_log] Program 11111111111111111111111111111111 invoke [1]
[2022-02-12T07:55:38.843525000Z DEBUG solana_program_runtime::stable_log] Program 11111111111111111111111111111111 success
[2022-02-12T07:55:38.849871000Z DEBUG solana_program_runtime::stable_log] Program TokenkegQfeZyiNwAJbNbGKPFXCWuBvf9Ss623VQ5DA invoke [1]
[2022-02-12T07:55:38.850385000Z DEBUG solana_program_runtime::stable_log] Program log: Instruction: InitializeAccount
[2022-02-12T07:55:38.851475000Z DEBUG solana_bpf_loader_program] Program TokenkegQfeZyiNwAJbNbGKPFXCWuBvf9Ss623VQ5DA consumed 3411 of 200000 compute units
[2022-02-12T07:55:38.851579000Z DEBUG solana_program_runtime::stable_log] Program TokenkegQfeZyiNwAJbNbGKPFXCWuBvf9Ss623VQ5DA success
[2022-02-12T07:55:38.852052000Z DEBUG solana_program_runtime::stable_log] Program jwV7SyvqCSrVcKibYvurCCWr7DUmT7yRYPmY9QwvrGo invoke [1]
[2022-02-12T07:55:38.852465000Z DEBUG solana_program_runtime::stable_log] Program log: Mango: CacheRootBanks
[2022-02-12T07:55:38.853162000Z DEBUG solana_program_runtime::stable_log] Program log: mango-log
[2022-02-12T07:55:38.853599000Z DEBUG solana_program_runtime::stable_log] Program CiDwVBFgWV9E5MvXWoLgnEgn2hK7rJikbvfWavzAQz3 invoke [1]
[2022-02-12T07:55:38.854075000Z DEBUG solana_program_runtime::stable_log] Program log: IVXYca/GfeiedYLQOjgeoIOp1VY49L9OAH1lbwNX/u06aA+YdBuZ3AIAAAAAAAAAAAAAAA8AAAAAAAAAAgAAAAAAAAAAAEBCDwAAAAAAAAAAAAAAAABAQg8AAAAAAAAAAgAAAAAAAAAAAEBCDwAAAAAAAAAAAAAAAABAQg8AAAAAAAAA
[2022-02-12T07:55:38.854210000Z DEBUG solana_bpf_loader_program] Program jwV7SyvqCSrVcKibYvurCCWr7DUmT7yRYPmY9QwvrGo consumed 5857 of 200000 compute units
[2022-02-12T07:55:38.854264000Z DEBUG solana_program_runtime::stable_log] Program jwV7SyvqCSrVcKibYvurCCWr7DUmT7yRYPmY9QwvrGo success
[2022-02-12T07:55:38.854799000Z DEBUG solana_program_runtime::stable_log] Program log: Mango: SettleFunds
[2022-02-12T07:55:38.855465000Z DEBUG solana_program_runtime::stable_log] Program 11111111111111111111111111111111 invoke [1]
[2022-02-12T07:55:38.855505000Z DEBUG solana_program_runtime::stable_log] Program 8opHzTAnfzRpPEx21XtnrVTX28YQuCpAjcn1PczScKh invoke [1]
[2022-02-12T07:55:38.855527000Z DEBUG solana_program_runtime::stable_log] Program 11111111111111111111111111111111 success
[2022-02-12T07:55:38.856226000Z DEBUG solana_program_runtime::stable_log] Program log: Mango: AddSpotMarket
[2022-02-12T07:55:38.858911000Z DEBUG solana_program_runtime::stable_log] Program 11111111111111111111111111111111 invoke [1]
[2022-02-12T07:55:38.858976000Z DEBUG solana_program_runtime::stable_log] Program 11111111111111111111111111111111 success
[2022-02-12T07:55:38.862642000Z DEBUG solana_bpf_loader_program] Program 8opHzTAnfzRpPEx21XtnrVTX28YQuCpAjcn1PczScKh consumed 20825 of 200000 compute units
[2022-02-12T07:55:38.862763000Z DEBUG solana_program_runtime::stable_log] Program 8opHzTAnfzRpPEx21XtnrVTX28YQuCpAjcn1PczScKh success
[2022-02-12T07:55:38.864905000Z DEBUG solana_program_runtime::stable_log] Program jwV7SyvqCSrVcKibYvurCCWr7DUmT7yRYPmY9QwvrGo invoke [1]
[2022-02-12T07:55:38.865266000Z DEBUG solana_program_runtime::stable_log] Program log: Mango: CachePerpMarkets
[2022-02-12T07:55:38.865345000Z DEBUG solana_program_runtime::stable_log] Program LX3EUdRUBUa3TbsYXLEUdj9J3prXkWXvLYSWyYyc2Jj invoke [2]
[2022-02-12T07:55:38.865681000Z DEBUG solana_program_runtime::stable_log] Program log: mango-log
[2022-02-12T07:55:38.866463000Z DEBUG solana_program_runtime::stable_log] Program log: 9lt9JxCzqw6edYLQOjgeoIOp1VY49L9OAH1lbwNX/u06aA+YdBuZ3AEAAAAAAAAAAAAAAAEAAAAAAAAAAAAAAAAAAAAAAAAAAQAAAAAAAAAAAAAAAAAAAAAAAAA=
[2022-02-12T07:55:38.866578000Z DEBUG solana_bpf_loader_program] Program jwV7SyvqCSrVcKibYvurCCWr7DUmT7yRYPmY9QwvrGo consumed 4331 of 200000 compute units
[2022-02-12T07:55:38.866634000Z DEBUG solana_program_runtime::stable_log] Program jwV7SyvqCSrVcKibYvurCCWr7DUmT7yRYPmY9QwvrGo success
[2022-02-12T07:55:38.867580000Z DEBUG solana_program_runtime::stable_log] Program 11111111111111111111111111111111 invoke [1]
[2022-02-12T07:55:38.867634000Z DEBUG solana_program_runtime::stable_log] Program 11111111111111111111111111111111 success
test test_match_spot_order ... ok
[2022-02-12T07:55:38.870993000Z DEBUG solana_program_runtime::stable_log] Program GcdayuLaLyrdmUu324nahyv33G5poQdLUEZ1nEytDeP invoke [1]
[2022-02-12T07:55:38.871690000Z DEBUG solana_program_runtime::stable_log] Program log: Mango: AddSpotMarket
[2022-02-12T07:55:38.875583000Z DEBUG solana_program_runtime::stable_log] Program TokenkegQfeZyiNwAJbNbGKPFXCWuBvf9Ss623VQ5DA invoke [1]
[2022-02-12T07:55:38.876086000Z DEBUG solana_program_runtime::stable_log] Program log: Instruction: InitializeAccount
[2022-02-12T07:55:38.876405000Z DEBUG solana_program_runtime::stable_log] Program TokenkegQfeZyiNwAJbNbGKPFXCWuBvf9Ss623VQ5DA invoke [3]
[2022-02-12T07:55:38.876855000Z DEBUG solana_program_runtime::stable_log] Program log: Instruction: Transfer
[2022-02-12T07:55:38.877123000Z DEBUG solana_bpf_loader_program] Program TokenkegQfeZyiNwAJbNbGKPFXCWuBvf9Ss623VQ5DA consumed 3411 of 200000 compute units
[2022-02-12T07:55:38.877183000Z DEBUG solana_program_runtime::stable_log] Program TokenkegQfeZyiNwAJbNbGKPFXCWuBvf9Ss623VQ5DA success
[2022-02-12T07:55:38.877796000Z DEBUG solana_bpf_loader_program] Program TokenkegQfeZyiNwAJbNbGKPFXCWuBvf9Ss623VQ5DA consumed 3121 of 182145 compute units
[2022-02-12T07:55:38.877855000Z DEBUG solana_program_runtime::stable_log] Program TokenkegQfeZyiNwAJbNbGKPFXCWuBvf9Ss623VQ5DA success
[2022-02-12T07:55:38.877897000Z DEBUG solana_bpf_loader_program] Program GcdayuLaLyrdmUu324nahyv33G5poQdLUEZ1nEytDeP consumed 20825 of 200000 compute units
[2022-02-12T07:55:38.878001000Z DEBUG solana_program_runtime::stable_log] Program GcdayuLaLyrdmUu324nahyv33G5poQdLUEZ1nEytDeP success
[2022-02-12T07:55:38.880642000Z DEBUG solana_program_runtime::stable_log] Program 11111111111111111111111111111111 invoke [1]
[2022-02-12T07:55:38.880709000Z DEBUG solana_program_runtime::stable_log] Program 11111111111111111111111111111111 success
[2022-02-12T07:55:38.882846000Z DEBUG solana_program_runtime::stable_log] Program 11111111111111111111111111111111 invoke [1]
[2022-02-12T07:55:38.882904000Z DEBUG solana_program_runtime::stable_log] Program 11111111111111111111111111111111 success
[2022-02-12T07:55:38.886517000Z DEBUG solana_program_runtime::stable_log] Program TokenkegQfeZyiNwAJbNbGKPFXCWuBvf9Ss623VQ5DA invoke [3]
[2022-02-12T07:55:38.886955000Z DEBUG solana_program_runtime::stable_log] Program log: Instruction: Transfer
[2022-02-12T07:55:38.887887000Z DEBUG solana_bpf_loader_program] Program TokenkegQfeZyiNwAJbNbGKPFXCWuBvf9Ss623VQ5DA consumed 3121 of 176281 compute units
[2022-02-12T07:55:38.887944000Z DEBUG solana_program_runtime::stable_log] Program TokenkegQfeZyiNwAJbNbGKPFXCWuBvf9Ss623VQ5DA success
[2022-02-12T07:55:38.888620000Z DEBUG solana_program_runtime::stable_log] Program TokenkegQfeZyiNwAJbNbGKPFXCWuBvf9Ss623VQ5DA invoke [1]
[2022-02-12T07:55:38.889117000Z DEBUG solana_program_runtime::stable_log] Program log: Instruction: InitializeAccount
[2022-02-12T07:55:38.890155000Z DEBUG solana_bpf_loader_program] Program TokenkegQfeZyiNwAJbNbGKPFXCWuBvf9Ss623VQ5DA consumed 3411 of 200000 compute units
[2022-02-12T07:55:38.890213000Z DEBUG solana_program_runtime::stable_log] Program TokenkegQfeZyiNwAJbNbGKPFXCWuBvf9Ss623VQ5DA success
[2022-02-12T07:55:38.890578000Z DEBUG solana_program_runtime::stable_log] Program TokenkegQfeZyiNwAJbNbGKPFXCWuBvf9Ss623VQ5DA invoke [1]
[2022-02-12T07:55:38.891083000Z DEBUG solana_program_runtime::stable_log] Program log: Instruction: InitializeAccount
[2022-02-12T07:55:38.892115000Z DEBUG solana_bpf_loader_program] Program TokenkegQfeZyiNwAJbNbGKPFXCWuBvf9Ss623VQ5DA consumed 3411 of 200000 compute units
[2022-02-12T07:55:38.892174000Z DEBUG solana_program_runtime::stable_log] Program TokenkegQfeZyiNwAJbNbGKPFXCWuBvf9Ss623VQ5DA success
[2022-02-12T07:55:38.895647000Z DEBUG solana_program_runtime::stable_log] Program 11111111111111111111111111111111 invoke [1]
[2022-02-12T07:55:38.895705000Z DEBUG solana_program_runtime::stable_log] Program 11111111111111111111111111111111 success
[2022-02-12T07:55:38.896364000Z DEBUG solana_program_runtime::stable_log] Program TokenkegQfeZyiNwAJbNbGKPFXCWuBvf9Ss623VQ5DA invoke [3]
[2022-02-12T07:55:38.896798000Z DEBUG solana_program_runtime::stable_log] Program log: Instruction: Transfer
[2022-02-12T07:55:38.897697000Z DEBUG solana_bpf_loader_program] Program TokenkegQfeZyiNwAJbNbGKPFXCWuBvf9Ss623VQ5DA consumed 3121 of 170413 compute units
[2022-02-12T07:55:38.897752000Z DEBUG solana_program_runtime::stable_log] Program TokenkegQfeZyiNwAJbNbGKPFXCWuBvf9Ss623VQ5DA success
[2022-02-12T07:55:38.898326000Z DEBUG solana_program_runtime::stable_log] Program 11111111111111111111111111111111 invoke [1]
[2022-02-12T07:55:38.898378000Z DEBUG solana_program_runtime::stable_log] Program 11111111111111111111111111111111 success
[2022-02-12T07:55:38.898367000Z DEBUG solana_bpf_loader_program] Program LX3EUdRUBUa3TbsYXLEUdj9J3prXkWXvLYSWyYyc2Jj consumed 26048 of 192445 compute units
[2022-02-12T07:55:38.898431000Z DEBUG solana_program_runtime::stable_log] Program 11111111111111111111111111111111 invoke [1]
[2022-02-12T07:55:38.898445000Z DEBUG solana_program_runtime::stable_log] Program LX3EUdRUBUa3TbsYXLEUdj9J3prXkWXvLYSWyYyc2Jj success
[2022-02-12T07:55:38.898479000Z DEBUG solana_program_runtime::stable_log] Program 11111111111111111111111111111111 success
[2022-02-12T07:55:38.898535000Z DEBUG solana_program_runtime::stable_log] Program 11111111111111111111111111111111 invoke [1]
[2022-02-12T07:55:38.898605000Z DEBUG solana_program_runtime::stable_log] Program 11111111111111111111111111111111 success
[2022-02-12T07:55:38.898661000Z DEBUG solana_program_runtime::stable_log] Program log: mango-log
[2022-02-12T07:55:38.898835000Z DEBUG solana_program_runtime::stable_log] Program 11111111111111111111111111111111 invoke [1]
[2022-02-12T07:55:38.898887000Z DEBUG solana_program_runtime::stable_log] Program 11111111111111111111111111111111 success
[2022-02-12T07:55:38.898949000Z DEBUG solana_program_runtime::stable_log] Program 11111111111111111111111111111111 invoke [1]
[2022-02-12T07:55:38.898993000Z DEBUG solana_program_runtime::stable_log] Program 11111111111111111111111111111111 success
[2022-02-12T07:55:38.899469000Z DEBUG solana_program_runtime::stable_log] Program log: V4pUNuOCxqyctzjFHW4XvZj+MxHkKkvsInzL6Ys+hkvDPt17IYHDCCiSzxJrDV60P4MhylWAOXRuYHS2Z47GRWzqsD1L8kfBAAAAAAAAAAAAAAAAAAAAAAAAAAAAAAAAAAAAAAAAAAAAAAAAAAAAAAAAAAAAAAAA
[2022-02-12T07:55:38.899643000Z DEBUG solana_program_runtime::stable_log] Program log: mango-log
[2022-02-12T07:55:38.900379000Z DEBUG solana_program_runtime::stable_log] Program log: F5qwwQsqqPSctzjFHW4XvZj+MxHkKkvsInzL6Ys+hkvDPt17IYHDCCiSzxJrDV60P4MhylWAOXRuYHS2Z47GRWzqsD1L8kfBAAAAAAAAAAAAAAAAAAAAAAAAAAAAAAAAAAAAAAAAAAAAAAAAAAAAAA==
[2022-02-12T07:55:38.901674000Z DEBUG solana_program_runtime::stable_log] Program log: mango-log
[2022-02-12T07:55:38.902473000Z DEBUG solana_program_runtime::stable_log] Program log: F5qwwQsqqPSctzjFHW4XvZj+MxHkKkvsInzL6Ys+hkvDPt17IYHDCCiSzxJrDV60P4MhylWAOXRuYHS2Z47GRWzqsD1L8kfBDwAAAAAAAABmZmZmZmb+JgAAAAAAAAAAAAAAAAAAAAAAAAAAAAAAAA==
[2022-02-12T07:55:38.902906000Z DEBUG solana_bpf_loader_program] Program CiDwVBFgWV9E5MvXWoLgnEgn2hK7rJikbvfWavzAQz3 consumed 46116 of 200000 compute units
[2022-02-12T07:55:38.903046000Z DEBUG solana_program_runtime::stable_log] Program CiDwVBFgWV9E5MvXWoLgnEgn2hK7rJikbvfWavzAQz3 success
[2022-02-12T07:55:38.903727000Z DEBUG solana_program_runtime::stable_log] Program TokenkegQfeZyiNwAJbNbGKPFXCWuBvf9Ss623VQ5DA invoke [1]
[2022-02-12T07:55:38.904276000Z DEBUG solana_program_runtime::stable_log] Program log: Instruction: InitializeAccount
[2022-02-12T07:55:38.905373000Z DEBUG solana_bpf_loader_program] Program TokenkegQfeZyiNwAJbNbGKPFXCWuBvf9Ss623VQ5DA consumed 3411 of 200000 compute units
[2022-02-12T07:55:38.905442000Z DEBUG solana_program_runtime::stable_log] Program TokenkegQfeZyiNwAJbNbGKPFXCWuBvf9Ss623VQ5DA success
[2022-02-12T07:55:38.908756000Z DEBUG solana_program_runtime::stable_log] Program QRSsyMWN1yHT9ir42bgNZUNZ4PdEhcSWCrL2AryKpy5 invoke [1]
[2022-02-12T07:55:38.913855000Z DEBUG solana_program_runtime::stable_log] Program 11111111111111111111111111111111 invoke [1]
[2022-02-12T07:55:38.913914000Z DEBUG solana_program_runtime::stable_log] Program 11111111111111111111111111111111 success
[2022-02-12T07:55:38.913965000Z DEBUG solana_program_runtime::stable_log] Program 11111111111111111111111111111111 invoke [1]
[2022-02-12T07:55:38.913968000Z DEBUG solana_bpf_loader_program] Program QRSsyMWN1yHT9ir42bgNZUNZ4PdEhcSWCrL2AryKpy5 consumed 13668 of 200000 compute units
[2022-02-12T07:55:38.914007000Z DEBUG solana_program_runtime::stable_log] Program 11111111111111111111111111111111 success
[2022-02-12T07:55:38.914061000Z DEBUG solana_program_runtime::stable_log] Program 11111111111111111111111111111111 invoke [1]
[2022-02-12T07:55:38.914095000Z DEBUG solana_program_runtime::stable_log] Program QRSsyMWN1yHT9ir42bgNZUNZ4PdEhcSWCrL2AryKpy5 success
[2022-02-12T07:55:38.914129000Z DEBUG solana_program_runtime::stable_log] Program 11111111111111111111111111111111 success
[2022-02-12T07:55:38.914354000Z DEBUG solana_program_runtime::stable_log] Program 11111111111111111111111111111111 invoke [1]
[2022-02-12T07:55:38.914398000Z DEBUG solana_program_runtime::stable_log] Program 11111111111111111111111111111111 success
[2022-02-12T07:55:38.914456000Z DEBUG solana_program_runtime::stable_log] Program 11111111111111111111111111111111 invoke [1]
[2022-02-12T07:55:38.914508000Z DEBUG solana_program_runtime::stable_log] Program 11111111111111111111111111111111 success
[2022-02-12T07:55:38.922801000Z DEBUG solana_program_runtime::stable_log] Program 11111111111111111111111111111111 invoke [1]
[2022-02-12T07:55:38.922878000Z DEBUG solana_program_runtime::stable_log] Program 11111111111111111111111111111111 success
[2022-02-12T07:55:38.923828000Z DEBUG solana_program_runtime::stable_log] Program YEGAxog9gxiGXxo538aAQxq55XAebpFfwU72ZUxmSHm invoke [1]
[2022-02-12T07:55:38.929119000Z DEBUG solana_bpf_loader_program] Program YEGAxog9gxiGXxo538aAQxq55XAebpFfwU72ZUxmSHm consumed 13647 of 200000 compute units
[2022-02-12T07:55:38.929317000Z DEBUG solana_program_runtime::stable_log] Program YEGAxog9gxiGXxo538aAQxq55XAebpFfwU72ZUxmSHm success
[2022-02-12T07:55:38.930775000Z DEBUG solana_program_runtime::stable_log] Program TokenkegQfeZyiNwAJbNbGKPFXCWuBvf9Ss623VQ5DA invoke [1]
[2022-02-12T07:55:38.931285000Z DEBUG solana_program_runtime::stable_log] Program log: Instruction: InitializeAccount
[2022-02-12T07:55:38.932302000Z DEBUG solana_bpf_loader_program] Program TokenkegQfeZyiNwAJbNbGKPFXCWuBvf9Ss623VQ5DA consumed 3411 of 200000 compute units
[2022-02-12T07:55:38.932377000Z DEBUG solana_program_runtime::stable_log] Program TokenkegQfeZyiNwAJbNbGKPFXCWuBvf9Ss623VQ5DA success
[2022-02-12T07:55:38.935623000Z DEBUG solana_program_runtime::stable_log] Program 11111111111111111111111111111111 invoke [1]
[2022-02-12T07:55:38.935676000Z DEBUG solana_program_runtime::stable_log] Program 11111111111111111111111111111111 success
[2022-02-12T07:55:38.935811000Z DEBUG solana_program_runtime::stable_log] Program 11111111111111111111111111111111 invoke [1]
[2022-02-12T07:55:38.935881000Z DEBUG solana_program_runtime::stable_log] Program 11111111111111111111111111111111 success
[2022-02-12T07:55:38.936162000Z DEBUG solana_program_runtime::stable_log] Program CiDwVBFgWV9E5MvXWoLgnEgn2hK7rJikbvfWavzAQz3 invoke [1]
[2022-02-12T07:55:38.936521000Z DEBUG solana_program_runtime::stable_log] Program log: Mango: CachePrices
[2022-02-12T07:55:38.936869000Z DEBUG solana_program_runtime::stable_log] Program log: mango-log
[2022-02-12T07:55:38.937500000Z DEBUG solana_program_runtime::stable_log] Program log: ux0uSxX5tBuctzjFHW4XvZj+MxHkKkvsInzL6Ys+hkvDPt17IYHDCAEAAAAAAAAAAAAAAAEAAAAAAAAAAAAQJwAAAAAAAAAA
[2022-02-12T07:55:38.937611000Z DEBUG solana_bpf_loader_program] Program CiDwVBFgWV9E5MvXWoLgnEgn2hK7rJikbvfWavzAQz3 consumed 3669 of 200000 compute units
[2022-02-12T07:55:38.937673000Z DEBUG solana_program_runtime::stable_log] Program CiDwVBFgWV9E5MvXWoLgnEgn2hK7rJikbvfWavzAQz3 success
[2022-02-12T07:55:38.939204000Z DEBUG solana_program_runtime::stable_log] Program 11111111111111111111111111111111 invoke [1]
[2022-02-12T07:55:38.939253000Z DEBUG solana_program_runtime::stable_log] Program 11111111111111111111111111111111 success
[2022-02-12T07:55:38.943977000Z DEBUG solana_program_runtime::stable_log] Program TokenkegQfeZyiNwAJbNbGKPFXCWuBvf9Ss623VQ5DA invoke [1]
[2022-02-12T07:55:38.944500000Z DEBUG solana_program_runtime::stable_log] Program log: Instruction: InitializeAccount
[2022-02-12T07:55:38.945548000Z DEBUG solana_bpf_loader_program] Program TokenkegQfeZyiNwAJbNbGKPFXCWuBvf9Ss623VQ5DA consumed 3411 of 200000 compute units
[2022-02-12T07:55:38.945609000Z DEBUG solana_program_runtime::stable_log] Program TokenkegQfeZyiNwAJbNbGKPFXCWuBvf9Ss623VQ5DA success
[2022-02-12T07:55:38.948220000Z DEBUG solana_program_runtime::stable_log] Program CiDwVBFgWV9E5MvXWoLgnEgn2hK7rJikbvfWavzAQz3 invoke [1]
[2022-02-12T07:55:38.948618000Z DEBUG solana_program_runtime::stable_log] Program log: Mango: UpdateRootBank
[2022-02-12T07:55:38.948632000Z DEBUG solana_program_runtime::stable_log] Program 11111111111111111111111111111111 invoke [1]
[2022-02-12T07:55:38.948681000Z DEBUG solana_program_runtime::stable_log] Program 11111111111111111111111111111111 success
[2022-02-12T07:55:38.950744000Z DEBUG solana_program_runtime::stable_log] Program log: mango-log
[2022-02-12T07:55:38.950893000Z DEBUG solana_program_runtime::stable_log] Program 8opHzTAnfzRpPEx21XtnrVTX28YQuCpAjcn1PczScKh invoke [1]
[2022-02-12T07:55:38.951365000Z DEBUG solana_program_runtime::stable_log] Program log: 8HmBNKTUaLictzjFHW4XvZj+MxHkKkvsInzL6Ys+hkvDPt17IYHDCAAAAAAAAAAAAAAAAAAAQEIPAAAAAAAAAAAAAAAAAEBCDwAAAAAAAAA=
[2022-02-12T07:55:38.951497000Z DEBUG solana_bpf_loader_program] Program CiDwVBFgWV9E5MvXWoLgnEgn2hK7rJikbvfWavzAQz3 consumed 9360 of 200000 compute units
[2022-02-12T07:55:38.951553000Z DEBUG solana_program_runtime::stable_log] Program CiDwVBFgWV9E5MvXWoLgnEgn2hK7rJikbvfWavzAQz3 success
[2022-02-12T07:55:38.951578000Z DEBUG solana_program_runtime::stable_log] Program log: Mango: AddSpotMarket
[2022-02-12T07:55:38.952028000Z DEBUG solana_program_runtime::stable_log] Program 11111111111111111111111111111111 invoke [1]
[2022-02-12T07:55:38.952079000Z DEBUG solana_program_runtime::stable_log] Program 11111111111111111111111111111111 success
[2022-02-12T07:55:38.957750000Z DEBUG solana_bpf_loader_program] Program 8opHzTAnfzRpPEx21XtnrVTX28YQuCpAjcn1PczScKh consumed 20864 of 200000 compute units
[2022-02-12T07:55:38.957840000Z DEBUG solana_program_runtime::stable_log] Program 8opHzTAnfzRpPEx21XtnrVTX28YQuCpAjcn1PczScKh success
[2022-02-12T07:55:38.962547000Z DEBUG solana_program_runtime::stable_log] Program CiDwVBFgWV9E5MvXWoLgnEgn2hK7rJikbvfWavzAQz3 invoke [1]
[2022-02-12T07:55:38.962983000Z DEBUG solana_program_runtime::stable_log] Program 11111111111111111111111111111111 invoke [1]
[2022-02-12T07:55:38.963038000Z DEBUG solana_program_runtime::stable_log] Program log: Mango: UpdateFunding
[2022-02-12T07:55:38.963040000Z DEBUG solana_program_runtime::stable_log] Program 11111111111111111111111111111111 success
[2022-02-12T07:55:38.964022000Z DEBUG solana_program_runtime::stable_log] Program GcdayuLaLyrdmUu324nahyv33G5poQdLUEZ1nEytDeP invoke [1]
[2022-02-12T07:55:38.964186000Z DEBUG solana_program_runtime::stable_log] Program log: mango-log
[2022-02-12T07:55:38.964721000Z DEBUG solana_program_runtime::stable_log] Program log: Mango: AddSpotMarket
[2022-02-12T07:55:38.964809000Z DEBUG solana_program_runtime::stable_log] Program log: ta5iwCEXTXuctzjFHW4XvZj+MxHkKkvsInzL6Ys+hkvDPt17IYHDCAAAAAAAAAAAAAAAAAAAAAAAAAAAAAAAAAAAAAAAAAAAAAAAAAAAAAA=
[2022-02-12T07:55:38.964964000Z DEBUG solana_bpf_loader_program] Program CiDwVBFgWV9E5MvXWoLgnEgn2hK7rJikbvfWavzAQz3 consumed 6381 of 200000 compute units
[2022-02-12T07:55:38.965038000Z DEBUG solana_program_runtime::stable_log] Program CiDwVBFgWV9E5MvXWoLgnEgn2hK7rJikbvfWavzAQz3 success
[2022-02-12T07:55:38.970719000Z DEBUG solana_program_runtime::stable_log] Program TokenkegQfeZyiNwAJbNbGKPFXCWuBvf9Ss623VQ5DA invoke [1]
[2022-02-12T07:55:38.971065000Z DEBUG solana_bpf_loader_program] Program GcdayuLaLyrdmUu324nahyv33G5poQdLUEZ1nEytDeP consumed 20864 of 200000 compute units
[2022-02-12T07:55:38.971159000Z DEBUG solana_program_runtime::stable_log] Program GcdayuLaLyrdmUu324nahyv33G5poQdLUEZ1nEytDeP success
[2022-02-12T07:55:38.971213000Z DEBUG solana_program_runtime::stable_log] Program log: Instruction: InitializeAccount
[2022-02-12T07:55:38.972241000Z DEBUG solana_bpf_loader_program] Program TokenkegQfeZyiNwAJbNbGKPFXCWuBvf9Ss623VQ5DA consumed 3411 of 200000 compute units
[2022-02-12T07:55:38.972297000Z DEBUG solana_program_runtime::stable_log] Program TokenkegQfeZyiNwAJbNbGKPFXCWuBvf9Ss623VQ5DA success
[2022-02-12T07:55:38.975415000Z DEBUG solana_program_runtime::stable_log] Program CiDwVBFgWV9E5MvXWoLgnEgn2hK7rJikbvfWavzAQz3 invoke [1]
[2022-02-12T07:55:38.975835000Z DEBUG solana_program_runtime::stable_log] Program log: Mango: CacheRootBanks
[2022-02-12T07:55:38.975885000Z DEBUG solana_program_runtime::stable_log] Program 11111111111111111111111111111111 invoke [1]
[2022-02-12T07:55:38.975938000Z DEBUG solana_program_runtime::stable_log] Program 11111111111111111111111111111111 success
[2022-02-12T07:55:38.975963000Z DEBUG solana_program_runtime::stable_log] Program 11111111111111111111111111111111 invoke [1]
[2022-02-12T07:55:38.976029000Z DEBUG solana_program_runtime::stable_log] Program 11111111111111111111111111111111 success
[2022-02-12T07:55:38.976519000Z DEBUG solana_program_runtime::stable_log] Program log: mango-log
[2022-02-12T07:55:38.977436000Z DEBUG solana_program_runtime::stable_log] Program log: IVXYca/GfeictzjFHW4XvZj+MxHkKkvsInzL6Ys+hkvDPt17IYHDCAIAAAAAAAAAAAAAAA8AAAAAAAAAAgAAAAAAAAAAAEBCDwAAAAAAAAAAAAAAAABAQg8AAAAAAAAAAgAAAAAAAAAAAEBCDwAAAAAAAAAAAAAAAABAQg8AAAAAAAAA
[2022-02-12T07:55:38.977563000Z DEBUG solana_bpf_loader_program] Program CiDwVBFgWV9E5MvXWoLgnEgn2hK7rJikbvfWavzAQz3 consumed 5857 of 200000 compute units
[2022-02-12T07:55:38.977619000Z DEBUG solana_program_runtime::stable_log] Program CiDwVBFgWV9E5MvXWoLgnEgn2hK7rJikbvfWavzAQz3 success
[2022-02-12T07:55:38.983604000Z DEBUG solana_program_runtime::stable_log] Program TokenkegQfeZyiNwAJbNbGKPFXCWuBvf9Ss623VQ5DA invoke [1]
[2022-02-12T07:55:38.983980000Z DEBUG solana_program_runtime::stable_log] Program TokenkegQfeZyiNwAJbNbGKPFXCWuBvf9Ss623VQ5DA invoke [1]
[2022-02-12T07:55:38.984099000Z DEBUG solana_program_runtime::stable_log] Program log: Instruction: InitializeAccount
[2022-02-12T07:55:38.984497000Z DEBUG solana_program_runtime::stable_log] Program log: Instruction: InitializeAccount
[2022-02-12T07:55:38.985108000Z DEBUG solana_bpf_loader_program] Program TokenkegQfeZyiNwAJbNbGKPFXCWuBvf9Ss623VQ5DA consumed 3411 of 200000 compute units
[2022-02-12T07:55:38.985168000Z DEBUG solana_program_runtime::stable_log] Program TokenkegQfeZyiNwAJbNbGKPFXCWuBvf9Ss623VQ5DA success
[2022-02-12T07:55:38.985548000Z DEBUG solana_bpf_loader_program] Program TokenkegQfeZyiNwAJbNbGKPFXCWuBvf9Ss623VQ5DA consumed 3411 of 200000 compute units
[2022-02-12T07:55:38.985630000Z DEBUG solana_program_runtime::stable_log] Program TokenkegQfeZyiNwAJbNbGKPFXCWuBvf9Ss623VQ5DA success
[2022-02-12T07:55:38.988095000Z DEBUG solana_program_runtime::stable_log] Program CiDwVBFgWV9E5MvXWoLgnEgn2hK7rJikbvfWavzAQz3 invoke [1]
[2022-02-12T07:55:38.988444000Z DEBUG solana_program_runtime::stable_log] Program log: Mango: CachePerpMarkets
[2022-02-12T07:55:38.988854000Z DEBUG solana_program_runtime::stable_log] Program log: mango-log
[2022-02-12T07:55:38.988922000Z DEBUG solana_program_runtime::stable_log] Program 11111111111111111111111111111111 invoke [1]
[2022-02-12T07:55:38.988972000Z DEBUG solana_program_runtime::stable_log] Program 11111111111111111111111111111111 success
[2022-02-12T07:55:38.989609000Z DEBUG solana_program_runtime::stable_log] Program log: 9lt9JxCzqw6ctzjFHW4XvZj+MxHkKkvsInzL6Ys+hkvDPt17IYHDCAEAAAAAAAAAAAAAAAEAAAAAAAAAAAAAAAAAAAAAAAAAAQAAAAAAAAAAAAAAAAAAAAAAAAA=
[2022-02-12T07:55:38.989721000Z DEBUG solana_bpf_loader_program] Program CiDwVBFgWV9E5MvXWoLgnEgn2hK7rJikbvfWavzAQz3 consumed 4331 of 200000 compute units
[2022-02-12T07:55:38.989777000Z DEBUG solana_program_runtime::stable_log] Program CiDwVBFgWV9E5MvXWoLgnEgn2hK7rJikbvfWavzAQz3 success
test test_match_and_settle_spot_order ... ok
[2022-02-12T07:55:38.993756000Z DEBUG solana_program_runtime::stable_log] Program 11111111111111111111111111111111 invoke [1]
[2022-02-12T07:55:38.993828000Z DEBUG solana_program_runtime::stable_log] Program 11111111111111111111111111111111 success
[2022-02-12T07:55:38.993880000Z DEBUG solana_program_runtime::stable_log] Program 11111111111111111111111111111111 invoke [1]
[2022-02-12T07:55:38.993922000Z DEBUG solana_program_runtime::stable_log] Program 11111111111111111111111111111111 success
[2022-02-12T07:55:38.993970000Z DEBUG solana_program_runtime::stable_log] Program 11111111111111111111111111111111 invoke [1]
[2022-02-12T07:55:38.994036000Z DEBUG solana_program_runtime::stable_log] Program 11111111111111111111111111111111 success
[2022-02-12T07:55:38.994258000Z DEBUG solana_program_runtime::stable_log] Program 11111111111111111111111111111111 invoke [1]
[2022-02-12T07:55:38.994301000Z DEBUG solana_program_runtime::stable_log] Program 11111111111111111111111111111111 success
[2022-02-12T07:55:38.994364000Z DEBUG solana_program_runtime::stable_log] Program 11111111111111111111111111111111 invoke [1]
[2022-02-12T07:55:38.994410000Z DEBUG solana_program_runtime::stable_log] Program 11111111111111111111111111111111 success
[2022-02-12T07:55:38.996669000Z DEBUG solana_program_runtime::stable_log] Program TokenkegQfeZyiNwAJbNbGKPFXCWuBvf9Ss623VQ5DA invoke [1]
[2022-02-12T07:55:38.997161000Z DEBUG solana_program_runtime::stable_log] Program log: Instruction: InitializeAccount
[2022-02-12T07:55:38.998164000Z DEBUG solana_bpf_loader_program] Program TokenkegQfeZyiNwAJbNbGKPFXCWuBvf9Ss623VQ5DA consumed 3411 of 200000 compute units
[2022-02-12T07:55:38.998230000Z DEBUG solana_program_runtime::stable_log] Program TokenkegQfeZyiNwAJbNbGKPFXCWuBvf9Ss623VQ5DA success
[2022-02-12T07:55:39.003975000Z DEBUG solana_program_runtime::stable_log] Program QRSsyMWN1yHT9ir42bgNZUNZ4PdEhcSWCrL2AryKpy5 invoke [1]
[2022-02-12T07:55:39.007085000Z DEBUG solana_program_runtime::stable_log] Program 11111111111111111111111111111111 invoke [1]
[2022-02-12T07:55:39.007147000Z DEBUG solana_program_runtime::stable_log] Program 11111111111111111111111111111111 success
[2022-02-12T07:55:39.007206000Z DEBUG solana_program_runtime::stable_log] Program 11111111111111111111111111111111 invoke [1]
[2022-02-12T07:55:39.007250000Z DEBUG solana_program_runtime::stable_log] Program 11111111111111111111111111111111 success
[2022-02-12T07:55:39.007300000Z DEBUG solana_program_runtime::stable_log] Program 11111111111111111111111111111111 invoke [1]
[2022-02-12T07:55:39.007369000Z DEBUG solana_program_runtime::stable_log] Program 11111111111111111111111111111111 success
[2022-02-12T07:55:39.007597000Z DEBUG solana_program_runtime::stable_log] Program 11111111111111111111111111111111 invoke [1]
[2022-02-12T07:55:39.007642000Z DEBUG solana_program_runtime::stable_log] Program 11111111111111111111111111111111 success
[2022-02-12T07:55:39.007702000Z DEBUG solana_program_runtime::stable_log] Program 11111111111111111111111111111111 invoke [1]
[2022-02-12T07:55:39.007746000Z DEBUG solana_program_runtime::stable_log] Program 11111111111111111111111111111111 success
[2022-02-12T07:55:39.009099000Z DEBUG solana_bpf_loader_program] Program QRSsyMWN1yHT9ir42bgNZUNZ4PdEhcSWCrL2AryKpy5 consumed 13668 of 200000 compute units
[2022-02-12T07:55:39.009315000Z DEBUG solana_program_runtime::stable_log] Program QRSsyMWN1yHT9ir42bgNZUNZ4PdEhcSWCrL2AryKpy5 success
[2022-02-12T07:55:39.017208000Z DEBUG solana_program_runtime::stable_log] Program YEGAxog9gxiGXxo538aAQxq55XAebpFfwU72ZUxmSHm invoke [1]
[2022-02-12T07:55:39.019516000Z DEBUG solana_program_runtime::stable_log] Program 11111111111111111111111111111111 invoke [1]
[2022-02-12T07:55:39.019581000Z DEBUG solana_program_runtime::stable_log] Program 11111111111111111111111111111111 success
[2022-02-12T07:55:39.022345000Z DEBUG solana_bpf_loader_program] Program YEGAxog9gxiGXxo538aAQxq55XAebpFfwU72ZUxmSHm consumed 13647 of 200000 compute units
[2022-02-12T07:55:39.022462000Z DEBUG solana_program_runtime::stable_log] Program YEGAxog9gxiGXxo538aAQxq55XAebpFfwU72ZUxmSHm success
[2022-02-12T07:55:39.027598000Z DEBUG solana_program_runtime::stable_log] Program TokenkegQfeZyiNwAJbNbGKPFXCWuBvf9Ss623VQ5DA invoke [1]
[2022-02-12T07:55:39.028097000Z DEBUG solana_program_runtime::stable_log] Program log: Instruction: InitializeAccount
[2022-02-12T07:55:39.029144000Z DEBUG solana_bpf_loader_program] Program TokenkegQfeZyiNwAJbNbGKPFXCWuBvf9Ss623VQ5DA consumed 3411 of 200000 compute units
[2022-02-12T07:55:39.029205000Z DEBUG solana_program_runtime::stable_log] Program TokenkegQfeZyiNwAJbNbGKPFXCWuBvf9Ss623VQ5DA success
[2022-02-12T07:55:39.031431000Z DEBUG solana_program_runtime::stable_log] Program 11111111111111111111111111111111 invoke [1]
[2022-02-12T07:55:39.031491000Z DEBUG solana_program_runtime::stable_log] Program 11111111111111111111111111111111 success
[2022-02-12T07:55:39.032338000Z DEBUG solana_program_runtime::stable_log] Program 11111111111111111111111111111111 invoke [1]
[2022-02-12T07:55:39.032391000Z DEBUG solana_program_runtime::stable_log] Program 11111111111111111111111111111111 success
[2022-02-12T07:55:39.035976000Z DEBUG solana_program_runtime::stable_log] Program 11111111111111111111111111111111 invoke [1]
[2022-02-12T07:55:39.036030000Z DEBUG solana_program_runtime::stable_log] Program 11111111111111111111111111111111 success
[2022-02-12T07:55:39.039491000Z DEBUG solana_program_runtime::stable_log] Program TokenkegQfeZyiNwAJbNbGKPFXCWuBvf9Ss623VQ5DA invoke [1]
[2022-02-12T07:55:39.040035000Z DEBUG solana_program_runtime::stable_log] Program log: Instruction: InitializeAccount
[2022-02-12T07:55:39.041092000Z DEBUG solana_bpf_loader_program] Program TokenkegQfeZyiNwAJbNbGKPFXCWuBvf9Ss623VQ5DA consumed 3411 of 200000 compute units
[2022-02-12T07:55:39.041155000Z DEBUG solana_program_runtime::stable_log] Program TokenkegQfeZyiNwAJbNbGKPFXCWuBvf9Ss623VQ5DA success
[2022-02-12T07:55:39.044401000Z DEBUG solana_program_runtime::stable_log] Program 11111111111111111111111111111111 invoke [1]
[2022-02-12T07:55:39.044466000Z DEBUG solana_program_runtime::stable_log] Program 11111111111111111111111111111111 success
[2022-02-12T07:55:39.047848000Z DEBUG solana_program_runtime::stable_log] Program 11111111111111111111111111111111 invoke [1]
[2022-02-12T07:55:39.047903000Z DEBUG solana_program_runtime::stable_log] Program 11111111111111111111111111111111 success
[2022-02-12T07:55:39.048061000Z DEBUG solana_program_runtime::stable_log] Program 8opHzTAnfzRpPEx21XtnrVTX28YQuCpAjcn1PczScKh invoke [1]
[2022-02-12T07:55:39.048764000Z DEBUG solana_program_runtime::stable_log] Program log: Mango: AddSpotMarket
[2022-02-12T07:55:39.055131000Z DEBUG solana_bpf_loader_program] Program 8opHzTAnfzRpPEx21XtnrVTX28YQuCpAjcn1PczScKh consumed 20903 of 200000 compute units
[2022-02-12T07:55:39.055225000Z DEBUG solana_program_runtime::stable_log] Program 8opHzTAnfzRpPEx21XtnrVTX28YQuCpAjcn1PczScKh success
[2022-02-12T07:55:39.059646000Z DEBUG solana_program_runtime::stable_log] Program 11111111111111111111111111111111 invoke [1]
[2022-02-12T07:55:39.059700000Z DEBUG solana_program_runtime::stable_log] Program 11111111111111111111111111111111 success
[2022-02-12T07:55:39.059780000Z DEBUG solana_program_runtime::stable_log] Program GcdayuLaLyrdmUu324nahyv33G5poQdLUEZ1nEytDeP invoke [1]
[2022-02-12T07:55:39.060466000Z DEBUG solana_program_runtime::stable_log] Program log: Mango: AddSpotMarket
[2022-02-12T07:55:39.066621000Z DEBUG solana_bpf_loader_program] Program GcdayuLaLyrdmUu324nahyv33G5poQdLUEZ1nEytDeP consumed 20903 of 200000 compute units
[2022-02-12T07:55:39.066702000Z DEBUG solana_program_runtime::stable_log] Program GcdayuLaLyrdmUu324nahyv33G5poQdLUEZ1nEytDeP success
[2022-02-12T07:55:39.067347000Z DEBUG solana_program_runtime::stable_log] Program TokenkegQfeZyiNwAJbNbGKPFXCWuBvf9Ss623VQ5DA invoke [1]
[2022-02-12T07:55:39.067838000Z DEBUG solana_program_runtime::stable_log] Program log: Instruction: InitializeAccount
[2022-02-12T07:55:39.068840000Z DEBUG solana_bpf_loader_program] Program TokenkegQfeZyiNwAJbNbGKPFXCWuBvf9Ss623VQ5DA consumed 3411 of 200000 compute units
[2022-02-12T07:55:39.068897000Z DEBUG solana_program_runtime::stable_log] Program TokenkegQfeZyiNwAJbNbGKPFXCWuBvf9Ss623VQ5DA success
[2022-02-12T07:55:39.071697000Z DEBUG solana_program_runtime::stable_log] Program 11111111111111111111111111111111 invoke [1]
[2022-02-12T07:55:39.071761000Z DEBUG solana_program_runtime::stable_log] Program 11111111111111111111111111111111 success
[2022-02-12T07:55:39.072654000Z DEBUG solana_program_runtime::stable_log] Program 11111111111111111111111111111111 invoke [1]
[2022-02-12T07:55:39.072707000Z DEBUG solana_program_runtime::stable_log] Program 11111111111111111111111111111111 success
[2022-02-12T07:55:39.079710000Z DEBUG solana_program_runtime::stable_log] Program TokenkegQfeZyiNwAJbNbGKPFXCWuBvf9Ss623VQ5DA invoke [1]
[2022-02-12T07:55:39.080223000Z DEBUG solana_program_runtime::stable_log] Program log: Instruction: InitializeAccount
[2022-02-12T07:55:39.080632000Z DEBUG solana_program_runtime::stable_log] Program TokenkegQfeZyiNwAJbNbGKPFXCWuBvf9Ss623VQ5DA invoke [1]
[2022-02-12T07:55:39.081145000Z DEBUG solana_program_runtime::stable_log] Program log: Instruction: InitializeAccount
[2022-02-12T07:55:39.081262000Z DEBUG solana_bpf_loader_program] Program TokenkegQfeZyiNwAJbNbGKPFXCWuBvf9Ss623VQ5DA consumed 3411 of 200000 compute units
[2022-02-12T07:55:39.081327000Z DEBUG solana_program_runtime::stable_log] Program TokenkegQfeZyiNwAJbNbGKPFXCWuBvf9Ss623VQ5DA success
[2022-02-12T07:55:39.082198000Z DEBUG solana_bpf_loader_program] Program TokenkegQfeZyiNwAJbNbGKPFXCWuBvf9Ss623VQ5DA consumed 3411 of 200000 compute units
[2022-02-12T07:55:39.082260000Z DEBUG solana_program_runtime::stable_log] Program TokenkegQfeZyiNwAJbNbGKPFXCWuBvf9Ss623VQ5DA success
[2022-02-12T07:55:39.084500000Z DEBUG solana_program_runtime::stable_log] Program 11111111111111111111111111111111 invoke [1]
[2022-02-12T07:55:39.084554000Z DEBUG solana_program_runtime::stable_log] Program 11111111111111111111111111111111 success
[2022-02-12T07:55:39.090325000Z DEBUG solana_program_runtime::stable_log] Program 11111111111111111111111111111111 invoke [1]
[2022-02-12T07:55:39.090376000Z DEBUG solana_program_runtime::stable_log] Program 11111111111111111111111111111111 success
[2022-02-12T07:55:39.090427000Z DEBUG solana_program_runtime::stable_log] Program 11111111111111111111111111111111 invoke [1]
[2022-02-12T07:55:39.090468000Z DEBUG solana_program_runtime::stable_log] Program 11111111111111111111111111111111 success
[2022-02-12T07:55:39.090519000Z DEBUG solana_program_runtime::stable_log] Program 11111111111111111111111111111111 invoke [1]
[2022-02-12T07:55:39.090586000Z DEBUG solana_program_runtime::stable_log] Program 11111111111111111111111111111111 success
[2022-02-12T07:55:39.090807000Z DEBUG solana_program_runtime::stable_log] Program 11111111111111111111111111111111 invoke [1]
[2022-02-12T07:55:39.090855000Z DEBUG solana_program_runtime::stable_log] Program 11111111111111111111111111111111 success
[2022-02-12T07:55:39.090913000Z DEBUG solana_program_runtime::stable_log] Program 11111111111111111111111111111111 invoke [1]
[2022-02-12T07:55:39.090957000Z DEBUG solana_program_runtime::stable_log] Program 11111111111111111111111111111111 success
[2022-02-12T07:55:39.092179000Z DEBUG solana_program_runtime::stable_log] Program TokenkegQfeZyiNwAJbNbGKPFXCWuBvf9Ss623VQ5DA invoke [1]
[2022-02-12T07:55:39.092669000Z DEBUG solana_program_runtime::stable_log] Program log: Instruction: InitializeAccount
[2022-02-12T07:55:39.093667000Z DEBUG solana_bpf_loader_program] Program TokenkegQfeZyiNwAJbNbGKPFXCWuBvf9Ss623VQ5DA consumed 3411 of 200000 compute units
[2022-02-12T07:55:39.093721000Z DEBUG solana_program_runtime::stable_log] Program TokenkegQfeZyiNwAJbNbGKPFXCWuBvf9Ss623VQ5DA success
[2022-02-12T07:55:39.100313000Z DEBUG solana_program_runtime::stable_log] Program QRSsyMWN1yHT9ir42bgNZUNZ4PdEhcSWCrL2AryKpy5 invoke [1]
[2022-02-12T07:55:39.102425000Z DEBUG solana_program_runtime::stable_log] Program 11111111111111111111111111111111 invoke [1]
[2022-02-12T07:55:39.102482000Z DEBUG solana_program_runtime::stable_log] Program 11111111111111111111111111111111 success
[2022-02-12T07:55:39.102536000Z DEBUG solana_program_runtime::stable_log] Program 11111111111111111111111111111111 invoke [1]
[2022-02-12T07:55:39.102579000Z DEBUG solana_program_runtime::stable_log] Program 11111111111111111111111111111111 success
[2022-02-12T07:55:39.102628000Z DEBUG solana_program_runtime::stable_log] Program 11111111111111111111111111111111 invoke [1]
[2022-02-12T07:55:39.102705000Z DEBUG solana_program_runtime::stable_log] Program 11111111111111111111111111111111 success
[2022-02-12T07:55:39.102934000Z DEBUG solana_program_runtime::stable_log] Program 11111111111111111111111111111111 invoke [1]
[2022-02-12T07:55:39.102978000Z DEBUG solana_program_runtime::stable_log] Program 11111111111111111111111111111111 success
[2022-02-12T07:55:39.103037000Z DEBUG solana_program_runtime::stable_log] Program 11111111111111111111111111111111 invoke [1]
[2022-02-12T07:55:39.103082000Z DEBUG solana_program_runtime::stable_log] Program 11111111111111111111111111111111 success
[2022-02-12T07:55:39.105422000Z DEBUG solana_bpf_loader_program] Program QRSsyMWN1yHT9ir42bgNZUNZ4PdEhcSWCrL2AryKpy5 consumed 13668 of 200000 compute units
[2022-02-12T07:55:39.105536000Z DEBUG solana_program_runtime::stable_log] Program QRSsyMWN1yHT9ir42bgNZUNZ4PdEhcSWCrL2AryKpy5 success
[2022-02-12T07:55:39.112552000Z DEBUG solana_program_runtime::stable_log] Program YEGAxog9gxiGXxo538aAQxq55XAebpFfwU72ZUxmSHm invoke [1]
[2022-02-12T07:55:39.114922000Z DEBUG solana_program_runtime::stable_log] Program 11111111111111111111111111111111 invoke [1]
[2022-02-12T07:55:39.114988000Z DEBUG solana_program_runtime::stable_log] Program 11111111111111111111111111111111 success
[2022-02-12T07:55:39.117662000Z DEBUG solana_bpf_loader_program] Program YEGAxog9gxiGXxo538aAQxq55XAebpFfwU72ZUxmSHm consumed 13647 of 200000 compute units
[2022-02-12T07:55:39.117817000Z DEBUG solana_program_runtime::stable_log] Program YEGAxog9gxiGXxo538aAQxq55XAebpFfwU72ZUxmSHm success
[2022-02-12T07:55:39.122977000Z DEBUG solana_program_runtime::stable_log] Program TokenkegQfeZyiNwAJbNbGKPFXCWuBvf9Ss623VQ5DA invoke [1]
[2022-02-12T07:55:39.123496000Z DEBUG solana_program_runtime::stable_log] Program log: Instruction: InitializeAccount
[2022-02-12T07:55:39.124462000Z DEBUG solana_program_runtime::stable_log] Program 11111111111111111111111111111111 invoke [1]
[2022-02-12T07:55:39.124512000Z DEBUG solana_program_runtime::stable_log] Program 11111111111111111111111111111111 success
[2022-02-12T07:55:39.124551000Z DEBUG solana_bpf_loader_program] Program TokenkegQfeZyiNwAJbNbGKPFXCWuBvf9Ss623VQ5DA consumed 3411 of 200000 compute units
[2022-02-12T07:55:39.124616000Z DEBUG solana_program_runtime::stable_log] Program TokenkegQfeZyiNwAJbNbGKPFXCWuBvf9Ss623VQ5DA success
[2022-02-12T07:55:39.128434000Z DEBUG solana_program_runtime::stable_log] Program 11111111111111111111111111111111 invoke [1]
[2022-02-12T07:55:39.128489000Z DEBUG solana_program_runtime::stable_log] Program 11111111111111111111111111111111 success
[2022-02-12T07:55:39.132463000Z DEBUG solana_program_runtime::stable_log] Program TokenkegQfeZyiNwAJbNbGKPFXCWuBvf9Ss623VQ5DA invoke [1]
[2022-02-12T07:55:39.132933000Z DEBUG solana_program_runtime::stable_log] Program 11111111111111111111111111111111 invoke [1]
[2022-02-12T07:55:39.132983000Z DEBUG solana_program_runtime::stable_log] Program log: Instruction: InitializeAccount
[2022-02-12T07:55:39.132985000Z DEBUG solana_program_runtime::stable_log] Program 11111111111111111111111111111111 success
[2022-02-12T07:55:39.134026000Z DEBUG solana_bpf_loader_program] Program TokenkegQfeZyiNwAJbNbGKPFXCWuBvf9Ss623VQ5DA consumed 3411 of 200000 compute units
[2022-02-12T07:55:39.134083000Z DEBUG solana_program_runtime::stable_log] Program TokenkegQfeZyiNwAJbNbGKPFXCWuBvf9Ss623VQ5DA success
[2022-02-12T07:55:39.137274000Z DEBUG solana_program_runtime::stable_log] Program 11111111111111111111111111111111 invoke [1]
[2022-02-12T07:55:39.137326000Z DEBUG solana_program_runtime::stable_log] Program 11111111111111111111111111111111 success
[2022-02-12T07:55:39.140823000Z DEBUG solana_program_runtime::stable_log] Program 11111111111111111111111111111111 invoke [1]
[2022-02-12T07:55:39.140892000Z DEBUG solana_program_runtime::stable_log] Program 11111111111111111111111111111111 success
[2022-02-12T07:55:39.144887000Z DEBUG solana_program_runtime::stable_log] Program 8opHzTAnfzRpPEx21XtnrVTX28YQuCpAjcn1PczScKh invoke [1]
[2022-02-12T07:55:39.145606000Z DEBUG solana_program_runtime::stable_log] Program log: Mango: AddSpotMarket
[2022-02-12T07:55:39.151970000Z DEBUG solana_bpf_loader_program] Program 8opHzTAnfzRpPEx21XtnrVTX28YQuCpAjcn1PczScKh consumed 20942 of 200000 compute units
[2022-02-12T07:55:39.152061000Z DEBUG solana_program_runtime::stable_log] Program 8opHzTAnfzRpPEx21XtnrVTX28YQuCpAjcn1PczScKh success
[2022-02-12T07:55:39.152810000Z DEBUG solana_program_runtime::stable_log] Program GcdayuLaLyrdmUu324nahyv33G5poQdLUEZ1nEytDeP invoke [1]
[2022-02-12T07:55:39.153507000Z DEBUG solana_program_runtime::stable_log] Program log: Mango: AddSpotMarket
[2022-02-12T07:55:39.157014000Z DEBUG solana_program_runtime::stable_log] Program 11111111111111111111111111111111 invoke [1]
[2022-02-12T07:55:39.157067000Z DEBUG solana_program_runtime::stable_log] Program 11111111111111111111111111111111 success
[2022-02-12T07:55:39.159863000Z DEBUG solana_bpf_loader_program] Program GcdayuLaLyrdmUu324nahyv33G5poQdLUEZ1nEytDeP consumed 20942 of 200000 compute units
[2022-02-12T07:55:39.159953000Z DEBUG solana_program_runtime::stable_log] Program GcdayuLaLyrdmUu324nahyv33G5poQdLUEZ1nEytDeP success
[2022-02-12T07:55:39.164725000Z DEBUG solana_program_runtime::stable_log] Program 11111111111111111111111111111111 invoke [1]
[2022-02-12T07:55:39.164782000Z DEBUG solana_program_runtime::stable_log] Program 11111111111111111111111111111111 success
[2022-02-12T07:55:39.165032000Z DEBUG solana_program_runtime::stable_log] Program TokenkegQfeZyiNwAJbNbGKPFXCWuBvf9Ss623VQ5DA invoke [1]
[2022-02-12T07:55:39.165539000Z DEBUG solana_program_runtime::stable_log] Program log: Instruction: InitializeAccount
[2022-02-12T07:55:39.166573000Z DEBUG solana_bpf_loader_program] Program TokenkegQfeZyiNwAJbNbGKPFXCWuBvf9Ss623VQ5DA consumed 3411 of 200000 compute units
[2022-02-12T07:55:39.166632000Z DEBUG solana_program_runtime::stable_log] Program TokenkegQfeZyiNwAJbNbGKPFXCWuBvf9Ss623VQ5DA success
[2022-02-12T07:55:39.169976000Z DEBUG solana_program_runtime::stable_log] Program 11111111111111111111111111111111 invoke [1]
[2022-02-12T07:55:39.170033000Z DEBUG solana_program_runtime::stable_log] Program 11111111111111111111111111111111 success
[2022-02-12T07:55:39.172706000Z DEBUG solana_program_runtime::stable_log] Program TokenkegQfeZyiNwAJbNbGKPFXCWuBvf9Ss623VQ5DA invoke [1]
[2022-02-12T07:55:39.173217000Z DEBUG solana_program_runtime::stable_log] Program log: Instruction: InitializeAccount
[2022-02-12T07:55:39.174254000Z DEBUG solana_bpf_loader_program] Program TokenkegQfeZyiNwAJbNbGKPFXCWuBvf9Ss623VQ5DA consumed 3411 of 200000 compute units
[2022-02-12T07:55:39.174312000Z DEBUG solana_program_runtime::stable_log] Program TokenkegQfeZyiNwAJbNbGKPFXCWuBvf9Ss623VQ5DA success
[2022-02-12T07:55:39.177670000Z DEBUG solana_program_runtime::stable_log] Program 11111111111111111111111111111111 invoke [1]
[2022-02-12T07:55:39.177723000Z DEBUG solana_program_runtime::stable_log] Program 11111111111111111111111111111111 success
[2022-02-12T07:55:39.177936000Z DEBUG solana_program_runtime::stable_log] Program TokenkegQfeZyiNwAJbNbGKPFXCWuBvf9Ss623VQ5DA invoke [1]
[2022-02-12T07:55:39.178440000Z DEBUG solana_program_runtime::stable_log] Program log: Instruction: InitializeAccount
[2022-02-12T07:55:39.179480000Z DEBUG solana_bpf_loader_program] Program TokenkegQfeZyiNwAJbNbGKPFXCWuBvf9Ss623VQ5DA consumed 3411 of 200000 compute units
[2022-02-12T07:55:39.179535000Z DEBUG solana_program_runtime::stable_log] Program TokenkegQfeZyiNwAJbNbGKPFXCWuBvf9Ss623VQ5DA success
[2022-02-12T07:55:39.185661000Z DEBUG solana_program_runtime::stable_log] Program TokenkegQfeZyiNwAJbNbGKPFXCWuBvf9Ss623VQ5DA invoke [1]
[2022-02-12T07:55:39.186163000Z DEBUG solana_program_runtime::stable_log] Program log: Instruction: InitializeAccount
[2022-02-12T07:55:39.187196000Z DEBUG solana_bpf_loader_program] Program TokenkegQfeZyiNwAJbNbGKPFXCWuBvf9Ss623VQ5DA consumed 3411 of 200000 compute units
[2022-02-12T07:55:39.187251000Z DEBUG solana_program_runtime::stable_log] Program TokenkegQfeZyiNwAJbNbGKPFXCWuBvf9Ss623VQ5DA success
[2022-02-12T07:55:39.187834000Z DEBUG solana_program_runtime::stable_log] Program 11111111111111111111111111111111 invoke [1]
[2022-02-12T07:55:39.187888000Z DEBUG solana_program_runtime::stable_log] Program 11111111111111111111111111111111 success
[2022-02-12T07:55:39.187940000Z DEBUG solana_program_runtime::stable_log] Program 11111111111111111111111111111111 invoke [1]
[2022-02-12T07:55:39.187984000Z DEBUG solana_program_runtime::stable_log] Program 11111111111111111111111111111111 success
[2022-02-12T07:55:39.188033000Z DEBUG solana_program_runtime::stable_log] Program 11111111111111111111111111111111 invoke [1]
[2022-02-12T07:55:39.188102000Z DEBUG solana_program_runtime::stable_log] Program 11111111111111111111111111111111 success
[2022-02-12T07:55:39.188331000Z DEBUG solana_program_runtime::stable_log] Program 11111111111111111111111111111111 invoke [1]
[2022-02-12T07:55:39.188384000Z DEBUG solana_program_runtime::stable_log] Program 11111111111111111111111111111111 success
[2022-02-12T07:55:39.188444000Z DEBUG solana_program_runtime::stable_log] Program 11111111111111111111111111111111 invoke [1]
[2022-02-12T07:55:39.188488000Z DEBUG solana_program_runtime::stable_log] Program 11111111111111111111111111111111 success
[2022-02-12T07:55:39.195576000Z DEBUG solana_program_runtime::stable_log] Program 11111111111111111111111111111111 invoke [1]
[2022-02-12T07:55:39.195635000Z DEBUG solana_program_runtime::stable_log] Program 11111111111111111111111111111111 success
[2022-02-12T07:55:39.195687000Z DEBUG solana_program_runtime::stable_log] Program 11111111111111111111111111111111 invoke [1]
[2022-02-12T07:55:39.195733000Z DEBUG solana_program_runtime::stable_log] Program 11111111111111111111111111111111 success
[2022-02-12T07:55:39.195782000Z DEBUG solana_program_runtime::stable_log] Program 11111111111111111111111111111111 invoke [1]
[2022-02-12T07:55:39.195856000Z DEBUG solana_program_runtime::stable_log] Program 11111111111111111111111111111111 success
[2022-02-12T07:55:39.196086000Z DEBUG solana_program_runtime::stable_log] Program 11111111111111111111111111111111 invoke [1]
[2022-02-12T07:55:39.196133000Z DEBUG solana_program_runtime::stable_log] Program 11111111111111111111111111111111 success
[2022-02-12T07:55:39.196193000Z DEBUG solana_program_runtime::stable_log] Program 11111111111111111111111111111111 invoke [1]
[2022-02-12T07:55:39.196237000Z DEBUG solana_program_runtime::stable_log] Program 11111111111111111111111111111111 success
[2022-02-12T07:55:39.197943000Z DEBUG solana_program_runtime::stable_log] Program QRSsyMWN1yHT9ir42bgNZUNZ4PdEhcSWCrL2AryKpy5 invoke [1]
[2022-02-12T07:55:39.203033000Z DEBUG solana_bpf_loader_program] Program QRSsyMWN1yHT9ir42bgNZUNZ4PdEhcSWCrL2AryKpy5 consumed 13668 of 200000 compute units
[2022-02-12T07:55:39.203146000Z DEBUG solana_program_runtime::stable_log] Program QRSsyMWN1yHT9ir42bgNZUNZ4PdEhcSWCrL2AryKpy5 success
[2022-02-12T07:55:39.205663000Z DEBUG solana_program_runtime::stable_log] Program YEGAxog9gxiGXxo538aAQxq55XAebpFfwU72ZUxmSHm invoke [1]
[2022-02-12T07:55:39.210809000Z DEBUG solana_bpf_loader_program] Program YEGAxog9gxiGXxo538aAQxq55XAebpFfwU72ZUxmSHm consumed 13647 of 200000 compute units
[2022-02-12T07:55:39.210944000Z DEBUG solana_program_runtime::stable_log] Program YEGAxog9gxiGXxo538aAQxq55XAebpFfwU72ZUxmSHm success
[2022-02-12T07:55:39.211243000Z DEBUG solana_program_runtime::stable_log] Program 11111111111111111111111111111111 invoke [1]
[2022-02-12T07:55:39.211305000Z DEBUG solana_program_runtime::stable_log] Program 11111111111111111111111111111111 success
[2022-02-12T07:55:39.217604000Z DEBUG solana_program_runtime::stable_log] Program 11111111111111111111111111111111 invoke [1]
[2022-02-12T07:55:39.217667000Z DEBUG solana_program_runtime::stable_log] Program 11111111111111111111111111111111 success
[2022-02-12T07:55:39.219355000Z DEBUG solana_program_runtime::stable_log] Program TokenkegQfeZyiNwAJbNbGKPFXCWuBvf9Ss623VQ5DA invoke [1]
[2022-02-12T07:55:39.219881000Z DEBUG solana_program_runtime::stable_log] Program log: Instruction: InitializeAccount
[2022-02-12T07:55:39.220927000Z DEBUG solana_bpf_loader_program] Program TokenkegQfeZyiNwAJbNbGKPFXCWuBvf9Ss623VQ5DA consumed 3411 of 200000 compute units
[2022-02-12T07:55:39.220988000Z DEBUG solana_program_runtime::stable_log] Program TokenkegQfeZyiNwAJbNbGKPFXCWuBvf9Ss623VQ5DA success
[2022-02-12T07:55:39.224792000Z DEBUG solana_program_runtime::stable_log] Program 11111111111111111111111111111111 invoke [1]
[2022-02-12T07:55:39.224844000Z DEBUG solana_program_runtime::stable_log] Program 11111111111111111111111111111111 success
[2022-02-12T07:55:39.225681000Z DEBUG solana_program_runtime::stable_log] Program TokenkegQfeZyiNwAJbNbGKPFXCWuBvf9Ss623VQ5DA invoke [1]
[2022-02-12T07:55:39.226189000Z DEBUG solana_program_runtime::stable_log] Program log: Instruction: InitializeAccount
[2022-02-12T07:55:39.227237000Z DEBUG solana_bpf_loader_program] Program TokenkegQfeZyiNwAJbNbGKPFXCWuBvf9Ss623VQ5DA consumed 3411 of 200000 compute units
[2022-02-12T07:55:39.227297000Z DEBUG solana_program_runtime::stable_log] Program TokenkegQfeZyiNwAJbNbGKPFXCWuBvf9Ss623VQ5DA success
[2022-02-12T07:55:39.228208000Z DEBUG solana_program_runtime::stable_log] Program 11111111111111111111111111111111 invoke [1]
[2022-02-12T07:55:39.228256000Z DEBUG solana_program_runtime::stable_log] Program 11111111111111111111111111111111 success
[2022-02-12T07:55:39.231038000Z DEBUG solana_program_runtime::stable_log] Program 11111111111111111111111111111111 invoke [1]
[2022-02-12T07:55:39.231096000Z DEBUG solana_program_runtime::stable_log] Program 11111111111111111111111111111111 success
[2022-02-12T07:55:39.234521000Z DEBUG solana_program_runtime::stable_log] Program 11111111111111111111111111111111 invoke [1]
[2022-02-12T07:55:39.234577000Z DEBUG solana_program_runtime::stable_log] Program 11111111111111111111111111111111 success
[2022-02-12T07:55:39.240185000Z DEBUG solana_program_runtime::stable_log] Program 8opHzTAnfzRpPEx21XtnrVTX28YQuCpAjcn1PczScKh invoke [1]
[2022-02-12T07:55:39.240915000Z DEBUG solana_program_runtime::stable_log] Program log: Mango: AddSpotMarket
[2022-02-12T07:55:39.246487000Z DEBUG solana_program_runtime::stable_log] Program GcdayuLaLyrdmUu324nahyv33G5poQdLUEZ1nEytDeP invoke [1]
[2022-02-12T07:55:39.247181000Z DEBUG solana_program_runtime::stable_log] Program log: Mango: AddSpotMarket
[2022-02-12T07:55:39.247289000Z DEBUG solana_bpf_loader_program] Program 8opHzTAnfzRpPEx21XtnrVTX28YQuCpAjcn1PczScKh consumed 20981 of 200000 compute units
[2022-02-12T07:55:39.247385000Z DEBUG solana_program_runtime::stable_log] Program 8opHzTAnfzRpPEx21XtnrVTX28YQuCpAjcn1PczScKh success
[2022-02-12T07:55:39.252139000Z DEBUG solana_program_runtime::stable_log] Program 11111111111111111111111111111111 invoke [1]
[2022-02-12T07:55:39.252198000Z DEBUG solana_program_runtime::stable_log] Program 11111111111111111111111111111111 success
[2022-02-12T07:55:39.253572000Z DEBUG solana_bpf_loader_program] Program GcdayuLaLyrdmUu324nahyv33G5poQdLUEZ1nEytDeP consumed 20981 of 200000 compute units
[2022-02-12T07:55:39.253664000Z DEBUG solana_program_runtime::stable_log] Program GcdayuLaLyrdmUu324nahyv33G5poQdLUEZ1nEytDeP success
[2022-02-12T07:55:39.258144000Z DEBUG solana_program_runtime::stable_log] Program 11111111111111111111111111111111 invoke [1]
[2022-02-12T07:55:39.258197000Z DEBUG solana_program_runtime::stable_log] Program 11111111111111111111111111111111 success
[2022-02-12T07:55:39.259951000Z DEBUG solana_program_runtime::stable_log] Program TokenkegQfeZyiNwAJbNbGKPFXCWuBvf9Ss623VQ5DA invoke [1]
[2022-02-12T07:55:39.260450000Z DEBUG solana_program_runtime::stable_log] Program log: Instruction: InitializeAccount
[2022-02-12T07:55:39.261456000Z DEBUG solana_bpf_loader_program] Program TokenkegQfeZyiNwAJbNbGKPFXCWuBvf9Ss623VQ5DA consumed 3411 of 200000 compute units
[2022-02-12T07:55:39.261511000Z DEBUG solana_program_runtime::stable_log] Program TokenkegQfeZyiNwAJbNbGKPFXCWuBvf9Ss623VQ5DA success
[2022-02-12T07:55:39.265847000Z DEBUG solana_program_runtime::stable_log] Program TokenkegQfeZyiNwAJbNbGKPFXCWuBvf9Ss623VQ5DA invoke [1]
[2022-02-12T07:55:39.266078000Z DEBUG solana_program_runtime::stable_log] Program 11111111111111111111111111111111 invoke [1]
[2022-02-12T07:55:39.266133000Z DEBUG solana_program_runtime::stable_log] Program 11111111111111111111111111111111 success
[2022-02-12T07:55:39.266343000Z DEBUG solana_program_runtime::stable_log] Program log: Instruction: InitializeAccount
[2022-02-12T07:55:39.267348000Z DEBUG solana_bpf_loader_program] Program TokenkegQfeZyiNwAJbNbGKPFXCWuBvf9Ss623VQ5DA consumed 3411 of 200000 compute units
[2022-02-12T07:55:39.267403000Z DEBUG solana_program_runtime::stable_log] Program TokenkegQfeZyiNwAJbNbGKPFXCWuBvf9Ss623VQ5DA success
[2022-02-12T07:55:39.271153000Z DEBUG solana_program_runtime::stable_log] Program 11111111111111111111111111111111 invoke [1]
[2022-02-12T07:55:39.271215000Z DEBUG solana_program_runtime::stable_log] Program 11111111111111111111111111111111 success
[2022-02-12T07:55:39.274007000Z DEBUG solana_program_runtime::stable_log] Program TokenkegQfeZyiNwAJbNbGKPFXCWuBvf9Ss623VQ5DA invoke [1]
[2022-02-12T07:55:39.274509000Z DEBUG solana_program_runtime::stable_log] Program log: Instruction: InitializeAccount
[2022-02-12T07:55:39.275547000Z DEBUG solana_bpf_loader_program] Program TokenkegQfeZyiNwAJbNbGKPFXCWuBvf9Ss623VQ5DA consumed 3411 of 200000 compute units
[2022-02-12T07:55:39.275603000Z DEBUG solana_program_runtime::stable_log] Program TokenkegQfeZyiNwAJbNbGKPFXCWuBvf9Ss623VQ5DA success
[2022-02-12T07:55:39.279134000Z DEBUG solana_program_runtime::stable_log] Program TokenkegQfeZyiNwAJbNbGKPFXCWuBvf9Ss623VQ5DA invoke [1]
[2022-02-12T07:55:39.279648000Z DEBUG solana_program_runtime::stable_log] Program log: Instruction: InitializeAccount
[2022-02-12T07:55:39.280688000Z DEBUG solana_bpf_loader_program] Program TokenkegQfeZyiNwAJbNbGKPFXCWuBvf9Ss623VQ5DA consumed 3411 of 200000 compute units
[2022-02-12T07:55:39.280745000Z DEBUG solana_program_runtime::stable_log] Program TokenkegQfeZyiNwAJbNbGKPFXCWuBvf9Ss623VQ5DA success
[2022-02-12T07:55:39.285155000Z DEBUG solana_program_runtime::stable_log] Program 11111111111111111111111111111111 invoke [1]
[2022-02-12T07:55:39.285209000Z DEBUG solana_program_runtime::stable_log] Program 11111111111111111111111111111111 success
[2022-02-12T07:55:39.285261000Z DEBUG solana_program_runtime::stable_log] Program 11111111111111111111111111111111 invoke [1]
[2022-02-12T07:55:39.285304000Z DEBUG solana_program_runtime::stable_log] Program 11111111111111111111111111111111 success
[2022-02-12T07:55:39.285354000Z DEBUG solana_program_runtime::stable_log] Program 11111111111111111111111111111111 invoke [1]
[2022-02-12T07:55:39.285431000Z DEBUG solana_program_runtime::stable_log] Program 11111111111111111111111111111111 success
[2022-02-12T07:55:39.285663000Z DEBUG solana_program_runtime::stable_log] Program 11111111111111111111111111111111 invoke [1]
[2022-02-12T07:55:39.285708000Z DEBUG solana_program_runtime::stable_log] Program 11111111111111111111111111111111 success
[2022-02-12T07:55:39.285768000Z DEBUG solana_program_runtime::stable_log] Program 11111111111111111111111111111111 invoke [1]
[2022-02-12T07:55:39.285813000Z DEBUG solana_program_runtime::stable_log] Program 11111111111111111111111111111111 success
[2022-02-12T07:55:39.290111000Z DEBUG solana_program_runtime::stable_log] Program 11111111111111111111111111111111 invoke [1]
[2022-02-12T07:55:39.290165000Z DEBUG solana_program_runtime::stable_log] Program 11111111111111111111111111111111 success
[2022-02-12T07:55:39.290221000Z DEBUG solana_program_runtime::stable_log] Program 11111111111111111111111111111111 invoke [1]
[2022-02-12T07:55:39.290265000Z DEBUG solana_program_runtime::stable_log] Program 11111111111111111111111111111111 success
[2022-02-12T07:55:39.290315000Z DEBUG solana_program_runtime::stable_log] Program 11111111111111111111111111111111 invoke [1]
[2022-02-12T07:55:39.290388000Z DEBUG solana_program_runtime::stable_log] Program 11111111111111111111111111111111 success
[2022-02-12T07:55:39.290616000Z DEBUG solana_program_runtime::stable_log] Program 11111111111111111111111111111111 invoke [1]
[2022-02-12T07:55:39.290661000Z DEBUG solana_program_runtime::stable_log] Program 11111111111111111111111111111111 success
[2022-02-12T07:55:39.290721000Z DEBUG solana_program_runtime::stable_log] Program 11111111111111111111111111111111 invoke [1]
[2022-02-12T07:55:39.290766000Z DEBUG solana_program_runtime::stable_log] Program 11111111111111111111111111111111 success
[2022-02-12T07:55:39.295293000Z DEBUG solana_program_runtime::stable_log] Program QRSsyMWN1yHT9ir42bgNZUNZ4PdEhcSWCrL2AryKpy5 invoke [1]
[2022-02-12T07:55:39.300233000Z DEBUG solana_program_runtime::stable_log] Program YEGAxog9gxiGXxo538aAQxq55XAebpFfwU72ZUxmSHm invoke [1]
[2022-02-12T07:55:39.300406000Z DEBUG solana_bpf_loader_program] Program QRSsyMWN1yHT9ir42bgNZUNZ4PdEhcSWCrL2AryKpy5 consumed 13668 of 200000 compute units
[2022-02-12T07:55:39.300543000Z DEBUG solana_program_runtime::stable_log] Program QRSsyMWN1yHT9ir42bgNZUNZ4PdEhcSWCrL2AryKpy5 success
[2022-02-12T07:55:39.305348000Z DEBUG solana_bpf_loader_program] Program YEGAxog9gxiGXxo538aAQxq55XAebpFfwU72ZUxmSHm consumed 13647 of 200000 compute units
[2022-02-12T07:55:39.305473000Z DEBUG solana_program_runtime::stable_log] Program YEGAxog9gxiGXxo538aAQxq55XAebpFfwU72ZUxmSHm success
[2022-02-12T07:55:39.308292000Z DEBUG solana_program_runtime::stable_log] Program 11111111111111111111111111111111 invoke [1]
[2022-02-12T07:55:39.308361000Z DEBUG solana_program_runtime::stable_log] Program 11111111111111111111111111111111 success
[2022-02-12T07:55:39.312308000Z DEBUG solana_program_runtime::stable_log] Program 11111111111111111111111111111111 invoke [1]
[2022-02-12T07:55:39.312363000Z DEBUG solana_program_runtime::stable_log] Program 11111111111111111111111111111111 success
[2022-02-12T07:55:39.316438000Z DEBUG solana_program_runtime::stable_log] Program TokenkegQfeZyiNwAJbNbGKPFXCWuBvf9Ss623VQ5DA invoke [1]
[2022-02-12T07:55:39.316966000Z DEBUG solana_program_runtime::stable_log] Program log: Instruction: InitializeAccount
[2022-02-12T07:55:39.318021000Z DEBUG solana_bpf_loader_program] Program TokenkegQfeZyiNwAJbNbGKPFXCWuBvf9Ss623VQ5DA consumed 3411 of 200000 compute units
[2022-02-12T07:55:39.318082000Z DEBUG solana_program_runtime::stable_log] Program TokenkegQfeZyiNwAJbNbGKPFXCWuBvf9Ss623VQ5DA success
[2022-02-12T07:55:39.320389000Z DEBUG solana_program_runtime::stable_log] Program TokenkegQfeZyiNwAJbNbGKPFXCWuBvf9Ss623VQ5DA invoke [1]
[2022-02-12T07:55:39.320900000Z DEBUG solana_program_runtime::stable_log] Program log: Instruction: InitializeAccount
[2022-02-12T07:55:39.321970000Z DEBUG solana_bpf_loader_program] Program TokenkegQfeZyiNwAJbNbGKPFXCWuBvf9Ss623VQ5DA consumed 3411 of 200000 compute units
[2022-02-12T07:55:39.322041000Z DEBUG solana_program_runtime::stable_log] Program TokenkegQfeZyiNwAJbNbGKPFXCWuBvf9Ss623VQ5DA success
[2022-02-12T07:55:39.322413000Z DEBUG solana_program_runtime::stable_log] Program 11111111111111111111111111111111 invoke [1]
[2022-02-12T07:55:39.322464000Z DEBUG solana_program_runtime::stable_log] Program 11111111111111111111111111111111 success
[2022-02-12T07:55:39.325832000Z DEBUG solana_program_runtime::stable_log] Program 11111111111111111111111111111111 invoke [1]
[2022-02-12T07:55:39.325900000Z DEBUG solana_program_runtime::stable_log] Program 11111111111111111111111111111111 success
[2022-02-12T07:55:39.326967000Z DEBUG solana_program_runtime::stable_log] Program 11111111111111111111111111111111 invoke [1]
[2022-02-12T07:55:39.327013000Z DEBUG solana_program_runtime::stable_log] Program 11111111111111111111111111111111 success
[2022-02-12T07:55:39.330458000Z DEBUG solana_program_runtime::stable_log] Program 11111111111111111111111111111111 invoke [1]
[2022-02-12T07:55:39.330519000Z DEBUG solana_program_runtime::stable_log] Program 11111111111111111111111111111111 success
[2022-02-12T07:55:39.337886000Z DEBUG solana_program_runtime::stable_log] Program 8opHzTAnfzRpPEx21XtnrVTX28YQuCpAjcn1PczScKh invoke [1]
[2022-02-12T07:55:39.338610000Z DEBUG solana_program_runtime::stable_log] Program log: Mango: AddSpotMarket
[2022-02-12T07:55:39.342431000Z DEBUG solana_program_runtime::stable_log] Program GcdayuLaLyrdmUu324nahyv33G5poQdLUEZ1nEytDeP invoke [1]
[2022-02-12T07:55:39.343131000Z DEBUG solana_program_runtime::stable_log] Program log: Mango: AddSpotMarket
[2022-02-12T07:55:39.344984000Z DEBUG solana_bpf_loader_program] Program 8opHzTAnfzRpPEx21XtnrVTX28YQuCpAjcn1PczScKh consumed 21020 of 200000 compute units
[2022-02-12T07:55:39.345084000Z DEBUG solana_program_runtime::stable_log] Program 8opHzTAnfzRpPEx21XtnrVTX28YQuCpAjcn1PczScKh success
[2022-02-12T07:55:39.349439000Z DEBUG solana_bpf_loader_program] Program GcdayuLaLyrdmUu324nahyv33G5poQdLUEZ1nEytDeP consumed 21020 of 200000 compute units
[2022-02-12T07:55:39.349509000Z DEBUG solana_program_runtime::stable_log] Program 11111111111111111111111111111111 invoke [1]
[2022-02-12T07:55:39.349525000Z DEBUG solana_program_runtime::stable_log] Program GcdayuLaLyrdmUu324nahyv33G5poQdLUEZ1nEytDeP success
[2022-02-12T07:55:39.349560000Z DEBUG solana_program_runtime::stable_log] Program 11111111111111111111111111111111 success
[2022-02-12T07:55:39.354239000Z DEBUG solana_program_runtime::stable_log] Program 11111111111111111111111111111111 invoke [1]
[2022-02-12T07:55:39.354300000Z DEBUG solana_program_runtime::stable_log] Program 11111111111111111111111111111111 success
[2022-02-12T07:55:39.357204000Z DEBUG solana_program_runtime::stable_log] Program TokenkegQfeZyiNwAJbNbGKPFXCWuBvf9Ss623VQ5DA invoke [1]
[2022-02-12T07:55:39.357699000Z DEBUG solana_program_runtime::stable_log] Program log: Instruction: InitializeAccount
[2022-02-12T07:55:39.358702000Z DEBUG solana_bpf_loader_program] Program TokenkegQfeZyiNwAJbNbGKPFXCWuBvf9Ss623VQ5DA consumed 3411 of 200000 compute units
[2022-02-12T07:55:39.358757000Z DEBUG solana_program_runtime::stable_log] Program TokenkegQfeZyiNwAJbNbGKPFXCWuBvf9Ss623VQ5DA success
[2022-02-12T07:55:39.362091000Z DEBUG solana_program_runtime::stable_log] Program TokenkegQfeZyiNwAJbNbGKPFXCWuBvf9Ss623VQ5DA invoke [1]
[2022-02-12T07:55:39.362440000Z DEBUG solana_program_runtime::stable_log] Program 11111111111111111111111111111111 invoke [1]
[2022-02-12T07:55:39.362490000Z DEBUG solana_program_runtime::stable_log] Program 11111111111111111111111111111111 success
[2022-02-12T07:55:39.362587000Z DEBUG solana_program_runtime::stable_log] Program log: Instruction: InitializeAccount
[2022-02-12T07:55:39.363596000Z DEBUG solana_bpf_loader_program] Program TokenkegQfeZyiNwAJbNbGKPFXCWuBvf9Ss623VQ5DA consumed 3411 of 200000 compute units
[2022-02-12T07:55:39.363653000Z DEBUG solana_program_runtime::stable_log] Program TokenkegQfeZyiNwAJbNbGKPFXCWuBvf9Ss623VQ5DA success
[2022-02-12T07:55:39.367013000Z DEBUG solana_program_runtime::stable_log] Program 11111111111111111111111111111111 invoke [1]
[2022-02-12T07:55:39.367061000Z DEBUG solana_program_runtime::stable_log] Program 11111111111111111111111111111111 success
[2022-02-12T07:55:39.370118000Z DEBUG solana_program_runtime::stable_log] Program TokenkegQfeZyiNwAJbNbGKPFXCWuBvf9Ss623VQ5DA invoke [1]
[2022-02-12T07:55:39.370610000Z DEBUG solana_program_runtime::stable_log] Program log: Instruction: InitializeAccount
[2022-02-12T07:55:39.371606000Z DEBUG solana_bpf_loader_program] Program TokenkegQfeZyiNwAJbNbGKPFXCWuBvf9Ss623VQ5DA consumed 3411 of 200000 compute units
[2022-02-12T07:55:39.371662000Z DEBUG solana_program_runtime::stable_log] Program TokenkegQfeZyiNwAJbNbGKPFXCWuBvf9Ss623VQ5DA success
[2022-02-12T07:55:39.374823000Z DEBUG solana_program_runtime::stable_log] Program TokenkegQfeZyiNwAJbNbGKPFXCWuBvf9Ss623VQ5DA invoke [1]
[2022-02-12T07:55:39.375339000Z DEBUG solana_program_runtime::stable_log] Program log: Instruction: InitializeAccount
[2022-02-12T07:55:39.376375000Z DEBUG solana_bpf_loader_program] Program TokenkegQfeZyiNwAJbNbGKPFXCWuBvf9Ss623VQ5DA consumed 3411 of 200000 compute units
[2022-02-12T07:55:39.376430000Z DEBUG solana_program_runtime::stable_log] Program TokenkegQfeZyiNwAJbNbGKPFXCWuBvf9Ss623VQ5DA success
[2022-02-12T07:55:39.380269000Z DEBUG solana_program_runtime::stable_log] Program 11111111111111111111111111111111 invoke [1]
[2022-02-12T07:55:39.380324000Z DEBUG solana_program_runtime::stable_log] Program 11111111111111111111111111111111 success
[2022-02-12T07:55:39.380376000Z DEBUG solana_program_runtime::stable_log] Program 11111111111111111111111111111111 invoke [1]
[2022-02-12T07:55:39.380419000Z DEBUG solana_program_runtime::stable_log] Program 11111111111111111111111111111111 success
[2022-02-12T07:55:39.380471000Z DEBUG solana_program_runtime::stable_log] Program 11111111111111111111111111111111 invoke [1]
[2022-02-12T07:55:39.380543000Z DEBUG solana_program_runtime::stable_log] Program 11111111111111111111111111111111 success
[2022-02-12T07:55:39.380773000Z DEBUG solana_program_runtime::stable_log] Program 11111111111111111111111111111111 invoke [1]
[2022-02-12T07:55:39.380822000Z DEBUG solana_program_runtime::stable_log] Program 11111111111111111111111111111111 success
[2022-02-12T07:55:39.380882000Z DEBUG solana_program_runtime::stable_log] Program 11111111111111111111111111111111 invoke [1]
[2022-02-12T07:55:39.380927000Z DEBUG solana_program_runtime::stable_log] Program 11111111111111111111111111111111 success
[2022-02-12T07:55:39.384856000Z DEBUG solana_program_runtime::stable_log] Program 11111111111111111111111111111111 invoke [1]
[2022-02-12T07:55:39.384912000Z DEBUG solana_program_runtime::stable_log] Program 11111111111111111111111111111111 success
[2022-02-12T07:55:39.384964000Z DEBUG solana_program_runtime::stable_log] Program 11111111111111111111111111111111 invoke [1]
[2022-02-12T07:55:39.385007000Z DEBUG solana_program_runtime::stable_log] Program 11111111111111111111111111111111 success
[2022-02-12T07:55:39.385058000Z DEBUG solana_program_runtime::stable_log] Program 11111111111111111111111111111111 invoke [1]
[2022-02-12T07:55:39.385127000Z DEBUG solana_program_runtime::stable_log] Program 11111111111111111111111111111111 success
[2022-02-12T07:55:39.385359000Z DEBUG solana_program_runtime::stable_log] Program 11111111111111111111111111111111 invoke [1]
[2022-02-12T07:55:39.385405000Z DEBUG solana_program_runtime::stable_log] Program 11111111111111111111111111111111 success
[2022-02-12T07:55:39.385468000Z DEBUG solana_program_runtime::stable_log] Program 11111111111111111111111111111111 invoke [1]
[2022-02-12T07:55:39.385513000Z DEBUG solana_program_runtime::stable_log] Program 11111111111111111111111111111111 success
[2022-02-12T07:55:39.390401000Z DEBUG solana_program_runtime::stable_log] Program QRSsyMWN1yHT9ir42bgNZUNZ4PdEhcSWCrL2AryKpy5 invoke [1]
[2022-02-12T07:55:39.394949000Z DEBUG solana_program_runtime::stable_log] Program YEGAxog9gxiGXxo538aAQxq55XAebpFfwU72ZUxmSHm invoke [1]
[2022-02-12T07:55:39.395497000Z DEBUG solana_bpf_loader_program] Program QRSsyMWN1yHT9ir42bgNZUNZ4PdEhcSWCrL2AryKpy5 consumed 13668 of 200000 compute units
[2022-02-12T07:55:39.395613000Z DEBUG solana_program_runtime::stable_log] Program QRSsyMWN1yHT9ir42bgNZUNZ4PdEhcSWCrL2AryKpy5 success
[2022-02-12T07:55:39.400034000Z DEBUG solana_bpf_loader_program] Program YEGAxog9gxiGXxo538aAQxq55XAebpFfwU72ZUxmSHm consumed 13647 of 200000 compute units
[2022-02-12T07:55:39.400162000Z DEBUG solana_program_runtime::stable_log] Program YEGAxog9gxiGXxo538aAQxq55XAebpFfwU72ZUxmSHm success
[2022-02-12T07:55:39.403701000Z DEBUG solana_program_runtime::stable_log] Program 11111111111111111111111111111111 invoke [1]
[2022-02-12T07:55:39.403770000Z DEBUG solana_program_runtime::stable_log] Program 11111111111111111111111111111111 success
[2022-02-12T07:55:39.406988000Z DEBUG solana_program_runtime::stable_log] Program 11111111111111111111111111111111 invoke [1]
[2022-02-12T07:55:39.407047000Z DEBUG solana_program_runtime::stable_log] Program 11111111111111111111111111111111 success
[2022-02-12T07:55:39.411802000Z DEBUG solana_program_runtime::stable_log] Program TokenkegQfeZyiNwAJbNbGKPFXCWuBvf9Ss623VQ5DA invoke [1]
[2022-02-12T07:55:39.412324000Z DEBUG solana_program_runtime::stable_log] Program log: Instruction: InitializeAccount
[2022-02-12T07:55:39.413395000Z DEBUG solana_bpf_loader_program] Program TokenkegQfeZyiNwAJbNbGKPFXCWuBvf9Ss623VQ5DA consumed 3411 of 200000 compute units
[2022-02-12T07:55:39.413457000Z DEBUG solana_program_runtime::stable_log] Program TokenkegQfeZyiNwAJbNbGKPFXCWuBvf9Ss623VQ5DA success
[2022-02-12T07:55:39.415028000Z DEBUG solana_program_runtime::stable_log] Program TokenkegQfeZyiNwAJbNbGKPFXCWuBvf9Ss623VQ5DA invoke [1]
[2022-02-12T07:55:39.415530000Z DEBUG solana_program_runtime::stable_log] Program log: Instruction: InitializeAccount
[2022-02-12T07:55:39.416563000Z DEBUG solana_bpf_loader_program] Program TokenkegQfeZyiNwAJbNbGKPFXCWuBvf9Ss623VQ5DA consumed 3411 of 200000 compute units
[2022-02-12T07:55:39.416626000Z DEBUG solana_program_runtime::stable_log] Program TokenkegQfeZyiNwAJbNbGKPFXCWuBvf9Ss623VQ5DA success
[2022-02-12T07:55:39.417209000Z DEBUG solana_program_runtime::stable_log] Program 11111111111111111111111111111111 invoke [1]
[2022-02-12T07:55:39.417258000Z DEBUG solana_program_runtime::stable_log] Program 11111111111111111111111111111111 success
[2022-02-12T07:55:39.420386000Z DEBUG solana_program_runtime::stable_log] Program 11111111111111111111111111111111 invoke [1]
[2022-02-12T07:55:39.420442000Z DEBUG solana_program_runtime::stable_log] Program 11111111111111111111111111111111 success
[2022-02-12T07:55:39.420657000Z DEBUG solana_program_runtime::stable_log] Program 11111111111111111111111111111111 invoke [1]
[2022-02-12T07:55:39.420706000Z DEBUG solana_program_runtime::stable_log] Program 11111111111111111111111111111111 success
[2022-02-12T07:55:39.424985000Z DEBUG solana_program_runtime::stable_log] Program 11111111111111111111111111111111 invoke [1]
[2022-02-12T07:55:39.425045000Z DEBUG solana_program_runtime::stable_log] Program 11111111111111111111111111111111 success
[2022-02-12T07:55:39.432701000Z DEBUG solana_program_runtime::stable_log] Program 8opHzTAnfzRpPEx21XtnrVTX28YQuCpAjcn1PczScKh invoke [1]
[2022-02-12T07:55:39.433423000Z DEBUG solana_program_runtime::stable_log] Program log: Mango: AddSpotMarket
[2022-02-12T07:55:39.436997000Z DEBUG solana_program_runtime::stable_log] Program GcdayuLaLyrdmUu324nahyv33G5poQdLUEZ1nEytDeP invoke [1]
[2022-02-12T07:55:39.437690000Z DEBUG solana_program_runtime::stable_log] Program log: Mango: AddSpotMarket
[2022-02-12T07:55:39.439851000Z DEBUG solana_bpf_loader_program] Program 8opHzTAnfzRpPEx21XtnrVTX28YQuCpAjcn1PczScKh consumed 21059 of 200000 compute units
[2022-02-12T07:55:39.439947000Z DEBUG solana_program_runtime::stable_log] Program 8opHzTAnfzRpPEx21XtnrVTX28YQuCpAjcn1PczScKh success
[2022-02-12T07:55:39.444112000Z DEBUG solana_bpf_loader_program] Program GcdayuLaLyrdmUu324nahyv33G5poQdLUEZ1nEytDeP consumed 21059 of 200000 compute units
[2022-02-12T07:55:39.444218000Z DEBUG solana_program_runtime::stable_log] Program GcdayuLaLyrdmUu324nahyv33G5poQdLUEZ1nEytDeP success
test test_init_spot_markets ... ok
[2022-02-12T07:55:39.450542000Z DEBUG solana_program_runtime::stable_log] Program 8opHzTAnfzRpPEx21XtnrVTX28YQuCpAjcn1PczScKh invoke [1]
[2022-02-12T07:55:39.450991000Z DEBUG solana_program_runtime::stable_log] Program log: Mango: ChangeSpotMarketParams
[2022-02-12T07:55:39.455711000Z DEBUG solana_bpf_loader_program] Program 8opHzTAnfzRpPEx21XtnrVTX28YQuCpAjcn1PczScKh consumed 15818 of 200000 compute units
[2022-02-12T07:55:39.455791000Z DEBUG solana_program_runtime::stable_log] Program 8opHzTAnfzRpPEx21XtnrVTX28YQuCpAjcn1PczScKh success
test test_change_spot_market_params ... ok

test result: ok. 6 passed; 0 failed; 0 ignored; 0 measured; 0 filtered out; finished in 2.10s

     Running tests/test_update_banks.rs (target/debug/deps/test_update_banks-3e202de02321dfa6)

running 0 tests

test result: ok. 0 passed; 0 failed; 0 ignored; 0 measured; 0 filtered out; finished in 0.00s

     Running tests/test_worst_case.rs (target/debug/deps/test_worst_case-0056cd9aabf4a38f)

running 2 tests
[2022-02-12T07:55:41.067233000Z INFO  solana_program_test] "mango" BPF program from /Users/mc/repos/mango-v3/target/deploy/mango.so, modified 1 hour, 41 minutes, 5 seconds, 350 ms, 169 µs and 245 ns ago
[2022-02-12T07:55:41.067201000Z INFO  solana_program_test] "mango" BPF program from /Users/mc/repos/mango-v3/target/deploy/mango.so, modified 1 hour, 41 minutes, 5 seconds, 350 ms, 53 µs and 245 ns ago
[2022-02-12T07:55:41.067495000Z INFO  solana_program_test] "serum_dex" BPF program from tests/fixtures/serum_dex.so, modified 1 month, 3 weeks, 6 days, 18 hours, 26 minutes, 45 seconds, 404 ms, 169 µs and 382 ns ago
[2022-02-12T07:55:41.067592000Z INFO  solana_program_test] "serum_dex" BPF program from tests/fixtures/serum_dex.so, modified 1 month, 3 weeks, 6 days, 18 hours, 26 minutes, 45 seconds, 404 ms, 262 µs and 382 ns ago
[2022-02-12T07:55:41.212506000Z DEBUG solana_program_runtime::stable_log] Program 11111111111111111111111111111111 invoke [1]
[2022-02-12T07:55:41.212520000Z DEBUG solana_program_runtime::stable_log] Program 11111111111111111111111111111111 invoke [1]
[2022-02-12T07:55:41.212685000Z DEBUG solana_program_runtime::stable_log] Program 11111111111111111111111111111111 success
[2022-02-12T07:55:41.212685000Z DEBUG solana_program_runtime::stable_log] Program 11111111111111111111111111111111 success
[2022-02-12T07:55:41.216857000Z DEBUG solana_program_runtime::stable_log] Program 11111111111111111111111111111111 invoke [1]
[2022-02-12T07:55:41.216861000Z DEBUG solana_program_runtime::stable_log] Program 11111111111111111111111111111111 invoke [1]
[2022-02-12T07:55:41.216920000Z DEBUG solana_program_runtime::stable_log] Program 11111111111111111111111111111111 success
[2022-02-12T07:55:41.216928000Z DEBUG solana_program_runtime::stable_log] Program 11111111111111111111111111111111 success
[2022-02-12T07:55:41.220603000Z DEBUG solana_program_runtime::stable_log] Program 11111111111111111111111111111111 invoke [1]
[2022-02-12T07:55:41.220638000Z DEBUG solana_program_runtime::stable_log] Program 11111111111111111111111111111111 invoke [1]
[2022-02-12T07:55:41.220657000Z DEBUG solana_program_runtime::stable_log] Program 11111111111111111111111111111111 success
[2022-02-12T07:55:41.220695000Z DEBUG solana_program_runtime::stable_log] Program 11111111111111111111111111111111 success
[2022-02-12T07:55:41.243713000Z DEBUG solana_program_runtime::stable_log] Program TokenkegQfeZyiNwAJbNbGKPFXCWuBvf9Ss623VQ5DA invoke [1]
[2022-02-12T07:55:41.243746000Z DEBUG solana_program_runtime::stable_log] Program TokenkegQfeZyiNwAJbNbGKPFXCWuBvf9Ss623VQ5DA invoke [1]
[2022-02-12T07:55:41.244321000Z DEBUG solana_program_runtime::stable_log] Program log: Instruction: InitializeAccount
[2022-02-12T07:55:41.244322000Z DEBUG solana_program_runtime::stable_log] Program log: Instruction: InitializeAccount
[2022-02-12T07:55:41.245389000Z DEBUG solana_bpf_loader_program] Program TokenkegQfeZyiNwAJbNbGKPFXCWuBvf9Ss623VQ5DA consumed 3411 of 200000 compute units
[2022-02-12T07:55:41.245407000Z DEBUG solana_bpf_loader_program] Program TokenkegQfeZyiNwAJbNbGKPFXCWuBvf9Ss623VQ5DA consumed 3411 of 200000 compute units
[2022-02-12T07:55:41.245479000Z DEBUG solana_program_runtime::stable_log] Program TokenkegQfeZyiNwAJbNbGKPFXCWuBvf9Ss623VQ5DA success
[2022-02-12T07:55:41.245482000Z DEBUG solana_program_runtime::stable_log] Program TokenkegQfeZyiNwAJbNbGKPFXCWuBvf9Ss623VQ5DA success
[2022-02-12T07:55:41.248529000Z DEBUG solana_program_runtime::stable_log] Program 11111111111111111111111111111111 invoke [1]
[2022-02-12T07:55:41.248585000Z DEBUG solana_program_runtime::stable_log] Program 11111111111111111111111111111111 success
[2022-02-12T07:55:41.248675000Z DEBUG solana_program_runtime::stable_log] Program 11111111111111111111111111111111 invoke [1]
[2022-02-12T07:55:41.248759000Z DEBUG solana_program_runtime::stable_log] Program 11111111111111111111111111111111 success
[2022-02-12T07:55:41.251968000Z DEBUG solana_program_runtime::stable_log] Program 11111111111111111111111111111111 invoke [1]
[2022-02-12T07:55:41.251975000Z DEBUG solana_program_runtime::stable_log] Program 11111111111111111111111111111111 invoke [1]
[2022-02-12T07:55:41.252027000Z DEBUG solana_program_runtime::stable_log] Program 11111111111111111111111111111111 success
[2022-02-12T07:55:41.252046000Z DEBUG solana_program_runtime::stable_log] Program 11111111111111111111111111111111 success
[2022-02-12T07:55:41.256739000Z DEBUG solana_program_runtime::stable_log] Program 11111111111111111111111111111111 invoke [1]
[2022-02-12T07:55:41.256788000Z DEBUG solana_program_runtime::stable_log] Program 11111111111111111111111111111111 invoke [1]
[2022-02-12T07:55:41.256792000Z DEBUG solana_program_runtime::stable_log] Program 11111111111111111111111111111111 success
[2022-02-12T07:55:41.256843000Z DEBUG solana_program_runtime::stable_log] Program 11111111111111111111111111111111 success
[2022-02-12T07:55:41.264513000Z DEBUG solana_program_runtime::stable_log] Program TokenkegQfeZyiNwAJbNbGKPFXCWuBvf9Ss623VQ5DA invoke [1]
[2022-02-12T07:55:41.264592000Z DEBUG solana_program_runtime::stable_log] Program TokenkegQfeZyiNwAJbNbGKPFXCWuBvf9Ss623VQ5DA invoke [1]
[2022-02-12T07:55:41.265014000Z DEBUG solana_program_runtime::stable_log] Program log: Instruction: InitializeAccount
[2022-02-12T07:55:41.265114000Z DEBUG solana_program_runtime::stable_log] Program log: Instruction: InitializeAccount
[2022-02-12T07:55:41.266028000Z DEBUG solana_bpf_loader_program] Program TokenkegQfeZyiNwAJbNbGKPFXCWuBvf9Ss623VQ5DA consumed 3411 of 200000 compute units
[2022-02-12T07:55:41.266091000Z DEBUG solana_program_runtime::stable_log] Program TokenkegQfeZyiNwAJbNbGKPFXCWuBvf9Ss623VQ5DA success
[2022-02-12T07:55:41.266128000Z DEBUG solana_bpf_loader_program] Program TokenkegQfeZyiNwAJbNbGKPFXCWuBvf9Ss623VQ5DA consumed 3411 of 200000 compute units
[2022-02-12T07:55:41.266193000Z DEBUG solana_program_runtime::stable_log] Program TokenkegQfeZyiNwAJbNbGKPFXCWuBvf9Ss623VQ5DA success
[2022-02-12T07:55:41.269746000Z DEBUG solana_program_runtime::stable_log] Program 11111111111111111111111111111111 invoke [1]
[2022-02-12T07:55:41.269813000Z DEBUG solana_program_runtime::stable_log] Program 11111111111111111111111111111111 success
[2022-02-12T07:55:41.270789000Z DEBUG solana_program_runtime::stable_log] Program 11111111111111111111111111111111 invoke [1]
[2022-02-12T07:55:41.270841000Z DEBUG solana_program_runtime::stable_log] Program 11111111111111111111111111111111 success
[2022-02-12T07:55:41.277766000Z DEBUG solana_program_runtime::stable_log] Program TokenkegQfeZyiNwAJbNbGKPFXCWuBvf9Ss623VQ5DA invoke [1]
[2022-02-12T07:55:41.278290000Z DEBUG solana_program_runtime::stable_log] Program log: Instruction: InitializeAccount
[2022-02-12T07:55:41.278790000Z DEBUG solana_program_runtime::stable_log] Program TokenkegQfeZyiNwAJbNbGKPFXCWuBvf9Ss623VQ5DA invoke [1]
[2022-02-12T07:55:41.279293000Z DEBUG solana_program_runtime::stable_log] Program log: Instruction: InitializeAccount
[2022-02-12T07:55:41.279362000Z DEBUG solana_bpf_loader_program] Program TokenkegQfeZyiNwAJbNbGKPFXCWuBvf9Ss623VQ5DA consumed 3411 of 200000 compute units
[2022-02-12T07:55:41.279426000Z DEBUG solana_program_runtime::stable_log] Program TokenkegQfeZyiNwAJbNbGKPFXCWuBvf9Ss623VQ5DA success
[2022-02-12T07:55:41.280347000Z DEBUG solana_bpf_loader_program] Program TokenkegQfeZyiNwAJbNbGKPFXCWuBvf9Ss623VQ5DA consumed 3411 of 200000 compute units
[2022-02-12T07:55:41.280406000Z DEBUG solana_program_runtime::stable_log] Program TokenkegQfeZyiNwAJbNbGKPFXCWuBvf9Ss623VQ5DA success
[2022-02-12T07:55:41.283861000Z DEBUG solana_program_runtime::stable_log] Program 11111111111111111111111111111111 invoke [1]
[2022-02-12T07:55:41.283867000Z DEBUG solana_program_runtime::stable_log] Program 11111111111111111111111111111111 invoke [1]
[2022-02-12T07:55:41.283928000Z DEBUG solana_program_runtime::stable_log] Program 11111111111111111111111111111111 success
[2022-02-12T07:55:41.283967000Z DEBUG solana_program_runtime::stable_log] Program 11111111111111111111111111111111 success
[2022-02-12T07:55:41.291841000Z DEBUG solana_program_runtime::stable_log] Program TokenkegQfeZyiNwAJbNbGKPFXCWuBvf9Ss623VQ5DA invoke [1]
[2022-02-12T07:55:41.291861000Z DEBUG solana_program_runtime::stable_log] Program TokenkegQfeZyiNwAJbNbGKPFXCWuBvf9Ss623VQ5DA invoke [1]
[2022-02-12T07:55:41.292353000Z DEBUG solana_program_runtime::stable_log] Program log: Instruction: InitializeAccount
[2022-02-12T07:55:41.292372000Z DEBUG solana_program_runtime::stable_log] Program log: Instruction: InitializeAccount
[2022-02-12T07:55:41.293392000Z DEBUG solana_bpf_loader_program] Program TokenkegQfeZyiNwAJbNbGKPFXCWuBvf9Ss623VQ5DA consumed 3411 of 200000 compute units
[2022-02-12T07:55:41.293420000Z DEBUG solana_bpf_loader_program] Program TokenkegQfeZyiNwAJbNbGKPFXCWuBvf9Ss623VQ5DA consumed 3411 of 200000 compute units
[2022-02-12T07:55:41.293455000Z DEBUG solana_program_runtime::stable_log] Program TokenkegQfeZyiNwAJbNbGKPFXCWuBvf9Ss623VQ5DA success
[2022-02-12T07:55:41.293479000Z DEBUG solana_program_runtime::stable_log] Program TokenkegQfeZyiNwAJbNbGKPFXCWuBvf9Ss623VQ5DA success
[2022-02-12T07:55:41.403056000Z DEBUG solana_program_runtime::stable_log] Program 8opHzTAnfzRpPEx21XtnrVTX28YQuCpAjcn1PczScKh invoke [1]
[2022-02-12T07:55:41.403358000Z DEBUG solana_program_runtime::stable_log] Program 4uQeVj5tqViQh7yWWGStvkEG1Zmhx6uasJtWCJziofM invoke [1]
[2022-02-12T07:55:41.403981000Z DEBUG solana_program_runtime::stable_log] Program log: Mango: InitMangoGroup
[2022-02-12T07:55:41.404205000Z DEBUG solana_program_runtime::stable_log] Program log: Mango: InitMangoGroup
[2022-02-12T07:55:41.407571000Z DEBUG solana_bpf_loader_program] Program 8opHzTAnfzRpPEx21XtnrVTX28YQuCpAjcn1PczScKh consumed 13160 of 200000 compute units
[2022-02-12T07:55:41.407672000Z DEBUG solana_program_runtime::stable_log] Program 8opHzTAnfzRpPEx21XtnrVTX28YQuCpAjcn1PczScKh success
[2022-02-12T07:55:41.407680000Z DEBUG solana_bpf_loader_program] Program 4uQeVj5tqViQh7yWWGStvkEG1Zmhx6uasJtWCJziofM consumed 13160 of 200000 compute units
[2022-02-12T07:55:41.407765000Z DEBUG solana_program_runtime::stable_log] Program 4uQeVj5tqViQh7yWWGStvkEG1Zmhx6uasJtWCJziofM success
[2022-02-12T07:55:41.413719000Z DEBUG solana_program_runtime::stable_log] Program 11111111111111111111111111111111 invoke [1]
[2022-02-12T07:55:41.413719000Z DEBUG solana_program_runtime::stable_log] Program 11111111111111111111111111111111 invoke [1]
[2022-02-12T07:55:41.413798000Z DEBUG solana_program_runtime::stable_log] Program 11111111111111111111111111111111 success
[2022-02-12T07:55:41.413824000Z DEBUG solana_program_runtime::stable_log] Program 11111111111111111111111111111111 success
[2022-02-12T07:55:41.417005000Z DEBUG solana_program_runtime::stable_log] Program 11111111111111111111111111111111 invoke [1]
[2022-02-12T07:55:41.417016000Z DEBUG solana_program_runtime::stable_log] Program 11111111111111111111111111111111 invoke [1]
[2022-02-12T07:55:41.417056000Z DEBUG solana_program_runtime::stable_log] Program 11111111111111111111111111111111 success
[2022-02-12T07:55:41.417072000Z DEBUG solana_program_runtime::stable_log] Program 11111111111111111111111111111111 success
[2022-02-12T07:55:41.420408000Z DEBUG solana_program_runtime::stable_log] Program 11111111111111111111111111111111 invoke [1]
[2022-02-12T07:55:41.420471000Z DEBUG solana_program_runtime::stable_log] Program 11111111111111111111111111111111 success
[2022-02-12T07:55:41.421555000Z DEBUG solana_program_runtime::stable_log] Program 11111111111111111111111111111111 invoke [1]
[2022-02-12T07:55:41.421611000Z DEBUG solana_program_runtime::stable_log] Program 11111111111111111111111111111111 success
[2022-02-12T07:55:41.423857000Z DEBUG solana_program_runtime::stable_log] Program 11111111111111111111111111111111 invoke [1]
[2022-02-12T07:55:41.423911000Z DEBUG solana_program_runtime::stable_log] Program 11111111111111111111111111111111 success
[2022-02-12T07:55:41.424975000Z DEBUG solana_program_runtime::stable_log] Program 11111111111111111111111111111111 invoke [1]
[2022-02-12T07:55:41.425028000Z DEBUG solana_program_runtime::stable_log] Program 11111111111111111111111111111111 success
[2022-02-12T07:55:41.427318000Z DEBUG solana_program_runtime::stable_log] Program 11111111111111111111111111111111 invoke [1]
[2022-02-12T07:55:41.427373000Z DEBUG solana_program_runtime::stable_log] Program 11111111111111111111111111111111 success
[2022-02-12T07:55:41.428402000Z DEBUG solana_program_runtime::stable_log] Program 11111111111111111111111111111111 invoke [1]
[2022-02-12T07:55:41.428454000Z DEBUG solana_program_runtime::stable_log] Program 11111111111111111111111111111111 success
[2022-02-12T07:55:41.431856000Z DEBUG solana_program_runtime::stable_log] Program 11111111111111111111111111111111 invoke [1]
[2022-02-12T07:55:41.431916000Z DEBUG solana_program_runtime::stable_log] Program 11111111111111111111111111111111 success
[2022-02-12T07:55:41.431937000Z DEBUG solana_program_runtime::stable_log] Program 11111111111111111111111111111111 invoke [1]
[2022-02-12T07:55:41.431985000Z DEBUG solana_program_runtime::stable_log] Program 11111111111111111111111111111111 success
[2022-02-12T07:55:41.435255000Z DEBUG solana_program_runtime::stable_log] Program 11111111111111111111111111111111 invoke [1]
[2022-02-12T07:55:41.435253000Z DEBUG solana_program_runtime::stable_log] Program 11111111111111111111111111111111 invoke [1]
[2022-02-12T07:55:41.435313000Z DEBUG solana_program_runtime::stable_log] Program 11111111111111111111111111111111 success
[2022-02-12T07:55:41.435347000Z DEBUG solana_program_runtime::stable_log] Program 11111111111111111111111111111111 success
[2022-02-12T07:55:41.438687000Z DEBUG solana_program_runtime::stable_log] Program 11111111111111111111111111111111 invoke [1]
[2022-02-12T07:55:41.438693000Z DEBUG solana_program_runtime::stable_log] Program 11111111111111111111111111111111 invoke [1]
[2022-02-12T07:55:41.438743000Z DEBUG solana_program_runtime::stable_log] Program 11111111111111111111111111111111 success
[2022-02-12T07:55:41.438785000Z DEBUG solana_program_runtime::stable_log] Program 11111111111111111111111111111111 success
[2022-02-12T07:55:41.442077000Z DEBUG solana_program_runtime::stable_log] Program 11111111111111111111111111111111 invoke [1]
[2022-02-12T07:55:41.442099000Z DEBUG solana_program_runtime::stable_log] Program 11111111111111111111111111111111 invoke [1]
[2022-02-12T07:55:41.442131000Z DEBUG solana_program_runtime::stable_log] Program 11111111111111111111111111111111 success
[2022-02-12T07:55:41.442154000Z DEBUG solana_program_runtime::stable_log] Program 11111111111111111111111111111111 success
[2022-02-12T07:55:41.445528000Z DEBUG solana_program_runtime::stable_log] Program 11111111111111111111111111111111 invoke [1]
[2022-02-12T07:55:41.445528000Z DEBUG solana_program_runtime::stable_log] Program 11111111111111111111111111111111 invoke [1]
[2022-02-12T07:55:41.445582000Z DEBUG solana_program_runtime::stable_log] Program 11111111111111111111111111111111 success
[2022-02-12T07:55:41.445598000Z DEBUG solana_program_runtime::stable_log] Program 11111111111111111111111111111111 success
[2022-02-12T07:55:41.448888000Z DEBUG solana_program_runtime::stable_log] Program 11111111111111111111111111111111 invoke [1]
[2022-02-12T07:55:41.448898000Z DEBUG solana_program_runtime::stable_log] Program 11111111111111111111111111111111 invoke [1]
[2022-02-12T07:55:41.448939000Z DEBUG solana_program_runtime::stable_log] Program 11111111111111111111111111111111 success
[2022-02-12T07:55:41.448950000Z DEBUG solana_program_runtime::stable_log] Program 11111111111111111111111111111111 success
[2022-02-12T07:55:41.452320000Z DEBUG solana_program_runtime::stable_log] Program 11111111111111111111111111111111 invoke [1]
[2022-02-12T07:55:41.452321000Z DEBUG solana_program_runtime::stable_log] Program 11111111111111111111111111111111 invoke [1]
[2022-02-12T07:55:41.452380000Z DEBUG solana_program_runtime::stable_log] Program 11111111111111111111111111111111 success
[2022-02-12T07:55:41.452381000Z DEBUG solana_program_runtime::stable_log] Program 11111111111111111111111111111111 success
[2022-02-12T07:55:41.455750000Z DEBUG solana_program_runtime::stable_log] Program 11111111111111111111111111111111 invoke [1]
[2022-02-12T07:55:41.455750000Z DEBUG solana_program_runtime::stable_log] Program 11111111111111111111111111111111 invoke [1]
[2022-02-12T07:55:41.455801000Z DEBUG solana_program_runtime::stable_log] Program 11111111111111111111111111111111 success
[2022-02-12T07:55:41.455810000Z DEBUG solana_program_runtime::stable_log] Program 11111111111111111111111111111111 success
[2022-02-12T07:55:41.459141000Z DEBUG solana_program_runtime::stable_log] Program 11111111111111111111111111111111 invoke [1]
[2022-02-12T07:55:41.459158000Z DEBUG solana_program_runtime::stable_log] Program 11111111111111111111111111111111 invoke [1]
[2022-02-12T07:55:41.459192000Z DEBUG solana_program_runtime::stable_log] Program 11111111111111111111111111111111 success
[2022-02-12T07:55:41.459211000Z DEBUG solana_program_runtime::stable_log] Program 11111111111111111111111111111111 success
[2022-02-12T07:55:41.462561000Z DEBUG solana_program_runtime::stable_log] Program 11111111111111111111111111111111 invoke [1]
[2022-02-12T07:55:41.462568000Z DEBUG solana_program_runtime::stable_log] Program 11111111111111111111111111111111 invoke [1]
[2022-02-12T07:55:41.462620000Z DEBUG solana_program_runtime::stable_log] Program 11111111111111111111111111111111 success
[2022-02-12T07:55:41.462667000Z DEBUG solana_program_runtime::stable_log] Program 11111111111111111111111111111111 success
[2022-02-12T07:55:41.480984000Z DEBUG solana_program_runtime::stable_log] Program 8opHzTAnfzRpPEx21XtnrVTX28YQuCpAjcn1PczScKh invoke [1]
[2022-02-12T07:55:41.481096000Z DEBUG solana_program_runtime::stable_log] Program 4uQeVj5tqViQh7yWWGStvkEG1Zmhx6uasJtWCJziofM invoke [1]
[2022-02-12T07:55:41.481416000Z DEBUG solana_program_runtime::stable_log] Program log: Mango: AddOracle
[2022-02-12T07:55:41.481453000Z DEBUG solana_program_runtime::stable_log] Program log: Mango: AddOracle
[2022-02-12T07:55:41.481508000Z DEBUG solana_program_runtime::stable_log] Program log: OracleType: got unknown or stub
[2022-02-12T07:55:41.481548000Z DEBUG solana_program_runtime::stable_log] Program log: OracleType: got unknown or stub
[2022-02-12T07:55:41.481861000Z DEBUG solana_bpf_loader_program] Program 8opHzTAnfzRpPEx21XtnrVTX28YQuCpAjcn1PczScKh consumed 1865 of 200000 compute units
[2022-02-12T07:55:41.481897000Z DEBUG solana_bpf_loader_program] Program 4uQeVj5tqViQh7yWWGStvkEG1Zmhx6uasJtWCJziofM consumed 1865 of 200000 compute units
[2022-02-12T07:55:41.481934000Z DEBUG solana_program_runtime::stable_log] Program 8opHzTAnfzRpPEx21XtnrVTX28YQuCpAjcn1PczScKh success
[2022-02-12T07:55:41.481956000Z DEBUG solana_program_runtime::stable_log] Program 4uQeVj5tqViQh7yWWGStvkEG1Zmhx6uasJtWCJziofM success
[2022-02-12T07:55:41.489650000Z DEBUG solana_program_runtime::stable_log] Program 8opHzTAnfzRpPEx21XtnrVTX28YQuCpAjcn1PczScKh invoke [1]
[2022-02-12T07:55:41.489667000Z DEBUG solana_program_runtime::stable_log] Program 4uQeVj5tqViQh7yWWGStvkEG1Zmhx6uasJtWCJziofM invoke [1]
[2022-02-12T07:55:41.489981000Z DEBUG solana_program_runtime::stable_log] Program log: Mango: AddOracle
[2022-02-12T07:55:41.489997000Z DEBUG solana_program_runtime::stable_log] Program log: Mango: AddOracle
[2022-02-12T07:55:41.490069000Z DEBUG solana_program_runtime::stable_log] Program log: OracleType: got unknown or stub
[2022-02-12T07:55:41.490084000Z DEBUG solana_program_runtime::stable_log] Program log: OracleType: got unknown or stub
[2022-02-12T07:55:41.490408000Z DEBUG solana_bpf_loader_program] Program 8opHzTAnfzRpPEx21XtnrVTX28YQuCpAjcn1PczScKh consumed 1865 of 198135 compute units
[2022-02-12T07:55:41.490425000Z DEBUG solana_bpf_loader_program] Program 4uQeVj5tqViQh7yWWGStvkEG1Zmhx6uasJtWCJziofM consumed 1865 of 198135 compute units
[2022-02-12T07:55:41.490463000Z DEBUG solana_program_runtime::stable_log] Program 8opHzTAnfzRpPEx21XtnrVTX28YQuCpAjcn1PczScKh success
[2022-02-12T07:55:41.490480000Z DEBUG solana_program_runtime::stable_log] Program 4uQeVj5tqViQh7yWWGStvkEG1Zmhx6uasJtWCJziofM success
[2022-02-12T07:55:41.498151000Z DEBUG solana_program_runtime::stable_log] Program 8opHzTAnfzRpPEx21XtnrVTX28YQuCpAjcn1PczScKh invoke [1]
[2022-02-12T07:55:41.498165000Z DEBUG solana_program_runtime::stable_log] Program 4uQeVj5tqViQh7yWWGStvkEG1Zmhx6uasJtWCJziofM invoke [1]
[2022-02-12T07:55:41.498479000Z DEBUG solana_program_runtime::stable_log] Program log: Mango: AddOracle
[2022-02-12T07:55:41.498490000Z DEBUG solana_program_runtime::stable_log] Program log: Mango: AddOracle
[2022-02-12T07:55:41.498566000Z DEBUG solana_program_runtime::stable_log] Program log: OracleType: got unknown or stub
[2022-02-12T07:55:41.498578000Z DEBUG solana_program_runtime::stable_log] Program log: OracleType: got unknown or stub
[2022-02-12T07:55:41.498904000Z DEBUG solana_bpf_loader_program] Program 8opHzTAnfzRpPEx21XtnrVTX28YQuCpAjcn1PczScKh consumed 1865 of 196270 compute units
[2022-02-12T07:55:41.498917000Z DEBUG solana_bpf_loader_program] Program 4uQeVj5tqViQh7yWWGStvkEG1Zmhx6uasJtWCJziofM consumed 1865 of 196270 compute units
[2022-02-12T07:55:41.498961000Z DEBUG solana_program_runtime::stable_log] Program 8opHzTAnfzRpPEx21XtnrVTX28YQuCpAjcn1PczScKh success
[2022-02-12T07:55:41.498973000Z DEBUG solana_program_runtime::stable_log] Program 4uQeVj5tqViQh7yWWGStvkEG1Zmhx6uasJtWCJziofM success
[2022-02-12T07:55:41.506659000Z DEBUG solana_program_runtime::stable_log] Program 8opHzTAnfzRpPEx21XtnrVTX28YQuCpAjcn1PczScKh invoke [1]
[2022-02-12T07:55:41.506688000Z DEBUG solana_program_runtime::stable_log] Program 4uQeVj5tqViQh7yWWGStvkEG1Zmhx6uasJtWCJziofM invoke [1]
[2022-02-12T07:55:41.506996000Z DEBUG solana_program_runtime::stable_log] Program log: Mango: AddOracle
[2022-02-12T07:55:41.507016000Z DEBUG solana_program_runtime::stable_log] Program log: Mango: AddOracle
[2022-02-12T07:55:41.507086000Z DEBUG solana_program_runtime::stable_log] Program log: OracleType: got unknown or stub
[2022-02-12T07:55:41.507105000Z DEBUG solana_program_runtime::stable_log] Program log: OracleType: got unknown or stub
[2022-02-12T07:55:41.507427000Z DEBUG solana_bpf_loader_program] Program 8opHzTAnfzRpPEx21XtnrVTX28YQuCpAjcn1PczScKh consumed 1865 of 194405 compute units
[2022-02-12T07:55:41.507447000Z DEBUG solana_bpf_loader_program] Program 4uQeVj5tqViQh7yWWGStvkEG1Zmhx6uasJtWCJziofM consumed 1865 of 194405 compute units
[2022-02-12T07:55:41.507480000Z DEBUG solana_program_runtime::stable_log] Program 8opHzTAnfzRpPEx21XtnrVTX28YQuCpAjcn1PczScKh success
[2022-02-12T07:55:41.507503000Z DEBUG solana_program_runtime::stable_log] Program 4uQeVj5tqViQh7yWWGStvkEG1Zmhx6uasJtWCJziofM success
[2022-02-12T07:55:41.515155000Z DEBUG solana_program_runtime::stable_log] Program 8opHzTAnfzRpPEx21XtnrVTX28YQuCpAjcn1PczScKh invoke [1]
[2022-02-12T07:55:41.515186000Z DEBUG solana_program_runtime::stable_log] Program 4uQeVj5tqViQh7yWWGStvkEG1Zmhx6uasJtWCJziofM invoke [1]
[2022-02-12T07:55:41.515483000Z DEBUG solana_program_runtime::stable_log] Program log: Mango: AddOracle
[2022-02-12T07:55:41.515514000Z DEBUG solana_program_runtime::stable_log] Program log: Mango: AddOracle
[2022-02-12T07:55:41.515569000Z DEBUG solana_program_runtime::stable_log] Program log: OracleType: got unknown or stub
[2022-02-12T07:55:41.515602000Z DEBUG solana_program_runtime::stable_log] Program log: OracleType: got unknown or stub
[2022-02-12T07:55:41.515908000Z DEBUG solana_bpf_loader_program] Program 8opHzTAnfzRpPEx21XtnrVTX28YQuCpAjcn1PczScKh consumed 1865 of 192540 compute units
[2022-02-12T07:55:41.515941000Z DEBUG solana_bpf_loader_program] Program 4uQeVj5tqViQh7yWWGStvkEG1Zmhx6uasJtWCJziofM consumed 1865 of 192540 compute units
[2022-02-12T07:55:41.515962000Z DEBUG solana_program_runtime::stable_log] Program 8opHzTAnfzRpPEx21XtnrVTX28YQuCpAjcn1PczScKh success
[2022-02-12T07:55:41.515994000Z DEBUG solana_program_runtime::stable_log] Program 4uQeVj5tqViQh7yWWGStvkEG1Zmhx6uasJtWCJziofM success
[2022-02-12T07:55:41.523598000Z DEBUG solana_program_runtime::stable_log] Program 8opHzTAnfzRpPEx21XtnrVTX28YQuCpAjcn1PczScKh invoke [1]
[2022-02-12T07:55:41.523636000Z DEBUG solana_program_runtime::stable_log] Program 4uQeVj5tqViQh7yWWGStvkEG1Zmhx6uasJtWCJziofM invoke [1]
[2022-02-12T07:55:41.523927000Z DEBUG solana_program_runtime::stable_log] Program log: Mango: AddOracle
[2022-02-12T07:55:41.523959000Z DEBUG solana_program_runtime::stable_log] Program log: Mango: AddOracle
[2022-02-12T07:55:41.524014000Z DEBUG solana_program_runtime::stable_log] Program log: OracleType: got unknown or stub
[2022-02-12T07:55:41.524046000Z DEBUG solana_program_runtime::stable_log] Program log: OracleType: got unknown or stub
[2022-02-12T07:55:41.524350000Z DEBUG solana_bpf_loader_program] Program 8opHzTAnfzRpPEx21XtnrVTX28YQuCpAjcn1PczScKh consumed 1865 of 190675 compute units
[2022-02-12T07:55:41.524384000Z DEBUG solana_bpf_loader_program] Program 4uQeVj5tqViQh7yWWGStvkEG1Zmhx6uasJtWCJziofM consumed 1865 of 190675 compute units
[2022-02-12T07:55:41.524404000Z DEBUG solana_program_runtime::stable_log] Program 8opHzTAnfzRpPEx21XtnrVTX28YQuCpAjcn1PczScKh success
[2022-02-12T07:55:41.524437000Z DEBUG solana_program_runtime::stable_log] Program 4uQeVj5tqViQh7yWWGStvkEG1Zmhx6uasJtWCJziofM success
[2022-02-12T07:55:41.532050000Z DEBUG solana_program_runtime::stable_log] Program 8opHzTAnfzRpPEx21XtnrVTX28YQuCpAjcn1PczScKh invoke [1]
[2022-02-12T07:55:41.532076000Z DEBUG solana_program_runtime::stable_log] Program 4uQeVj5tqViQh7yWWGStvkEG1Zmhx6uasJtWCJziofM invoke [1]
[2022-02-12T07:55:41.532380000Z DEBUG solana_program_runtime::stable_log] Program log: Mango: AddOracle
[2022-02-12T07:55:41.532402000Z DEBUG solana_program_runtime::stable_log] Program log: Mango: AddOracle
[2022-02-12T07:55:41.532467000Z DEBUG solana_program_runtime::stable_log] Program log: OracleType: got unknown or stub
[2022-02-12T07:55:41.532489000Z DEBUG solana_program_runtime::stable_log] Program log: OracleType: got unknown or stub
[2022-02-12T07:55:41.532805000Z DEBUG solana_bpf_loader_program] Program 8opHzTAnfzRpPEx21XtnrVTX28YQuCpAjcn1PczScKh consumed 1865 of 188810 compute units
[2022-02-12T07:55:41.532826000Z DEBUG solana_bpf_loader_program] Program 4uQeVj5tqViQh7yWWGStvkEG1Zmhx6uasJtWCJziofM consumed 1865 of 188810 compute units
[2022-02-12T07:55:41.532858000Z DEBUG solana_program_runtime::stable_log] Program 8opHzTAnfzRpPEx21XtnrVTX28YQuCpAjcn1PczScKh success
[2022-02-12T07:55:41.532879000Z DEBUG solana_program_runtime::stable_log] Program 4uQeVj5tqViQh7yWWGStvkEG1Zmhx6uasJtWCJziofM success
[2022-02-12T07:55:41.540498000Z DEBUG solana_program_runtime::stable_log] Program 8opHzTAnfzRpPEx21XtnrVTX28YQuCpAjcn1PczScKh invoke [1]
[2022-02-12T07:55:41.540517000Z DEBUG solana_program_runtime::stable_log] Program 4uQeVj5tqViQh7yWWGStvkEG1Zmhx6uasJtWCJziofM invoke [1]
[2022-02-12T07:55:41.540824000Z DEBUG solana_program_runtime::stable_log] Program log: Mango: AddOracle
[2022-02-12T07:55:41.540840000Z DEBUG solana_program_runtime::stable_log] Program log: Mango: AddOracle
[2022-02-12T07:55:41.540910000Z DEBUG solana_program_runtime::stable_log] Program log: OracleType: got unknown or stub
[2022-02-12T07:55:41.540926000Z DEBUG solana_program_runtime::stable_log] Program log: OracleType: got unknown or stub
[2022-02-12T07:55:41.541246000Z DEBUG solana_bpf_loader_program] Program 8opHzTAnfzRpPEx21XtnrVTX28YQuCpAjcn1PczScKh consumed 1865 of 186945 compute units
[2022-02-12T07:55:41.541266000Z DEBUG solana_bpf_loader_program] Program 4uQeVj5tqViQh7yWWGStvkEG1Zmhx6uasJtWCJziofM consumed 1865 of 186945 compute units
[2022-02-12T07:55:41.541299000Z DEBUG solana_program_runtime::stable_log] Program 8opHzTAnfzRpPEx21XtnrVTX28YQuCpAjcn1PczScKh success
[2022-02-12T07:55:41.541319000Z DEBUG solana_program_runtime::stable_log] Program 4uQeVj5tqViQh7yWWGStvkEG1Zmhx6uasJtWCJziofM success
[2022-02-12T07:55:41.548936000Z DEBUG solana_program_runtime::stable_log] Program 8opHzTAnfzRpPEx21XtnrVTX28YQuCpAjcn1PczScKh invoke [1]
[2022-02-12T07:55:41.548957000Z DEBUG solana_program_runtime::stable_log] Program 4uQeVj5tqViQh7yWWGStvkEG1Zmhx6uasJtWCJziofM invoke [1]
[2022-02-12T07:55:41.549263000Z DEBUG solana_program_runtime::stable_log] Program log: Mango: AddOracle
[2022-02-12T07:55:41.549281000Z DEBUG solana_program_runtime::stable_log] Program log: Mango: AddOracle
[2022-02-12T07:55:41.549349000Z DEBUG solana_program_runtime::stable_log] Program log: OracleType: got unknown or stub
[2022-02-12T07:55:41.549369000Z DEBUG solana_program_runtime::stable_log] Program log: OracleType: got unknown or stub
[2022-02-12T07:55:41.549685000Z DEBUG solana_bpf_loader_program] Program 8opHzTAnfzRpPEx21XtnrVTX28YQuCpAjcn1PczScKh consumed 1865 of 185080 compute units
[2022-02-12T07:55:41.549708000Z DEBUG solana_bpf_loader_program] Program 4uQeVj5tqViQh7yWWGStvkEG1Zmhx6uasJtWCJziofM consumed 1865 of 185080 compute units
[2022-02-12T07:55:41.549738000Z DEBUG solana_program_runtime::stable_log] Program 8opHzTAnfzRpPEx21XtnrVTX28YQuCpAjcn1PczScKh success
[2022-02-12T07:55:41.549761000Z DEBUG solana_program_runtime::stable_log] Program 4uQeVj5tqViQh7yWWGStvkEG1Zmhx6uasJtWCJziofM success
[2022-02-12T07:55:41.557378000Z DEBUG solana_program_runtime::stable_log] Program 8opHzTAnfzRpPEx21XtnrVTX28YQuCpAjcn1PczScKh invoke [1]
[2022-02-12T07:55:41.557400000Z DEBUG solana_program_runtime::stable_log] Program 4uQeVj5tqViQh7yWWGStvkEG1Zmhx6uasJtWCJziofM invoke [1]
[2022-02-12T07:55:41.557705000Z DEBUG solana_program_runtime::stable_log] Program log: Mango: AddOracle
[2022-02-12T07:55:41.557726000Z DEBUG solana_program_runtime::stable_log] Program log: Mango: AddOracle
[2022-02-12T07:55:41.557791000Z DEBUG solana_program_runtime::stable_log] Program log: OracleType: got unknown or stub
[2022-02-12T07:55:41.557813000Z DEBUG solana_program_runtime::stable_log] Program log: OracleType: got unknown or stub
[2022-02-12T07:55:41.558128000Z DEBUG solana_bpf_loader_program] Program 8opHzTAnfzRpPEx21XtnrVTX28YQuCpAjcn1PczScKh consumed 1865 of 183215 compute units
[2022-02-12T07:55:41.558150000Z DEBUG solana_bpf_loader_program] Program 4uQeVj5tqViQh7yWWGStvkEG1Zmhx6uasJtWCJziofM consumed 1865 of 183215 compute units
[2022-02-12T07:55:41.558184000Z DEBUG solana_program_runtime::stable_log] Program 8opHzTAnfzRpPEx21XtnrVTX28YQuCpAjcn1PczScKh success
[2022-02-12T07:55:41.558203000Z DEBUG solana_program_runtime::stable_log] Program 4uQeVj5tqViQh7yWWGStvkEG1Zmhx6uasJtWCJziofM success
[2022-02-12T07:55:41.565831000Z DEBUG solana_program_runtime::stable_log] Program 8opHzTAnfzRpPEx21XtnrVTX28YQuCpAjcn1PczScKh invoke [1]
[2022-02-12T07:55:41.565843000Z DEBUG solana_program_runtime::stable_log] Program 4uQeVj5tqViQh7yWWGStvkEG1Zmhx6uasJtWCJziofM invoke [1]
[2022-02-12T07:55:41.566158000Z DEBUG solana_program_runtime::stable_log] Program log: Mango: AddOracle
[2022-02-12T07:55:41.566169000Z DEBUG solana_program_runtime::stable_log] Program log: Mango: AddOracle
[2022-02-12T07:55:41.566245000Z DEBUG solana_program_runtime::stable_log] Program log: OracleType: got unknown or stub
[2022-02-12T07:55:41.566256000Z DEBUG solana_program_runtime::stable_log] Program log: OracleType: got unknown or stub
[2022-02-12T07:55:41.566581000Z DEBUG solana_bpf_loader_program] Program 8opHzTAnfzRpPEx21XtnrVTX28YQuCpAjcn1PczScKh consumed 1865 of 181350 compute units
[2022-02-12T07:55:41.566594000Z DEBUG solana_bpf_loader_program] Program 4uQeVj5tqViQh7yWWGStvkEG1Zmhx6uasJtWCJziofM consumed 1865 of 181350 compute units
[2022-02-12T07:55:41.566633000Z DEBUG solana_program_runtime::stable_log] Program 8opHzTAnfzRpPEx21XtnrVTX28YQuCpAjcn1PczScKh success
[2022-02-12T07:55:41.566648000Z DEBUG solana_program_runtime::stable_log] Program 4uQeVj5tqViQh7yWWGStvkEG1Zmhx6uasJtWCJziofM success
[2022-02-12T07:55:41.574281000Z DEBUG solana_program_runtime::stable_log] Program 8opHzTAnfzRpPEx21XtnrVTX28YQuCpAjcn1PczScKh invoke [1]
[2022-02-12T07:55:41.574282000Z DEBUG solana_program_runtime::stable_log] Program 4uQeVj5tqViQh7yWWGStvkEG1Zmhx6uasJtWCJziofM invoke [1]
[2022-02-12T07:55:41.574609000Z DEBUG solana_program_runtime::stable_log] Program log: Mango: AddOracle
[2022-02-12T07:55:41.574615000Z DEBUG solana_program_runtime::stable_log] Program log: Mango: AddOracle
[2022-02-12T07:55:41.574696000Z DEBUG solana_program_runtime::stable_log] Program log: OracleType: got unknown or stub
[2022-02-12T07:55:41.574702000Z DEBUG solana_program_runtime::stable_log] Program log: OracleType: got unknown or stub
[2022-02-12T07:55:41.575034000Z DEBUG solana_bpf_loader_program] Program 8opHzTAnfzRpPEx21XtnrVTX28YQuCpAjcn1PczScKh consumed 1865 of 179485 compute units
[2022-02-12T07:55:41.575041000Z DEBUG solana_bpf_loader_program] Program 4uQeVj5tqViQh7yWWGStvkEG1Zmhx6uasJtWCJziofM consumed 1865 of 179485 compute units
[2022-02-12T07:55:41.575087000Z DEBUG solana_program_runtime::stable_log] Program 8opHzTAnfzRpPEx21XtnrVTX28YQuCpAjcn1PczScKh success
[2022-02-12T07:55:41.575093000Z DEBUG solana_program_runtime::stable_log] Program 4uQeVj5tqViQh7yWWGStvkEG1Zmhx6uasJtWCJziofM success
[2022-02-12T07:55:41.582726000Z DEBUG solana_program_runtime::stable_log] Program 8opHzTAnfzRpPEx21XtnrVTX28YQuCpAjcn1PczScKh invoke [1]
[2022-02-12T07:55:41.582727000Z DEBUG solana_program_runtime::stable_log] Program 4uQeVj5tqViQh7yWWGStvkEG1Zmhx6uasJtWCJziofM invoke [1]
[2022-02-12T07:55:41.583055000Z DEBUG solana_program_runtime::stable_log] Program log: Mango: AddOracle
[2022-02-12T07:55:41.583063000Z DEBUG solana_program_runtime::stable_log] Program log: Mango: AddOracle
[2022-02-12T07:55:41.583142000Z DEBUG solana_program_runtime::stable_log] Program log: OracleType: got unknown or stub
[2022-02-12T07:55:41.583150000Z DEBUG solana_program_runtime::stable_log] Program log: OracleType: got unknown or stub
[2022-02-12T07:55:41.583479000Z DEBUG solana_bpf_loader_program] Program 8opHzTAnfzRpPEx21XtnrVTX28YQuCpAjcn1PczScKh consumed 1865 of 177620 compute units
[2022-02-12T07:55:41.583487000Z DEBUG solana_bpf_loader_program] Program 4uQeVj5tqViQh7yWWGStvkEG1Zmhx6uasJtWCJziofM consumed 1865 of 177620 compute units
[2022-02-12T07:55:41.583532000Z DEBUG solana_program_runtime::stable_log] Program 8opHzTAnfzRpPEx21XtnrVTX28YQuCpAjcn1PczScKh success
[2022-02-12T07:55:41.583541000Z DEBUG solana_program_runtime::stable_log] Program 4uQeVj5tqViQh7yWWGStvkEG1Zmhx6uasJtWCJziofM success
[2022-02-12T07:55:41.591174000Z DEBUG solana_program_runtime::stable_log] Program 4uQeVj5tqViQh7yWWGStvkEG1Zmhx6uasJtWCJziofM invoke [1]
[2022-02-12T07:55:41.591182000Z DEBUG solana_program_runtime::stable_log] Program 8opHzTAnfzRpPEx21XtnrVTX28YQuCpAjcn1PczScKh invoke [1]
[2022-02-12T07:55:41.591498000Z DEBUG solana_program_runtime::stable_log] Program log: Mango: AddOracle
[2022-02-12T07:55:41.591507000Z DEBUG solana_program_runtime::stable_log] Program log: Mango: AddOracle
[2022-02-12T07:55:41.591586000Z DEBUG solana_program_runtime::stable_log] Program log: OracleType: got unknown or stub
[2022-02-12T07:55:41.591594000Z DEBUG solana_program_runtime::stable_log] Program log: OracleType: got unknown or stub
[2022-02-12T07:55:41.591928000Z DEBUG solana_bpf_loader_program] Program 4uQeVj5tqViQh7yWWGStvkEG1Zmhx6uasJtWCJziofM consumed 1865 of 175755 compute units
[2022-02-12T07:55:41.591930000Z DEBUG solana_bpf_loader_program] Program 8opHzTAnfzRpPEx21XtnrVTX28YQuCpAjcn1PczScKh consumed 1865 of 175755 compute units
[2022-02-12T07:55:41.591987000Z DEBUG solana_program_runtime::stable_log] Program 4uQeVj5tqViQh7yWWGStvkEG1Zmhx6uasJtWCJziofM success
[2022-02-12T07:55:41.591995000Z DEBUG solana_program_runtime::stable_log] Program 8opHzTAnfzRpPEx21XtnrVTX28YQuCpAjcn1PczScKh success
[2022-02-12T07:55:41.599623000Z DEBUG solana_program_runtime::stable_log] Program 4uQeVj5tqViQh7yWWGStvkEG1Zmhx6uasJtWCJziofM invoke [1]
[2022-02-12T07:55:41.599624000Z DEBUG solana_program_runtime::stable_log] Program 8opHzTAnfzRpPEx21XtnrVTX28YQuCpAjcn1PczScKh invoke [1]
[2022-02-12T07:55:41.599951000Z DEBUG solana_program_runtime::stable_log] Program log: Mango: AddOracle
[2022-02-12T07:55:41.599958000Z DEBUG solana_program_runtime::stable_log] Program log: Mango: AddOracle
[2022-02-12T07:55:41.600037000Z DEBUG solana_program_runtime::stable_log] Program log: OracleType: got unknown or stub
[2022-02-12T07:55:41.600044000Z DEBUG solana_program_runtime::stable_log] Program log: OracleType: got unknown or stub
[2022-02-12T07:55:41.600374000Z DEBUG solana_bpf_loader_program] Program 4uQeVj5tqViQh7yWWGStvkEG1Zmhx6uasJtWCJziofM consumed 1865 of 173890 compute units
[2022-02-12T07:55:41.600383000Z DEBUG solana_bpf_loader_program] Program 8opHzTAnfzRpPEx21XtnrVTX28YQuCpAjcn1PczScKh consumed 1865 of 173890 compute units
[2022-02-12T07:55:41.600429000Z DEBUG solana_program_runtime::stable_log] Program 4uQeVj5tqViQh7yWWGStvkEG1Zmhx6uasJtWCJziofM success
[2022-02-12T07:55:41.600436000Z DEBUG solana_program_runtime::stable_log] Program 8opHzTAnfzRpPEx21XtnrVTX28YQuCpAjcn1PczScKh success
[2022-02-12T07:55:41.605023000Z DEBUG solana_program_runtime::stable_log] Program 11111111111111111111111111111111 invoke [1]
[2022-02-12T07:55:41.605118000Z DEBUG solana_program_runtime::stable_log] Program 11111111111111111111111111111111 success
[2022-02-12T07:55:41.606564000Z DEBUG solana_program_runtime::stable_log] Program 11111111111111111111111111111111 invoke [1]
[2022-02-12T07:55:41.606617000Z DEBUG solana_program_runtime::stable_log] Program 11111111111111111111111111111111 success
[2022-02-12T07:55:41.615860000Z DEBUG solana_program_runtime::stable_log] Program 4uQeVj5tqViQh7yWWGStvkEG1Zmhx6uasJtWCJziofM invoke [1]
[2022-02-12T07:55:41.616197000Z DEBUG solana_program_runtime::stable_log] Program log: Mango: InitMangoAccount DEPRECATED
[2022-02-12T07:55:41.616584000Z DEBUG solana_bpf_loader_program] Program 4uQeVj5tqViQh7yWWGStvkEG1Zmhx6uasJtWCJziofM consumed 1828 of 200000 compute units
[2022-02-12T07:55:41.616645000Z DEBUG solana_program_runtime::stable_log] Program 4uQeVj5tqViQh7yWWGStvkEG1Zmhx6uasJtWCJziofM success
[2022-02-12T07:55:41.617869000Z DEBUG solana_program_runtime::stable_log] Program 8opHzTAnfzRpPEx21XtnrVTX28YQuCpAjcn1PczScKh invoke [1]
[2022-02-12T07:55:41.618240000Z DEBUG solana_program_runtime::stable_log] Program log: Mango: InitMangoAccount DEPRECATED
[2022-02-12T07:55:41.618630000Z DEBUG solana_bpf_loader_program] Program 8opHzTAnfzRpPEx21XtnrVTX28YQuCpAjcn1PczScKh consumed 1828 of 200000 compute units
[2022-02-12T07:55:41.618693000Z DEBUG solana_program_runtime::stable_log] Program 8opHzTAnfzRpPEx21XtnrVTX28YQuCpAjcn1PczScKh success
[2022-02-12T07:55:41.620187000Z DEBUG solana_program_runtime::stable_log] Program 11111111111111111111111111111111 invoke [1]
[2022-02-12T07:55:41.620256000Z DEBUG solana_program_runtime::stable_log] Program 11111111111111111111111111111111 success
[2022-02-12T07:55:41.622175000Z DEBUG solana_program_runtime::stable_log] Program 11111111111111111111111111111111 invoke [1]
[2022-02-12T07:55:41.622229000Z DEBUG solana_program_runtime::stable_log] Program 11111111111111111111111111111111 success
[2022-02-12T07:55:41.631333000Z DEBUG solana_program_runtime::stable_log] Program 4uQeVj5tqViQh7yWWGStvkEG1Zmhx6uasJtWCJziofM invoke [1]
[2022-02-12T07:55:41.631716000Z DEBUG solana_program_runtime::stable_log] Program log: Mango: InitMangoAccount DEPRECATED
[2022-02-12T07:55:41.632124000Z DEBUG solana_bpf_loader_program] Program 4uQeVj5tqViQh7yWWGStvkEG1Zmhx6uasJtWCJziofM consumed 1828 of 200000 compute units
[2022-02-12T07:55:41.632189000Z DEBUG solana_program_runtime::stable_log] Program 4uQeVj5tqViQh7yWWGStvkEG1Zmhx6uasJtWCJziofM success
[2022-02-12T07:55:41.633378000Z DEBUG solana_program_runtime::stable_log] Program 8opHzTAnfzRpPEx21XtnrVTX28YQuCpAjcn1PczScKh invoke [1]
[2022-02-12T07:55:41.633708000Z DEBUG solana_program_runtime::stable_log] Program log: Mango: InitMangoAccount DEPRECATED
[2022-02-12T07:55:41.634094000Z DEBUG solana_bpf_loader_program] Program 8opHzTAnfzRpPEx21XtnrVTX28YQuCpAjcn1PczScKh consumed 1828 of 200000 compute units
[2022-02-12T07:55:41.634148000Z DEBUG solana_program_runtime::stable_log] Program 8opHzTAnfzRpPEx21XtnrVTX28YQuCpAjcn1PczScKh success
[2022-02-12T07:55:41.636754000Z DEBUG solana_program_runtime::stable_log] Program 11111111111111111111111111111111 invoke [1]
[2022-02-12T07:55:41.636824000Z DEBUG solana_program_runtime::stable_log] Program 11111111111111111111111111111111 success
[2022-02-12T07:55:41.638913000Z DEBUG solana_program_runtime::stable_log] Program 11111111111111111111111111111111 invoke [1]
[2022-02-12T07:55:41.638972000Z DEBUG solana_program_runtime::stable_log] Program 11111111111111111111111111111111 success
[2022-02-12T07:55:41.644459000Z DEBUG solana_program_runtime::stable_log] Program TokenkegQfeZyiNwAJbNbGKPFXCWuBvf9Ss623VQ5DA invoke [1]
[2022-02-12T07:55:41.644963000Z DEBUG solana_program_runtime::stable_log] Program log: Instruction: InitializeAccount
[2022-02-12T07:55:41.645977000Z DEBUG solana_bpf_loader_program] Program TokenkegQfeZyiNwAJbNbGKPFXCWuBvf9Ss623VQ5DA consumed 3411 of 200000 compute units
[2022-02-12T07:55:41.646034000Z DEBUG solana_program_runtime::stable_log] Program TokenkegQfeZyiNwAJbNbGKPFXCWuBvf9Ss623VQ5DA success
[2022-02-12T07:55:41.646676000Z DEBUG solana_program_runtime::stable_log] Program TokenkegQfeZyiNwAJbNbGKPFXCWuBvf9Ss623VQ5DA invoke [1]
[2022-02-12T07:55:41.647182000Z DEBUG solana_program_runtime::stable_log] Program log: Instruction: InitializeAccount
[2022-02-12T07:55:41.648211000Z DEBUG solana_bpf_loader_program] Program TokenkegQfeZyiNwAJbNbGKPFXCWuBvf9Ss623VQ5DA consumed 3411 of 200000 compute units
[2022-02-12T07:55:41.648271000Z DEBUG solana_program_runtime::stable_log] Program TokenkegQfeZyiNwAJbNbGKPFXCWuBvf9Ss623VQ5DA success
[2022-02-12T07:55:41.650817000Z DEBUG solana_program_runtime::stable_log] Program 11111111111111111111111111111111 invoke [1]
[2022-02-12T07:55:41.650873000Z DEBUG solana_program_runtime::stable_log] Program 11111111111111111111111111111111 success
[2022-02-12T07:55:41.651842000Z DEBUG solana_program_runtime::stable_log] Program 11111111111111111111111111111111 invoke [1]
[2022-02-12T07:55:41.651893000Z DEBUG solana_program_runtime::stable_log] Program 11111111111111111111111111111111 success
[2022-02-12T07:55:41.658813000Z DEBUG solana_program_runtime::stable_log] Program TokenkegQfeZyiNwAJbNbGKPFXCWuBvf9Ss623VQ5DA invoke [1]
[2022-02-12T07:55:41.659332000Z DEBUG solana_program_runtime::stable_log] Program log: Instruction: InitializeAccount
[2022-02-12T07:55:41.659813000Z DEBUG solana_program_runtime::stable_log] Program TokenkegQfeZyiNwAJbNbGKPFXCWuBvf9Ss623VQ5DA invoke [1]
[2022-02-12T07:55:41.660312000Z DEBUG solana_program_runtime::stable_log] Program log: Instruction: InitializeAccount
[2022-02-12T07:55:41.660394000Z DEBUG solana_bpf_loader_program] Program TokenkegQfeZyiNwAJbNbGKPFXCWuBvf9Ss623VQ5DA consumed 3411 of 200000 compute units
[2022-02-12T07:55:41.660460000Z DEBUG solana_program_runtime::stable_log] Program TokenkegQfeZyiNwAJbNbGKPFXCWuBvf9Ss623VQ5DA success
[2022-02-12T07:55:41.661366000Z DEBUG solana_bpf_loader_program] Program TokenkegQfeZyiNwAJbNbGKPFXCWuBvf9Ss623VQ5DA consumed 3411 of 200000 compute units
[2022-02-12T07:55:41.661421000Z DEBUG solana_program_runtime::stable_log] Program TokenkegQfeZyiNwAJbNbGKPFXCWuBvf9Ss623VQ5DA success
[2022-02-12T07:55:41.668749000Z DEBUG solana_program_runtime::stable_log] Program 11111111111111111111111111111111 invoke [1]
[2022-02-12T07:55:41.668804000Z DEBUG solana_program_runtime::stable_log] Program 11111111111111111111111111111111 success
[2022-02-12T07:55:41.668861000Z DEBUG solana_program_runtime::stable_log] Program 11111111111111111111111111111111 invoke [1]
[2022-02-12T07:55:41.668907000Z DEBUG solana_program_runtime::stable_log] Program 11111111111111111111111111111111 success
[2022-02-12T07:55:41.668960000Z DEBUG solana_program_runtime::stable_log] Program 11111111111111111111111111111111 invoke [1]
[2022-02-12T07:55:41.669383000Z DEBUG solana_program_runtime::stable_log] Program 11111111111111111111111111111111 success
[2022-02-12T07:55:41.669610000Z DEBUG solana_program_runtime::stable_log] Program 11111111111111111111111111111111 invoke [1]
[2022-02-12T07:55:41.669611000Z DEBUG solana_program_runtime::stable_log] Program 11111111111111111111111111111111 invoke [1]
[2022-02-12T07:55:41.669664000Z DEBUG solana_program_runtime::stable_log] Program 11111111111111111111111111111111 success
[2022-02-12T07:55:41.669699000Z DEBUG solana_program_runtime::stable_log] Program 11111111111111111111111111111111 success
[2022-02-12T07:55:41.669727000Z DEBUG solana_program_runtime::stable_log] Program 11111111111111111111111111111111 invoke [1]
[2022-02-12T07:55:41.669755000Z DEBUG solana_program_runtime::stable_log] Program 11111111111111111111111111111111 invoke [1]
[2022-02-12T07:55:41.669773000Z DEBUG solana_program_runtime::stable_log] Program 11111111111111111111111111111111 success
[2022-02-12T07:55:41.669798000Z DEBUG solana_program_runtime::stable_log] Program 11111111111111111111111111111111 success
[2022-02-12T07:55:41.669848000Z DEBUG solana_program_runtime::stable_log] Program 11111111111111111111111111111111 invoke [1]
[2022-02-12T07:55:41.669937000Z DEBUG solana_program_runtime::stable_log] Program 11111111111111111111111111111111 success
[2022-02-12T07:55:41.670170000Z DEBUG solana_program_runtime::stable_log] Program 11111111111111111111111111111111 invoke [1]
[2022-02-12T07:55:41.670214000Z DEBUG solana_program_runtime::stable_log] Program 11111111111111111111111111111111 success
[2022-02-12T07:55:41.670275000Z DEBUG solana_program_runtime::stable_log] Program 11111111111111111111111111111111 invoke [1]
[2022-02-12T07:55:41.670319000Z DEBUG solana_program_runtime::stable_log] Program 11111111111111111111111111111111 success
[2022-02-12T07:55:41.707643000Z DEBUG solana_program_runtime::stable_log] Program GcdayuLaLyrdmUu324nahyv33G5poQdLUEZ1nEytDeP invoke [1]
[2022-02-12T07:55:41.707843000Z DEBUG solana_program_runtime::stable_log] Program CiDwVBFgWV9E5MvXWoLgnEgn2hK7rJikbvfWavzAQz3 invoke [1]
[2022-02-12T07:55:41.712792000Z DEBUG solana_bpf_loader_program] Program GcdayuLaLyrdmUu324nahyv33G5poQdLUEZ1nEytDeP consumed 13654 of 200000 compute units
[2022-02-12T07:55:41.712894000Z DEBUG solana_bpf_loader_program] Program CiDwVBFgWV9E5MvXWoLgnEgn2hK7rJikbvfWavzAQz3 consumed 13661 of 200000 compute units
[2022-02-12T07:55:41.713047000Z DEBUG solana_program_runtime::stable_log] Program CiDwVBFgWV9E5MvXWoLgnEgn2hK7rJikbvfWavzAQz3 success
[2022-02-12T07:55:41.713228000Z DEBUG solana_program_runtime::stable_log] Program GcdayuLaLyrdmUu324nahyv33G5poQdLUEZ1nEytDeP success
[2022-02-12T07:55:41.721180000Z DEBUG solana_program_runtime::stable_log] Program 11111111111111111111111111111111 invoke [1]
[2022-02-12T07:55:41.721180000Z DEBUG solana_program_runtime::stable_log] Program 11111111111111111111111111111111 invoke [1]
[2022-02-12T07:55:41.721279000Z DEBUG solana_program_runtime::stable_log] Program 11111111111111111111111111111111 success
[2022-02-12T07:55:41.721279000Z DEBUG solana_program_runtime::stable_log] Program 11111111111111111111111111111111 success
[2022-02-12T07:55:41.729313000Z DEBUG solana_program_runtime::stable_log] Program TokenkegQfeZyiNwAJbNbGKPFXCWuBvf9Ss623VQ5DA invoke [1]
[2022-02-12T07:55:41.729313000Z DEBUG solana_program_runtime::stable_log] Program TokenkegQfeZyiNwAJbNbGKPFXCWuBvf9Ss623VQ5DA invoke [1]
[2022-02-12T07:55:41.729849000Z DEBUG solana_program_runtime::stable_log] Program log: Instruction: InitializeAccount
[2022-02-12T07:55:41.729881000Z DEBUG solana_program_runtime::stable_log] Program log: Instruction: InitializeAccount
[2022-02-12T07:55:41.730894000Z DEBUG solana_bpf_loader_program] Program TokenkegQfeZyiNwAJbNbGKPFXCWuBvf9Ss623VQ5DA consumed 3411 of 200000 compute units
[2022-02-12T07:55:41.730928000Z DEBUG solana_bpf_loader_program] Program TokenkegQfeZyiNwAJbNbGKPFXCWuBvf9Ss623VQ5DA consumed 3411 of 200000 compute units
[2022-02-12T07:55:41.730967000Z DEBUG solana_program_runtime::stable_log] Program TokenkegQfeZyiNwAJbNbGKPFXCWuBvf9Ss623VQ5DA success
[2022-02-12T07:55:41.730989000Z DEBUG solana_program_runtime::stable_log] Program TokenkegQfeZyiNwAJbNbGKPFXCWuBvf9Ss623VQ5DA success
[2022-02-12T07:55:41.734993000Z DEBUG solana_program_runtime::stable_log] Program 11111111111111111111111111111111 invoke [1]
[2022-02-12T07:55:41.734993000Z DEBUG solana_program_runtime::stable_log] Program 11111111111111111111111111111111 invoke [1]
[2022-02-12T07:55:41.735054000Z DEBUG solana_program_runtime::stable_log] Program 11111111111111111111111111111111 success
[2022-02-12T07:55:41.735093000Z DEBUG solana_program_runtime::stable_log] Program 11111111111111111111111111111111 success
[2022-02-12T07:55:41.739502000Z DEBUG solana_program_runtime::stable_log] Program 11111111111111111111111111111111 invoke [1]
[2022-02-12T07:55:41.739506000Z DEBUG solana_program_runtime::stable_log] Program 11111111111111111111111111111111 invoke [1]
[2022-02-12T07:55:41.739557000Z DEBUG solana_program_runtime::stable_log] Program 11111111111111111111111111111111 success
[2022-02-12T07:55:41.739572000Z DEBUG solana_program_runtime::stable_log] Program 11111111111111111111111111111111 success
[2022-02-12T07:55:41.751164000Z DEBUG solana_program_runtime::stable_log] Program 4uQeVj5tqViQh7yWWGStvkEG1Zmhx6uasJtWCJziofM invoke [1]
[2022-02-12T07:55:41.751402000Z DEBUG solana_program_runtime::stable_log] Program 8opHzTAnfzRpPEx21XtnrVTX28YQuCpAjcn1PczScKh invoke [1]
[2022-02-12T07:55:41.751881000Z DEBUG solana_program_runtime::stable_log] Program log: Mango: AddSpotMarket
[2022-02-12T07:55:41.752137000Z DEBUG solana_program_runtime::stable_log] Program log: Mango: AddSpotMarket
[2022-02-12T07:55:41.758169000Z DEBUG solana_bpf_loader_program] Program 4uQeVj5tqViQh7yWWGStvkEG1Zmhx6uasJtWCJziofM consumed 20512 of 200000 compute units
[2022-02-12T07:55:41.758264000Z DEBUG solana_program_runtime::stable_log] Program 4uQeVj5tqViQh7yWWGStvkEG1Zmhx6uasJtWCJziofM success
[2022-02-12T07:55:41.758339000Z DEBUG solana_bpf_loader_program] Program 8opHzTAnfzRpPEx21XtnrVTX28YQuCpAjcn1PczScKh consumed 20512 of 200000 compute units
[2022-02-12T07:55:41.758424000Z DEBUG solana_program_runtime::stable_log] Program 8opHzTAnfzRpPEx21XtnrVTX28YQuCpAjcn1PczScKh success
[2022-02-12T07:55:41.763432000Z DEBUG solana_program_runtime::stable_log] Program 11111111111111111111111111111111 invoke [1]
[2022-02-12T07:55:41.763444000Z DEBUG solana_program_runtime::stable_log] Program 11111111111111111111111111111111 invoke [1]
[2022-02-12T07:55:41.763495000Z DEBUG solana_program_runtime::stable_log] Program 11111111111111111111111111111111 success
[2022-02-12T07:55:41.763495000Z DEBUG solana_program_runtime::stable_log] Program 11111111111111111111111111111111 success
[2022-02-12T07:55:41.771417000Z DEBUG solana_program_runtime::stable_log] Program TokenkegQfeZyiNwAJbNbGKPFXCWuBvf9Ss623VQ5DA invoke [1]
[2022-02-12T07:55:41.771438000Z DEBUG solana_program_runtime::stable_log] Program TokenkegQfeZyiNwAJbNbGKPFXCWuBvf9Ss623VQ5DA invoke [1]
[2022-02-12T07:55:41.771934000Z DEBUG solana_program_runtime::stable_log] Program log: Instruction: InitializeAccount
[2022-02-12T07:55:41.771947000Z DEBUG solana_program_runtime::stable_log] Program log: Instruction: InitializeAccount
[2022-02-12T07:55:41.772977000Z DEBUG solana_bpf_loader_program] Program TokenkegQfeZyiNwAJbNbGKPFXCWuBvf9Ss623VQ5DA consumed 3411 of 200000 compute units
[2022-02-12T07:55:41.772995000Z DEBUG solana_bpf_loader_program] Program TokenkegQfeZyiNwAJbNbGKPFXCWuBvf9Ss623VQ5DA consumed 3411 of 200000 compute units
[2022-02-12T07:55:41.773042000Z DEBUG solana_program_runtime::stable_log] Program TokenkegQfeZyiNwAJbNbGKPFXCWuBvf9Ss623VQ5DA success
[2022-02-12T07:55:41.773061000Z DEBUG solana_program_runtime::stable_log] Program TokenkegQfeZyiNwAJbNbGKPFXCWuBvf9Ss623VQ5DA success
[2022-02-12T07:55:41.776395000Z DEBUG solana_program_runtime::stable_log] Program 11111111111111111111111111111111 invoke [1]
[2022-02-12T07:55:41.776429000Z DEBUG solana_program_runtime::stable_log] Program 11111111111111111111111111111111 invoke [1]
[2022-02-12T07:55:41.776451000Z DEBUG solana_program_runtime::stable_log] Program 11111111111111111111111111111111 success
[2022-02-12T07:55:41.776485000Z DEBUG solana_program_runtime::stable_log] Program 11111111111111111111111111111111 success
[2022-02-12T07:55:41.784179000Z DEBUG solana_program_runtime::stable_log] Program TokenkegQfeZyiNwAJbNbGKPFXCWuBvf9Ss623VQ5DA invoke [1]
[2022-02-12T07:55:41.784203000Z DEBUG solana_program_runtime::stable_log] Program TokenkegQfeZyiNwAJbNbGKPFXCWuBvf9Ss623VQ5DA invoke [1]
[2022-02-12T07:55:41.784680000Z DEBUG solana_program_runtime::stable_log] Program log: Instruction: InitializeAccount
[2022-02-12T07:55:41.784697000Z DEBUG solana_program_runtime::stable_log] Program log: Instruction: InitializeAccount
[2022-02-12T07:55:41.785705000Z DEBUG solana_bpf_loader_program] Program TokenkegQfeZyiNwAJbNbGKPFXCWuBvf9Ss623VQ5DA consumed 3411 of 200000 compute units
[2022-02-12T07:55:41.785705000Z DEBUG solana_bpf_loader_program] Program TokenkegQfeZyiNwAJbNbGKPFXCWuBvf9Ss623VQ5DA consumed 3411 of 200000 compute units
[2022-02-12T07:55:41.785770000Z DEBUG solana_program_runtime::stable_log] Program TokenkegQfeZyiNwAJbNbGKPFXCWuBvf9Ss623VQ5DA success
[2022-02-12T07:55:41.785805000Z DEBUG solana_program_runtime::stable_log] Program TokenkegQfeZyiNwAJbNbGKPFXCWuBvf9Ss623VQ5DA success
[2022-02-12T07:55:41.794130000Z DEBUG solana_program_runtime::stable_log] Program 11111111111111111111111111111111 invoke [1]
[2022-02-12T07:55:41.794179000Z DEBUG solana_program_runtime::stable_log] Program 11111111111111111111111111111111 success
[2022-02-12T07:55:41.794183000Z DEBUG solana_program_runtime::stable_log] Program 11111111111111111111111111111111 invoke [1]
[2022-02-12T07:55:41.794230000Z DEBUG solana_program_runtime::stable_log] Program 11111111111111111111111111111111 invoke [1]
[2022-02-12T07:55:41.794235000Z DEBUG solana_program_runtime::stable_log] Program 11111111111111111111111111111111 success
[2022-02-12T07:55:41.794282000Z DEBUG solana_program_runtime::stable_log] Program 11111111111111111111111111111111 success
[2022-02-12T07:55:41.794337000Z DEBUG solana_program_runtime::stable_log] Program 11111111111111111111111111111111 invoke [1]
[2022-02-12T07:55:41.794338000Z DEBUG solana_program_runtime::stable_log] Program 11111111111111111111111111111111 invoke [1]
[2022-02-12T07:55:41.794438000Z DEBUG solana_program_runtime::stable_log] Program 11111111111111111111111111111111 success
[2022-02-12T07:55:41.794492000Z DEBUG solana_program_runtime::stable_log] Program 11111111111111111111111111111111 invoke [1]
[2022-02-12T07:55:41.794572000Z DEBUG solana_program_runtime::stable_log] Program 11111111111111111111111111111111 success
[2022-02-12T07:55:41.794572000Z DEBUG solana_program_runtime::stable_log] Program 11111111111111111111111111111111 success
[2022-02-12T07:55:41.794806000Z DEBUG solana_program_runtime::stable_log] Program 11111111111111111111111111111111 invoke [1]
[2022-02-12T07:55:41.794811000Z DEBUG solana_program_runtime::stable_log] Program 11111111111111111111111111111111 invoke [1]
[2022-02-12T07:55:41.794852000Z DEBUG solana_program_runtime::stable_log] Program 11111111111111111111111111111111 success
[2022-02-12T07:55:41.794857000Z DEBUG solana_program_runtime::stable_log] Program 11111111111111111111111111111111 success
[2022-02-12T07:55:41.794912000Z DEBUG solana_program_runtime::stable_log] Program 11111111111111111111111111111111 invoke [1]
[2022-02-12T07:55:41.794918000Z DEBUG solana_program_runtime::stable_log] Program 11111111111111111111111111111111 invoke [1]
[2022-02-12T07:55:41.794960000Z DEBUG solana_program_runtime::stable_log] Program 11111111111111111111111111111111 success
[2022-02-12T07:55:41.794964000Z DEBUG solana_program_runtime::stable_log] Program 11111111111111111111111111111111 success
[2022-02-12T07:55:41.804406000Z DEBUG solana_program_runtime::stable_log] Program GcdayuLaLyrdmUu324nahyv33G5poQdLUEZ1nEytDeP invoke [1]
[2022-02-12T07:55:41.804694000Z DEBUG solana_program_runtime::stable_log] Program CiDwVBFgWV9E5MvXWoLgnEgn2hK7rJikbvfWavzAQz3 invoke [1]
[2022-02-12T07:55:41.809395000Z DEBUG solana_bpf_loader_program] Program GcdayuLaLyrdmUu324nahyv33G5poQdLUEZ1nEytDeP consumed 13654 of 200000 compute units
[2022-02-12T07:55:41.809507000Z DEBUG solana_program_runtime::stable_log] Program GcdayuLaLyrdmUu324nahyv33G5poQdLUEZ1nEytDeP success
[2022-02-12T07:55:41.809660000Z DEBUG solana_bpf_loader_program] Program CiDwVBFgWV9E5MvXWoLgnEgn2hK7rJikbvfWavzAQz3 consumed 13661 of 200000 compute units
[2022-02-12T07:55:41.809778000Z DEBUG solana_program_runtime::stable_log] Program CiDwVBFgWV9E5MvXWoLgnEgn2hK7rJikbvfWavzAQz3 success
[2022-02-12T07:55:41.817820000Z DEBUG solana_program_runtime::stable_log] Program 11111111111111111111111111111111 invoke [1]
[2022-02-12T07:55:41.817820000Z DEBUG solana_program_runtime::stable_log] Program 11111111111111111111111111111111 invoke [1]
[2022-02-12T07:55:41.817903000Z DEBUG solana_program_runtime::stable_log] Program 11111111111111111111111111111111 success
[2022-02-12T07:55:41.817903000Z DEBUG solana_program_runtime::stable_log] Program 11111111111111111111111111111111 success
[2022-02-12T07:55:41.825870000Z DEBUG solana_program_runtime::stable_log] Program TokenkegQfeZyiNwAJbNbGKPFXCWuBvf9Ss623VQ5DA invoke [1]
[2022-02-12T07:55:41.825870000Z DEBUG solana_program_runtime::stable_log] Program TokenkegQfeZyiNwAJbNbGKPFXCWuBvf9Ss623VQ5DA invoke [1]
[2022-02-12T07:55:41.826399000Z DEBUG solana_program_runtime::stable_log] Program log: Instruction: InitializeAccount
[2022-02-12T07:55:41.826435000Z DEBUG solana_program_runtime::stable_log] Program log: Instruction: InitializeAccount
[2022-02-12T07:55:41.827460000Z DEBUG solana_bpf_loader_program] Program TokenkegQfeZyiNwAJbNbGKPFXCWuBvf9Ss623VQ5DA consumed 3411 of 200000 compute units
[2022-02-12T07:55:41.827481000Z DEBUG solana_bpf_loader_program] Program TokenkegQfeZyiNwAJbNbGKPFXCWuBvf9Ss623VQ5DA consumed 3411 of 200000 compute units
[2022-02-12T07:55:41.827527000Z DEBUG solana_program_runtime::stable_log] Program TokenkegQfeZyiNwAJbNbGKPFXCWuBvf9Ss623VQ5DA success
[2022-02-12T07:55:41.827539000Z DEBUG solana_program_runtime::stable_log] Program TokenkegQfeZyiNwAJbNbGKPFXCWuBvf9Ss623VQ5DA success
[2022-02-12T07:55:41.831561000Z DEBUG solana_program_runtime::stable_log] Program 11111111111111111111111111111111 invoke [1]
[2022-02-12T07:55:41.831562000Z DEBUG solana_program_runtime::stable_log] Program 11111111111111111111111111111111 invoke [1]
[2022-02-12T07:55:41.831614000Z DEBUG solana_program_runtime::stable_log] Program 11111111111111111111111111111111 success
[2022-02-12T07:55:41.831662000Z DEBUG solana_program_runtime::stable_log] Program 11111111111111111111111111111111 success
[2022-02-12T07:55:41.835001000Z DEBUG solana_program_runtime::stable_log] Program 11111111111111111111111111111111 invoke [1]
[2022-02-12T07:55:41.835033000Z DEBUG solana_program_runtime::stable_log] Program 11111111111111111111111111111111 invoke [1]
[2022-02-12T07:55:41.835062000Z DEBUG solana_program_runtime::stable_log] Program 11111111111111111111111111111111 success
[2022-02-12T07:55:41.835082000Z DEBUG solana_program_runtime::stable_log] Program 11111111111111111111111111111111 success
[2022-02-12T07:55:41.847188000Z DEBUG solana_program_runtime::stable_log] Program 8opHzTAnfzRpPEx21XtnrVTX28YQuCpAjcn1PczScKh invoke [1]
[2022-02-12T07:55:41.847942000Z DEBUG solana_program_runtime::stable_log] Program log: Mango: AddSpotMarket
[2022-02-12T07:55:41.848078000Z DEBUG solana_program_runtime::stable_log] Program 4uQeVj5tqViQh7yWWGStvkEG1Zmhx6uasJtWCJziofM invoke [1]
[2022-02-12T07:55:41.848776000Z DEBUG solana_program_runtime::stable_log] Program log: Mango: AddSpotMarket
[2022-02-12T07:55:41.854121000Z DEBUG solana_bpf_loader_program] Program 8opHzTAnfzRpPEx21XtnrVTX28YQuCpAjcn1PczScKh consumed 20552 of 200000 compute units
[2022-02-12T07:55:41.854214000Z DEBUG solana_program_runtime::stable_log] Program 8opHzTAnfzRpPEx21XtnrVTX28YQuCpAjcn1PczScKh success
[2022-02-12T07:55:41.854953000Z DEBUG solana_bpf_loader_program] Program 4uQeVj5tqViQh7yWWGStvkEG1Zmhx6uasJtWCJziofM consumed 20552 of 200000 compute units
[2022-02-12T07:55:41.855059000Z DEBUG solana_program_runtime::stable_log] Program 4uQeVj5tqViQh7yWWGStvkEG1Zmhx6uasJtWCJziofM success
[2022-02-12T07:55:41.860181000Z DEBUG solana_program_runtime::stable_log] Program 11111111111111111111111111111111 invoke [1]
[2022-02-12T07:55:41.860181000Z DEBUG solana_program_runtime::stable_log] Program 11111111111111111111111111111111 invoke [1]
[2022-02-12T07:55:41.860256000Z DEBUG solana_program_runtime::stable_log] Program 11111111111111111111111111111111 success
[2022-02-12T07:55:41.860281000Z DEBUG solana_program_runtime::stable_log] Program 11111111111111111111111111111111 success
[2022-02-12T07:55:41.868200000Z DEBUG solana_program_runtime::stable_log] Program TokenkegQfeZyiNwAJbNbGKPFXCWuBvf9Ss623VQ5DA invoke [1]
[2022-02-12T07:55:41.868457000Z DEBUG solana_program_runtime::stable_log] Program TokenkegQfeZyiNwAJbNbGKPFXCWuBvf9Ss623VQ5DA invoke [1]
[2022-02-12T07:55:41.868721000Z DEBUG solana_program_runtime::stable_log] Program log: Instruction: InitializeAccount
[2022-02-12T07:55:41.868979000Z DEBUG solana_program_runtime::stable_log] Program log: Instruction: InitializeAccount
[2022-02-12T07:55:41.869762000Z DEBUG solana_bpf_loader_program] Program TokenkegQfeZyiNwAJbNbGKPFXCWuBvf9Ss623VQ5DA consumed 3411 of 200000 compute units
[2022-02-12T07:55:41.869820000Z DEBUG solana_program_runtime::stable_log] Program TokenkegQfeZyiNwAJbNbGKPFXCWuBvf9Ss623VQ5DA success
[2022-02-12T07:55:41.870050000Z DEBUG solana_bpf_loader_program] Program TokenkegQfeZyiNwAJbNbGKPFXCWuBvf9Ss623VQ5DA consumed 3411 of 200000 compute units
[2022-02-12T07:55:41.870114000Z DEBUG solana_program_runtime::stable_log] Program TokenkegQfeZyiNwAJbNbGKPFXCWuBvf9Ss623VQ5DA success
[2022-02-12T07:55:41.873104000Z DEBUG solana_program_runtime::stable_log] Program 11111111111111111111111111111111 invoke [1]
[2022-02-12T07:55:41.873156000Z DEBUG solana_program_runtime::stable_log] Program 11111111111111111111111111111111 success
[2022-02-12T07:55:41.874249000Z DEBUG solana_program_runtime::stable_log] Program 11111111111111111111111111111111 invoke [1]
[2022-02-12T07:55:41.874298000Z DEBUG solana_program_runtime::stable_log] Program 11111111111111111111111111111111 success
[2022-02-12T07:55:41.881062000Z DEBUG solana_program_runtime::stable_log] Program TokenkegQfeZyiNwAJbNbGKPFXCWuBvf9Ss623VQ5DA invoke [1]
[2022-02-12T07:55:41.881563000Z DEBUG solana_program_runtime::stable_log] Program log: Instruction: InitializeAccount
[2022-02-12T07:55:41.882190000Z DEBUG solana_program_runtime::stable_log] Program TokenkegQfeZyiNwAJbNbGKPFXCWuBvf9Ss623VQ5DA invoke [1]
[2022-02-12T07:55:41.882596000Z DEBUG solana_bpf_loader_program] Program TokenkegQfeZyiNwAJbNbGKPFXCWuBvf9Ss623VQ5DA consumed 3411 of 200000 compute units
[2022-02-12T07:55:41.882653000Z DEBUG solana_program_runtime::stable_log] Program TokenkegQfeZyiNwAJbNbGKPFXCWuBvf9Ss623VQ5DA success
[2022-02-12T07:55:41.882698000Z DEBUG solana_program_runtime::stable_log] Program log: Instruction: InitializeAccount
[2022-02-12T07:55:41.883769000Z DEBUG solana_bpf_loader_program] Program TokenkegQfeZyiNwAJbNbGKPFXCWuBvf9Ss623VQ5DA consumed 3411 of 200000 compute units
[2022-02-12T07:55:41.883830000Z DEBUG solana_program_runtime::stable_log] Program TokenkegQfeZyiNwAJbNbGKPFXCWuBvf9Ss623VQ5DA success
[2022-02-12T07:55:41.890984000Z DEBUG solana_program_runtime::stable_log] Program 11111111111111111111111111111111 invoke [1]
[2022-02-12T07:55:41.891039000Z DEBUG solana_program_runtime::stable_log] Program 11111111111111111111111111111111 success
[2022-02-12T07:55:41.891091000Z DEBUG solana_program_runtime::stable_log] Program 11111111111111111111111111111111 invoke [1]
[2022-02-12T07:55:41.891134000Z DEBUG solana_program_runtime::stable_log] Program 11111111111111111111111111111111 success
[2022-02-12T07:55:41.891183000Z DEBUG solana_program_runtime::stable_log] Program 11111111111111111111111111111111 invoke [1]
[2022-02-12T07:55:41.891257000Z DEBUG solana_program_runtime::stable_log] Program 11111111111111111111111111111111 success
[2022-02-12T07:55:41.891492000Z DEBUG solana_program_runtime::stable_log] Program 11111111111111111111111111111111 invoke [1]
[2022-02-12T07:55:41.891541000Z DEBUG solana_program_runtime::stable_log] Program 11111111111111111111111111111111 success
[2022-02-12T07:55:41.891601000Z DEBUG solana_program_runtime::stable_log] Program 11111111111111111111111111111111 invoke [1]
[2022-02-12T07:55:41.891646000Z DEBUG solana_program_runtime::stable_log] Program 11111111111111111111111111111111 success
[2022-02-12T07:55:41.892100000Z DEBUG solana_program_runtime::stable_log] Program 11111111111111111111111111111111 invoke [1]
[2022-02-12T07:55:41.892147000Z DEBUG solana_program_runtime::stable_log] Program 11111111111111111111111111111111 success
[2022-02-12T07:55:41.892199000Z DEBUG solana_program_runtime::stable_log] Program 11111111111111111111111111111111 invoke [1]
[2022-02-12T07:55:41.892242000Z DEBUG solana_program_runtime::stable_log] Program 11111111111111111111111111111111 success
[2022-02-12T07:55:41.892291000Z DEBUG solana_program_runtime::stable_log] Program 11111111111111111111111111111111 invoke [1]
[2022-02-12T07:55:41.892360000Z DEBUG solana_program_runtime::stable_log] Program 11111111111111111111111111111111 success
[2022-02-12T07:55:41.892592000Z DEBUG solana_program_runtime::stable_log] Program 11111111111111111111111111111111 invoke [1]
[2022-02-12T07:55:41.892640000Z DEBUG solana_program_runtime::stable_log] Program 11111111111111111111111111111111 success
[2022-02-12T07:55:41.892701000Z DEBUG solana_program_runtime::stable_log] Program 11111111111111111111111111111111 invoke [1]
[2022-02-12T07:55:41.892745000Z DEBUG solana_program_runtime::stable_log] Program 11111111111111111111111111111111 success
[2022-02-12T07:55:41.901105000Z DEBUG solana_program_runtime::stable_log] Program CiDwVBFgWV9E5MvXWoLgnEgn2hK7rJikbvfWavzAQz3 invoke [1]
[2022-02-12T07:55:41.902164000Z DEBUG solana_program_runtime::stable_log] Program GcdayuLaLyrdmUu324nahyv33G5poQdLUEZ1nEytDeP invoke [1]
[2022-02-12T07:55:41.906260000Z DEBUG solana_bpf_loader_program] Program CiDwVBFgWV9E5MvXWoLgnEgn2hK7rJikbvfWavzAQz3 consumed 13661 of 200000 compute units
[2022-02-12T07:55:41.906455000Z DEBUG solana_program_runtime::stable_log] Program CiDwVBFgWV9E5MvXWoLgnEgn2hK7rJikbvfWavzAQz3 success
[2022-02-12T07:55:41.907243000Z DEBUG solana_bpf_loader_program] Program GcdayuLaLyrdmUu324nahyv33G5poQdLUEZ1nEytDeP consumed 13654 of 200000 compute units
[2022-02-12T07:55:41.907360000Z DEBUG solana_program_runtime::stable_log] Program GcdayuLaLyrdmUu324nahyv33G5poQdLUEZ1nEytDeP success
[2022-02-12T07:55:41.915613000Z DEBUG solana_program_runtime::stable_log] Program 11111111111111111111111111111111 invoke [1]
[2022-02-12T07:55:41.915617000Z DEBUG solana_program_runtime::stable_log] Program 11111111111111111111111111111111 invoke [1]
[2022-02-12T07:55:41.915696000Z DEBUG solana_program_runtime::stable_log] Program 11111111111111111111111111111111 success
[2022-02-12T07:55:41.915713000Z DEBUG solana_program_runtime::stable_log] Program 11111111111111111111111111111111 success
[2022-02-12T07:55:41.923664000Z DEBUG solana_program_runtime::stable_log] Program TokenkegQfeZyiNwAJbNbGKPFXCWuBvf9Ss623VQ5DA invoke [1]
[2022-02-12T07:55:41.923664000Z DEBUG solana_program_runtime::stable_log] Program TokenkegQfeZyiNwAJbNbGKPFXCWuBvf9Ss623VQ5DA invoke [1]
[2022-02-12T07:55:41.924185000Z DEBUG solana_program_runtime::stable_log] Program log: Instruction: InitializeAccount
[2022-02-12T07:55:41.924186000Z DEBUG solana_program_runtime::stable_log] Program log: Instruction: InitializeAccount
[2022-02-12T07:55:41.925226000Z DEBUG solana_bpf_loader_program] Program TokenkegQfeZyiNwAJbNbGKPFXCWuBvf9Ss623VQ5DA consumed 3411 of 200000 compute units
[2022-02-12T07:55:41.925240000Z DEBUG solana_bpf_loader_program] Program TokenkegQfeZyiNwAJbNbGKPFXCWuBvf9Ss623VQ5DA consumed 3411 of 200000 compute units
[2022-02-12T07:55:41.925291000Z DEBUG solana_program_runtime::stable_log] Program TokenkegQfeZyiNwAJbNbGKPFXCWuBvf9Ss623VQ5DA success
[2022-02-12T07:55:41.925295000Z DEBUG solana_program_runtime::stable_log] Program TokenkegQfeZyiNwAJbNbGKPFXCWuBvf9Ss623VQ5DA success
[2022-02-12T07:55:41.928174000Z DEBUG solana_program_runtime::stable_log] Program 11111111111111111111111111111111 invoke [1]
[2022-02-12T07:55:41.928178000Z DEBUG solana_program_runtime::stable_log] Program 11111111111111111111111111111111 invoke [1]
[2022-02-12T07:55:41.928230000Z DEBUG solana_program_runtime::stable_log] Program 11111111111111111111111111111111 success
[2022-02-12T07:55:41.928236000Z DEBUG solana_program_runtime::stable_log] Program 11111111111111111111111111111111 success
[2022-02-12T07:55:41.931615000Z DEBUG solana_program_runtime::stable_log] Program 11111111111111111111111111111111 invoke [1]
[2022-02-12T07:55:41.931632000Z DEBUG solana_program_runtime::stable_log] Program 11111111111111111111111111111111 invoke [1]
[2022-02-12T07:55:41.931666000Z DEBUG solana_program_runtime::stable_log] Program 11111111111111111111111111111111 success
[2022-02-12T07:55:41.931689000Z DEBUG solana_program_runtime::stable_log] Program 11111111111111111111111111111111 success
[2022-02-12T07:55:41.943624000Z DEBUG solana_program_runtime::stable_log] Program 4uQeVj5tqViQh7yWWGStvkEG1Zmhx6uasJtWCJziofM invoke [1]
[2022-02-12T07:55:41.943624000Z DEBUG solana_program_runtime::stable_log] Program 8opHzTAnfzRpPEx21XtnrVTX28YQuCpAjcn1PczScKh invoke [1]
[2022-02-12T07:55:41.944373000Z DEBUG solana_program_runtime::stable_log] Program log: Mango: AddSpotMarket
[2022-02-12T07:55:41.944398000Z DEBUG solana_program_runtime::stable_log] Program log: Mango: AddSpotMarket
[2022-02-12T07:55:41.950529000Z DEBUG solana_bpf_loader_program] Program 4uQeVj5tqViQh7yWWGStvkEG1Zmhx6uasJtWCJziofM consumed 20591 of 200000 compute units
[2022-02-12T07:55:41.950541000Z DEBUG solana_bpf_loader_program] Program 8opHzTAnfzRpPEx21XtnrVTX28YQuCpAjcn1PczScKh consumed 20591 of 200000 compute units
[2022-02-12T07:55:41.950623000Z DEBUG solana_program_runtime::stable_log] Program 4uQeVj5tqViQh7yWWGStvkEG1Zmhx6uasJtWCJziofM success
[2022-02-12T07:55:41.950637000Z DEBUG solana_program_runtime::stable_log] Program 8opHzTAnfzRpPEx21XtnrVTX28YQuCpAjcn1PczScKh success
[2022-02-12T07:55:41.955710000Z DEBUG solana_program_runtime::stable_log] Program 11111111111111111111111111111111 invoke [1]
[2022-02-12T07:55:41.955710000Z DEBUG solana_program_runtime::stable_log] Program 11111111111111111111111111111111 invoke [1]
[2022-02-12T07:55:41.955783000Z DEBUG solana_program_runtime::stable_log] Program 11111111111111111111111111111111 success
[2022-02-12T07:55:41.955815000Z DEBUG solana_program_runtime::stable_log] Program 11111111111111111111111111111111 success
[2022-02-12T07:55:41.963704000Z DEBUG solana_program_runtime::stable_log] Program TokenkegQfeZyiNwAJbNbGKPFXCWuBvf9Ss623VQ5DA invoke [1]
[2022-02-12T07:55:41.963718000Z DEBUG solana_program_runtime::stable_log] Program TokenkegQfeZyiNwAJbNbGKPFXCWuBvf9Ss623VQ5DA invoke [1]
[2022-02-12T07:55:41.964217000Z DEBUG solana_program_runtime::stable_log] Program log: Instruction: InitializeAccount
[2022-02-12T07:55:41.964223000Z DEBUG solana_program_runtime::stable_log] Program log: Instruction: InitializeAccount
[2022-02-12T07:55:41.965257000Z DEBUG solana_bpf_loader_program] Program TokenkegQfeZyiNwAJbNbGKPFXCWuBvf9Ss623VQ5DA consumed 3411 of 200000 compute units
[2022-02-12T07:55:41.965281000Z DEBUG solana_bpf_loader_program] Program TokenkegQfeZyiNwAJbNbGKPFXCWuBvf9Ss623VQ5DA consumed 3411 of 200000 compute units
[2022-02-12T07:55:41.965322000Z DEBUG solana_program_runtime::stable_log] Program TokenkegQfeZyiNwAJbNbGKPFXCWuBvf9Ss623VQ5DA success
[2022-02-12T07:55:41.965339000Z DEBUG solana_program_runtime::stable_log] Program TokenkegQfeZyiNwAJbNbGKPFXCWuBvf9Ss623VQ5DA success
[2022-02-12T07:55:41.969805000Z DEBUG solana_program_runtime::stable_log] Program 11111111111111111111111111111111 invoke [1]
[2022-02-12T07:55:41.969805000Z DEBUG solana_program_runtime::stable_log] Program 11111111111111111111111111111111 invoke [1]
[2022-02-12T07:55:41.969859000Z DEBUG solana_program_runtime::stable_log] Program 11111111111111111111111111111111 success
[2022-02-12T07:55:41.969912000Z DEBUG solana_program_runtime::stable_log] Program 11111111111111111111111111111111 success
[2022-02-12T07:55:41.977835000Z DEBUG solana_program_runtime::stable_log] Program TokenkegQfeZyiNwAJbNbGKPFXCWuBvf9Ss623VQ5DA invoke [1]
[2022-02-12T07:55:41.978056000Z DEBUG solana_program_runtime::stable_log] Program TokenkegQfeZyiNwAJbNbGKPFXCWuBvf9Ss623VQ5DA invoke [1]
[2022-02-12T07:55:41.978345000Z DEBUG solana_program_runtime::stable_log] Program log: Instruction: InitializeAccount
[2022-02-12T07:55:41.978569000Z DEBUG solana_program_runtime::stable_log] Program log: Instruction: InitializeAccount
[2022-02-12T07:55:41.979381000Z DEBUG solana_bpf_loader_program] Program TokenkegQfeZyiNwAJbNbGKPFXCWuBvf9Ss623VQ5DA consumed 3411 of 200000 compute units
[2022-02-12T07:55:41.979437000Z DEBUG solana_program_runtime::stable_log] Program TokenkegQfeZyiNwAJbNbGKPFXCWuBvf9Ss623VQ5DA success
[2022-02-12T07:55:41.979617000Z DEBUG solana_bpf_loader_program] Program TokenkegQfeZyiNwAJbNbGKPFXCWuBvf9Ss623VQ5DA consumed 3411 of 200000 compute units
[2022-02-12T07:55:41.979674000Z DEBUG solana_program_runtime::stable_log] Program TokenkegQfeZyiNwAJbNbGKPFXCWuBvf9Ss623VQ5DA success
[2022-02-12T07:55:41.987729000Z DEBUG solana_program_runtime::stable_log] Program 11111111111111111111111111111111 invoke [1]
[2022-02-12T07:55:41.987739000Z DEBUG solana_program_runtime::stable_log] Program 11111111111111111111111111111111 invoke [1]
[2022-02-12T07:55:41.987777000Z DEBUG solana_program_runtime::stable_log] Program 11111111111111111111111111111111 success
[2022-02-12T07:55:41.987793000Z DEBUG solana_program_runtime::stable_log] Program 11111111111111111111111111111111 success
[2022-02-12T07:55:41.987833000Z DEBUG solana_program_runtime::stable_log] Program 11111111111111111111111111111111 invoke [1]
[2022-02-12T07:55:41.987850000Z DEBUG solana_program_runtime::stable_log] Program 11111111111111111111111111111111 invoke [1]
[2022-02-12T07:55:41.987880000Z DEBUG solana_program_runtime::stable_log] Program 11111111111111111111111111111111 success
[2022-02-12T07:55:41.987900000Z DEBUG solana_program_runtime::stable_log] Program 11111111111111111111111111111111 success
[2022-02-12T07:55:41.987934000Z DEBUG solana_program_runtime::stable_log] Program 11111111111111111111111111111111 invoke [1]
[2022-02-12T07:55:41.987955000Z DEBUG solana_program_runtime::stable_log] Program 11111111111111111111111111111111 invoke [1]
[2022-02-12T07:55:41.988007000Z DEBUG solana_program_runtime::stable_log] Program 11111111111111111111111111111111 success
[2022-02-12T07:55:41.988026000Z DEBUG solana_program_runtime::stable_log] Program 11111111111111111111111111111111 success
[2022-02-12T07:55:41.988239000Z DEBUG solana_program_runtime::stable_log] Program 11111111111111111111111111111111 invoke [1]
[2022-02-12T07:55:41.988251000Z DEBUG solana_program_runtime::stable_log] Program 11111111111111111111111111111111 invoke [1]
[2022-02-12T07:55:41.988287000Z DEBUG solana_program_runtime::stable_log] Program 11111111111111111111111111111111 success
[2022-02-12T07:55:41.988304000Z DEBUG solana_program_runtime::stable_log] Program 11111111111111111111111111111111 success
[2022-02-12T07:55:41.988351000Z DEBUG solana_program_runtime::stable_log] Program 11111111111111111111111111111111 invoke [1]
[2022-02-12T07:55:41.988368000Z DEBUG solana_program_runtime::stable_log] Program 11111111111111111111111111111111 invoke [1]
[2022-02-12T07:55:41.988400000Z DEBUG solana_program_runtime::stable_log] Program 11111111111111111111111111111111 success
[2022-02-12T07:55:41.988420000Z DEBUG solana_program_runtime::stable_log] Program 11111111111111111111111111111111 success
[2022-02-12T07:55:41.997586000Z DEBUG solana_program_runtime::stable_log] Program GcdayuLaLyrdmUu324nahyv33G5poQdLUEZ1nEytDeP invoke [1]
[2022-02-12T07:55:41.997610000Z DEBUG solana_program_runtime::stable_log] Program CiDwVBFgWV9E5MvXWoLgnEgn2hK7rJikbvfWavzAQz3 invoke [1]
[2022-02-12T07:55:42.002678000Z DEBUG solana_bpf_loader_program] Program GcdayuLaLyrdmUu324nahyv33G5poQdLUEZ1nEytDeP consumed 13654 of 200000 compute units
[2022-02-12T07:55:42.002743000Z DEBUG solana_bpf_loader_program] Program CiDwVBFgWV9E5MvXWoLgnEgn2hK7rJikbvfWavzAQz3 consumed 13661 of 200000 compute units
[2022-02-12T07:55:42.002785000Z DEBUG solana_program_runtime::stable_log] Program GcdayuLaLyrdmUu324nahyv33G5poQdLUEZ1nEytDeP success
[2022-02-12T07:55:42.002913000Z DEBUG solana_program_runtime::stable_log] Program CiDwVBFgWV9E5MvXWoLgnEgn2hK7rJikbvfWavzAQz3 success
[2022-02-12T07:55:42.010401000Z DEBUG solana_program_runtime::stable_log] Program 11111111111111111111111111111111 invoke [1]
[2022-02-12T07:55:42.010468000Z DEBUG solana_program_runtime::stable_log] Program 11111111111111111111111111111111 invoke [1]
[2022-02-12T07:55:42.010496000Z DEBUG solana_program_runtime::stable_log] Program 11111111111111111111111111111111 success
[2022-02-12T07:55:42.010518000Z DEBUG solana_program_runtime::stable_log] Program 11111111111111111111111111111111 success
[2022-02-12T07:55:42.018518000Z DEBUG solana_program_runtime::stable_log] Program TokenkegQfeZyiNwAJbNbGKPFXCWuBvf9Ss623VQ5DA invoke [1]
[2022-02-12T07:55:42.018583000Z DEBUG solana_program_runtime::stable_log] Program TokenkegQfeZyiNwAJbNbGKPFXCWuBvf9Ss623VQ5DA invoke [1]
[2022-02-12T07:55:42.019048000Z DEBUG solana_program_runtime::stable_log] Program log: Instruction: InitializeAccount
[2022-02-12T07:55:42.019086000Z DEBUG solana_program_runtime::stable_log] Program log: Instruction: InitializeAccount
[2022-02-12T07:55:42.020105000Z DEBUG solana_bpf_loader_program] Program TokenkegQfeZyiNwAJbNbGKPFXCWuBvf9Ss623VQ5DA consumed 3411 of 200000 compute units
[2022-02-12T07:55:42.020152000Z DEBUG solana_bpf_loader_program] Program TokenkegQfeZyiNwAJbNbGKPFXCWuBvf9Ss623VQ5DA consumed 3411 of 200000 compute units
[2022-02-12T07:55:42.020174000Z DEBUG solana_program_runtime::stable_log] Program TokenkegQfeZyiNwAJbNbGKPFXCWuBvf9Ss623VQ5DA success
[2022-02-12T07:55:42.020208000Z DEBUG solana_program_runtime::stable_log] Program TokenkegQfeZyiNwAJbNbGKPFXCWuBvf9Ss623VQ5DA success
[2022-02-12T07:55:42.024257000Z DEBUG solana_program_runtime::stable_log] Program 11111111111111111111111111111111 invoke [1]
[2022-02-12T07:55:42.024319000Z DEBUG solana_program_runtime::stable_log] Program 11111111111111111111111111111111 success
[2022-02-12T07:55:42.024318000Z DEBUG solana_program_runtime::stable_log] Program 11111111111111111111111111111111 invoke [1]
[2022-02-12T07:55:42.024375000Z DEBUG solana_program_runtime::stable_log] Program 11111111111111111111111111111111 success
[2022-02-12T07:55:42.027620000Z DEBUG solana_program_runtime::stable_log] Program 11111111111111111111111111111111 invoke [1]
[2022-02-12T07:55:42.027669000Z DEBUG solana_program_runtime::stable_log] Program 11111111111111111111111111111111 success
[2022-02-12T07:55:42.027692000Z DEBUG solana_program_runtime::stable_log] Program 11111111111111111111111111111111 invoke [1]
[2022-02-12T07:55:42.027748000Z DEBUG solana_program_runtime::stable_log] Program 11111111111111111111111111111111 success
[2022-02-12T07:55:42.039658000Z DEBUG solana_program_runtime::stable_log] Program 8opHzTAnfzRpPEx21XtnrVTX28YQuCpAjcn1PczScKh invoke [1]
[2022-02-12T07:55:42.039658000Z DEBUG solana_program_runtime::stable_log] Program 4uQeVj5tqViQh7yWWGStvkEG1Zmhx6uasJtWCJziofM invoke [1]
[2022-02-12T07:55:42.040417000Z DEBUG solana_program_runtime::stable_log] Program log: Mango: AddSpotMarket
[2022-02-12T07:55:42.040428000Z DEBUG solana_program_runtime::stable_log] Program log: Mango: AddSpotMarket
[2022-02-12T07:55:42.046525000Z DEBUG solana_bpf_loader_program] Program 8opHzTAnfzRpPEx21XtnrVTX28YQuCpAjcn1PczScKh consumed 20630 of 200000 compute units
[2022-02-12T07:55:42.046527000Z DEBUG solana_bpf_loader_program] Program 4uQeVj5tqViQh7yWWGStvkEG1Zmhx6uasJtWCJziofM consumed 20630 of 200000 compute units
[2022-02-12T07:55:42.046626000Z DEBUG solana_program_runtime::stable_log] Program 8opHzTAnfzRpPEx21XtnrVTX28YQuCpAjcn1PczScKh success
[2022-02-12T07:55:42.046645000Z DEBUG solana_program_runtime::stable_log] Program 4uQeVj5tqViQh7yWWGStvkEG1Zmhx6uasJtWCJziofM success
[2022-02-12T07:55:42.051653000Z DEBUG solana_program_runtime::stable_log] Program 11111111111111111111111111111111 invoke [1]
[2022-02-12T07:55:42.051691000Z DEBUG solana_program_runtime::stable_log] Program 11111111111111111111111111111111 invoke [1]
[2022-02-12T07:55:42.051705000Z DEBUG solana_program_runtime::stable_log] Program 11111111111111111111111111111111 success
[2022-02-12T07:55:42.051761000Z DEBUG solana_program_runtime::stable_log] Program 11111111111111111111111111111111 success
[2022-02-12T07:55:42.059361000Z DEBUG solana_program_runtime::stable_log] Program TokenkegQfeZyiNwAJbNbGKPFXCWuBvf9Ss623VQ5DA invoke [1]
[2022-02-12T07:55:42.059456000Z DEBUG solana_program_runtime::stable_log] Program TokenkegQfeZyiNwAJbNbGKPFXCWuBvf9Ss623VQ5DA invoke [1]
[2022-02-12T07:55:42.059863000Z DEBUG solana_program_runtime::stable_log] Program log: Instruction: InitializeAccount
[2022-02-12T07:55:42.059957000Z DEBUG solana_program_runtime::stable_log] Program log: Instruction: InitializeAccount
[2022-02-12T07:55:42.060880000Z DEBUG solana_bpf_loader_program] Program TokenkegQfeZyiNwAJbNbGKPFXCWuBvf9Ss623VQ5DA consumed 3411 of 200000 compute units
[2022-02-12T07:55:42.060942000Z DEBUG solana_program_runtime::stable_log] Program TokenkegQfeZyiNwAJbNbGKPFXCWuBvf9Ss623VQ5DA success
[2022-02-12T07:55:42.060971000Z DEBUG solana_bpf_loader_program] Program TokenkegQfeZyiNwAJbNbGKPFXCWuBvf9Ss623VQ5DA consumed 3411 of 200000 compute units
[2022-02-12T07:55:42.061034000Z DEBUG solana_program_runtime::stable_log] Program TokenkegQfeZyiNwAJbNbGKPFXCWuBvf9Ss623VQ5DA success
[2022-02-12T07:55:42.064609000Z DEBUG solana_program_runtime::stable_log] Program 11111111111111111111111111111111 invoke [1]
[2022-02-12T07:55:42.064660000Z DEBUG solana_program_runtime::stable_log] Program 11111111111111111111111111111111 success
[2022-02-12T07:55:42.065735000Z DEBUG solana_program_runtime::stable_log] Program 11111111111111111111111111111111 invoke [1]
[2022-02-12T07:55:42.065791000Z DEBUG solana_program_runtime::stable_log] Program 11111111111111111111111111111111 success
[2022-02-12T07:55:42.072869000Z DEBUG solana_program_runtime::stable_log] Program TokenkegQfeZyiNwAJbNbGKPFXCWuBvf9Ss623VQ5DA invoke [1]
[2022-02-12T07:55:42.073377000Z DEBUG solana_program_runtime::stable_log] Program log: Instruction: InitializeAccount
[2022-02-12T07:55:42.073783000Z DEBUG solana_program_runtime::stable_log] Program TokenkegQfeZyiNwAJbNbGKPFXCWuBvf9Ss623VQ5DA invoke [1]
[2022-02-12T07:55:42.074305000Z DEBUG solana_program_runtime::stable_log] Program log: Instruction: InitializeAccount
[2022-02-12T07:55:42.074424000Z DEBUG solana_bpf_loader_program] Program TokenkegQfeZyiNwAJbNbGKPFXCWuBvf9Ss623VQ5DA consumed 3411 of 200000 compute units
[2022-02-12T07:55:42.074484000Z DEBUG solana_program_runtime::stable_log] Program TokenkegQfeZyiNwAJbNbGKPFXCWuBvf9Ss623VQ5DA success
[2022-02-12T07:55:42.075380000Z DEBUG solana_bpf_loader_program] Program TokenkegQfeZyiNwAJbNbGKPFXCWuBvf9Ss623VQ5DA consumed 3411 of 200000 compute units
[2022-02-12T07:55:42.075444000Z DEBUG solana_program_runtime::stable_log] Program TokenkegQfeZyiNwAJbNbGKPFXCWuBvf9Ss623VQ5DA success
[2022-02-12T07:55:42.082326000Z DEBUG solana_program_runtime::stable_log] Program 11111111111111111111111111111111 invoke [1]
[2022-02-12T07:55:42.082379000Z DEBUG solana_program_runtime::stable_log] Program 11111111111111111111111111111111 success
[2022-02-12T07:55:42.082430000Z DEBUG solana_program_runtime::stable_log] Program 11111111111111111111111111111111 invoke [1]
[2022-02-12T07:55:42.082473000Z DEBUG solana_program_runtime::stable_log] Program 11111111111111111111111111111111 success
[2022-02-12T07:55:42.082525000Z DEBUG solana_program_runtime::stable_log] Program 11111111111111111111111111111111 invoke [1]
[2022-02-12T07:55:42.082595000Z DEBUG solana_program_runtime::stable_log] Program 11111111111111111111111111111111 success
[2022-02-12T07:55:42.082824000Z DEBUG solana_program_runtime::stable_log] Program 11111111111111111111111111111111 invoke [1]
[2022-02-12T07:55:42.082868000Z DEBUG solana_program_runtime::stable_log] Program 11111111111111111111111111111111 success
[2022-02-12T07:55:42.082929000Z DEBUG solana_program_runtime::stable_log] Program 11111111111111111111111111111111 invoke [1]
[2022-02-12T07:55:42.082978000Z DEBUG solana_program_runtime::stable_log] Program 11111111111111111111111111111111 success
[2022-02-12T07:55:42.084714000Z DEBUG solana_program_runtime::stable_log] Program 11111111111111111111111111111111 invoke [1]
[2022-02-12T07:55:42.084765000Z DEBUG solana_program_runtime::stable_log] Program 11111111111111111111111111111111 success
[2022-02-12T07:55:42.084816000Z DEBUG solana_program_runtime::stable_log] Program 11111111111111111111111111111111 invoke [1]
[2022-02-12T07:55:42.084859000Z DEBUG solana_program_runtime::stable_log] Program 11111111111111111111111111111111 success
[2022-02-12T07:55:42.084908000Z DEBUG solana_program_runtime::stable_log] Program 11111111111111111111111111111111 invoke [1]
[2022-02-12T07:55:42.084979000Z DEBUG solana_program_runtime::stable_log] Program 11111111111111111111111111111111 success
[2022-02-12T07:55:42.085211000Z DEBUG solana_program_runtime::stable_log] Program 11111111111111111111111111111111 invoke [1]
[2022-02-12T07:55:42.085258000Z DEBUG solana_program_runtime::stable_log] Program 11111111111111111111111111111111 success
[2022-02-12T07:55:42.085319000Z DEBUG solana_program_runtime::stable_log] Program 11111111111111111111111111111111 invoke [1]
[2022-02-12T07:55:42.085366000Z DEBUG solana_program_runtime::stable_log] Program 11111111111111111111111111111111 success
[2022-02-12T07:55:42.092457000Z DEBUG solana_program_runtime::stable_log] Program CiDwVBFgWV9E5MvXWoLgnEgn2hK7rJikbvfWavzAQz3 invoke [1]
[2022-02-12T07:55:42.094781000Z DEBUG solana_program_runtime::stable_log] Program GcdayuLaLyrdmUu324nahyv33G5poQdLUEZ1nEytDeP invoke [1]
[2022-02-12T07:55:42.097496000Z DEBUG solana_bpf_loader_program] Program CiDwVBFgWV9E5MvXWoLgnEgn2hK7rJikbvfWavzAQz3 consumed 13661 of 200000 compute units
[2022-02-12T07:55:42.097613000Z DEBUG solana_program_runtime::stable_log] Program CiDwVBFgWV9E5MvXWoLgnEgn2hK7rJikbvfWavzAQz3 success
[2022-02-12T07:55:42.099756000Z DEBUG solana_bpf_loader_program] Program GcdayuLaLyrdmUu324nahyv33G5poQdLUEZ1nEytDeP consumed 13654 of 200000 compute units
[2022-02-12T07:55:42.099881000Z DEBUG solana_program_runtime::stable_log] Program GcdayuLaLyrdmUu324nahyv33G5poQdLUEZ1nEytDeP success
[2022-02-12T07:55:42.105125000Z DEBUG solana_program_runtime::stable_log] Program 11111111111111111111111111111111 invoke [1]
[2022-02-12T07:55:42.105199000Z DEBUG solana_program_runtime::stable_log] Program 11111111111111111111111111111111 success
[2022-02-12T07:55:42.107532000Z DEBUG solana_program_runtime::stable_log] Program 11111111111111111111111111111111 invoke [1]
[2022-02-12T07:55:42.107593000Z DEBUG solana_program_runtime::stable_log] Program 11111111111111111111111111111111 success
[2022-02-12T07:55:42.113214000Z DEBUG solana_program_runtime::stable_log] Program TokenkegQfeZyiNwAJbNbGKPFXCWuBvf9Ss623VQ5DA invoke [1]
[2022-02-12T07:55:42.113748000Z DEBUG solana_program_runtime::stable_log] Program log: Instruction: InitializeAccount
[2022-02-12T07:55:42.114796000Z DEBUG solana_bpf_loader_program] Program TokenkegQfeZyiNwAJbNbGKPFXCWuBvf9Ss623VQ5DA consumed 3411 of 200000 compute units
[2022-02-12T07:55:42.114861000Z DEBUG solana_program_runtime::stable_log] Program TokenkegQfeZyiNwAJbNbGKPFXCWuBvf9Ss623VQ5DA success
[2022-02-12T07:55:42.115557000Z DEBUG solana_program_runtime::stable_log] Program TokenkegQfeZyiNwAJbNbGKPFXCWuBvf9Ss623VQ5DA invoke [1]
[2022-02-12T07:55:42.116081000Z DEBUG solana_program_runtime::stable_log] Program log: Instruction: InitializeAccount
[2022-02-12T07:55:42.117126000Z DEBUG solana_bpf_loader_program] Program TokenkegQfeZyiNwAJbNbGKPFXCWuBvf9Ss623VQ5DA consumed 3411 of 200000 compute units
[2022-02-12T07:55:42.117189000Z DEBUG solana_program_runtime::stable_log] Program TokenkegQfeZyiNwAJbNbGKPFXCWuBvf9Ss623VQ5DA success
[2022-02-12T07:55:42.117731000Z DEBUG solana_program_runtime::stable_log] Program 11111111111111111111111111111111 invoke [1]
[2022-02-12T07:55:42.117785000Z DEBUG solana_program_runtime::stable_log] Program 11111111111111111111111111111111 success
[2022-02-12T07:55:42.120173000Z DEBUG solana_program_runtime::stable_log] Program 11111111111111111111111111111111 invoke [1]
[2022-02-12T07:55:42.120225000Z DEBUG solana_program_runtime::stable_log] Program 11111111111111111111111111111111 success
[2022-02-12T07:55:42.121135000Z DEBUG solana_program_runtime::stable_log] Program 11111111111111111111111111111111 invoke [1]
[2022-02-12T07:55:42.121184000Z DEBUG solana_program_runtime::stable_log] Program 11111111111111111111111111111111 success
[2022-02-12T07:55:42.123604000Z DEBUG solana_program_runtime::stable_log] Program 11111111111111111111111111111111 invoke [1]
[2022-02-12T07:55:42.123653000Z DEBUG solana_program_runtime::stable_log] Program 11111111111111111111111111111111 success
[2022-02-12T07:55:42.132752000Z DEBUG solana_program_runtime::stable_log] Program 8opHzTAnfzRpPEx21XtnrVTX28YQuCpAjcn1PczScKh invoke [1]
[2022-02-12T07:55:42.133485000Z DEBUG solana_program_runtime::stable_log] Program log: Mango: AddSpotMarket
[2022-02-12T07:55:42.135299000Z DEBUG solana_program_runtime::stable_log] Program 4uQeVj5tqViQh7yWWGStvkEG1Zmhx6uasJtWCJziofM invoke [1]
[2022-02-12T07:55:42.135999000Z DEBUG solana_program_runtime::stable_log] Program log: Mango: AddSpotMarket
[2022-02-12T07:55:42.139822000Z DEBUG solana_bpf_loader_program] Program 8opHzTAnfzRpPEx21XtnrVTX28YQuCpAjcn1PczScKh consumed 20669 of 200000 compute units
[2022-02-12T07:55:42.139919000Z DEBUG solana_program_runtime::stable_log] Program 8opHzTAnfzRpPEx21XtnrVTX28YQuCpAjcn1PczScKh success
[2022-02-12T07:55:42.142276000Z DEBUG solana_bpf_loader_program] Program 4uQeVj5tqViQh7yWWGStvkEG1Zmhx6uasJtWCJziofM consumed 20669 of 200000 compute units
[2022-02-12T07:55:42.142369000Z DEBUG solana_program_runtime::stable_log] Program 4uQeVj5tqViQh7yWWGStvkEG1Zmhx6uasJtWCJziofM success
[2022-02-12T07:55:42.145083000Z DEBUG solana_program_runtime::stable_log] Program 11111111111111111111111111111111 invoke [1]
[2022-02-12T07:55:42.145143000Z DEBUG solana_program_runtime::stable_log] Program 11111111111111111111111111111111 success
[2022-02-12T07:55:42.147476000Z DEBUG solana_program_runtime::stable_log] Program 11111111111111111111111111111111 invoke [1]
[2022-02-12T07:55:42.147524000Z DEBUG solana_program_runtime::stable_log] Program 11111111111111111111111111111111 success
[2022-02-12T07:55:42.153101000Z DEBUG solana_program_runtime::stable_log] Program TokenkegQfeZyiNwAJbNbGKPFXCWuBvf9Ss623VQ5DA invoke [1]
[2022-02-12T07:55:42.153610000Z DEBUG solana_program_runtime::stable_log] Program log: Instruction: InitializeAccount
[2022-02-12T07:55:42.154651000Z DEBUG solana_bpf_loader_program] Program TokenkegQfeZyiNwAJbNbGKPFXCWuBvf9Ss623VQ5DA consumed 3411 of 200000 compute units
[2022-02-12T07:55:42.154715000Z DEBUG solana_program_runtime::stable_log] Program TokenkegQfeZyiNwAJbNbGKPFXCWuBvf9Ss623VQ5DA success
[2022-02-12T07:55:42.155469000Z DEBUG solana_program_runtime::stable_log] Program TokenkegQfeZyiNwAJbNbGKPFXCWuBvf9Ss623VQ5DA invoke [1]
[2022-02-12T07:55:42.155985000Z DEBUG solana_program_runtime::stable_log] Program log: Instruction: InitializeAccount
[2022-02-12T07:55:42.157034000Z DEBUG solana_bpf_loader_program] Program TokenkegQfeZyiNwAJbNbGKPFXCWuBvf9Ss623VQ5DA consumed 3411 of 200000 compute units
[2022-02-12T07:55:42.157091000Z DEBUG solana_program_runtime::stable_log] Program TokenkegQfeZyiNwAJbNbGKPFXCWuBvf9Ss623VQ5DA success
[2022-02-12T07:55:42.157990000Z DEBUG solana_program_runtime::stable_log] Program 11111111111111111111111111111111 invoke [1]
[2022-02-12T07:55:42.158043000Z DEBUG solana_program_runtime::stable_log] Program 11111111111111111111111111111111 success
[2022-02-12T07:55:42.161011000Z DEBUG solana_program_runtime::stable_log] Program 11111111111111111111111111111111 invoke [1]
[2022-02-12T07:55:42.161068000Z DEBUG solana_program_runtime::stable_log] Program 11111111111111111111111111111111 success
[2022-02-12T07:55:42.165961000Z DEBUG solana_program_runtime::stable_log] Program TokenkegQfeZyiNwAJbNbGKPFXCWuBvf9Ss623VQ5DA invoke [1]
[2022-02-12T07:55:42.166465000Z DEBUG solana_program_runtime::stable_log] Program log: Instruction: InitializeAccount
[2022-02-12T07:55:42.167500000Z DEBUG solana_bpf_loader_program] Program TokenkegQfeZyiNwAJbNbGKPFXCWuBvf9Ss623VQ5DA consumed 3411 of 200000 compute units
[2022-02-12T07:55:42.167558000Z DEBUG solana_program_runtime::stable_log] Program TokenkegQfeZyiNwAJbNbGKPFXCWuBvf9Ss623VQ5DA success
[2022-02-12T07:55:42.168998000Z DEBUG solana_program_runtime::stable_log] Program TokenkegQfeZyiNwAJbNbGKPFXCWuBvf9Ss623VQ5DA invoke [1]
[2022-02-12T07:55:42.169509000Z DEBUG solana_program_runtime::stable_log] Program log: Instruction: InitializeAccount
[2022-02-12T07:55:42.170553000Z DEBUG solana_bpf_loader_program] Program TokenkegQfeZyiNwAJbNbGKPFXCWuBvf9Ss623VQ5DA consumed 3411 of 200000 compute units
[2022-02-12T07:55:42.170608000Z DEBUG solana_program_runtime::stable_log] Program TokenkegQfeZyiNwAJbNbGKPFXCWuBvf9Ss623VQ5DA success
[2022-02-12T07:55:42.175672000Z DEBUG solana_program_runtime::stable_log] Program 11111111111111111111111111111111 invoke [1]
[2022-02-12T07:55:42.175727000Z DEBUG solana_program_runtime::stable_log] Program 11111111111111111111111111111111 success
[2022-02-12T07:55:42.175779000Z DEBUG solana_program_runtime::stable_log] Program 11111111111111111111111111111111 invoke [1]
[2022-02-12T07:55:42.175822000Z DEBUG solana_program_runtime::stable_log] Program 11111111111111111111111111111111 success
[2022-02-12T07:55:42.175871000Z DEBUG solana_program_runtime::stable_log] Program 11111111111111111111111111111111 invoke [1]
[2022-02-12T07:55:42.175947000Z DEBUG solana_program_runtime::stable_log] Program 11111111111111111111111111111111 success
[2022-02-12T07:55:42.176175000Z DEBUG solana_program_runtime::stable_log] Program 11111111111111111111111111111111 invoke [1]
[2022-02-12T07:55:42.176221000Z DEBUG solana_program_runtime::stable_log] Program 11111111111111111111111111111111 success
[2022-02-12T07:55:42.176284000Z DEBUG solana_program_runtime::stable_log] Program 11111111111111111111111111111111 invoke [1]
[2022-02-12T07:55:42.176333000Z DEBUG solana_program_runtime::stable_log] Program 11111111111111111111111111111111 success
[2022-02-12T07:55:42.178883000Z DEBUG solana_program_runtime::stable_log] Program 11111111111111111111111111111111 invoke [1]
[2022-02-12T07:55:42.178938000Z DEBUG solana_program_runtime::stable_log] Program 11111111111111111111111111111111 success
[2022-02-12T07:55:42.178991000Z DEBUG solana_program_runtime::stable_log] Program 11111111111111111111111111111111 invoke [1]
[2022-02-12T07:55:42.179034000Z DEBUG solana_program_runtime::stable_log] Program 11111111111111111111111111111111 success
[2022-02-12T07:55:42.179083000Z DEBUG solana_program_runtime::stable_log] Program 11111111111111111111111111111111 invoke [1]
[2022-02-12T07:55:42.179155000Z DEBUG solana_program_runtime::stable_log] Program 11111111111111111111111111111111 success
[2022-02-12T07:55:42.179385000Z DEBUG solana_program_runtime::stable_log] Program 11111111111111111111111111111111 invoke [1]
[2022-02-12T07:55:42.179430000Z DEBUG solana_program_runtime::stable_log] Program 11111111111111111111111111111111 success
[2022-02-12T07:55:42.179490000Z DEBUG solana_program_runtime::stable_log] Program 11111111111111111111111111111111 invoke [1]
[2022-02-12T07:55:42.179535000Z DEBUG solana_program_runtime::stable_log] Program 11111111111111111111111111111111 success
[2022-02-12T07:55:42.185811000Z DEBUG solana_program_runtime::stable_log] Program CiDwVBFgWV9E5MvXWoLgnEgn2hK7rJikbvfWavzAQz3 invoke [1]
[2022-02-12T07:55:42.188982000Z DEBUG solana_program_runtime::stable_log] Program GcdayuLaLyrdmUu324nahyv33G5poQdLUEZ1nEytDeP invoke [1]
[2022-02-12T07:55:42.190979000Z DEBUG solana_bpf_loader_program] Program CiDwVBFgWV9E5MvXWoLgnEgn2hK7rJikbvfWavzAQz3 consumed 13661 of 200000 compute units
[2022-02-12T07:55:42.191099000Z DEBUG solana_program_runtime::stable_log] Program CiDwVBFgWV9E5MvXWoLgnEgn2hK7rJikbvfWavzAQz3 success
[2022-02-12T07:55:42.194043000Z DEBUG solana_bpf_loader_program] Program GcdayuLaLyrdmUu324nahyv33G5poQdLUEZ1nEytDeP consumed 13654 of 200000 compute units
[2022-02-12T07:55:42.194150000Z DEBUG solana_program_runtime::stable_log] Program GcdayuLaLyrdmUu324nahyv33G5poQdLUEZ1nEytDeP success
[2022-02-12T07:55:42.199645000Z DEBUG solana_program_runtime::stable_log] Program 11111111111111111111111111111111 invoke [1]
[2022-02-12T07:55:42.199737000Z DEBUG solana_program_runtime::stable_log] Program 11111111111111111111111111111111 success
[2022-02-12T07:55:42.200611000Z DEBUG solana_program_runtime::stable_log] Program 11111111111111111111111111111111 invoke [1]
[2022-02-12T07:55:42.200659000Z DEBUG solana_program_runtime::stable_log] Program 11111111111111111111111111111111 success
[2022-02-12T07:55:42.207750000Z DEBUG solana_program_runtime::stable_log] Program TokenkegQfeZyiNwAJbNbGKPFXCWuBvf9Ss623VQ5DA invoke [1]
[2022-02-12T07:55:42.208279000Z DEBUG solana_program_runtime::stable_log] Program log: Instruction: InitializeAccount
[2022-02-12T07:55:42.208598000Z DEBUG solana_program_runtime::stable_log] Program TokenkegQfeZyiNwAJbNbGKPFXCWuBvf9Ss623VQ5DA invoke [1]
[2022-02-12T07:55:42.209114000Z DEBUG solana_program_runtime::stable_log] Program log: Instruction: InitializeAccount
[2022-02-12T07:55:42.209327000Z DEBUG solana_bpf_loader_program] Program TokenkegQfeZyiNwAJbNbGKPFXCWuBvf9Ss623VQ5DA consumed 3411 of 200000 compute units
[2022-02-12T07:55:42.209392000Z DEBUG solana_program_runtime::stable_log] Program TokenkegQfeZyiNwAJbNbGKPFXCWuBvf9Ss623VQ5DA success
[2022-02-12T07:55:42.210179000Z DEBUG solana_bpf_loader_program] Program TokenkegQfeZyiNwAJbNbGKPFXCWuBvf9Ss623VQ5DA consumed 3411 of 200000 compute units
[2022-02-12T07:55:42.210252000Z DEBUG solana_program_runtime::stable_log] Program TokenkegQfeZyiNwAJbNbGKPFXCWuBvf9Ss623VQ5DA success
[2022-02-12T07:55:42.212226000Z DEBUG solana_program_runtime::stable_log] Program 11111111111111111111111111111111 invoke [1]
[2022-02-12T07:55:42.212279000Z DEBUG solana_program_runtime::stable_log] Program 11111111111111111111111111111111 success
[2022-02-12T07:55:42.213380000Z DEBUG solana_program_runtime::stable_log] Program 11111111111111111111111111111111 invoke [1]
[2022-02-12T07:55:42.213435000Z DEBUG solana_program_runtime::stable_log] Program 11111111111111111111111111111111 success
[2022-02-12T07:55:42.215700000Z DEBUG solana_program_runtime::stable_log] Program 11111111111111111111111111111111 invoke [1]
[2022-02-12T07:55:42.215750000Z DEBUG solana_program_runtime::stable_log] Program 11111111111111111111111111111111 success
[2022-02-12T07:55:42.216758000Z DEBUG solana_program_runtime::stable_log] Program 11111111111111111111111111111111 invoke [1]
[2022-02-12T07:55:42.216820000Z DEBUG solana_program_runtime::stable_log] Program 11111111111111111111111111111111 success
[2022-02-12T07:55:42.227690000Z DEBUG solana_program_runtime::stable_log] Program 8opHzTAnfzRpPEx21XtnrVTX28YQuCpAjcn1PczScKh invoke [1]
[2022-02-12T07:55:42.228425000Z DEBUG solana_program_runtime::stable_log] Program log: Mango: AddSpotMarket
[2022-02-12T07:55:42.228720000Z DEBUG solana_program_runtime::stable_log] Program 4uQeVj5tqViQh7yWWGStvkEG1Zmhx6uasJtWCJziofM invoke [1]
[2022-02-12T07:55:42.229426000Z DEBUG solana_program_runtime::stable_log] Program log: Mango: AddSpotMarket
[2022-02-12T07:55:42.234606000Z DEBUG solana_bpf_loader_program] Program 8opHzTAnfzRpPEx21XtnrVTX28YQuCpAjcn1PczScKh consumed 20708 of 200000 compute units
[2022-02-12T07:55:42.234695000Z DEBUG solana_program_runtime::stable_log] Program 8opHzTAnfzRpPEx21XtnrVTX28YQuCpAjcn1PczScKh success
[2022-02-12T07:55:42.235587000Z DEBUG solana_bpf_loader_program] Program 4uQeVj5tqViQh7yWWGStvkEG1Zmhx6uasJtWCJziofM consumed 20708 of 200000 compute units
[2022-02-12T07:55:42.235683000Z DEBUG solana_program_runtime::stable_log] Program 4uQeVj5tqViQh7yWWGStvkEG1Zmhx6uasJtWCJziofM success
[2022-02-12T07:55:42.239763000Z DEBUG solana_program_runtime::stable_log] Program 11111111111111111111111111111111 invoke [1]
[2022-02-12T07:55:42.239833000Z DEBUG solana_program_runtime::stable_log] Program 11111111111111111111111111111111 success
[2022-02-12T07:55:42.240597000Z DEBUG solana_program_runtime::stable_log] Program 11111111111111111111111111111111 invoke [1]
[2022-02-12T07:55:42.240650000Z DEBUG solana_program_runtime::stable_log] Program 11111111111111111111111111111111 success
[2022-02-12T07:55:42.247763000Z DEBUG solana_program_runtime::stable_log] Program TokenkegQfeZyiNwAJbNbGKPFXCWuBvf9Ss623VQ5DA invoke [1]
[2022-02-12T07:55:42.248282000Z DEBUG solana_program_runtime::stable_log] Program log: Instruction: InitializeAccount
[2022-02-12T07:55:42.249119000Z DEBUG solana_program_runtime::stable_log] Program TokenkegQfeZyiNwAJbNbGKPFXCWuBvf9Ss623VQ5DA invoke [1]
[2022-02-12T07:55:42.249328000Z DEBUG solana_bpf_loader_program] Program TokenkegQfeZyiNwAJbNbGKPFXCWuBvf9Ss623VQ5DA consumed 3411 of 200000 compute units
[2022-02-12T07:55:42.249393000Z DEBUG solana_program_runtime::stable_log] Program TokenkegQfeZyiNwAJbNbGKPFXCWuBvf9Ss623VQ5DA success
[2022-02-12T07:55:42.249634000Z DEBUG solana_program_runtime::stable_log] Program log: Instruction: InitializeAccount
[2022-02-12T07:55:42.250679000Z DEBUG solana_bpf_loader_program] Program TokenkegQfeZyiNwAJbNbGKPFXCWuBvf9Ss623VQ5DA consumed 3411 of 200000 compute units
[2022-02-12T07:55:42.250739000Z DEBUG solana_program_runtime::stable_log] Program TokenkegQfeZyiNwAJbNbGKPFXCWuBvf9Ss623VQ5DA success
[2022-02-12T07:55:42.253610000Z DEBUG solana_program_runtime::stable_log] Program 11111111111111111111111111111111 invoke [1]
[2022-02-12T07:55:42.253661000Z DEBUG solana_program_runtime::stable_log] Program 11111111111111111111111111111111 success
[2022-02-12T07:55:42.254755000Z DEBUG solana_program_runtime::stable_log] Program 11111111111111111111111111111111 invoke [1]
[2022-02-12T07:55:42.254805000Z DEBUG solana_program_runtime::stable_log] Program 11111111111111111111111111111111 success
[2022-02-12T07:55:42.261562000Z DEBUG solana_program_runtime::stable_log] Program TokenkegQfeZyiNwAJbNbGKPFXCWuBvf9Ss623VQ5DA invoke [1]
[2022-02-12T07:55:42.262070000Z DEBUG solana_program_runtime::stable_log] Program log: Instruction: InitializeAccount
[2022-02-12T07:55:42.262703000Z DEBUG solana_program_runtime::stable_log] Program TokenkegQfeZyiNwAJbNbGKPFXCWuBvf9Ss623VQ5DA invoke [1]
[2022-02-12T07:55:42.263107000Z DEBUG solana_bpf_loader_program] Program TokenkegQfeZyiNwAJbNbGKPFXCWuBvf9Ss623VQ5DA consumed 3411 of 200000 compute units
[2022-02-12T07:55:42.263164000Z DEBUG solana_program_runtime::stable_log] Program TokenkegQfeZyiNwAJbNbGKPFXCWuBvf9Ss623VQ5DA success
[2022-02-12T07:55:42.263216000Z DEBUG solana_program_runtime::stable_log] Program log: Instruction: InitializeAccount
[2022-02-12T07:55:42.264281000Z DEBUG solana_bpf_loader_program] Program TokenkegQfeZyiNwAJbNbGKPFXCWuBvf9Ss623VQ5DA consumed 3411 of 200000 compute units
[2022-02-12T07:55:42.264343000Z DEBUG solana_program_runtime::stable_log] Program TokenkegQfeZyiNwAJbNbGKPFXCWuBvf9Ss623VQ5DA success
[2022-02-12T07:55:42.271428000Z DEBUG solana_program_runtime::stable_log] Program 11111111111111111111111111111111 invoke [1]
[2022-02-12T07:55:42.271478000Z DEBUG solana_program_runtime::stable_log] Program 11111111111111111111111111111111 success
[2022-02-12T07:55:42.271529000Z DEBUG solana_program_runtime::stable_log] Program 11111111111111111111111111111111 invoke [1]
[2022-02-12T07:55:42.271571000Z DEBUG solana_program_runtime::stable_log] Program 11111111111111111111111111111111 success
[2022-02-12T07:55:42.271620000Z DEBUG solana_program_runtime::stable_log] Program 11111111111111111111111111111111 invoke [1]
[2022-02-12T07:55:42.271690000Z DEBUG solana_program_runtime::stable_log] Program 11111111111111111111111111111111 success
[2022-02-12T07:55:42.271921000Z DEBUG solana_program_runtime::stable_log] Program 11111111111111111111111111111111 invoke [1]
[2022-02-12T07:55:42.271965000Z DEBUG solana_program_runtime::stable_log] Program 11111111111111111111111111111111 success
[2022-02-12T07:55:42.272024000Z DEBUG solana_program_runtime::stable_log] Program 11111111111111111111111111111111 invoke [1]
[2022-02-12T07:55:42.272074000Z DEBUG solana_program_runtime::stable_log] Program 11111111111111111111111111111111 success
[2022-02-12T07:55:42.272679000Z DEBUG solana_program_runtime::stable_log] Program 11111111111111111111111111111111 invoke [1]
[2022-02-12T07:55:42.272729000Z DEBUG solana_program_runtime::stable_log] Program 11111111111111111111111111111111 success
[2022-02-12T07:55:42.272779000Z DEBUG solana_program_runtime::stable_log] Program 11111111111111111111111111111111 invoke [1]
[2022-02-12T07:55:42.272821000Z DEBUG solana_program_runtime::stable_log] Program 11111111111111111111111111111111 success
[2022-02-12T07:55:42.272869000Z DEBUG solana_program_runtime::stable_log] Program 11111111111111111111111111111111 invoke [1]
[2022-02-12T07:55:42.272945000Z DEBUG solana_program_runtime::stable_log] Program 11111111111111111111111111111111 success
[2022-02-12T07:55:42.273164000Z DEBUG solana_program_runtime::stable_log] Program 11111111111111111111111111111111 invoke [1]
[2022-02-12T07:55:42.273210000Z DEBUG solana_program_runtime::stable_log] Program 11111111111111111111111111111111 success
[2022-02-12T07:55:42.273270000Z DEBUG solana_program_runtime::stable_log] Program 11111111111111111111111111111111 invoke [1]
[2022-02-12T07:55:42.273313000Z DEBUG solana_program_runtime::stable_log] Program 11111111111111111111111111111111 success
[2022-02-12T07:55:42.281571000Z DEBUG solana_program_runtime::stable_log] Program CiDwVBFgWV9E5MvXWoLgnEgn2hK7rJikbvfWavzAQz3 invoke [1]
[2022-02-12T07:55:42.282607000Z DEBUG solana_program_runtime::stable_log] Program GcdayuLaLyrdmUu324nahyv33G5poQdLUEZ1nEytDeP invoke [1]
[2022-02-12T07:55:42.286676000Z DEBUG solana_bpf_loader_program] Program CiDwVBFgWV9E5MvXWoLgnEgn2hK7rJikbvfWavzAQz3 consumed 13661 of 200000 compute units
[2022-02-12T07:55:42.287035000Z DEBUG solana_program_runtime::stable_log] Program CiDwVBFgWV9E5MvXWoLgnEgn2hK7rJikbvfWavzAQz3 success
[2022-02-12T07:55:42.287748000Z DEBUG solana_bpf_loader_program] Program GcdayuLaLyrdmUu324nahyv33G5poQdLUEZ1nEytDeP consumed 13654 of 200000 compute units
[2022-02-12T07:55:42.287873000Z DEBUG solana_program_runtime::stable_log] Program GcdayuLaLyrdmUu324nahyv33G5poQdLUEZ1nEytDeP success
[2022-02-12T07:55:42.294894000Z DEBUG solana_program_runtime::stable_log] Program 11111111111111111111111111111111 invoke [1]
[2022-02-12T07:55:42.294894000Z DEBUG solana_program_runtime::stable_log] Program 11111111111111111111111111111111 invoke [1]
[2022-02-12T07:55:42.294977000Z DEBUG solana_program_runtime::stable_log] Program 11111111111111111111111111111111 success
[2022-02-12T07:55:42.294977000Z DEBUG solana_program_runtime::stable_log] Program 11111111111111111111111111111111 success
[2022-02-12T07:55:42.303011000Z DEBUG solana_program_runtime::stable_log] Program TokenkegQfeZyiNwAJbNbGKPFXCWuBvf9Ss623VQ5DA invoke [1]
[2022-02-12T07:55:42.303011000Z DEBUG solana_program_runtime::stable_log] Program TokenkegQfeZyiNwAJbNbGKPFXCWuBvf9Ss623VQ5DA invoke [1]
[2022-02-12T07:55:42.303528000Z DEBUG solana_program_runtime::stable_log] Program log: Instruction: InitializeAccount
[2022-02-12T07:55:42.303577000Z DEBUG solana_program_runtime::stable_log] Program log: Instruction: InitializeAccount
[2022-02-12T07:55:42.304572000Z DEBUG solana_bpf_loader_program] Program TokenkegQfeZyiNwAJbNbGKPFXCWuBvf9Ss623VQ5DA consumed 3411 of 200000 compute units
[2022-02-12T07:55:42.304620000Z DEBUG solana_bpf_loader_program] Program TokenkegQfeZyiNwAJbNbGKPFXCWuBvf9Ss623VQ5DA consumed 3411 of 200000 compute units
[2022-02-12T07:55:42.304641000Z DEBUG solana_program_runtime::stable_log] Program TokenkegQfeZyiNwAJbNbGKPFXCWuBvf9Ss623VQ5DA success
[2022-02-12T07:55:42.304679000Z DEBUG solana_program_runtime::stable_log] Program TokenkegQfeZyiNwAJbNbGKPFXCWuBvf9Ss623VQ5DA success
[2022-02-12T07:55:42.307540000Z DEBUG solana_program_runtime::stable_log] Program 11111111111111111111111111111111 invoke [1]
[2022-02-12T07:55:42.307540000Z DEBUG solana_program_runtime::stable_log] Program 11111111111111111111111111111111 invoke [1]
[2022-02-12T07:55:42.307596000Z DEBUG solana_program_runtime::stable_log] Program 11111111111111111111111111111111 success
[2022-02-12T07:55:42.307625000Z DEBUG solana_program_runtime::stable_log] Program 11111111111111111111111111111111 success
[2022-02-12T07:55:42.310902000Z DEBUG solana_program_runtime::stable_log] Program 11111111111111111111111111111111 invoke [1]
[2022-02-12T07:55:42.310938000Z DEBUG solana_program_runtime::stable_log] Program 11111111111111111111111111111111 invoke [1]
[2022-02-12T07:55:42.310951000Z DEBUG solana_program_runtime::stable_log] Program 11111111111111111111111111111111 success
[2022-02-12T07:55:42.310998000Z DEBUG solana_program_runtime::stable_log] Program 11111111111111111111111111111111 success
[2022-02-12T07:55:42.322948000Z DEBUG solana_program_runtime::stable_log] Program 4uQeVj5tqViQh7yWWGStvkEG1Zmhx6uasJtWCJziofM invoke [1]
[2022-02-12T07:55:42.322950000Z DEBUG solana_program_runtime::stable_log] Program 8opHzTAnfzRpPEx21XtnrVTX28YQuCpAjcn1PczScKh invoke [1]
[2022-02-12T07:55:42.323715000Z DEBUG solana_program_runtime::stable_log] Program log: Mango: AddSpotMarket
[2022-02-12T07:55:42.323715000Z DEBUG solana_program_runtime::stable_log] Program log: Mango: AddSpotMarket
[2022-02-12T07:55:42.329923000Z DEBUG solana_bpf_loader_program] Program 8opHzTAnfzRpPEx21XtnrVTX28YQuCpAjcn1PczScKh consumed 20747 of 200000 compute units
[2022-02-12T07:55:42.329948000Z DEBUG solana_bpf_loader_program] Program 4uQeVj5tqViQh7yWWGStvkEG1Zmhx6uasJtWCJziofM consumed 20747 of 200000 compute units
[2022-02-12T07:55:42.330018000Z DEBUG solana_program_runtime::stable_log] Program 8opHzTAnfzRpPEx21XtnrVTX28YQuCpAjcn1PczScKh success
[2022-02-12T07:55:42.330049000Z DEBUG solana_program_runtime::stable_log] Program 4uQeVj5tqViQh7yWWGStvkEG1Zmhx6uasJtWCJziofM success
[2022-02-12T07:55:42.336419000Z DEBUG solana_program_runtime::stable_log] Program 11111111111111111111111111111111 invoke [1]
[2022-02-12T07:55:42.336419000Z DEBUG solana_program_runtime::stable_log] Program 11111111111111111111111111111111 invoke [1]
[2022-02-12T07:55:42.336505000Z DEBUG solana_program_runtime::stable_log] Program 11111111111111111111111111111111 success
[2022-02-12T07:55:42.336522000Z DEBUG solana_program_runtime::stable_log] Program 11111111111111111111111111111111 success
[2022-02-12T07:55:42.344427000Z DEBUG solana_program_runtime::stable_log] Program TokenkegQfeZyiNwAJbNbGKPFXCWuBvf9Ss623VQ5DA invoke [1]
[2022-02-12T07:55:42.344429000Z DEBUG solana_program_runtime::stable_log] Program TokenkegQfeZyiNwAJbNbGKPFXCWuBvf9Ss623VQ5DA invoke [1]
[2022-02-12T07:55:42.344950000Z DEBUG solana_program_runtime::stable_log] Program log: Instruction: InitializeAccount
[2022-02-12T07:55:42.344969000Z DEBUG solana_program_runtime::stable_log] Program log: Instruction: InitializeAccount
[2022-02-12T07:55:42.345997000Z DEBUG solana_bpf_loader_program] Program TokenkegQfeZyiNwAJbNbGKPFXCWuBvf9Ss623VQ5DA consumed 3411 of 200000 compute units
[2022-02-12T07:55:42.346017000Z DEBUG solana_bpf_loader_program] Program TokenkegQfeZyiNwAJbNbGKPFXCWuBvf9Ss623VQ5DA consumed 3411 of 200000 compute units
[2022-02-12T07:55:42.346060000Z DEBUG solana_program_runtime::stable_log] Program TokenkegQfeZyiNwAJbNbGKPFXCWuBvf9Ss623VQ5DA success
[2022-02-12T07:55:42.346074000Z DEBUG solana_program_runtime::stable_log] Program TokenkegQfeZyiNwAJbNbGKPFXCWuBvf9Ss623VQ5DA success
[2022-02-12T07:55:42.349275000Z DEBUG solana_program_runtime::stable_log] Program 11111111111111111111111111111111 invoke [1]
[2022-02-12T07:55:42.349297000Z DEBUG solana_program_runtime::stable_log] Program 11111111111111111111111111111111 invoke [1]
[2022-02-12T07:55:42.349324000Z DEBUG solana_program_runtime::stable_log] Program 11111111111111111111111111111111 success
[2022-02-12T07:55:42.349349000Z DEBUG solana_program_runtime::stable_log] Program 11111111111111111111111111111111 success
[2022-02-12T07:55:42.356965000Z DEBUG solana_program_runtime::stable_log] Program TokenkegQfeZyiNwAJbNbGKPFXCWuBvf9Ss623VQ5DA invoke [1]
[2022-02-12T07:55:42.357032000Z DEBUG solana_program_runtime::stable_log] Program TokenkegQfeZyiNwAJbNbGKPFXCWuBvf9Ss623VQ5DA invoke [1]
[2022-02-12T07:55:42.357468000Z DEBUG solana_program_runtime::stable_log] Program log: Instruction: InitializeAccount
[2022-02-12T07:55:42.357532000Z DEBUG solana_program_runtime::stable_log] Program log: Instruction: InitializeAccount
[2022-02-12T07:55:42.358480000Z DEBUG solana_bpf_loader_program] Program TokenkegQfeZyiNwAJbNbGKPFXCWuBvf9Ss623VQ5DA consumed 3411 of 200000 compute units
[2022-02-12T07:55:42.358539000Z DEBUG solana_program_runtime::stable_log] Program TokenkegQfeZyiNwAJbNbGKPFXCWuBvf9Ss623VQ5DA success
[2022-02-12T07:55:42.358544000Z DEBUG solana_bpf_loader_program] Program TokenkegQfeZyiNwAJbNbGKPFXCWuBvf9Ss623VQ5DA consumed 3411 of 200000 compute units
[2022-02-12T07:55:42.358604000Z DEBUG solana_program_runtime::stable_log] Program TokenkegQfeZyiNwAJbNbGKPFXCWuBvf9Ss623VQ5DA success
[2022-02-12T07:55:42.367063000Z DEBUG solana_program_runtime::stable_log] Program 11111111111111111111111111111111 invoke [1]
[2022-02-12T07:55:42.367090000Z DEBUG solana_program_runtime::stable_log] Program 11111111111111111111111111111111 invoke [1]
[2022-02-12T07:55:42.367117000Z DEBUG solana_program_runtime::stable_log] Program 11111111111111111111111111111111 success
[2022-02-12T07:55:42.367136000Z DEBUG solana_program_runtime::stable_log] Program 11111111111111111111111111111111 success
[2022-02-12T07:55:42.367169000Z DEBUG solana_program_runtime::stable_log] Program 11111111111111111111111111111111 invoke [1]
[2022-02-12T07:55:42.367189000Z DEBUG solana_program_runtime::stable_log] Program 11111111111111111111111111111111 invoke [1]
[2022-02-12T07:55:42.367212000Z DEBUG solana_program_runtime::stable_log] Program 11111111111111111111111111111111 success
[2022-02-12T07:55:42.367232000Z DEBUG solana_program_runtime::stable_log] Program 11111111111111111111111111111111 success
[2022-02-12T07:55:42.367262000Z DEBUG solana_program_runtime::stable_log] Program 11111111111111111111111111111111 invoke [1]
[2022-02-12T07:55:42.367282000Z DEBUG solana_program_runtime::stable_log] Program 11111111111111111111111111111111 invoke [1]
[2022-02-12T07:55:42.367333000Z DEBUG solana_program_runtime::stable_log] Program 11111111111111111111111111111111 success
[2022-02-12T07:55:42.367357000Z DEBUG solana_program_runtime::stable_log] Program 11111111111111111111111111111111 success
[2022-02-12T07:55:42.367566000Z DEBUG solana_program_runtime::stable_log] Program 11111111111111111111111111111111 invoke [1]
[2022-02-12T07:55:42.367588000Z DEBUG solana_program_runtime::stable_log] Program 11111111111111111111111111111111 invoke [1]
[2022-02-12T07:55:42.367611000Z DEBUG solana_program_runtime::stable_log] Program 11111111111111111111111111111111 success
[2022-02-12T07:55:42.367634000Z DEBUG solana_program_runtime::stable_log] Program 11111111111111111111111111111111 success
[2022-02-12T07:55:42.367672000Z DEBUG solana_program_runtime::stable_log] Program 11111111111111111111111111111111 invoke [1]
[2022-02-12T07:55:42.367694000Z DEBUG solana_program_runtime::stable_log] Program 11111111111111111111111111111111 invoke [1]
[2022-02-12T07:55:42.367719000Z DEBUG solana_program_runtime::stable_log] Program 11111111111111111111111111111111 success
[2022-02-12T07:55:42.367739000Z DEBUG solana_program_runtime::stable_log] Program 11111111111111111111111111111111 success
[2022-02-12T07:55:42.377201000Z DEBUG solana_program_runtime::stable_log] Program CiDwVBFgWV9E5MvXWoLgnEgn2hK7rJikbvfWavzAQz3 invoke [1]
[2022-02-12T07:55:42.377205000Z DEBUG solana_program_runtime::stable_log] Program GcdayuLaLyrdmUu324nahyv33G5poQdLUEZ1nEytDeP invoke [1]
[2022-02-12T07:55:42.382312000Z DEBUG solana_bpf_loader_program] Program GcdayuLaLyrdmUu324nahyv33G5poQdLUEZ1nEytDeP consumed 13654 of 200000 compute units
[2022-02-12T07:55:42.382343000Z DEBUG solana_bpf_loader_program] Program CiDwVBFgWV9E5MvXWoLgnEgn2hK7rJikbvfWavzAQz3 consumed 13661 of 200000 compute units
[2022-02-12T07:55:42.382457000Z DEBUG solana_program_runtime::stable_log] Program GcdayuLaLyrdmUu324nahyv33G5poQdLUEZ1nEytDeP success
[2022-02-12T07:55:42.382469000Z DEBUG solana_program_runtime::stable_log] Program CiDwVBFgWV9E5MvXWoLgnEgn2hK7rJikbvfWavzAQz3 success
[2022-02-12T07:55:42.390407000Z DEBUG solana_program_runtime::stable_log] Program 11111111111111111111111111111111 invoke [1]
[2022-02-12T07:55:42.390407000Z DEBUG solana_program_runtime::stable_log] Program 11111111111111111111111111111111 invoke [1]
[2022-02-12T07:55:42.390488000Z DEBUG solana_program_runtime::stable_log] Program 11111111111111111111111111111111 success
[2022-02-12T07:55:42.390509000Z DEBUG solana_program_runtime::stable_log] Program 11111111111111111111111111111111 success
[2022-02-12T07:55:42.398480000Z DEBUG solana_program_runtime::stable_log] Program TokenkegQfeZyiNwAJbNbGKPFXCWuBvf9Ss623VQ5DA invoke [1]
[2022-02-12T07:55:42.398480000Z DEBUG solana_program_runtime::stable_log] Program TokenkegQfeZyiNwAJbNbGKPFXCWuBvf9Ss623VQ5DA invoke [1]
[2022-02-12T07:55:42.399002000Z DEBUG solana_program_runtime::stable_log] Program log: Instruction: InitializeAccount
[2022-02-12T07:55:42.399040000Z DEBUG solana_program_runtime::stable_log] Program log: Instruction: InitializeAccount
[2022-02-12T07:55:42.400039000Z DEBUG solana_bpf_loader_program] Program TokenkegQfeZyiNwAJbNbGKPFXCWuBvf9Ss623VQ5DA consumed 3411 of 200000 compute units
[2022-02-12T07:55:42.400099000Z DEBUG solana_bpf_loader_program] Program TokenkegQfeZyiNwAJbNbGKPFXCWuBvf9Ss623VQ5DA consumed 3411 of 200000 compute units
[2022-02-12T07:55:42.400103000Z DEBUG solana_program_runtime::stable_log] Program TokenkegQfeZyiNwAJbNbGKPFXCWuBvf9Ss623VQ5DA success
[2022-02-12T07:55:42.400163000Z DEBUG solana_program_runtime::stable_log] Program TokenkegQfeZyiNwAJbNbGKPFXCWuBvf9Ss623VQ5DA success
[2022-02-12T07:55:42.403048000Z DEBUG solana_program_runtime::stable_log] Program 11111111111111111111111111111111 invoke [1]
[2022-02-12T07:55:42.403052000Z DEBUG solana_program_runtime::stable_log] Program 11111111111111111111111111111111 invoke [1]
[2022-02-12T07:55:42.403104000Z DEBUG solana_program_runtime::stable_log] Program 11111111111111111111111111111111 success
[2022-02-12T07:55:42.403128000Z DEBUG solana_program_runtime::stable_log] Program 11111111111111111111111111111111 success
[2022-02-12T07:55:42.406499000Z DEBUG solana_program_runtime::stable_log] Program 11111111111111111111111111111111 invoke [1]
[2022-02-12T07:55:42.406554000Z DEBUG solana_program_runtime::stable_log] Program 11111111111111111111111111111111 success
[2022-02-12T07:55:42.406499000Z DEBUG solana_program_runtime::stable_log] Program 11111111111111111111111111111111 invoke [1]
[2022-02-12T07:55:42.406652000Z DEBUG solana_program_runtime::stable_log] Program 11111111111111111111111111111111 success
[2022-02-12T07:55:42.418087000Z DEBUG solana_program_runtime::stable_log] Program 8opHzTAnfzRpPEx21XtnrVTX28YQuCpAjcn1PczScKh invoke [1]
[2022-02-12T07:55:42.418177000Z DEBUG solana_program_runtime::stable_log] Program 4uQeVj5tqViQh7yWWGStvkEG1Zmhx6uasJtWCJziofM invoke [1]
[2022-02-12T07:55:42.418769000Z DEBUG solana_program_runtime::stable_log] Program log: Mango: AddSpotMarket
[2022-02-12T07:55:42.418875000Z DEBUG solana_program_runtime::stable_log] Program log: Mango: AddSpotMarket
[2022-02-12T07:55:42.425167000Z DEBUG solana_bpf_loader_program] Program 8opHzTAnfzRpPEx21XtnrVTX28YQuCpAjcn1PczScKh consumed 20786 of 200000 compute units
[2022-02-12T07:55:42.425177000Z DEBUG solana_bpf_loader_program] Program 4uQeVj5tqViQh7yWWGStvkEG1Zmhx6uasJtWCJziofM consumed 20786 of 200000 compute units
[2022-02-12T07:55:42.425261000Z DEBUG solana_program_runtime::stable_log] Program 4uQeVj5tqViQh7yWWGStvkEG1Zmhx6uasJtWCJziofM success
[2022-02-12T07:55:42.425261000Z DEBUG solana_program_runtime::stable_log] Program 8opHzTAnfzRpPEx21XtnrVTX28YQuCpAjcn1PczScKh success
[2022-02-12T07:55:42.430384000Z DEBUG solana_program_runtime::stable_log] Program 11111111111111111111111111111111 invoke [1]
[2022-02-12T07:55:42.430427000Z DEBUG solana_program_runtime::stable_log] Program 11111111111111111111111111111111 invoke [1]
[2022-02-12T07:55:42.430440000Z DEBUG solana_program_runtime::stable_log] Program 11111111111111111111111111111111 success
[2022-02-12T07:55:42.430480000Z DEBUG solana_program_runtime::stable_log] Program 11111111111111111111111111111111 success
[2022-02-12T07:55:42.438142000Z DEBUG solana_program_runtime::stable_log] Program TokenkegQfeZyiNwAJbNbGKPFXCWuBvf9Ss623VQ5DA invoke [1]
[2022-02-12T07:55:42.438243000Z DEBUG solana_program_runtime::stable_log] Program TokenkegQfeZyiNwAJbNbGKPFXCWuBvf9Ss623VQ5DA invoke [1]
[2022-02-12T07:55:42.438645000Z DEBUG solana_program_runtime::stable_log] Program log: Instruction: InitializeAccount
[2022-02-12T07:55:42.438742000Z DEBUG solana_program_runtime::stable_log] Program log: Instruction: InitializeAccount
[2022-02-12T07:55:42.439658000Z DEBUG solana_bpf_loader_program] Program TokenkegQfeZyiNwAJbNbGKPFXCWuBvf9Ss623VQ5DA consumed 3411 of 200000 compute units
[2022-02-12T07:55:42.439718000Z DEBUG solana_program_runtime::stable_log] Program TokenkegQfeZyiNwAJbNbGKPFXCWuBvf9Ss623VQ5DA success
[2022-02-12T07:55:42.439755000Z DEBUG solana_bpf_loader_program] Program TokenkegQfeZyiNwAJbNbGKPFXCWuBvf9Ss623VQ5DA consumed 3411 of 200000 compute units
[2022-02-12T07:55:42.439819000Z DEBUG solana_program_runtime::stable_log] Program TokenkegQfeZyiNwAJbNbGKPFXCWuBvf9Ss623VQ5DA success
[2022-02-12T07:55:42.443277000Z DEBUG solana_program_runtime::stable_log] Program 11111111111111111111111111111111 invoke [1]
[2022-02-12T07:55:42.443296000Z DEBUG solana_program_runtime::stable_log] Program 11111111111111111111111111111111 invoke [1]
[2022-02-12T07:55:42.443333000Z DEBUG solana_program_runtime::stable_log] Program 11111111111111111111111111111111 success
[2022-02-12T07:55:42.443344000Z DEBUG solana_program_runtime::stable_log] Program 11111111111111111111111111111111 success
[2022-02-12T07:55:42.451249000Z DEBUG solana_program_runtime::stable_log] Program TokenkegQfeZyiNwAJbNbGKPFXCWuBvf9Ss623VQ5DA invoke [1]
[2022-02-12T07:55:42.451249000Z DEBUG solana_program_runtime::stable_log] Program TokenkegQfeZyiNwAJbNbGKPFXCWuBvf9Ss623VQ5DA invoke [1]
[2022-02-12T07:55:42.451757000Z DEBUG solana_program_runtime::stable_log] Program log: Instruction: InitializeAccount
[2022-02-12T07:55:42.451843000Z DEBUG solana_program_runtime::stable_log] Program log: Instruction: InitializeAccount
[2022-02-12T07:55:42.452792000Z DEBUG solana_bpf_loader_program] Program TokenkegQfeZyiNwAJbNbGKPFXCWuBvf9Ss623VQ5DA consumed 3411 of 200000 compute units
[2022-02-12T07:55:42.452856000Z DEBUG solana_program_runtime::stable_log] Program TokenkegQfeZyiNwAJbNbGKPFXCWuBvf9Ss623VQ5DA success
[2022-02-12T07:55:42.452907000Z DEBUG solana_bpf_loader_program] Program TokenkegQfeZyiNwAJbNbGKPFXCWuBvf9Ss623VQ5DA consumed 3411 of 200000 compute units
[2022-02-12T07:55:42.452964000Z DEBUG solana_program_runtime::stable_log] Program TokenkegQfeZyiNwAJbNbGKPFXCWuBvf9Ss623VQ5DA success
[2022-02-12T07:55:42.461067000Z DEBUG solana_program_runtime::stable_log] Program 11111111111111111111111111111111 invoke [1]
[2022-02-12T07:55:42.461112000Z DEBUG solana_program_runtime::stable_log] Program 11111111111111111111111111111111 success
[2022-02-12T07:55:42.461155000Z DEBUG solana_program_runtime::stable_log] Program 11111111111111111111111111111111 invoke [1]
[2022-02-12T07:55:42.461160000Z DEBUG solana_program_runtime::stable_log] Program 11111111111111111111111111111111 invoke [1]
[2022-02-12T07:55:42.461207000Z DEBUG solana_program_runtime::stable_log] Program 11111111111111111111111111111111 success
[2022-02-12T07:55:42.461226000Z DEBUG solana_program_runtime::stable_log] Program 11111111111111111111111111111111 success
[2022-02-12T07:55:42.461261000Z DEBUG solana_program_runtime::stable_log] Program 11111111111111111111111111111111 invoke [1]
[2022-02-12T07:55:42.461279000Z DEBUG solana_program_runtime::stable_log] Program 11111111111111111111111111111111 invoke [1]
[2022-02-12T07:55:42.461306000Z DEBUG solana_program_runtime::stable_log] Program 11111111111111111111111111111111 success
[2022-02-12T07:55:42.461352000Z DEBUG solana_program_runtime::stable_log] Program 11111111111111111111111111111111 success
[2022-02-12T07:55:42.461357000Z DEBUG solana_program_runtime::stable_log] Program 11111111111111111111111111111111 invoke [1]
[2022-02-12T07:55:42.461433000Z DEBUG solana_program_runtime::stable_log] Program 11111111111111111111111111111111 success
[2022-02-12T07:55:42.461583000Z DEBUG solana_program_runtime::stable_log] Program 11111111111111111111111111111111 invoke [1]
[2022-02-12T07:55:42.461629000Z DEBUG solana_program_runtime::stable_log] Program 11111111111111111111111111111111 success
[2022-02-12T07:55:42.461651000Z DEBUG solana_program_runtime::stable_log] Program 11111111111111111111111111111111 invoke [1]
[2022-02-12T07:55:42.461687000Z DEBUG solana_program_runtime::stable_log] Program 11111111111111111111111111111111 invoke [1]
[2022-02-12T07:55:42.461697000Z DEBUG solana_program_runtime::stable_log] Program 11111111111111111111111111111111 success
[2022-02-12T07:55:42.461733000Z DEBUG solana_program_runtime::stable_log] Program 11111111111111111111111111111111 success
[2022-02-12T07:55:42.461759000Z DEBUG solana_program_runtime::stable_log] Program 11111111111111111111111111111111 invoke [1]
[2022-02-12T07:55:42.461805000Z DEBUG solana_program_runtime::stable_log] Program 11111111111111111111111111111111 success
[2022-02-12T07:55:42.470928000Z DEBUG solana_program_runtime::stable_log] Program GcdayuLaLyrdmUu324nahyv33G5poQdLUEZ1nEytDeP invoke [1]
[2022-02-12T07:55:42.470974000Z DEBUG solana_program_runtime::stable_log] Program CiDwVBFgWV9E5MvXWoLgnEgn2hK7rJikbvfWavzAQz3 invoke [1]
[2022-02-12T07:55:42.476028000Z DEBUG solana_bpf_loader_program] Program GcdayuLaLyrdmUu324nahyv33G5poQdLUEZ1nEytDeP consumed 13654 of 200000 compute units
[2022-02-12T07:55:42.476107000Z DEBUG solana_bpf_loader_program] Program CiDwVBFgWV9E5MvXWoLgnEgn2hK7rJikbvfWavzAQz3 consumed 13661 of 200000 compute units
[2022-02-12T07:55:42.476140000Z DEBUG solana_program_runtime::stable_log] Program GcdayuLaLyrdmUu324nahyv33G5poQdLUEZ1nEytDeP success
[2022-02-12T07:55:42.476226000Z DEBUG solana_program_runtime::stable_log] Program CiDwVBFgWV9E5MvXWoLgnEgn2hK7rJikbvfWavzAQz3 success
[2022-02-12T07:55:42.484041000Z DEBUG solana_program_runtime::stable_log] Program 11111111111111111111111111111111 invoke [1]
[2022-02-12T07:55:42.484075000Z DEBUG solana_program_runtime::stable_log] Program 11111111111111111111111111111111 invoke [1]
[2022-02-12T07:55:42.484111000Z DEBUG solana_program_runtime::stable_log] Program 11111111111111111111111111111111 success
[2022-02-12T07:55:42.484147000Z DEBUG solana_program_runtime::stable_log] Program 11111111111111111111111111111111 success
[2022-02-12T07:55:42.491911000Z DEBUG solana_program_runtime::stable_log] Program TokenkegQfeZyiNwAJbNbGKPFXCWuBvf9Ss623VQ5DA invoke [1]
[2022-02-12T07:55:42.491948000Z DEBUG solana_program_runtime::stable_log] Program TokenkegQfeZyiNwAJbNbGKPFXCWuBvf9Ss623VQ5DA invoke [1]
[2022-02-12T07:55:42.492415000Z DEBUG solana_program_runtime::stable_log] Program log: Instruction: InitializeAccount
[2022-02-12T07:55:42.492453000Z DEBUG solana_program_runtime::stable_log] Program log: Instruction: InitializeAccount
[2022-02-12T07:55:42.493435000Z DEBUG solana_bpf_loader_program] Program TokenkegQfeZyiNwAJbNbGKPFXCWuBvf9Ss623VQ5DA consumed 3411 of 200000 compute units
[2022-02-12T07:55:42.493469000Z DEBUG solana_bpf_loader_program] Program TokenkegQfeZyiNwAJbNbGKPFXCWuBvf9Ss623VQ5DA consumed 3411 of 200000 compute units
[2022-02-12T07:55:42.493498000Z DEBUG solana_program_runtime::stable_log] Program TokenkegQfeZyiNwAJbNbGKPFXCWuBvf9Ss623VQ5DA success
[2022-02-12T07:55:42.493533000Z DEBUG solana_program_runtime::stable_log] Program TokenkegQfeZyiNwAJbNbGKPFXCWuBvf9Ss623VQ5DA success
[2022-02-12T07:55:42.496729000Z DEBUG solana_program_runtime::stable_log] Program 11111111111111111111111111111111 invoke [1]
[2022-02-12T07:55:42.496730000Z DEBUG solana_program_runtime::stable_log] Program 11111111111111111111111111111111 invoke [1]
[2022-02-12T07:55:42.496781000Z DEBUG solana_program_runtime::stable_log] Program 11111111111111111111111111111111 success
[2022-02-12T07:55:42.496787000Z DEBUG solana_program_runtime::stable_log] Program 11111111111111111111111111111111 success
[2022-02-12T07:55:42.500154000Z DEBUG solana_program_runtime::stable_log] Program 11111111111111111111111111111111 invoke [1]
[2022-02-12T07:55:42.500159000Z DEBUG solana_program_runtime::stable_log] Program 11111111111111111111111111111111 invoke [1]
[2022-02-12T07:55:42.500206000Z DEBUG solana_program_runtime::stable_log] Program 11111111111111111111111111111111 success
[2022-02-12T07:55:42.500215000Z DEBUG solana_program_runtime::stable_log] Program 11111111111111111111111111111111 success
[2022-02-12T07:55:42.511779000Z DEBUG solana_program_runtime::stable_log] Program 4uQeVj5tqViQh7yWWGStvkEG1Zmhx6uasJtWCJziofM invoke [1]
[2022-02-12T07:55:42.511839000Z DEBUG solana_program_runtime::stable_log] Program 8opHzTAnfzRpPEx21XtnrVTX28YQuCpAjcn1PczScKh invoke [1]
[2022-02-12T07:55:42.512458000Z DEBUG solana_program_runtime::stable_log] Program log: Mango: AddSpotMarket
[2022-02-12T07:55:42.512538000Z DEBUG solana_program_runtime::stable_log] Program log: Mango: AddSpotMarket
[2022-02-12T07:55:42.518830000Z DEBUG solana_bpf_loader_program] Program 8opHzTAnfzRpPEx21XtnrVTX28YQuCpAjcn1PczScKh consumed 20825 of 200000 compute units
[2022-02-12T07:55:42.518856000Z DEBUG solana_bpf_loader_program] Program 4uQeVj5tqViQh7yWWGStvkEG1Zmhx6uasJtWCJziofM consumed 20825 of 200000 compute units
[2022-02-12T07:55:42.518918000Z DEBUG solana_program_runtime::stable_log] Program 8opHzTAnfzRpPEx21XtnrVTX28YQuCpAjcn1PczScKh success
[2022-02-12T07:55:42.518948000Z DEBUG solana_program_runtime::stable_log] Program 4uQeVj5tqViQh7yWWGStvkEG1Zmhx6uasJtWCJziofM success
[2022-02-12T07:55:42.524075000Z DEBUG solana_program_runtime::stable_log] Program 11111111111111111111111111111111 invoke [1]
[2022-02-12T07:55:42.524072000Z DEBUG solana_program_runtime::stable_log] Program 11111111111111111111111111111111 invoke [1]
[2022-02-12T07:55:42.524142000Z DEBUG solana_program_runtime::stable_log] Program 11111111111111111111111111111111 success
[2022-02-12T07:55:42.524163000Z DEBUG solana_program_runtime::stable_log] Program 11111111111111111111111111111111 success
[2022-02-12T07:55:42.532063000Z DEBUG solana_program_runtime::stable_log] Program TokenkegQfeZyiNwAJbNbGKPFXCWuBvf9Ss623VQ5DA invoke [1]
[2022-02-12T07:55:42.532074000Z DEBUG solana_program_runtime::stable_log] Program TokenkegQfeZyiNwAJbNbGKPFXCWuBvf9Ss623VQ5DA invoke [1]
[2022-02-12T07:55:42.532573000Z DEBUG solana_program_runtime::stable_log] Program log: Instruction: InitializeAccount
[2022-02-12T07:55:42.532589000Z DEBUG solana_program_runtime::stable_log] Program log: Instruction: InitializeAccount
[2022-02-12T07:55:42.533612000Z DEBUG solana_bpf_loader_program] Program TokenkegQfeZyiNwAJbNbGKPFXCWuBvf9Ss623VQ5DA consumed 3411 of 200000 compute units
[2022-02-12T07:55:42.533635000Z DEBUG solana_bpf_loader_program] Program TokenkegQfeZyiNwAJbNbGKPFXCWuBvf9Ss623VQ5DA consumed 3411 of 200000 compute units
[2022-02-12T07:55:42.533672000Z DEBUG solana_program_runtime::stable_log] Program TokenkegQfeZyiNwAJbNbGKPFXCWuBvf9Ss623VQ5DA success
[2022-02-12T07:55:42.533697000Z DEBUG solana_program_runtime::stable_log] Program TokenkegQfeZyiNwAJbNbGKPFXCWuBvf9Ss623VQ5DA success
[2022-02-12T07:55:42.536974000Z DEBUG solana_program_runtime::stable_log] Program 11111111111111111111111111111111 invoke [1]
[2022-02-12T07:55:42.536985000Z DEBUG solana_program_runtime::stable_log] Program 11111111111111111111111111111111 invoke [1]
[2022-02-12T07:55:42.537029000Z DEBUG solana_program_runtime::stable_log] Program 11111111111111111111111111111111 success
[2022-02-12T07:55:42.537035000Z DEBUG solana_program_runtime::stable_log] Program 11111111111111111111111111111111 success
[2022-02-12T07:55:42.544726000Z DEBUG solana_program_runtime::stable_log] Program TokenkegQfeZyiNwAJbNbGKPFXCWuBvf9Ss623VQ5DA invoke [1]
[2022-02-12T07:55:42.544786000Z DEBUG solana_program_runtime::stable_log] Program TokenkegQfeZyiNwAJbNbGKPFXCWuBvf9Ss623VQ5DA invoke [1]
[2022-02-12T07:55:42.545220000Z DEBUG solana_program_runtime::stable_log] Program log: Instruction: InitializeAccount
[2022-02-12T07:55:42.545283000Z DEBUG solana_program_runtime::stable_log] Program log: Instruction: InitializeAccount
[2022-02-12T07:55:42.546227000Z DEBUG solana_bpf_loader_program] Program TokenkegQfeZyiNwAJbNbGKPFXCWuBvf9Ss623VQ5DA consumed 3411 of 200000 compute units
[2022-02-12T07:55:42.546284000Z DEBUG solana_program_runtime::stable_log] Program TokenkegQfeZyiNwAJbNbGKPFXCWuBvf9Ss623VQ5DA success
[2022-02-12T07:55:42.546299000Z DEBUG solana_bpf_loader_program] Program TokenkegQfeZyiNwAJbNbGKPFXCWuBvf9Ss623VQ5DA consumed 3411 of 200000 compute units
[2022-02-12T07:55:42.546365000Z DEBUG solana_program_runtime::stable_log] Program TokenkegQfeZyiNwAJbNbGKPFXCWuBvf9Ss623VQ5DA success
[2022-02-12T07:55:42.554739000Z DEBUG solana_program_runtime::stable_log] Program 11111111111111111111111111111111 invoke [1]
[2022-02-12T07:55:42.554789000Z DEBUG solana_program_runtime::stable_log] Program 11111111111111111111111111111111 success
[2022-02-12T07:55:42.554806000Z DEBUG solana_program_runtime::stable_log] Program 11111111111111111111111111111111 invoke [1]
[2022-02-12T07:55:42.554838000Z DEBUG solana_program_runtime::stable_log] Program 11111111111111111111111111111111 invoke [1]
[2022-02-12T07:55:42.554854000Z DEBUG solana_program_runtime::stable_log] Program 11111111111111111111111111111111 success
[2022-02-12T07:55:42.554883000Z DEBUG solana_program_runtime::stable_log] Program 11111111111111111111111111111111 success
[2022-02-12T07:55:42.554908000Z DEBUG solana_program_runtime::stable_log] Program 11111111111111111111111111111111 invoke [1]
[2022-02-12T07:55:42.554935000Z DEBUG solana_program_runtime::stable_log] Program 11111111111111111111111111111111 invoke [1]
[2022-02-12T07:55:42.554953000Z DEBUG solana_program_runtime::stable_log] Program 11111111111111111111111111111111 success
[2022-02-12T07:55:42.555004000Z DEBUG solana_program_runtime::stable_log] Program 11111111111111111111111111111111 invoke [1]
[2022-02-12T07:55:42.555007000Z DEBUG solana_program_runtime::stable_log] Program 11111111111111111111111111111111 success
[2022-02-12T07:55:42.555083000Z DEBUG solana_program_runtime::stable_log] Program 11111111111111111111111111111111 success
[2022-02-12T07:55:42.555268000Z DEBUG solana_program_runtime::stable_log] Program 11111111111111111111111111111111 invoke [1]
[2022-02-12T07:55:42.555305000Z DEBUG solana_program_runtime::stable_log] Program 11111111111111111111111111111111 invoke [1]
[2022-02-12T07:55:42.555317000Z DEBUG solana_program_runtime::stable_log] Program 11111111111111111111111111111111 success
[2022-02-12T07:55:42.555351000Z DEBUG solana_program_runtime::stable_log] Program 11111111111111111111111111111111 success
[2022-02-12T07:55:42.555380000Z DEBUG solana_program_runtime::stable_log] Program 11111111111111111111111111111111 invoke [1]
[2022-02-12T07:55:42.555413000Z DEBUG solana_program_runtime::stable_log] Program 11111111111111111111111111111111 invoke [1]
[2022-02-12T07:55:42.555428000Z DEBUG solana_program_runtime::stable_log] Program 11111111111111111111111111111111 success
[2022-02-12T07:55:42.555460000Z DEBUG solana_program_runtime::stable_log] Program 11111111111111111111111111111111 success
[2022-02-12T07:55:42.564611000Z DEBUG solana_program_runtime::stable_log] Program GcdayuLaLyrdmUu324nahyv33G5poQdLUEZ1nEytDeP invoke [1]
[2022-02-12T07:55:42.564629000Z DEBUG solana_program_runtime::stable_log] Program CiDwVBFgWV9E5MvXWoLgnEgn2hK7rJikbvfWavzAQz3 invoke [1]
[2022-02-12T07:55:42.569712000Z DEBUG solana_bpf_loader_program] Program GcdayuLaLyrdmUu324nahyv33G5poQdLUEZ1nEytDeP consumed 13654 of 200000 compute units
[2022-02-12T07:55:42.569780000Z DEBUG solana_bpf_loader_program] Program CiDwVBFgWV9E5MvXWoLgnEgn2hK7rJikbvfWavzAQz3 consumed 13661 of 200000 compute units
[2022-02-12T07:55:42.569825000Z DEBUG solana_program_runtime::stable_log] Program GcdayuLaLyrdmUu324nahyv33G5poQdLUEZ1nEytDeP success
[2022-02-12T07:55:42.569900000Z DEBUG solana_program_runtime::stable_log] Program CiDwVBFgWV9E5MvXWoLgnEgn2hK7rJikbvfWavzAQz3 success
[2022-02-12T07:55:42.578987000Z DEBUG solana_program_runtime::stable_log] Program 11111111111111111111111111111111 invoke [1]
[2022-02-12T07:55:42.579073000Z DEBUG solana_program_runtime::stable_log] Program 11111111111111111111111111111111 success
[2022-02-12T07:55:42.579397000Z DEBUG solana_program_runtime::stable_log] Program 11111111111111111111111111111111 invoke [1]
[2022-02-12T07:55:42.579442000Z DEBUG solana_program_runtime::stable_log] Program 11111111111111111111111111111111 success
[2022-02-12T07:55:42.587154000Z DEBUG solana_program_runtime::stable_log] Program TokenkegQfeZyiNwAJbNbGKPFXCWuBvf9Ss623VQ5DA invoke [1]
[2022-02-12T07:55:42.587461000Z DEBUG solana_program_runtime::stable_log] Program TokenkegQfeZyiNwAJbNbGKPFXCWuBvf9Ss623VQ5DA invoke [1]
[2022-02-12T07:55:42.587691000Z DEBUG solana_program_runtime::stable_log] Program log: Instruction: InitializeAccount
[2022-02-12T07:55:42.587959000Z DEBUG solana_program_runtime::stable_log] Program log: Instruction: InitializeAccount
[2022-02-12T07:55:42.588755000Z DEBUG solana_bpf_loader_program] Program TokenkegQfeZyiNwAJbNbGKPFXCWuBvf9Ss623VQ5DA consumed 3411 of 200000 compute units
[2022-02-12T07:55:42.588815000Z DEBUG solana_program_runtime::stable_log] Program TokenkegQfeZyiNwAJbNbGKPFXCWuBvf9Ss623VQ5DA success
[2022-02-12T07:55:42.588999000Z DEBUG solana_bpf_loader_program] Program TokenkegQfeZyiNwAJbNbGKPFXCWuBvf9Ss623VQ5DA consumed 3411 of 200000 compute units
[2022-02-12T07:55:42.589055000Z DEBUG solana_program_runtime::stable_log] Program TokenkegQfeZyiNwAJbNbGKPFXCWuBvf9Ss623VQ5DA success
[2022-02-12T07:55:42.592007000Z DEBUG solana_program_runtime::stable_log] Program 11111111111111111111111111111111 invoke [1]
[2022-02-12T07:55:42.592057000Z DEBUG solana_program_runtime::stable_log] Program 11111111111111111111111111111111 success
[2022-02-12T07:55:42.592831000Z DEBUG solana_program_runtime::stable_log] Program 11111111111111111111111111111111 invoke [1]
[2022-02-12T07:55:42.592876000Z DEBUG solana_program_runtime::stable_log] Program 11111111111111111111111111111111 success
[2022-02-12T07:55:42.595453000Z DEBUG solana_program_runtime::stable_log] Program 11111111111111111111111111111111 invoke [1]
[2022-02-12T07:55:42.595502000Z DEBUG solana_program_runtime::stable_log] Program 11111111111111111111111111111111 success
[2022-02-12T07:55:42.596271000Z DEBUG solana_program_runtime::stable_log] Program 11111111111111111111111111111111 invoke [1]
[2022-02-12T07:55:42.596319000Z DEBUG solana_program_runtime::stable_log] Program 11111111111111111111111111111111 success
[2022-02-12T07:55:42.607472000Z DEBUG solana_program_runtime::stable_log] Program 8opHzTAnfzRpPEx21XtnrVTX28YQuCpAjcn1PczScKh invoke [1]
[2022-02-12T07:55:42.608204000Z DEBUG solana_program_runtime::stable_log] Program log: Mango: AddSpotMarket
[2022-02-12T07:55:42.608224000Z DEBUG solana_program_runtime::stable_log] Program 4uQeVj5tqViQh7yWWGStvkEG1Zmhx6uasJtWCJziofM invoke [1]
[2022-02-12T07:55:42.608926000Z DEBUG solana_program_runtime::stable_log] Program log: Mango: AddSpotMarket
[2022-02-12T07:55:42.614534000Z DEBUG solana_bpf_loader_program] Program 8opHzTAnfzRpPEx21XtnrVTX28YQuCpAjcn1PczScKh consumed 20864 of 200000 compute units
[2022-02-12T07:55:42.614625000Z DEBUG solana_program_runtime::stable_log] Program 8opHzTAnfzRpPEx21XtnrVTX28YQuCpAjcn1PczScKh success
[2022-02-12T07:55:42.615278000Z DEBUG solana_bpf_loader_program] Program 4uQeVj5tqViQh7yWWGStvkEG1Zmhx6uasJtWCJziofM consumed 20864 of 200000 compute units
[2022-02-12T07:55:42.615369000Z DEBUG solana_program_runtime::stable_log] Program 4uQeVj5tqViQh7yWWGStvkEG1Zmhx6uasJtWCJziofM success
[2022-02-12T07:55:42.619612000Z DEBUG solana_program_runtime::stable_log] Program 11111111111111111111111111111111 invoke [1]
[2022-02-12T07:55:42.619670000Z DEBUG solana_program_runtime::stable_log] Program 11111111111111111111111111111111 success
[2022-02-12T07:55:42.620237000Z DEBUG solana_program_runtime::stable_log] Program 11111111111111111111111111111111 invoke [1]
[2022-02-12T07:55:42.620301000Z DEBUG solana_program_runtime::stable_log] Program 11111111111111111111111111111111 success
[2022-02-12T07:55:42.627350000Z DEBUG solana_program_runtime::stable_log] Program TokenkegQfeZyiNwAJbNbGKPFXCWuBvf9Ss623VQ5DA invoke [1]
[2022-02-12T07:55:42.627844000Z DEBUG solana_program_runtime::stable_log] Program log: Instruction: InitializeAccount
[2022-02-12T07:55:42.627953000Z DEBUG solana_program_runtime::stable_log] Program TokenkegQfeZyiNwAJbNbGKPFXCWuBvf9Ss623VQ5DA invoke [1]
[2022-02-12T07:55:42.628462000Z DEBUG solana_program_runtime::stable_log] Program log: Instruction: InitializeAccount
[2022-02-12T07:55:42.628853000Z DEBUG solana_bpf_loader_program] Program TokenkegQfeZyiNwAJbNbGKPFXCWuBvf9Ss623VQ5DA consumed 3411 of 200000 compute units
[2022-02-12T07:55:42.628910000Z DEBUG solana_program_runtime::stable_log] Program TokenkegQfeZyiNwAJbNbGKPFXCWuBvf9Ss623VQ5DA success
[2022-02-12T07:55:42.629478000Z DEBUG solana_bpf_loader_program] Program TokenkegQfeZyiNwAJbNbGKPFXCWuBvf9Ss623VQ5DA consumed 3411 of 200000 compute units
[2022-02-12T07:55:42.629543000Z DEBUG solana_program_runtime::stable_log] Program TokenkegQfeZyiNwAJbNbGKPFXCWuBvf9Ss623VQ5DA success
[2022-02-12T07:55:42.632588000Z DEBUG solana_program_runtime::stable_log] Program 11111111111111111111111111111111 invoke [1]
[2022-02-12T07:55:42.632650000Z DEBUG solana_program_runtime::stable_log] Program 11111111111111111111111111111111 success
[2022-02-12T07:55:42.633095000Z DEBUG solana_program_runtime::stable_log] Program 11111111111111111111111111111111 invoke [1]
[2022-02-12T07:55:42.633144000Z DEBUG solana_program_runtime::stable_log] Program 11111111111111111111111111111111 success
[2022-02-12T07:55:42.640577000Z DEBUG solana_program_runtime::stable_log] Program TokenkegQfeZyiNwAJbNbGKPFXCWuBvf9Ss623VQ5DA invoke [1]
[2022-02-12T07:55:42.641057000Z DEBUG solana_program_runtime::stable_log] Program TokenkegQfeZyiNwAJbNbGKPFXCWuBvf9Ss623VQ5DA invoke [1]
[2022-02-12T07:55:42.641092000Z DEBUG solana_program_runtime::stable_log] Program log: Instruction: InitializeAccount
[2022-02-12T07:55:42.641579000Z DEBUG solana_program_runtime::stable_log] Program log: Instruction: InitializeAccount
[2022-02-12T07:55:42.642129000Z DEBUG solana_bpf_loader_program] Program TokenkegQfeZyiNwAJbNbGKPFXCWuBvf9Ss623VQ5DA consumed 3411 of 200000 compute units
[2022-02-12T07:55:42.642194000Z DEBUG solana_program_runtime::stable_log] Program TokenkegQfeZyiNwAJbNbGKPFXCWuBvf9Ss623VQ5DA success
[2022-02-12T07:55:42.642644000Z DEBUG solana_bpf_loader_program] Program TokenkegQfeZyiNwAJbNbGKPFXCWuBvf9Ss623VQ5DA consumed 3411 of 200000 compute units
[2022-02-12T07:55:42.642700000Z DEBUG solana_program_runtime::stable_log] Program TokenkegQfeZyiNwAJbNbGKPFXCWuBvf9Ss623VQ5DA success
[2022-02-12T07:55:42.650445000Z DEBUG solana_program_runtime::stable_log] Program 11111111111111111111111111111111 invoke [1]
[2022-02-12T07:55:42.650499000Z DEBUG solana_program_runtime::stable_log] Program 11111111111111111111111111111111 success
[2022-02-12T07:55:42.650550000Z DEBUG solana_program_runtime::stable_log] Program 11111111111111111111111111111111 invoke [1]
[2022-02-12T07:55:42.650592000Z DEBUG solana_program_runtime::stable_log] Program 11111111111111111111111111111111 success
[2022-02-12T07:55:42.650640000Z DEBUG solana_program_runtime::stable_log] Program 11111111111111111111111111111111 invoke [1]
[2022-02-12T07:55:42.650709000Z DEBUG solana_program_runtime::stable_log] Program 11111111111111111111111111111111 success
[2022-02-12T07:55:42.650893000Z DEBUG solana_program_runtime::stable_log] Program 11111111111111111111111111111111 invoke [1]
[2022-02-12T07:55:42.650938000Z DEBUG solana_program_runtime::stable_log] Program 11111111111111111111111111111111 invoke [1]
[2022-02-12T07:55:42.650939000Z DEBUG solana_program_runtime::stable_log] Program 11111111111111111111111111111111 success
[2022-02-12T07:55:42.650984000Z DEBUG solana_program_runtime::stable_log] Program 11111111111111111111111111111111 success
[2022-02-12T07:55:42.650996000Z DEBUG solana_program_runtime::stable_log] Program 11111111111111111111111111111111 invoke [1]
[2022-02-12T07:55:42.651037000Z DEBUG solana_program_runtime::stable_log] Program 11111111111111111111111111111111 success
[2022-02-12T07:55:42.651044000Z DEBUG solana_program_runtime::stable_log] Program 11111111111111111111111111111111 invoke [1]
[2022-02-12T07:55:42.651085000Z DEBUG solana_program_runtime::stable_log] Program 11111111111111111111111111111111 invoke [1]
[2022-02-12T07:55:42.651088000Z DEBUG solana_program_runtime::stable_log] Program 11111111111111111111111111111111 success
[2022-02-12T07:55:42.651153000Z DEBUG solana_program_runtime::stable_log] Program 11111111111111111111111111111111 success
[2022-02-12T07:55:42.651381000Z DEBUG solana_program_runtime::stable_log] Program 11111111111111111111111111111111 invoke [1]
[2022-02-12T07:55:42.651425000Z DEBUG solana_program_runtime::stable_log] Program 11111111111111111111111111111111 success
[2022-02-12T07:55:42.651485000Z DEBUG solana_program_runtime::stable_log] Program 11111111111111111111111111111111 invoke [1]
[2022-02-12T07:55:42.651528000Z DEBUG solana_program_runtime::stable_log] Program 11111111111111111111111111111111 success
[2022-02-12T07:55:42.660586000Z DEBUG solana_program_runtime::stable_log] Program CiDwVBFgWV9E5MvXWoLgnEgn2hK7rJikbvfWavzAQz3 invoke [1]
[2022-02-12T07:55:42.661002000Z DEBUG solana_program_runtime::stable_log] Program GcdayuLaLyrdmUu324nahyv33G5poQdLUEZ1nEytDeP invoke [1]
[2022-02-12T07:55:42.665765000Z DEBUG solana_bpf_loader_program] Program CiDwVBFgWV9E5MvXWoLgnEgn2hK7rJikbvfWavzAQz3 consumed 13661 of 200000 compute units
[2022-02-12T07:55:42.665892000Z DEBUG solana_program_runtime::stable_log] Program CiDwVBFgWV9E5MvXWoLgnEgn2hK7rJikbvfWavzAQz3 success
[2022-02-12T07:55:42.666082000Z DEBUG solana_bpf_loader_program] Program GcdayuLaLyrdmUu324nahyv33G5poQdLUEZ1nEytDeP consumed 13654 of 200000 compute units
[2022-02-12T07:55:42.666204000Z DEBUG solana_program_runtime::stable_log] Program GcdayuLaLyrdmUu324nahyv33G5poQdLUEZ1nEytDeP success
[2022-02-12T07:55:42.673826000Z DEBUG solana_program_runtime::stable_log] Program 11111111111111111111111111111111 invoke [1]
[2022-02-12T07:55:42.673876000Z DEBUG solana_program_runtime::stable_log] Program 11111111111111111111111111111111 success
[2022-02-12T07:55:42.673926000Z DEBUG solana_program_runtime::stable_log] Program 11111111111111111111111111111111 invoke [1]
[2022-02-12T07:55:42.674003000Z DEBUG solana_program_runtime::stable_log] Program 11111111111111111111111111111111 success
[2022-02-12T07:55:42.681508000Z DEBUG solana_program_runtime::stable_log] Program TokenkegQfeZyiNwAJbNbGKPFXCWuBvf9Ss623VQ5DA invoke [1]
[2022-02-12T07:55:42.681836000Z DEBUG solana_program_runtime::stable_log] Program TokenkegQfeZyiNwAJbNbGKPFXCWuBvf9Ss623VQ5DA invoke [1]
[2022-02-12T07:55:42.682005000Z DEBUG solana_program_runtime::stable_log] Program log: Instruction: InitializeAccount
[2022-02-12T07:55:42.682332000Z DEBUG solana_program_runtime::stable_log] Program log: Instruction: InitializeAccount
[2022-02-12T07:55:42.683021000Z DEBUG solana_bpf_loader_program] Program TokenkegQfeZyiNwAJbNbGKPFXCWuBvf9Ss623VQ5DA consumed 3411 of 200000 compute units
[2022-02-12T07:55:42.683077000Z DEBUG solana_program_runtime::stable_log] Program TokenkegQfeZyiNwAJbNbGKPFXCWuBvf9Ss623VQ5DA success
[2022-02-12T07:55:42.683353000Z DEBUG solana_bpf_loader_program] Program TokenkegQfeZyiNwAJbNbGKPFXCWuBvf9Ss623VQ5DA consumed 3411 of 200000 compute units
[2022-02-12T07:55:42.683417000Z DEBUG solana_program_runtime::stable_log] Program TokenkegQfeZyiNwAJbNbGKPFXCWuBvf9Ss623VQ5DA success
[2022-02-12T07:55:42.686502000Z DEBUG solana_program_runtime::stable_log] Program 11111111111111111111111111111111 invoke [1]
[2022-02-12T07:55:42.686502000Z DEBUG solana_program_runtime::stable_log] Program 11111111111111111111111111111111 invoke [1]
[2022-02-12T07:55:42.686553000Z DEBUG solana_program_runtime::stable_log] Program 11111111111111111111111111111111 success
[2022-02-12T07:55:42.686585000Z DEBUG solana_program_runtime::stable_log] Program 11111111111111111111111111111111 success
[2022-02-12T07:55:42.689921000Z DEBUG solana_program_runtime::stable_log] Program 11111111111111111111111111111111 invoke [1]
[2022-02-12T07:55:42.689931000Z DEBUG solana_program_runtime::stable_log] Program 11111111111111111111111111111111 invoke [1]
[2022-02-12T07:55:42.689974000Z DEBUG solana_program_runtime::stable_log] Program 11111111111111111111111111111111 success
[2022-02-12T07:55:42.689981000Z DEBUG solana_program_runtime::stable_log] Program 11111111111111111111111111111111 success
[2022-02-12T07:55:42.701954000Z DEBUG solana_program_runtime::stable_log] Program 4uQeVj5tqViQh7yWWGStvkEG1Zmhx6uasJtWCJziofM invoke [1]
[2022-02-12T07:55:42.701953000Z DEBUG solana_program_runtime::stable_log] Program 8opHzTAnfzRpPEx21XtnrVTX28YQuCpAjcn1PczScKh invoke [1]
[2022-02-12T07:55:42.702698000Z DEBUG solana_program_runtime::stable_log] Program log: Mango: AddSpotMarket
[2022-02-12T07:55:42.702715000Z DEBUG solana_program_runtime::stable_log] Program log: Mango: AddSpotMarket
[2022-02-12T07:55:42.709031000Z DEBUG solana_bpf_loader_program] Program 4uQeVj5tqViQh7yWWGStvkEG1Zmhx6uasJtWCJziofM consumed 20903 of 200000 compute units
[2022-02-12T07:55:42.709032000Z DEBUG solana_bpf_loader_program] Program 8opHzTAnfzRpPEx21XtnrVTX28YQuCpAjcn1PczScKh consumed 20903 of 200000 compute units
[2022-02-12T07:55:42.709125000Z DEBUG solana_program_runtime::stable_log] Program 8opHzTAnfzRpPEx21XtnrVTX28YQuCpAjcn1PczScKh success
[2022-02-12T07:55:42.709128000Z DEBUG solana_program_runtime::stable_log] Program 4uQeVj5tqViQh7yWWGStvkEG1Zmhx6uasJtWCJziofM success
[2022-02-12T07:55:42.715247000Z DEBUG solana_program_runtime::stable_log] Program 11111111111111111111111111111111 invoke [1]
[2022-02-12T07:55:42.715246000Z DEBUG solana_program_runtime::stable_log] Program 11111111111111111111111111111111 invoke [1]
[2022-02-12T07:55:42.715318000Z DEBUG solana_program_runtime::stable_log] Program 11111111111111111111111111111111 success
[2022-02-12T07:55:42.715351000Z DEBUG solana_program_runtime::stable_log] Program 11111111111111111111111111111111 success
[2022-02-12T07:55:42.723240000Z DEBUG solana_program_runtime::stable_log] Program TokenkegQfeZyiNwAJbNbGKPFXCWuBvf9Ss623VQ5DA invoke [1]
[2022-02-12T07:55:42.723253000Z DEBUG solana_program_runtime::stable_log] Program TokenkegQfeZyiNwAJbNbGKPFXCWuBvf9Ss623VQ5DA invoke [1]
[2022-02-12T07:55:42.723747000Z DEBUG solana_program_runtime::stable_log] Program log: Instruction: InitializeAccount
[2022-02-12T07:55:42.723768000Z DEBUG solana_program_runtime::stable_log] Program log: Instruction: InitializeAccount
[2022-02-12T07:55:42.724784000Z DEBUG solana_bpf_loader_program] Program TokenkegQfeZyiNwAJbNbGKPFXCWuBvf9Ss623VQ5DA consumed 3411 of 200000 compute units
[2022-02-12T07:55:42.724819000Z DEBUG solana_bpf_loader_program] Program TokenkegQfeZyiNwAJbNbGKPFXCWuBvf9Ss623VQ5DA consumed 3411 of 200000 compute units
[2022-02-12T07:55:42.724849000Z DEBUG solana_program_runtime::stable_log] Program TokenkegQfeZyiNwAJbNbGKPFXCWuBvf9Ss623VQ5DA success
[2022-02-12T07:55:42.724873000Z DEBUG solana_program_runtime::stable_log] Program TokenkegQfeZyiNwAJbNbGKPFXCWuBvf9Ss623VQ5DA success
[2022-02-12T07:55:42.728145000Z DEBUG solana_program_runtime::stable_log] Program 11111111111111111111111111111111 invoke [1]
[2022-02-12T07:55:42.728148000Z DEBUG solana_program_runtime::stable_log] Program 11111111111111111111111111111111 invoke [1]
[2022-02-12T07:55:42.728199000Z DEBUG solana_program_runtime::stable_log] Program 11111111111111111111111111111111 success
[2022-02-12T07:55:42.728244000Z DEBUG solana_program_runtime::stable_log] Program 11111111111111111111111111111111 success
[2022-02-12T07:55:42.736103000Z DEBUG solana_program_runtime::stable_log] Program TokenkegQfeZyiNwAJbNbGKPFXCWuBvf9Ss623VQ5DA invoke [1]
[2022-02-12T07:55:42.736141000Z DEBUG solana_program_runtime::stable_log] Program TokenkegQfeZyiNwAJbNbGKPFXCWuBvf9Ss623VQ5DA invoke [1]
[2022-02-12T07:55:42.736606000Z DEBUG solana_program_runtime::stable_log] Program log: Instruction: InitializeAccount
[2022-02-12T07:55:42.736648000Z DEBUG solana_program_runtime::stable_log] Program log: Instruction: InitializeAccount
[2022-02-12T07:55:42.737641000Z DEBUG solana_bpf_loader_program] Program TokenkegQfeZyiNwAJbNbGKPFXCWuBvf9Ss623VQ5DA consumed 3411 of 200000 compute units
[2022-02-12T07:55:42.737694000Z DEBUG solana_bpf_loader_program] Program TokenkegQfeZyiNwAJbNbGKPFXCWuBvf9Ss623VQ5DA consumed 3411 of 200000 compute units
[2022-02-12T07:55:42.737700000Z DEBUG solana_program_runtime::stable_log] Program TokenkegQfeZyiNwAJbNbGKPFXCWuBvf9Ss623VQ5DA success
[2022-02-12T07:55:42.737751000Z DEBUG solana_program_runtime::stable_log] Program TokenkegQfeZyiNwAJbNbGKPFXCWuBvf9Ss623VQ5DA success
[2022-02-12T07:55:42.745973000Z DEBUG solana_program_runtime::stable_log] Program 11111111111111111111111111111111 invoke [1]
[2022-02-12T07:55:42.746025000Z DEBUG solana_program_runtime::stable_log] Program 11111111111111111111111111111111 success
[2022-02-12T07:55:42.746037000Z DEBUG solana_program_runtime::stable_log] Program 11111111111111111111111111111111 invoke [1]
[2022-02-12T07:55:42.746075000Z DEBUG solana_program_runtime::stable_log] Program 11111111111111111111111111111111 invoke [1]
[2022-02-12T07:55:42.746088000Z DEBUG solana_program_runtime::stable_log] Program 11111111111111111111111111111111 success
[2022-02-12T07:55:42.746121000Z DEBUG solana_program_runtime::stable_log] Program 11111111111111111111111111111111 success
[2022-02-12T07:55:42.746142000Z DEBUG solana_program_runtime::stable_log] Program 11111111111111111111111111111111 invoke [1]
[2022-02-12T07:55:42.746173000Z DEBUG solana_program_runtime::stable_log] Program 11111111111111111111111111111111 invoke [1]
[2022-02-12T07:55:42.746188000Z DEBUG solana_program_runtime::stable_log] Program 11111111111111111111111111111111 success
[2022-02-12T07:55:42.746239000Z DEBUG solana_program_runtime::stable_log] Program 11111111111111111111111111111111 invoke [1]
[2022-02-12T07:55:42.746247000Z DEBUG solana_program_runtime::stable_log] Program 11111111111111111111111111111111 success
[2022-02-12T07:55:42.746305000Z DEBUG solana_program_runtime::stable_log] Program 11111111111111111111111111111111 success
[2022-02-12T07:55:42.746480000Z DEBUG solana_program_runtime::stable_log] Program 11111111111111111111111111111111 invoke [1]
[2022-02-12T07:55:42.746527000Z DEBUG solana_program_runtime::stable_log] Program 11111111111111111111111111111111 success
[2022-02-12T07:55:42.746529000Z DEBUG solana_program_runtime::stable_log] Program 11111111111111111111111111111111 invoke [1]
[2022-02-12T07:55:42.746581000Z DEBUG solana_program_runtime::stable_log] Program 11111111111111111111111111111111 success
[2022-02-12T07:55:42.746587000Z DEBUG solana_program_runtime::stable_log] Program 11111111111111111111111111111111 invoke [1]
[2022-02-12T07:55:42.746635000Z DEBUG solana_program_runtime::stable_log] Program 11111111111111111111111111111111 success
[2022-02-12T07:55:42.746639000Z DEBUG solana_program_runtime::stable_log] Program 11111111111111111111111111111111 invoke [1]
[2022-02-12T07:55:42.746690000Z DEBUG solana_program_runtime::stable_log] Program 11111111111111111111111111111111 success
[2022-02-12T07:55:42.755816000Z DEBUG solana_program_runtime::stable_log] Program CiDwVBFgWV9E5MvXWoLgnEgn2hK7rJikbvfWavzAQz3 invoke [1]
[2022-02-12T07:55:42.755855000Z DEBUG solana_program_runtime::stable_log] Program GcdayuLaLyrdmUu324nahyv33G5poQdLUEZ1nEytDeP invoke [1]
[2022-02-12T07:55:42.760921000Z DEBUG solana_bpf_loader_program] Program CiDwVBFgWV9E5MvXWoLgnEgn2hK7rJikbvfWavzAQz3 consumed 13661 of 200000 compute units
[2022-02-12T07:55:42.760989000Z DEBUG solana_bpf_loader_program] Program GcdayuLaLyrdmUu324nahyv33G5poQdLUEZ1nEytDeP consumed 13654 of 200000 compute units
[2022-02-12T07:55:42.761033000Z DEBUG solana_program_runtime::stable_log] Program CiDwVBFgWV9E5MvXWoLgnEgn2hK7rJikbvfWavzAQz3 success
[2022-02-12T07:55:42.761110000Z DEBUG solana_program_runtime::stable_log] Program GcdayuLaLyrdmUu324nahyv33G5poQdLUEZ1nEytDeP success
[2022-02-12T07:55:42.768531000Z DEBUG solana_program_runtime::stable_log] Program 11111111111111111111111111111111 invoke [1]
[2022-02-12T07:55:42.768608000Z DEBUG solana_program_runtime::stable_log] Program 11111111111111111111111111111111 success
[2022-02-12T07:55:42.768675000Z DEBUG solana_program_runtime::stable_log] Program 11111111111111111111111111111111 invoke [1]
[2022-02-12T07:55:42.768722000Z DEBUG solana_program_runtime::stable_log] Program 11111111111111111111111111111111 success
[2022-02-12T07:55:42.776674000Z DEBUG solana_program_runtime::stable_log] Program TokenkegQfeZyiNwAJbNbGKPFXCWuBvf9Ss623VQ5DA invoke [1]
[2022-02-12T07:55:42.776745000Z DEBUG solana_program_runtime::stable_log] Program TokenkegQfeZyiNwAJbNbGKPFXCWuBvf9Ss623VQ5DA invoke [1]
[2022-02-12T07:55:42.777200000Z DEBUG solana_program_runtime::stable_log] Program log: Instruction: InitializeAccount
[2022-02-12T07:55:42.777246000Z DEBUG solana_program_runtime::stable_log] Program log: Instruction: InitializeAccount
[2022-02-12T07:55:42.778258000Z DEBUG solana_bpf_loader_program] Program TokenkegQfeZyiNwAJbNbGKPFXCWuBvf9Ss623VQ5DA consumed 3411 of 200000 compute units
[2022-02-12T07:55:42.778287000Z DEBUG solana_bpf_loader_program] Program TokenkegQfeZyiNwAJbNbGKPFXCWuBvf9Ss623VQ5DA consumed 3411 of 200000 compute units
[2022-02-12T07:55:42.778320000Z DEBUG solana_program_runtime::stable_log] Program TokenkegQfeZyiNwAJbNbGKPFXCWuBvf9Ss623VQ5DA success
[2022-02-12T07:55:42.778342000Z DEBUG solana_program_runtime::stable_log] Program TokenkegQfeZyiNwAJbNbGKPFXCWuBvf9Ss623VQ5DA success
[2022-02-12T07:55:42.781149000Z DEBUG solana_program_runtime::stable_log] Program 11111111111111111111111111111111 invoke [1]
[2022-02-12T07:55:42.781199000Z DEBUG solana_program_runtime::stable_log] Program 11111111111111111111111111111111 success
[2022-02-12T07:55:42.781291000Z DEBUG solana_program_runtime::stable_log] Program 11111111111111111111111111111111 invoke [1]
[2022-02-12T07:55:42.781338000Z DEBUG solana_program_runtime::stable_log] Program 11111111111111111111111111111111 success
[2022-02-12T07:55:42.784621000Z DEBUG solana_program_runtime::stable_log] Program 11111111111111111111111111111111 invoke [1]
[2022-02-12T07:55:42.784633000Z DEBUG solana_program_runtime::stable_log] Program 11111111111111111111111111111111 invoke [1]
[2022-02-12T07:55:42.784667000Z DEBUG solana_program_runtime::stable_log] Program 11111111111111111111111111111111 success
[2022-02-12T07:55:42.784685000Z DEBUG solana_program_runtime::stable_log] Program 11111111111111111111111111111111 success
[2022-02-12T07:55:42.796720000Z DEBUG solana_program_runtime::stable_log] Program 4uQeVj5tqViQh7yWWGStvkEG1Zmhx6uasJtWCJziofM invoke [1]
[2022-02-12T07:55:42.796718000Z DEBUG solana_program_runtime::stable_log] Program 8opHzTAnfzRpPEx21XtnrVTX28YQuCpAjcn1PczScKh invoke [1]
[2022-02-12T07:55:42.797459000Z DEBUG solana_program_runtime::stable_log] Program log: Mango: AddSpotMarket
[2022-02-12T07:55:42.797482000Z DEBUG solana_program_runtime::stable_log] Program log: Mango: AddSpotMarket
[2022-02-12T07:55:42.803810000Z DEBUG solana_bpf_loader_program] Program 4uQeVj5tqViQh7yWWGStvkEG1Zmhx6uasJtWCJziofM consumed 20942 of 200000 compute units
[2022-02-12T07:55:42.803819000Z DEBUG solana_bpf_loader_program] Program 8opHzTAnfzRpPEx21XtnrVTX28YQuCpAjcn1PczScKh consumed 20942 of 200000 compute units
[2022-02-12T07:55:42.803907000Z DEBUG solana_program_runtime::stable_log] Program 4uQeVj5tqViQh7yWWGStvkEG1Zmhx6uasJtWCJziofM success
[2022-02-12T07:55:42.803907000Z DEBUG solana_program_runtime::stable_log] Program 8opHzTAnfzRpPEx21XtnrVTX28YQuCpAjcn1PczScKh success
[2022-02-12T07:55:42.808507000Z DEBUG solana_program_runtime::stable_log] Program 11111111111111111111111111111111 invoke [1]
[2022-02-12T07:55:42.808559000Z DEBUG solana_program_runtime::stable_log] Program 11111111111111111111111111111111 success
[2022-02-12T07:55:42.808660000Z DEBUG solana_program_runtime::stable_log] Program 11111111111111111111111111111111 invoke [1]
[2022-02-12T07:55:42.808725000Z DEBUG solana_program_runtime::stable_log] Program 11111111111111111111111111111111 success
[2022-02-12T07:55:42.816198000Z DEBUG solana_program_runtime::stable_log] Program TokenkegQfeZyiNwAJbNbGKPFXCWuBvf9Ss623VQ5DA invoke [1]
[2022-02-12T07:55:42.816454000Z DEBUG solana_program_runtime::stable_log] Program TokenkegQfeZyiNwAJbNbGKPFXCWuBvf9Ss623VQ5DA invoke [1]
[2022-02-12T07:55:42.816696000Z DEBUG solana_program_runtime::stable_log] Program log: Instruction: InitializeAccount
[2022-02-12T07:55:42.816954000Z DEBUG solana_program_runtime::stable_log] Program log: Instruction: InitializeAccount
[2022-02-12T07:55:42.817707000Z DEBUG solana_bpf_loader_program] Program TokenkegQfeZyiNwAJbNbGKPFXCWuBvf9Ss623VQ5DA consumed 3411 of 200000 compute units
[2022-02-12T07:55:42.817768000Z DEBUG solana_program_runtime::stable_log] Program TokenkegQfeZyiNwAJbNbGKPFXCWuBvf9Ss623VQ5DA success
[2022-02-12T07:55:42.817979000Z DEBUG solana_bpf_loader_program] Program TokenkegQfeZyiNwAJbNbGKPFXCWuBvf9Ss623VQ5DA consumed 3411 of 200000 compute units
[2022-02-12T07:55:42.818046000Z DEBUG solana_program_runtime::stable_log] Program TokenkegQfeZyiNwAJbNbGKPFXCWuBvf9Ss623VQ5DA success
[2022-02-12T07:55:42.821398000Z DEBUG solana_program_runtime::stable_log] Program 11111111111111111111111111111111 invoke [1]
[2022-02-12T07:55:42.821417000Z DEBUG solana_program_runtime::stable_log] Program 11111111111111111111111111111111 invoke [1]
[2022-02-12T07:55:42.821449000Z DEBUG solana_program_runtime::stable_log] Program 11111111111111111111111111111111 success
[2022-02-12T07:55:42.821470000Z DEBUG solana_program_runtime::stable_log] Program 11111111111111111111111111111111 success
[2022-02-12T07:55:42.829076000Z DEBUG solana_program_runtime::stable_log] Program TokenkegQfeZyiNwAJbNbGKPFXCWuBvf9Ss623VQ5DA invoke [1]
[2022-02-12T07:55:42.829191000Z DEBUG solana_program_runtime::stable_log] Program TokenkegQfeZyiNwAJbNbGKPFXCWuBvf9Ss623VQ5DA invoke [1]
[2022-02-12T07:55:42.829562000Z DEBUG solana_program_runtime::stable_log] Program log: Instruction: InitializeAccount
[2022-02-12T07:55:42.829690000Z DEBUG solana_program_runtime::stable_log] Program log: Instruction: InitializeAccount
[2022-02-12T07:55:42.830564000Z DEBUG solana_bpf_loader_program] Program TokenkegQfeZyiNwAJbNbGKPFXCWuBvf9Ss623VQ5DA consumed 3411 of 200000 compute units
[2022-02-12T07:55:42.830623000Z DEBUG solana_program_runtime::stable_log] Program TokenkegQfeZyiNwAJbNbGKPFXCWuBvf9Ss623VQ5DA success
[2022-02-12T07:55:42.830713000Z DEBUG solana_bpf_loader_program] Program TokenkegQfeZyiNwAJbNbGKPFXCWuBvf9Ss623VQ5DA consumed 3411 of 200000 compute units
[2022-02-12T07:55:42.830772000Z DEBUG solana_program_runtime::stable_log] Program TokenkegQfeZyiNwAJbNbGKPFXCWuBvf9Ss623VQ5DA success
[2022-02-12T07:55:42.839161000Z DEBUG solana_program_runtime::stable_log] Program 11111111111111111111111111111111 invoke [1]
[2022-02-12T07:55:42.839181000Z DEBUG solana_program_runtime::stable_log] Program 11111111111111111111111111111111 invoke [1]
[2022-02-12T07:55:42.839215000Z DEBUG solana_program_runtime::stable_log] Program 11111111111111111111111111111111 success
[2022-02-12T07:55:42.839228000Z DEBUG solana_program_runtime::stable_log] Program 11111111111111111111111111111111 success
[2022-02-12T07:55:42.839266000Z DEBUG solana_program_runtime::stable_log] Program 11111111111111111111111111111111 invoke [1]
[2022-02-12T07:55:42.839279000Z DEBUG solana_program_runtime::stable_log] Program 11111111111111111111111111111111 invoke [1]
[2022-02-12T07:55:42.839308000Z DEBUG solana_program_runtime::stable_log] Program 11111111111111111111111111111111 success
[2022-02-12T07:55:42.839321000Z DEBUG solana_program_runtime::stable_log] Program 11111111111111111111111111111111 success
[2022-02-12T07:55:42.839357000Z DEBUG solana_program_runtime::stable_log] Program 11111111111111111111111111111111 invoke [1]
[2022-02-12T07:55:42.839372000Z DEBUG solana_program_runtime::stable_log] Program 11111111111111111111111111111111 invoke [1]
[2022-02-12T07:55:42.839426000Z DEBUG solana_program_runtime::stable_log] Program 11111111111111111111111111111111 success
[2022-02-12T07:55:42.839450000Z DEBUG solana_program_runtime::stable_log] Program 11111111111111111111111111111111 success
[2022-02-12T07:55:42.839654000Z DEBUG solana_program_runtime::stable_log] Program 11111111111111111111111111111111 invoke [1]
[2022-02-12T07:55:42.839679000Z DEBUG solana_program_runtime::stable_log] Program 11111111111111111111111111111111 invoke [1]
[2022-02-12T07:55:42.839700000Z DEBUG solana_program_runtime::stable_log] Program 11111111111111111111111111111111 success
[2022-02-12T07:55:42.839724000Z DEBUG solana_program_runtime::stable_log] Program 11111111111111111111111111111111 success
[2022-02-12T07:55:42.839761000Z DEBUG solana_program_runtime::stable_log] Program 11111111111111111111111111111111 invoke [1]
[2022-02-12T07:55:42.839785000Z DEBUG solana_program_runtime::stable_log] Program 11111111111111111111111111111111 invoke [1]
[2022-02-12T07:55:42.839805000Z DEBUG solana_program_runtime::stable_log] Program 11111111111111111111111111111111 success
[2022-02-12T07:55:42.839829000Z DEBUG solana_program_runtime::stable_log] Program 11111111111111111111111111111111 success
[2022-02-12T07:55:42.849270000Z DEBUG solana_program_runtime::stable_log] Program GcdayuLaLyrdmUu324nahyv33G5poQdLUEZ1nEytDeP invoke [1]
[2022-02-12T07:55:42.849271000Z DEBUG solana_program_runtime::stable_log] Program CiDwVBFgWV9E5MvXWoLgnEgn2hK7rJikbvfWavzAQz3 invoke [1]
[2022-02-12T07:55:42.854386000Z DEBUG solana_bpf_loader_program] Program GcdayuLaLyrdmUu324nahyv33G5poQdLUEZ1nEytDeP consumed 13654 of 200000 compute units
[2022-02-12T07:55:42.854392000Z DEBUG solana_bpf_loader_program] Program CiDwVBFgWV9E5MvXWoLgnEgn2hK7rJikbvfWavzAQz3 consumed 13661 of 200000 compute units
[2022-02-12T07:55:42.854517000Z DEBUG solana_program_runtime::stable_log] Program GcdayuLaLyrdmUu324nahyv33G5poQdLUEZ1nEytDeP success
[2022-02-12T07:55:42.854518000Z DEBUG solana_program_runtime::stable_log] Program CiDwVBFgWV9E5MvXWoLgnEgn2hK7rJikbvfWavzAQz3 success
[2022-02-12T07:55:42.862551000Z DEBUG solana_program_runtime::stable_log] Program 11111111111111111111111111111111 invoke [1]
[2022-02-12T07:55:42.862553000Z DEBUG solana_program_runtime::stable_log] Program 11111111111111111111111111111111 invoke [1]
[2022-02-12T07:55:42.862634000Z DEBUG solana_program_runtime::stable_log] Program 11111111111111111111111111111111 success
[2022-02-12T07:55:42.862651000Z DEBUG solana_program_runtime::stable_log] Program 11111111111111111111111111111111 success
[2022-02-12T07:55:42.870589000Z DEBUG solana_program_runtime::stable_log] Program TokenkegQfeZyiNwAJbNbGKPFXCWuBvf9Ss623VQ5DA invoke [1]
[2022-02-12T07:55:42.870590000Z DEBUG solana_program_runtime::stable_log] Program TokenkegQfeZyiNwAJbNbGKPFXCWuBvf9Ss623VQ5DA invoke [1]
[2022-02-12T07:55:42.871137000Z DEBUG solana_program_runtime::stable_log] Program log: Instruction: InitializeAccount
[2022-02-12T07:55:42.871149000Z DEBUG solana_program_runtime::stable_log] Program log: Instruction: InitializeAccount
[2022-02-12T07:55:42.872197000Z DEBUG solana_bpf_loader_program] Program TokenkegQfeZyiNwAJbNbGKPFXCWuBvf9Ss623VQ5DA consumed 3411 of 200000 compute units
[2022-02-12T07:55:42.872203000Z DEBUG solana_bpf_loader_program] Program TokenkegQfeZyiNwAJbNbGKPFXCWuBvf9Ss623VQ5DA consumed 3411 of 200000 compute units
[2022-02-12T07:55:42.872268000Z DEBUG solana_program_runtime::stable_log] Program TokenkegQfeZyiNwAJbNbGKPFXCWuBvf9Ss623VQ5DA success
[2022-02-12T07:55:42.872268000Z DEBUG solana_program_runtime::stable_log] Program TokenkegQfeZyiNwAJbNbGKPFXCWuBvf9Ss623VQ5DA success
[2022-02-12T07:55:42.875160000Z DEBUG solana_program_runtime::stable_log] Program 11111111111111111111111111111111 invoke [1]
[2022-02-12T07:55:42.875214000Z DEBUG solana_program_runtime::stable_log] Program 11111111111111111111111111111111 success
[2022-02-12T07:55:42.875166000Z DEBUG solana_program_runtime::stable_log] Program 11111111111111111111111111111111 invoke [1]
[2022-02-12T07:55:42.875307000Z DEBUG solana_program_runtime::stable_log] Program 11111111111111111111111111111111 success
[2022-02-12T07:55:42.878587000Z DEBUG solana_program_runtime::stable_log] Program 11111111111111111111111111111111 invoke [1]
[2022-02-12T07:55:42.878603000Z DEBUG solana_program_runtime::stable_log] Program 11111111111111111111111111111111 invoke [1]
[2022-02-12T07:55:42.878636000Z DEBUG solana_program_runtime::stable_log] Program 11111111111111111111111111111111 success
[2022-02-12T07:55:42.878651000Z DEBUG solana_program_runtime::stable_log] Program 11111111111111111111111111111111 success
[2022-02-12T07:55:42.890641000Z DEBUG solana_program_runtime::stable_log] Program 8opHzTAnfzRpPEx21XtnrVTX28YQuCpAjcn1PczScKh invoke [1]
[2022-02-12T07:55:42.890642000Z DEBUG solana_program_runtime::stable_log] Program 4uQeVj5tqViQh7yWWGStvkEG1Zmhx6uasJtWCJziofM invoke [1]
[2022-02-12T07:55:42.891387000Z DEBUG solana_program_runtime::stable_log] Program log: Mango: AddSpotMarket
[2022-02-12T07:55:42.891402000Z DEBUG solana_program_runtime::stable_log] Program log: Mango: AddSpotMarket
[2022-02-12T07:55:42.897737000Z DEBUG solana_bpf_loader_program] Program 8opHzTAnfzRpPEx21XtnrVTX28YQuCpAjcn1PczScKh consumed 20981 of 200000 compute units
[2022-02-12T07:55:42.897747000Z DEBUG solana_bpf_loader_program] Program 4uQeVj5tqViQh7yWWGStvkEG1Zmhx6uasJtWCJziofM consumed 20981 of 200000 compute units
[2022-02-12T07:55:42.897836000Z DEBUG solana_program_runtime::stable_log] Program 4uQeVj5tqViQh7yWWGStvkEG1Zmhx6uasJtWCJziofM success
[2022-02-12T07:55:42.897904000Z DEBUG solana_program_runtime::stable_log] Program 8opHzTAnfzRpPEx21XtnrVTX28YQuCpAjcn1PczScKh success
[2022-02-12T07:55:42.902760000Z DEBUG solana_program_runtime::stable_log] Program 11111111111111111111111111111111 invoke [1]
[2022-02-12T07:55:42.902760000Z DEBUG solana_program_runtime::stable_log] Program 11111111111111111111111111111111 invoke [1]
[2022-02-12T07:55:42.902833000Z DEBUG solana_program_runtime::stable_log] Program 11111111111111111111111111111111 success
[2022-02-12T07:55:42.902865000Z DEBUG solana_program_runtime::stable_log] Program 11111111111111111111111111111111 success
[2022-02-12T07:55:42.910743000Z DEBUG solana_program_runtime::stable_log] Program TokenkegQfeZyiNwAJbNbGKPFXCWuBvf9Ss623VQ5DA invoke [1]
[2022-02-12T07:55:42.910770000Z DEBUG solana_program_runtime::stable_log] Program TokenkegQfeZyiNwAJbNbGKPFXCWuBvf9Ss623VQ5DA invoke [1]
[2022-02-12T07:55:42.911262000Z DEBUG solana_program_runtime::stable_log] Program log: Instruction: InitializeAccount
[2022-02-12T07:55:42.911269000Z DEBUG solana_program_runtime::stable_log] Program log: Instruction: InitializeAccount
[2022-02-12T07:55:42.912312000Z DEBUG solana_bpf_loader_program] Program TokenkegQfeZyiNwAJbNbGKPFXCWuBvf9Ss623VQ5DA consumed 3411 of 200000 compute units
[2022-02-12T07:55:42.912313000Z DEBUG solana_bpf_loader_program] Program TokenkegQfeZyiNwAJbNbGKPFXCWuBvf9Ss623VQ5DA consumed 3411 of 200000 compute units
[2022-02-12T07:55:42.912373000Z DEBUG solana_program_runtime::stable_log] Program TokenkegQfeZyiNwAJbNbGKPFXCWuBvf9Ss623VQ5DA success
[2022-02-12T07:55:42.912379000Z DEBUG solana_program_runtime::stable_log] Program TokenkegQfeZyiNwAJbNbGKPFXCWuBvf9Ss623VQ5DA success
[2022-02-12T07:55:42.916780000Z DEBUG solana_program_runtime::stable_log] Program 11111111111111111111111111111111 invoke [1]
[2022-02-12T07:55:42.916780000Z DEBUG solana_program_runtime::stable_log] Program 11111111111111111111111111111111 invoke [1]
[2022-02-12T07:55:42.916834000Z DEBUG solana_program_runtime::stable_log] Program 11111111111111111111111111111111 success
[2022-02-12T07:55:42.916869000Z DEBUG solana_program_runtime::stable_log] Program 11111111111111111111111111111111 success
[2022-02-12T07:55:42.924739000Z DEBUG solana_program_runtime::stable_log] Program TokenkegQfeZyiNwAJbNbGKPFXCWuBvf9Ss623VQ5DA invoke [1]
[2022-02-12T07:55:42.924781000Z DEBUG solana_program_runtime::stable_log] Program TokenkegQfeZyiNwAJbNbGKPFXCWuBvf9Ss623VQ5DA invoke [1]
[2022-02-12T07:55:42.925243000Z DEBUG solana_program_runtime::stable_log] Program log: Instruction: InitializeAccount
[2022-02-12T07:55:42.925286000Z DEBUG solana_program_runtime::stable_log] Program log: Instruction: InitializeAccount
[2022-02-12T07:55:42.926282000Z DEBUG solana_bpf_loader_program] Program TokenkegQfeZyiNwAJbNbGKPFXCWuBvf9Ss623VQ5DA consumed 3411 of 200000 compute units
[2022-02-12T07:55:42.926331000Z DEBUG solana_bpf_loader_program] Program TokenkegQfeZyiNwAJbNbGKPFXCWuBvf9Ss623VQ5DA consumed 3411 of 200000 compute units
[2022-02-12T07:55:42.926339000Z DEBUG solana_program_runtime::stable_log] Program TokenkegQfeZyiNwAJbNbGKPFXCWuBvf9Ss623VQ5DA success
[2022-02-12T07:55:42.926384000Z DEBUG solana_program_runtime::stable_log] Program TokenkegQfeZyiNwAJbNbGKPFXCWuBvf9Ss623VQ5DA success
[2022-02-12T07:55:42.934650000Z DEBUG solana_program_runtime::stable_log] Program 11111111111111111111111111111111 invoke [1]
[2022-02-12T07:55:42.934658000Z DEBUG solana_program_runtime::stable_log] Program 11111111111111111111111111111111 invoke [1]
[2022-02-12T07:55:42.934703000Z DEBUG solana_program_runtime::stable_log] Program 11111111111111111111111111111111 success
[2022-02-12T07:55:42.934704000Z DEBUG solana_program_runtime::stable_log] Program 11111111111111111111111111111111 success
[2022-02-12T07:55:42.934754000Z DEBUG solana_program_runtime::stable_log] Program 11111111111111111111111111111111 invoke [1]
[2022-02-12T07:55:42.934758000Z DEBUG solana_program_runtime::stable_log] Program 11111111111111111111111111111111 invoke [1]
[2022-02-12T07:55:42.934799000Z DEBUG solana_program_runtime::stable_log] Program 11111111111111111111111111111111 success
[2022-02-12T07:55:42.934800000Z DEBUG solana_program_runtime::stable_log] Program 11111111111111111111111111111111 success
[2022-02-12T07:55:42.934848000Z DEBUG solana_program_runtime::stable_log] Program 11111111111111111111111111111111 invoke [1]
[2022-02-12T07:55:42.934853000Z DEBUG solana_program_runtime::stable_log] Program 11111111111111111111111111111111 invoke [1]
[2022-02-12T07:55:42.934931000Z DEBUG solana_program_runtime::stable_log] Program 11111111111111111111111111111111 success
[2022-02-12T07:55:42.934933000Z DEBUG solana_program_runtime::stable_log] Program 11111111111111111111111111111111 success
[2022-02-12T07:55:42.935161000Z DEBUG solana_program_runtime::stable_log] Program 11111111111111111111111111111111 invoke [1]
[2022-02-12T07:55:42.935163000Z DEBUG solana_program_runtime::stable_log] Program 11111111111111111111111111111111 invoke [1]
[2022-02-12T07:55:42.935214000Z DEBUG solana_program_runtime::stable_log] Program 11111111111111111111111111111111 success
[2022-02-12T07:55:42.935217000Z DEBUG solana_program_runtime::stable_log] Program 11111111111111111111111111111111 success
[2022-02-12T07:55:42.935275000Z DEBUG solana_program_runtime::stable_log] Program 11111111111111111111111111111111 invoke [1]
[2022-02-12T07:55:42.935277000Z DEBUG solana_program_runtime::stable_log] Program 11111111111111111111111111111111 invoke [1]
[2022-02-12T07:55:42.935320000Z DEBUG solana_program_runtime::stable_log] Program 11111111111111111111111111111111 success
[2022-02-12T07:55:42.935324000Z DEBUG solana_program_runtime::stable_log] Program 11111111111111111111111111111111 success
[2022-02-12T07:55:42.944780000Z DEBUG solana_program_runtime::stable_log] Program CiDwVBFgWV9E5MvXWoLgnEgn2hK7rJikbvfWavzAQz3 invoke [1]
[2022-02-12T07:55:42.944780000Z DEBUG solana_program_runtime::stable_log] Program GcdayuLaLyrdmUu324nahyv33G5poQdLUEZ1nEytDeP invoke [1]
[2022-02-12T07:55:42.949893000Z DEBUG solana_bpf_loader_program] Program GcdayuLaLyrdmUu324nahyv33G5poQdLUEZ1nEytDeP consumed 13654 of 200000 compute units
[2022-02-12T07:55:42.949900000Z DEBUG solana_bpf_loader_program] Program CiDwVBFgWV9E5MvXWoLgnEgn2hK7rJikbvfWavzAQz3 consumed 13661 of 200000 compute units
[2022-02-12T07:55:42.950027000Z DEBUG solana_program_runtime::stable_log] Program GcdayuLaLyrdmUu324nahyv33G5poQdLUEZ1nEytDeP success
[2022-02-12T07:55:42.950032000Z DEBUG solana_program_runtime::stable_log] Program CiDwVBFgWV9E5MvXWoLgnEgn2hK7rJikbvfWavzAQz3 success
[2022-02-12T07:55:42.957706000Z DEBUG solana_program_runtime::stable_log] Program 11111111111111111111111111111111 invoke [1]
[2022-02-12T07:55:42.957763000Z DEBUG solana_program_runtime::stable_log] Program 11111111111111111111111111111111 success
[2022-02-12T07:55:42.959101000Z DEBUG solana_program_runtime::stable_log] Program 11111111111111111111111111111111 invoke [1]
[2022-02-12T07:55:42.959176000Z DEBUG solana_program_runtime::stable_log] Program 11111111111111111111111111111111 success
[2022-02-12T07:55:42.965403000Z DEBUG solana_program_runtime::stable_log] Program TokenkegQfeZyiNwAJbNbGKPFXCWuBvf9Ss623VQ5DA invoke [1]
[2022-02-12T07:55:42.965907000Z DEBUG solana_program_runtime::stable_log] Program log: Instruction: InitializeAccount
[2022-02-12T07:55:42.966891000Z DEBUG solana_program_runtime::stable_log] Program TokenkegQfeZyiNwAJbNbGKPFXCWuBvf9Ss623VQ5DA invoke [1]
[2022-02-12T07:55:42.966921000Z DEBUG solana_bpf_loader_program] Program TokenkegQfeZyiNwAJbNbGKPFXCWuBvf9Ss623VQ5DA consumed 3411 of 200000 compute units
[2022-02-12T07:55:42.966982000Z DEBUG solana_program_runtime::stable_log] Program TokenkegQfeZyiNwAJbNbGKPFXCWuBvf9Ss623VQ5DA success
[2022-02-12T07:55:42.967418000Z DEBUG solana_program_runtime::stable_log] Program log: Instruction: InitializeAccount
[2022-02-12T07:55:42.968448000Z DEBUG solana_bpf_loader_program] Program TokenkegQfeZyiNwAJbNbGKPFXCWuBvf9Ss623VQ5DA consumed 3411 of 200000 compute units
[2022-02-12T07:55:42.968510000Z DEBUG solana_program_runtime::stable_log] Program TokenkegQfeZyiNwAJbNbGKPFXCWuBvf9Ss623VQ5DA success
[2022-02-12T07:55:42.971576000Z DEBUG solana_program_runtime::stable_log] Program 11111111111111111111111111111111 invoke [1]
[2022-02-12T07:55:42.971585000Z DEBUG solana_program_runtime::stable_log] Program 11111111111111111111111111111111 invoke [1]
[2022-02-12T07:55:42.971635000Z DEBUG solana_program_runtime::stable_log] Program 11111111111111111111111111111111 success
[2022-02-12T07:55:42.971665000Z DEBUG solana_program_runtime::stable_log] Program 11111111111111111111111111111111 success
[2022-02-12T07:55:42.974969000Z DEBUG solana_program_runtime::stable_log] Program 11111111111111111111111111111111 invoke [1]
[2022-02-12T07:55:42.974974000Z DEBUG solana_program_runtime::stable_log] Program 11111111111111111111111111111111 invoke [1]
[2022-02-12T07:55:42.975024000Z DEBUG solana_program_runtime::stable_log] Program 11111111111111111111111111111111 success
[2022-02-12T07:55:42.975043000Z DEBUG solana_program_runtime::stable_log] Program 11111111111111111111111111111111 success
[2022-02-12T07:55:42.987686000Z DEBUG solana_program_runtime::stable_log] Program 8opHzTAnfzRpPEx21XtnrVTX28YQuCpAjcn1PczScKh invoke [1]
[2022-02-12T07:55:42.987794000Z DEBUG solana_program_runtime::stable_log] Program 4uQeVj5tqViQh7yWWGStvkEG1Zmhx6uasJtWCJziofM invoke [1]
[2022-02-12T07:55:42.988362000Z DEBUG solana_program_runtime::stable_log] Program log: Mango: AddSpotMarket
[2022-02-12T07:55:42.988511000Z DEBUG solana_program_runtime::stable_log] Program log: Mango: AddSpotMarket
[2022-02-12T07:55:42.994812000Z DEBUG solana_bpf_loader_program] Program 8opHzTAnfzRpPEx21XtnrVTX28YQuCpAjcn1PczScKh consumed 21020 of 200000 compute units
[2022-02-12T07:55:42.994878000Z DEBUG solana_bpf_loader_program] Program 4uQeVj5tqViQh7yWWGStvkEG1Zmhx6uasJtWCJziofM consumed 21020 of 200000 compute units
[2022-02-12T07:55:42.994907000Z DEBUG solana_program_runtime::stable_log] Program 8opHzTAnfzRpPEx21XtnrVTX28YQuCpAjcn1PczScKh success
[2022-02-12T07:55:42.994964000Z DEBUG solana_program_runtime::stable_log] Program 4uQeVj5tqViQh7yWWGStvkEG1Zmhx6uasJtWCJziofM success
[2022-02-12T07:55:43.000084000Z DEBUG solana_program_runtime::stable_log] Program 11111111111111111111111111111111 invoke [1]
[2022-02-12T07:55:43.000083000Z DEBUG solana_program_runtime::stable_log] Program 11111111111111111111111111111111 invoke [1]
[2022-02-12T07:55:43.000148000Z DEBUG solana_program_runtime::stable_log] Program 11111111111111111111111111111111 success
[2022-02-12T07:55:43.000186000Z DEBUG solana_program_runtime::stable_log] Program 11111111111111111111111111111111 success
[2022-02-12T07:55:43.008056000Z DEBUG solana_program_runtime::stable_log] Program TokenkegQfeZyiNwAJbNbGKPFXCWuBvf9Ss623VQ5DA invoke [1]
[2022-02-12T07:55:43.008085000Z DEBUG solana_program_runtime::stable_log] Program TokenkegQfeZyiNwAJbNbGKPFXCWuBvf9Ss623VQ5DA invoke [1]
[2022-02-12T07:55:43.008564000Z DEBUG solana_program_runtime::stable_log] Program log: Instruction: InitializeAccount
[2022-02-12T07:55:43.008610000Z DEBUG solana_program_runtime::stable_log] Program log: Instruction: InitializeAccount
[2022-02-12T07:55:43.009603000Z DEBUG solana_bpf_loader_program] Program TokenkegQfeZyiNwAJbNbGKPFXCWuBvf9Ss623VQ5DA consumed 3411 of 200000 compute units
[2022-02-12T07:55:43.009664000Z DEBUG solana_bpf_loader_program] Program TokenkegQfeZyiNwAJbNbGKPFXCWuBvf9Ss623VQ5DA consumed 3411 of 200000 compute units
[2022-02-12T07:55:43.009660000Z DEBUG solana_program_runtime::stable_log] Program TokenkegQfeZyiNwAJbNbGKPFXCWuBvf9Ss623VQ5DA success
[2022-02-12T07:55:43.009723000Z DEBUG solana_program_runtime::stable_log] Program TokenkegQfeZyiNwAJbNbGKPFXCWuBvf9Ss623VQ5DA success
[2022-02-12T07:55:43.013007000Z DEBUG solana_program_runtime::stable_log] Program 11111111111111111111111111111111 invoke [1]
[2022-02-12T07:55:43.013061000Z DEBUG solana_program_runtime::stable_log] Program 11111111111111111111111111111111 success
[2022-02-12T07:55:43.014188000Z DEBUG solana_program_runtime::stable_log] Program 11111111111111111111111111111111 invoke [1]
[2022-02-12T07:55:43.014238000Z DEBUG solana_program_runtime::stable_log] Program 11111111111111111111111111111111 success
[2022-02-12T07:55:43.020958000Z DEBUG solana_program_runtime::stable_log] Program TokenkegQfeZyiNwAJbNbGKPFXCWuBvf9Ss623VQ5DA invoke [1]
[2022-02-12T07:55:43.021463000Z DEBUG solana_program_runtime::stable_log] Program log: Instruction: InitializeAccount
[2022-02-12T07:55:43.022212000Z DEBUG solana_program_runtime::stable_log] Program TokenkegQfeZyiNwAJbNbGKPFXCWuBvf9Ss623VQ5DA invoke [1]
[2022-02-12T07:55:43.022519000Z DEBUG solana_bpf_loader_program] Program TokenkegQfeZyiNwAJbNbGKPFXCWuBvf9Ss623VQ5DA consumed 3411 of 200000 compute units
[2022-02-12T07:55:43.022585000Z DEBUG solana_program_runtime::stable_log] Program TokenkegQfeZyiNwAJbNbGKPFXCWuBvf9Ss623VQ5DA success
[2022-02-12T07:55:43.022744000Z DEBUG solana_program_runtime::stable_log] Program log: Instruction: InitializeAccount
[2022-02-12T07:55:43.023868000Z DEBUG solana_bpf_loader_program] Program TokenkegQfeZyiNwAJbNbGKPFXCWuBvf9Ss623VQ5DA consumed 3411 of 200000 compute units
[2022-02-12T07:55:43.023942000Z DEBUG solana_program_runtime::stable_log] Program TokenkegQfeZyiNwAJbNbGKPFXCWuBvf9Ss623VQ5DA success
[2022-02-12T07:55:43.030726000Z DEBUG solana_program_runtime::stable_log] Program 11111111111111111111111111111111 invoke [1]
[2022-02-12T07:55:43.030781000Z DEBUG solana_program_runtime::stable_log] Program 11111111111111111111111111111111 success
[2022-02-12T07:55:43.030831000Z DEBUG solana_program_runtime::stable_log] Program 11111111111111111111111111111111 invoke [1]
[2022-02-12T07:55:43.030872000Z DEBUG solana_program_runtime::stable_log] Program 11111111111111111111111111111111 success
[2022-02-12T07:55:43.030919000Z DEBUG solana_program_runtime::stable_log] Program 11111111111111111111111111111111 invoke [1]
[2022-02-12T07:55:43.030992000Z DEBUG solana_program_runtime::stable_log] Program 11111111111111111111111111111111 success
[2022-02-12T07:55:43.031210000Z DEBUG solana_program_runtime::stable_log] Program 11111111111111111111111111111111 invoke [1]
[2022-02-12T07:55:43.031254000Z DEBUG solana_program_runtime::stable_log] Program 11111111111111111111111111111111 success
[2022-02-12T07:55:43.031311000Z DEBUG solana_program_runtime::stable_log] Program 11111111111111111111111111111111 invoke [1]
[2022-02-12T07:55:43.031353000Z DEBUG solana_program_runtime::stable_log] Program 11111111111111111111111111111111 success
[2022-02-12T07:55:43.031974000Z DEBUG solana_program_runtime::stable_log] Program 11111111111111111111111111111111 invoke [1]
[2022-02-12T07:55:43.032048000Z DEBUG solana_program_runtime::stable_log] Program 11111111111111111111111111111111 success
[2022-02-12T07:55:43.032103000Z DEBUG solana_program_runtime::stable_log] Program 11111111111111111111111111111111 invoke [1]
[2022-02-12T07:55:43.032143000Z DEBUG solana_program_runtime::stable_log] Program 11111111111111111111111111111111 success
[2022-02-12T07:55:43.032189000Z DEBUG solana_program_runtime::stable_log] Program 11111111111111111111111111111111 invoke [1]
[2022-02-12T07:55:43.032276000Z DEBUG solana_program_runtime::stable_log] Program 11111111111111111111111111111111 success
[2022-02-12T07:55:43.032503000Z DEBUG solana_program_runtime::stable_log] Program 11111111111111111111111111111111 invoke [1]
[2022-02-12T07:55:43.032556000Z DEBUG solana_program_runtime::stable_log] Program 11111111111111111111111111111111 success
[2022-02-12T07:55:43.032617000Z DEBUG solana_program_runtime::stable_log] Program 11111111111111111111111111111111 invoke [1]
[2022-02-12T07:55:43.032658000Z DEBUG solana_program_runtime::stable_log] Program 11111111111111111111111111111111 success
[2022-02-12T07:55:43.040546000Z DEBUG solana_program_runtime::stable_log] Program CiDwVBFgWV9E5MvXWoLgnEgn2hK7rJikbvfWavzAQz3 invoke [1]
[2022-02-12T07:55:43.041904000Z DEBUG solana_program_runtime::stable_log] Program GcdayuLaLyrdmUu324nahyv33G5poQdLUEZ1nEytDeP invoke [1]
[2022-02-12T07:55:43.045733000Z DEBUG solana_bpf_loader_program] Program CiDwVBFgWV9E5MvXWoLgnEgn2hK7rJikbvfWavzAQz3 consumed 13661 of 200000 compute units
[2022-02-12T07:55:43.045858000Z DEBUG solana_program_runtime::stable_log] Program CiDwVBFgWV9E5MvXWoLgnEgn2hK7rJikbvfWavzAQz3 success
[2022-02-12T07:55:43.046972000Z DEBUG solana_bpf_loader_program] Program GcdayuLaLyrdmUu324nahyv33G5poQdLUEZ1nEytDeP consumed 13654 of 200000 compute units
[2022-02-12T07:55:43.047082000Z DEBUG solana_program_runtime::stable_log] Program GcdayuLaLyrdmUu324nahyv33G5poQdLUEZ1nEytDeP success
[2022-02-12T07:55:43.053596000Z DEBUG solana_program_runtime::stable_log] Program 11111111111111111111111111111111 invoke [1]
[2022-02-12T07:55:43.053651000Z DEBUG solana_program_runtime::stable_log] Program 11111111111111111111111111111111 success
[2022-02-12T07:55:43.055961000Z DEBUG solana_program_runtime::stable_log] Program 11111111111111111111111111111111 invoke [1]
[2022-02-12T07:55:43.056039000Z DEBUG solana_program_runtime::stable_log] Program 11111111111111111111111111111111 success
[2022-02-12T07:55:43.061288000Z DEBUG solana_program_runtime::stable_log] Program TokenkegQfeZyiNwAJbNbGKPFXCWuBvf9Ss623VQ5DA invoke [1]
[2022-02-12T07:55:43.061785000Z DEBUG solana_program_runtime::stable_log] Program log: Instruction: InitializeAccount
[2022-02-12T07:55:43.062785000Z DEBUG solana_bpf_loader_program] Program TokenkegQfeZyiNwAJbNbGKPFXCWuBvf9Ss623VQ5DA consumed 3411 of 200000 compute units
[2022-02-12T07:55:43.062843000Z DEBUG solana_program_runtime::stable_log] Program TokenkegQfeZyiNwAJbNbGKPFXCWuBvf9Ss623VQ5DA success
[2022-02-12T07:55:43.063823000Z DEBUG solana_program_runtime::stable_log] Program TokenkegQfeZyiNwAJbNbGKPFXCWuBvf9Ss623VQ5DA invoke [1]
[2022-02-12T07:55:43.064374000Z DEBUG solana_program_runtime::stable_log] Program log: Instruction: InitializeAccount
[2022-02-12T07:55:43.065427000Z DEBUG solana_bpf_loader_program] Program TokenkegQfeZyiNwAJbNbGKPFXCWuBvf9Ss623VQ5DA consumed 3411 of 200000 compute units
[2022-02-12T07:55:43.065495000Z DEBUG solana_program_runtime::stable_log] Program TokenkegQfeZyiNwAJbNbGKPFXCWuBvf9Ss623VQ5DA success
[2022-02-12T07:55:43.066278000Z DEBUG solana_program_runtime::stable_log] Program 11111111111111111111111111111111 invoke [1]
[2022-02-12T07:55:43.066329000Z DEBUG solana_program_runtime::stable_log] Program 11111111111111111111111111111111 success
[2022-02-12T07:55:43.068504000Z DEBUG solana_program_runtime::stable_log] Program 11111111111111111111111111111111 invoke [1]
[2022-02-12T07:55:43.068553000Z DEBUG solana_program_runtime::stable_log] Program 11111111111111111111111111111111 success
[2022-02-12T07:55:43.069723000Z DEBUG solana_program_runtime::stable_log] Program 11111111111111111111111111111111 invoke [1]
[2022-02-12T07:55:43.069781000Z DEBUG solana_program_runtime::stable_log] Program 11111111111111111111111111111111 success
[2022-02-12T07:55:43.071957000Z DEBUG solana_program_runtime::stable_log] Program 11111111111111111111111111111111 invoke [1]
[2022-02-12T07:55:43.072012000Z DEBUG solana_program_runtime::stable_log] Program 11111111111111111111111111111111 success
[2022-02-12T07:55:43.081653000Z DEBUG solana_program_runtime::stable_log] Program 8opHzTAnfzRpPEx21XtnrVTX28YQuCpAjcn1PczScKh invoke [1]
[2022-02-12T07:55:43.082399000Z DEBUG solana_program_runtime::stable_log] Program log: Mango: AddSpotMarket
[2022-02-12T07:55:43.083979000Z DEBUG solana_program_runtime::stable_log] Program 4uQeVj5tqViQh7yWWGStvkEG1Zmhx6uasJtWCJziofM invoke [1]
[2022-02-12T07:55:43.084668000Z DEBUG solana_program_runtime::stable_log] Program log: Mango: AddSpotMarket
[2022-02-12T07:55:43.088708000Z DEBUG solana_bpf_loader_program] Program 8opHzTAnfzRpPEx21XtnrVTX28YQuCpAjcn1PczScKh consumed 21059 of 200000 compute units
[2022-02-12T07:55:43.088796000Z DEBUG solana_program_runtime::stable_log] Program 8opHzTAnfzRpPEx21XtnrVTX28YQuCpAjcn1PczScKh success
[2022-02-12T07:55:43.090918000Z DEBUG solana_bpf_loader_program] Program 4uQeVj5tqViQh7yWWGStvkEG1Zmhx6uasJtWCJziofM consumed 21059 of 200000 compute units
[2022-02-12T07:55:43.091007000Z DEBUG solana_program_runtime::stable_log] Program 4uQeVj5tqViQh7yWWGStvkEG1Zmhx6uasJtWCJziofM success
[2022-02-12T07:55:43.092115000Z DEBUG solana_program_runtime::stable_log] Program 11111111111111111111111111111111 invoke [1]
[2022-02-12T07:55:43.092179000Z DEBUG solana_program_runtime::stable_log] Program 11111111111111111111111111111111 success
[2022-02-12T07:55:43.095547000Z DEBUG solana_program_runtime::stable_log] Program 11111111111111111111111111111111 invoke [1]
[2022-02-12T07:55:43.095594000Z DEBUG solana_program_runtime::stable_log] Program 11111111111111111111111111111111 success
[2022-02-12T07:55:43.095599000Z DEBUG solana_program_runtime::stable_log] Program 11111111111111111111111111111111 invoke [1]
[2022-02-12T07:55:43.095651000Z DEBUG solana_program_runtime::stable_log] Program 11111111111111111111111111111111 success
[2022-02-12T07:55:43.098984000Z DEBUG solana_program_runtime::stable_log] Program 11111111111111111111111111111111 invoke [1]
[2022-02-12T07:55:43.099004000Z DEBUG solana_program_runtime::stable_log] Program 11111111111111111111111111111111 invoke [1]
[2022-02-12T07:55:43.099036000Z DEBUG solana_program_runtime::stable_log] Program 11111111111111111111111111111111 success
[2022-02-12T07:55:43.099051000Z DEBUG solana_program_runtime::stable_log] Program 11111111111111111111111111111111 success
[2022-02-12T07:55:43.102423000Z DEBUG solana_program_runtime::stable_log] Program 11111111111111111111111111111111 invoke [1]
[2022-02-12T07:55:43.102484000Z DEBUG solana_program_runtime::stable_log] Program 11111111111111111111111111111111 success
[2022-02-12T07:55:43.103544000Z DEBUG solana_program_runtime::stable_log] Program 11111111111111111111111111111111 invoke [1]
[2022-02-12T07:55:43.103599000Z DEBUG solana_program_runtime::stable_log] Program 11111111111111111111111111111111 success
[2022-02-12T07:55:43.107000000Z DEBUG solana_program_runtime::stable_log] Program 11111111111111111111111111111111 invoke [1]
[2022-02-12T07:55:43.107053000Z DEBUG solana_program_runtime::stable_log] Program 11111111111111111111111111111111 success
[2022-02-12T07:55:43.107220000Z DEBUG solana_program_runtime::stable_log] Program 11111111111111111111111111111111 invoke [1]
[2022-02-12T07:55:43.107267000Z DEBUG solana_program_runtime::stable_log] Program 11111111111111111111111111111111 success
[2022-02-12T07:55:43.110679000Z DEBUG solana_program_runtime::stable_log] Program 11111111111111111111111111111111 invoke [1]
[2022-02-12T07:55:43.110725000Z DEBUG solana_program_runtime::stable_log] Program 11111111111111111111111111111111 success
[2022-02-12T07:55:43.115140000Z DEBUG solana_program_runtime::stable_log] Program TokenkegQfeZyiNwAJbNbGKPFXCWuBvf9Ss623VQ5DA invoke [1]
[2022-02-12T07:55:43.115636000Z DEBUG solana_program_runtime::stable_log] Program log: Instruction: InitializeAccount
[2022-02-12T07:55:43.116639000Z DEBUG solana_bpf_loader_program] Program TokenkegQfeZyiNwAJbNbGKPFXCWuBvf9Ss623VQ5DA consumed 3411 of 200000 compute units
[2022-02-12T07:55:43.116694000Z DEBUG solana_program_runtime::stable_log] Program TokenkegQfeZyiNwAJbNbGKPFXCWuBvf9Ss623VQ5DA success
[2022-02-12T07:55:43.118363000Z DEBUG solana_program_runtime::stable_log] Program TokenkegQfeZyiNwAJbNbGKPFXCWuBvf9Ss623VQ5DA invoke [1]
[2022-02-12T07:55:43.118864000Z DEBUG solana_program_runtime::stable_log] Program log: Instruction: InitializeAccount
[2022-02-12T07:55:43.119880000Z DEBUG solana_bpf_loader_program] Program TokenkegQfeZyiNwAJbNbGKPFXCWuBvf9Ss623VQ5DA consumed 3411 of 200000 compute units
[2022-02-12T07:55:43.119936000Z DEBUG solana_program_runtime::stable_log] Program TokenkegQfeZyiNwAJbNbGKPFXCWuBvf9Ss623VQ5DA success
[2022-02-12T07:55:43.128001000Z DEBUG solana_program_runtime::stable_log] Program 8opHzTAnfzRpPEx21XtnrVTX28YQuCpAjcn1PczScKh invoke [1]
[2022-02-12T07:55:43.128678000Z DEBUG solana_program_runtime::stable_log] Program log: Mango: AddPerpMarket DEPRECATED
[2022-02-12T07:55:43.132785000Z DEBUG solana_program_runtime::stable_log] Program 4uQeVj5tqViQh7yWWGStvkEG1Zmhx6uasJtWCJziofM invoke [1]
[2022-02-12T07:55:43.133410000Z DEBUG solana_program_runtime::stable_log] Program log: Mango: AddPerpMarket DEPRECATED
[2022-02-12T07:55:43.134872000Z DEBUG solana_bpf_loader_program] Program 8opHzTAnfzRpPEx21XtnrVTX28YQuCpAjcn1PczScKh consumed 20524 of 200000 compute units
[2022-02-12T07:55:43.134952000Z DEBUG solana_program_runtime::stable_log] Program 8opHzTAnfzRpPEx21XtnrVTX28YQuCpAjcn1PczScKh success
[2022-02-12T07:55:43.139358000Z DEBUG solana_program_runtime::stable_log] Program 11111111111111111111111111111111 invoke [1]
[2022-02-12T07:55:43.139421000Z DEBUG solana_program_runtime::stable_log] Program 11111111111111111111111111111111 success
[2022-02-12T07:55:43.139501000Z DEBUG solana_bpf_loader_program] Program 4uQeVj5tqViQh7yWWGStvkEG1Zmhx6uasJtWCJziofM consumed 20524 of 200000 compute units
[2022-02-12T07:55:43.139588000Z DEBUG solana_program_runtime::stable_log] Program 4uQeVj5tqViQh7yWWGStvkEG1Zmhx6uasJtWCJziofM success
[2022-02-12T07:55:43.142872000Z DEBUG solana_program_runtime::stable_log] Program 11111111111111111111111111111111 invoke [1]
[2022-02-12T07:55:43.142931000Z DEBUG solana_program_runtime::stable_log] Program 11111111111111111111111111111111 success
[2022-02-12T07:55:43.143900000Z DEBUG solana_program_runtime::stable_log] Program 11111111111111111111111111111111 invoke [1]
[2022-02-12T07:55:43.143949000Z DEBUG solana_program_runtime::stable_log] Program 11111111111111111111111111111111 success
[2022-02-12T07:55:43.146287000Z DEBUG solana_program_runtime::stable_log] Program 11111111111111111111111111111111 invoke [1]
[2022-02-12T07:55:43.146342000Z DEBUG solana_program_runtime::stable_log] Program 11111111111111111111111111111111 success
[2022-02-12T07:55:43.147389000Z DEBUG solana_program_runtime::stable_log] Program 11111111111111111111111111111111 invoke [1]
[2022-02-12T07:55:43.147436000Z DEBUG solana_program_runtime::stable_log] Program 11111111111111111111111111111111 success
[2022-02-12T07:55:43.149734000Z DEBUG solana_program_runtime::stable_log] Program 11111111111111111111111111111111 invoke [1]
[2022-02-12T07:55:43.149787000Z DEBUG solana_program_runtime::stable_log] Program 11111111111111111111111111111111 success
[2022-02-12T07:55:43.150796000Z DEBUG solana_program_runtime::stable_log] Program 11111111111111111111111111111111 invoke [1]
[2022-02-12T07:55:43.150852000Z DEBUG solana_program_runtime::stable_log] Program 11111111111111111111111111111111 success
[2022-02-12T07:55:43.153463000Z DEBUG solana_program_runtime::stable_log] Program 11111111111111111111111111111111 invoke [1]
[2022-02-12T07:55:43.153514000Z DEBUG solana_program_runtime::stable_log] Program 11111111111111111111111111111111 success
[2022-02-12T07:55:43.154299000Z DEBUG solana_program_runtime::stable_log] Program 11111111111111111111111111111111 invoke [1]
[2022-02-12T07:55:43.154353000Z DEBUG solana_program_runtime::stable_log] Program 11111111111111111111111111111111 success
[2022-02-12T07:55:43.159226000Z DEBUG solana_program_runtime::stable_log] Program 11111111111111111111111111111111 invoke [1]
[2022-02-12T07:55:43.159284000Z DEBUG solana_program_runtime::stable_log] Program 11111111111111111111111111111111 success
[2022-02-12T07:55:43.161580000Z DEBUG solana_program_runtime::stable_log] Program TokenkegQfeZyiNwAJbNbGKPFXCWuBvf9Ss623VQ5DA invoke [1]
[2022-02-12T07:55:43.162095000Z DEBUG solana_program_runtime::stable_log] Program log: Instruction: InitializeAccount
[2022-02-12T07:55:43.163149000Z DEBUG solana_bpf_loader_program] Program TokenkegQfeZyiNwAJbNbGKPFXCWuBvf9Ss623VQ5DA consumed 3411 of 200000 compute units
[2022-02-12T07:55:43.163212000Z DEBUG solana_program_runtime::stable_log] Program TokenkegQfeZyiNwAJbNbGKPFXCWuBvf9Ss623VQ5DA success
[2022-02-12T07:55:43.167253000Z DEBUG solana_program_runtime::stable_log] Program TokenkegQfeZyiNwAJbNbGKPFXCWuBvf9Ss623VQ5DA invoke [1]
[2022-02-12T07:55:43.167789000Z DEBUG solana_program_runtime::stable_log] Program log: Instruction: InitializeAccount
[2022-02-12T07:55:43.168855000Z DEBUG solana_bpf_loader_program] Program TokenkegQfeZyiNwAJbNbGKPFXCWuBvf9Ss623VQ5DA consumed 3411 of 200000 compute units
[2022-02-12T07:55:43.168916000Z DEBUG solana_program_runtime::stable_log] Program TokenkegQfeZyiNwAJbNbGKPFXCWuBvf9Ss623VQ5DA success
[2022-02-12T07:55:43.174539000Z DEBUG solana_program_runtime::stable_log] Program 8opHzTAnfzRpPEx21XtnrVTX28YQuCpAjcn1PczScKh invoke [1]
[2022-02-12T07:55:43.175201000Z DEBUG solana_program_runtime::stable_log] Program log: Mango: AddPerpMarket DEPRECATED
[2022-02-12T07:55:43.180214000Z DEBUG solana_program_runtime::stable_log] Program 4uQeVj5tqViQh7yWWGStvkEG1Zmhx6uasJtWCJziofM invoke [1]
[2022-02-12T07:55:43.180861000Z DEBUG solana_program_runtime::stable_log] Program log: Mango: AddPerpMarket DEPRECATED
[2022-02-12T07:55:43.181441000Z DEBUG solana_bpf_loader_program] Program 8opHzTAnfzRpPEx21XtnrVTX28YQuCpAjcn1PczScKh consumed 20564 of 200000 compute units
[2022-02-12T07:55:43.181533000Z DEBUG solana_program_runtime::stable_log] Program 8opHzTAnfzRpPEx21XtnrVTX28YQuCpAjcn1PczScKh success
[2022-02-12T07:55:43.186493000Z DEBUG solana_program_runtime::stable_log] Program 11111111111111111111111111111111 invoke [1]
[2022-02-12T07:55:43.186556000Z DEBUG solana_program_runtime::stable_log] Program 11111111111111111111111111111111 success
[2022-02-12T07:55:43.187185000Z DEBUG solana_bpf_loader_program] Program 4uQeVj5tqViQh7yWWGStvkEG1Zmhx6uasJtWCJziofM consumed 20564 of 200000 compute units
[2022-02-12T07:55:43.187261000Z DEBUG solana_program_runtime::stable_log] Program 4uQeVj5tqViQh7yWWGStvkEG1Zmhx6uasJtWCJziofM success
[2022-02-12T07:55:43.189962000Z DEBUG solana_program_runtime::stable_log] Program 11111111111111111111111111111111 invoke [1]
[2022-02-12T07:55:43.190008000Z DEBUG solana_program_runtime::stable_log] Program 11111111111111111111111111111111 success
[2022-02-12T07:55:43.191067000Z DEBUG solana_program_runtime::stable_log] Program 11111111111111111111111111111111 invoke [1]
[2022-02-12T07:55:43.191119000Z DEBUG solana_program_runtime::stable_log] Program 11111111111111111111111111111111 success
[2022-02-12T07:55:43.194529000Z DEBUG solana_program_runtime::stable_log] Program 11111111111111111111111111111111 invoke [1]
[2022-02-12T07:55:43.194566000Z DEBUG solana_program_runtime::stable_log] Program 11111111111111111111111111111111 invoke [1]
[2022-02-12T07:55:43.194579000Z DEBUG solana_program_runtime::stable_log] Program 11111111111111111111111111111111 success
[2022-02-12T07:55:43.194619000Z DEBUG solana_program_runtime::stable_log] Program 11111111111111111111111111111111 success
[2022-02-12T07:55:43.197919000Z DEBUG solana_program_runtime::stable_log] Program 11111111111111111111111111111111 invoke [1]
[2022-02-12T07:55:43.197935000Z DEBUG solana_program_runtime::stable_log] Program 11111111111111111111111111111111 invoke [1]
[2022-02-12T07:55:43.197966000Z DEBUG solana_program_runtime::stable_log] Program 11111111111111111111111111111111 success
[2022-02-12T07:55:43.197993000Z DEBUG solana_program_runtime::stable_log] Program 11111111111111111111111111111111 success
[2022-02-12T07:55:43.201383000Z DEBUG solana_program_runtime::stable_log] Program 11111111111111111111111111111111 invoke [1]
[2022-02-12T07:55:43.201436000Z DEBUG solana_program_runtime::stable_log] Program 11111111111111111111111111111111 success
[2022-02-12T07:55:43.201552000Z DEBUG solana_program_runtime::stable_log] Program 11111111111111111111111111111111 invoke [1]
[2022-02-12T07:55:43.201600000Z DEBUG solana_program_runtime::stable_log] Program 11111111111111111111111111111111 success
[2022-02-12T07:55:43.205021000Z DEBUG solana_program_runtime::stable_log] Program 11111111111111111111111111111111 invoke [1]
[2022-02-12T07:55:43.205071000Z DEBUG solana_program_runtime::stable_log] Program 11111111111111111111111111111111 success
[2022-02-12T07:55:43.209597000Z DEBUG solana_program_runtime::stable_log] Program TokenkegQfeZyiNwAJbNbGKPFXCWuBvf9Ss623VQ5DA invoke [1]
[2022-02-12T07:55:43.210109000Z DEBUG solana_program_runtime::stable_log] Program log: Instruction: InitializeAccount
[2022-02-12T07:55:43.211158000Z DEBUG solana_bpf_loader_program] Program TokenkegQfeZyiNwAJbNbGKPFXCWuBvf9Ss623VQ5DA consumed 3411 of 200000 compute units
[2022-02-12T07:55:43.211225000Z DEBUG solana_program_runtime::stable_log] Program TokenkegQfeZyiNwAJbNbGKPFXCWuBvf9Ss623VQ5DA success
[2022-02-12T07:55:43.213003000Z DEBUG solana_program_runtime::stable_log] Program TokenkegQfeZyiNwAJbNbGKPFXCWuBvf9Ss623VQ5DA invoke [1]
[2022-02-12T07:55:43.213507000Z DEBUG solana_program_runtime::stable_log] Program log: Instruction: InitializeAccount
[2022-02-12T07:55:43.214533000Z DEBUG solana_bpf_loader_program] Program TokenkegQfeZyiNwAJbNbGKPFXCWuBvf9Ss623VQ5DA consumed 3411 of 200000 compute units
[2022-02-12T07:55:43.214588000Z DEBUG solana_program_runtime::stable_log] Program TokenkegQfeZyiNwAJbNbGKPFXCWuBvf9Ss623VQ5DA success
[2022-02-12T07:55:43.222122000Z DEBUG solana_program_runtime::stable_log] Program 8opHzTAnfzRpPEx21XtnrVTX28YQuCpAjcn1PczScKh invoke [1]
[2022-02-12T07:55:43.222769000Z DEBUG solana_program_runtime::stable_log] Program log: Mango: AddPerpMarket DEPRECATED
[2022-02-12T07:55:43.225711000Z DEBUG solana_program_runtime::stable_log] Program 4uQeVj5tqViQh7yWWGStvkEG1Zmhx6uasJtWCJziofM invoke [1]
[2022-02-12T07:55:43.226375000Z DEBUG solana_program_runtime::stable_log] Program log: Mango: AddPerpMarket DEPRECATED
[2022-02-12T07:55:43.229074000Z DEBUG solana_bpf_loader_program] Program 8opHzTAnfzRpPEx21XtnrVTX28YQuCpAjcn1PczScKh consumed 20603 of 200000 compute units
[2022-02-12T07:55:43.229161000Z DEBUG solana_program_runtime::stable_log] Program 8opHzTAnfzRpPEx21XtnrVTX28YQuCpAjcn1PczScKh success
[2022-02-12T07:55:43.232590000Z DEBUG solana_bpf_loader_program] Program 4uQeVj5tqViQh7yWWGStvkEG1Zmhx6uasJtWCJziofM consumed 20603 of 200000 compute units
[2022-02-12T07:55:43.232674000Z DEBUG solana_program_runtime::stable_log] Program 4uQeVj5tqViQh7yWWGStvkEG1Zmhx6uasJtWCJziofM success
[2022-02-12T07:55:43.233567000Z DEBUG solana_program_runtime::stable_log] Program 11111111111111111111111111111111 invoke [1]
[2022-02-12T07:55:43.233630000Z DEBUG solana_program_runtime::stable_log] Program 11111111111111111111111111111111 success
[2022-02-12T07:55:43.236673000Z DEBUG solana_program_runtime::stable_log] Program 11111111111111111111111111111111 invoke [1]
[2022-02-12T07:55:43.236727000Z DEBUG solana_program_runtime::stable_log] Program 11111111111111111111111111111111 success
[2022-02-12T07:55:43.237043000Z DEBUG solana_program_runtime::stable_log] Program 11111111111111111111111111111111 invoke [1]
[2022-02-12T07:55:43.237089000Z DEBUG solana_program_runtime::stable_log] Program 11111111111111111111111111111111 success
[2022-02-12T07:55:43.240418000Z DEBUG solana_program_runtime::stable_log] Program 11111111111111111111111111111111 invoke [1]
[2022-02-12T07:55:43.240435000Z DEBUG solana_program_runtime::stable_log] Program 11111111111111111111111111111111 invoke [1]
[2022-02-12T07:55:43.240469000Z DEBUG solana_program_runtime::stable_log] Program 11111111111111111111111111111111 success
[2022-02-12T07:55:43.240493000Z DEBUG solana_program_runtime::stable_log] Program 11111111111111111111111111111111 success
[2022-02-12T07:55:43.243775000Z DEBUG solana_program_runtime::stable_log] Program 11111111111111111111111111111111 invoke [1]
[2022-02-12T07:55:43.243789000Z DEBUG solana_program_runtime::stable_log] Program 11111111111111111111111111111111 invoke [1]
[2022-02-12T07:55:43.243830000Z DEBUG solana_program_runtime::stable_log] Program 11111111111111111111111111111111 success
[2022-02-12T07:55:43.243844000Z DEBUG solana_program_runtime::stable_log] Program 11111111111111111111111111111111 success
[2022-02-12T07:55:43.247167000Z DEBUG solana_program_runtime::stable_log] Program 11111111111111111111111111111111 invoke [1]
[2022-02-12T07:55:43.247221000Z DEBUG solana_program_runtime::stable_log] Program 11111111111111111111111111111111 success
[2022-02-12T07:55:43.247432000Z DEBUG solana_program_runtime::stable_log] Program 11111111111111111111111111111111 invoke [1]
[2022-02-12T07:55:43.247481000Z DEBUG solana_program_runtime::stable_log] Program 11111111111111111111111111111111 success
[2022-02-12T07:55:43.250874000Z DEBUG solana_program_runtime::stable_log] Program 11111111111111111111111111111111 invoke [1]
[2022-02-12T07:55:43.250932000Z DEBUG solana_program_runtime::stable_log] Program 11111111111111111111111111111111 success
[2022-02-12T07:55:43.255512000Z DEBUG solana_program_runtime::stable_log] Program TokenkegQfeZyiNwAJbNbGKPFXCWuBvf9Ss623VQ5DA invoke [1]
[2022-02-12T07:55:43.256029000Z DEBUG solana_program_runtime::stable_log] Program log: Instruction: InitializeAccount
[2022-02-12T07:55:43.257091000Z DEBUG solana_bpf_loader_program] Program TokenkegQfeZyiNwAJbNbGKPFXCWuBvf9Ss623VQ5DA consumed 3411 of 200000 compute units
[2022-02-12T07:55:43.257152000Z DEBUG solana_program_runtime::stable_log] Program TokenkegQfeZyiNwAJbNbGKPFXCWuBvf9Ss623VQ5DA success
[2022-02-12T07:55:43.258955000Z DEBUG solana_program_runtime::stable_log] Program TokenkegQfeZyiNwAJbNbGKPFXCWuBvf9Ss623VQ5DA invoke [1]
[2022-02-12T07:55:43.259469000Z DEBUG solana_program_runtime::stable_log] Program log: Instruction: InitializeAccount
[2022-02-12T07:55:43.260521000Z DEBUG solana_bpf_loader_program] Program TokenkegQfeZyiNwAJbNbGKPFXCWuBvf9Ss623VQ5DA consumed 3411 of 200000 compute units
[2022-02-12T07:55:43.260577000Z DEBUG solana_program_runtime::stable_log] Program TokenkegQfeZyiNwAJbNbGKPFXCWuBvf9Ss623VQ5DA success
[2022-02-12T07:55:43.268409000Z DEBUG solana_program_runtime::stable_log] Program 8opHzTAnfzRpPEx21XtnrVTX28YQuCpAjcn1PczScKh invoke [1]
[2022-02-12T07:55:43.269081000Z DEBUG solana_program_runtime::stable_log] Program log: Mango: AddPerpMarket DEPRECATED
[2022-02-12T07:55:43.271895000Z DEBUG solana_program_runtime::stable_log] Program 4uQeVj5tqViQh7yWWGStvkEG1Zmhx6uasJtWCJziofM invoke [1]
[2022-02-12T07:55:43.272550000Z DEBUG solana_program_runtime::stable_log] Program log: Mango: AddPerpMarket DEPRECATED
[2022-02-12T07:55:43.275331000Z DEBUG solana_bpf_loader_program] Program 8opHzTAnfzRpPEx21XtnrVTX28YQuCpAjcn1PczScKh consumed 20642 of 200000 compute units
[2022-02-12T07:55:43.275405000Z DEBUG solana_program_runtime::stable_log] Program 8opHzTAnfzRpPEx21XtnrVTX28YQuCpAjcn1PczScKh success
[2022-02-12T07:55:43.278768000Z DEBUG solana_bpf_loader_program] Program 4uQeVj5tqViQh7yWWGStvkEG1Zmhx6uasJtWCJziofM consumed 20642 of 200000 compute units
[2022-02-12T07:55:43.278848000Z DEBUG solana_program_runtime::stable_log] Program 4uQeVj5tqViQh7yWWGStvkEG1Zmhx6uasJtWCJziofM success
[2022-02-12T07:55:43.279265000Z DEBUG solana_program_runtime::stable_log] Program 11111111111111111111111111111111 invoke [1]
[2022-02-12T07:55:43.279327000Z DEBUG solana_program_runtime::stable_log] Program 11111111111111111111111111111111 success
[2022-02-12T07:55:43.282678000Z DEBUG solana_program_runtime::stable_log] Program 11111111111111111111111111111111 invoke [1]
[2022-02-12T07:55:43.282703000Z DEBUG solana_program_runtime::stable_log] Program 11111111111111111111111111111111 invoke [1]
[2022-02-12T07:55:43.282727000Z DEBUG solana_program_runtime::stable_log] Program 11111111111111111111111111111111 success
[2022-02-12T07:55:43.282754000Z DEBUG solana_program_runtime::stable_log] Program 11111111111111111111111111111111 success
[2022-02-12T07:55:43.286068000Z DEBUG solana_program_runtime::stable_log] Program 11111111111111111111111111111111 invoke [1]
[2022-02-12T07:55:43.286101000Z DEBUG solana_program_runtime::stable_log] Program 11111111111111111111111111111111 invoke [1]
[2022-02-12T07:55:43.286122000Z DEBUG solana_program_runtime::stable_log] Program 11111111111111111111111111111111 success
[2022-02-12T07:55:43.286152000Z DEBUG solana_program_runtime::stable_log] Program 11111111111111111111111111111111 success
[2022-02-12T07:55:43.289456000Z DEBUG solana_program_runtime::stable_log] Program 11111111111111111111111111111111 invoke [1]
[2022-02-12T07:55:43.289463000Z DEBUG solana_program_runtime::stable_log] Program 11111111111111111111111111111111 invoke [1]
[2022-02-12T07:55:43.289513000Z DEBUG solana_program_runtime::stable_log] Program 11111111111111111111111111111111 success
[2022-02-12T07:55:43.289517000Z DEBUG solana_program_runtime::stable_log] Program 11111111111111111111111111111111 success
[2022-02-12T07:55:43.292878000Z DEBUG solana_program_runtime::stable_log] Program 11111111111111111111111111111111 invoke [1]
[2022-02-12T07:55:43.292941000Z DEBUG solana_program_runtime::stable_log] Program 11111111111111111111111111111111 success
[2022-02-12T07:55:43.293096000Z DEBUG solana_program_runtime::stable_log] Program 11111111111111111111111111111111 invoke [1]
[2022-02-12T07:55:43.293151000Z DEBUG solana_program_runtime::stable_log] Program 11111111111111111111111111111111 success
[2022-02-12T07:55:43.296554000Z DEBUG solana_program_runtime::stable_log] Program 11111111111111111111111111111111 invoke [1]
[2022-02-12T07:55:43.296601000Z DEBUG solana_program_runtime::stable_log] Program 11111111111111111111111111111111 success
[2022-02-12T07:55:43.301141000Z DEBUG solana_program_runtime::stable_log] Program TokenkegQfeZyiNwAJbNbGKPFXCWuBvf9Ss623VQ5DA invoke [1]
[2022-02-12T07:55:43.301662000Z DEBUG solana_program_runtime::stable_log] Program log: Instruction: InitializeAccount
[2022-02-12T07:55:43.302705000Z DEBUG solana_bpf_loader_program] Program TokenkegQfeZyiNwAJbNbGKPFXCWuBvf9Ss623VQ5DA consumed 3411 of 200000 compute units
[2022-02-12T07:55:43.302768000Z DEBUG solana_program_runtime::stable_log] Program TokenkegQfeZyiNwAJbNbGKPFXCWuBvf9Ss623VQ5DA success
[2022-02-12T07:55:43.304535000Z DEBUG solana_program_runtime::stable_log] Program TokenkegQfeZyiNwAJbNbGKPFXCWuBvf9Ss623VQ5DA invoke [1]
[2022-02-12T07:55:43.305057000Z DEBUG solana_program_runtime::stable_log] Program log: Instruction: InitializeAccount
[2022-02-12T07:55:43.306107000Z DEBUG solana_bpf_loader_program] Program TokenkegQfeZyiNwAJbNbGKPFXCWuBvf9Ss623VQ5DA consumed 3411 of 200000 compute units
[2022-02-12T07:55:43.306168000Z DEBUG solana_program_runtime::stable_log] Program TokenkegQfeZyiNwAJbNbGKPFXCWuBvf9Ss623VQ5DA success
[2022-02-12T07:55:43.314212000Z DEBUG solana_program_runtime::stable_log] Program 8opHzTAnfzRpPEx21XtnrVTX28YQuCpAjcn1PczScKh invoke [1]
[2022-02-12T07:55:43.314884000Z DEBUG solana_program_runtime::stable_log] Program log: Mango: AddPerpMarket DEPRECATED
[2022-02-12T07:55:43.317683000Z DEBUG solana_program_runtime::stable_log] Program 4uQeVj5tqViQh7yWWGStvkEG1Zmhx6uasJtWCJziofM invoke [1]
[2022-02-12T07:55:43.318331000Z DEBUG solana_program_runtime::stable_log] Program log: Mango: AddPerpMarket DEPRECATED
[2022-02-12T07:55:43.321154000Z DEBUG solana_bpf_loader_program] Program 8opHzTAnfzRpPEx21XtnrVTX28YQuCpAjcn1PczScKh consumed 20681 of 200000 compute units
[2022-02-12T07:55:43.321247000Z DEBUG solana_program_runtime::stable_log] Program 8opHzTAnfzRpPEx21XtnrVTX28YQuCpAjcn1PczScKh success
[2022-02-12T07:55:43.324683000Z DEBUG solana_bpf_loader_program] Program 4uQeVj5tqViQh7yWWGStvkEG1Zmhx6uasJtWCJziofM consumed 20681 of 200000 compute units
[2022-02-12T07:55:43.324767000Z DEBUG solana_program_runtime::stable_log] Program 4uQeVj5tqViQh7yWWGStvkEG1Zmhx6uasJtWCJziofM success
[2022-02-12T07:55:43.325545000Z DEBUG solana_program_runtime::stable_log] Program 11111111111111111111111111111111 invoke [1]
[2022-02-12T07:55:43.325606000Z DEBUG solana_program_runtime::stable_log] Program 11111111111111111111111111111111 success
[2022-02-12T07:55:43.329035000Z DEBUG solana_program_runtime::stable_log] Program 11111111111111111111111111111111 invoke [1]
[2022-02-12T07:55:43.329091000Z DEBUG solana_program_runtime::stable_log] Program 11111111111111111111111111111111 success
[2022-02-12T07:55:43.329639000Z DEBUG solana_program_runtime::stable_log] Program 11111111111111111111111111111111 invoke [1]
[2022-02-12T07:55:43.329683000Z DEBUG solana_program_runtime::stable_log] Program 11111111111111111111111111111111 success
[2022-02-12T07:55:43.332396000Z DEBUG solana_program_runtime::stable_log] Program 11111111111111111111111111111111 invoke [1]
[2022-02-12T07:55:43.332445000Z DEBUG solana_program_runtime::stable_log] Program 11111111111111111111111111111111 success
[2022-02-12T07:55:43.333281000Z DEBUG solana_program_runtime::stable_log] Program 11111111111111111111111111111111 invoke [1]
[2022-02-12T07:55:43.333332000Z DEBUG solana_program_runtime::stable_log] Program 11111111111111111111111111111111 success
[2022-02-12T07:55:43.335836000Z DEBUG solana_program_runtime::stable_log] Program 11111111111111111111111111111111 invoke [1]
[2022-02-12T07:55:43.335893000Z DEBUG solana_program_runtime::stable_log] Program 11111111111111111111111111111111 success
[2022-02-12T07:55:43.336840000Z DEBUG solana_program_runtime::stable_log] Program 11111111111111111111111111111111 invoke [1]
[2022-02-12T07:55:43.336893000Z DEBUG solana_program_runtime::stable_log] Program 11111111111111111111111111111111 success
[2022-02-12T07:55:43.339561000Z DEBUG solana_program_runtime::stable_log] Program 11111111111111111111111111111111 invoke [1]
[2022-02-12T07:55:43.339613000Z DEBUG solana_program_runtime::stable_log] Program 11111111111111111111111111111111 success
[2022-02-12T07:55:43.340315000Z DEBUG solana_program_runtime::stable_log] Program 11111111111111111111111111111111 invoke [1]
[2022-02-12T07:55:43.340373000Z DEBUG solana_program_runtime::stable_log] Program 11111111111111111111111111111111 success
[2022-02-12T07:55:43.343992000Z DEBUG solana_program_runtime::stable_log] Program 11111111111111111111111111111111 invoke [1]
[2022-02-12T07:55:43.344046000Z DEBUG solana_program_runtime::stable_log] Program 11111111111111111111111111111111 success
[2022-02-12T07:55:43.347639000Z DEBUG solana_program_runtime::stable_log] Program TokenkegQfeZyiNwAJbNbGKPFXCWuBvf9Ss623VQ5DA invoke [1]
[2022-02-12T07:55:43.348154000Z DEBUG solana_program_runtime::stable_log] Program log: Instruction: InitializeAccount
[2022-02-12T07:55:43.349199000Z DEBUG solana_bpf_loader_program] Program TokenkegQfeZyiNwAJbNbGKPFXCWuBvf9Ss623VQ5DA consumed 3411 of 200000 compute units
[2022-02-12T07:55:43.349262000Z DEBUG solana_program_runtime::stable_log] Program TokenkegQfeZyiNwAJbNbGKPFXCWuBvf9Ss623VQ5DA success
[2022-02-12T07:55:43.352006000Z DEBUG solana_program_runtime::stable_log] Program TokenkegQfeZyiNwAJbNbGKPFXCWuBvf9Ss623VQ5DA invoke [1]
[2022-02-12T07:55:43.352533000Z DEBUG solana_program_runtime::stable_log] Program log: Instruction: InitializeAccount
[2022-02-12T07:55:43.353588000Z DEBUG solana_bpf_loader_program] Program TokenkegQfeZyiNwAJbNbGKPFXCWuBvf9Ss623VQ5DA consumed 3411 of 200000 compute units
[2022-02-12T07:55:43.353644000Z DEBUG solana_program_runtime::stable_log] Program TokenkegQfeZyiNwAJbNbGKPFXCWuBvf9Ss623VQ5DA success
[2022-02-12T07:55:43.360532000Z DEBUG solana_program_runtime::stable_log] Program 8opHzTAnfzRpPEx21XtnrVTX28YQuCpAjcn1PczScKh invoke [1]
[2022-02-12T07:55:43.361190000Z DEBUG solana_program_runtime::stable_log] Program log: Mango: AddPerpMarket DEPRECATED
[2022-02-12T07:55:43.364963000Z DEBUG solana_program_runtime::stable_log] Program 4uQeVj5tqViQh7yWWGStvkEG1Zmhx6uasJtWCJziofM invoke [1]
[2022-02-12T07:55:43.365608000Z DEBUG solana_program_runtime::stable_log] Program log: Mango: AddPerpMarket DEPRECATED
[2022-02-12T07:55:43.367477000Z DEBUG solana_bpf_loader_program] Program 8opHzTAnfzRpPEx21XtnrVTX28YQuCpAjcn1PczScKh consumed 20720 of 200000 compute units
[2022-02-12T07:55:43.367556000Z DEBUG solana_program_runtime::stable_log] Program 8opHzTAnfzRpPEx21XtnrVTX28YQuCpAjcn1PczScKh success
[2022-02-12T07:55:43.371330000Z DEBUG solana_program_runtime::stable_log] Program 11111111111111111111111111111111 invoke [1]
[2022-02-12T07:55:43.371391000Z DEBUG solana_program_runtime::stable_log] Program 11111111111111111111111111111111 success
[2022-02-12T07:55:43.371975000Z DEBUG solana_bpf_loader_program] Program 4uQeVj5tqViQh7yWWGStvkEG1Zmhx6uasJtWCJziofM consumed 20720 of 200000 compute units
[2022-02-12T07:55:43.372050000Z DEBUG solana_program_runtime::stable_log] Program 4uQeVj5tqViQh7yWWGStvkEG1Zmhx6uasJtWCJziofM success
[2022-02-12T07:55:43.375047000Z DEBUG solana_program_runtime::stable_log] Program 11111111111111111111111111111111 invoke [1]
[2022-02-12T07:55:43.375105000Z DEBUG solana_program_runtime::stable_log] Program 11111111111111111111111111111111 success
[2022-02-12T07:55:43.375708000Z DEBUG solana_program_runtime::stable_log] Program 11111111111111111111111111111111 invoke [1]
[2022-02-12T07:55:43.375755000Z DEBUG solana_program_runtime::stable_log] Program 11111111111111111111111111111111 success
[2022-02-12T07:55:43.378445000Z DEBUG solana_program_runtime::stable_log] Program 11111111111111111111111111111111 invoke [1]
[2022-02-12T07:55:43.378500000Z DEBUG solana_program_runtime::stable_log] Program 11111111111111111111111111111111 success
[2022-02-12T07:55:43.379211000Z DEBUG solana_program_runtime::stable_log] Program 11111111111111111111111111111111 invoke [1]
[2022-02-12T07:55:43.379256000Z DEBUG solana_program_runtime::stable_log] Program 11111111111111111111111111111111 success
[2022-02-12T07:55:43.381875000Z DEBUG solana_program_runtime::stable_log] Program 11111111111111111111111111111111 invoke [1]
[2022-02-12T07:55:43.381926000Z DEBUG solana_program_runtime::stable_log] Program 11111111111111111111111111111111 success
[2022-02-12T07:55:43.382655000Z DEBUG solana_program_runtime::stable_log] Program 11111111111111111111111111111111 invoke [1]
[2022-02-12T07:55:43.382704000Z DEBUG solana_program_runtime::stable_log] Program 11111111111111111111111111111111 success
[2022-02-12T07:55:43.385531000Z DEBUG solana_program_runtime::stable_log] Program 11111111111111111111111111111111 invoke [1]
[2022-02-12T07:55:43.385584000Z DEBUG solana_program_runtime::stable_log] Program 11111111111111111111111111111111 success
[2022-02-12T07:55:43.386129000Z DEBUG solana_program_runtime::stable_log] Program 11111111111111111111111111111111 invoke [1]
[2022-02-12T07:55:43.386182000Z DEBUG solana_program_runtime::stable_log] Program 11111111111111111111111111111111 success
[2022-02-12T07:55:43.389796000Z DEBUG solana_program_runtime::stable_log] Program 11111111111111111111111111111111 invoke [1]
[2022-02-12T07:55:43.389851000Z DEBUG solana_program_runtime::stable_log] Program 11111111111111111111111111111111 success
[2022-02-12T07:55:43.393647000Z DEBUG solana_program_runtime::stable_log] Program TokenkegQfeZyiNwAJbNbGKPFXCWuBvf9Ss623VQ5DA invoke [1]
[2022-02-12T07:55:43.394164000Z DEBUG solana_program_runtime::stable_log] Program log: Instruction: InitializeAccount
[2022-02-12T07:55:43.395210000Z DEBUG solana_bpf_loader_program] Program TokenkegQfeZyiNwAJbNbGKPFXCWuBvf9Ss623VQ5DA consumed 3411 of 200000 compute units
[2022-02-12T07:55:43.395271000Z DEBUG solana_program_runtime::stable_log] Program TokenkegQfeZyiNwAJbNbGKPFXCWuBvf9Ss623VQ5DA success
[2022-02-12T07:55:43.397856000Z DEBUG solana_program_runtime::stable_log] Program TokenkegQfeZyiNwAJbNbGKPFXCWuBvf9Ss623VQ5DA invoke [1]
[2022-02-12T07:55:43.398385000Z DEBUG solana_program_runtime::stable_log] Program log: Instruction: InitializeAccount
[2022-02-12T07:55:43.399440000Z DEBUG solana_bpf_loader_program] Program TokenkegQfeZyiNwAJbNbGKPFXCWuBvf9Ss623VQ5DA consumed 3411 of 200000 compute units
[2022-02-12T07:55:43.399497000Z DEBUG solana_program_runtime::stable_log] Program TokenkegQfeZyiNwAJbNbGKPFXCWuBvf9Ss623VQ5DA success
[2022-02-12T07:55:43.406499000Z DEBUG solana_program_runtime::stable_log] Program 8opHzTAnfzRpPEx21XtnrVTX28YQuCpAjcn1PczScKh invoke [1]
[2022-02-12T07:55:43.407163000Z DEBUG solana_program_runtime::stable_log] Program log: Mango: AddPerpMarket DEPRECATED
[2022-02-12T07:55:43.411977000Z DEBUG solana_program_runtime::stable_log] Program 4uQeVj5tqViQh7yWWGStvkEG1Zmhx6uasJtWCJziofM invoke [1]
[2022-02-12T07:55:43.412620000Z DEBUG solana_program_runtime::stable_log] Program log: Mango: AddPerpMarket DEPRECATED
[2022-02-12T07:55:43.413477000Z DEBUG solana_bpf_loader_program] Program 8opHzTAnfzRpPEx21XtnrVTX28YQuCpAjcn1PczScKh consumed 20759 of 200000 compute units
[2022-02-12T07:55:43.413562000Z DEBUG solana_program_runtime::stable_log] Program 8opHzTAnfzRpPEx21XtnrVTX28YQuCpAjcn1PczScKh success
[2022-02-12T07:55:43.417615000Z DEBUG solana_program_runtime::stable_log] Program 11111111111111111111111111111111 invoke [1]
[2022-02-12T07:55:43.417682000Z DEBUG solana_program_runtime::stable_log] Program 11111111111111111111111111111111 success
[2022-02-12T07:55:43.418971000Z DEBUG solana_bpf_loader_program] Program 4uQeVj5tqViQh7yWWGStvkEG1Zmhx6uasJtWCJziofM consumed 20759 of 200000 compute units
[2022-02-12T07:55:43.419050000Z DEBUG solana_program_runtime::stable_log] Program 4uQeVj5tqViQh7yWWGStvkEG1Zmhx6uasJtWCJziofM success
[2022-02-12T07:55:43.421171000Z DEBUG solana_program_runtime::stable_log] Program 11111111111111111111111111111111 invoke [1]
[2022-02-12T07:55:43.421225000Z DEBUG solana_program_runtime::stable_log] Program 11111111111111111111111111111111 success
[2022-02-12T07:55:43.422928000Z DEBUG solana_program_runtime::stable_log] Program 11111111111111111111111111111111 invoke [1]
[2022-02-12T07:55:43.422977000Z DEBUG solana_program_runtime::stable_log] Program 11111111111111111111111111111111 success
[2022-02-12T07:55:43.424602000Z DEBUG solana_program_runtime::stable_log] Program 11111111111111111111111111111111 invoke [1]
[2022-02-12T07:55:43.424657000Z DEBUG solana_program_runtime::stable_log] Program 11111111111111111111111111111111 success
[2022-02-12T07:55:43.426430000Z DEBUG solana_program_runtime::stable_log] Program 11111111111111111111111111111111 invoke [1]
[2022-02-12T07:55:43.426486000Z DEBUG solana_program_runtime::stable_log] Program 11111111111111111111111111111111 success
[2022-02-12T07:55:43.428031000Z DEBUG solana_program_runtime::stable_log] Program 11111111111111111111111111111111 invoke [1]
[2022-02-12T07:55:43.428090000Z DEBUG solana_program_runtime::stable_log] Program 11111111111111111111111111111111 success
[2022-02-12T07:55:43.430169000Z DEBUG solana_program_runtime::stable_log] Program 11111111111111111111111111111111 invoke [1]
[2022-02-12T07:55:43.430228000Z DEBUG solana_program_runtime::stable_log] Program 11111111111111111111111111111111 success
[2022-02-12T07:55:43.431733000Z DEBUG solana_program_runtime::stable_log] Program 11111111111111111111111111111111 invoke [1]
[2022-02-12T07:55:43.431791000Z DEBUG solana_program_runtime::stable_log] Program 11111111111111111111111111111111 success
[2022-02-12T07:55:43.433564000Z DEBUG solana_program_runtime::stable_log] Program 11111111111111111111111111111111 invoke [1]
[2022-02-12T07:55:43.433620000Z DEBUG solana_program_runtime::stable_log] Program 11111111111111111111111111111111 success
[2022-02-12T07:55:43.437227000Z DEBUG solana_program_runtime::stable_log] Program 11111111111111111111111111111111 invoke [1]
[2022-02-12T07:55:43.437280000Z DEBUG solana_program_runtime::stable_log] Program 11111111111111111111111111111111 success
[2022-02-12T07:55:43.439890000Z DEBUG solana_program_runtime::stable_log] Program TokenkegQfeZyiNwAJbNbGKPFXCWuBvf9Ss623VQ5DA invoke [1]
[2022-02-12T07:55:43.440410000Z DEBUG solana_program_runtime::stable_log] Program log: Instruction: InitializeAccount
[2022-02-12T07:55:43.441469000Z DEBUG solana_bpf_loader_program] Program TokenkegQfeZyiNwAJbNbGKPFXCWuBvf9Ss623VQ5DA consumed 3411 of 200000 compute units
[2022-02-12T07:55:43.441527000Z DEBUG solana_program_runtime::stable_log] Program TokenkegQfeZyiNwAJbNbGKPFXCWuBvf9Ss623VQ5DA success
[2022-02-12T07:55:43.445325000Z DEBUG solana_program_runtime::stable_log] Program TokenkegQfeZyiNwAJbNbGKPFXCWuBvf9Ss623VQ5DA invoke [1]
[2022-02-12T07:55:43.445856000Z DEBUG solana_program_runtime::stable_log] Program log: Instruction: InitializeAccount
[2022-02-12T07:55:43.446911000Z DEBUG solana_bpf_loader_program] Program TokenkegQfeZyiNwAJbNbGKPFXCWuBvf9Ss623VQ5DA consumed 3411 of 200000 compute units
[2022-02-12T07:55:43.446968000Z DEBUG solana_program_runtime::stable_log] Program TokenkegQfeZyiNwAJbNbGKPFXCWuBvf9Ss623VQ5DA success
[2022-02-12T07:55:43.453641000Z DEBUG solana_program_runtime::stable_log] Program 8opHzTAnfzRpPEx21XtnrVTX28YQuCpAjcn1PczScKh invoke [1]
[2022-02-12T07:55:43.454272000Z DEBUG solana_program_runtime::stable_log] Program log: Mango: AddPerpMarket DEPRECATED
[2022-02-12T07:55:43.458149000Z DEBUG solana_program_runtime::stable_log] Program 4uQeVj5tqViQh7yWWGStvkEG1Zmhx6uasJtWCJziofM invoke [1]
[2022-02-12T07:55:43.458838000Z DEBUG solana_program_runtime::stable_log] Program log: Mango: AddPerpMarket DEPRECATED
[2022-02-12T07:55:43.460447000Z DEBUG solana_bpf_loader_program] Program 8opHzTAnfzRpPEx21XtnrVTX28YQuCpAjcn1PczScKh consumed 20798 of 200000 compute units
[2022-02-12T07:55:43.460523000Z DEBUG solana_program_runtime::stable_log] Program 8opHzTAnfzRpPEx21XtnrVTX28YQuCpAjcn1PczScKh success
[2022-02-12T07:55:43.465233000Z DEBUG solana_bpf_loader_program] Program 4uQeVj5tqViQh7yWWGStvkEG1Zmhx6uasJtWCJziofM consumed 20798 of 200000 compute units
[2022-02-12T07:55:43.465325000Z DEBUG solana_program_runtime::stable_log] Program 4uQeVj5tqViQh7yWWGStvkEG1Zmhx6uasJtWCJziofM success
[2022-02-12T07:55:43.465625000Z DEBUG solana_program_runtime::stable_log] Program 11111111111111111111111111111111 invoke [1]
[2022-02-12T07:55:43.465683000Z DEBUG solana_program_runtime::stable_log] Program 11111111111111111111111111111111 success
[2022-02-12T07:55:43.468968000Z DEBUG solana_program_runtime::stable_log] Program 11111111111111111111111111111111 invoke [1]
[2022-02-12T07:55:43.469017000Z DEBUG solana_program_runtime::stable_log] Program 11111111111111111111111111111111 success
[2022-02-12T07:55:43.469068000Z DEBUG solana_program_runtime::stable_log] Program 11111111111111111111111111111111 invoke [1]
[2022-02-12T07:55:43.469114000Z DEBUG solana_program_runtime::stable_log] Program 11111111111111111111111111111111 success
[2022-02-12T07:55:43.472423000Z DEBUG solana_program_runtime::stable_log] Program 11111111111111111111111111111111 invoke [1]
[2022-02-12T07:55:43.472483000Z DEBUG solana_program_runtime::stable_log] Program 11111111111111111111111111111111 success
[2022-02-12T07:55:43.473562000Z DEBUG solana_program_runtime::stable_log] Program 11111111111111111111111111111111 invoke [1]
[2022-02-12T07:55:43.473619000Z DEBUG solana_program_runtime::stable_log] Program 11111111111111111111111111111111 success
[2022-02-12T07:55:43.475841000Z DEBUG solana_program_runtime::stable_log] Program 11111111111111111111111111111111 invoke [1]
[2022-02-12T07:55:43.475902000Z DEBUG solana_program_runtime::stable_log] Program 11111111111111111111111111111111 success
[2022-02-12T07:55:43.476957000Z DEBUG solana_program_runtime::stable_log] Program 11111111111111111111111111111111 invoke [1]
[2022-02-12T07:55:43.477006000Z DEBUG solana_program_runtime::stable_log] Program 11111111111111111111111111111111 success
[2022-02-12T07:55:43.479521000Z DEBUG solana_program_runtime::stable_log] Program 11111111111111111111111111111111 invoke [1]
[2022-02-12T07:55:43.479569000Z DEBUG solana_program_runtime::stable_log] Program 11111111111111111111111111111111 success
[2022-02-12T07:55:43.481537000Z DEBUG solana_program_runtime::stable_log] Program 11111111111111111111111111111111 invoke [1]
[2022-02-12T07:55:43.481591000Z DEBUG solana_program_runtime::stable_log] Program 11111111111111111111111111111111 success
[2022-02-12T07:55:43.485204000Z DEBUG solana_program_runtime::stable_log] Program 11111111111111111111111111111111 invoke [1]
[2022-02-12T07:55:43.485261000Z DEBUG solana_program_runtime::stable_log] Program 11111111111111111111111111111111 success
[2022-02-12T07:55:43.487612000Z DEBUG solana_program_runtime::stable_log] Program TokenkegQfeZyiNwAJbNbGKPFXCWuBvf9Ss623VQ5DA invoke [1]
[2022-02-12T07:55:43.488142000Z DEBUG solana_program_runtime::stable_log] Program log: Instruction: InitializeAccount
[2022-02-12T07:55:43.489191000Z DEBUG solana_bpf_loader_program] Program TokenkegQfeZyiNwAJbNbGKPFXCWuBvf9Ss623VQ5DA consumed 3411 of 200000 compute units
[2022-02-12T07:55:43.489253000Z DEBUG solana_program_runtime::stable_log] Program TokenkegQfeZyiNwAJbNbGKPFXCWuBvf9Ss623VQ5DA success
[2022-02-12T07:55:43.493250000Z DEBUG solana_program_runtime::stable_log] Program TokenkegQfeZyiNwAJbNbGKPFXCWuBvf9Ss623VQ5DA invoke [1]
[2022-02-12T07:55:43.493782000Z DEBUG solana_program_runtime::stable_log] Program log: Instruction: InitializeAccount
[2022-02-12T07:55:43.494837000Z DEBUG solana_bpf_loader_program] Program TokenkegQfeZyiNwAJbNbGKPFXCWuBvf9Ss623VQ5DA consumed 3411 of 200000 compute units
[2022-02-12T07:55:43.494894000Z DEBUG solana_program_runtime::stable_log] Program TokenkegQfeZyiNwAJbNbGKPFXCWuBvf9Ss623VQ5DA success
[2022-02-12T07:55:43.500570000Z DEBUG solana_program_runtime::stable_log] Program 8opHzTAnfzRpPEx21XtnrVTX28YQuCpAjcn1PczScKh invoke [1]
[2022-02-12T07:55:43.501236000Z DEBUG solana_program_runtime::stable_log] Program log: Mango: AddPerpMarket DEPRECATED
[2022-02-12T07:55:43.506228000Z DEBUG solana_program_runtime::stable_log] Program 4uQeVj5tqViQh7yWWGStvkEG1Zmhx6uasJtWCJziofM invoke [1]
[2022-02-12T07:55:43.506874000Z DEBUG solana_program_runtime::stable_log] Program log: Mango: AddPerpMarket DEPRECATED
[2022-02-12T07:55:43.507547000Z DEBUG solana_bpf_loader_program] Program 8opHzTAnfzRpPEx21XtnrVTX28YQuCpAjcn1PczScKh consumed 20837 of 200000 compute units
[2022-02-12T07:55:43.507628000Z DEBUG solana_program_runtime::stable_log] Program 8opHzTAnfzRpPEx21XtnrVTX28YQuCpAjcn1PczScKh success
[2022-02-12T07:55:43.511740000Z DEBUG solana_program_runtime::stable_log] Program 11111111111111111111111111111111 invoke [1]
[2022-02-12T07:55:43.511806000Z DEBUG solana_program_runtime::stable_log] Program 11111111111111111111111111111111 success
[2022-02-12T07:55:43.513257000Z DEBUG solana_bpf_loader_program] Program 4uQeVj5tqViQh7yWWGStvkEG1Zmhx6uasJtWCJziofM consumed 20837 of 200000 compute units
[2022-02-12T07:55:43.513341000Z DEBUG solana_program_runtime::stable_log] Program 4uQeVj5tqViQh7yWWGStvkEG1Zmhx6uasJtWCJziofM success
[2022-02-12T07:55:43.515291000Z DEBUG solana_program_runtime::stable_log] Program 11111111111111111111111111111111 invoke [1]
[2022-02-12T07:55:43.515344000Z DEBUG solana_program_runtime::stable_log] Program 11111111111111111111111111111111 success
[2022-02-12T07:55:43.518238000Z DEBUG solana_program_runtime::stable_log] Program 11111111111111111111111111111111 invoke [1]
[2022-02-12T07:55:43.518291000Z DEBUG solana_program_runtime::stable_log] Program 11111111111111111111111111111111 success
[2022-02-12T07:55:43.518649000Z DEBUG solana_program_runtime::stable_log] Program 11111111111111111111111111111111 invoke [1]
[2022-02-12T07:55:43.518696000Z DEBUG solana_program_runtime::stable_log] Program 11111111111111111111111111111111 success
[2022-02-12T07:55:43.521987000Z DEBUG solana_program_runtime::stable_log] Program 11111111111111111111111111111111 invoke [1]
[2022-02-12T07:55:43.522034000Z DEBUG solana_program_runtime::stable_log] Program 11111111111111111111111111111111 success
[2022-02-12T07:55:43.522058000Z DEBUG solana_program_runtime::stable_log] Program 11111111111111111111111111111111 invoke [1]
[2022-02-12T07:55:43.522108000Z DEBUG solana_program_runtime::stable_log] Program 11111111111111111111111111111111 success
[2022-02-12T07:55:43.525362000Z DEBUG solana_program_runtime::stable_log] Program 11111111111111111111111111111111 invoke [1]
[2022-02-12T07:55:43.525417000Z DEBUG solana_program_runtime::stable_log] Program 11111111111111111111111111111111 success
[2022-02-12T07:55:43.525675000Z DEBUG solana_program_runtime::stable_log] Program 11111111111111111111111111111111 invoke [1]
[2022-02-12T07:55:43.525720000Z DEBUG solana_program_runtime::stable_log] Program 11111111111111111111111111111111 success
[2022-02-12T07:55:43.528781000Z DEBUG solana_program_runtime::stable_log] Program 11111111111111111111111111111111 invoke [1]
[2022-02-12T07:55:43.528839000Z DEBUG solana_program_runtime::stable_log] Program 11111111111111111111111111111111 success
[2022-02-12T07:55:43.532474000Z DEBUG solana_program_runtime::stable_log] Program 11111111111111111111111111111111 invoke [1]
[2022-02-12T07:55:43.532532000Z DEBUG solana_program_runtime::stable_log] Program 11111111111111111111111111111111 success
[2022-02-12T07:55:43.533785000Z DEBUG solana_program_runtime::stable_log] Program TokenkegQfeZyiNwAJbNbGKPFXCWuBvf9Ss623VQ5DA invoke [1]
[2022-02-12T07:55:43.534305000Z DEBUG solana_program_runtime::stable_log] Program log: Instruction: InitializeAccount
[2022-02-12T07:55:43.535363000Z DEBUG solana_bpf_loader_program] Program TokenkegQfeZyiNwAJbNbGKPFXCWuBvf9Ss623VQ5DA consumed 3411 of 200000 compute units
[2022-02-12T07:55:43.535422000Z DEBUG solana_program_runtime::stable_log] Program TokenkegQfeZyiNwAJbNbGKPFXCWuBvf9Ss623VQ5DA success
[2022-02-12T07:55:43.540545000Z DEBUG solana_program_runtime::stable_log] Program TokenkegQfeZyiNwAJbNbGKPFXCWuBvf9Ss623VQ5DA invoke [1]
[2022-02-12T07:55:43.541066000Z DEBUG solana_program_runtime::stable_log] Program log: Instruction: InitializeAccount
[2022-02-12T07:55:43.542118000Z DEBUG solana_bpf_loader_program] Program TokenkegQfeZyiNwAJbNbGKPFXCWuBvf9Ss623VQ5DA consumed 3411 of 200000 compute units
[2022-02-12T07:55:43.542178000Z DEBUG solana_program_runtime::stable_log] Program TokenkegQfeZyiNwAJbNbGKPFXCWuBvf9Ss623VQ5DA success
[2022-02-12T07:55:43.546602000Z DEBUG solana_program_runtime::stable_log] Program 8opHzTAnfzRpPEx21XtnrVTX28YQuCpAjcn1PczScKh invoke [1]
[2022-02-12T07:55:43.547264000Z DEBUG solana_program_runtime::stable_log] Program log: Mango: AddPerpMarket DEPRECATED
[2022-02-12T07:55:43.553404000Z DEBUG solana_program_runtime::stable_log] Program 4uQeVj5tqViQh7yWWGStvkEG1Zmhx6uasJtWCJziofM invoke [1]
[2022-02-12T07:55:43.553493000Z DEBUG solana_bpf_loader_program] Program 8opHzTAnfzRpPEx21XtnrVTX28YQuCpAjcn1PczScKh consumed 20876 of 200000 compute units
[2022-02-12T07:55:43.553580000Z DEBUG solana_program_runtime::stable_log] Program 8opHzTAnfzRpPEx21XtnrVTX28YQuCpAjcn1PczScKh success
[2022-02-12T07:55:43.554033000Z DEBUG solana_program_runtime::stable_log] Program log: Mango: AddPerpMarket DEPRECATED
[2022-02-12T07:55:43.557463000Z DEBUG solana_program_runtime::stable_log] Program 11111111111111111111111111111111 invoke [1]
[2022-02-12T07:55:43.557537000Z DEBUG solana_program_runtime::stable_log] Program 11111111111111111111111111111111 success
[2022-02-12T07:55:43.560453000Z DEBUG solana_bpf_loader_program] Program 4uQeVj5tqViQh7yWWGStvkEG1Zmhx6uasJtWCJziofM consumed 20876 of 200000 compute units
[2022-02-12T07:55:43.560538000Z DEBUG solana_program_runtime::stable_log] Program 4uQeVj5tqViQh7yWWGStvkEG1Zmhx6uasJtWCJziofM success
[2022-02-12T07:55:43.560967000Z DEBUG solana_program_runtime::stable_log] Program 11111111111111111111111111111111 invoke [1]
[2022-02-12T07:55:43.561014000Z DEBUG solana_program_runtime::stable_log] Program 11111111111111111111111111111111 success
[2022-02-12T07:55:43.564357000Z DEBUG solana_program_runtime::stable_log] Program 11111111111111111111111111111111 invoke [1]
[2022-02-12T07:55:43.564374000Z DEBUG solana_program_runtime::stable_log] Program 11111111111111111111111111111111 invoke [1]
[2022-02-12T07:55:43.564407000Z DEBUG solana_program_runtime::stable_log] Program 11111111111111111111111111111111 success
[2022-02-12T07:55:43.564433000Z DEBUG solana_program_runtime::stable_log] Program 11111111111111111111111111111111 success
[2022-02-12T07:55:43.567754000Z DEBUG solana_program_runtime::stable_log] Program 11111111111111111111111111111111 invoke [1]
[2022-02-12T07:55:43.567776000Z DEBUG solana_program_runtime::stable_log] Program 11111111111111111111111111111111 invoke [1]
[2022-02-12T07:55:43.567801000Z DEBUG solana_program_runtime::stable_log] Program 11111111111111111111111111111111 success
[2022-02-12T07:55:43.567831000Z DEBUG solana_program_runtime::stable_log] Program 11111111111111111111111111111111 success
[2022-02-12T07:55:43.571188000Z DEBUG solana_program_runtime::stable_log] Program 11111111111111111111111111111111 invoke [1]
[2022-02-12T07:55:43.571240000Z DEBUG solana_program_runtime::stable_log] Program 11111111111111111111111111111111 success
[2022-02-12T07:55:43.571416000Z DEBUG solana_program_runtime::stable_log] Program 11111111111111111111111111111111 invoke [1]
[2022-02-12T07:55:43.571461000Z DEBUG solana_program_runtime::stable_log] Program 11111111111111111111111111111111 success
[2022-02-12T07:55:43.574667000Z DEBUG solana_program_runtime::stable_log] Program 11111111111111111111111111111111 invoke [1]
[2022-02-12T07:55:43.574727000Z DEBUG solana_program_runtime::stable_log] Program 11111111111111111111111111111111 success
[2022-02-12T07:55:43.578310000Z DEBUG solana_program_runtime::stable_log] Program 11111111111111111111111111111111 invoke [1]
[2022-02-12T07:55:43.578363000Z DEBUG solana_program_runtime::stable_log] Program 11111111111111111111111111111111 success
[2022-02-12T07:55:43.579460000Z DEBUG solana_program_runtime::stable_log] Program TokenkegQfeZyiNwAJbNbGKPFXCWuBvf9Ss623VQ5DA invoke [1]
[2022-02-12T07:55:43.579978000Z DEBUG solana_program_runtime::stable_log] Program log: Instruction: InitializeAccount
[2022-02-12T07:55:43.581024000Z DEBUG solana_bpf_loader_program] Program TokenkegQfeZyiNwAJbNbGKPFXCWuBvf9Ss623VQ5DA consumed 3411 of 200000 compute units
[2022-02-12T07:55:43.581084000Z DEBUG solana_program_runtime::stable_log] Program TokenkegQfeZyiNwAJbNbGKPFXCWuBvf9Ss623VQ5DA success
[2022-02-12T07:55:43.586301000Z DEBUG solana_program_runtime::stable_log] Program TokenkegQfeZyiNwAJbNbGKPFXCWuBvf9Ss623VQ5DA invoke [1]
[2022-02-12T07:55:43.586819000Z DEBUG solana_program_runtime::stable_log] Program log: Instruction: InitializeAccount
[2022-02-12T07:55:43.587872000Z DEBUG solana_bpf_loader_program] Program TokenkegQfeZyiNwAJbNbGKPFXCWuBvf9Ss623VQ5DA consumed 3411 of 200000 compute units
[2022-02-12T07:55:43.587939000Z DEBUG solana_program_runtime::stable_log] Program TokenkegQfeZyiNwAJbNbGKPFXCWuBvf9Ss623VQ5DA success
[2022-02-12T07:55:43.592255000Z DEBUG solana_program_runtime::stable_log] Program 8opHzTAnfzRpPEx21XtnrVTX28YQuCpAjcn1PczScKh invoke [1]
[2022-02-12T07:55:43.592932000Z DEBUG solana_program_runtime::stable_log] Program log: Mango: AddPerpMarket DEPRECATED
[2022-02-12T07:55:43.599305000Z DEBUG solana_bpf_loader_program] Program 8opHzTAnfzRpPEx21XtnrVTX28YQuCpAjcn1PczScKh consumed 20915 of 200000 compute units
[2022-02-12T07:55:43.599380000Z DEBUG solana_program_runtime::stable_log] Program 8opHzTAnfzRpPEx21XtnrVTX28YQuCpAjcn1PczScKh success
[2022-02-12T07:55:43.599419000Z DEBUG solana_program_runtime::stable_log] Program 4uQeVj5tqViQh7yWWGStvkEG1Zmhx6uasJtWCJziofM invoke [1]
[2022-02-12T07:55:43.600061000Z DEBUG solana_program_runtime::stable_log] Program log: Mango: AddPerpMarket DEPRECATED
[2022-02-12T07:55:43.603554000Z DEBUG solana_program_runtime::stable_log] Program 11111111111111111111111111111111 invoke [1]
[2022-02-12T07:55:43.603627000Z DEBUG solana_program_runtime::stable_log] Program 11111111111111111111111111111111 success
[2022-02-12T07:55:43.606524000Z DEBUG solana_bpf_loader_program] Program 4uQeVj5tqViQh7yWWGStvkEG1Zmhx6uasJtWCJziofM consumed 20915 of 200000 compute units
[2022-02-12T07:55:43.606610000Z DEBUG solana_program_runtime::stable_log] Program 4uQeVj5tqViQh7yWWGStvkEG1Zmhx6uasJtWCJziofM success
[2022-02-12T07:55:43.607043000Z DEBUG solana_program_runtime::stable_log] Program 11111111111111111111111111111111 invoke [1]
[2022-02-12T07:55:43.607089000Z DEBUG solana_program_runtime::stable_log] Program 11111111111111111111111111111111 success
[2022-02-12T07:55:43.610414000Z DEBUG solana_program_runtime::stable_log] Program 11111111111111111111111111111111 invoke [1]
[2022-02-12T07:55:43.610471000Z DEBUG solana_program_runtime::stable_log] Program 11111111111111111111111111111111 success
[2022-02-12T07:55:43.613009000Z DEBUG solana_program_runtime::stable_log] Program 11111111111111111111111111111111 invoke [1]
[2022-02-12T07:55:43.613060000Z DEBUG solana_program_runtime::stable_log] Program 11111111111111111111111111111111 success
[2022-02-12T07:55:43.613842000Z DEBUG solana_program_runtime::stable_log] Program 11111111111111111111111111111111 invoke [1]
[2022-02-12T07:55:43.613893000Z DEBUG solana_program_runtime::stable_log] Program 11111111111111111111111111111111 success
[2022-02-12T07:55:43.617504000Z DEBUG solana_program_runtime::stable_log] Program 11111111111111111111111111111111 invoke [1]
[2022-02-12T07:55:43.617556000Z DEBUG solana_program_runtime::stable_log] Program 11111111111111111111111111111111 success
[2022-02-12T07:55:43.617588000Z DEBUG solana_program_runtime::stable_log] Program 11111111111111111111111111111111 invoke [1]
[2022-02-12T07:55:43.617638000Z DEBUG solana_program_runtime::stable_log] Program 11111111111111111111111111111111 success
[2022-02-12T07:55:43.620966000Z DEBUG solana_program_runtime::stable_log] Program 11111111111111111111111111111111 invoke [1]
[2022-02-12T07:55:43.621018000Z DEBUG solana_program_runtime::stable_log] Program 11111111111111111111111111111111 success
[2022-02-12T07:55:43.625521000Z DEBUG solana_program_runtime::stable_log] Program 11111111111111111111111111111111 invoke [1]
[2022-02-12T07:55:43.625534000Z DEBUG solana_program_runtime::stable_log] Program TokenkegQfeZyiNwAJbNbGKPFXCWuBvf9Ss623VQ5DA invoke [1]
[2022-02-12T07:55:43.625576000Z DEBUG solana_program_runtime::stable_log] Program 11111111111111111111111111111111 success
[2022-02-12T07:55:43.626056000Z DEBUG solana_program_runtime::stable_log] Program log: Instruction: InitializeAccount
[2022-02-12T07:55:43.627110000Z DEBUG solana_bpf_loader_program] Program TokenkegQfeZyiNwAJbNbGKPFXCWuBvf9Ss623VQ5DA consumed 3411 of 200000 compute units
[2022-02-12T07:55:43.627184000Z DEBUG solana_program_runtime::stable_log] Program TokenkegQfeZyiNwAJbNbGKPFXCWuBvf9Ss623VQ5DA success
[2022-02-12T07:55:43.629188000Z DEBUG solana_program_runtime::stable_log] Program 11111111111111111111111111111111 invoke [1]
[2022-02-12T07:55:43.629240000Z DEBUG solana_program_runtime::stable_log] Program 11111111111111111111111111111111 success
[2022-02-12T07:55:43.637219000Z DEBUG solana_program_runtime::stable_log] Program TokenkegQfeZyiNwAJbNbGKPFXCWuBvf9Ss623VQ5DA invoke [1]
[2022-02-12T07:55:43.637739000Z DEBUG solana_program_runtime::stable_log] Program log: Instruction: InitializeAccount
[2022-02-12T07:55:43.638415000Z DEBUG solana_program_runtime::stable_log] Program 8opHzTAnfzRpPEx21XtnrVTX28YQuCpAjcn1PczScKh invoke [1]
[2022-02-12T07:55:43.638794000Z DEBUG solana_bpf_loader_program] Program TokenkegQfeZyiNwAJbNbGKPFXCWuBvf9Ss623VQ5DA consumed 3411 of 200000 compute units
[2022-02-12T07:55:43.638851000Z DEBUG solana_program_runtime::stable_log] Program TokenkegQfeZyiNwAJbNbGKPFXCWuBvf9Ss623VQ5DA success
[2022-02-12T07:55:43.639060000Z DEBUG solana_program_runtime::stable_log] Program log: Mango: AddPerpMarket DEPRECATED
[2022-02-12T07:55:43.645453000Z DEBUG solana_bpf_loader_program] Program 8opHzTAnfzRpPEx21XtnrVTX28YQuCpAjcn1PczScKh consumed 20954 of 200000 compute units
[2022-02-12T07:55:43.645542000Z DEBUG solana_program_runtime::stable_log] Program 8opHzTAnfzRpPEx21XtnrVTX28YQuCpAjcn1PczScKh success
[2022-02-12T07:55:43.649217000Z DEBUG solana_program_runtime::stable_log] Program 11111111111111111111111111111111 invoke [1]
[2022-02-12T07:55:43.649286000Z DEBUG solana_program_runtime::stable_log] Program 11111111111111111111111111111111 success
[2022-02-12T07:55:43.650322000Z DEBUG solana_program_runtime::stable_log] Program 4uQeVj5tqViQh7yWWGStvkEG1Zmhx6uasJtWCJziofM invoke [1]
[2022-02-12T07:55:43.650984000Z DEBUG solana_program_runtime::stable_log] Program log: Mango: AddPerpMarket DEPRECATED
[2022-02-12T07:55:43.652720000Z DEBUG solana_program_runtime::stable_log] Program 11111111111111111111111111111111 invoke [1]
[2022-02-12T07:55:43.652770000Z DEBUG solana_program_runtime::stable_log] Program 11111111111111111111111111111111 success
[2022-02-12T07:55:43.656185000Z DEBUG solana_program_runtime::stable_log] Program 11111111111111111111111111111111 invoke [1]
[2022-02-12T07:55:43.656244000Z DEBUG solana_program_runtime::stable_log] Program 11111111111111111111111111111111 success
[2022-02-12T07:55:43.657435000Z DEBUG solana_bpf_loader_program] Program 4uQeVj5tqViQh7yWWGStvkEG1Zmhx6uasJtWCJziofM consumed 20954 of 200000 compute units
[2022-02-12T07:55:43.657519000Z DEBUG solana_program_runtime::stable_log] Program 4uQeVj5tqViQh7yWWGStvkEG1Zmhx6uasJtWCJziofM success
[2022-02-12T07:55:43.659672000Z DEBUG solana_program_runtime::stable_log] Program 11111111111111111111111111111111 invoke [1]
[2022-02-12T07:55:43.659725000Z DEBUG solana_program_runtime::stable_log] Program 11111111111111111111111111111111 success
[2022-02-12T07:55:43.662170000Z DEBUG solana_program_runtime::stable_log] Program 11111111111111111111111111111111 invoke [1]
[2022-02-12T07:55:43.662223000Z DEBUG solana_program_runtime::stable_log] Program 11111111111111111111111111111111 success
[2022-02-12T07:55:43.663322000Z DEBUG solana_program_runtime::stable_log] Program 11111111111111111111111111111111 invoke [1]
[2022-02-12T07:55:43.663374000Z DEBUG solana_program_runtime::stable_log] Program 11111111111111111111111111111111 success
[2022-02-12T07:55:43.665641000Z DEBUG solana_program_runtime::stable_log] Program 11111111111111111111111111111111 invoke [1]
[2022-02-12T07:55:43.665693000Z DEBUG solana_program_runtime::stable_log] Program 11111111111111111111111111111111 success
[2022-02-12T07:55:43.669053000Z DEBUG solana_program_runtime::stable_log] Program 11111111111111111111111111111111 invoke [1]
[2022-02-12T07:55:43.669110000Z DEBUG solana_program_runtime::stable_log] Program 11111111111111111111111111111111 success
[2022-02-12T07:55:43.671374000Z DEBUG solana_program_runtime::stable_log] Program TokenkegQfeZyiNwAJbNbGKPFXCWuBvf9Ss623VQ5DA invoke [1]
[2022-02-12T07:55:43.671898000Z DEBUG solana_program_runtime::stable_log] Program log: Instruction: InitializeAccount
[2022-02-12T07:55:43.672947000Z DEBUG solana_bpf_loader_program] Program TokenkegQfeZyiNwAJbNbGKPFXCWuBvf9Ss623VQ5DA consumed 3411 of 200000 compute units
[2022-02-12T07:55:43.673007000Z DEBUG solana_program_runtime::stable_log] Program TokenkegQfeZyiNwAJbNbGKPFXCWuBvf9Ss623VQ5DA success
[2022-02-12T07:55:43.673621000Z DEBUG solana_program_runtime::stable_log] Program 11111111111111111111111111111111 invoke [1]
[2022-02-12T07:55:43.673670000Z DEBUG solana_program_runtime::stable_log] Program 11111111111111111111111111111111 success
[2022-02-12T07:55:43.677316000Z DEBUG solana_program_runtime::stable_log] Program 11111111111111111111111111111111 invoke [1]
[2022-02-12T07:55:43.677385000Z DEBUG solana_program_runtime::stable_log] Program 11111111111111111111111111111111 success
[2022-02-12T07:55:43.684422000Z DEBUG solana_program_runtime::stable_log] Program 8opHzTAnfzRpPEx21XtnrVTX28YQuCpAjcn1PczScKh invoke [1]
[2022-02-12T07:55:43.685078000Z DEBUG solana_program_runtime::stable_log] Program log: Mango: AddPerpMarket DEPRECATED
[2022-02-12T07:55:43.685391000Z DEBUG solana_program_runtime::stable_log] Program TokenkegQfeZyiNwAJbNbGKPFXCWuBvf9Ss623VQ5DA invoke [1]
[2022-02-12T07:55:43.685915000Z DEBUG solana_program_runtime::stable_log] Program log: Instruction: InitializeAccount
[2022-02-12T07:55:43.686968000Z DEBUG solana_bpf_loader_program] Program TokenkegQfeZyiNwAJbNbGKPFXCWuBvf9Ss623VQ5DA consumed 3411 of 200000 compute units
[2022-02-12T07:55:43.687026000Z DEBUG solana_program_runtime::stable_log] Program TokenkegQfeZyiNwAJbNbGKPFXCWuBvf9Ss623VQ5DA success
[2022-02-12T07:55:43.691529000Z DEBUG solana_bpf_loader_program] Program 8opHzTAnfzRpPEx21XtnrVTX28YQuCpAjcn1PczScKh consumed 20993 of 200000 compute units
[2022-02-12T07:55:43.691618000Z DEBUG solana_program_runtime::stable_log] Program 8opHzTAnfzRpPEx21XtnrVTX28YQuCpAjcn1PczScKh success
[2022-02-12T07:55:43.696801000Z DEBUG solana_program_runtime::stable_log] Program 11111111111111111111111111111111 invoke [1]
[2022-02-12T07:55:43.696869000Z DEBUG solana_program_runtime::stable_log] Program 11111111111111111111111111111111 success
[2022-02-12T07:55:43.698416000Z DEBUG solana_program_runtime::stable_log] Program 4uQeVj5tqViQh7yWWGStvkEG1Zmhx6uasJtWCJziofM invoke [1]
[2022-02-12T07:55:43.699088000Z DEBUG solana_program_runtime::stable_log] Program log: Mango: AddPerpMarket DEPRECATED
[2022-02-12T07:55:43.700340000Z DEBUG solana_program_runtime::stable_log] Program 11111111111111111111111111111111 invoke [1]
[2022-02-12T07:55:43.700393000Z DEBUG solana_program_runtime::stable_log] Program 11111111111111111111111111111111 success
[2022-02-12T07:55:43.703771000Z DEBUG solana_program_runtime::stable_log] Program 11111111111111111111111111111111 invoke [1]
[2022-02-12T07:55:43.703826000Z DEBUG solana_program_runtime::stable_log] Program 11111111111111111111111111111111 success
[2022-02-12T07:55:43.705518000Z DEBUG solana_bpf_loader_program] Program 4uQeVj5tqViQh7yWWGStvkEG1Zmhx6uasJtWCJziofM consumed 20993 of 200000 compute units
[2022-02-12T07:55:43.705598000Z DEBUG solana_program_runtime::stable_log] Program 4uQeVj5tqViQh7yWWGStvkEG1Zmhx6uasJtWCJziofM success
[2022-02-12T07:55:43.707174000Z DEBUG solana_program_runtime::stable_log] Program 11111111111111111111111111111111 invoke [1]
[2022-02-12T07:55:43.707223000Z DEBUG solana_program_runtime::stable_log] Program 11111111111111111111111111111111 success
[2022-02-12T07:55:43.710634000Z DEBUG solana_program_runtime::stable_log] Program 11111111111111111111111111111111 invoke [1]
[2022-02-12T07:55:43.710686000Z DEBUG solana_program_runtime::stable_log] Program 11111111111111111111111111111111 success
[2022-02-12T07:55:43.710838000Z DEBUG solana_program_runtime::stable_log] Program 11111111111111111111111111111111 invoke [1]
[2022-02-12T07:55:43.710885000Z DEBUG solana_program_runtime::stable_log] Program 11111111111111111111111111111111 success
[2022-02-12T07:55:43.714115000Z DEBUG solana_program_runtime::stable_log] Program 11111111111111111111111111111111 invoke [1]
[2022-02-12T07:55:43.714167000Z DEBUG solana_program_runtime::stable_log] Program 11111111111111111111111111111111 success
[2022-02-12T07:55:43.717548000Z DEBUG solana_program_runtime::stable_log] Program 11111111111111111111111111111111 invoke [1]
[2022-02-12T07:55:43.717606000Z DEBUG solana_program_runtime::stable_log] Program 11111111111111111111111111111111 success
[2022-02-12T07:55:43.718920000Z DEBUG solana_program_runtime::stable_log] Program TokenkegQfeZyiNwAJbNbGKPFXCWuBvf9Ss623VQ5DA invoke [1]
[2022-02-12T07:55:43.719429000Z DEBUG solana_program_runtime::stable_log] Program log: Instruction: InitializeAccount
[2022-02-12T07:55:43.720482000Z DEBUG solana_bpf_loader_program] Program TokenkegQfeZyiNwAJbNbGKPFXCWuBvf9Ss623VQ5DA consumed 3411 of 200000 compute units
[2022-02-12T07:55:43.720538000Z DEBUG solana_program_runtime::stable_log] Program TokenkegQfeZyiNwAJbNbGKPFXCWuBvf9Ss623VQ5DA success
[2022-02-12T07:55:43.720928000Z DEBUG solana_program_runtime::stable_log] Program 11111111111111111111111111111111 invoke [1]
[2022-02-12T07:55:43.720979000Z DEBUG solana_program_runtime::stable_log] Program 11111111111111111111111111111111 success
[2022-02-12T07:55:43.724696000Z DEBUG solana_program_runtime::stable_log] Program 11111111111111111111111111111111 invoke [1]
[2022-02-12T07:55:43.724766000Z DEBUG solana_program_runtime::stable_log] Program 11111111111111111111111111111111 success
[2022-02-12T07:55:43.731985000Z DEBUG solana_program_runtime::stable_log] Program 8opHzTAnfzRpPEx21XtnrVTX28YQuCpAjcn1PczScKh invoke [1]
[2022-02-12T07:55:43.732638000Z DEBUG solana_program_runtime::stable_log] Program log: Mango: AddPerpMarket DEPRECATED
[2022-02-12T07:55:43.732759000Z DEBUG solana_program_runtime::stable_log] Program TokenkegQfeZyiNwAJbNbGKPFXCWuBvf9Ss623VQ5DA invoke [1]
[2022-02-12T07:55:43.733271000Z DEBUG solana_program_runtime::stable_log] Program log: Instruction: InitializeAccount
[2022-02-12T07:55:43.734329000Z DEBUG solana_bpf_loader_program] Program TokenkegQfeZyiNwAJbNbGKPFXCWuBvf9Ss623VQ5DA consumed 3411 of 200000 compute units
[2022-02-12T07:55:43.734384000Z DEBUG solana_program_runtime::stable_log] Program TokenkegQfeZyiNwAJbNbGKPFXCWuBvf9Ss623VQ5DA success
[2022-02-12T07:55:43.739056000Z DEBUG solana_bpf_loader_program] Program 8opHzTAnfzRpPEx21XtnrVTX28YQuCpAjcn1PczScKh consumed 21032 of 200000 compute units
[2022-02-12T07:55:43.739143000Z DEBUG solana_program_runtime::stable_log] Program 8opHzTAnfzRpPEx21XtnrVTX28YQuCpAjcn1PczScKh success
[2022-02-12T07:55:43.743973000Z DEBUG solana_program_runtime::stable_log] Program 11111111111111111111111111111111 invoke [1]
[2022-02-12T07:55:43.744042000Z DEBUG solana_program_runtime::stable_log] Program 11111111111111111111111111111111 success
[2022-02-12T07:55:43.745862000Z DEBUG solana_program_runtime::stable_log] Program 4uQeVj5tqViQh7yWWGStvkEG1Zmhx6uasJtWCJziofM invoke [1]
[2022-02-12T07:55:43.746522000Z DEBUG solana_program_runtime::stable_log] Program log: Mango: AddPerpMarket DEPRECATED
[2022-02-12T07:55:43.747456000Z DEBUG solana_program_runtime::stable_log] Program 11111111111111111111111111111111 invoke [1]
[2022-02-12T07:55:43.747507000Z DEBUG solana_program_runtime::stable_log] Program 11111111111111111111111111111111 success
[2022-02-12T07:55:43.750905000Z DEBUG solana_program_runtime::stable_log] Program 11111111111111111111111111111111 invoke [1]
[2022-02-12T07:55:43.750957000Z DEBUG solana_program_runtime::stable_log] Program 11111111111111111111111111111111 success
[2022-02-12T07:55:43.752995000Z DEBUG solana_bpf_loader_program] Program 4uQeVj5tqViQh7yWWGStvkEG1Zmhx6uasJtWCJziofM consumed 21032 of 200000 compute units
[2022-02-12T07:55:43.753074000Z DEBUG solana_program_runtime::stable_log] Program 4uQeVj5tqViQh7yWWGStvkEG1Zmhx6uasJtWCJziofM success
[2022-02-12T07:55:43.754348000Z DEBUG solana_program_runtime::stable_log] Program 11111111111111111111111111111111 invoke [1]
[2022-02-12T07:55:43.754399000Z DEBUG solana_program_runtime::stable_log] Program 11111111111111111111111111111111 success
[2022-02-12T07:55:43.757646000Z DEBUG solana_program_runtime::stable_log] Program 11111111111111111111111111111111 invoke [1]
[2022-02-12T07:55:43.757695000Z DEBUG solana_program_runtime::stable_log] Program 11111111111111111111111111111111 success
[2022-02-12T07:55:43.757918000Z DEBUG solana_program_runtime::stable_log] Program 11111111111111111111111111111111 invoke [1]
[2022-02-12T07:55:43.757964000Z DEBUG solana_program_runtime::stable_log] Program 11111111111111111111111111111111 success
[2022-02-12T07:55:43.761173000Z DEBUG solana_program_runtime::stable_log] Program 11111111111111111111111111111111 invoke [1]
[2022-02-12T07:55:43.761226000Z DEBUG solana_program_runtime::stable_log] Program 11111111111111111111111111111111 success
[2022-02-12T07:55:43.764590000Z DEBUG solana_program_runtime::stable_log] Program 11111111111111111111111111111111 invoke [1]
[2022-02-12T07:55:43.764648000Z DEBUG solana_program_runtime::stable_log] Program 11111111111111111111111111111111 success
[2022-02-12T07:55:43.766016000Z DEBUG solana_program_runtime::stable_log] Program TokenkegQfeZyiNwAJbNbGKPFXCWuBvf9Ss623VQ5DA invoke [1]
[2022-02-12T07:55:43.766529000Z DEBUG solana_program_runtime::stable_log] Program log: Instruction: InitializeAccount
[2022-02-12T07:55:43.767570000Z DEBUG solana_bpf_loader_program] Program TokenkegQfeZyiNwAJbNbGKPFXCWuBvf9Ss623VQ5DA consumed 3411 of 200000 compute units
[2022-02-12T07:55:43.767629000Z DEBUG solana_program_runtime::stable_log] Program TokenkegQfeZyiNwAJbNbGKPFXCWuBvf9Ss623VQ5DA success
[2022-02-12T07:55:43.767985000Z DEBUG solana_program_runtime::stable_log] Program 11111111111111111111111111111111 invoke [1]
[2022-02-12T07:55:43.768035000Z DEBUG solana_program_runtime::stable_log] Program 11111111111111111111111111111111 success
[2022-02-12T07:55:43.771743000Z DEBUG solana_program_runtime::stable_log] Program 11111111111111111111111111111111 invoke [1]
[2022-02-12T07:55:43.771811000Z DEBUG solana_program_runtime::stable_log] Program 11111111111111111111111111111111 success
[2022-02-12T07:55:43.779122000Z DEBUG solana_program_runtime::stable_log] Program 8opHzTAnfzRpPEx21XtnrVTX28YQuCpAjcn1PczScKh invoke [1]
[2022-02-12T07:55:43.779778000Z DEBUG solana_program_runtime::stable_log] Program log: Mango: AddPerpMarket DEPRECATED
[2022-02-12T07:55:43.779797000Z DEBUG solana_program_runtime::stable_log] Program TokenkegQfeZyiNwAJbNbGKPFXCWuBvf9Ss623VQ5DA invoke [1]
[2022-02-12T07:55:43.780310000Z DEBUG solana_program_runtime::stable_log] Program log: Instruction: InitializeAccount
[2022-02-12T07:55:43.781361000Z DEBUG solana_bpf_loader_program] Program TokenkegQfeZyiNwAJbNbGKPFXCWuBvf9Ss623VQ5DA consumed 3411 of 200000 compute units
[2022-02-12T07:55:43.781423000Z DEBUG solana_program_runtime::stable_log] Program TokenkegQfeZyiNwAJbNbGKPFXCWuBvf9Ss623VQ5DA success
[2022-02-12T07:55:43.786228000Z DEBUG solana_bpf_loader_program] Program 8opHzTAnfzRpPEx21XtnrVTX28YQuCpAjcn1PczScKh consumed 21071 of 200000 compute units
[2022-02-12T07:55:43.786312000Z DEBUG solana_program_runtime::stable_log] Program 8opHzTAnfzRpPEx21XtnrVTX28YQuCpAjcn1PczScKh success
[2022-02-12T07:55:43.792767000Z DEBUG solana_program_runtime::stable_log] Program 4uQeVj5tqViQh7yWWGStvkEG1Zmhx6uasJtWCJziofM invoke [1]
[2022-02-12T07:55:43.793443000Z DEBUG solana_program_runtime::stable_log] Program log: Mango: AddPerpMarket DEPRECATED
[2022-02-12T07:55:43.797209000Z DEBUG solana_program_runtime::stable_log] Program 8opHzTAnfzRpPEx21XtnrVTX28YQuCpAjcn1PczScKh invoke [1]
[2022-02-12T07:55:43.797558000Z DEBUG solana_program_runtime::stable_log] Program log: Mango: SetOracle
[2022-02-12T07:55:43.797849000Z DEBUG solana_bpf_loader_program] Program 8opHzTAnfzRpPEx21XtnrVTX28YQuCpAjcn1PczScKh consumed 1550 of 200000 compute units
[2022-02-12T07:55:43.797907000Z DEBUG solana_program_runtime::stable_log] Program 8opHzTAnfzRpPEx21XtnrVTX28YQuCpAjcn1PczScKh success
[2022-02-12T07:55:43.799821000Z DEBUG solana_bpf_loader_program] Program 4uQeVj5tqViQh7yWWGStvkEG1Zmhx6uasJtWCJziofM consumed 21071 of 200000 compute units
[2022-02-12T07:55:43.799895000Z DEBUG solana_program_runtime::stable_log] Program 4uQeVj5tqViQh7yWWGStvkEG1Zmhx6uasJtWCJziofM success
[2022-02-12T07:55:43.807394000Z DEBUG solana_program_runtime::stable_log] Program 8opHzTAnfzRpPEx21XtnrVTX28YQuCpAjcn1PczScKh invoke [1]
[2022-02-12T07:55:43.807745000Z DEBUG solana_program_runtime::stable_log] Program log: Mango: SetOracle
[2022-02-12T07:55:43.808038000Z DEBUG solana_bpf_loader_program] Program 8opHzTAnfzRpPEx21XtnrVTX28YQuCpAjcn1PczScKh consumed 1590 of 200000 compute units
[2022-02-12T07:55:43.808094000Z DEBUG solana_program_runtime::stable_log] Program 8opHzTAnfzRpPEx21XtnrVTX28YQuCpAjcn1PczScKh success
[2022-02-12T07:55:43.810684000Z DEBUG solana_program_runtime::stable_log] Program 4uQeVj5tqViQh7yWWGStvkEG1Zmhx6uasJtWCJziofM invoke [1]
[2022-02-12T07:55:43.811074000Z DEBUG solana_program_runtime::stable_log] Program log: Mango: SetOracle
[2022-02-12T07:55:43.811386000Z DEBUG solana_bpf_loader_program] Program 4uQeVj5tqViQh7yWWGStvkEG1Zmhx6uasJtWCJziofM consumed 1550 of 200000 compute units
[2022-02-12T07:55:43.811447000Z DEBUG solana_program_runtime::stable_log] Program 4uQeVj5tqViQh7yWWGStvkEG1Zmhx6uasJtWCJziofM success
[2022-02-12T07:55:43.818368000Z DEBUG solana_program_runtime::stable_log] Program 8opHzTAnfzRpPEx21XtnrVTX28YQuCpAjcn1PczScKh invoke [1]
[2022-02-12T07:55:43.818734000Z DEBUG solana_program_runtime::stable_log] Program log: Mango: SetOracle
[2022-02-12T07:55:43.819056000Z DEBUG solana_bpf_loader_program] Program 8opHzTAnfzRpPEx21XtnrVTX28YQuCpAjcn1PczScKh consumed 1629 of 200000 compute units
[2022-02-12T07:55:43.819113000Z DEBUG solana_program_runtime::stable_log] Program 8opHzTAnfzRpPEx21XtnrVTX28YQuCpAjcn1PczScKh success
[2022-02-12T07:55:43.821385000Z DEBUG solana_program_runtime::stable_log] Program 4uQeVj5tqViQh7yWWGStvkEG1Zmhx6uasJtWCJziofM invoke [1]
[2022-02-12T07:55:43.821736000Z DEBUG solana_program_runtime::stable_log] Program log: Mango: SetOracle
[2022-02-12T07:55:43.822039000Z DEBUG solana_bpf_loader_program] Program 4uQeVj5tqViQh7yWWGStvkEG1Zmhx6uasJtWCJziofM consumed 1590 of 200000 compute units
[2022-02-12T07:55:43.822096000Z DEBUG solana_program_runtime::stable_log] Program 4uQeVj5tqViQh7yWWGStvkEG1Zmhx6uasJtWCJziofM success
[2022-02-12T07:55:43.828940000Z DEBUG solana_program_runtime::stable_log] Program 8opHzTAnfzRpPEx21XtnrVTX28YQuCpAjcn1PczScKh invoke [1]
[2022-02-12T07:55:43.829292000Z DEBUG solana_program_runtime::stable_log] Program log: Mango: SetOracle
[2022-02-12T07:55:43.829627000Z DEBUG solana_bpf_loader_program] Program 8opHzTAnfzRpPEx21XtnrVTX28YQuCpAjcn1PczScKh consumed 1668 of 200000 compute units
[2022-02-12T07:55:43.829688000Z DEBUG solana_program_runtime::stable_log] Program 8opHzTAnfzRpPEx21XtnrVTX28YQuCpAjcn1PczScKh success
[2022-02-12T07:55:43.832159000Z DEBUG solana_program_runtime::stable_log] Program 4uQeVj5tqViQh7yWWGStvkEG1Zmhx6uasJtWCJziofM invoke [1]
[2022-02-12T07:55:43.832509000Z DEBUG solana_program_runtime::stable_log] Program log: Mango: SetOracle
[2022-02-12T07:55:43.832827000Z DEBUG solana_bpf_loader_program] Program 4uQeVj5tqViQh7yWWGStvkEG1Zmhx6uasJtWCJziofM consumed 1629 of 200000 compute units
[2022-02-12T07:55:43.832882000Z DEBUG solana_program_runtime::stable_log] Program 4uQeVj5tqViQh7yWWGStvkEG1Zmhx6uasJtWCJziofM success
[2022-02-12T07:55:43.839544000Z DEBUG solana_program_runtime::stable_log] Program 8opHzTAnfzRpPEx21XtnrVTX28YQuCpAjcn1PczScKh invoke [1]
[2022-02-12T07:55:43.839897000Z DEBUG solana_program_runtime::stable_log] Program log: Mango: SetOracle
[2022-02-12T07:55:43.840244000Z DEBUG solana_bpf_loader_program] Program 8opHzTAnfzRpPEx21XtnrVTX28YQuCpAjcn1PczScKh consumed 1707 of 200000 compute units
[2022-02-12T07:55:43.840298000Z DEBUG solana_program_runtime::stable_log] Program 8opHzTAnfzRpPEx21XtnrVTX28YQuCpAjcn1PczScKh success
[2022-02-12T07:55:43.842831000Z DEBUG solana_program_runtime::stable_log] Program 4uQeVj5tqViQh7yWWGStvkEG1Zmhx6uasJtWCJziofM invoke [1]
[2022-02-12T07:55:43.843182000Z DEBUG solana_program_runtime::stable_log] Program log: Mango: SetOracle
[2022-02-12T07:55:43.843520000Z DEBUG solana_bpf_loader_program] Program 4uQeVj5tqViQh7yWWGStvkEG1Zmhx6uasJtWCJziofM consumed 1668 of 200000 compute units
[2022-02-12T07:55:43.843574000Z DEBUG solana_program_runtime::stable_log] Program 4uQeVj5tqViQh7yWWGStvkEG1Zmhx6uasJtWCJziofM success
[2022-02-12T07:55:43.850182000Z DEBUG solana_program_runtime::stable_log] Program 8opHzTAnfzRpPEx21XtnrVTX28YQuCpAjcn1PczScKh invoke [1]
[2022-02-12T07:55:43.850530000Z DEBUG solana_program_runtime::stable_log] Program log: Mango: SetOracle
[2022-02-12T07:55:43.850892000Z DEBUG solana_bpf_loader_program] Program 8opHzTAnfzRpPEx21XtnrVTX28YQuCpAjcn1PczScKh consumed 1746 of 200000 compute units
[2022-02-12T07:55:43.850946000Z DEBUG solana_program_runtime::stable_log] Program 8opHzTAnfzRpPEx21XtnrVTX28YQuCpAjcn1PczScKh success
[2022-02-12T07:55:43.853341000Z DEBUG solana_program_runtime::stable_log] Program 4uQeVj5tqViQh7yWWGStvkEG1Zmhx6uasJtWCJziofM invoke [1]
[2022-02-12T07:55:43.853670000Z DEBUG solana_program_runtime::stable_log] Program log: Mango: SetOracle
[2022-02-12T07:55:43.854006000Z DEBUG solana_bpf_loader_program] Program 4uQeVj5tqViQh7yWWGStvkEG1Zmhx6uasJtWCJziofM consumed 1707 of 200000 compute units
[2022-02-12T07:55:43.854060000Z DEBUG solana_program_runtime::stable_log] Program 4uQeVj5tqViQh7yWWGStvkEG1Zmhx6uasJtWCJziofM success
[2022-02-12T07:55:43.860181000Z DEBUG solana_program_runtime::stable_log] Program 8opHzTAnfzRpPEx21XtnrVTX28YQuCpAjcn1PczScKh invoke [1]
[2022-02-12T07:55:43.860514000Z DEBUG solana_program_runtime::stable_log] Program log: Mango: SetOracle
[2022-02-12T07:55:43.860871000Z DEBUG solana_bpf_loader_program] Program 8opHzTAnfzRpPEx21XtnrVTX28YQuCpAjcn1PczScKh consumed 1785 of 200000 compute units
[2022-02-12T07:55:43.860923000Z DEBUG solana_program_runtime::stable_log] Program 8opHzTAnfzRpPEx21XtnrVTX28YQuCpAjcn1PczScKh success
[2022-02-12T07:55:43.864947000Z DEBUG solana_program_runtime::stable_log] Program 4uQeVj5tqViQh7yWWGStvkEG1Zmhx6uasJtWCJziofM invoke [1]
[2022-02-12T07:55:43.865307000Z DEBUG solana_program_runtime::stable_log] Program log: Mango: SetOracle
[2022-02-12T07:55:43.865677000Z DEBUG solana_bpf_loader_program] Program 4uQeVj5tqViQh7yWWGStvkEG1Zmhx6uasJtWCJziofM consumed 1746 of 200000 compute units
[2022-02-12T07:55:43.865740000Z DEBUG solana_program_runtime::stable_log] Program 4uQeVj5tqViQh7yWWGStvkEG1Zmhx6uasJtWCJziofM success
[2022-02-12T07:55:43.872019000Z DEBUG solana_program_runtime::stable_log] Program 8opHzTAnfzRpPEx21XtnrVTX28YQuCpAjcn1PczScKh invoke [1]
[2022-02-12T07:55:43.872347000Z DEBUG solana_program_runtime::stable_log] Program log: Mango: SetOracle
[2022-02-12T07:55:43.872721000Z DEBUG solana_bpf_loader_program] Program 8opHzTAnfzRpPEx21XtnrVTX28YQuCpAjcn1PczScKh consumed 1824 of 200000 compute units
[2022-02-12T07:55:43.872773000Z DEBUG solana_program_runtime::stable_log] Program 8opHzTAnfzRpPEx21XtnrVTX28YQuCpAjcn1PczScKh success
[2022-02-12T07:55:43.875438000Z DEBUG solana_program_runtime::stable_log] Program 4uQeVj5tqViQh7yWWGStvkEG1Zmhx6uasJtWCJziofM invoke [1]
[2022-02-12T07:55:43.875770000Z DEBUG solana_program_runtime::stable_log] Program log: Mango: SetOracle
[2022-02-12T07:55:43.876128000Z DEBUG solana_bpf_loader_program] Program 4uQeVj5tqViQh7yWWGStvkEG1Zmhx6uasJtWCJziofM consumed 1785 of 200000 compute units
[2022-02-12T07:55:43.876180000Z DEBUG solana_program_runtime::stable_log] Program 4uQeVj5tqViQh7yWWGStvkEG1Zmhx6uasJtWCJziofM success
[2022-02-12T07:55:43.883070000Z DEBUG solana_program_runtime::stable_log] Program 8opHzTAnfzRpPEx21XtnrVTX28YQuCpAjcn1PczScKh invoke [1]
[2022-02-12T07:55:43.883448000Z DEBUG solana_program_runtime::stable_log] Program log: Mango: SetOracle
[2022-02-12T07:55:43.883852000Z DEBUG solana_bpf_loader_program] Program 8opHzTAnfzRpPEx21XtnrVTX28YQuCpAjcn1PczScKh consumed 1863 of 200000 compute units
[2022-02-12T07:55:43.883913000Z DEBUG solana_program_runtime::stable_log] Program 8opHzTAnfzRpPEx21XtnrVTX28YQuCpAjcn1PczScKh success
[2022-02-12T07:55:43.886288000Z DEBUG solana_program_runtime::stable_log] Program 4uQeVj5tqViQh7yWWGStvkEG1Zmhx6uasJtWCJziofM invoke [1]
[2022-02-12T07:55:43.886644000Z DEBUG solana_program_runtime::stable_log] Program log: Mango: SetOracle
[2022-02-12T07:55:43.887037000Z DEBUG solana_bpf_loader_program] Program 4uQeVj5tqViQh7yWWGStvkEG1Zmhx6uasJtWCJziofM consumed 1824 of 200000 compute units
[2022-02-12T07:55:43.887092000Z DEBUG solana_program_runtime::stable_log] Program 4uQeVj5tqViQh7yWWGStvkEG1Zmhx6uasJtWCJziofM success
[2022-02-12T07:55:43.893852000Z DEBUG solana_program_runtime::stable_log] Program 8opHzTAnfzRpPEx21XtnrVTX28YQuCpAjcn1PczScKh invoke [1]
[2022-02-12T07:55:43.894207000Z DEBUG solana_program_runtime::stable_log] Program log: Mango: SetOracle
[2022-02-12T07:55:43.894620000Z DEBUG solana_bpf_loader_program] Program 8opHzTAnfzRpPEx21XtnrVTX28YQuCpAjcn1PczScKh consumed 1902 of 200000 compute units
[2022-02-12T07:55:43.894677000Z DEBUG solana_program_runtime::stable_log] Program 8opHzTAnfzRpPEx21XtnrVTX28YQuCpAjcn1PczScKh success
[2022-02-12T07:55:43.897559000Z DEBUG solana_program_runtime::stable_log] Program 4uQeVj5tqViQh7yWWGStvkEG1Zmhx6uasJtWCJziofM invoke [1]
[2022-02-12T07:55:43.897913000Z DEBUG solana_program_runtime::stable_log] Program log: Mango: SetOracle
[2022-02-12T07:55:43.898313000Z DEBUG solana_bpf_loader_program] Program 4uQeVj5tqViQh7yWWGStvkEG1Zmhx6uasJtWCJziofM consumed 1863 of 200000 compute units
[2022-02-12T07:55:43.898368000Z DEBUG solana_program_runtime::stable_log] Program 4uQeVj5tqViQh7yWWGStvkEG1Zmhx6uasJtWCJziofM success
[2022-02-12T07:55:43.904460000Z DEBUG solana_program_runtime::stable_log] Program 8opHzTAnfzRpPEx21XtnrVTX28YQuCpAjcn1PczScKh invoke [1]
[2022-02-12T07:55:43.904816000Z DEBUG solana_program_runtime::stable_log] Program log: Mango: SetOracle
[2022-02-12T07:55:43.905244000Z DEBUG solana_bpf_loader_program] Program 8opHzTAnfzRpPEx21XtnrVTX28YQuCpAjcn1PczScKh consumed 1941 of 200000 compute units
[2022-02-12T07:55:43.905301000Z DEBUG solana_program_runtime::stable_log] Program 8opHzTAnfzRpPEx21XtnrVTX28YQuCpAjcn1PczScKh success
[2022-02-12T07:55:43.909214000Z DEBUG solana_program_runtime::stable_log] Program 4uQeVj5tqViQh7yWWGStvkEG1Zmhx6uasJtWCJziofM invoke [1]
[2022-02-12T07:55:43.909570000Z DEBUG solana_program_runtime::stable_log] Program log: Mango: SetOracle
[2022-02-12T07:55:43.909982000Z DEBUG solana_bpf_loader_program] Program 4uQeVj5tqViQh7yWWGStvkEG1Zmhx6uasJtWCJziofM consumed 1902 of 200000 compute units
[2022-02-12T07:55:43.910036000Z DEBUG solana_program_runtime::stable_log] Program 4uQeVj5tqViQh7yWWGStvkEG1Zmhx6uasJtWCJziofM success
[2022-02-12T07:55:43.916160000Z DEBUG solana_program_runtime::stable_log] Program 8opHzTAnfzRpPEx21XtnrVTX28YQuCpAjcn1PczScKh invoke [1]
[2022-02-12T07:55:43.916509000Z DEBUG solana_program_runtime::stable_log] Program log: Mango: SetOracle
[2022-02-12T07:55:43.916955000Z DEBUG solana_bpf_loader_program] Program 8opHzTAnfzRpPEx21XtnrVTX28YQuCpAjcn1PczScKh consumed 1980 of 200000 compute units
[2022-02-12T07:55:43.917018000Z DEBUG solana_program_runtime::stable_log] Program 8opHzTAnfzRpPEx21XtnrVTX28YQuCpAjcn1PczScKh success
[2022-02-12T07:55:43.919810000Z DEBUG solana_program_runtime::stable_log] Program 4uQeVj5tqViQh7yWWGStvkEG1Zmhx6uasJtWCJziofM invoke [1]
[2022-02-12T07:55:43.920161000Z DEBUG solana_program_runtime::stable_log] Program log: Mango: SetOracle
[2022-02-12T07:55:43.920594000Z DEBUG solana_bpf_loader_program] Program 4uQeVj5tqViQh7yWWGStvkEG1Zmhx6uasJtWCJziofM consumed 1941 of 200000 compute units
[2022-02-12T07:55:43.920650000Z DEBUG solana_program_runtime::stable_log] Program 4uQeVj5tqViQh7yWWGStvkEG1Zmhx6uasJtWCJziofM success
[2022-02-12T07:55:43.927018000Z DEBUG solana_program_runtime::stable_log] Program 8opHzTAnfzRpPEx21XtnrVTX28YQuCpAjcn1PczScKh invoke [1]
[2022-02-12T07:55:43.927378000Z DEBUG solana_program_runtime::stable_log] Program log: Mango: SetOracle
[2022-02-12T07:55:43.927830000Z DEBUG solana_bpf_loader_program] Program 8opHzTAnfzRpPEx21XtnrVTX28YQuCpAjcn1PczScKh consumed 2019 of 200000 compute units
[2022-02-12T07:55:43.927885000Z DEBUG solana_program_runtime::stable_log] Program 8opHzTAnfzRpPEx21XtnrVTX28YQuCpAjcn1PczScKh success
[2022-02-12T07:55:43.930531000Z DEBUG solana_program_runtime::stable_log] Program 4uQeVj5tqViQh7yWWGStvkEG1Zmhx6uasJtWCJziofM invoke [1]
[2022-02-12T07:55:43.930865000Z DEBUG solana_program_runtime::stable_log] Program log: Mango: SetOracle
[2022-02-12T07:55:43.931291000Z DEBUG solana_bpf_loader_program] Program 4uQeVj5tqViQh7yWWGStvkEG1Zmhx6uasJtWCJziofM consumed 1980 of 200000 compute units
[2022-02-12T07:55:43.931343000Z DEBUG solana_program_runtime::stable_log] Program 4uQeVj5tqViQh7yWWGStvkEG1Zmhx6uasJtWCJziofM success
[2022-02-12T07:55:43.937255000Z DEBUG solana_program_runtime::stable_log] Program 8opHzTAnfzRpPEx21XtnrVTX28YQuCpAjcn1PczScKh invoke [1]
[2022-02-12T07:55:43.937598000Z DEBUG solana_program_runtime::stable_log] Program log: Mango: SetOracle
[2022-02-12T07:55:43.938046000Z DEBUG solana_bpf_loader_program] Program 8opHzTAnfzRpPEx21XtnrVTX28YQuCpAjcn1PczScKh consumed 2058 of 200000 compute units
[2022-02-12T07:55:43.938100000Z DEBUG solana_program_runtime::stable_log] Program 8opHzTAnfzRpPEx21XtnrVTX28YQuCpAjcn1PczScKh success
[2022-02-12T07:55:43.941920000Z DEBUG solana_program_runtime::stable_log] Program 4uQeVj5tqViQh7yWWGStvkEG1Zmhx6uasJtWCJziofM invoke [1]
[2022-02-12T07:55:43.942292000Z DEBUG solana_program_runtime::stable_log] Program log: Mango: SetOracle
[2022-02-12T07:55:43.942756000Z DEBUG solana_bpf_loader_program] Program 4uQeVj5tqViQh7yWWGStvkEG1Zmhx6uasJtWCJziofM consumed 2019 of 200000 compute units
[2022-02-12T07:55:43.942819000Z DEBUG solana_program_runtime::stable_log] Program 4uQeVj5tqViQh7yWWGStvkEG1Zmhx6uasJtWCJziofM success
[2022-02-12T07:55:43.949097000Z DEBUG solana_program_runtime::stable_log] Program 8opHzTAnfzRpPEx21XtnrVTX28YQuCpAjcn1PczScKh invoke [1]
[2022-02-12T07:55:43.949433000Z DEBUG solana_program_runtime::stable_log] Program log: Mango: SetOracle
[2022-02-12T07:55:43.949896000Z DEBUG solana_bpf_loader_program] Program 8opHzTAnfzRpPEx21XtnrVTX28YQuCpAjcn1PczScKh consumed 2097 of 200000 compute units
[2022-02-12T07:55:43.949948000Z DEBUG solana_program_runtime::stable_log] Program 8opHzTAnfzRpPEx21XtnrVTX28YQuCpAjcn1PczScKh success
[2022-02-12T07:55:43.952398000Z DEBUG solana_program_runtime::stable_log] Program 4uQeVj5tqViQh7yWWGStvkEG1Zmhx6uasJtWCJziofM invoke [1]
[2022-02-12T07:55:43.952741000Z DEBUG solana_program_runtime::stable_log] Program log: Mango: SetOracle
[2022-02-12T07:55:43.953204000Z DEBUG solana_bpf_loader_program] Program 4uQeVj5tqViQh7yWWGStvkEG1Zmhx6uasJtWCJziofM consumed 2058 of 200000 compute units
[2022-02-12T07:55:43.953260000Z DEBUG solana_program_runtime::stable_log] Program 4uQeVj5tqViQh7yWWGStvkEG1Zmhx6uasJtWCJziofM success
[2022-02-12T07:55:43.963336000Z DEBUG solana_program_runtime::stable_log] Program 4uQeVj5tqViQh7yWWGStvkEG1Zmhx6uasJtWCJziofM invoke [1]
[2022-02-12T07:55:43.963703000Z DEBUG solana_program_runtime::stable_log] Program log: Mango: SetOracle
[2022-02-12T07:55:43.964210000Z DEBUG solana_bpf_loader_program] Program 4uQeVj5tqViQh7yWWGStvkEG1Zmhx6uasJtWCJziofM consumed 2097 of 200000 compute units
[2022-02-12T07:55:43.964279000Z DEBUG solana_program_runtime::stable_log] Program 4uQeVj5tqViQh7yWWGStvkEG1Zmhx6uasJtWCJziofM success
[2022-02-12T07:55:43.991569000Z DEBUG solana_program_runtime::stable_log] Program 8opHzTAnfzRpPEx21XtnrVTX28YQuCpAjcn1PczScKh invoke [1]
[2022-02-12T07:55:43.992800000Z DEBUG solana_program_runtime::stable_log] Program log: Mango: CachePrices
[2022-02-12T07:55:43.995991000Z DEBUG solana_program_runtime::stable_log] Program log: mango-log
[2022-02-12T07:55:43.997873000Z DEBUG solana_program_runtime::stable_log] Program log: ux0uSxX5tBtxdA4GcfGyliALQuYkXc4nClpZlDF0SasXF9CRTJ3gvg8AAAAAAAAAAAAAAAEAAAAAAAAAAgAAAAAAAAADAAAAAAAAAAQAAAAAAAAABQAAAAAAAAAGAAAAAAAAAAcAAAAAAAAACAAAAAAAAAAJAAAAAAAAAAoAAAAAAAAACwAAAAAAAAAMAAAAAAAAAA0AAAAAAAAADgAAAAAAAAAPAAAAAAAAAAAAECcAAAAAAAAAAAAAAAAAABAnAAAAAAAAAAAAAAAAAAAQJwAAAAAAAAAAAAAAAAAAECcAAAAAAAAAAAAAAAAAAAoAAAAAAAAAAAAAAAAAAAAQJwAAAAAAAAAAAAAAAAAAECcAAAAAAAAAAAAAAAAAABAnAAAAAAAAAAAAAAAAAAAQJwAAAAAAAAAAAAAAAAAAECcAAAAAAAAAAAAAAAAAABAnAAAAAAAAAAAAAAAAAAAQJwAAAAAAAAAAAAAAAAAAECcAAAAAAAAAAAAAAAAAABAnAAAAAAAAAAAAAAAAAAAQJwAAAAAAAAAA
[2022-02-12T07:55:43.998286000Z DEBUG solana_bpf_loader_program] Program 8opHzTAnfzRpPEx21XtnrVTX28YQuCpAjcn1PczScKh consumed 18318 of 200000 compute units
[2022-02-12T07:55:43.998378000Z DEBUG solana_program_runtime::stable_log] Program 8opHzTAnfzRpPEx21XtnrVTX28YQuCpAjcn1PczScKh success
[2022-02-12T07:55:44.005405000Z DEBUG solana_program_runtime::stable_log] Program 4uQeVj5tqViQh7yWWGStvkEG1Zmhx6uasJtWCJziofM invoke [1]
[2022-02-12T07:55:44.006554000Z DEBUG solana_program_runtime::stable_log] Program log: Mango: CachePrices
[2022-02-12T07:55:44.009196000Z DEBUG solana_program_runtime::stable_log] Program 8opHzTAnfzRpPEx21XtnrVTX28YQuCpAjcn1PczScKh invoke [1]
[2022-02-12T07:55:44.009587000Z DEBUG solana_program_runtime::stable_log] Program log: Mango: UpdateRootBank
[2022-02-12T07:55:44.009706000Z DEBUG solana_program_runtime::stable_log] Program log: mango-log
[2022-02-12T07:55:44.011414000Z DEBUG solana_program_runtime::stable_log] Program log: mango-log
[2022-02-12T07:55:44.011568000Z DEBUG solana_program_runtime::stable_log] Program log: ux0uSxX5tBuOnQdEtiC3dVJcJz5F0IHHBUtwK3dCY1dTcqbXUIsiDQ8AAAAAAAAAAAAAAAEAAAAAAAAAAgAAAAAAAAADAAAAAAAAAAQAAAAAAAAABQAAAAAAAAAGAAAAAAAAAAcAAAAAAAAACAAAAAAAAAAJAAAAAAAAAAoAAAAAAAAACwAAAAAAAAAMAAAAAAAAAA0AAAAAAAAADgAAAAAAAAAPAAAAAG4AAAAAECcAAAAAAAAAAABuAAAAABAnAAAAAAAAAAAAbgAAAAAQJwAAAAAAAAAAAG4AAAAAECcAAAAAAAAAABwAAAAAAAoAAAAAAAAAAAAAbgAAAAAQJwAAAAAAAAAAAG4AAAAAECcAAAAAAAAAAABuAAAAABAnAAAAAAAAAAAAbgAAAAAQJwAAAAAAAAAAAG4AAAAAECcAAAAAAAAAAABuAAAAABAnAAAAAAAAAAAAbgAAAAAQJwAAAAAAAAAAAG4AAAAAECcAAAAAAAAAAABuAAAAABAnAAAAAAAAAAAAbgAAAAAQJwAAAAAAAAAA
[2022-02-12T07:55:44.011973000Z DEBUG solana_bpf_loader_program] Program 4uQeVj5tqViQh7yWWGStvkEG1Zmhx6uasJtWCJziofM consumed 18318 of 200000 compute units
[2022-02-12T07:55:44.012035000Z DEBUG solana_program_runtime::stable_log] Program log: 8HmBNKTUaLhxdA4GcfGyliALQuYkXc4nClpZlDF0SasXF9CRTJ3gvgAAAAAAAAAAAAAAAAAAQEIPAAAAAAAAAAAAAAAAAEBCDwAAAAAAAAA=
[2022-02-12T07:55:44.012056000Z DEBUG solana_program_runtime::stable_log] Program 4uQeVj5tqViQh7yWWGStvkEG1Zmhx6uasJtWCJziofM success
[2022-02-12T07:55:44.012163000Z DEBUG solana_bpf_loader_program] Program 8opHzTAnfzRpPEx21XtnrVTX28YQuCpAjcn1PczScKh consumed 8523 of 200000 compute units
[2022-02-12T07:55:44.012218000Z DEBUG solana_program_runtime::stable_log] Program 8opHzTAnfzRpPEx21XtnrVTX28YQuCpAjcn1PczScKh success
[2022-02-12T07:55:44.022408000Z DEBUG solana_program_runtime::stable_log] Program 8opHzTAnfzRpPEx21XtnrVTX28YQuCpAjcn1PczScKh invoke [1]
[2022-02-12T07:55:44.022826000Z DEBUG solana_program_runtime::stable_log] Program log: Mango: UpdateRootBank
[2022-02-12T07:55:44.023010000Z DEBUG solana_program_runtime::stable_log] Program 4uQeVj5tqViQh7yWWGStvkEG1Zmhx6uasJtWCJziofM invoke [1]
[2022-02-12T07:55:44.023402000Z DEBUG solana_program_runtime::stable_log] Program log: Mango: UpdateRootBank
[2022-02-12T07:55:44.024657000Z DEBUG solana_program_runtime::stable_log] Program log: mango-log
[2022-02-12T07:55:44.025238000Z DEBUG solana_program_runtime::stable_log] Program log: mango-log
[2022-02-12T07:55:44.025277000Z DEBUG solana_program_runtime::stable_log] Program log: 8HmBNKTUaLhxdA4GcfGyliALQuYkXc4nClpZlDF0SasXF9CRTJ3gvgEAAAAAAAAAAAAAAAAAQEIPAAAAAAAAAAAAAAAAAEBCDwAAAAAAAAA=
[2022-02-12T07:55:44.025410000Z DEBUG solana_bpf_loader_program] Program 8opHzTAnfzRpPEx21XtnrVTX28YQuCpAjcn1PczScKh consumed 8563 of 200000 compute units
[2022-02-12T07:55:44.025470000Z DEBUG solana_program_runtime::stable_log] Program 8opHzTAnfzRpPEx21XtnrVTX28YQuCpAjcn1PczScKh success
[2022-02-12T07:55:44.025881000Z DEBUG solana_program_runtime::stable_log] Program log: 8HmBNKTUaLiOnQdEtiC3dVJcJz5F0IHHBUtwK3dCY1dTcqbXUIsiDQAAAAAAAAAAAAAAAAAAQEIPAAAAAAAAAAAAAAAAAEBCDwAAAAAAAAA=
[2022-02-12T07:55:44.026016000Z DEBUG solana_bpf_loader_program] Program 4uQeVj5tqViQh7yWWGStvkEG1Zmhx6uasJtWCJziofM consumed 8523 of 200000 compute units
[2022-02-12T07:55:44.026078000Z DEBUG solana_program_runtime::stable_log] Program 4uQeVj5tqViQh7yWWGStvkEG1Zmhx6uasJtWCJziofM success
[2022-02-12T07:55:44.035416000Z DEBUG solana_program_runtime::stable_log] Program 8opHzTAnfzRpPEx21XtnrVTX28YQuCpAjcn1PczScKh invoke [1]
[2022-02-12T07:55:44.035803000Z DEBUG solana_program_runtime::stable_log] Program log: Mango: UpdateRootBank
[2022-02-12T07:55:44.036116000Z DEBUG solana_program_runtime::stable_log] Program 4uQeVj5tqViQh7yWWGStvkEG1Zmhx6uasJtWCJziofM invoke [1]
[2022-02-12T07:55:44.036520000Z DEBUG solana_program_runtime::stable_log] Program log: Mango: UpdateRootBank
[2022-02-12T07:55:44.037600000Z DEBUG solana_program_runtime::stable_log] Program log: mango-log
[2022-02-12T07:55:44.038206000Z DEBUG solana_program_runtime::stable_log] Program log: 8HmBNKTUaLhxdA4GcfGyliALQuYkXc4nClpZlDF0SasXF9CRTJ3gvgIAAAAAAAAAAAAAAAAAQEIPAAAAAAAAAAAAAAAAAEBCDwAAAAAAAAA=
[2022-02-12T07:55:44.038339000Z DEBUG solana_program_runtime::stable_log] Program log: mango-log
[2022-02-12T07:55:44.038335000Z DEBUG solana_bpf_loader_program] Program 8opHzTAnfzRpPEx21XtnrVTX28YQuCpAjcn1PczScKh consumed 8602 of 200000 compute units
[2022-02-12T07:55:44.038395000Z DEBUG solana_program_runtime::stable_log] Program 8opHzTAnfzRpPEx21XtnrVTX28YQuCpAjcn1PczScKh success
[2022-02-12T07:55:44.038999000Z DEBUG solana_program_runtime::stable_log] Program log: 8HmBNKTUaLiOnQdEtiC3dVJcJz5F0IHHBUtwK3dCY1dTcqbXUIsiDQEAAAAAAAAAAAAAAAAAQEIPAAAAAAAAAAAAAAAAAEBCDwAAAAAAAAA=
[2022-02-12T07:55:44.039142000Z DEBUG solana_bpf_loader_program] Program 4uQeVj5tqViQh7yWWGStvkEG1Zmhx6uasJtWCJziofM consumed 8563 of 200000 compute units
[2022-02-12T07:55:44.039205000Z DEBUG solana_program_runtime::stable_log] Program 4uQeVj5tqViQh7yWWGStvkEG1Zmhx6uasJtWCJziofM success
[2022-02-12T07:55:44.049033000Z DEBUG solana_program_runtime::stable_log] Program 8opHzTAnfzRpPEx21XtnrVTX28YQuCpAjcn1PczScKh invoke [1]
[2022-02-12T07:55:44.049463000Z DEBUG solana_program_runtime::stable_log] Program log: Mango: UpdateRootBank
[2022-02-12T07:55:44.050573000Z DEBUG solana_program_runtime::stable_log] Program 4uQeVj5tqViQh7yWWGStvkEG1Zmhx6uasJtWCJziofM invoke [1]
[2022-02-12T07:55:44.050970000Z DEBUG solana_program_runtime::stable_log] Program log: Mango: UpdateRootBank
[2022-02-12T07:55:44.051323000Z DEBUG solana_program_runtime::stable_log] Program log: mango-log
[2022-02-12T07:55:44.051948000Z DEBUG solana_program_runtime::stable_log] Program log: 8HmBNKTUaLhxdA4GcfGyliALQuYkXc4nClpZlDF0SasXF9CRTJ3gvgMAAAAAAAAAAAAAAAAAQEIPAAAAAAAAAAAAAAAAAEBCDwAAAAAAAAA=
[2022-02-12T07:55:44.052076000Z DEBUG solana_bpf_loader_program] Program 8opHzTAnfzRpPEx21XtnrVTX28YQuCpAjcn1PczScKh consumed 8641 of 200000 compute units
[2022-02-12T07:55:44.052135000Z DEBUG solana_program_runtime::stable_log] Program 8opHzTAnfzRpPEx21XtnrVTX28YQuCpAjcn1PczScKh success
[2022-02-12T07:55:44.052901000Z DEBUG solana_program_runtime::stable_log] Program log: mango-log
[2022-02-12T07:55:44.053508000Z DEBUG solana_program_runtime::stable_log] Program log: 8HmBNKTUaLiOnQdEtiC3dVJcJz5F0IHHBUtwK3dCY1dTcqbXUIsiDQIAAAAAAAAAAAAAAAAAQEIPAAAAAAAAAAAAAAAAAEBCDwAAAAAAAAA=
[2022-02-12T07:55:44.053635000Z DEBUG solana_bpf_loader_program] Program 4uQeVj5tqViQh7yWWGStvkEG1Zmhx6uasJtWCJziofM consumed 8602 of 200000 compute units
[2022-02-12T07:55:44.053701000Z DEBUG solana_program_runtime::stable_log] Program 4uQeVj5tqViQh7yWWGStvkEG1Zmhx6uasJtWCJziofM success
[2022-02-12T07:55:44.063543000Z DEBUG solana_program_runtime::stable_log] Program 8opHzTAnfzRpPEx21XtnrVTX28YQuCpAjcn1PczScKh invoke [1]
[2022-02-12T07:55:44.063747000Z DEBUG solana_program_runtime::stable_log] Program 4uQeVj5tqViQh7yWWGStvkEG1Zmhx6uasJtWCJziofM invoke [1]
[2022-02-12T07:55:44.063970000Z DEBUG solana_program_runtime::stable_log] Program log: Mango: UpdateRootBank
[2022-02-12T07:55:44.064138000Z DEBUG solana_program_runtime::stable_log] Program log: Mango: UpdateRootBank
[2022-02-12T07:55:44.065838000Z DEBUG solana_program_runtime::stable_log] Program log: mango-log
[2022-02-12T07:55:44.065989000Z DEBUG solana_program_runtime::stable_log] Program log: mango-log
[2022-02-12T07:55:44.066463000Z DEBUG solana_program_runtime::stable_log] Program log: 8HmBNKTUaLhxdA4GcfGyliALQuYkXc4nClpZlDF0SasXF9CRTJ3gvgQAAAAAAAAAAAAAAAAAQEIPAAAAAAAAAAAAAAAAAEBCDwAAAAAAAAA=
[2022-02-12T07:55:44.066621000Z DEBUG solana_program_runtime::stable_log] Program log: 8HmBNKTUaLiOnQdEtiC3dVJcJz5F0IHHBUtwK3dCY1dTcqbXUIsiDQMAAAAAAAAAAAAAAAAAQEIPAAAAAAAAAAAAAAAAAEBCDwAAAAAAAAA=
[2022-02-12T07:55:44.066594000Z DEBUG solana_bpf_loader_program] Program 8opHzTAnfzRpPEx21XtnrVTX28YQuCpAjcn1PczScKh consumed 8680 of 200000 compute units
[2022-02-12T07:55:44.066667000Z DEBUG solana_program_runtime::stable_log] Program 8opHzTAnfzRpPEx21XtnrVTX28YQuCpAjcn1PczScKh success
[2022-02-12T07:55:44.066755000Z DEBUG solana_bpf_loader_program] Program 4uQeVj5tqViQh7yWWGStvkEG1Zmhx6uasJtWCJziofM consumed 8641 of 200000 compute units
[2022-02-12T07:55:44.066812000Z DEBUG solana_program_runtime::stable_log] Program 4uQeVj5tqViQh7yWWGStvkEG1Zmhx6uasJtWCJziofM success
[2022-02-12T07:55:44.077292000Z DEBUG solana_program_runtime::stable_log] Program 4uQeVj5tqViQh7yWWGStvkEG1Zmhx6uasJtWCJziofM invoke [1]
[2022-02-12T07:55:44.077636000Z DEBUG solana_program_runtime::stable_log] Program 8opHzTAnfzRpPEx21XtnrVTX28YQuCpAjcn1PczScKh invoke [1]
[2022-02-12T07:55:44.077703000Z DEBUG solana_program_runtime::stable_log] Program log: Mango: UpdateRootBank
[2022-02-12T07:55:44.078021000Z DEBUG solana_program_runtime::stable_log] Program log: Mango: UpdateRootBank
[2022-02-12T07:55:44.079583000Z DEBUG solana_program_runtime::stable_log] Program log: mango-log
[2022-02-12T07:55:44.079909000Z DEBUG solana_program_runtime::stable_log] Program log: mango-log
[2022-02-12T07:55:44.080202000Z DEBUG solana_program_runtime::stable_log] Program log: 8HmBNKTUaLiOnQdEtiC3dVJcJz5F0IHHBUtwK3dCY1dTcqbXUIsiDQQAAAAAAAAAAAAAAAAAQEIPAAAAAAAAAAAAAAAAAEBCDwAAAAAAAAA=
[2022-02-12T07:55:44.080333000Z DEBUG solana_bpf_loader_program] Program 4uQeVj5tqViQh7yWWGStvkEG1Zmhx6uasJtWCJziofM consumed 8680 of 200000 compute units
[2022-02-12T07:55:44.080394000Z DEBUG solana_program_runtime::stable_log] Program 4uQeVj5tqViQh7yWWGStvkEG1Zmhx6uasJtWCJziofM success
[2022-02-12T07:55:44.080535000Z DEBUG solana_program_runtime::stable_log] Program log: 8HmBNKTUaLhxdA4GcfGyliALQuYkXc4nClpZlDF0SasXF9CRTJ3gvgUAAAAAAAAAAAAAAAAAQEIPAAAAAAAAAAAAAAAAAEBCDwAAAAAAAAA=
[2022-02-12T07:55:44.080665000Z DEBUG solana_bpf_loader_program] Program 8opHzTAnfzRpPEx21XtnrVTX28YQuCpAjcn1PczScKh consumed 8719 of 200000 compute units
[2022-02-12T07:55:44.080722000Z DEBUG solana_program_runtime::stable_log] Program 8opHzTAnfzRpPEx21XtnrVTX28YQuCpAjcn1PczScKh success
[2022-02-12T07:55:44.091224000Z DEBUG solana_program_runtime::stable_log] Program 8opHzTAnfzRpPEx21XtnrVTX28YQuCpAjcn1PczScKh invoke [1]
[2022-02-12T07:55:44.091344000Z DEBUG solana_program_runtime::stable_log] Program 4uQeVj5tqViQh7yWWGStvkEG1Zmhx6uasJtWCJziofM invoke [1]
[2022-02-12T07:55:44.091640000Z DEBUG solana_program_runtime::stable_log] Program log: Mango: UpdateRootBank
[2022-02-12T07:55:44.091728000Z DEBUG solana_program_runtime::stable_log] Program log: Mango: UpdateRootBank
[2022-02-12T07:55:44.093540000Z DEBUG solana_program_runtime::stable_log] Program log: mango-log
[2022-02-12T07:55:44.093609000Z DEBUG solana_program_runtime::stable_log] Program log: mango-log
[2022-02-12T07:55:44.094162000Z DEBUG solana_program_runtime::stable_log] Program log: 8HmBNKTUaLhxdA4GcfGyliALQuYkXc4nClpZlDF0SasXF9CRTJ3gvgYAAAAAAAAAAAAAAAAAQEIPAAAAAAAAAAAAAAAAAEBCDwAAAAAAAAA=
[2022-02-12T07:55:44.094227000Z DEBUG solana_program_runtime::stable_log] Program log: 8HmBNKTUaLiOnQdEtiC3dVJcJz5F0IHHBUtwK3dCY1dTcqbXUIsiDQUAAAAAAAAAAAAAAAAAQEIPAAAAAAAAAAAAAAAAAEBCDwAAAAAAAAA=
[2022-02-12T07:55:44.094290000Z DEBUG solana_bpf_loader_program] Program 8opHzTAnfzRpPEx21XtnrVTX28YQuCpAjcn1PczScKh consumed 8758 of 200000 compute units
[2022-02-12T07:55:44.094352000Z DEBUG solana_program_runtime::stable_log] Program 8opHzTAnfzRpPEx21XtnrVTX28YQuCpAjcn1PczScKh success
[2022-02-12T07:55:44.094354000Z DEBUG solana_bpf_loader_program] Program 4uQeVj5tqViQh7yWWGStvkEG1Zmhx6uasJtWCJziofM consumed 8719 of 200000 compute units
[2022-02-12T07:55:44.094409000Z DEBUG solana_program_runtime::stable_log] Program 4uQeVj5tqViQh7yWWGStvkEG1Zmhx6uasJtWCJziofM success
[2022-02-12T07:55:44.104726000Z DEBUG solana_program_runtime::stable_log] Program 4uQeVj5tqViQh7yWWGStvkEG1Zmhx6uasJtWCJziofM invoke [1]
[2022-02-12T07:55:44.105138000Z DEBUG solana_program_runtime::stable_log] Program log: Mango: UpdateRootBank
[2022-02-12T07:55:44.105576000Z DEBUG solana_program_runtime::stable_log] Program 8opHzTAnfzRpPEx21XtnrVTX28YQuCpAjcn1PczScKh invoke [1]
[2022-02-12T07:55:44.105965000Z DEBUG solana_program_runtime::stable_log] Program log: Mango: UpdateRootBank
[2022-02-12T07:55:44.107038000Z DEBUG solana_program_runtime::stable_log] Program log: mango-log
[2022-02-12T07:55:44.107652000Z DEBUG solana_program_runtime::stable_log] Program log: 8HmBNKTUaLiOnQdEtiC3dVJcJz5F0IHHBUtwK3dCY1dTcqbXUIsiDQYAAAAAAAAAAAAAAAAAQEIPAAAAAAAAAAAAAAAAAEBCDwAAAAAAAAA=
[2022-02-12T07:55:44.107781000Z DEBUG solana_bpf_loader_program] Program 4uQeVj5tqViQh7yWWGStvkEG1Zmhx6uasJtWCJziofM consumed 8758 of 200000 compute units
[2022-02-12T07:55:44.107871000Z DEBUG solana_program_runtime::stable_log] Program log: mango-log
[2022-02-12T07:55:44.107846000Z DEBUG solana_program_runtime::stable_log] Program 4uQeVj5tqViQh7yWWGStvkEG1Zmhx6uasJtWCJziofM success
[2022-02-12T07:55:44.108511000Z DEBUG solana_program_runtime::stable_log] Program log: 8HmBNKTUaLhxdA4GcfGyliALQuYkXc4nClpZlDF0SasXF9CRTJ3gvgcAAAAAAAAAAAAAAAAAQEIPAAAAAAAAAAAAAAAAAEBCDwAAAAAAAAA=
[2022-02-12T07:55:44.108641000Z DEBUG solana_bpf_loader_program] Program 8opHzTAnfzRpPEx21XtnrVTX28YQuCpAjcn1PczScKh consumed 8797 of 200000 compute units
[2022-02-12T07:55:44.108699000Z DEBUG solana_program_runtime::stable_log] Program 8opHzTAnfzRpPEx21XtnrVTX28YQuCpAjcn1PczScKh success
[2022-02-12T07:55:44.118852000Z DEBUG solana_program_runtime::stable_log] Program 8opHzTAnfzRpPEx21XtnrVTX28YQuCpAjcn1PczScKh invoke [1]
[2022-02-12T07:55:44.119025000Z DEBUG solana_program_runtime::stable_log] Program 4uQeVj5tqViQh7yWWGStvkEG1Zmhx6uasJtWCJziofM invoke [1]
[2022-02-12T07:55:44.119258000Z DEBUG solana_program_runtime::stable_log] Program log: Mango: UpdateRootBank
[2022-02-12T07:55:44.119414000Z DEBUG solana_program_runtime::stable_log] Program log: Mango: UpdateRootBank
[2022-02-12T07:55:44.121176000Z DEBUG solana_program_runtime::stable_log] Program log: mango-log
[2022-02-12T07:55:44.121320000Z DEBUG solana_program_runtime::stable_log] Program log: mango-log
[2022-02-12T07:55:44.121793000Z DEBUG solana_program_runtime::stable_log] Program log: 8HmBNKTUaLhxdA4GcfGyliALQuYkXc4nClpZlDF0SasXF9CRTJ3gvggAAAAAAAAAAAAAAAAAQEIPAAAAAAAAAAAAAAAAAEBCDwAAAAAAAAA=
[2022-02-12T07:55:44.121935000Z DEBUG solana_program_runtime::stable_log] Program log: 8HmBNKTUaLiOnQdEtiC3dVJcJz5F0IHHBUtwK3dCY1dTcqbXUIsiDQcAAAAAAAAAAAAAAAAAQEIPAAAAAAAAAAAAAAAAAEBCDwAAAAAAAAA=
[2022-02-12T07:55:44.121921000Z DEBUG solana_bpf_loader_program] Program 8opHzTAnfzRpPEx21XtnrVTX28YQuCpAjcn1PczScKh consumed 8836 of 200000 compute units
[2022-02-12T07:55:44.121981000Z DEBUG solana_program_runtime::stable_log] Program 8opHzTAnfzRpPEx21XtnrVTX28YQuCpAjcn1PczScKh success
[2022-02-12T07:55:44.122062000Z DEBUG solana_bpf_loader_program] Program 4uQeVj5tqViQh7yWWGStvkEG1Zmhx6uasJtWCJziofM consumed 8797 of 200000 compute units
[2022-02-12T07:55:44.122120000Z DEBUG solana_program_runtime::stable_log] Program 4uQeVj5tqViQh7yWWGStvkEG1Zmhx6uasJtWCJziofM success
[2022-02-12T07:55:44.133507000Z DEBUG solana_program_runtime::stable_log] Program 4uQeVj5tqViQh7yWWGStvkEG1Zmhx6uasJtWCJziofM invoke [1]
[2022-02-12T07:55:44.133507000Z DEBUG solana_program_runtime::stable_log] Program 8opHzTAnfzRpPEx21XtnrVTX28YQuCpAjcn1PczScKh invoke [1]
[2022-02-12T07:55:44.133939000Z DEBUG solana_program_runtime::stable_log] Program log: Mango: UpdateRootBank
[2022-02-12T07:55:44.133961000Z DEBUG solana_program_runtime::stable_log] Program log: Mango: UpdateRootBank
[2022-02-12T07:55:44.135868000Z DEBUG solana_program_runtime::stable_log] Program log: mango-log
[2022-02-12T07:55:44.135891000Z DEBUG solana_program_runtime::stable_log] Program log: mango-log
[2022-02-12T07:55:44.136491000Z DEBUG solana_program_runtime::stable_log] Program log: 8HmBNKTUaLiOnQdEtiC3dVJcJz5F0IHHBUtwK3dCY1dTcqbXUIsiDQgAAAAAAAAAAAAAAAAAQEIPAAAAAAAAAAAAAAAAAEBCDwAAAAAAAAA=
[2022-02-12T07:55:44.136509000Z DEBUG solana_program_runtime::stable_log] Program log: 8HmBNKTUaLhxdA4GcfGyliALQuYkXc4nClpZlDF0SasXF9CRTJ3gvgkAAAAAAAAAAAAAAAAAQEIPAAAAAAAAAAAAAAAAAEBCDwAAAAAAAAA=
[2022-02-12T07:55:44.136619000Z DEBUG solana_bpf_loader_program] Program 4uQeVj5tqViQh7yWWGStvkEG1Zmhx6uasJtWCJziofM consumed 8836 of 200000 compute units
[2022-02-12T07:55:44.136634000Z DEBUG solana_bpf_loader_program] Program 8opHzTAnfzRpPEx21XtnrVTX28YQuCpAjcn1PczScKh consumed 8875 of 200000 compute units
[2022-02-12T07:55:44.136679000Z DEBUG solana_program_runtime::stable_log] Program 4uQeVj5tqViQh7yWWGStvkEG1Zmhx6uasJtWCJziofM success
[2022-02-12T07:55:44.136690000Z DEBUG solana_program_runtime::stable_log] Program 8opHzTAnfzRpPEx21XtnrVTX28YQuCpAjcn1PczScKh success
[2022-02-12T07:55:44.147591000Z DEBUG solana_program_runtime::stable_log] Program 4uQeVj5tqViQh7yWWGStvkEG1Zmhx6uasJtWCJziofM invoke [1]
[2022-02-12T07:55:44.147732000Z DEBUG solana_program_runtime::stable_log] Program 8opHzTAnfzRpPEx21XtnrVTX28YQuCpAjcn1PczScKh invoke [1]
[2022-02-12T07:55:44.147976000Z DEBUG solana_program_runtime::stable_log] Program log: Mango: UpdateRootBank
[2022-02-12T07:55:44.148123000Z DEBUG solana_program_runtime::stable_log] Program log: Mango: UpdateRootBank
[2022-02-12T07:55:44.149877000Z DEBUG solana_program_runtime::stable_log] Program log: mango-log
[2022-02-12T07:55:44.150048000Z DEBUG solana_program_runtime::stable_log] Program log: mango-log
[2022-02-12T07:55:44.150530000Z DEBUG solana_program_runtime::stable_log] Program log: 8HmBNKTUaLiOnQdEtiC3dVJcJz5F0IHHBUtwK3dCY1dTcqbXUIsiDQkAAAAAAAAAAAAAAAAAQEIPAAAAAAAAAAAAAAAAAEBCDwAAAAAAAAA=
[2022-02-12T07:55:44.150673000Z DEBUG solana_program_runtime::stable_log] Program log: 8HmBNKTUaLhxdA4GcfGyliALQuYkXc4nClpZlDF0SasXF9CRTJ3gvgoAAAAAAAAAAAAAAAAAQEIPAAAAAAAAAAAAAAAAAEBCDwAAAAAAAAA=
[2022-02-12T07:55:44.150663000Z DEBUG solana_bpf_loader_program] Program 4uQeVj5tqViQh7yWWGStvkEG1Zmhx6uasJtWCJziofM consumed 8875 of 200000 compute units
[2022-02-12T07:55:44.150728000Z DEBUG solana_program_runtime::stable_log] Program 4uQeVj5tqViQh7yWWGStvkEG1Zmhx6uasJtWCJziofM success
[2022-02-12T07:55:44.150800000Z DEBUG solana_bpf_loader_program] Program 8opHzTAnfzRpPEx21XtnrVTX28YQuCpAjcn1PczScKh consumed 8914 of 200000 compute units
[2022-02-12T07:55:44.150860000Z DEBUG solana_program_runtime::stable_log] Program 8opHzTAnfzRpPEx21XtnrVTX28YQuCpAjcn1PczScKh success
[2022-02-12T07:55:44.161389000Z DEBUG solana_program_runtime::stable_log] Program 4uQeVj5tqViQh7yWWGStvkEG1Zmhx6uasJtWCJziofM invoke [1]
[2022-02-12T07:55:44.161825000Z DEBUG solana_program_runtime::stable_log] Program log: Mango: UpdateRootBank
[2022-02-12T07:55:44.162081000Z DEBUG solana_program_runtime::stable_log] Program 8opHzTAnfzRpPEx21XtnrVTX28YQuCpAjcn1PczScKh invoke [1]
[2022-02-12T07:55:44.162470000Z DEBUG solana_program_runtime::stable_log] Program log: Mango: UpdateRootBank
[2022-02-12T07:55:44.163793000Z DEBUG solana_program_runtime::stable_log] Program log: mango-log
[2022-02-12T07:55:44.164417000Z DEBUG solana_program_runtime::stable_log] Program log: 8HmBNKTUaLiOnQdEtiC3dVJcJz5F0IHHBUtwK3dCY1dTcqbXUIsiDQoAAAAAAAAAAAAAAAAAQEIPAAAAAAAAAAAAAAAAAEBCDwAAAAAAAAA=
[2022-02-12T07:55:44.164429000Z DEBUG solana_program_runtime::stable_log] Program log: mango-log
[2022-02-12T07:55:44.164544000Z DEBUG solana_bpf_loader_program] Program 4uQeVj5tqViQh7yWWGStvkEG1Zmhx6uasJtWCJziofM consumed 8914 of 200000 compute units
[2022-02-12T07:55:44.164607000Z DEBUG solana_program_runtime::stable_log] Program 4uQeVj5tqViQh7yWWGStvkEG1Zmhx6uasJtWCJziofM success
[2022-02-12T07:55:44.165057000Z DEBUG solana_program_runtime::stable_log] Program log: 8HmBNKTUaLhxdA4GcfGyliALQuYkXc4nClpZlDF0SasXF9CRTJ3gvgsAAAAAAAAAAAAAAAAAQEIPAAAAAAAAAAAAAAAAAEBCDwAAAAAAAAA=
[2022-02-12T07:55:44.165191000Z DEBUG solana_bpf_loader_program] Program 8opHzTAnfzRpPEx21XtnrVTX28YQuCpAjcn1PczScKh consumed 8953 of 200000 compute units
[2022-02-12T07:55:44.165249000Z DEBUG solana_program_runtime::stable_log] Program 8opHzTAnfzRpPEx21XtnrVTX28YQuCpAjcn1PczScKh success
[2022-02-12T07:55:44.176664000Z DEBUG solana_program_runtime::stable_log] Program 8opHzTAnfzRpPEx21XtnrVTX28YQuCpAjcn1PczScKh invoke [1]
[2022-02-12T07:55:44.176728000Z DEBUG solana_program_runtime::stable_log] Program 4uQeVj5tqViQh7yWWGStvkEG1Zmhx6uasJtWCJziofM invoke [1]
[2022-02-12T07:55:44.177083000Z DEBUG solana_program_runtime::stable_log] Program log: Mango: UpdateRootBank
[2022-02-12T07:55:44.177113000Z DEBUG solana_program_runtime::stable_log] Program log: Mango: UpdateRootBank
[2022-02-12T07:55:44.179055000Z DEBUG solana_program_runtime::stable_log] Program log: mango-log
[2022-02-12T07:55:44.179074000Z DEBUG solana_program_runtime::stable_log] Program log: mango-log
[2022-02-12T07:55:44.179678000Z DEBUG solana_program_runtime::stable_log] Program log: 8HmBNKTUaLhxdA4GcfGyliALQuYkXc4nClpZlDF0SasXF9CRTJ3gvgwAAAAAAAAAAAAAAAAAQEIPAAAAAAAAAAAAAAAAAEBCDwAAAAAAAAA=
[2022-02-12T07:55:44.179688000Z DEBUG solana_program_runtime::stable_log] Program log: 8HmBNKTUaLiOnQdEtiC3dVJcJz5F0IHHBUtwK3dCY1dTcqbXUIsiDQsAAAAAAAAAAAAAAAAAQEIPAAAAAAAAAAAAAAAAAEBCDwAAAAAAAAA=
[2022-02-12T07:55:44.179808000Z DEBUG solana_bpf_loader_program] Program 8opHzTAnfzRpPEx21XtnrVTX28YQuCpAjcn1PczScKh consumed 8992 of 200000 compute units
[2022-02-12T07:55:44.179815000Z DEBUG solana_bpf_loader_program] Program 4uQeVj5tqViQh7yWWGStvkEG1Zmhx6uasJtWCJziofM consumed 8953 of 200000 compute units
[2022-02-12T07:55:44.179869000Z DEBUG solana_program_runtime::stable_log] Program 4uQeVj5tqViQh7yWWGStvkEG1Zmhx6uasJtWCJziofM success
[2022-02-12T07:55:44.179870000Z DEBUG solana_program_runtime::stable_log] Program 8opHzTAnfzRpPEx21XtnrVTX28YQuCpAjcn1PczScKh success
[2022-02-12T07:55:44.190751000Z DEBUG solana_program_runtime::stable_log] Program 4uQeVj5tqViQh7yWWGStvkEG1Zmhx6uasJtWCJziofM invoke [1]
[2022-02-12T07:55:44.190937000Z DEBUG solana_program_runtime::stable_log] Program 8opHzTAnfzRpPEx21XtnrVTX28YQuCpAjcn1PczScKh invoke [1]
[2022-02-12T07:55:44.191131000Z DEBUG solana_program_runtime::stable_log] Program log: Mango: UpdateRootBank
[2022-02-12T07:55:44.191343000Z DEBUG solana_program_runtime::stable_log] Program log: Mango: UpdateRootBank
[2022-02-12T07:55:44.193071000Z DEBUG solana_program_runtime::stable_log] Program log: mango-log
[2022-02-12T07:55:44.193323000Z DEBUG solana_program_runtime::stable_log] Program log: mango-log
[2022-02-12T07:55:44.193708000Z DEBUG solana_program_runtime::stable_log] Program log: 8HmBNKTUaLiOnQdEtiC3dVJcJz5F0IHHBUtwK3dCY1dTcqbXUIsiDQwAAAAAAAAAAAAAAAAAQEIPAAAAAAAAAAAAAAAAAEBCDwAAAAAAAAA=
[2022-02-12T07:55:44.193840000Z DEBUG solana_bpf_loader_program] Program 4uQeVj5tqViQh7yWWGStvkEG1Zmhx6uasJtWCJziofM consumed 8992 of 200000 compute units
[2022-02-12T07:55:44.193910000Z DEBUG solana_program_runtime::stable_log] Program 4uQeVj5tqViQh7yWWGStvkEG1Zmhx6uasJtWCJziofM success
[2022-02-12T07:55:44.193943000Z DEBUG solana_program_runtime::stable_log] Program log: 8HmBNKTUaLhxdA4GcfGyliALQuYkXc4nClpZlDF0SasXF9CRTJ3gvg0AAAAAAAAAAAAAAAAAQEIPAAAAAAAAAAAAAAAAAEBCDwAAAAAAAAA=
[2022-02-12T07:55:44.194068000Z DEBUG solana_bpf_loader_program] Program 8opHzTAnfzRpPEx21XtnrVTX28YQuCpAjcn1PczScKh consumed 9031 of 200000 compute units
[2022-02-12T07:55:44.194125000Z DEBUG solana_program_runtime::stable_log] Program 8opHzTAnfzRpPEx21XtnrVTX28YQuCpAjcn1PczScKh success
[2022-02-12T07:55:44.204399000Z DEBUG solana_program_runtime::stable_log] Program 8opHzTAnfzRpPEx21XtnrVTX28YQuCpAjcn1PczScKh invoke [1]
[2022-02-12T07:55:44.204399000Z DEBUG solana_program_runtime::stable_log] Program 4uQeVj5tqViQh7yWWGStvkEG1Zmhx6uasJtWCJziofM invoke [1]
[2022-02-12T07:55:44.204826000Z DEBUG solana_program_runtime::stable_log] Program log: Mango: UpdateRootBank
[2022-02-12T07:55:44.204864000Z DEBUG solana_program_runtime::stable_log] Program log: Mango: UpdateRootBank
[2022-02-12T07:55:44.206829000Z DEBUG solana_program_runtime::stable_log] Program log: mango-log
[2022-02-12T07:55:44.206857000Z DEBUG solana_program_runtime::stable_log] Program log: mango-log
[2022-02-12T07:55:44.207450000Z DEBUG solana_program_runtime::stable_log] Program log: 8HmBNKTUaLhxdA4GcfGyliALQuYkXc4nClpZlDF0SasXF9CRTJ3gvg4AAAAAAAAAAAAAAAAAQEIPAAAAAAAAAAAAAAAAAEBCDwAAAAAAAAA=
[2022-02-12T07:55:44.207473000Z DEBUG solana_program_runtime::stable_log] Program log: 8HmBNKTUaLiOnQdEtiC3dVJcJz5F0IHHBUtwK3dCY1dTcqbXUIsiDQ0AAAAAAAAAAAAAAAAAQEIPAAAAAAAAAAAAAAAAAEBCDwAAAAAAAAA=
[2022-02-12T07:55:44.207579000Z DEBUG solana_bpf_loader_program] Program 8opHzTAnfzRpPEx21XtnrVTX28YQuCpAjcn1PczScKh consumed 9070 of 200000 compute units
[2022-02-12T07:55:44.207599000Z DEBUG solana_bpf_loader_program] Program 4uQeVj5tqViQh7yWWGStvkEG1Zmhx6uasJtWCJziofM consumed 9040 of 200000 compute units
[2022-02-12T07:55:44.207642000Z DEBUG solana_program_runtime::stable_log] Program 8opHzTAnfzRpPEx21XtnrVTX28YQuCpAjcn1PczScKh success
[2022-02-12T07:55:44.207659000Z DEBUG solana_program_runtime::stable_log] Program 4uQeVj5tqViQh7yWWGStvkEG1Zmhx6uasJtWCJziofM success
[2022-02-12T07:55:44.218491000Z DEBUG solana_program_runtime::stable_log] Program 8opHzTAnfzRpPEx21XtnrVTX28YQuCpAjcn1PczScKh invoke [1]
[2022-02-12T07:55:44.218674000Z DEBUG solana_program_runtime::stable_log] Program 4uQeVj5tqViQh7yWWGStvkEG1Zmhx6uasJtWCJziofM invoke [1]
[2022-02-12T07:55:44.218869000Z DEBUG solana_program_runtime::stable_log] Program log: Mango: UpdateRootBank
[2022-02-12T07:55:44.219073000Z DEBUG solana_program_runtime::stable_log] Program log: Mango: UpdateRootBank
[2022-02-12T07:55:44.220843000Z DEBUG solana_program_runtime::stable_log] Program log: mango-log
[2022-02-12T07:55:44.221051000Z DEBUG solana_program_runtime::stable_log] Program log: mango-log
[2022-02-12T07:55:44.221486000Z DEBUG solana_program_runtime::stable_log] Program log: 8HmBNKTUaLhxdA4GcfGyliALQuYkXc4nClpZlDF0SasXF9CRTJ3gvg8AAAAAAAAAAAAAAAAAQEIPAAAAAAAAAAAAAAAAAEBCDwAAAAAAAAA=
[2022-02-12T07:55:44.221617000Z DEBUG solana_bpf_loader_program] Program 8opHzTAnfzRpPEx21XtnrVTX28YQuCpAjcn1PczScKh consumed 9109 of 200000 compute units
[2022-02-12T07:55:44.221671000Z DEBUG solana_program_runtime::stable_log] Program log: 8HmBNKTUaLiOnQdEtiC3dVJcJz5F0IHHBUtwK3dCY1dTcqbXUIsiDQ4AAAAAAAAAAAAAAAAAQEIPAAAAAAAAAAAAAAAAAEBCDwAAAAAAAAA=
[2022-02-12T07:55:44.221676000Z DEBUG solana_program_runtime::stable_log] Program 8opHzTAnfzRpPEx21XtnrVTX28YQuCpAjcn1PczScKh success
[2022-02-12T07:55:44.221798000Z DEBUG solana_bpf_loader_program] Program 4uQeVj5tqViQh7yWWGStvkEG1Zmhx6uasJtWCJziofM consumed 9070 of 200000 compute units
[2022-02-12T07:55:44.221854000Z DEBUG solana_program_runtime::stable_log] Program 4uQeVj5tqViQh7yWWGStvkEG1Zmhx6uasJtWCJziofM success
[2022-02-12T07:55:44.231693000Z DEBUG solana_program_runtime::stable_log] Program 4uQeVj5tqViQh7yWWGStvkEG1Zmhx6uasJtWCJziofM invoke [1]
[2022-02-12T07:55:44.231795000Z DEBUG solana_program_runtime::stable_log] Program 8opHzTAnfzRpPEx21XtnrVTX28YQuCpAjcn1PczScKh invoke [1]
[2022-02-12T07:55:44.232080000Z DEBUG solana_program_runtime::stable_log] Program log: Mango: UpdateRootBank
[2022-02-12T07:55:44.232246000Z DEBUG solana_program_runtime::stable_log] Program log: Mango: UpdateFunding
[2022-02-12T07:55:44.233343000Z DEBUG solana_program_runtime::stable_log] Program log: mango-log
[2022-02-12T07:55:44.233952000Z DEBUG solana_program_runtime::stable_log] Program log: ta5iwCEXTXtxdA4GcfGyliALQuYkXc4nClpZlDF0SasXF9CRTJ3gvgAAAAAAAAAAAAAAAAAAAAAAAAAAAAAAAAAAAAAAAAAAAAAAAAAAAAA=
[2022-02-12T07:55:44.234096000Z DEBUG solana_program_runtime::stable_log] Program log: mango-log
[2022-02-12T07:55:44.234107000Z DEBUG solana_bpf_loader_program] Program 8opHzTAnfzRpPEx21XtnrVTX28YQuCpAjcn1PczScKh consumed 6381 of 200000 compute units
[2022-02-12T07:55:44.234182000Z DEBUG solana_program_runtime::stable_log] Program 8opHzTAnfzRpPEx21XtnrVTX28YQuCpAjcn1PczScKh success
[2022-02-12T07:55:44.234754000Z DEBUG solana_program_runtime::stable_log] Program log: 8HmBNKTUaLiOnQdEtiC3dVJcJz5F0IHHBUtwK3dCY1dTcqbXUIsiDQ8AAAAAAAAAAAAAAAAAQEIPAAAAAAAAAAAAAAAAAEBCDwAAAAAAAAA=
[2022-02-12T07:55:44.234889000Z DEBUG solana_bpf_loader_program] Program 4uQeVj5tqViQh7yWWGStvkEG1Zmhx6uasJtWCJziofM consumed 9109 of 200000 compute units
[2022-02-12T07:55:44.234955000Z DEBUG solana_program_runtime::stable_log] Program 4uQeVj5tqViQh7yWWGStvkEG1Zmhx6uasJtWCJziofM success
[2022-02-12T07:55:44.245348000Z DEBUG solana_program_runtime::stable_log] Program 8opHzTAnfzRpPEx21XtnrVTX28YQuCpAjcn1PczScKh invoke [1]
[2022-02-12T07:55:44.245348000Z DEBUG solana_program_runtime::stable_log] Program 4uQeVj5tqViQh7yWWGStvkEG1Zmhx6uasJtWCJziofM invoke [1]
[2022-02-12T07:55:44.245829000Z DEBUG solana_program_runtime::stable_log] Program log: Mango: UpdateFunding
[2022-02-12T07:55:44.245864000Z DEBUG solana_program_runtime::stable_log] Program log: Mango: UpdateFunding
[2022-02-12T07:55:44.246978000Z DEBUG solana_program_runtime::stable_log] Program log: mango-log
[2022-02-12T07:55:44.247030000Z DEBUG solana_program_runtime::stable_log] Program log: mango-log
[2022-02-12T07:55:44.247605000Z DEBUG solana_program_runtime::stable_log] Program log: ta5iwCEXTXtxdA4GcfGyliALQuYkXc4nClpZlDF0SasXF9CRTJ3gvgEAAAAAAAAAAAAAAAAAAAAAAAAAAAAAAAAAAAAAAAAAAAAAAAAAAAA=
[2022-02-12T07:55:44.247660000Z DEBUG solana_program_runtime::stable_log] Program log: ta5iwCEXTXuOnQdEtiC3dVJcJz5F0IHHBUtwK3dCY1dTcqbXUIsiDQAAAAAAAAAAAAAAAAAAAAAAAAAAAAAAAAAAAAAAAAAAAAAAAAAAAAA=
[2022-02-12T07:55:44.247757000Z DEBUG solana_bpf_loader_program] Program 8opHzTAnfzRpPEx21XtnrVTX28YQuCpAjcn1PczScKh consumed 6421 of 200000 compute units
[2022-02-12T07:55:44.247809000Z DEBUG solana_bpf_loader_program] Program 4uQeVj5tqViQh7yWWGStvkEG1Zmhx6uasJtWCJziofM consumed 6381 of 200000 compute units
[2022-02-12T07:55:44.247828000Z DEBUG solana_program_runtime::stable_log] Program 8opHzTAnfzRpPEx21XtnrVTX28YQuCpAjcn1PczScKh success
[2022-02-12T07:55:44.247878000Z DEBUG solana_program_runtime::stable_log] Program 4uQeVj5tqViQh7yWWGStvkEG1Zmhx6uasJtWCJziofM success
[2022-02-12T07:55:44.258044000Z DEBUG solana_program_runtime::stable_log] Program 8opHzTAnfzRpPEx21XtnrVTX28YQuCpAjcn1PczScKh invoke [1]
[2022-02-12T07:55:44.258299000Z DEBUG solana_program_runtime::stable_log] Program 4uQeVj5tqViQh7yWWGStvkEG1Zmhx6uasJtWCJziofM invoke [1]
[2022-02-12T07:55:44.258487000Z DEBUG solana_program_runtime::stable_log] Program log: Mango: UpdateFunding
[2022-02-12T07:55:44.258753000Z DEBUG solana_program_runtime::stable_log] Program log: Mango: UpdateFunding
[2022-02-12T07:55:44.259602000Z DEBUG solana_program_runtime::stable_log] Program log: mango-log
[2022-02-12T07:55:44.259873000Z DEBUG solana_program_runtime::stable_log] Program log: mango-log
[2022-02-12T07:55:44.260270000Z DEBUG solana_program_runtime::stable_log] Program log: ta5iwCEXTXtxdA4GcfGyliALQuYkXc4nClpZlDF0SasXF9CRTJ3gvgIAAAAAAAAAAAAAAAAAAAAAAAAAAAAAAAAAAAAAAAAAAAAAAAAAAAA=
[2022-02-12T07:55:44.260439000Z DEBUG solana_bpf_loader_program] Program 8opHzTAnfzRpPEx21XtnrVTX28YQuCpAjcn1PczScKh consumed 6460 of 200000 compute units
[2022-02-12T07:55:44.260504000Z DEBUG solana_program_runtime::stable_log] Program log: ta5iwCEXTXuOnQdEtiC3dVJcJz5F0IHHBUtwK3dCY1dTcqbXUIsiDQEAAAAAAAAAAAAAAAAAAAAAAAAAAAAAAAAAAAAAAAAAAAAAAAAAAAA=
[2022-02-12T07:55:44.260518000Z DEBUG solana_program_runtime::stable_log] Program 8opHzTAnfzRpPEx21XtnrVTX28YQuCpAjcn1PczScKh success
[2022-02-12T07:55:44.260656000Z DEBUG solana_bpf_loader_program] Program 4uQeVj5tqViQh7yWWGStvkEG1Zmhx6uasJtWCJziofM consumed 6421 of 200000 compute units
[2022-02-12T07:55:44.260737000Z DEBUG solana_program_runtime::stable_log] Program 4uQeVj5tqViQh7yWWGStvkEG1Zmhx6uasJtWCJziofM success
[2022-02-12T07:55:44.271453000Z DEBUG solana_program_runtime::stable_log] Program 8opHzTAnfzRpPEx21XtnrVTX28YQuCpAjcn1PczScKh invoke [1]
[2022-02-12T07:55:44.271453000Z DEBUG solana_program_runtime::stable_log] Program 4uQeVj5tqViQh7yWWGStvkEG1Zmhx6uasJtWCJziofM invoke [1]
[2022-02-12T07:55:44.271943000Z DEBUG solana_program_runtime::stable_log] Program log: Mango: UpdateFunding
[2022-02-12T07:55:44.271960000Z DEBUG solana_program_runtime::stable_log] Program log: Mango: UpdateFunding
[2022-02-12T07:55:44.273114000Z DEBUG solana_program_runtime::stable_log] Program log: mango-log
[2022-02-12T07:55:44.273137000Z DEBUG solana_program_runtime::stable_log] Program log: mango-log
[2022-02-12T07:55:44.273734000Z DEBUG solana_program_runtime::stable_log] Program log: ta5iwCEXTXuOnQdEtiC3dVJcJz5F0IHHBUtwK3dCY1dTcqbXUIsiDQIAAAAAAAAAAAAAAAAAAAAAAAAAAAAAAAAAAAAAAAAAAAAAAAAAAAA=
[2022-02-12T07:55:44.273754000Z DEBUG solana_program_runtime::stable_log] Program log: ta5iwCEXTXtxdA4GcfGyliALQuYkXc4nClpZlDF0SasXF9CRTJ3gvgMAAAAAAAAAAAAAAAAAAAAAAAAAAAAAAAAAAAAAAAAAAAAAAAAAAAA=
[2022-02-12T07:55:44.273888000Z DEBUG solana_bpf_loader_program] Program 4uQeVj5tqViQh7yWWGStvkEG1Zmhx6uasJtWCJziofM consumed 6460 of 200000 compute units
[2022-02-12T07:55:44.273905000Z DEBUG solana_bpf_loader_program] Program 8opHzTAnfzRpPEx21XtnrVTX28YQuCpAjcn1PczScKh consumed 6499 of 200000 compute units
[2022-02-12T07:55:44.273967000Z DEBUG solana_program_runtime::stable_log] Program 4uQeVj5tqViQh7yWWGStvkEG1Zmhx6uasJtWCJziofM success
[2022-02-12T07:55:44.273972000Z DEBUG solana_program_runtime::stable_log] Program 8opHzTAnfzRpPEx21XtnrVTX28YQuCpAjcn1PczScKh success
[2022-02-12T07:55:44.284645000Z DEBUG solana_program_runtime::stable_log] Program 4uQeVj5tqViQh7yWWGStvkEG1Zmhx6uasJtWCJziofM invoke [1]
[2022-02-12T07:55:44.284645000Z DEBUG solana_program_runtime::stable_log] Program 8opHzTAnfzRpPEx21XtnrVTX28YQuCpAjcn1PczScKh invoke [1]
[2022-02-12T07:55:44.285128000Z DEBUG solana_program_runtime::stable_log] Program log: Mango: UpdateFunding
[2022-02-12T07:55:44.285163000Z DEBUG solana_program_runtime::stable_log] Program log: Mango: UpdateFunding
[2022-02-12T07:55:44.286305000Z DEBUG solana_program_runtime::stable_log] Program log: mango-log
[2022-02-12T07:55:44.286347000Z DEBUG solana_program_runtime::stable_log] Program log: mango-log
[2022-02-12T07:55:44.286927000Z DEBUG solana_program_runtime::stable_log] Program log: ta5iwCEXTXuOnQdEtiC3dVJcJz5F0IHHBUtwK3dCY1dTcqbXUIsiDQMAAAAAAAAAAAAAAAAAAAAAAAAAAAAAAAAAAAAAAAAAAAAAAAAAAAA=
[2022-02-12T07:55:44.286968000Z DEBUG solana_program_runtime::stable_log] Program log: ta5iwCEXTXtxdA4GcfGyliALQuYkXc4nClpZlDF0SasXF9CRTJ3gvgQAAAAAAAAAAAAAAAAAAAAAAAAAAAAAAAAAAAAAAAAAAAAAAAAAAAA=
[2022-02-12T07:55:44.287082000Z DEBUG solana_bpf_loader_program] Program 4uQeVj5tqViQh7yWWGStvkEG1Zmhx6uasJtWCJziofM consumed 6499 of 200000 compute units
[2022-02-12T07:55:44.287120000Z DEBUG solana_bpf_loader_program] Program 8opHzTAnfzRpPEx21XtnrVTX28YQuCpAjcn1PczScKh consumed 6538 of 200000 compute units
[2022-02-12T07:55:44.287155000Z DEBUG solana_program_runtime::stable_log] Program 4uQeVj5tqViQh7yWWGStvkEG1Zmhx6uasJtWCJziofM success
[2022-02-12T07:55:44.287193000Z DEBUG solana_program_runtime::stable_log] Program 8opHzTAnfzRpPEx21XtnrVTX28YQuCpAjcn1PczScKh success
[2022-02-12T07:55:44.297307000Z DEBUG solana_program_runtime::stable_log] Program 4uQeVj5tqViQh7yWWGStvkEG1Zmhx6uasJtWCJziofM invoke [1]
[2022-02-12T07:55:44.297400000Z DEBUG solana_program_runtime::stable_log] Program 8opHzTAnfzRpPEx21XtnrVTX28YQuCpAjcn1PczScKh invoke [1]
[2022-02-12T07:55:44.297747000Z DEBUG solana_program_runtime::stable_log] Program log: Mango: UpdateFunding
[2022-02-12T07:55:44.297850000Z DEBUG solana_program_runtime::stable_log] Program log: Mango: UpdateFunding
[2022-02-12T07:55:44.298892000Z DEBUG solana_program_runtime::stable_log] Program log: mango-log
[2022-02-12T07:55:44.299016000Z DEBUG solana_program_runtime::stable_log] Program log: mango-log
[2022-02-12T07:55:44.299535000Z DEBUG solana_program_runtime::stable_log] Program log: ta5iwCEXTXuOnQdEtiC3dVJcJz5F0IHHBUtwK3dCY1dTcqbXUIsiDQQAAAAAAAAAAAAAAAAAAAAAAAAAAAAAAAAAAAAAAAAAAAAAAAAAAAA=
[2022-02-12T07:55:44.299672000Z DEBUG solana_program_runtime::stable_log] Program log: ta5iwCEXTXtxdA4GcfGyliALQuYkXc4nClpZlDF0SasXF9CRTJ3gvgUAAAAAAAAAAAAAAAAAAAAAAAAAAAAAAAAAAAAAAAAAAAAAAAAAAAA=
[2022-02-12T07:55:44.299691000Z DEBUG solana_bpf_loader_program] Program 4uQeVj5tqViQh7yWWGStvkEG1Zmhx6uasJtWCJziofM consumed 6538 of 200000 compute units
[2022-02-12T07:55:44.299775000Z DEBUG solana_program_runtime::stable_log] Program 4uQeVj5tqViQh7yWWGStvkEG1Zmhx6uasJtWCJziofM success
[2022-02-12T07:55:44.299824000Z DEBUG solana_bpf_loader_program] Program 8opHzTAnfzRpPEx21XtnrVTX28YQuCpAjcn1PczScKh consumed 6577 of 200000 compute units
[2022-02-12T07:55:44.299895000Z DEBUG solana_program_runtime::stable_log] Program 8opHzTAnfzRpPEx21XtnrVTX28YQuCpAjcn1PczScKh success
[2022-02-12T07:55:44.310344000Z DEBUG solana_program_runtime::stable_log] Program 4uQeVj5tqViQh7yWWGStvkEG1Zmhx6uasJtWCJziofM invoke [1]
[2022-02-12T07:55:44.310393000Z DEBUG solana_program_runtime::stable_log] Program 8opHzTAnfzRpPEx21XtnrVTX28YQuCpAjcn1PczScKh invoke [1]
[2022-02-12T07:55:44.310777000Z DEBUG solana_program_runtime::stable_log] Program log: Mango: UpdateFunding
[2022-02-12T07:55:44.310838000Z DEBUG solana_program_runtime::stable_log] Program log: Mango: UpdateFunding
[2022-02-12T07:55:44.311930000Z DEBUG solana_program_runtime::stable_log] Program log: mango-log
[2022-02-12T07:55:44.312021000Z DEBUG solana_program_runtime::stable_log] Program log: mango-log
[2022-02-12T07:55:44.312606000Z DEBUG solana_program_runtime::stable_log] Program log: ta5iwCEXTXuOnQdEtiC3dVJcJz5F0IHHBUtwK3dCY1dTcqbXUIsiDQUAAAAAAAAAAAAAAAAAAAAAAAAAAAAAAAAAAAAAAAAAAAAAAAAAAAA=
[2022-02-12T07:55:44.312649000Z DEBUG solana_program_runtime::stable_log] Program log: ta5iwCEXTXtxdA4GcfGyliALQuYkXc4nClpZlDF0SasXF9CRTJ3gvgYAAAAAAAAAAAAAAAAAAAAAAAAAAAAAAAAAAAAAAAAAAAAAAAAAAAA=
[2022-02-12T07:55:44.312775000Z DEBUG solana_bpf_loader_program] Program 4uQeVj5tqViQh7yWWGStvkEG1Zmhx6uasJtWCJziofM consumed 6577 of 200000 compute units
[2022-02-12T07:55:44.312803000Z DEBUG solana_bpf_loader_program] Program 8opHzTAnfzRpPEx21XtnrVTX28YQuCpAjcn1PczScKh consumed 6616 of 200000 compute units
[2022-02-12T07:55:44.312848000Z DEBUG solana_program_runtime::stable_log] Program 4uQeVj5tqViQh7yWWGStvkEG1Zmhx6uasJtWCJziofM success
[2022-02-12T07:55:44.312870000Z DEBUG solana_program_runtime::stable_log] Program 8opHzTAnfzRpPEx21XtnrVTX28YQuCpAjcn1PczScKh success
[2022-02-12T07:55:44.323750000Z DEBUG solana_program_runtime::stable_log] Program 8opHzTAnfzRpPEx21XtnrVTX28YQuCpAjcn1PczScKh invoke [1]
[2022-02-12T07:55:44.323750000Z DEBUG solana_program_runtime::stable_log] Program 4uQeVj5tqViQh7yWWGStvkEG1Zmhx6uasJtWCJziofM invoke [1]
[2022-02-12T07:55:44.324266000Z DEBUG solana_program_runtime::stable_log] Program log: Mango: UpdateFunding
[2022-02-12T07:55:44.324278000Z DEBUG solana_program_runtime::stable_log] Program log: Mango: UpdateFunding
[2022-02-12T07:55:44.325501000Z DEBUG solana_program_runtime::stable_log] Program log: mango-log
[2022-02-12T07:55:44.325501000Z DEBUG solana_program_runtime::stable_log] Program log: mango-log
[2022-02-12T07:55:44.326125000Z DEBUG solana_program_runtime::stable_log] Program log: ta5iwCEXTXuOnQdEtiC3dVJcJz5F0IHHBUtwK3dCY1dTcqbXUIsiDQYAAAAAAAAAAAAAAAAAAAAAAAAAAAAAAAAAAAAAAAAAAAAAAAAAAAA=
[2022-02-12T07:55:44.326160000Z DEBUG solana_program_runtime::stable_log] Program log: ta5iwCEXTXtxdA4GcfGyliALQuYkXc4nClpZlDF0SasXF9CRTJ3gvgcAAAAAAAAAAAAAAAAAAAAAAAAAAAAAAAAAAAAAAAAAAAAAAAAAAAA=
[2022-02-12T07:55:44.326280000Z DEBUG solana_bpf_loader_program] Program 4uQeVj5tqViQh7yWWGStvkEG1Zmhx6uasJtWCJziofM consumed 6616 of 200000 compute units
[2022-02-12T07:55:44.326310000Z DEBUG solana_bpf_loader_program] Program 8opHzTAnfzRpPEx21XtnrVTX28YQuCpAjcn1PczScKh consumed 6655 of 200000 compute units
[2022-02-12T07:55:44.326359000Z DEBUG solana_program_runtime::stable_log] Program 4uQeVj5tqViQh7yWWGStvkEG1Zmhx6uasJtWCJziofM success
[2022-02-12T07:55:44.326378000Z DEBUG solana_program_runtime::stable_log] Program 8opHzTAnfzRpPEx21XtnrVTX28YQuCpAjcn1PczScKh success
[2022-02-12T07:55:44.336987000Z DEBUG solana_program_runtime::stable_log] Program 4uQeVj5tqViQh7yWWGStvkEG1Zmhx6uasJtWCJziofM invoke [1]
[2022-02-12T07:55:44.337392000Z DEBUG solana_program_runtime::stable_log] Program 8opHzTAnfzRpPEx21XtnrVTX28YQuCpAjcn1PczScKh invoke [1]
[2022-02-12T07:55:44.337485000Z DEBUG solana_program_runtime::stable_log] Program log: Mango: UpdateFunding
[2022-02-12T07:55:44.337837000Z DEBUG solana_program_runtime::stable_log] Program log: Mango: UpdateFunding
[2022-02-12T07:55:44.338710000Z DEBUG solana_program_runtime::stable_log] Program log: mango-log
[2022-02-12T07:55:44.339070000Z DEBUG solana_program_runtime::stable_log] Program log: mango-log
[2022-02-12T07:55:44.339328000Z DEBUG solana_program_runtime::stable_log] Program log: ta5iwCEXTXuOnQdEtiC3dVJcJz5F0IHHBUtwK3dCY1dTcqbXUIsiDQcAAAAAAAAAAAAAAAAAAAAAAAAAAAAAAAAAAAAAAAAAAAAAAAAAAAA=
[2022-02-12T07:55:44.339482000Z DEBUG solana_bpf_loader_program] Program 4uQeVj5tqViQh7yWWGStvkEG1Zmhx6uasJtWCJziofM consumed 6655 of 200000 compute units
[2022-02-12T07:55:44.339562000Z DEBUG solana_program_runtime::stable_log] Program 4uQeVj5tqViQh7yWWGStvkEG1Zmhx6uasJtWCJziofM success
[2022-02-12T07:55:44.339691000Z DEBUG solana_program_runtime::stable_log] Program log: ta5iwCEXTXtxdA4GcfGyliALQuYkXc4nClpZlDF0SasXF9CRTJ3gvggAAAAAAAAAAAAAAAAAAAAAAAAAAAAAAAAAAAAAAAAAAAAAAAAAAAA=
[2022-02-12T07:55:44.339843000Z DEBUG solana_bpf_loader_program] Program 8opHzTAnfzRpPEx21XtnrVTX28YQuCpAjcn1PczScKh consumed 6694 of 200000 compute units
[2022-02-12T07:55:44.339911000Z DEBUG solana_program_runtime::stable_log] Program 8opHzTAnfzRpPEx21XtnrVTX28YQuCpAjcn1PczScKh success
[2022-02-12T07:55:44.350537000Z DEBUG solana_program_runtime::stable_log] Program 8opHzTAnfzRpPEx21XtnrVTX28YQuCpAjcn1PczScKh invoke [1]
[2022-02-12T07:55:44.350564000Z DEBUG solana_program_runtime::stable_log] Program 4uQeVj5tqViQh7yWWGStvkEG1Zmhx6uasJtWCJziofM invoke [1]
[2022-02-12T07:55:44.351010000Z DEBUG solana_program_runtime::stable_log] Program log: Mango: UpdateFunding
[2022-02-12T07:55:44.351011000Z DEBUG solana_program_runtime::stable_log] Program log: Mango: UpdateFunding
[2022-02-12T07:55:44.352256000Z DEBUG solana_program_runtime::stable_log] Program log: mango-log
[2022-02-12T07:55:44.352273000Z DEBUG solana_program_runtime::stable_log] Program log: mango-log
[2022-02-12T07:55:44.352887000Z DEBUG solana_program_runtime::stable_log] Program log: ta5iwCEXTXuOnQdEtiC3dVJcJz5F0IHHBUtwK3dCY1dTcqbXUIsiDQgAAAAAAAAAAAAAAAAAAAAAAAAAAAAAAAAAAAAAAAAAAAAAAAAAAAA=
[2022-02-12T07:55:44.352895000Z DEBUG solana_program_runtime::stable_log] Program log: ta5iwCEXTXtxdA4GcfGyliALQuYkXc4nClpZlDF0SasXF9CRTJ3gvgkAAAAAAAAAAAAAAAAAAAAAAAAAAAAAAAAAAAAAAAAAAAAAAAAAAAA=
[2022-02-12T07:55:44.353041000Z DEBUG solana_bpf_loader_program] Program 4uQeVj5tqViQh7yWWGStvkEG1Zmhx6uasJtWCJziofM consumed 6694 of 200000 compute units
[2022-02-12T07:55:44.353044000Z DEBUG solana_bpf_loader_program] Program 8opHzTAnfzRpPEx21XtnrVTX28YQuCpAjcn1PczScKh consumed 6733 of 200000 compute units
[2022-02-12T07:55:44.353116000Z DEBUG solana_program_runtime::stable_log] Program 8opHzTAnfzRpPEx21XtnrVTX28YQuCpAjcn1PczScKh success
[2022-02-12T07:55:44.353116000Z DEBUG solana_program_runtime::stable_log] Program 4uQeVj5tqViQh7yWWGStvkEG1Zmhx6uasJtWCJziofM success
[2022-02-12T07:55:44.363649000Z DEBUG solana_program_runtime::stable_log] Program 4uQeVj5tqViQh7yWWGStvkEG1Zmhx6uasJtWCJziofM invoke [1]
[2022-02-12T07:55:44.364130000Z DEBUG solana_program_runtime::stable_log] Program log: Mango: UpdateFunding
[2022-02-12T07:55:44.365389000Z DEBUG solana_program_runtime::stable_log] Program log: mango-log
[2022-02-12T07:55:44.365790000Z DEBUG solana_program_runtime::stable_log] Program 8opHzTAnfzRpPEx21XtnrVTX28YQuCpAjcn1PczScKh invoke [1]
[2022-02-12T07:55:44.366015000Z DEBUG solana_program_runtime::stable_log] Program log: ta5iwCEXTXuOnQdEtiC3dVJcJz5F0IHHBUtwK3dCY1dTcqbXUIsiDQkAAAAAAAAAAAAAAAAAAAAAAAAAAAAAAAAAAAAAAAAAAAAAAAAAAAA=
[2022-02-12T07:55:44.366164000Z DEBUG solana_bpf_loader_program] Program 4uQeVj5tqViQh7yWWGStvkEG1Zmhx6uasJtWCJziofM consumed 6733 of 200000 compute units
[2022-02-12T07:55:44.366238000Z DEBUG solana_program_runtime::stable_log] Program log: Mango: UpdateFunding
[2022-02-12T07:55:44.366237000Z DEBUG solana_program_runtime::stable_log] Program 4uQeVj5tqViQh7yWWGStvkEG1Zmhx6uasJtWCJziofM success
[2022-02-12T07:55:44.367517000Z DEBUG solana_program_runtime::stable_log] Program log: mango-log
[2022-02-12T07:55:44.368132000Z DEBUG solana_program_runtime::stable_log] Program log: ta5iwCEXTXtxdA4GcfGyliALQuYkXc4nClpZlDF0SasXF9CRTJ3gvgoAAAAAAAAAAAAAAAAAAAAAAAAAAAAAAAAAAAAAAAAAAAAAAAAAAAA=
[2022-02-12T07:55:44.368280000Z DEBUG solana_bpf_loader_program] Program 8opHzTAnfzRpPEx21XtnrVTX28YQuCpAjcn1PczScKh consumed 6772 of 200000 compute units
[2022-02-12T07:55:44.368347000Z DEBUG solana_program_runtime::stable_log] Program 8opHzTAnfzRpPEx21XtnrVTX28YQuCpAjcn1PczScKh success
[2022-02-12T07:55:44.377689000Z DEBUG solana_program_runtime::stable_log] Program 4uQeVj5tqViQh7yWWGStvkEG1Zmhx6uasJtWCJziofM invoke [1]
[2022-02-12T07:55:44.378160000Z DEBUG solana_program_runtime::stable_log] Program log: Mango: UpdateFunding
[2022-02-12T07:55:44.378856000Z DEBUG solana_program_runtime::stable_log] Program 8opHzTAnfzRpPEx21XtnrVTX28YQuCpAjcn1PczScKh invoke [1]
[2022-02-12T07:55:44.379303000Z DEBUG solana_program_runtime::stable_log] Program log: Mango: UpdateFunding
[2022-02-12T07:55:44.379430000Z DEBUG solana_program_runtime::stable_log] Program log: mango-log
[2022-02-12T07:55:44.380057000Z DEBUG solana_program_runtime::stable_log] Program log: ta5iwCEXTXuOnQdEtiC3dVJcJz5F0IHHBUtwK3dCY1dTcqbXUIsiDQoAAAAAAAAAAAAAAAAAAAAAAAAAAAAAAAAAAAAAAAAAAAAAAAAAAAA=
[2022-02-12T07:55:44.380210000Z DEBUG solana_bpf_loader_program] Program 4uQeVj5tqViQh7yWWGStvkEG1Zmhx6uasJtWCJziofM consumed 6772 of 200000 compute units
[2022-02-12T07:55:44.380286000Z DEBUG solana_program_runtime::stable_log] Program 4uQeVj5tqViQh7yWWGStvkEG1Zmhx6uasJtWCJziofM success
[2022-02-12T07:55:44.380605000Z DEBUG solana_program_runtime::stable_log] Program log: mango-log
[2022-02-12T07:55:44.381250000Z DEBUG solana_program_runtime::stable_log] Program log: ta5iwCEXTXtxdA4GcfGyliALQuYkXc4nClpZlDF0SasXF9CRTJ3gvgsAAAAAAAAAAAAAAAAAAAAAAAAAAAAAAAAAAAAAAAAAAAAAAAAAAAA=
[2022-02-12T07:55:44.381397000Z DEBUG solana_bpf_loader_program] Program 8opHzTAnfzRpPEx21XtnrVTX28YQuCpAjcn1PczScKh consumed 6811 of 200000 compute units
[2022-02-12T07:55:44.381464000Z DEBUG solana_program_runtime::stable_log] Program 8opHzTAnfzRpPEx21XtnrVTX28YQuCpAjcn1PczScKh success
[2022-02-12T07:55:44.391724000Z DEBUG solana_program_runtime::stable_log] Program 4uQeVj5tqViQh7yWWGStvkEG1Zmhx6uasJtWCJziofM invoke [1]
[2022-02-12T07:55:44.392170000Z DEBUG solana_program_runtime::stable_log] Program log: Mango: UpdateFunding
[2022-02-12T07:55:44.392828000Z DEBUG solana_program_runtime::stable_log] Program 8opHzTAnfzRpPEx21XtnrVTX28YQuCpAjcn1PczScKh invoke [1]
[2022-02-12T07:55:44.393278000Z DEBUG solana_program_runtime::stable_log] Program log: Mango: UpdateFunding
[2022-02-12T07:55:44.393415000Z DEBUG solana_program_runtime::stable_log] Program log: mango-log
[2022-02-12T07:55:44.394020000Z DEBUG solana_program_runtime::stable_log] Program log: ta5iwCEXTXuOnQdEtiC3dVJcJz5F0IHHBUtwK3dCY1dTcqbXUIsiDQsAAAAAAAAAAAAAAAAAAAAAAAAAAAAAAAAAAAAAAAAAAAAAAAAAAAA=
[2022-02-12T07:55:44.394166000Z DEBUG solana_bpf_loader_program] Program 4uQeVj5tqViQh7yWWGStvkEG1Zmhx6uasJtWCJziofM consumed 6811 of 200000 compute units
[2022-02-12T07:55:44.394233000Z DEBUG solana_program_runtime::stable_log] Program 4uQeVj5tqViQh7yWWGStvkEG1Zmhx6uasJtWCJziofM success
[2022-02-12T07:55:44.394525000Z DEBUG solana_program_runtime::stable_log] Program log: mango-log
[2022-02-12T07:55:44.395236000Z DEBUG solana_program_runtime::stable_log] Program log: ta5iwCEXTXtxdA4GcfGyliALQuYkXc4nClpZlDF0SasXF9CRTJ3gvgwAAAAAAAAAAAAAAAAAAAAAAAAAAAAAAAAAAAAAAAAAAAAAAAAAAAA=
[2022-02-12T07:55:44.395398000Z DEBUG solana_bpf_loader_program] Program 8opHzTAnfzRpPEx21XtnrVTX28YQuCpAjcn1PczScKh consumed 6850 of 200000 compute units
[2022-02-12T07:55:44.395477000Z DEBUG solana_program_runtime::stable_log] Program 8opHzTAnfzRpPEx21XtnrVTX28YQuCpAjcn1PczScKh success
[2022-02-12T07:55:44.406185000Z DEBUG solana_program_runtime::stable_log] Program 8opHzTAnfzRpPEx21XtnrVTX28YQuCpAjcn1PczScKh invoke [1]
[2022-02-12T07:55:44.406185000Z DEBUG solana_program_runtime::stable_log] Program 4uQeVj5tqViQh7yWWGStvkEG1Zmhx6uasJtWCJziofM invoke [1]
[2022-02-12T07:55:44.406680000Z DEBUG solana_program_runtime::stable_log] Program log: Mango: UpdateFunding
[2022-02-12T07:55:44.406702000Z DEBUG solana_program_runtime::stable_log] Program log: Mango: UpdateFunding
[2022-02-12T07:55:44.407989000Z DEBUG solana_program_runtime::stable_log] Program log: mango-log
[2022-02-12T07:55:44.408000000Z DEBUG solana_program_runtime::stable_log] Program log: mango-log
[2022-02-12T07:55:44.408608000Z DEBUG solana_program_runtime::stable_log] Program log: ta5iwCEXTXuOnQdEtiC3dVJcJz5F0IHHBUtwK3dCY1dTcqbXUIsiDQwAAAAAAAAAAAAAAAAAAAAAAAAAAAAAAAAAAAAAAAAAAAAAAAAAAAA=
[2022-02-12T07:55:44.408619000Z DEBUG solana_program_runtime::stable_log] Program log: ta5iwCEXTXtxdA4GcfGyliALQuYkXc4nClpZlDF0SasXF9CRTJ3gvg0AAAAAAAAAAAAAAAAAAAAAAAAAAAAAAAAAAAAAAAAAAAAAAAAAAAA=
[2022-02-12T07:55:44.408767000Z DEBUG solana_bpf_loader_program] Program 4uQeVj5tqViQh7yWWGStvkEG1Zmhx6uasJtWCJziofM consumed 6850 of 200000 compute units
[2022-02-12T07:55:44.408768000Z DEBUG solana_bpf_loader_program] Program 8opHzTAnfzRpPEx21XtnrVTX28YQuCpAjcn1PczScKh consumed 6889 of 200000 compute units
[2022-02-12T07:55:44.408844000Z DEBUG solana_program_runtime::stable_log] Program 8opHzTAnfzRpPEx21XtnrVTX28YQuCpAjcn1PczScKh success
[2022-02-12T07:55:44.408844000Z DEBUG solana_program_runtime::stable_log] Program 4uQeVj5tqViQh7yWWGStvkEG1Zmhx6uasJtWCJziofM success
[2022-02-12T07:55:44.419126000Z DEBUG solana_program_runtime::stable_log] Program 4uQeVj5tqViQh7yWWGStvkEG1Zmhx6uasJtWCJziofM invoke [1]
[2022-02-12T07:55:44.419606000Z DEBUG solana_program_runtime::stable_log] Program log: Mango: UpdateFunding
[2022-02-12T07:55:44.420584000Z DEBUG solana_program_runtime::stable_log] Program 8opHzTAnfzRpPEx21XtnrVTX28YQuCpAjcn1PczScKh invoke [1]
[2022-02-12T07:55:44.420914000Z DEBUG solana_program_runtime::stable_log] Program log: mango-log
[2022-02-12T07:55:44.421033000Z DEBUG solana_program_runtime::stable_log] Program log: Mango: UpdateFunding
[2022-02-12T07:55:44.421536000Z DEBUG solana_program_runtime::stable_log] Program log: ta5iwCEXTXuOnQdEtiC3dVJcJz5F0IHHBUtwK3dCY1dTcqbXUIsiDQ0AAAAAAAAAAAAAAAAAAAAAAAAAAAAAAAAAAAAAAAAAAAAAAAAAAAA=
[2022-02-12T07:55:44.421687000Z DEBUG solana_bpf_loader_program] Program 4uQeVj5tqViQh7yWWGStvkEG1Zmhx6uasJtWCJziofM consumed 6889 of 200000 compute units
[2022-02-12T07:55:44.421760000Z DEBUG solana_program_runtime::stable_log] Program 4uQeVj5tqViQh7yWWGStvkEG1Zmhx6uasJtWCJziofM success
[2022-02-12T07:55:44.422373000Z DEBUG solana_program_runtime::stable_log] Program log: mango-log
[2022-02-12T07:55:44.423003000Z DEBUG solana_program_runtime::stable_log] Program log: ta5iwCEXTXtxdA4GcfGyliALQuYkXc4nClpZlDF0SasXF9CRTJ3gvg4AAAAAAAAAAAAAAAAAAAAAAAAAAAAAAAAAAAAAAAAAAAAAAAAAAAA=
[2022-02-12T07:55:44.423154000Z DEBUG solana_bpf_loader_program] Program 8opHzTAnfzRpPEx21XtnrVTX28YQuCpAjcn1PczScKh consumed 6928 of 200000 compute units
[2022-02-12T07:55:44.423222000Z DEBUG solana_program_runtime::stable_log] Program 8opHzTAnfzRpPEx21XtnrVTX28YQuCpAjcn1PczScKh success
[2022-02-12T07:55:44.432146000Z DEBUG solana_program_runtime::stable_log] Program 4uQeVj5tqViQh7yWWGStvkEG1Zmhx6uasJtWCJziofM invoke [1]
[2022-02-12T07:55:44.432643000Z DEBUG solana_program_runtime::stable_log] Program log: Mango: UpdateFunding
[2022-02-12T07:55:44.433965000Z DEBUG solana_program_runtime::stable_log] Program log: mango-log
[2022-02-12T07:55:44.434583000Z DEBUG solana_program_runtime::stable_log] Program log: ta5iwCEXTXuOnQdEtiC3dVJcJz5F0IHHBUtwK3dCY1dTcqbXUIsiDQ4AAAAAAAAAAAAAAAAAAAAAAAAAAAAAAAAAAAAAAAAAAAAAAAAAAAA=
[2022-02-12T07:55:44.434733000Z DEBUG solana_bpf_loader_program] Program 4uQeVj5tqViQh7yWWGStvkEG1Zmhx6uasJtWCJziofM consumed 6928 of 200000 compute units
[2022-02-12T07:55:44.434803000Z DEBUG solana_program_runtime::stable_log] Program 4uQeVj5tqViQh7yWWGStvkEG1Zmhx6uasJtWCJziofM success
[2022-02-12T07:55:44.437508000Z DEBUG solana_program_runtime::stable_log] Program 8opHzTAnfzRpPEx21XtnrVTX28YQuCpAjcn1PczScKh invoke [1]
[2022-02-12T07:55:44.438725000Z DEBUG solana_program_runtime::stable_log] Program log: Mango: CacheRootBanks
[2022-02-12T07:55:44.442621000Z DEBUG solana_program_runtime::stable_log] Program log: mango-log
[2022-02-12T07:55:44.445587000Z DEBUG solana_program_runtime::stable_log] Program log: IVXYca/GfehxdA4GcfGyliALQuYkXc4nClpZlDF0SasXF9CRTJ3gvhAAAAAAAAAAAAAAAAEAAAAAAAAAAgAAAAAAAAADAAAAAAAAAAQAAAAAAAAABQAAAAAAAAAGAAAAAAAAAAcAAAAAAAAACAAAAAAAAAAJAAAAAAAAAAoAAAAAAAAACwAAAAAAAAAMAAAAAAAAAA0AAAAAAAAADgAAAAAAAAAPAAAAAAAAABAAAAAAAAAAAABAQg8AAAAAAAAAAAAAAAAAQEIPAAAAAAAAAAAAAAAAAEBCDwAAAAAAAAAAAAAAAABAQg8AAAAAAAAAAAAAAAAAQEIPAAAAAAAAAAAAAAAAAEBCDwAAAAAAAAAAAAAAAABAQg8AAAAAAAAAAAAAAAAAQEIPAAAAAAAAAAAAAAAAAEBCDwAAAAAAAAAAAAAAAABAQg8AAAAAAAAAAAAAAAAAQEIPAAAAAAAAAAAAAAAAAEBCDwAAAAAAAAAAAAAAAABAQg8AAAAAAAAAAAAAAAAAQEIPAAAAAAAAAAAAAAAAAEBCDwAAAAAAAAAAAAAAAABAQg8AAAAAAAAAEAAAAAAAAAAAAEBCDwAAAAAAAAAAAAAAAABAQg8AAAAAAAAAAAAAAAAAQEIPAAAAAAAAAAAAAAAAAEBCDwAAAAAAAAAAAAAAAABAQg8AAAAAAAAAAAAAAAAAQEIPAAAAAAAAAAAAAAAAAEBCDwAAAAAAAAAAAAAAAABAQg8AAAAAAAAAAAAAAAAAQEIPAAAAAAAAAAAAAAAAAEBCDwAAAAAAAAAAAAAAAABAQg8AAAAAAAAAAAAAAAAAQEIPAAAAAAAAAAAAAAAAAEBCDwAAAAAAAAAAAAAAAABAQg8AAAAAAAAAAAAAAAAAQEIPAAAAAAAAAAAAAAAAAEBCDwAAAAAAAAA=
[2022-02-12T07:55:44.446009000Z DEBUG solana_bpf_loader_program] Program 8opHzTAnfzRpPEx21XtnrVTX28YQuCpAjcn1PczScKh consumed 24418 of 200000 compute units
[2022-02-12T07:55:44.446086000Z DEBUG solana_program_runtime::stable_log] Program 8opHzTAnfzRpPEx21XtnrVTX28YQuCpAjcn1PczScKh success
[2022-02-12T07:55:44.449763000Z DEBUG solana_program_runtime::stable_log] Program 4uQeVj5tqViQh7yWWGStvkEG1Zmhx6uasJtWCJziofM invoke [1]
[2022-02-12T07:55:44.450954000Z DEBUG solana_program_runtime::stable_log] Program log: Mango: CacheRootBanks
[2022-02-12T07:55:44.454826000Z DEBUG solana_program_runtime::stable_log] Program log: mango-log
[2022-02-12T07:55:44.457780000Z DEBUG solana_program_runtime::stable_log] Program log: IVXYca/GfeiOnQdEtiC3dVJcJz5F0IHHBUtwK3dCY1dTcqbXUIsiDRAAAAAAAAAAAAAAAAEAAAAAAAAAAgAAAAAAAAADAAAAAAAAAAQAAAAAAAAABQAAAAAAAAAGAAAAAAAAAAcAAAAAAAAACAAAAAAAAAAJAAAAAAAAAAoAAAAAAAAACwAAAAAAAAAMAAAAAAAAAA0AAAAAAAAADgAAAAAAAAAPAAAAAAAAABAAAAAAAAAAAABAQg8AAAAAAAAAAAAAAAAAQEIPAAAAAAAAAAAAAAAAAEBCDwAAAAAAAAAAAAAAAABAQg8AAAAAAAAAAAAAAAAAQEIPAAAAAAAAAAAAAAAAAEBCDwAAAAAAAAAAAAAAAABAQg8AAAAAAAAAAAAAAAAAQEIPAAAAAAAAAAAAAAAAAEBCDwAAAAAAAAAAAAAAAABAQg8AAAAAAAAAAAAAAAAAQEIPAAAAAAAAAAAAAAAAAEBCDwAAAAAAAAAAAAAAAABAQg8AAAAAAAAAAAAAAAAAQEIPAAAAAAAAAAAAAAAAAEBCDwAAAAAAAAAAAAAAAABAQg8AAAAAAAAAEAAAAAAAAAAAAEBCDwAAAAAAAAAAAAAAAABAQg8AAAAAAAAAAAAAAAAAQEIPAAAAAAAAAAAAAAAAAEBCDwAAAAAAAAAAAAAAAABAQg8AAAAAAAAAAAAAAAAAQEIPAAAAAAAAAAAAAAAAAEBCDwAAAAAAAAAAAAAAAABAQg8AAAAAAAAAAAAAAAAAQEIPAAAAAAAAAAAAAAAAAEBCDwAAAAAAAAAAAAAAAABAQg8AAAAAAAAAAAAAAAAAQEIPAAAAAAAAAAAAAAAAAEBCDwAAAAAAAAAAAAAAAABAQg8AAAAAAAAAAAAAAAAAQEIPAAAAAAAAAAAAAAAAAEBCDwAAAAAAAAA=
[2022-02-12T07:55:44.458212000Z DEBUG solana_bpf_loader_program] Program 4uQeVj5tqViQh7yWWGStvkEG1Zmhx6uasJtWCJziofM consumed 24427 of 200000 compute units
[2022-02-12T07:55:44.458289000Z DEBUG solana_program_runtime::stable_log] Program 4uQeVj5tqViQh7yWWGStvkEG1Zmhx6uasJtWCJziofM success
[2022-02-12T07:55:44.459776000Z DEBUG solana_program_runtime::stable_log] Program 8opHzTAnfzRpPEx21XtnrVTX28YQuCpAjcn1PczScKh invoke [1]
[2022-02-12T07:55:44.460874000Z DEBUG solana_program_runtime::stable_log] Program log: Mango: CachePerpMarkets
[2022-02-12T07:55:44.464573000Z DEBUG solana_program_runtime::stable_log] Program log: mango-log
[2022-02-12T07:55:44.467248000Z DEBUG solana_program_runtime::stable_log] Program log: 9lt9JxCzqw5xdA4GcfGyliALQuYkXc4nClpZlDF0SasXF9CRTJ3gvg8AAAAAAAAAAAAAAAEAAAAAAAAAAgAAAAAAAAADAAAAAAAAAAQAAAAAAAAABQAAAAAAAAAGAAAAAAAAAAcAAAAAAAAACAAAAAAAAAAJAAAAAAAAAAoAAAAAAAAACwAAAAAAAAAMAAAAAAAAAA0AAAAAAAAADgAAAAAAAAAPAAAAAAAAAAAAAAAAAAAAAAAAAAAAAAAAAAAAAAAAAAAAAAAAAAAAAAAAAAAAAAAAAAAAAAAAAAAAAAAAAAAAAAAAAAAAAAAAAAAAAAAAAAAAAAAAAAAAAAAAAAAAAAAAAAAAAAAAAAAAAAAAAAAAAAAAAAAAAAAAAAAAAAAAAAAAAAAAAAAAAAAAAAAAAAAAAAAAAAAAAAAAAAAAAAAAAAAAAAAAAAAAAAAAAAAAAAAAAAAAAAAAAAAAAAAAAAAAAAAAAAAAAAAAAAAAAAAAAAAAAAAAAAAAAAAAAAAAAAAAAAAAAAAAAAAAAAAAAAAAAAAADwAAAAAAAAAAAAAAAAAAAAAAAAAAAAAAAAAAAAAAAAAAAAAAAAAAAAAAAAAAAAAAAAAAAAAAAAAAAAAAAAAAAAAAAAAAAAAAAAAAAAAAAAAAAAAAAAAAAAAAAAAAAAAAAAAAAAAAAAAAAAAAAAAAAAAAAAAAAAAAAAAAAAAAAAAAAAAAAAAAAAAAAAAAAAAAAAAAAAAAAAAAAAAAAAAAAAAAAAAAAAAAAAAAAAAAAAAAAAAAAAAAAAAAAAAAAAAAAAAAAAAAAAAAAAAAAAAAAAAAAAAAAAAAAAAAAAAAAAAAAAAAAAAAAAAAAAAAAAAAAAAAAA==
[2022-02-12T07:55:44.467640000Z DEBUG solana_bpf_loader_program] Program 8opHzTAnfzRpPEx21XtnrVTX28YQuCpAjcn1PczScKh consumed 23463 of 200000 compute units
[2022-02-12T07:55:44.467710000Z DEBUG solana_program_runtime::stable_log] Program 8opHzTAnfzRpPEx21XtnrVTX28YQuCpAjcn1PczScKh success
[2022-02-12T07:55:44.471654000Z DEBUG solana_program_runtime::stable_log] Program 4uQeVj5tqViQh7yWWGStvkEG1Zmhx6uasJtWCJziofM invoke [1]
[2022-02-12T07:55:44.472836000Z DEBUG solana_program_runtime::stable_log] Program log: Mango: CachePerpMarkets
[2022-02-12T07:55:44.476669000Z DEBUG solana_program_runtime::stable_log] Program log: mango-log
[2022-02-12T07:55:44.479453000Z DEBUG solana_program_runtime::stable_log] Program log: 9lt9JxCzqw6OnQdEtiC3dVJcJz5F0IHHBUtwK3dCY1dTcqbXUIsiDQ8AAAAAAAAAAAAAAAEAAAAAAAAAAgAAAAAAAAADAAAAAAAAAAQAAAAAAAAABQAAAAAAAAAGAAAAAAAAAAcAAAAAAAAACAAAAAAAAAAJAAAAAAAAAAoAAAAAAAAACwAAAAAAAAAMAAAAAAAAAA0AAAAAAAAADgAAAAAAAAAPAAAAAAAAAAAAAAAAAAAAAAAAAAAAAAAAAAAAAAAAAAAAAAAAAAAAAAAAAAAAAAAAAAAAAAAAAAAAAAAAAAAAAAAAAAAAAAAAAAAAAAAAAAAAAAAAAAAAAAAAAAAAAAAAAAAAAAAAAAAAAAAAAAAAAAAAAAAAAAAAAAAAAAAAAAAAAAAAAAAAAAAAAAAAAAAAAAAAAAAAAAAAAAAAAAAAAAAAAAAAAAAAAAAAAAAAAAAAAAAAAAAAAAAAAAAAAAAAAAAAAAAAAAAAAAAAAAAAAAAAAAAAAAAAAAAAAAAAAAAAAAAAAAAAAAAAAAAAAAAAAAAADwAAAAAAAAAAAAAAAAAAAAAAAAAAAAAAAAAAAAAAAAAAAAAAAAAAAAAAAAAAAAAAAAAAAAAAAAAAAAAAAAAAAAAAAAAAAAAAAAAAAAAAAAAAAAAAAAAAAAAAAAAAAAAAAAAAAAAAAAAAAAAAAAAAAAAAAAAAAAAAAAAAAAAAAAAAAAAAAAAAAAAAAAAAAAAAAAAAAAAAAAAAAAAAAAAAAAAAAAAAAAAAAAAAAAAAAAAAAAAAAAAAAAAAAAAAAAAAAAAAAAAAAAAAAAAAAAAAAAAAAAAAAAAAAAAAAAAAAAAAAAAAAAAAAAAAAAAAAAAAAAAAAA==
[2022-02-12T07:55:44.479861000Z DEBUG solana_bpf_loader_program] Program 4uQeVj5tqViQh7yWWGStvkEG1Zmhx6uasJtWCJziofM consumed 23463 of 200000 compute units
[2022-02-12T07:55:44.479938000Z DEBUG solana_program_runtime::stable_log] Program 4uQeVj5tqViQh7yWWGStvkEG1Zmhx6uasJtWCJziofM success
[2022-02-12T07:55:44.480836000Z DEBUG solana_program_runtime::stable_log] Program 8opHzTAnfzRpPEx21XtnrVTX28YQuCpAjcn1PczScKh invoke [1]
[2022-02-12T07:55:44.481505000Z DEBUG solana_program_runtime::stable_log] Program log: Mango: Deposit
[2022-02-12T07:55:44.490448000Z DEBUG solana_program_runtime::stable_log] Program TokenkegQfeZyiNwAJbNbGKPFXCWuBvf9Ss623VQ5DA invoke [2]
[2022-02-12T07:55:44.490904000Z DEBUG solana_program_runtime::stable_log] Program log: Instruction: Transfer
[2022-02-12T07:55:44.491851000Z DEBUG solana_bpf_loader_program] Program TokenkegQfeZyiNwAJbNbGKPFXCWuBvf9Ss623VQ5DA consumed 3121 of 194218 compute units
[2022-02-12T07:55:44.491911000Z DEBUG solana_program_runtime::stable_log] Program TokenkegQfeZyiNwAJbNbGKPFXCWuBvf9Ss623VQ5DA success
[2022-02-12T07:55:44.493519000Z DEBUG solana_program_runtime::stable_log] Program log: mango-log
[2022-02-12T07:55:44.494271000Z DEBUG solana_program_runtime::stable_log] Program 4uQeVj5tqViQh7yWWGStvkEG1Zmhx6uasJtWCJziofM invoke [1]
[2022-02-12T07:55:44.494296000Z DEBUG solana_program_runtime::stable_log] Program log: F5qwwQsqqPRxdA4GcfGyliALQuYkXc4nClpZlDF0SasXF9CRTJ3gvoWYGTYxRWZSwF8WwSoE6ckGyilogkoE2APMsUfJe2qRDwAAAAAAAAAAAAAAAADwSQIAAAAAAAAAAAAAAAAAAAAAAAAAAAAAAA==
[2022-02-12T07:55:44.494338000Z DEBUG solana_program_runtime::stable_log] Program log: mango-log
[2022-02-12T07:55:44.494952000Z DEBUG solana_program_runtime::stable_log] Program log: Mango: Deposit
[2022-02-12T07:55:44.495167000Z DEBUG solana_program_runtime::stable_log] Program log: jbqo/GyNSF5xdA4GcfGyliALQuYkXc4nClpZlDF0SasXF9CRTJ3gvoWYGTYxRWZSwF8WwSoE6ckGyilogkoE2APMsUfJe2qRVqaIAgsTpiwYMjesrv2dMoXebUlr+k+J7OD2thXkpfQPAAAAAAAAAABcsuwiAAAA
[2022-02-12T07:55:44.495397000Z DEBUG solana_bpf_loader_program] Program 8opHzTAnfzRpPEx21XtnrVTX28YQuCpAjcn1PczScKh consumed 19217 of 200000 compute units
[2022-02-12T07:55:44.495468000Z DEBUG solana_program_runtime::stable_log] Program 8opHzTAnfzRpPEx21XtnrVTX28YQuCpAjcn1PczScKh success
[2022-02-12T07:55:44.503790000Z DEBUG solana_program_runtime::stable_log] Program TokenkegQfeZyiNwAJbNbGKPFXCWuBvf9Ss623VQ5DA invoke [2]
[2022-02-12T07:55:44.504242000Z DEBUG solana_program_runtime::stable_log] Program log: Instruction: Transfer
[2022-02-12T07:55:44.505147000Z DEBUG solana_bpf_loader_program] Program TokenkegQfeZyiNwAJbNbGKPFXCWuBvf9Ss623VQ5DA consumed 3121 of 194218 compute units
[2022-02-12T07:55:44.505209000Z DEBUG solana_program_runtime::stable_log] Program TokenkegQfeZyiNwAJbNbGKPFXCWuBvf9Ss623VQ5DA success
[2022-02-12T07:55:44.506883000Z DEBUG solana_program_runtime::stable_log] Program log: mango-log
[2022-02-12T07:55:44.507666000Z DEBUG solana_program_runtime::stable_log] Program log: F5qwwQsqqPSOnQdEtiC3dVJcJz5F0IHHBUtwK3dCY1dTcqbXUIsiDZ1YCVLZmyxQ0KU0ABh9yM/vMSquwXUF7QGtIfD1O+9BDwAAAAAAAAAAAAAAAADgkwQAAAAAAAAAAAAAAAAAAAAAAAAAAAAAAA==
[2022-02-12T07:55:44.507697000Z DEBUG solana_program_runtime::stable_log] Program log: mango-log
[2022-02-12T07:55:44.508537000Z DEBUG solana_program_runtime::stable_log] Program log: jbqo/GyNSF6OnQdEtiC3dVJcJz5F0IHHBUtwK3dCY1dTcqbXUIsiDZ1YCVLZmyxQ0KU0ABh9yM/vMSquwXUF7QGtIfD1O+9BbZ8O2Fn1ZRiRnabF7CU5PT+SWE1ZGKPrwn5LaxAXF+EPAAAAAAAAAAC4ZNlFAAAA
[2022-02-12T07:55:44.508776000Z DEBUG solana_bpf_loader_program] Program 4uQeVj5tqViQh7yWWGStvkEG1Zmhx6uasJtWCJziofM consumed 19342 of 200000 compute units
[2022-02-12T07:55:44.508877000Z DEBUG solana_program_runtime::stable_log] Program 4uQeVj5tqViQh7yWWGStvkEG1Zmhx6uasJtWCJziofM success
[2022-02-12T07:55:44.523094000Z DEBUG solana_program_runtime::stable_log] Program 4uQeVj5tqViQh7yWWGStvkEG1Zmhx6uasJtWCJziofM invoke [1]
[2022-02-12T07:55:44.523823000Z DEBUG solana_program_runtime::stable_log] Program log: Mango: Deposit
[2022-02-12T07:55:44.532283000Z DEBUG solana_program_runtime::stable_log] Program TokenkegQfeZyiNwAJbNbGKPFXCWuBvf9Ss623VQ5DA invoke [2]
[2022-02-12T07:55:44.532715000Z DEBUG solana_program_runtime::stable_log] Program log: Instruction: Transfer
[2022-02-12T07:55:44.533619000Z DEBUG solana_bpf_loader_program] Program TokenkegQfeZyiNwAJbNbGKPFXCWuBvf9Ss623VQ5DA consumed 3121 of 194804 compute units
[2022-02-12T07:55:44.533674000Z DEBUG solana_program_runtime::stable_log] Program TokenkegQfeZyiNwAJbNbGKPFXCWuBvf9Ss623VQ5DA success
[2022-02-12T07:55:44.535053000Z DEBUG solana_program_runtime::stable_log] Program log: mango-log
[2022-02-12T07:55:44.535867000Z DEBUG solana_program_runtime::stable_log] Program log: F5qwwQsqqPSOnQdEtiC3dVJcJz5F0IHHBUtwK3dCY1dTcqbXUIsiDaOZbiQZfdSDdwAlborYqNufo6b8gH3DR1wLqNUZDpYvAAAAAAAAAAAAAAAAAAAKAAAAAAAAAAAAAAAAAAAAAAAAAAAAAAAAAA==
[2022-02-12T07:55:44.535900000Z DEBUG solana_program_runtime::stable_log] Program log: mango-log
[2022-02-12T07:55:44.536738000Z DEBUG solana_program_runtime::stable_log] Program log: jbqo/GyNSF6OnQdEtiC3dVJcJz5F0IHHBUtwK3dCY1dTcqbXUIsiDaOZbiQZfdSDdwAlborYqNufo6b8gH3DR1wLqNUZDpYvXgIGoiaC4QWMCd7oNfseqTfZQsv7rf4Fv/1rS4EqGqIAAAAAAAAAAICWmAAAAAAA
[2022-02-12T07:55:44.536975000Z DEBUG solana_bpf_loader_program] Program 4uQeVj5tqViQh7yWWGStvkEG1Zmhx6uasJtWCJziofM consumed 17830 of 200000 compute units
[2022-02-12T07:55:44.537069000Z DEBUG solana_program_runtime::stable_log] Program 4uQeVj5tqViQh7yWWGStvkEG1Zmhx6uasJtWCJziofM success
[2022-02-12T07:55:44.538755000Z DEBUG solana_program_runtime::stable_log] Program 8opHzTAnfzRpPEx21XtnrVTX28YQuCpAjcn1PczScKh invoke [1]
[2022-02-12T07:55:44.539886000Z DEBUG solana_program_runtime::stable_log] Program log: Mango: CachePrices
[2022-02-12T07:55:44.543027000Z DEBUG solana_program_runtime::stable_log] Program log: mango-log
[2022-02-12T07:55:44.544888000Z DEBUG solana_program_runtime::stable_log] Program log: ux0uSxX5tBtxdA4GcfGyliALQuYkXc4nClpZlDF0SasXF9CRTJ3gvg8AAAAAAAAAAAAAAAEAAAAAAAAAAgAAAAAAAAADAAAAAAAAAAQAAAAAAAAABQAAAAAAAAAGAAAAAAAAAAcAAAAAAAAACAAAAAAAAAAJAAAAAAAAAAoAAAAAAAAACwAAAAAAAAAMAAAAAAAAAA0AAAAAAAAADgAAAAAAAAAPAAAAAAAAAAAAECcAAAAAAAAAAAAAAAAAABAnAAAAAAAAAAAAAAAAAAAQJwAAAAAAAAAAAAAAAAAAECcAAAAAAAAAAAAAAAAAAAoAAAAAAAAAAAAAAAAAAAAQJwAAAAAAAAAAAAAAAAAAECcAAAAAAAAAAAAAAAAAABAnAAAAAAAAAAAAAAAAAAAQJwAAAAAAAAAAAAAAAAAAECcAAAAAAAAAAAAAAAAAABAnAAAAAAAAAAAAAAAAAAAQJwAAAAAAAAAAAAAAAAAAECcAAAAAAAAAAAAAAAAAABAnAAAAAAAAAAAAAAAAAAAQJwAAAAAAAAAA
[2022-02-12T07:55:44.545288000Z DEBUG solana_bpf_loader_program] Program 8opHzTAnfzRpPEx21XtnrVTX28YQuCpAjcn1PczScKh consumed 18318 of 200000 compute units
[2022-02-12T07:55:44.545367000Z DEBUG solana_program_runtime::stable_log] Program 8opHzTAnfzRpPEx21XtnrVTX28YQuCpAjcn1PczScKh success
[2022-02-12T07:55:44.550811000Z DEBUG solana_program_runtime::stable_log] Program 4uQeVj5tqViQh7yWWGStvkEG1Zmhx6uasJtWCJziofM invoke [1]
[2022-02-12T07:55:44.551512000Z DEBUG solana_program_runtime::stable_log] Program log: Mango: Deposit
[2022-02-12T07:55:44.555664000Z DEBUG solana_program_runtime::stable_log] Program 8opHzTAnfzRpPEx21XtnrVTX28YQuCpAjcn1PczScKh invoke [1]
[2022-02-12T07:55:44.556058000Z DEBUG solana_program_runtime::stable_log] Program log: Mango: UpdateRootBank
[2022-02-12T07:55:44.557874000Z DEBUG solana_program_runtime::stable_log] Program log: mango-log
[2022-02-12T07:55:44.558494000Z DEBUG solana_program_runtime::stable_log] Program log: 8HmBNKTUaLhxdA4GcfGyliALQuYkXc4nClpZlDF0SasXF9CRTJ3gvgAAAAAAAAAAAAAAAAAAQEIPAAAAAAAAAAAAAAAAAEBCDwAAAAAAAAA=
[2022-02-12T07:55:44.558621000Z DEBUG solana_bpf_loader_program] Program 8opHzTAnfzRpPEx21XtnrVTX28YQuCpAjcn1PczScKh consumed 8519 of 200000 compute units
[2022-02-12T07:55:44.558677000Z DEBUG solana_program_runtime::stable_log] Program 8opHzTAnfzRpPEx21XtnrVTX28YQuCpAjcn1PczScKh success
[2022-02-12T07:55:44.560304000Z DEBUG solana_program_runtime::stable_log] Program TokenkegQfeZyiNwAJbNbGKPFXCWuBvf9Ss623VQ5DA invoke [2]
[2022-02-12T07:55:44.560768000Z DEBUG solana_program_runtime::stable_log] Program log: Instruction: Transfer
[2022-02-12T07:55:44.561715000Z DEBUG solana_bpf_loader_program] Program TokenkegQfeZyiNwAJbNbGKPFXCWuBvf9Ss623VQ5DA consumed 3121 of 194764 compute units
[2022-02-12T07:55:44.561776000Z DEBUG solana_program_runtime::stable_log] Program TokenkegQfeZyiNwAJbNbGKPFXCWuBvf9Ss623VQ5DA success
[2022-02-12T07:55:44.563137000Z DEBUG solana_program_runtime::stable_log] Program log: mango-log
[2022-02-12T07:55:44.563905000Z DEBUG solana_program_runtime::stable_log] Program log: F5qwwQsqqPSOnQdEtiC3dVJcJz5F0IHHBUtwK3dCY1dTcqbXUIsiDaOZbiQZfdSDdwAlborYqNufo6b8gH3DR1wLqNUZDpYvAQAAAAAAAAAAAAAAAAAKAAAAAAAAAAAAAAAAAAAAAAAAAAAAAAAAAA==
[2022-02-12T07:55:44.563935000Z DEBUG solana_program_runtime::stable_log] Program log: mango-log
[2022-02-12T07:55:44.564771000Z DEBUG solana_program_runtime::stable_log] Program log: jbqo/GyNSF6OnQdEtiC3dVJcJz5F0IHHBUtwK3dCY1dTcqbXUIsiDaOZbiQZfdSDdwAlborYqNufo6b8gH3DR1wLqNUZDpYvXgIGoiaC4QWMCd7oNfseqTfZQsv7rf4Fv/1rS4EqGqIBAAAAAAAAAICWmAAAAAAA
[2022-02-12T07:55:44.565004000Z DEBUG solana_bpf_loader_program] Program 4uQeVj5tqViQh7yWWGStvkEG1Zmhx6uasJtWCJziofM consumed 17870 of 200000 compute units
[2022-02-12T07:55:44.565077000Z DEBUG solana_program_runtime::stable_log] Program 4uQeVj5tqViQh7yWWGStvkEG1Zmhx6uasJtWCJziofM success
[2022-02-12T07:55:44.568920000Z DEBUG solana_program_runtime::stable_log] Program 8opHzTAnfzRpPEx21XtnrVTX28YQuCpAjcn1PczScKh invoke [1]
[2022-02-12T07:55:44.569333000Z DEBUG solana_program_runtime::stable_log] Program log: Mango: UpdateRootBank
[2022-02-12T07:55:44.571163000Z DEBUG solana_program_runtime::stable_log] Program log: mango-log
[2022-02-12T07:55:44.571783000Z DEBUG solana_program_runtime::stable_log] Program log: 8HmBNKTUaLhxdA4GcfGyliALQuYkXc4nClpZlDF0SasXF9CRTJ3gvgEAAAAAAAAAAAAAAAAAQEIPAAAAAAAAAAAAAAAAAEBCDwAAAAAAAAA=
[2022-02-12T07:55:44.571908000Z DEBUG solana_bpf_loader_program] Program 8opHzTAnfzRpPEx21XtnrVTX28YQuCpAjcn1PczScKh consumed 8559 of 200000 compute units
[2022-02-12T07:55:44.571964000Z DEBUG solana_program_runtime::stable_log] Program 8opHzTAnfzRpPEx21XtnrVTX28YQuCpAjcn1PczScKh success
[2022-02-12T07:55:44.578066000Z DEBUG solana_program_runtime::stable_log] Program 4uQeVj5tqViQh7yWWGStvkEG1Zmhx6uasJtWCJziofM invoke [1]
[2022-02-12T07:55:44.578761000Z DEBUG solana_program_runtime::stable_log] Program log: Mango: Deposit
[2022-02-12T07:55:44.582274000Z DEBUG solana_program_runtime::stable_log] Program 8opHzTAnfzRpPEx21XtnrVTX28YQuCpAjcn1PczScKh invoke [1]
[2022-02-12T07:55:44.582665000Z DEBUG solana_program_runtime::stable_log] Program log: Mango: UpdateRootBank
[2022-02-12T07:55:44.584496000Z DEBUG solana_program_runtime::stable_log] Program log: mango-log
[2022-02-12T07:55:44.585118000Z DEBUG solana_program_runtime::stable_log] Program log: 8HmBNKTUaLhxdA4GcfGyliALQuYkXc4nClpZlDF0SasXF9CRTJ3gvgIAAAAAAAAAAAAAAAAAQEIPAAAAAAAAAAAAAAAAAEBCDwAAAAAAAAA=
[2022-02-12T07:55:44.585245000Z DEBUG solana_bpf_loader_program] Program 8opHzTAnfzRpPEx21XtnrVTX28YQuCpAjcn1PczScKh consumed 8598 of 200000 compute units
[2022-02-12T07:55:44.585299000Z DEBUG solana_program_runtime::stable_log] Program 8opHzTAnfzRpPEx21XtnrVTX28YQuCpAjcn1PczScKh success
[2022-02-12T07:55:44.587457000Z DEBUG solana_program_runtime::stable_log] Program TokenkegQfeZyiNwAJbNbGKPFXCWuBvf9Ss623VQ5DA invoke [2]
[2022-02-12T07:55:44.587899000Z DEBUG solana_program_runtime::stable_log] Program log: Instruction: Transfer
[2022-02-12T07:55:44.588806000Z DEBUG solana_bpf_loader_program] Program TokenkegQfeZyiNwAJbNbGKPFXCWuBvf9Ss623VQ5DA consumed 3121 of 194725 compute units
[2022-02-12T07:55:44.588871000Z DEBUG solana_program_runtime::stable_log] Program TokenkegQfeZyiNwAJbNbGKPFXCWuBvf9Ss623VQ5DA success
[2022-02-12T07:55:44.590180000Z DEBUG solana_program_runtime::stable_log] Program log: mango-log
[2022-02-12T07:55:44.590918000Z DEBUG solana_program_runtime::stable_log] Program log: F5qwwQsqqPSOnQdEtiC3dVJcJz5F0IHHBUtwK3dCY1dTcqbXUIsiDaOZbiQZfdSDdwAlborYqNufo6b8gH3DR1wLqNUZDpYvAgAAAAAAAAAAAAAAAAAKAAAAAAAAAAAAAAAAAAAAAAAAAAAAAAAAAA==
[2022-02-12T07:55:44.590948000Z DEBUG solana_program_runtime::stable_log] Program log: mango-log
[2022-02-12T07:55:44.591754000Z DEBUG solana_program_runtime::stable_log] Program log: jbqo/GyNSF6OnQdEtiC3dVJcJz5F0IHHBUtwK3dCY1dTcqbXUIsiDaOZbiQZfdSDdwAlborYqNufo6b8gH3DR1wLqNUZDpYvXgIGoiaC4QWMCd7oNfseqTfZQsv7rf4Fv/1rS4EqGqICAAAAAAAAAICWmAAAAAAA
[2022-02-12T07:55:44.591981000Z DEBUG solana_bpf_loader_program] Program 4uQeVj5tqViQh7yWWGStvkEG1Zmhx6uasJtWCJziofM consumed 17909 of 200000 compute units
[2022-02-12T07:55:44.592057000Z DEBUG solana_program_runtime::stable_log] Program 4uQeVj5tqViQh7yWWGStvkEG1Zmhx6uasJtWCJziofM success
[2022-02-12T07:55:44.595323000Z DEBUG solana_program_runtime::stable_log] Program 8opHzTAnfzRpPEx21XtnrVTX28YQuCpAjcn1PczScKh invoke [1]
[2022-02-12T07:55:44.595745000Z DEBUG solana_program_runtime::stable_log] Program log: Mango: UpdateRootBank
[2022-02-12T07:55:44.597619000Z DEBUG solana_program_runtime::stable_log] Program log: mango-log
[2022-02-12T07:55:44.598252000Z DEBUG solana_program_runtime::stable_log] Program log: 8HmBNKTUaLhxdA4GcfGyliALQuYkXc4nClpZlDF0SasXF9CRTJ3gvgMAAAAAAAAAAAAAAAAAQEIPAAAAAAAAAAAAAAAAAEBCDwAAAAAAAAA=
[2022-02-12T07:55:44.598383000Z DEBUG solana_bpf_loader_program] Program 8opHzTAnfzRpPEx21XtnrVTX28YQuCpAjcn1PczScKh consumed 8637 of 200000 compute units
[2022-02-12T07:55:44.598442000Z DEBUG solana_program_runtime::stable_log] Program 8opHzTAnfzRpPEx21XtnrVTX28YQuCpAjcn1PczScKh success
[2022-02-12T07:55:44.605251000Z DEBUG solana_program_runtime::stable_log] Program 4uQeVj5tqViQh7yWWGStvkEG1Zmhx6uasJtWCJziofM invoke [1]
[2022-02-12T07:55:44.605906000Z DEBUG solana_program_runtime::stable_log] Program log: Mango: Deposit
[2022-02-12T07:55:44.608462000Z DEBUG solana_program_runtime::stable_log] Program 8opHzTAnfzRpPEx21XtnrVTX28YQuCpAjcn1PczScKh invoke [1]
[2022-02-12T07:55:44.608854000Z DEBUG solana_program_runtime::stable_log] Program log: Mango: UpdateRootBank
[2022-02-12T07:55:44.610695000Z DEBUG solana_program_runtime::stable_log] Program log: mango-log
[2022-02-12T07:55:44.611325000Z DEBUG solana_program_runtime::stable_log] Program log: 8HmBNKTUaLhxdA4GcfGyliALQuYkXc4nClpZlDF0SasXF9CRTJ3gvgQAAAAAAAAAAAAAAAAAQEIPAAAAAAAAAAAAAAAAAEBCDwAAAAAAAAA=
[2022-02-12T07:55:44.611457000Z DEBUG solana_bpf_loader_program] Program 8opHzTAnfzRpPEx21XtnrVTX28YQuCpAjcn1PczScKh consumed 8676 of 200000 compute units
[2022-02-12T07:55:44.611515000Z DEBUG solana_program_runtime::stable_log] Program 8opHzTAnfzRpPEx21XtnrVTX28YQuCpAjcn1PczScKh success
[2022-02-12T07:55:44.614485000Z DEBUG solana_program_runtime::stable_log] Program TokenkegQfeZyiNwAJbNbGKPFXCWuBvf9Ss623VQ5DA invoke [2]
[2022-02-12T07:55:44.614931000Z DEBUG solana_program_runtime::stable_log] Program log: Instruction: Transfer
[2022-02-12T07:55:44.615861000Z DEBUG solana_bpf_loader_program] Program TokenkegQfeZyiNwAJbNbGKPFXCWuBvf9Ss623VQ5DA consumed 3121 of 194686 compute units
[2022-02-12T07:55:44.615917000Z DEBUG solana_program_runtime::stable_log] Program TokenkegQfeZyiNwAJbNbGKPFXCWuBvf9Ss623VQ5DA success
[2022-02-12T07:55:44.617246000Z DEBUG solana_program_runtime::stable_log] Program log: mango-log
[2022-02-12T07:55:44.617986000Z DEBUG solana_program_runtime::stable_log] Program log: F5qwwQsqqPSOnQdEtiC3dVJcJz5F0IHHBUtwK3dCY1dTcqbXUIsiDaOZbiQZfdSDdwAlborYqNufo6b8gH3DR1wLqNUZDpYvAwAAAAAAAAAAAAAAAAAKAAAAAAAAAAAAAAAAAAAAAAAAAAAAAAAAAA==
[2022-02-12T07:55:44.618016000Z DEBUG solana_program_runtime::stable_log] Program log: mango-log
[2022-02-12T07:55:44.618820000Z DEBUG solana_program_runtime::stable_log] Program log: jbqo/GyNSF6OnQdEtiC3dVJcJz5F0IHHBUtwK3dCY1dTcqbXUIsiDaOZbiQZfdSDdwAlborYqNufo6b8gH3DR1wLqNUZDpYvXgIGoiaC4QWMCd7oNfseqTfZQsv7rf4Fv/1rS4EqGqIDAAAAAAAAAICWmAAAAAAA
[2022-02-12T07:55:44.619050000Z DEBUG solana_bpf_loader_program] Program 4uQeVj5tqViQh7yWWGStvkEG1Zmhx6uasJtWCJziofM consumed 17948 of 200000 compute units
[2022-02-12T07:55:44.619123000Z DEBUG solana_program_runtime::stable_log] Program 4uQeVj5tqViQh7yWWGStvkEG1Zmhx6uasJtWCJziofM success
[2022-02-12T07:55:44.622331000Z DEBUG solana_program_runtime::stable_log] Program 8opHzTAnfzRpPEx21XtnrVTX28YQuCpAjcn1PczScKh invoke [1]
[2022-02-12T07:55:44.622711000Z DEBUG solana_program_runtime::stable_log] Program log: Mango: UpdateRootBank
[2022-02-12T07:55:44.624566000Z DEBUG solana_program_runtime::stable_log] Program log: mango-log
[2022-02-12T07:55:44.625206000Z DEBUG solana_program_runtime::stable_log] Program log: 8HmBNKTUaLhxdA4GcfGyliALQuYkXc4nClpZlDF0SasXF9CRTJ3gvgUAAAAAAAAAAAAAAAAAQEIPAAAAAAAAAAAAAAAAAEBCDwAAAAAAAAA=
[2022-02-12T07:55:44.625343000Z DEBUG solana_bpf_loader_program] Program 8opHzTAnfzRpPEx21XtnrVTX28YQuCpAjcn1PczScKh consumed 8715 of 200000 compute units
[2022-02-12T07:55:44.625416000Z DEBUG solana_program_runtime::stable_log] Program 8opHzTAnfzRpPEx21XtnrVTX28YQuCpAjcn1PczScKh success
[2022-02-12T07:55:44.632225000Z DEBUG solana_program_runtime::stable_log] Program 4uQeVj5tqViQh7yWWGStvkEG1Zmhx6uasJtWCJziofM invoke [1]
[2022-02-12T07:55:44.632884000Z DEBUG solana_program_runtime::stable_log] Program log: Mango: Deposit
[2022-02-12T07:55:44.635822000Z DEBUG solana_program_runtime::stable_log] Program 8opHzTAnfzRpPEx21XtnrVTX28YQuCpAjcn1PczScKh invoke [1]
[2022-02-12T07:55:44.636214000Z DEBUG solana_program_runtime::stable_log] Program log: Mango: UpdateRootBank
[2022-02-12T07:55:44.638118000Z DEBUG solana_program_runtime::stable_log] Program log: mango-log
[2022-02-12T07:55:44.638759000Z DEBUG solana_program_runtime::stable_log] Program log: 8HmBNKTUaLhxdA4GcfGyliALQuYkXc4nClpZlDF0SasXF9CRTJ3gvgYAAAAAAAAAAAAAAAAAQEIPAAAAAAAAAAAAAAAAAEBCDwAAAAAAAAA=
[2022-02-12T07:55:44.638890000Z DEBUG solana_bpf_loader_program] Program 8opHzTAnfzRpPEx21XtnrVTX28YQuCpAjcn1PczScKh consumed 8754 of 200000 compute units
[2022-02-12T07:55:44.638947000Z DEBUG solana_program_runtime::stable_log] Program 8opHzTAnfzRpPEx21XtnrVTX28YQuCpAjcn1PczScKh success
[2022-02-12T07:55:44.641424000Z DEBUG solana_program_runtime::stable_log] Program TokenkegQfeZyiNwAJbNbGKPFXCWuBvf9Ss623VQ5DA invoke [2]
[2022-02-12T07:55:44.641873000Z DEBUG solana_program_runtime::stable_log] Program log: Instruction: Transfer
[2022-02-12T07:55:44.642804000Z DEBUG solana_bpf_loader_program] Program TokenkegQfeZyiNwAJbNbGKPFXCWuBvf9Ss623VQ5DA consumed 3121 of 194647 compute units
[2022-02-12T07:55:44.642866000Z DEBUG solana_program_runtime::stable_log] Program TokenkegQfeZyiNwAJbNbGKPFXCWuBvf9Ss623VQ5DA success
[2022-02-12T07:55:44.644376000Z DEBUG solana_program_runtime::stable_log] Program log: mango-log
[2022-02-12T07:55:44.645147000Z DEBUG solana_program_runtime::stable_log] Program log: F5qwwQsqqPSOnQdEtiC3dVJcJz5F0IHHBUtwK3dCY1dTcqbXUIsiDaOZbiQZfdSDdwAlborYqNufo6b8gH3DR1wLqNUZDpYvBAAAAAAAAAAAAAAAAAAQJwAAAAAAAAAAAAAAAAAAAAAAAAAAAAAAAA==
[2022-02-12T07:55:44.645176000Z DEBUG solana_program_runtime::stable_log] Program log: mango-log
[2022-02-12T07:55:44.646004000Z DEBUG solana_program_runtime::stable_log] Program log: jbqo/GyNSF6OnQdEtiC3dVJcJz5F0IHHBUtwK3dCY1dTcqbXUIsiDaOZbiQZfdSDdwAlborYqNufo6b8gH3DR1wLqNUZDpYvXgIGoiaC4QWMCd7oNfseqTfZQsv7rf4Fv/1rS4EqGqIEAAAAAAAAAADkC1QCAAAA
[2022-02-12T07:55:44.646235000Z DEBUG solana_bpf_loader_program] Program 4uQeVj5tqViQh7yWWGStvkEG1Zmhx6uasJtWCJziofM consumed 18491 of 200000 compute units
[2022-02-12T07:55:44.646313000Z DEBUG solana_program_runtime::stable_log] Program 4uQeVj5tqViQh7yWWGStvkEG1Zmhx6uasJtWCJziofM success
[2022-02-12T07:55:44.650367000Z DEBUG solana_program_runtime::stable_log] Program 8opHzTAnfzRpPEx21XtnrVTX28YQuCpAjcn1PczScKh invoke [1]
[2022-02-12T07:55:44.650773000Z DEBUG solana_program_runtime::stable_log] Program log: Mango: UpdateRootBank
[2022-02-12T07:55:44.652711000Z DEBUG solana_program_runtime::stable_log] Program log: mango-log
[2022-02-12T07:55:44.653342000Z DEBUG solana_program_runtime::stable_log] Program log: 8HmBNKTUaLhxdA4GcfGyliALQuYkXc4nClpZlDF0SasXF9CRTJ3gvgcAAAAAAAAAAAAAAAAAQEIPAAAAAAAAAAAAAAAAAEBCDwAAAAAAAAA=
[2022-02-12T07:55:44.653468000Z DEBUG solana_bpf_loader_program] Program 8opHzTAnfzRpPEx21XtnrVTX28YQuCpAjcn1PczScKh consumed 8793 of 200000 compute units
[2022-02-12T07:55:44.653526000Z DEBUG solana_program_runtime::stable_log] Program 8opHzTAnfzRpPEx21XtnrVTX28YQuCpAjcn1PczScKh success
[2022-02-12T07:55:44.660064000Z DEBUG solana_program_runtime::stable_log] Program 4uQeVj5tqViQh7yWWGStvkEG1Zmhx6uasJtWCJziofM invoke [1]
[2022-02-12T07:55:44.660770000Z DEBUG solana_program_runtime::stable_log] Program log: Mango: Deposit
[2022-02-12T07:55:44.665857000Z DEBUG solana_program_runtime::stable_log] Program 8opHzTAnfzRpPEx21XtnrVTX28YQuCpAjcn1PczScKh invoke [1]
[2022-02-12T07:55:44.666246000Z DEBUG solana_program_runtime::stable_log] Program log: Mango: UpdateRootBank
[2022-02-12T07:55:44.668166000Z DEBUG solana_program_runtime::stable_log] Program log: mango-log
[2022-02-12T07:55:44.668789000Z DEBUG solana_program_runtime::stable_log] Program log: 8HmBNKTUaLhxdA4GcfGyliALQuYkXc4nClpZlDF0SasXF9CRTJ3gvggAAAAAAAAAAAAAAAAAQEIPAAAAAAAAAAAAAAAAAEBCDwAAAAAAAAA=
[2022-02-12T07:55:44.668915000Z DEBUG solana_bpf_loader_program] Program 8opHzTAnfzRpPEx21XtnrVTX28YQuCpAjcn1PczScKh consumed 8832 of 200000 compute units
[2022-02-12T07:55:44.668972000Z DEBUG solana_program_runtime::stable_log] Program 8opHzTAnfzRpPEx21XtnrVTX28YQuCpAjcn1PczScKh success
[2022-02-12T07:55:44.669481000Z DEBUG solana_program_runtime::stable_log] Program TokenkegQfeZyiNwAJbNbGKPFXCWuBvf9Ss623VQ5DA invoke [2]
[2022-02-12T07:55:44.669951000Z DEBUG solana_program_runtime::stable_log] Program log: Instruction: Transfer
[2022-02-12T07:55:44.670894000Z DEBUG solana_bpf_loader_program] Program TokenkegQfeZyiNwAJbNbGKPFXCWuBvf9Ss623VQ5DA consumed 3121 of 194608 compute units
[2022-02-12T07:55:44.670953000Z DEBUG solana_program_runtime::stable_log] Program TokenkegQfeZyiNwAJbNbGKPFXCWuBvf9Ss623VQ5DA success
[2022-02-12T07:55:44.672318000Z DEBUG solana_program_runtime::stable_log] Program log: mango-log
[2022-02-12T07:55:44.673101000Z DEBUG solana_program_runtime::stable_log] Program log: F5qwwQsqqPSOnQdEtiC3dVJcJz5F0IHHBUtwK3dCY1dTcqbXUIsiDaOZbiQZfdSDdwAlborYqNufo6b8gH3DR1wLqNUZDpYvBQAAAAAAAAAAAAAAAAAKAAAAAAAAAAAAAAAAAAAAAAAAAAAAAAAAAA==
[2022-02-12T07:55:44.673131000Z DEBUG solana_program_runtime::stable_log] Program log: mango-log
[2022-02-12T07:55:44.673974000Z DEBUG solana_program_runtime::stable_log] Program log: jbqo/GyNSF6OnQdEtiC3dVJcJz5F0IHHBUtwK3dCY1dTcqbXUIsiDaOZbiQZfdSDdwAlborYqNufo6b8gH3DR1wLqNUZDpYvXgIGoiaC4QWMCd7oNfseqTfZQsv7rf4Fv/1rS4EqGqIFAAAAAAAAAICWmAAAAAAA
[2022-02-12T07:55:44.674207000Z DEBUG solana_bpf_loader_program] Program 4uQeVj5tqViQh7yWWGStvkEG1Zmhx6uasJtWCJziofM consumed 18026 of 200000 compute units
[2022-02-12T07:55:44.674281000Z DEBUG solana_program_runtime::stable_log] Program 4uQeVj5tqViQh7yWWGStvkEG1Zmhx6uasJtWCJziofM success
[2022-02-12T07:55:44.680464000Z DEBUG solana_program_runtime::stable_log] Program 8opHzTAnfzRpPEx21XtnrVTX28YQuCpAjcn1PczScKh invoke [1]
[2022-02-12T07:55:44.680871000Z DEBUG solana_program_runtime::stable_log] Program log: Mango: UpdateRootBank
[2022-02-12T07:55:44.682816000Z DEBUG solana_program_runtime::stable_log] Program log: mango-log
[2022-02-12T07:55:44.683435000Z DEBUG solana_program_runtime::stable_log] Program log: 8HmBNKTUaLhxdA4GcfGyliALQuYkXc4nClpZlDF0SasXF9CRTJ3gvgkAAAAAAAAAAAAAAAAAQEIPAAAAAAAAAAAAAAAAAEBCDwAAAAAAAAA=
[2022-02-12T07:55:44.683564000Z DEBUG solana_bpf_loader_program] Program 8opHzTAnfzRpPEx21XtnrVTX28YQuCpAjcn1PczScKh consumed 8871 of 200000 compute units
[2022-02-12T07:55:44.683625000Z DEBUG solana_program_runtime::stable_log] Program 8opHzTAnfzRpPEx21XtnrVTX28YQuCpAjcn1PczScKh success
[2022-02-12T07:55:44.688467000Z DEBUG solana_program_runtime::stable_log] Program 4uQeVj5tqViQh7yWWGStvkEG1Zmhx6uasJtWCJziofM invoke [1]
[2022-02-12T07:55:44.689167000Z DEBUG solana_program_runtime::stable_log] Program log: Mango: Deposit
[2022-02-12T07:55:44.694785000Z DEBUG solana_program_runtime::stable_log] Program 8opHzTAnfzRpPEx21XtnrVTX28YQuCpAjcn1PczScKh invoke [1]
[2022-02-12T07:55:44.695184000Z DEBUG solana_program_runtime::stable_log] Program log: Mango: UpdateRootBank
[2022-02-12T07:55:44.697125000Z DEBUG solana_program_runtime::stable_log] Program log: mango-log
[2022-02-12T07:55:44.697746000Z DEBUG solana_program_runtime::stable_log] Program log: 8HmBNKTUaLhxdA4GcfGyliALQuYkXc4nClpZlDF0SasXF9CRTJ3gvgoAAAAAAAAAAAAAAAAAQEIPAAAAAAAAAAAAAAAAAEBCDwAAAAAAAAA=
[2022-02-12T07:55:44.697876000Z DEBUG solana_bpf_loader_program] Program 8opHzTAnfzRpPEx21XtnrVTX28YQuCpAjcn1PczScKh consumed 8910 of 200000 compute units
[2022-02-12T07:55:44.697887000Z DEBUG solana_program_runtime::stable_log] Program TokenkegQfeZyiNwAJbNbGKPFXCWuBvf9Ss623VQ5DA invoke [2]
[2022-02-12T07:55:44.697934000Z DEBUG solana_program_runtime::stable_log] Program 8opHzTAnfzRpPEx21XtnrVTX28YQuCpAjcn1PczScKh success
[2022-02-12T07:55:44.698336000Z DEBUG solana_program_runtime::stable_log] Program log: Instruction: Transfer
[2022-02-12T07:55:44.699351000Z DEBUG solana_bpf_loader_program] Program TokenkegQfeZyiNwAJbNbGKPFXCWuBvf9Ss623VQ5DA consumed 3121 of 194569 compute units
[2022-02-12T07:55:44.699421000Z DEBUG solana_program_runtime::stable_log] Program TokenkegQfeZyiNwAJbNbGKPFXCWuBvf9Ss623VQ5DA success
[2022-02-12T07:55:44.700735000Z DEBUG solana_program_runtime::stable_log] Program log: mango-log
[2022-02-12T07:55:44.701480000Z DEBUG solana_program_runtime::stable_log] Program log: F5qwwQsqqPSOnQdEtiC3dVJcJz5F0IHHBUtwK3dCY1dTcqbXUIsiDaOZbiQZfdSDdwAlborYqNufo6b8gH3DR1wLqNUZDpYvBgAAAAAAAAAAAAAAAAAKAAAAAAAAAAAAAAAAAAAAAAAAAAAAAAAAAA==
[2022-02-12T07:55:44.701510000Z DEBUG solana_program_runtime::stable_log] Program log: mango-log
[2022-02-12T07:55:44.702312000Z DEBUG solana_program_runtime::stable_log] Program log: jbqo/GyNSF6OnQdEtiC3dVJcJz5F0IHHBUtwK3dCY1dTcqbXUIsiDaOZbiQZfdSDdwAlborYqNufo6b8gH3DR1wLqNUZDpYvXgIGoiaC4QWMCd7oNfseqTfZQsv7rf4Fv/1rS4EqGqIGAAAAAAAAAICWmAAAAAAA
[2022-02-12T07:55:44.702535000Z DEBUG solana_bpf_loader_program] Program 4uQeVj5tqViQh7yWWGStvkEG1Zmhx6uasJtWCJziofM consumed 18065 of 200000 compute units
[2022-02-12T07:55:44.702607000Z DEBUG solana_program_runtime::stable_log] Program 4uQeVj5tqViQh7yWWGStvkEG1Zmhx6uasJtWCJziofM success
[2022-02-12T07:55:44.708981000Z DEBUG solana_program_runtime::stable_log] Program 8opHzTAnfzRpPEx21XtnrVTX28YQuCpAjcn1PczScKh invoke [1]
[2022-02-12T07:55:44.709408000Z DEBUG solana_program_runtime::stable_log] Program log: Mango: UpdateRootBank
[2022-02-12T07:55:44.711377000Z DEBUG solana_program_runtime::stable_log] Program log: mango-log
[2022-02-12T07:55:44.711999000Z DEBUG solana_program_runtime::stable_log] Program log: 8HmBNKTUaLhxdA4GcfGyliALQuYkXc4nClpZlDF0SasXF9CRTJ3gvgsAAAAAAAAAAAAAAAAAQEIPAAAAAAAAAAAAAAAAAEBCDwAAAAAAAAA=
[2022-02-12T07:55:44.712135000Z DEBUG solana_bpf_loader_program] Program 8opHzTAnfzRpPEx21XtnrVTX28YQuCpAjcn1PczScKh consumed 8949 of 200000 compute units
[2022-02-12T07:55:44.712197000Z DEBUG solana_program_runtime::stable_log] Program 8opHzTAnfzRpPEx21XtnrVTX28YQuCpAjcn1PczScKh success
[2022-02-12T07:55:44.715822000Z DEBUG solana_program_runtime::stable_log] Program 4uQeVj5tqViQh7yWWGStvkEG1Zmhx6uasJtWCJziofM invoke [1]
[2022-02-12T07:55:44.716530000Z DEBUG solana_program_runtime::stable_log] Program log: Mango: Deposit
[2022-02-12T07:55:44.723594000Z DEBUG solana_program_runtime::stable_log] Program 8opHzTAnfzRpPEx21XtnrVTX28YQuCpAjcn1PczScKh invoke [1]
[2022-02-12T07:55:44.723987000Z DEBUG solana_program_runtime::stable_log] Program log: Mango: UpdateRootBank
[2022-02-12T07:55:44.725371000Z DEBUG solana_program_runtime::stable_log] Program TokenkegQfeZyiNwAJbNbGKPFXCWuBvf9Ss623VQ5DA invoke [2]
[2022-02-12T07:55:44.725832000Z DEBUG solana_program_runtime::stable_log] Program log: Instruction: Transfer
[2022-02-12T07:55:44.725961000Z DEBUG solana_program_runtime::stable_log] Program log: mango-log
[2022-02-12T07:55:44.726580000Z DEBUG solana_program_runtime::stable_log] Program log: 8HmBNKTUaLhxdA4GcfGyliALQuYkXc4nClpZlDF0SasXF9CRTJ3gvgwAAAAAAAAAAAAAAAAAQEIPAAAAAAAAAAAAAAAAAEBCDwAAAAAAAAA=
[2022-02-12T07:55:44.726709000Z DEBUG solana_bpf_loader_program] Program 8opHzTAnfzRpPEx21XtnrVTX28YQuCpAjcn1PczScKh consumed 8988 of 200000 compute units
[2022-02-12T07:55:44.726763000Z DEBUG solana_program_runtime::stable_log] Program 8opHzTAnfzRpPEx21XtnrVTX28YQuCpAjcn1PczScKh success
[2022-02-12T07:55:44.726773000Z DEBUG solana_bpf_loader_program] Program TokenkegQfeZyiNwAJbNbGKPFXCWuBvf9Ss623VQ5DA consumed 3121 of 194530 compute units
[2022-02-12T07:55:44.726828000Z DEBUG solana_program_runtime::stable_log] Program TokenkegQfeZyiNwAJbNbGKPFXCWuBvf9Ss623VQ5DA success
[2022-02-12T07:55:44.728213000Z DEBUG solana_program_runtime::stable_log] Program log: mango-log
[2022-02-12T07:55:44.728994000Z DEBUG solana_program_runtime::stable_log] Program log: F5qwwQsqqPSOnQdEtiC3dVJcJz5F0IHHBUtwK3dCY1dTcqbXUIsiDaOZbiQZfdSDdwAlborYqNufo6b8gH3DR1wLqNUZDpYvBwAAAAAAAAAAAAAAAAAKAAAAAAAAAAAAAAAAAAAAAAAAAAAAAAAAAA==
[2022-02-12T07:55:44.729024000Z DEBUG solana_program_runtime::stable_log] Program log: mango-log
[2022-02-12T07:55:44.729865000Z DEBUG solana_program_runtime::stable_log] Program log: jbqo/GyNSF6OnQdEtiC3dVJcJz5F0IHHBUtwK3dCY1dTcqbXUIsiDaOZbiQZfdSDdwAlborYqNufo6b8gH3DR1wLqNUZDpYvXgIGoiaC4QWMCd7oNfseqTfZQsv7rf4Fv/1rS4EqGqIHAAAAAAAAAICWmAAAAAAA
[2022-02-12T07:55:44.730094000Z DEBUG solana_bpf_loader_program] Program 4uQeVj5tqViQh7yWWGStvkEG1Zmhx6uasJtWCJziofM consumed 18104 of 200000 compute units
[2022-02-12T07:55:44.730169000Z DEBUG solana_program_runtime::stable_log] Program 4uQeVj5tqViQh7yWWGStvkEG1Zmhx6uasJtWCJziofM success
[2022-02-12T07:55:44.737994000Z DEBUG solana_program_runtime::stable_log] Program 8opHzTAnfzRpPEx21XtnrVTX28YQuCpAjcn1PczScKh invoke [1]
[2022-02-12T07:55:44.738416000Z DEBUG solana_program_runtime::stable_log] Program log: Mango: UpdateRootBank
[2022-02-12T07:55:44.740399000Z DEBUG solana_program_runtime::stable_log] Program log: mango-log
[2022-02-12T07:55:44.741026000Z DEBUG solana_program_runtime::stable_log] Program log: 8HmBNKTUaLhxdA4GcfGyliALQuYkXc4nClpZlDF0SasXF9CRTJ3gvg0AAAAAAAAAAAAAAAAAQEIPAAAAAAAAAAAAAAAAAEBCDwAAAAAAAAA=
[2022-02-12T07:55:44.741153000Z DEBUG solana_bpf_loader_program] Program 8opHzTAnfzRpPEx21XtnrVTX28YQuCpAjcn1PczScKh consumed 9027 of 200000 compute units
[2022-02-12T07:55:44.741215000Z DEBUG solana_program_runtime::stable_log] Program 8opHzTAnfzRpPEx21XtnrVTX28YQuCpAjcn1PczScKh success
[2022-02-12T07:55:44.744452000Z DEBUG solana_program_runtime::stable_log] Program 4uQeVj5tqViQh7yWWGStvkEG1Zmhx6uasJtWCJziofM invoke [1]
[2022-02-12T07:55:44.745144000Z DEBUG solana_program_runtime::stable_log] Program log: Mango: Deposit
[2022-02-12T07:55:44.752137000Z DEBUG solana_program_runtime::stable_log] Program 8opHzTAnfzRpPEx21XtnrVTX28YQuCpAjcn1PczScKh invoke [1]
[2022-02-12T07:55:44.752531000Z DEBUG solana_program_runtime::stable_log] Program log: Mango: UpdateRootBank
[2022-02-12T07:55:44.753879000Z DEBUG solana_program_runtime::stable_log] Program TokenkegQfeZyiNwAJbNbGKPFXCWuBvf9Ss623VQ5DA invoke [2]
[2022-02-12T07:55:44.754319000Z DEBUG solana_program_runtime::stable_log] Program log: Instruction: Transfer
[2022-02-12T07:55:44.754531000Z DEBUG solana_program_runtime::stable_log] Program log: mango-log
[2022-02-12T07:55:44.755151000Z DEBUG solana_program_runtime::stable_log] Program log: 8HmBNKTUaLhxdA4GcfGyliALQuYkXc4nClpZlDF0SasXF9CRTJ3gvg4AAAAAAAAAAAAAAAAAQEIPAAAAAAAAAAAAAAAAAEBCDwAAAAAAAAA=
[2022-02-12T07:55:44.755258000Z DEBUG solana_bpf_loader_program] Program TokenkegQfeZyiNwAJbNbGKPFXCWuBvf9Ss623VQ5DA consumed 3121 of 194491 compute units
[2022-02-12T07:55:44.755277000Z DEBUG solana_bpf_loader_program] Program 8opHzTAnfzRpPEx21XtnrVTX28YQuCpAjcn1PczScKh consumed 9066 of 200000 compute units
[2022-02-12T07:55:44.755317000Z DEBUG solana_program_runtime::stable_log] Program TokenkegQfeZyiNwAJbNbGKPFXCWuBvf9Ss623VQ5DA success
[2022-02-12T07:55:44.755333000Z DEBUG solana_program_runtime::stable_log] Program 8opHzTAnfzRpPEx21XtnrVTX28YQuCpAjcn1PczScKh success
[2022-02-12T07:55:44.756679000Z DEBUG solana_program_runtime::stable_log] Program log: mango-log
[2022-02-12T07:55:44.757430000Z DEBUG solana_program_runtime::stable_log] Program log: F5qwwQsqqPSOnQdEtiC3dVJcJz5F0IHHBUtwK3dCY1dTcqbXUIsiDaOZbiQZfdSDdwAlborYqNufo6b8gH3DR1wLqNUZDpYvCAAAAAAAAAAAAAAAAAAKAAAAAAAAAAAAAAAAAAAAAAAAAAAAAAAAAA==
[2022-02-12T07:55:44.757465000Z DEBUG solana_program_runtime::stable_log] Program log: mango-log
[2022-02-12T07:55:44.758277000Z DEBUG solana_program_runtime::stable_log] Program log: jbqo/GyNSF6OnQdEtiC3dVJcJz5F0IHHBUtwK3dCY1dTcqbXUIsiDaOZbiQZfdSDdwAlborYqNufo6b8gH3DR1wLqNUZDpYvXgIGoiaC4QWMCd7oNfseqTfZQsv7rf4Fv/1rS4EqGqIIAAAAAAAAAICWmAAAAAAA
[2022-02-12T07:55:44.758501000Z DEBUG solana_bpf_loader_program] Program 4uQeVj5tqViQh7yWWGStvkEG1Zmhx6uasJtWCJziofM consumed 18143 of 200000 compute units
[2022-02-12T07:55:44.758575000Z DEBUG solana_program_runtime::stable_log] Program 4uQeVj5tqViQh7yWWGStvkEG1Zmhx6uasJtWCJziofM success
[2022-02-12T07:55:44.767780000Z DEBUG solana_program_runtime::stable_log] Program 8opHzTAnfzRpPEx21XtnrVTX28YQuCpAjcn1PczScKh invoke [1]
[2022-02-12T07:55:44.768213000Z DEBUG solana_program_runtime::stable_log] Program log: Mango: UpdateRootBank
[2022-02-12T07:55:44.770535000Z DEBUG solana_program_runtime::stable_log] Program log: mango-log
[2022-02-12T07:55:44.771151000Z DEBUG solana_program_runtime::stable_log] Program log: 8HmBNKTUaLhxdA4GcfGyliALQuYkXc4nClpZlDF0SasXF9CRTJ3gvg8AAAAAAAAAAAAAAAAAQEIPAAAAAAAAAAAAAAAAAEBCDwAAAAAAAAA=
[2022-02-12T07:55:44.771279000Z DEBUG solana_bpf_loader_program] Program 8opHzTAnfzRpPEx21XtnrVTX28YQuCpAjcn1PczScKh consumed 9946 of 200000 compute units
[2022-02-12T07:55:44.771338000Z DEBUG solana_program_runtime::stable_log] Program 8opHzTAnfzRpPEx21XtnrVTX28YQuCpAjcn1PczScKh success
[2022-02-12T07:55:44.771462000Z DEBUG solana_program_runtime::stable_log] Program 4uQeVj5tqViQh7yWWGStvkEG1Zmhx6uasJtWCJziofM invoke [1]
[2022-02-12T07:55:44.772177000Z DEBUG solana_program_runtime::stable_log] Program log: Mango: Deposit
[2022-02-12T07:55:44.780953000Z DEBUG solana_program_runtime::stable_log] Program TokenkegQfeZyiNwAJbNbGKPFXCWuBvf9Ss623VQ5DA invoke [2]
[2022-02-12T07:55:44.781425000Z DEBUG solana_program_runtime::stable_log] Program log: Instruction: Transfer
[2022-02-12T07:55:44.782363000Z DEBUG solana_bpf_loader_program] Program TokenkegQfeZyiNwAJbNbGKPFXCWuBvf9Ss623VQ5DA consumed 3121 of 194452 compute units
[2022-02-12T07:55:44.782388000Z DEBUG solana_program_runtime::stable_log] Program 8opHzTAnfzRpPEx21XtnrVTX28YQuCpAjcn1PczScKh invoke [1]
[2022-02-12T07:55:44.782424000Z DEBUG solana_program_runtime::stable_log] Program TokenkegQfeZyiNwAJbNbGKPFXCWuBvf9Ss623VQ5DA success
[2022-02-12T07:55:44.782843000Z DEBUG solana_program_runtime::stable_log] Program log: Mango: UpdateFunding
[2022-02-12T07:55:44.783778000Z DEBUG solana_program_runtime::stable_log] Program log: mango-log
[2022-02-12T07:55:44.783969000Z DEBUG solana_program_runtime::stable_log] Program log: mango-log
[2022-02-12T07:55:44.784560000Z DEBUG solana_program_runtime::stable_log] Program log: F5qwwQsqqPSOnQdEtiC3dVJcJz5F0IHHBUtwK3dCY1dTcqbXUIsiDaOZbiQZfdSDdwAlborYqNufo6b8gH3DR1wLqNUZDpYvCQAAAAAAAAAAAAAAAAAKAAAAAAAAAAAAAAAAAAAAAAAAAAAAAAAAAA==
[2022-02-12T07:55:44.784586000Z DEBUG solana_program_runtime::stable_log] Program log: ta5iwCEXTXtxdA4GcfGyliALQuYkXc4nClpZlDF0SasXF9CRTJ3gvgAAAAAAAAAAAAAAAAAAAAAAAAAAAAAAAAAAAAAAAAAAAAAAAAAAAAA=
[2022-02-12T07:55:44.784590000Z DEBUG solana_program_runtime::stable_log] Program log: mango-log
[2022-02-12T07:55:44.784745000Z DEBUG solana_bpf_loader_program] Program 8opHzTAnfzRpPEx21XtnrVTX28YQuCpAjcn1PczScKh consumed 6381 of 200000 compute units
[2022-02-12T07:55:44.784815000Z DEBUG solana_program_runtime::stable_log] Program 8opHzTAnfzRpPEx21XtnrVTX28YQuCpAjcn1PczScKh success
[2022-02-12T07:55:44.785448000Z DEBUG solana_program_runtime::stable_log] Program log: jbqo/GyNSF6OnQdEtiC3dVJcJz5F0IHHBUtwK3dCY1dTcqbXUIsiDaOZbiQZfdSDdwAlborYqNufo6b8gH3DR1wLqNUZDpYvXgIGoiaC4QWMCd7oNfseqTfZQsv7rf4Fv/1rS4EqGqIJAAAAAAAAAICWmAAAAAAA
[2022-02-12T07:55:44.785689000Z DEBUG solana_bpf_loader_program] Program 4uQeVj5tqViQh7yWWGStvkEG1Zmhx6uasJtWCJziofM consumed 18182 of 200000 compute units
[2022-02-12T07:55:44.785762000Z DEBUG solana_program_runtime::stable_log] Program 4uQeVj5tqViQh7yWWGStvkEG1Zmhx6uasJtWCJziofM success
[2022-02-12T07:55:44.796079000Z DEBUG solana_program_runtime::stable_log] Program 8opHzTAnfzRpPEx21XtnrVTX28YQuCpAjcn1PczScKh invoke [1]
[2022-02-12T07:55:44.796569000Z DEBUG solana_program_runtime::stable_log] Program log: Mango: UpdateFunding
[2022-02-12T07:55:44.797716000Z DEBUG solana_program_runtime::stable_log] Program log: mango-log
[2022-02-12T07:55:44.798335000Z DEBUG solana_program_runtime::stable_log] Program log: ta5iwCEXTXtxdA4GcfGyliALQuYkXc4nClpZlDF0SasXF9CRTJ3gvgEAAAAAAAAAAAAAAAAAAAAAAAAAAAAAAAAAAAAAAAAAAAAAAAAAAAA=
[2022-02-12T07:55:44.798487000Z DEBUG solana_bpf_loader_program] Program 8opHzTAnfzRpPEx21XtnrVTX28YQuCpAjcn1PczScKh consumed 6421 of 200000 compute units
[2022-02-12T07:55:44.798559000Z DEBUG solana_program_runtime::stable_log] Program 8opHzTAnfzRpPEx21XtnrVTX28YQuCpAjcn1PczScKh success
[2022-02-12T07:55:44.798971000Z DEBUG solana_program_runtime::stable_log] Program 4uQeVj5tqViQh7yWWGStvkEG1Zmhx6uasJtWCJziofM invoke [1]
[2022-02-12T07:55:44.799680000Z DEBUG solana_program_runtime::stable_log] Program log: Mango: Deposit
[2022-02-12T07:55:44.808176000Z DEBUG solana_program_runtime::stable_log] Program TokenkegQfeZyiNwAJbNbGKPFXCWuBvf9Ss623VQ5DA invoke [2]
[2022-02-12T07:55:44.808604000Z DEBUG solana_program_runtime::stable_log] Program log: Instruction: Transfer
[2022-02-12T07:55:44.808759000Z DEBUG solana_program_runtime::stable_log] Program 8opHzTAnfzRpPEx21XtnrVTX28YQuCpAjcn1PczScKh invoke [1]
[2022-02-12T07:55:44.809201000Z DEBUG solana_program_runtime::stable_log] Program log: Mango: UpdateFunding
[2022-02-12T07:55:44.809555000Z DEBUG solana_bpf_loader_program] Program TokenkegQfeZyiNwAJbNbGKPFXCWuBvf9Ss623VQ5DA consumed 3121 of 194413 compute units
[2022-02-12T07:55:44.809625000Z DEBUG solana_program_runtime::stable_log] Program TokenkegQfeZyiNwAJbNbGKPFXCWuBvf9Ss623VQ5DA success
[2022-02-12T07:55:44.810339000Z DEBUG solana_program_runtime::stable_log] Program log: mango-log
[2022-02-12T07:55:44.810964000Z DEBUG solana_program_runtime::stable_log] Program log: ta5iwCEXTXtxdA4GcfGyliALQuYkXc4nClpZlDF0SasXF9CRTJ3gvgIAAAAAAAAAAAAAAAAAAAAAAAAAAAAAAAAAAAAAAAAAAAAAAAAAAAA=
[2022-02-12T07:55:44.811011000Z DEBUG solana_program_runtime::stable_log] Program log: mango-log
[2022-02-12T07:55:44.811116000Z DEBUG solana_bpf_loader_program] Program 8opHzTAnfzRpPEx21XtnrVTX28YQuCpAjcn1PczScKh consumed 6460 of 200000 compute units
[2022-02-12T07:55:44.811181000Z DEBUG solana_program_runtime::stable_log] Program 8opHzTAnfzRpPEx21XtnrVTX28YQuCpAjcn1PczScKh success
[2022-02-12T07:55:44.811802000Z DEBUG solana_program_runtime::stable_log] Program log: F5qwwQsqqPSOnQdEtiC3dVJcJz5F0IHHBUtwK3dCY1dTcqbXUIsiDaOZbiQZfdSDdwAlborYqNufo6b8gH3DR1wLqNUZDpYvCgAAAAAAAAAAAAAAAAAKAAAAAAAAAAAAAAAAAAAAAAAAAAAAAAAAAA==
[2022-02-12T07:55:44.811834000Z DEBUG solana_program_runtime::stable_log] Program log: mango-log
[2022-02-12T07:55:44.812679000Z DEBUG solana_program_runtime::stable_log] Program log: jbqo/GyNSF6OnQdEtiC3dVJcJz5F0IHHBUtwK3dCY1dTcqbXUIsiDaOZbiQZfdSDdwAlborYqNufo6b8gH3DR1wLqNUZDpYvXgIGoiaC4QWMCd7oNfseqTfZQsv7rf4Fv/1rS4EqGqIKAAAAAAAAAICWmAAAAAAA
[2022-02-12T07:55:44.812915000Z DEBUG solana_bpf_loader_program] Program 4uQeVj5tqViQh7yWWGStvkEG1Zmhx6uasJtWCJziofM consumed 18221 of 200000 compute units
[2022-02-12T07:55:44.812994000Z DEBUG solana_program_runtime::stable_log] Program 4uQeVj5tqViQh7yWWGStvkEG1Zmhx6uasJtWCJziofM success
[2022-02-12T07:55:44.821897000Z DEBUG solana_program_runtime::stable_log] Program 8opHzTAnfzRpPEx21XtnrVTX28YQuCpAjcn1PczScKh invoke [1]
[2022-02-12T07:55:44.822347000Z DEBUG solana_program_runtime::stable_log] Program log: Mango: UpdateFunding
[2022-02-12T07:55:44.823583000Z DEBUG solana_program_runtime::stable_log] Program log: mango-log
[2022-02-12T07:55:44.824295000Z DEBUG solana_program_runtime::stable_log] Program log: ta5iwCEXTXtxdA4GcfGyliALQuYkXc4nClpZlDF0SasXF9CRTJ3gvgMAAAAAAAAAAAAAAAAAAAAAAAAAAAAAAAAAAAAAAAAAAAAAAAAAAAA=
[2022-02-12T07:55:44.824457000Z DEBUG solana_bpf_loader_program] Program 8opHzTAnfzRpPEx21XtnrVTX28YQuCpAjcn1PczScKh consumed 6499 of 200000 compute units
[2022-02-12T07:55:44.824526000Z DEBUG solana_program_runtime::stable_log] Program 8opHzTAnfzRpPEx21XtnrVTX28YQuCpAjcn1PczScKh success
[2022-02-12T07:55:44.826990000Z DEBUG solana_program_runtime::stable_log] Program 4uQeVj5tqViQh7yWWGStvkEG1Zmhx6uasJtWCJziofM invoke [1]
[2022-02-12T07:55:44.827704000Z DEBUG solana_program_runtime::stable_log] Program log: Mango: Deposit
[2022-02-12T07:55:44.835023000Z DEBUG solana_program_runtime::stable_log] Program 8opHzTAnfzRpPEx21XtnrVTX28YQuCpAjcn1PczScKh invoke [1]
[2022-02-12T07:55:44.835466000Z DEBUG solana_program_runtime::stable_log] Program log: Mango: UpdateFunding
[2022-02-12T07:55:44.836387000Z DEBUG solana_program_runtime::stable_log] Program TokenkegQfeZyiNwAJbNbGKPFXCWuBvf9Ss623VQ5DA invoke [2]
[2022-02-12T07:55:44.836600000Z DEBUG solana_program_runtime::stable_log] Program log: mango-log
[2022-02-12T07:55:44.836831000Z DEBUG solana_program_runtime::stable_log] Program log: Instruction: Transfer
[2022-02-12T07:55:44.837280000Z DEBUG solana_program_runtime::stable_log] Program log: ta5iwCEXTXtxdA4GcfGyliALQuYkXc4nClpZlDF0SasXF9CRTJ3gvgQAAAAAAAAAAAAAAAAAAAAAAAAAAAAAAAAAAAAAAAAAAAAAAAAAAAA=
[2022-02-12T07:55:44.837443000Z DEBUG solana_bpf_loader_program] Program 8opHzTAnfzRpPEx21XtnrVTX28YQuCpAjcn1PczScKh consumed 6538 of 200000 compute units
[2022-02-12T07:55:44.837531000Z DEBUG solana_program_runtime::stable_log] Program 8opHzTAnfzRpPEx21XtnrVTX28YQuCpAjcn1PczScKh success
[2022-02-12T07:55:44.837788000Z DEBUG solana_bpf_loader_program] Program TokenkegQfeZyiNwAJbNbGKPFXCWuBvf9Ss623VQ5DA consumed 3121 of 194374 compute units
[2022-02-12T07:55:44.837844000Z DEBUG solana_program_runtime::stable_log] Program TokenkegQfeZyiNwAJbNbGKPFXCWuBvf9Ss623VQ5DA success
[2022-02-12T07:55:44.839236000Z DEBUG solana_program_runtime::stable_log] Program log: mango-log
[2022-02-12T07:55:44.840015000Z DEBUG solana_program_runtime::stable_log] Program log: F5qwwQsqqPSOnQdEtiC3dVJcJz5F0IHHBUtwK3dCY1dTcqbXUIsiDaOZbiQZfdSDdwAlborYqNufo6b8gH3DR1wLqNUZDpYvCwAAAAAAAAAAAAAAAAAKAAAAAAAAAAAAAAAAAAAAAAAAAAAAAAAAAA==
[2022-02-12T07:55:44.840048000Z DEBUG solana_program_runtime::stable_log] Program log: mango-log
[2022-02-12T07:55:44.840885000Z DEBUG solana_program_runtime::stable_log] Program log: jbqo/GyNSF6OnQdEtiC3dVJcJz5F0IHHBUtwK3dCY1dTcqbXUIsiDaOZbiQZfdSDdwAlborYqNufo6b8gH3DR1wLqNUZDpYvXgIGoiaC4QWMCd7oNfseqTfZQsv7rf4Fv/1rS4EqGqILAAAAAAAAAICWmAAAAAAA
[2022-02-12T07:55:44.841118000Z DEBUG solana_bpf_loader_program] Program 4uQeVj5tqViQh7yWWGStvkEG1Zmhx6uasJtWCJziofM consumed 18260 of 200000 compute units
[2022-02-12T07:55:44.841200000Z DEBUG solana_program_runtime::stable_log] Program 4uQeVj5tqViQh7yWWGStvkEG1Zmhx6uasJtWCJziofM success
[2022-02-12T07:55:44.848195000Z DEBUG solana_program_runtime::stable_log] Program 8opHzTAnfzRpPEx21XtnrVTX28YQuCpAjcn1PczScKh invoke [1]
[2022-02-12T07:55:44.848632000Z DEBUG solana_program_runtime::stable_log] Program log: Mango: UpdateFunding
[2022-02-12T07:55:44.849799000Z DEBUG solana_program_runtime::stable_log] Program log: mango-log
[2022-02-12T07:55:44.850402000Z DEBUG solana_program_runtime::stable_log] Program log: ta5iwCEXTXtxdA4GcfGyliALQuYkXc4nClpZlDF0SasXF9CRTJ3gvgUAAAAAAAAAAAAAAAAAAAAAAAAAAAAAAAAAAAAAAAAAAAAAAAAAAAA=
[2022-02-12T07:55:44.850547000Z DEBUG solana_bpf_loader_program] Program 8opHzTAnfzRpPEx21XtnrVTX28YQuCpAjcn1PczScKh consumed 6577 of 200000 compute units
[2022-02-12T07:55:44.850613000Z DEBUG solana_program_runtime::stable_log] Program 8opHzTAnfzRpPEx21XtnrVTX28YQuCpAjcn1PczScKh success
[2022-02-12T07:55:44.853844000Z DEBUG solana_program_runtime::stable_log] Program 4uQeVj5tqViQh7yWWGStvkEG1Zmhx6uasJtWCJziofM invoke [1]
[2022-02-12T07:55:44.854578000Z DEBUG solana_program_runtime::stable_log] Program log: Mango: Deposit
[2022-02-12T07:55:44.861066000Z DEBUG solana_program_runtime::stable_log] Program 8opHzTAnfzRpPEx21XtnrVTX28YQuCpAjcn1PczScKh invoke [1]
[2022-02-12T07:55:44.861512000Z DEBUG solana_program_runtime::stable_log] Program log: Mango: UpdateFunding
[2022-02-12T07:55:44.862726000Z DEBUG solana_program_runtime::stable_log] Program log: mango-log
[2022-02-12T07:55:44.863346000Z DEBUG solana_program_runtime::stable_log] Program log: ta5iwCEXTXtxdA4GcfGyliALQuYkXc4nClpZlDF0SasXF9CRTJ3gvgYAAAAAAAAAAAAAAAAAAAAAAAAAAAAAAAAAAAAAAAAAAAAAAAAAAAA=
[2022-02-12T07:55:44.863429000Z DEBUG solana_program_runtime::stable_log] Program TokenkegQfeZyiNwAJbNbGKPFXCWuBvf9Ss623VQ5DA invoke [2]
[2022-02-12T07:55:44.863495000Z DEBUG solana_bpf_loader_program] Program 8opHzTAnfzRpPEx21XtnrVTX28YQuCpAjcn1PczScKh consumed 6616 of 200000 compute units
[2022-02-12T07:55:44.863565000Z DEBUG solana_program_runtime::stable_log] Program 8opHzTAnfzRpPEx21XtnrVTX28YQuCpAjcn1PczScKh success
[2022-02-12T07:55:44.863879000Z DEBUG solana_program_runtime::stable_log] Program log: Instruction: Transfer
[2022-02-12T07:55:44.864816000Z DEBUG solana_bpf_loader_program] Program TokenkegQfeZyiNwAJbNbGKPFXCWuBvf9Ss623VQ5DA consumed 3128 of 194326 compute units
[2022-02-12T07:55:44.864872000Z DEBUG solana_program_runtime::stable_log] Program TokenkegQfeZyiNwAJbNbGKPFXCWuBvf9Ss623VQ5DA success
[2022-02-12T07:55:44.866215000Z DEBUG solana_program_runtime::stable_log] Program log: mango-log
[2022-02-12T07:55:44.866991000Z DEBUG solana_program_runtime::stable_log] Program log: F5qwwQsqqPSOnQdEtiC3dVJcJz5F0IHHBUtwK3dCY1dTcqbXUIsiDaOZbiQZfdSDdwAlborYqNufo6b8gH3DR1wLqNUZDpYvDAAAAAAAAAAAAAAAAAAKAAAAAAAAAAAAAAAAAAAAAAAAAAAAAAAAAA==
[2022-02-12T07:55:44.867026000Z DEBUG solana_program_runtime::stable_log] Program log: mango-log
[2022-02-12T07:55:44.867870000Z DEBUG solana_program_runtime::stable_log] Program log: jbqo/GyNSF6OnQdEtiC3dVJcJz5F0IHHBUtwK3dCY1dTcqbXUIsiDaOZbiQZfdSDdwAlborYqNufo6b8gH3DR1wLqNUZDpYvXgIGoiaC4QWMCd7oNfseqTfZQsv7rf4Fv/1rS4EqGqIMAAAAAAAAAICWmAAAAAAA
[2022-02-12T07:55:44.868104000Z DEBUG solana_bpf_loader_program] Program 4uQeVj5tqViQh7yWWGStvkEG1Zmhx6uasJtWCJziofM consumed 18315 of 200000 compute units
[2022-02-12T07:55:44.868187000Z DEBUG solana_program_runtime::stable_log] Program 4uQeVj5tqViQh7yWWGStvkEG1Zmhx6uasJtWCJziofM success
[2022-02-12T07:55:44.874344000Z DEBUG solana_program_runtime::stable_log] Program 8opHzTAnfzRpPEx21XtnrVTX28YQuCpAjcn1PczScKh invoke [1]
[2022-02-12T07:55:44.874840000Z DEBUG solana_program_runtime::stable_log] Program log: Mango: UpdateFunding
[2022-02-12T07:55:44.876073000Z DEBUG solana_program_runtime::stable_log] Program log: mango-log
[2022-02-12T07:55:44.876699000Z DEBUG solana_program_runtime::stable_log] Program log: ta5iwCEXTXtxdA4GcfGyliALQuYkXc4nClpZlDF0SasXF9CRTJ3gvgcAAAAAAAAAAAAAAAAAAAAAAAAAAAAAAAAAAAAAAAAAAAAAAAAAAAA=
[2022-02-12T07:55:44.876850000Z DEBUG solana_bpf_loader_program] Program 8opHzTAnfzRpPEx21XtnrVTX28YQuCpAjcn1PczScKh consumed 6655 of 200000 compute units
[2022-02-12T07:55:44.876919000Z DEBUG solana_program_runtime::stable_log] Program 8opHzTAnfzRpPEx21XtnrVTX28YQuCpAjcn1PczScKh success
[2022-02-12T07:55:44.882614000Z DEBUG solana_program_runtime::stable_log] Program 4uQeVj5tqViQh7yWWGStvkEG1Zmhx6uasJtWCJziofM invoke [1]
[2022-02-12T07:55:44.883321000Z DEBUG solana_program_runtime::stable_log] Program log: Mango: Deposit
[2022-02-12T07:55:44.887606000Z DEBUG solana_program_runtime::stable_log] Program 8opHzTAnfzRpPEx21XtnrVTX28YQuCpAjcn1PczScKh invoke [1]
[2022-02-12T07:55:44.888055000Z DEBUG solana_program_runtime::stable_log] Program log: Mango: UpdateFunding
[2022-02-12T07:55:44.889308000Z DEBUG solana_program_runtime::stable_log] Program log: mango-log
[2022-02-12T07:55:44.889933000Z DEBUG solana_program_runtime::stable_log] Program log: ta5iwCEXTXtxdA4GcfGyliALQuYkXc4nClpZlDF0SasXF9CRTJ3gvggAAAAAAAAAAAAAAAAAAAAAAAAAAAAAAAAAAAAAAAAAAAAAAAAAAAA=
[2022-02-12T07:55:44.890084000Z DEBUG solana_bpf_loader_program] Program 8opHzTAnfzRpPEx21XtnrVTX28YQuCpAjcn1PczScKh consumed 6694 of 200000 compute units
[2022-02-12T07:55:44.890152000Z DEBUG solana_program_runtime::stable_log] Program 8opHzTAnfzRpPEx21XtnrVTX28YQuCpAjcn1PczScKh success
[2022-02-12T07:55:44.892203000Z DEBUG solana_program_runtime::stable_log] Program TokenkegQfeZyiNwAJbNbGKPFXCWuBvf9Ss623VQ5DA invoke [2]
[2022-02-12T07:55:44.892652000Z DEBUG solana_program_runtime::stable_log] Program log: Instruction: Transfer
[2022-02-12T07:55:44.893593000Z DEBUG solana_bpf_loader_program] Program TokenkegQfeZyiNwAJbNbGKPFXCWuBvf9Ss623VQ5DA consumed 3121 of 194287 compute units
[2022-02-12T07:55:44.893653000Z DEBUG solana_program_runtime::stable_log] Program TokenkegQfeZyiNwAJbNbGKPFXCWuBvf9Ss623VQ5DA success
[2022-02-12T07:55:44.895016000Z DEBUG solana_program_runtime::stable_log] Program log: mango-log
[2022-02-12T07:55:44.895794000Z DEBUG solana_program_runtime::stable_log] Program log: F5qwwQsqqPSOnQdEtiC3dVJcJz5F0IHHBUtwK3dCY1dTcqbXUIsiDaOZbiQZfdSDdwAlborYqNufo6b8gH3DR1wLqNUZDpYvDQAAAAAAAAAAAAAAAAAKAAAAAAAAAAAAAAAAAAAAAAAAAAAAAAAAAA==
[2022-02-12T07:55:44.895828000Z DEBUG solana_program_runtime::stable_log] Program log: mango-log
[2022-02-12T07:55:44.896658000Z DEBUG solana_program_runtime::stable_log] Program log: jbqo/GyNSF6OnQdEtiC3dVJcJz5F0IHHBUtwK3dCY1dTcqbXUIsiDaOZbiQZfdSDdwAlborYqNufo6b8gH3DR1wLqNUZDpYvXgIGoiaC4QWMCd7oNfseqTfZQsv7rf4Fv/1rS4EqGqINAAAAAAAAAICWmAAAAAAA
[2022-02-12T07:55:44.896896000Z DEBUG solana_bpf_loader_program] Program 4uQeVj5tqViQh7yWWGStvkEG1Zmhx6uasJtWCJziofM consumed 18347 of 200000 compute units
[2022-02-12T07:55:44.896971000Z DEBUG solana_program_runtime::stable_log] Program 4uQeVj5tqViQh7yWWGStvkEG1Zmhx6uasJtWCJziofM success
[2022-02-12T07:55:44.900572000Z DEBUG solana_program_runtime::stable_log] Program 8opHzTAnfzRpPEx21XtnrVTX28YQuCpAjcn1PczScKh invoke [1]
[2022-02-12T07:55:44.901025000Z DEBUG solana_program_runtime::stable_log] Program log: Mango: UpdateFunding
[2022-02-12T07:55:44.902288000Z DEBUG solana_program_runtime::stable_log] Program log: mango-log
[2022-02-12T07:55:44.902915000Z DEBUG solana_program_runtime::stable_log] Program log: ta5iwCEXTXtxdA4GcfGyliALQuYkXc4nClpZlDF0SasXF9CRTJ3gvgkAAAAAAAAAAAAAAAAAAAAAAAAAAAAAAAAAAAAAAAAAAAAAAAAAAAA=
[2022-02-12T07:55:44.903071000Z DEBUG solana_bpf_loader_program] Program 8opHzTAnfzRpPEx21XtnrVTX28YQuCpAjcn1PczScKh consumed 6733 of 200000 compute units
[2022-02-12T07:55:44.903139000Z DEBUG solana_program_runtime::stable_log] Program 8opHzTAnfzRpPEx21XtnrVTX28YQuCpAjcn1PczScKh success
[2022-02-12T07:55:44.910007000Z DEBUG solana_program_runtime::stable_log] Program 4uQeVj5tqViQh7yWWGStvkEG1Zmhx6uasJtWCJziofM invoke [1]
[2022-02-12T07:55:44.910708000Z DEBUG solana_program_runtime::stable_log] Program log: Mango: Deposit
[2022-02-12T07:55:44.913759000Z DEBUG solana_program_runtime::stable_log] Program 8opHzTAnfzRpPEx21XtnrVTX28YQuCpAjcn1PczScKh invoke [1]
[2022-02-12T07:55:44.914203000Z DEBUG solana_program_runtime::stable_log] Program log: Mango: UpdateFunding
[2022-02-12T07:55:44.915472000Z DEBUG solana_program_runtime::stable_log] Program log: mango-log
[2022-02-12T07:55:44.916101000Z DEBUG solana_program_runtime::stable_log] Program log: ta5iwCEXTXtxdA4GcfGyliALQuYkXc4nClpZlDF0SasXF9CRTJ3gvgoAAAAAAAAAAAAAAAAAAAAAAAAAAAAAAAAAAAAAAAAAAAAAAAAAAAA=
[2022-02-12T07:55:44.916256000Z DEBUG solana_bpf_loader_program] Program 8opHzTAnfzRpPEx21XtnrVTX28YQuCpAjcn1PczScKh consumed 6772 of 200000 compute units
[2022-02-12T07:55:44.916324000Z DEBUG solana_program_runtime::stable_log] Program 8opHzTAnfzRpPEx21XtnrVTX28YQuCpAjcn1PczScKh success
[2022-02-12T07:55:44.919572000Z DEBUG solana_program_runtime::stable_log] Program TokenkegQfeZyiNwAJbNbGKPFXCWuBvf9Ss623VQ5DA invoke [2]
[2022-02-12T07:55:44.920026000Z DEBUG solana_program_runtime::stable_log] Program log: Instruction: Transfer
[2022-02-12T07:55:44.920970000Z DEBUG solana_bpf_loader_program] Program TokenkegQfeZyiNwAJbNbGKPFXCWuBvf9Ss623VQ5DA consumed 3121 of 194257 compute units
[2022-02-12T07:55:44.921030000Z DEBUG solana_program_runtime::stable_log] Program TokenkegQfeZyiNwAJbNbGKPFXCWuBvf9Ss623VQ5DA success
[2022-02-12T07:55:44.922383000Z DEBUG solana_program_runtime::stable_log] Program log: mango-log
[2022-02-12T07:55:44.923156000Z DEBUG solana_program_runtime::stable_log] Program log: F5qwwQsqqPSOnQdEtiC3dVJcJz5F0IHHBUtwK3dCY1dTcqbXUIsiDaOZbiQZfdSDdwAlborYqNufo6b8gH3DR1wLqNUZDpYvDgAAAAAAAAAAAAAAAAAKAAAAAAAAAAAAAAAAAAAAAAAAAAAAAAAAAA==
[2022-02-12T07:55:44.923188000Z DEBUG solana_program_runtime::stable_log] Program log: mango-log
[2022-02-12T07:55:44.924025000Z DEBUG solana_program_runtime::stable_log] Program log: jbqo/GyNSF6OnQdEtiC3dVJcJz5F0IHHBUtwK3dCY1dTcqbXUIsiDaOZbiQZfdSDdwAlborYqNufo6b8gH3DR1wLqNUZDpYvXgIGoiaC4QWMCd7oNfseqTfZQsv7rf4Fv/1rS4EqGqIOAAAAAAAAAICWmAAAAAAA
[2022-02-12T07:55:44.924264000Z DEBUG solana_bpf_loader_program] Program 4uQeVj5tqViQh7yWWGStvkEG1Zmhx6uasJtWCJziofM consumed 18377 of 200000 compute units
[2022-02-12T07:55:44.924336000Z DEBUG solana_program_runtime::stable_log] Program 4uQeVj5tqViQh7yWWGStvkEG1Zmhx6uasJtWCJziofM success
[2022-02-12T07:55:44.926872000Z DEBUG solana_program_runtime::stable_log] Program 8opHzTAnfzRpPEx21XtnrVTX28YQuCpAjcn1PczScKh invoke [1]
[2022-02-12T07:55:44.927323000Z DEBUG solana_program_runtime::stable_log] Program log: Mango: UpdateFunding
[2022-02-12T07:55:44.928601000Z DEBUG solana_program_runtime::stable_log] Program log: mango-log
[2022-02-12T07:55:44.929229000Z DEBUG solana_program_runtime::stable_log] Program log: ta5iwCEXTXtxdA4GcfGyliALQuYkXc4nClpZlDF0SasXF9CRTJ3gvgsAAAAAAAAAAAAAAAAAAAAAAAAAAAAAAAAAAAAAAAAAAAAAAAAAAAA=
[2022-02-12T07:55:44.929381000Z DEBUG solana_bpf_loader_program] Program 8opHzTAnfzRpPEx21XtnrVTX28YQuCpAjcn1PczScKh consumed 6811 of 200000 compute units
[2022-02-12T07:55:44.929449000Z DEBUG solana_program_runtime::stable_log] Program 8opHzTAnfzRpPEx21XtnrVTX28YQuCpAjcn1PczScKh success
[2022-02-12T07:55:44.937601000Z DEBUG solana_program_runtime::stable_log] Program 4uQeVj5tqViQh7yWWGStvkEG1Zmhx6uasJtWCJziofM invoke [1]
[2022-02-12T07:55:44.938315000Z DEBUG solana_program_runtime::stable_log] Program log: Mango: Deposit
[2022-02-12T07:55:44.941149000Z DEBUG solana_program_runtime::stable_log] Program 8opHzTAnfzRpPEx21XtnrVTX28YQuCpAjcn1PczScKh invoke [1]
[2022-02-12T07:55:44.941597000Z DEBUG solana_program_runtime::stable_log] Program log: Mango: UpdateFunding
[2022-02-12T07:55:44.942894000Z DEBUG solana_program_runtime::stable_log] Program log: mango-log
[2022-02-12T07:55:44.943516000Z DEBUG solana_program_runtime::stable_log] Program log: ta5iwCEXTXtxdA4GcfGyliALQuYkXc4nClpZlDF0SasXF9CRTJ3gvgwAAAAAAAAAAAAAAAAAAAAAAAAAAAAAAAAAAAAAAAAAAAAAAAAAAAA=
[2022-02-12T07:55:44.943664000Z DEBUG solana_bpf_loader_program] Program 8opHzTAnfzRpPEx21XtnrVTX28YQuCpAjcn1PczScKh consumed 6850 of 200000 compute units
[2022-02-12T07:55:44.943734000Z DEBUG solana_program_runtime::stable_log] Program 8opHzTAnfzRpPEx21XtnrVTX28YQuCpAjcn1PczScKh success
[2022-02-12T07:55:44.947198000Z DEBUG solana_program_runtime::stable_log] Program TokenkegQfeZyiNwAJbNbGKPFXCWuBvf9Ss623VQ5DA invoke [2]
[2022-02-12T07:55:44.947661000Z DEBUG solana_program_runtime::stable_log] Program log: Instruction: Transfer
[2022-02-12T07:55:44.948614000Z DEBUG solana_bpf_loader_program] Program TokenkegQfeZyiNwAJbNbGKPFXCWuBvf9Ss623VQ5DA consumed 3121 of 194218 compute units
[2022-02-12T07:55:44.948671000Z DEBUG solana_program_runtime::stable_log] Program TokenkegQfeZyiNwAJbNbGKPFXCWuBvf9Ss623VQ5DA success
[2022-02-12T07:55:44.948851000Z DEBUG solana_program_runtime::stable_log] Program log: mango-log
[2022-02-12T07:55:44.949637000Z DEBUG solana_program_runtime::stable_log] Program log: F5qwwQsqqPSOnQdEtiC3dVJcJz5F0IHHBUtwK3dCY1dTcqbXUIsiDaOZbiQZfdSDdwAlborYqNufo6b8gH3DR1wLqNUZDpYvDwAAAAAAAAAAAAAAAAAAAAAAAAAAAAAAAAAAAAAAAAAAAAAAAAAAAA==
[2022-02-12T07:55:44.949670000Z DEBUG solana_program_runtime::stable_log] Program log: mango-log
[2022-02-12T07:55:44.950519000Z DEBUG solana_program_runtime::stable_log] Program log: jbqo/GyNSF6OnQdEtiC3dVJcJz5F0IHHBUtwK3dCY1dTcqbXUIsiDaOZbiQZfdSDdwAlborYqNufo6b8gH3DR1wLqNUZDpYvXgIGoiaC4QWMCd7oNfseqTfZQsv7rf4Fv/1rS4EqGqIPAAAAAAAAAAAAAAAAAAAA
[2022-02-12T07:55:44.950756000Z DEBUG solana_bpf_loader_program] Program 4uQeVj5tqViQh7yWWGStvkEG1Zmhx6uasJtWCJziofM consumed 14675 of 200000 compute units
[2022-02-12T07:55:44.950830000Z DEBUG solana_program_runtime::stable_log] Program 4uQeVj5tqViQh7yWWGStvkEG1Zmhx6uasJtWCJziofM success
[2022-02-12T07:55:44.955704000Z DEBUG solana_program_runtime::stable_log] Program 8opHzTAnfzRpPEx21XtnrVTX28YQuCpAjcn1PczScKh invoke [1]
[2022-02-12T07:55:44.956161000Z DEBUG solana_program_runtime::stable_log] Program log: Mango: UpdateFunding
[2022-02-12T07:55:44.957477000Z DEBUG solana_program_runtime::stable_log] Program log: mango-log
[2022-02-12T07:55:44.958107000Z DEBUG solana_program_runtime::stable_log] Program log: ta5iwCEXTXtxdA4GcfGyliALQuYkXc4nClpZlDF0SasXF9CRTJ3gvg0AAAAAAAAAAAAAAAAAAAAAAAAAAAAAAAAAAAAAAAAAAAAAAAAAAAA=
[2022-02-12T07:55:44.958259000Z DEBUG solana_bpf_loader_program] Program 8opHzTAnfzRpPEx21XtnrVTX28YQuCpAjcn1PczScKh consumed 6889 of 200000 compute units
[2022-02-12T07:55:44.958334000Z DEBUG solana_program_runtime::stable_log] Program 8opHzTAnfzRpPEx21XtnrVTX28YQuCpAjcn1PczScKh success
[2022-02-12T07:55:44.970215000Z DEBUG solana_program_runtime::stable_log] Program 8opHzTAnfzRpPEx21XtnrVTX28YQuCpAjcn1PczScKh invoke [1]
[2022-02-12T07:55:44.970733000Z DEBUG solana_program_runtime::stable_log] Program log: Mango: UpdateFunding
[2022-02-12T07:55:44.972102000Z DEBUG solana_program_runtime::stable_log] Program log: mango-log
[2022-02-12T07:55:44.972721000Z DEBUG solana_program_runtime::stable_log] Program log: ta5iwCEXTXtxdA4GcfGyliALQuYkXc4nClpZlDF0SasXF9CRTJ3gvg4AAAAAAAAAAAAAAAAAAAAAAAAAAAAAAAAAAAAAAAAAAAAAAAAAAAA=
[2022-02-12T07:55:44.972872000Z DEBUG solana_bpf_loader_program] Program 8opHzTAnfzRpPEx21XtnrVTX28YQuCpAjcn1PczScKh consumed 6928 of 200000 compute units
[2022-02-12T07:55:44.972957000Z DEBUG solana_program_runtime::stable_log] Program 8opHzTAnfzRpPEx21XtnrVTX28YQuCpAjcn1PczScKh success
[2022-02-12T07:55:44.988260000Z DEBUG solana_program_runtime::stable_log] Program 8opHzTAnfzRpPEx21XtnrVTX28YQuCpAjcn1PczScKh invoke [1]
[2022-02-12T07:55:44.989504000Z DEBUG solana_program_runtime::stable_log] Program log: Mango: CacheRootBanks
[2022-02-12T07:55:44.993367000Z DEBUG solana_program_runtime::stable_log] Program log: mango-log
[2022-02-12T07:55:44.994707000Z DEBUG solana_program_runtime::stable_log] Program 4uQeVj5tqViQh7yWWGStvkEG1Zmhx6uasJtWCJziofM invoke [1]
[2022-02-12T07:55:44.995836000Z DEBUG solana_program_runtime::stable_log] Program log: Mango: CachePrices
[2022-02-12T07:55:44.996326000Z DEBUG solana_program_runtime::stable_log] Program log: IVXYca/GfehxdA4GcfGyliALQuYkXc4nClpZlDF0SasXF9CRTJ3gvhAAAAAAAAAAAAAAAAEAAAAAAAAAAgAAAAAAAAADAAAAAAAAAAQAAAAAAAAABQAAAAAAAAAGAAAAAAAAAAcAAAAAAAAACAAAAAAAAAAJAAAAAAAAAAoAAAAAAAAACwAAAAAAAAAMAAAAAAAAAA0AAAAAAAAADgAAAAAAAAAPAAAAAAAAABAAAAAAAAAAAABAQg8AAAAAAAAAAAAAAAAAQEIPAAAAAAAAAAAAAAAAAEBCDwAAAAAAAAAAAAAAAABAQg8AAAAAAAAAAAAAAAAAQEIPAAAAAAAAAAAAAAAAAEBCDwAAAAAAAAAAAAAAAABAQg8AAAAAAAAAAAAAAAAAQEIPAAAAAAAAAAAAAAAAAEBCDwAAAAAAAAAAAAAAAABAQg8AAAAAAAAAAAAAAAAAQEIPAAAAAAAAAAAAAAAAAEBCDwAAAAAAAAAAAAAAAABAQg8AAAAAAAAAAAAAAAAAQEIPAAAAAAAAAAAAAAAAAEBCDwAAAAAAAAAAAAAAAABAQg8AAAAAAAAAEAAAAAAAAAAAAEBCDwAAAAAAAAAAAAAAAABAQg8AAAAAAAAAAAAAAAAAQEIPAAAAAAAAAAAAAAAAAEBCDwAAAAAAAAAAAAAAAABAQg8AAAAAAAAAAAAAAAAAQEIPAAAAAAAAAAAAAAAAAEBCDwAAAAAAAAAAAAAAAABAQg8AAAAAAAAAAAAAAAAAQEIPAAAAAAAAAAAAAAAAAEBCDwAAAAAAAAAAAAAAAABAQg8AAAAAAAAAAAAAAAAAQEIPAAAAAAAAAAAAAAAAAEBCDwAAAAAAAAAAAAAAAABAQg8AAAAAAAAAAAAAAAAAQEIPAAAAAAAAAAAAAAAAAEBCDwAAAAAAAAA=
[2022-02-12T07:55:44.996754000Z DEBUG solana_bpf_loader_program] Program 8opHzTAnfzRpPEx21XtnrVTX28YQuCpAjcn1PczScKh consumed 24418 of 200000 compute units
[2022-02-12T07:55:44.996837000Z DEBUG solana_program_runtime::stable_log] Program 8opHzTAnfzRpPEx21XtnrVTX28YQuCpAjcn1PczScKh success
[2022-02-12T07:55:44.998959000Z DEBUG solana_program_runtime::stable_log] Program log: mango-log
[2022-02-12T07:55:45.000821000Z DEBUG solana_program_runtime::stable_log] Program log: ux0uSxX5tBuOnQdEtiC3dVJcJz5F0IHHBUtwK3dCY1dTcqbXUIsiDQ8AAAAAAAAAAAAAAAEAAAAAAAAAAgAAAAAAAAADAAAAAAAAAAQAAAAAAAAABQAAAAAAAAAGAAAAAAAAAAcAAAAAAAAACAAAAAAAAAAJAAAAAAAAAAoAAAAAAAAACwAAAAAAAAAMAAAAAAAAAA0AAAAAAAAADgAAAAAAAAAPAAAAAG4AAAAAECcAAAAAAAAAAABuAAAAABAnAAAAAAAAAAAAbgAAAAAQJwAAAAAAAAAAAG4AAAAAECcAAAAAAAAAABwAAAAAAAoAAAAAAAAAAAAAbgAAAAAQJwAAAAAAAAAAAG4AAAAAECcAAAAAAAAAAABuAAAAABAnAAAAAAAAAAAAbgAAAAAQJwAAAAAAAAAAAG4AAAAAECcAAAAAAAAAAABuAAAAABAnAAAAAAAAAAAAbgAAAAAQJwAAAAAAAAAAAG4AAAAAECcAAAAAAAAAAABuAAAAABAnAAAAAAAAAAAAbgAAAAAQJwAAAAAAAAAA
[2022-02-12T07:55:45.001223000Z DEBUG solana_bpf_loader_program] Program 4uQeVj5tqViQh7yWWGStvkEG1Zmhx6uasJtWCJziofM consumed 18318 of 200000 compute units
[2022-02-12T07:55:45.001310000Z DEBUG solana_program_runtime::stable_log] Program 4uQeVj5tqViQh7yWWGStvkEG1Zmhx6uasJtWCJziofM success
[2022-02-12T07:55:45.011774000Z DEBUG solana_program_runtime::stable_log] Program 8opHzTAnfzRpPEx21XtnrVTX28YQuCpAjcn1PczScKh invoke [1]
[2022-02-12T07:55:45.012475000Z DEBUG solana_program_runtime::stable_log] Program 4uQeVj5tqViQh7yWWGStvkEG1Zmhx6uasJtWCJziofM invoke [1]
[2022-02-12T07:55:45.012869000Z DEBUG solana_program_runtime::stable_log] Program log: Mango: UpdateRootBank
[2022-02-12T07:55:45.012921000Z DEBUG solana_program_runtime::stable_log] Program log: Mango: CachePerpMarkets
[2022-02-12T07:55:45.014993000Z DEBUG solana_program_runtime::stable_log] Program log: mango-log
[2022-02-12T07:55:45.015616000Z DEBUG solana_program_runtime::stable_log] Program log: 8HmBNKTUaLiOnQdEtiC3dVJcJz5F0IHHBUtwK3dCY1dTcqbXUIsiDQAAAAAAAAAAAAAAAAAAQEIPAAAAAAAAAAAAAAAAAEBCDwAAAAAAAAA=
[2022-02-12T07:55:45.015744000Z DEBUG solana_bpf_loader_program] Program 4uQeVj5tqViQh7yWWGStvkEG1Zmhx6uasJtWCJziofM consumed 9360 of 200000 compute units
[2022-02-12T07:55:45.015804000Z DEBUG solana_program_runtime::stable_log] Program 4uQeVj5tqViQh7yWWGStvkEG1Zmhx6uasJtWCJziofM success
[2022-02-12T07:55:45.016756000Z DEBUG solana_program_runtime::stable_log] Program log: mango-log
[2022-02-12T07:55:45.019522000Z DEBUG solana_program_runtime::stable_log] Program log: 9lt9JxCzqw5xdA4GcfGyliALQuYkXc4nClpZlDF0SasXF9CRTJ3gvg8AAAAAAAAAAAAAAAEAAAAAAAAAAgAAAAAAAAADAAAAAAAAAAQAAAAAAAAABQAAAAAAAAAGAAAAAAAAAAcAAAAAAAAACAAAAAAAAAAJAAAAAAAAAAoAAAAAAAAACwAAAAAAAAAMAAAAAAAAAA0AAAAAAAAADgAAAAAAAAAPAAAAAAAAAAAAAAAAAAAAAAAAAAAAAAAAAAAAAAAAAAAAAAAAAAAAAAAAAAAAAAAAAAAAAAAAAAAAAAAAAAAAAAAAAAAAAAAAAAAAAAAAAAAAAAAAAAAAAAAAAAAAAAAAAAAAAAAAAAAAAAAAAAAAAAAAAAAAAAAAAAAAAAAAAAAAAAAAAAAAAAAAAAAAAAAAAAAAAAAAAAAAAAAAAAAAAAAAAAAAAAAAAAAAAAAAAAAAAAAAAAAAAAAAAAAAAAAAAAAAAAAAAAAAAAAAAAAAAAAAAAAAAAAAAAAAAAAAAAAAAAAAAAAAAAAAAAAAAAAAAAAADwAAAAAAAAAAAAAAAAAAAAAAAAAAAAAAAAAAAAAAAAAAAAAAAAAAAAAAAAAAAAAAAAAAAAAAAAAAAAAAAAAAAAAAAAAAAAAAAAAAAAAAAAAAAAAAAAAAAAAAAAAAAAAAAAAAAAAAAAAAAAAAAAAAAAAAAAAAAAAAAAAAAAAAAAAAAAAAAAAAAAAAAAAAAAAAAAAAAAAAAAAAAAAAAAAAAAAAAAAAAAAAAAAAAAAAAAAAAAAAAAAAAAAAAAAAAAAAAAAAAAAAAAAAAAAAAAAAAAAAAAAAAAAAAAAAAAAAAAAAAAAAAAAAAAAAAAAAAAAAAAAAAA==
[2022-02-12T07:55:45.019939000Z DEBUG solana_bpf_loader_program] Program 8opHzTAnfzRpPEx21XtnrVTX28YQuCpAjcn1PczScKh consumed 23463 of 200000 compute units
[2022-02-12T07:55:45.020046000Z DEBUG solana_program_runtime::stable_log] Program 8opHzTAnfzRpPEx21XtnrVTX28YQuCpAjcn1PczScKh success
[2022-02-12T07:55:45.026859000Z DEBUG solana_program_runtime::stable_log] Program 4uQeVj5tqViQh7yWWGStvkEG1Zmhx6uasJtWCJziofM invoke [1]
[2022-02-12T07:55:45.027266000Z DEBUG solana_program_runtime::stable_log] Program log: Mango: UpdateRootBank
[2022-02-12T07:55:45.029394000Z DEBUG solana_program_runtime::stable_log] Program log: mango-log
[2022-02-12T07:55:45.030026000Z DEBUG solana_program_runtime::stable_log] Program log: 8HmBNKTUaLiOnQdEtiC3dVJcJz5F0IHHBUtwK3dCY1dTcqbXUIsiDQEAAAAAAAAAAAAAAAAAQEIPAAAAAAAAAAAAAAAAAEBCDwAAAAAAAAA=
[2022-02-12T07:55:45.030159000Z DEBUG solana_bpf_loader_program] Program 4uQeVj5tqViQh7yWWGStvkEG1Zmhx6uasJtWCJziofM consumed 9400 of 200000 compute units
[2022-02-12T07:55:45.030220000Z DEBUG solana_program_runtime::stable_log] Program 4uQeVj5tqViQh7yWWGStvkEG1Zmhx6uasJtWCJziofM success
[2022-02-12T07:55:45.034480000Z DEBUG solana_program_runtime::stable_log] Program 8opHzTAnfzRpPEx21XtnrVTX28YQuCpAjcn1PczScKh invoke [1]
[2022-02-12T07:55:45.035121000Z DEBUG solana_program_runtime::stable_log] Program log: Mango: CreateSpotOpenOrders
[2022-02-12T07:55:45.036442000Z DEBUG solana_program_runtime::stable_log] Program 11111111111111111111111111111111 invoke [2]
[2022-02-12T07:55:45.036513000Z DEBUG solana_program_runtime::stable_log] Program 11111111111111111111111111111111 success
[2022-02-12T07:55:45.041416000Z DEBUG solana_program_runtime::stable_log] Program 4uQeVj5tqViQh7yWWGStvkEG1Zmhx6uasJtWCJziofM invoke [1]
[2022-02-12T07:55:45.041803000Z DEBUG solana_program_runtime::stable_log] Program log: Mango: UpdateRootBank
[2022-02-12T07:55:45.043951000Z DEBUG solana_program_runtime::stable_log] Program log: mango-log
[2022-02-12T07:55:45.044569000Z DEBUG solana_program_runtime::stable_log] Program log: 8HmBNKTUaLiOnQdEtiC3dVJcJz5F0IHHBUtwK3dCY1dTcqbXUIsiDQIAAAAAAAAAAAAAAAAAQEIPAAAAAAAAAAAAAAAAAEBCDwAAAAAAAAA=
[2022-02-12T07:55:45.044697000Z DEBUG solana_bpf_loader_program] Program 4uQeVj5tqViQh7yWWGStvkEG1Zmhx6uasJtWCJziofM consumed 9439 of 200000 compute units
[2022-02-12T07:55:45.044755000Z DEBUG solana_program_runtime::stable_log] Program 4uQeVj5tqViQh7yWWGStvkEG1Zmhx6uasJtWCJziofM success
[2022-02-12T07:55:45.045249000Z DEBUG solana_program_runtime::stable_log] Program CiDwVBFgWV9E5MvXWoLgnEgn2hK7rJikbvfWavzAQz3 invoke [2]
[2022-02-12T07:55:45.046723000Z DEBUG solana_bpf_loader_program] Program CiDwVBFgWV9E5MvXWoLgnEgn2hK7rJikbvfWavzAQz3 consumed 3417 of 184767 compute units
[2022-02-12T07:55:45.046782000Z DEBUG solana_program_runtime::stable_log] Program CiDwVBFgWV9E5MvXWoLgnEgn2hK7rJikbvfWavzAQz3 success
[2022-02-12T07:55:45.047066000Z DEBUG solana_bpf_loader_program] Program 8opHzTAnfzRpPEx21XtnrVTX28YQuCpAjcn1PczScKh consumed 19058 of 200000 compute units
[2022-02-12T07:55:45.047147000Z DEBUG solana_program_runtime::stable_log] Program 8opHzTAnfzRpPEx21XtnrVTX28YQuCpAjcn1PczScKh success
[2022-02-12T07:55:45.055824000Z DEBUG solana_program_runtime::stable_log] Program 4uQeVj5tqViQh7yWWGStvkEG1Zmhx6uasJtWCJziofM invoke [1]
[2022-02-12T07:55:45.056273000Z DEBUG solana_program_runtime::stable_log] Program log: Mango: UpdateRootBank
[2022-02-12T07:55:45.058437000Z DEBUG solana_program_runtime::stable_log] Program log: mango-log
[2022-02-12T07:55:45.059058000Z DEBUG solana_program_runtime::stable_log] Program log: 8HmBNKTUaLiOnQdEtiC3dVJcJz5F0IHHBUtwK3dCY1dTcqbXUIsiDQMAAAAAAAAAAAAAAAAAQEIPAAAAAAAAAAAAAAAAAEBCDwAAAAAAAAA=
[2022-02-12T07:55:45.059188000Z DEBUG solana_bpf_loader_program] Program 4uQeVj5tqViQh7yWWGStvkEG1Zmhx6uasJtWCJziofM consumed 9478 of 200000 compute units
[2022-02-12T07:55:45.059253000Z DEBUG solana_program_runtime::stable_log] Program 4uQeVj5tqViQh7yWWGStvkEG1Zmhx6uasJtWCJziofM success
[2022-02-12T07:55:45.065891000Z DEBUG solana_program_runtime::stable_log] Program 8opHzTAnfzRpPEx21XtnrVTX28YQuCpAjcn1PczScKh invoke [1]
[2022-02-12T07:55:45.067841000Z DEBUG solana_program_runtime::stable_log] Program log: Mango: PlaceSpotOrder
[2022-02-12T07:55:45.071164000Z DEBUG solana_program_runtime::stable_log] Program 4uQeVj5tqViQh7yWWGStvkEG1Zmhx6uasJtWCJziofM invoke [1]
[2022-02-12T07:55:45.071561000Z DEBUG solana_program_runtime::stable_log] Program log: Mango: UpdateRootBank
[2022-02-12T07:55:45.073737000Z DEBUG solana_program_runtime::stable_log] Program log: mango-log
[2022-02-12T07:55:45.074353000Z DEBUG solana_program_runtime::stable_log] Program log: 8HmBNKTUaLiOnQdEtiC3dVJcJz5F0IHHBUtwK3dCY1dTcqbXUIsiDQQAAAAAAAAAAAAAAAAAQEIPAAAAAAAAAAAAAAAAAEBCDwAAAAAAAAA=
[2022-02-12T07:55:45.074483000Z DEBUG solana_bpf_loader_program] Program 4uQeVj5tqViQh7yWWGStvkEG1Zmhx6uasJtWCJziofM consumed 9517 of 200000 compute units
[2022-02-12T07:55:45.074543000Z DEBUG solana_program_runtime::stable_log] Program 4uQeVj5tqViQh7yWWGStvkEG1Zmhx6uasJtWCJziofM success
[2022-02-12T07:55:45.085149000Z DEBUG solana_program_runtime::stable_log] Program CiDwVBFgWV9E5MvXWoLgnEgn2hK7rJikbvfWavzAQz3 invoke [2]
[2022-02-12T07:55:45.085250000Z DEBUG solana_program_runtime::stable_log] Program 4uQeVj5tqViQh7yWWGStvkEG1Zmhx6uasJtWCJziofM invoke [1]
[2022-02-12T07:55:45.085663000Z DEBUG solana_program_runtime::stable_log] Program log: Mango: UpdateRootBank
[2022-02-12T07:55:45.087860000Z DEBUG solana_program_runtime::stable_log] Program log: mango-log
[2022-02-12T07:55:45.088499000Z DEBUG solana_program_runtime::stable_log] Program log: 8HmBNKTUaLiOnQdEtiC3dVJcJz5F0IHHBUtwK3dCY1dTcqbXUIsiDQUAAAAAAAAAAAAAAAAAQEIPAAAAAAAAAAAAAAAAAEBCDwAAAAAAAAA=
[2022-02-12T07:55:45.088636000Z DEBUG solana_bpf_loader_program] Program 4uQeVj5tqViQh7yWWGStvkEG1Zmhx6uasJtWCJziofM consumed 9556 of 200000 compute units
[2022-02-12T07:55:45.088703000Z DEBUG solana_program_runtime::stable_log] Program 4uQeVj5tqViQh7yWWGStvkEG1Zmhx6uasJtWCJziofM success
[2022-02-12T07:55:45.097579000Z DEBUG solana_program_runtime::stable_log] Program TokenkegQfeZyiNwAJbNbGKPFXCWuBvf9Ss623VQ5DA invoke [3]
[2022-02-12T07:55:45.098006000Z DEBUG solana_program_runtime::stable_log] Program log: Instruction: Transfer
[2022-02-12T07:55:45.098904000Z DEBUG solana_bpf_loader_program] Program TokenkegQfeZyiNwAJbNbGKPFXCWuBvf9Ss623VQ5DA consumed 3121 of 154191 compute units
[2022-02-12T07:55:45.099026000Z DEBUG solana_program_runtime::stable_log] Program TokenkegQfeZyiNwAJbNbGKPFXCWuBvf9Ss623VQ5DA success
[2022-02-12T07:55:45.099635000Z DEBUG solana_program_runtime::stable_log] Program 4uQeVj5tqViQh7yWWGStvkEG1Zmhx6uasJtWCJziofM invoke [1]
[2022-02-12T07:55:45.099873000Z DEBUG solana_bpf_loader_program] Program CiDwVBFgWV9E5MvXWoLgnEgn2hK7rJikbvfWavzAQz3 consumed 18030 of 167928 compute units
[2022-02-12T07:55:45.100030000Z DEBUG solana_program_runtime::stable_log] Program log: Mango: UpdateRootBank
[2022-02-12T07:55:45.100322000Z DEBUG solana_program_runtime::stable_log] Program CiDwVBFgWV9E5MvXWoLgnEgn2hK7rJikbvfWavzAQz3 success
[2022-02-12T07:55:45.102279000Z DEBUG solana_program_runtime::stable_log] Program log: mango-log
[2022-02-12T07:55:45.102905000Z DEBUG solana_program_runtime::stable_log] Program log: 8HmBNKTUaLiOnQdEtiC3dVJcJz5F0IHHBUtwK3dCY1dTcqbXUIsiDQYAAAAAAAAAAAAAAAAAQEIPAAAAAAAAAAAAAAAAAEBCDwAAAAAAAAA=
[2022-02-12T07:55:45.103034000Z DEBUG solana_bpf_loader_program] Program 4uQeVj5tqViQh7yWWGStvkEG1Zmhx6uasJtWCJziofM consumed 9595 of 200000 compute units
[2022-02-12T07:55:45.103088000Z DEBUG solana_program_runtime::stable_log] Program 4uQeVj5tqViQh7yWWGStvkEG1Zmhx6uasJtWCJziofM success
[2022-02-12T07:55:45.110589000Z DEBUG solana_program_runtime::stable_log] Program CiDwVBFgWV9E5MvXWoLgnEgn2hK7rJikbvfWavzAQz3 invoke [2]
[2022-02-12T07:55:45.114526000Z DEBUG solana_program_runtime::stable_log] Program 4uQeVj5tqViQh7yWWGStvkEG1Zmhx6uasJtWCJziofM invoke [1]
[2022-02-12T07:55:45.114919000Z DEBUG solana_program_runtime::stable_log] Program log: Mango: UpdateRootBank
[2022-02-12T07:55:45.117136000Z DEBUG solana_program_runtime::stable_log] Program log: mango-log
[2022-02-12T07:55:45.117755000Z DEBUG solana_program_runtime::stable_log] Program log: 8HmBNKTUaLiOnQdEtiC3dVJcJz5F0IHHBUtwK3dCY1dTcqbXUIsiDQcAAAAAAAAAAAAAAAAAQEIPAAAAAAAAAAAAAAAAAEBCDwAAAAAAAAA=
[2022-02-12T07:55:45.117886000Z DEBUG solana_bpf_loader_program] Program 4uQeVj5tqViQh7yWWGStvkEG1Zmhx6uasJtWCJziofM consumed 9634 of 200000 compute units
[2022-02-12T07:55:45.117942000Z DEBUG solana_program_runtime::stable_log] Program 4uQeVj5tqViQh7yWWGStvkEG1Zmhx6uasJtWCJziofM success
[2022-02-12T07:55:45.121770000Z DEBUG solana_program_runtime::stable_log] Program TokenkegQfeZyiNwAJbNbGKPFXCWuBvf9Ss623VQ5DA invoke [3]
[2022-02-12T07:55:45.122234000Z DEBUG solana_program_runtime::stable_log] Program log: Instruction: Transfer
[2022-02-12T07:55:45.123174000Z DEBUG solana_bpf_loader_program] Program TokenkegQfeZyiNwAJbNbGKPFXCWuBvf9Ss623VQ5DA consumed 3121 of 136552 compute units
[2022-02-12T07:55:45.123234000Z DEBUG solana_program_runtime::stable_log] Program TokenkegQfeZyiNwAJbNbGKPFXCWuBvf9Ss623VQ5DA success
[2022-02-12T07:55:45.128793000Z DEBUG solana_program_runtime::stable_log] Program 4uQeVj5tqViQh7yWWGStvkEG1Zmhx6uasJtWCJziofM invoke [1]
[2022-02-12T07:55:45.129181000Z DEBUG solana_program_runtime::stable_log] Program log: Mango: UpdateRootBank
[2022-02-12T07:55:45.131407000Z DEBUG solana_program_runtime::stable_log] Program log: mango-log
[2022-02-12T07:55:45.131810000Z DEBUG solana_program_runtime::stable_log] Program TokenkegQfeZyiNwAJbNbGKPFXCWuBvf9Ss623VQ5DA invoke [3]
[2022-02-12T07:55:45.132032000Z DEBUG solana_program_runtime::stable_log] Program log: 8HmBNKTUaLiOnQdEtiC3dVJcJz5F0IHHBUtwK3dCY1dTcqbXUIsiDQgAAAAAAAAAAAAAAAAAQEIPAAAAAAAAAAAAAAAAAEBCDwAAAAAAAAA=
[2022-02-12T07:55:45.132160000Z DEBUG solana_bpf_loader_program] Program 4uQeVj5tqViQh7yWWGStvkEG1Zmhx6uasJtWCJziofM consumed 9673 of 200000 compute units
[2022-02-12T07:55:45.132214000Z DEBUG solana_program_runtime::stable_log] Program 4uQeVj5tqViQh7yWWGStvkEG1Zmhx6uasJtWCJziofM success
[2022-02-12T07:55:45.132245000Z DEBUG solana_program_runtime::stable_log] Program log: Instruction: Transfer
[2022-02-12T07:55:45.133154000Z DEBUG solana_bpf_loader_program] Program TokenkegQfeZyiNwAJbNbGKPFXCWuBvf9Ss623VQ5DA consumed 3121 of 130688 compute units
[2022-02-12T07:55:45.133215000Z DEBUG solana_program_runtime::stable_log] Program TokenkegQfeZyiNwAJbNbGKPFXCWuBvf9Ss623VQ5DA success
[2022-02-12T07:55:45.133910000Z DEBUG solana_bpf_loader_program] Program CiDwVBFgWV9E5MvXWoLgnEgn2hK7rJikbvfWavzAQz3 consumed 20205 of 146866 compute units
[2022-02-12T07:55:45.134004000Z DEBUG solana_program_runtime::stable_log] Program CiDwVBFgWV9E5MvXWoLgnEgn2hK7rJikbvfWavzAQz3 success
[2022-02-12T07:55:45.136321000Z DEBUG solana_program_runtime::stable_log] Program log: mango-log
[2022-02-12T07:55:45.137060000Z DEBUG solana_program_runtime::stable_log] Program log: F5qwwQsqqPRxdA4GcfGyliALQuYkXc4nClpZlDF0SasXF9CRTJ3gvoWYGTYxRWZSwF8WwSoE6ckGyilogkoE2APMsUfJe2qRDwAAAAAAAAAAAAAAAADgIgIAAAAAAAAAAAAAAAAAAAAAAAAAAAAAAA==
[2022-02-12T07:55:45.137111000Z DEBUG solana_program_runtime::stable_log] Program log: mango-log
[2022-02-12T07:55:45.137847000Z DEBUG solana_program_runtime::stable_log] Program log: F5qwwQsqqPRxdA4GcfGyliALQuYkXc4nClpZlDF0SasXF9CRTJ3gvoWYGTYxRWZSwF8WwSoE6ckGyilogkoE2APMsUfJe2qRAAAAAAAAAAAAAAAAAAAAAAAAAAAAAAAAAAAAAAAAAAAAAAAAAAAAAA==
[2022-02-12T07:55:45.139724000Z DEBUG solana_program_runtime::stable_log] Program log: mango-log
[2022-02-12T07:55:45.140528000Z DEBUG solana_program_runtime::stable_log] Program log: V4pUNuOCxqxxdA4GcfGyliALQuYkXc4nClpZlDF0SasXF9CRTJ3gvoWYGTYxRWZSwF8WwSoE6ckGyilogkoE2APMsUfJe2qRAAAAAAAAAAAAAAAAAAAAAAAAAAAAAAAAAOQLVAIAAAAAAAAAAAAAAAAAAAAAAAAA
[2022-02-12T07:55:45.141132000Z DEBUG solana_bpf_loader_program] Program 8opHzTAnfzRpPEx21XtnrVTX28YQuCpAjcn1PczScKh consumed 94747 of 200000 compute units
[2022-02-12T07:55:45.141339000Z DEBUG solana_program_runtime::stable_log] Program 8opHzTAnfzRpPEx21XtnrVTX28YQuCpAjcn1PczScKh success
[2022-02-12T07:55:45.143211000Z DEBUG solana_program_runtime::stable_log] Program 4uQeVj5tqViQh7yWWGStvkEG1Zmhx6uasJtWCJziofM invoke [1]
[2022-02-12T07:55:45.143617000Z DEBUG solana_program_runtime::stable_log] Program log: Mango: UpdateRootBank
[2022-02-12T07:55:45.145909000Z DEBUG solana_program_runtime::stable_log] Program log: mango-log
[2022-02-12T07:55:45.146529000Z DEBUG solana_program_runtime::stable_log] Program log: 8HmBNKTUaLiOnQdEtiC3dVJcJz5F0IHHBUtwK3dCY1dTcqbXUIsiDQkAAAAAAAAAAAAAAAAAQEIPAAAAAAAAAAAAAAAAAEBCDwAAAAAAAAA=
[2022-02-12T07:55:45.146658000Z DEBUG solana_bpf_loader_program] Program 4uQeVj5tqViQh7yWWGStvkEG1Zmhx6uasJtWCJziofM consumed 9712 of 200000 compute units
[2022-02-12T07:55:45.146719000Z DEBUG solana_program_runtime::stable_log] Program 4uQeVj5tqViQh7yWWGStvkEG1Zmhx6uasJtWCJziofM success
[2022-02-12T07:55:45.157948000Z DEBUG solana_program_runtime::stable_log] Program 4uQeVj5tqViQh7yWWGStvkEG1Zmhx6uasJtWCJziofM invoke [1]
[2022-02-12T07:55:45.158394000Z DEBUG solana_program_runtime::stable_log] Program log: Mango: UpdateRootBank
[2022-02-12T07:55:45.159156000Z DEBUG solana_program_runtime::stable_log] Program 8opHzTAnfzRpPEx21XtnrVTX28YQuCpAjcn1PczScKh invoke [1]
[2022-02-12T07:55:45.159782000Z DEBUG solana_program_runtime::stable_log] Program log: Mango: CreateSpotOpenOrders
[2022-02-12T07:55:45.160652000Z DEBUG solana_program_runtime::stable_log] Program log: mango-log
[2022-02-12T07:55:45.160912000Z DEBUG solana_program_runtime::stable_log] Program 11111111111111111111111111111111 invoke [2]
[2022-02-12T07:55:45.160982000Z DEBUG solana_program_runtime::stable_log] Program 11111111111111111111111111111111 success
[2022-02-12T07:55:45.161271000Z DEBUG solana_program_runtime::stable_log] Program log: 8HmBNKTUaLiOnQdEtiC3dVJcJz5F0IHHBUtwK3dCY1dTcqbXUIsiDQoAAAAAAAAAAAAAAAAAQEIPAAAAAAAAAAAAAAAAAEBCDwAAAAAAAAA=
[2022-02-12T07:55:45.161406000Z DEBUG solana_bpf_loader_program] Program 4uQeVj5tqViQh7yWWGStvkEG1Zmhx6uasJtWCJziofM consumed 9751 of 200000 compute units
[2022-02-12T07:55:45.161468000Z DEBUG solana_program_runtime::stable_log] Program 4uQeVj5tqViQh7yWWGStvkEG1Zmhx6uasJtWCJziofM success
[2022-02-12T07:55:45.169754000Z DEBUG solana_program_runtime::stable_log] Program CiDwVBFgWV9E5MvXWoLgnEgn2hK7rJikbvfWavzAQz3 invoke [2]
[2022-02-12T07:55:45.171258000Z DEBUG solana_bpf_loader_program] Program CiDwVBFgWV9E5MvXWoLgnEgn2hK7rJikbvfWavzAQz3 consumed 3417 of 190727 compute units
[2022-02-12T07:55:45.171316000Z DEBUG solana_program_runtime::stable_log] Program CiDwVBFgWV9E5MvXWoLgnEgn2hK7rJikbvfWavzAQz3 success
[2022-02-12T07:55:45.171604000Z DEBUG solana_bpf_loader_program] Program 8opHzTAnfzRpPEx21XtnrVTX28YQuCpAjcn1PczScKh consumed 13098 of 200000 compute units
[2022-02-12T07:55:45.171687000Z DEBUG solana_program_runtime::stable_log] Program 8opHzTAnfzRpPEx21XtnrVTX28YQuCpAjcn1PczScKh success
[2022-02-12T07:55:45.172297000Z DEBUG solana_program_runtime::stable_log] Program 4uQeVj5tqViQh7yWWGStvkEG1Zmhx6uasJtWCJziofM invoke [1]
[2022-02-12T07:55:45.172692000Z DEBUG solana_program_runtime::stable_log] Program log: Mango: UpdateRootBank
[2022-02-12T07:55:45.174982000Z DEBUG solana_program_runtime::stable_log] Program log: mango-log
[2022-02-12T07:55:45.175604000Z DEBUG solana_program_runtime::stable_log] Program log: 8HmBNKTUaLiOnQdEtiC3dVJcJz5F0IHHBUtwK3dCY1dTcqbXUIsiDQsAAAAAAAAAAAAAAAAAQEIPAAAAAAAAAAAAAAAAAEBCDwAAAAAAAAA=
[2022-02-12T07:55:45.175737000Z DEBUG solana_bpf_loader_program] Program 4uQeVj5tqViQh7yWWGStvkEG1Zmhx6uasJtWCJziofM consumed 9790 of 200000 compute units
[2022-02-12T07:55:45.175794000Z DEBUG solana_program_runtime::stable_log] Program 4uQeVj5tqViQh7yWWGStvkEG1Zmhx6uasJtWCJziofM success
[2022-02-12T07:55:45.188165000Z DEBUG solana_program_runtime::stable_log] Program 4uQeVj5tqViQh7yWWGStvkEG1Zmhx6uasJtWCJziofM invoke [1]
[2022-02-12T07:55:45.188638000Z DEBUG solana_program_runtime::stable_log] Program log: Mango: UpdateRootBank
[2022-02-12T07:55:45.190930000Z DEBUG solana_program_runtime::stable_log] Program log: mango-log
[2022-02-12T07:55:45.191130000Z DEBUG solana_program_runtime::stable_log] Program 8opHzTAnfzRpPEx21XtnrVTX28YQuCpAjcn1PczScKh invoke [1]
[2022-02-12T07:55:45.191558000Z DEBUG solana_program_runtime::stable_log] Program log: 8HmBNKTUaLiOnQdEtiC3dVJcJz5F0IHHBUtwK3dCY1dTcqbXUIsiDQwAAAAAAAAAAAAAAAAAQEIPAAAAAAAAAAAAAAAAAEBCDwAAAAAAAAA=
[2022-02-12T07:55:45.191690000Z DEBUG solana_bpf_loader_program] Program 4uQeVj5tqViQh7yWWGStvkEG1Zmhx6uasJtWCJziofM consumed 9829 of 200000 compute units
[2022-02-12T07:55:45.191758000Z DEBUG solana_program_runtime::stable_log] Program 4uQeVj5tqViQh7yWWGStvkEG1Zmhx6uasJtWCJziofM success
[2022-02-12T07:55:45.193128000Z DEBUG solana_program_runtime::stable_log] Program log: Mango: PlaceSpotOrder
[2022-02-12T07:55:45.202179000Z DEBUG solana_program_runtime::stable_log] Program 4uQeVj5tqViQh7yWWGStvkEG1Zmhx6uasJtWCJziofM invoke [1]
[2022-02-12T07:55:45.202575000Z DEBUG solana_program_runtime::stable_log] Program log: Mango: UpdateRootBank
[2022-02-12T07:55:45.204886000Z DEBUG solana_program_runtime::stable_log] Program log: mango-log
[2022-02-12T07:55:45.205513000Z DEBUG solana_program_runtime::stable_log] Program log: 8HmBNKTUaLiOnQdEtiC3dVJcJz5F0IHHBUtwK3dCY1dTcqbXUIsiDQ0AAAAAAAAAAAAAAAAAQEIPAAAAAAAAAAAAAAAAAEBCDwAAAAAAAAA=
[2022-02-12T07:55:45.205645000Z DEBUG solana_bpf_loader_program] Program 4uQeVj5tqViQh7yWWGStvkEG1Zmhx6uasJtWCJziofM consumed 9877 of 200000 compute units
[2022-02-12T07:55:45.205708000Z DEBUG solana_program_runtime::stable_log] Program 4uQeVj5tqViQh7yWWGStvkEG1Zmhx6uasJtWCJziofM success
[2022-02-12T07:55:45.212210000Z DEBUG solana_program_runtime::stable_log] Program CiDwVBFgWV9E5MvXWoLgnEgn2hK7rJikbvfWavzAQz3 invoke [2]
[2022-02-12T07:55:45.216913000Z DEBUG solana_program_runtime::stable_log] Program 4uQeVj5tqViQh7yWWGStvkEG1Zmhx6uasJtWCJziofM invoke [1]
[2022-02-12T07:55:45.217304000Z DEBUG solana_program_runtime::stable_log] Program log: Mango: UpdateRootBank
[2022-02-12T07:55:45.219621000Z DEBUG solana_program_runtime::stable_log] Program log: mango-log
[2022-02-12T07:55:45.220240000Z DEBUG solana_program_runtime::stable_log] Program log: 8HmBNKTUaLiOnQdEtiC3dVJcJz5F0IHHBUtwK3dCY1dTcqbXUIsiDQ4AAAAAAAAAAAAAAAAAQEIPAAAAAAAAAAAAAAAAAEBCDwAAAAAAAAA=
[2022-02-12T07:55:45.220370000Z DEBUG solana_bpf_loader_program] Program 4uQeVj5tqViQh7yWWGStvkEG1Zmhx6uasJtWCJziofM consumed 9907 of 200000 compute units
[2022-02-12T07:55:45.220427000Z DEBUG solana_program_runtime::stable_log] Program 4uQeVj5tqViQh7yWWGStvkEG1Zmhx6uasJtWCJziofM success
[2022-02-12T07:55:45.224882000Z DEBUG solana_program_runtime::stable_log] Program TokenkegQfeZyiNwAJbNbGKPFXCWuBvf9Ss623VQ5DA invoke [3]
[2022-02-12T07:55:45.225321000Z DEBUG solana_program_runtime::stable_log] Program log: Instruction: Transfer
[2022-02-12T07:55:45.226222000Z DEBUG solana_bpf_loader_program] Program TokenkegQfeZyiNwAJbNbGKPFXCWuBvf9Ss623VQ5DA consumed 3121 of 148338 compute units
[2022-02-12T07:55:45.226279000Z DEBUG solana_program_runtime::stable_log] Program TokenkegQfeZyiNwAJbNbGKPFXCWuBvf9Ss623VQ5DA success
[2022-02-12T07:55:45.227066000Z DEBUG solana_bpf_loader_program] Program CiDwVBFgWV9E5MvXWoLgnEgn2hK7rJikbvfWavzAQz3 consumed 18030 of 162075 compute units
[2022-02-12T07:55:45.227200000Z DEBUG solana_program_runtime::stable_log] Program CiDwVBFgWV9E5MvXWoLgnEgn2hK7rJikbvfWavzAQz3 success
[2022-02-12T07:55:45.231087000Z DEBUG solana_program_runtime::stable_log] Program 4uQeVj5tqViQh7yWWGStvkEG1Zmhx6uasJtWCJziofM invoke [1]
[2022-02-12T07:55:45.231500000Z DEBUG solana_program_runtime::stable_log] Program log: Mango: UpdateRootBank
[2022-02-12T07:55:45.233850000Z DEBUG solana_program_runtime::stable_log] Program log: mango-log
[2022-02-12T07:55:45.234478000Z DEBUG solana_program_runtime::stable_log] Program log: 8HmBNKTUaLiOnQdEtiC3dVJcJz5F0IHHBUtwK3dCY1dTcqbXUIsiDQ8AAAAAAAAAAAAAAAAAQEIPAAAAAAAAAAAAAAAAAEBCDwAAAAAAAAA=
[2022-02-12T07:55:45.234609000Z DEBUG solana_bpf_loader_program] Program 4uQeVj5tqViQh7yWWGStvkEG1Zmhx6uasJtWCJziofM consumed 9946 of 200000 compute units
[2022-02-12T07:55:45.234673000Z DEBUG solana_program_runtime::stable_log] Program 4uQeVj5tqViQh7yWWGStvkEG1Zmhx6uasJtWCJziofM success
[2022-02-12T07:55:45.237359000Z DEBUG solana_program_runtime::stable_log] Program CiDwVBFgWV9E5MvXWoLgnEgn2hK7rJikbvfWavzAQz3 invoke [2]
[2022-02-12T07:55:45.245807000Z DEBUG solana_program_runtime::stable_log] Program 4uQeVj5tqViQh7yWWGStvkEG1Zmhx6uasJtWCJziofM invoke [1]
[2022-02-12T07:55:45.246253000Z DEBUG solana_program_runtime::stable_log] Program log: Mango: UpdateFunding
[2022-02-12T07:55:45.247390000Z DEBUG solana_program_runtime::stable_log] Program log: mango-log
[2022-02-12T07:55:45.248014000Z DEBUG solana_program_runtime::stable_log] Program log: ta5iwCEXTXuOnQdEtiC3dVJcJz5F0IHHBUtwK3dCY1dTcqbXUIsiDQAAAAAAAAAAAAAAAAAAAAAAAAAAAAAAAAAAAAAAAAAAAAAAAAAAAAA=
[2022-02-12T07:55:45.248167000Z DEBUG solana_bpf_loader_program] Program 4uQeVj5tqViQh7yWWGStvkEG1Zmhx6uasJtWCJziofM consumed 6381 of 200000 compute units
[2022-02-12T07:55:45.248236000Z DEBUG solana_program_runtime::stable_log] Program 4uQeVj5tqViQh7yWWGStvkEG1Zmhx6uasJtWCJziofM success
[2022-02-12T07:55:45.248540000Z DEBUG solana_program_runtime::stable_log] Program TokenkegQfeZyiNwAJbNbGKPFXCWuBvf9Ss623VQ5DA invoke [3]
[2022-02-12T07:55:45.249003000Z DEBUG solana_program_runtime::stable_log] Program log: Instruction: Transfer
[2022-02-12T07:55:45.249935000Z DEBUG solana_bpf_loader_program] Program TokenkegQfeZyiNwAJbNbGKPFXCWuBvf9Ss623VQ5DA consumed 3121 of 130699 compute units
[2022-02-12T07:55:45.249997000Z DEBUG solana_program_runtime::stable_log] Program TokenkegQfeZyiNwAJbNbGKPFXCWuBvf9Ss623VQ5DA success
[2022-02-12T07:55:45.258587000Z DEBUG solana_program_runtime::stable_log] Program TokenkegQfeZyiNwAJbNbGKPFXCWuBvf9Ss623VQ5DA invoke [3]
[2022-02-12T07:55:45.258836000Z DEBUG solana_program_runtime::stable_log] Program 4uQeVj5tqViQh7yWWGStvkEG1Zmhx6uasJtWCJziofM invoke [1]
[2022-02-12T07:55:45.259022000Z DEBUG solana_program_runtime::stable_log] Program log: Instruction: Transfer
[2022-02-12T07:55:45.259282000Z DEBUG solana_program_runtime::stable_log] Program log: Mango: UpdateFunding
[2022-02-12T07:55:45.259947000Z DEBUG solana_bpf_loader_program] Program TokenkegQfeZyiNwAJbNbGKPFXCWuBvf9Ss623VQ5DA consumed 3121 of 124835 compute units
[2022-02-12T07:55:45.260003000Z DEBUG solana_program_runtime::stable_log] Program TokenkegQfeZyiNwAJbNbGKPFXCWuBvf9Ss623VQ5DA success
[2022-02-12T07:55:45.260420000Z DEBUG solana_program_runtime::stable_log] Program log: mango-log
[2022-02-12T07:55:45.260645000Z DEBUG solana_bpf_loader_program] Program CiDwVBFgWV9E5MvXWoLgnEgn2hK7rJikbvfWavzAQz3 consumed 20205 of 141013 compute units
[2022-02-12T07:55:45.260720000Z DEBUG solana_program_runtime::stable_log] Program CiDwVBFgWV9E5MvXWoLgnEgn2hK7rJikbvfWavzAQz3 success
[2022-02-12T07:55:45.261038000Z DEBUG solana_program_runtime::stable_log] Program log: ta5iwCEXTXuOnQdEtiC3dVJcJz5F0IHHBUtwK3dCY1dTcqbXUIsiDQEAAAAAAAAAAAAAAAAAAAAAAAAAAAAAAAAAAAAAAAAAAAAAAAAAAAA=
[2022-02-12T07:55:45.261195000Z DEBUG solana_bpf_loader_program] Program 4uQeVj5tqViQh7yWWGStvkEG1Zmhx6uasJtWCJziofM consumed 6421 of 200000 compute units
[2022-02-12T07:55:45.261261000Z DEBUG solana_program_runtime::stable_log] Program 4uQeVj5tqViQh7yWWGStvkEG1Zmhx6uasJtWCJziofM success
[2022-02-12T07:55:45.263080000Z DEBUG solana_program_runtime::stable_log] Program log: mango-log
[2022-02-12T07:55:45.263831000Z DEBUG solana_program_runtime::stable_log] Program log: F5qwwQsqqPRxdA4GcfGyliALQuYkXc4nClpZlDF0SasXF9CRTJ3gvoWYGTYxRWZSwF8WwSoE6ckGyilogkoE2APMsUfJe2qRDwAAAAAAAAAAAAAAAADQ+wEAAAAAAAAAAAAAAAAAAAAAAAAAAAAAAA==
[2022-02-12T07:55:45.263883000Z DEBUG solana_program_runtime::stable_log] Program log: mango-log
[2022-02-12T07:55:45.264616000Z DEBUG solana_program_runtime::stable_log] Program log: F5qwwQsqqPRxdA4GcfGyliALQuYkXc4nClpZlDF0SasXF9CRTJ3gvoWYGTYxRWZSwF8WwSoE6ckGyilogkoE2APMsUfJe2qRAQAAAAAAAAAAAAAAAAAAAAAAAAAAAAAAAAAAAAAAAAAAAAAAAAAAAA==
[2022-02-12T07:55:45.266490000Z DEBUG solana_program_runtime::stable_log] Program log: mango-log
[2022-02-12T07:55:45.267289000Z DEBUG solana_program_runtime::stable_log] Program log: V4pUNuOCxqxxdA4GcfGyliALQuYkXc4nClpZlDF0SasXF9CRTJ3gvoWYGTYxRWZSwF8WwSoE6ckGyilogkoE2APMsUfJe2qRAQAAAAAAAAAAAAAAAAAAAAAAAAAAAAAAAOQLVAIAAAAAAAAAAAAAAAAAAAAAAAAA
[2022-02-12T07:55:45.267910000Z DEBUG solana_bpf_loader_program] Program 8opHzTAnfzRpPEx21XtnrVTX28YQuCpAjcn1PczScKh consumed 100618 of 200000 compute units
[2022-02-12T07:55:45.268122000Z DEBUG solana_program_runtime::stable_log] Program 8opHzTAnfzRpPEx21XtnrVTX28YQuCpAjcn1PczScKh success
[2022-02-12T07:55:45.271678000Z DEBUG solana_program_runtime::stable_log] Program 4uQeVj5tqViQh7yWWGStvkEG1Zmhx6uasJtWCJziofM invoke [1]
[2022-02-12T07:55:45.272175000Z DEBUG solana_program_runtime::stable_log] Program log: Mango: UpdateFunding
[2022-02-12T07:55:45.273365000Z DEBUG solana_program_runtime::stable_log] Program log: mango-log
[2022-02-12T07:55:45.273991000Z DEBUG solana_program_runtime::stable_log] Program log: ta5iwCEXTXuOnQdEtiC3dVJcJz5F0IHHBUtwK3dCY1dTcqbXUIsiDQIAAAAAAAAAAAAAAAAAAAAAAAAAAAAAAAAAAAAAAAAAAAAAAAAAAAA=
[2022-02-12T07:55:45.274153000Z DEBUG solana_bpf_loader_program] Program 4uQeVj5tqViQh7yWWGStvkEG1Zmhx6uasJtWCJziofM consumed 6460 of 200000 compute units
[2022-02-12T07:55:45.274232000Z DEBUG solana_program_runtime::stable_log] Program 4uQeVj5tqViQh7yWWGStvkEG1Zmhx6uasJtWCJziofM success
[2022-02-12T07:55:45.284952000Z DEBUG solana_program_runtime::stable_log] Program 4uQeVj5tqViQh7yWWGStvkEG1Zmhx6uasJtWCJziofM invoke [1]
[2022-02-12T07:55:45.285456000Z DEBUG solana_program_runtime::stable_log] Program log: Mango: UpdateFunding
[2022-02-12T07:55:45.285946000Z DEBUG solana_program_runtime::stable_log] Program 8opHzTAnfzRpPEx21XtnrVTX28YQuCpAjcn1PczScKh invoke [1]
[2022-02-12T07:55:45.286572000Z DEBUG solana_program_runtime::stable_log] Program log: Mango: CreateSpotOpenOrders
[2022-02-12T07:55:45.286636000Z DEBUG solana_program_runtime::stable_log] Program log: mango-log
[2022-02-12T07:55:45.287263000Z DEBUG solana_program_runtime::stable_log] Program log: ta5iwCEXTXuOnQdEtiC3dVJcJz5F0IHHBUtwK3dCY1dTcqbXUIsiDQMAAAAAAAAAAAAAAAAAAAAAAAAAAAAAAAAAAAAAAAAAAAAAAAAAAAA=
[2022-02-12T07:55:45.287416000Z DEBUG solana_bpf_loader_program] Program 4uQeVj5tqViQh7yWWGStvkEG1Zmhx6uasJtWCJziofM consumed 6499 of 200000 compute units
[2022-02-12T07:55:45.287497000Z DEBUG solana_program_runtime::stable_log] Program 4uQeVj5tqViQh7yWWGStvkEG1Zmhx6uasJtWCJziofM success
[2022-02-12T07:55:45.287723000Z DEBUG solana_program_runtime::stable_log] Program 11111111111111111111111111111111 invoke [2]
[2022-02-12T07:55:45.287795000Z DEBUG solana_program_runtime::stable_log] Program 11111111111111111111111111111111 success
[2022-02-12T07:55:45.296537000Z DEBUG solana_program_runtime::stable_log] Program CiDwVBFgWV9E5MvXWoLgnEgn2hK7rJikbvfWavzAQz3 invoke [2]
[2022-02-12T07:55:45.297864000Z DEBUG solana_program_runtime::stable_log] Program 4uQeVj5tqViQh7yWWGStvkEG1Zmhx6uasJtWCJziofM invoke [1]
[2022-02-12T07:55:45.298028000Z DEBUG solana_bpf_loader_program] Program CiDwVBFgWV9E5MvXWoLgnEgn2hK7rJikbvfWavzAQz3 consumed 3417 of 190679 compute units
[2022-02-12T07:55:45.298087000Z DEBUG solana_program_runtime::stable_log] Program CiDwVBFgWV9E5MvXWoLgnEgn2hK7rJikbvfWavzAQz3 success
[2022-02-12T07:55:45.298311000Z DEBUG solana_program_runtime::stable_log] Program log: Mango: UpdateFunding
[2022-02-12T07:55:45.298380000Z DEBUG solana_bpf_loader_program] Program 8opHzTAnfzRpPEx21XtnrVTX28YQuCpAjcn1PczScKh consumed 13146 of 200000 compute units
[2022-02-12T07:55:45.298459000Z DEBUG solana_program_runtime::stable_log] Program 8opHzTAnfzRpPEx21XtnrVTX28YQuCpAjcn1PczScKh success
[2022-02-12T07:55:45.299542000Z DEBUG solana_program_runtime::stable_log] Program log: mango-log
[2022-02-12T07:55:45.300156000Z DEBUG solana_program_runtime::stable_log] Program log: ta5iwCEXTXuOnQdEtiC3dVJcJz5F0IHHBUtwK3dCY1dTcqbXUIsiDQQAAAAAAAAAAAAAAAAAAAAAAAAAAAAAAAAAAAAAAAAAAAAAAAAAAAA=
[2022-02-12T07:55:45.300302000Z DEBUG solana_bpf_loader_program] Program 4uQeVj5tqViQh7yWWGStvkEG1Zmhx6uasJtWCJziofM consumed 6538 of 200000 compute units
[2022-02-12T07:55:45.300373000Z DEBUG solana_program_runtime::stable_log] Program 4uQeVj5tqViQh7yWWGStvkEG1Zmhx6uasJtWCJziofM success
[2022-02-12T07:55:45.310875000Z DEBUG solana_program_runtime::stable_log] Program 4uQeVj5tqViQh7yWWGStvkEG1Zmhx6uasJtWCJziofM invoke [1]
[2022-02-12T07:55:45.311388000Z DEBUG solana_program_runtime::stable_log] Program log: Mango: UpdateFunding
[2022-02-12T07:55:45.312632000Z DEBUG solana_program_runtime::stable_log] Program log: mango-log
[2022-02-12T07:55:45.313254000Z DEBUG solana_program_runtime::stable_log] Program log: ta5iwCEXTXuOnQdEtiC3dVJcJz5F0IHHBUtwK3dCY1dTcqbXUIsiDQUAAAAAAAAAAAAAAAAAAAAAAAAAAAAAAAAAAAAAAAAAAAAAAAAAAAA=
[2022-02-12T07:55:45.313410000Z DEBUG solana_bpf_loader_program] Program 4uQeVj5tqViQh7yWWGStvkEG1Zmhx6uasJtWCJziofM consumed 6577 of 200000 compute units
[2022-02-12T07:55:45.313490000Z DEBUG solana_program_runtime::stable_log] Program 4uQeVj5tqViQh7yWWGStvkEG1Zmhx6uasJtWCJziofM success
[2022-02-12T07:55:45.319015000Z DEBUG solana_program_runtime::stable_log] Program 8opHzTAnfzRpPEx21XtnrVTX28YQuCpAjcn1PczScKh invoke [1]
[2022-02-12T07:55:45.321065000Z DEBUG solana_program_runtime::stable_log] Program log: Mango: PlaceSpotOrder
[2022-02-12T07:55:45.324962000Z DEBUG solana_program_runtime::stable_log] Program 4uQeVj5tqViQh7yWWGStvkEG1Zmhx6uasJtWCJziofM invoke [1]
[2022-02-12T07:55:45.325418000Z DEBUG solana_program_runtime::stable_log] Program log: Mango: UpdateFunding
[2022-02-12T07:55:45.326636000Z DEBUG solana_program_runtime::stable_log] Program log: mango-log
[2022-02-12T07:55:45.327258000Z DEBUG solana_program_runtime::stable_log] Program log: ta5iwCEXTXuOnQdEtiC3dVJcJz5F0IHHBUtwK3dCY1dTcqbXUIsiDQYAAAAAAAAAAAAAAAAAAAAAAAAAAAAAAAAAAAAAAAAAAAAAAAAAAAA=
[2022-02-12T07:55:45.327412000Z DEBUG solana_bpf_loader_program] Program 4uQeVj5tqViQh7yWWGStvkEG1Zmhx6uasJtWCJziofM consumed 6616 of 200000 compute units
[2022-02-12T07:55:45.327485000Z DEBUG solana_program_runtime::stable_log] Program 4uQeVj5tqViQh7yWWGStvkEG1Zmhx6uasJtWCJziofM success
[2022-02-12T07:55:45.337582000Z DEBUG solana_program_runtime::stable_log] Program 4uQeVj5tqViQh7yWWGStvkEG1Zmhx6uasJtWCJziofM invoke [1]
[2022-02-12T07:55:45.338043000Z DEBUG solana_program_runtime::stable_log] Program log: Mango: UpdateFunding
[2022-02-12T07:55:45.339270000Z DEBUG solana_program_runtime::stable_log] Program log: mango-log
[2022-02-12T07:55:45.339888000Z DEBUG solana_program_runtime::stable_log] Program log: ta5iwCEXTXuOnQdEtiC3dVJcJz5F0IHHBUtwK3dCY1dTcqbXUIsiDQcAAAAAAAAAAAAAAAAAAAAAAAAAAAAAAAAAAAAAAAAAAAAAAAAAAAA=
[2022-02-12T07:55:45.340039000Z DEBUG solana_bpf_loader_program] Program 4uQeVj5tqViQh7yWWGStvkEG1Zmhx6uasJtWCJziofM consumed 6655 of 200000 compute units
[2022-02-12T07:55:45.340110000Z DEBUG solana_program_runtime::stable_log] Program 4uQeVj5tqViQh7yWWGStvkEG1Zmhx6uasJtWCJziofM success
[2022-02-12T07:55:45.342112000Z DEBUG solana_program_runtime::stable_log] Program CiDwVBFgWV9E5MvXWoLgnEgn2hK7rJikbvfWavzAQz3 invoke [2]
[2022-02-12T07:55:45.350902000Z DEBUG solana_program_runtime::stable_log] Program 4uQeVj5tqViQh7yWWGStvkEG1Zmhx6uasJtWCJziofM invoke [1]
[2022-02-12T07:55:45.351350000Z DEBUG solana_program_runtime::stable_log] Program log: Mango: UpdateFunding
[2022-02-12T07:55:45.352590000Z DEBUG solana_program_runtime::stable_log] Program log: mango-log
[2022-02-12T07:55:45.353218000Z DEBUG solana_program_runtime::stable_log] Program log: ta5iwCEXTXuOnQdEtiC3dVJcJz5F0IHHBUtwK3dCY1dTcqbXUIsiDQgAAAAAAAAAAAAAAAAAAAAAAAAAAAAAAAAAAAAAAAAAAAAAAAAAAAA=
[2022-02-12T07:55:45.353374000Z DEBUG solana_bpf_loader_program] Program 4uQeVj5tqViQh7yWWGStvkEG1Zmhx6uasJtWCJziofM consumed 6694 of 200000 compute units
[2022-02-12T07:55:45.353443000Z DEBUG solana_program_runtime::stable_log] Program 4uQeVj5tqViQh7yWWGStvkEG1Zmhx6uasJtWCJziofM success
[2022-02-12T07:55:45.355012000Z DEBUG solana_program_runtime::stable_log] Program TokenkegQfeZyiNwAJbNbGKPFXCWuBvf9Ss623VQ5DA invoke [3]
[2022-02-12T07:55:45.355459000Z DEBUG solana_program_runtime::stable_log] Program log: Instruction: Transfer
[2022-02-12T07:55:45.356385000Z DEBUG solana_bpf_loader_program] Program TokenkegQfeZyiNwAJbNbGKPFXCWuBvf9Ss623VQ5DA consumed 3121 of 142478 compute units
[2022-02-12T07:55:45.356445000Z DEBUG solana_program_runtime::stable_log] Program TokenkegQfeZyiNwAJbNbGKPFXCWuBvf9Ss623VQ5DA success
[2022-02-12T07:55:45.357258000Z DEBUG solana_bpf_loader_program] Program CiDwVBFgWV9E5MvXWoLgnEgn2hK7rJikbvfWavzAQz3 consumed 18030 of 156215 compute units
[2022-02-12T07:55:45.357414000Z DEBUG solana_program_runtime::stable_log] Program CiDwVBFgWV9E5MvXWoLgnEgn2hK7rJikbvfWavzAQz3 success
[2022-02-12T07:55:45.363904000Z DEBUG solana_program_runtime::stable_log] Program 4uQeVj5tqViQh7yWWGStvkEG1Zmhx6uasJtWCJziofM invoke [1]
[2022-02-12T07:55:45.364353000Z DEBUG solana_program_runtime::stable_log] Program log: Mango: UpdateFunding
[2022-02-12T07:55:45.365615000Z DEBUG solana_program_runtime::stable_log] Program log: mango-log
[2022-02-12T07:55:45.366234000Z DEBUG solana_program_runtime::stable_log] Program log: ta5iwCEXTXuOnQdEtiC3dVJcJz5F0IHHBUtwK3dCY1dTcqbXUIsiDQkAAAAAAAAAAAAAAAAAAAAAAAAAAAAAAAAAAAAAAAAAAAAAAAAAAAA=
[2022-02-12T07:55:45.366386000Z DEBUG solana_bpf_loader_program] Program 4uQeVj5tqViQh7yWWGStvkEG1Zmhx6uasJtWCJziofM consumed 6733 of 200000 compute units
[2022-02-12T07:55:45.366453000Z DEBUG solana_program_runtime::stable_log] Program 4uQeVj5tqViQh7yWWGStvkEG1Zmhx6uasJtWCJziofM success
[2022-02-12T07:55:45.367713000Z DEBUG solana_program_runtime::stable_log] Program CiDwVBFgWV9E5MvXWoLgnEgn2hK7rJikbvfWavzAQz3 invoke [2]
[2022-02-12T07:55:45.376619000Z DEBUG solana_program_runtime::stable_log] Program 4uQeVj5tqViQh7yWWGStvkEG1Zmhx6uasJtWCJziofM invoke [1]
[2022-02-12T07:55:45.377089000Z DEBUG solana_program_runtime::stable_log] Program log: Mango: UpdateFunding
[2022-02-12T07:55:45.378362000Z DEBUG solana_program_runtime::stable_log] Program log: mango-log
[2022-02-12T07:55:45.378430000Z DEBUG solana_program_runtime::stable_log] Program TokenkegQfeZyiNwAJbNbGKPFXCWuBvf9Ss623VQ5DA invoke [3]
[2022-02-12T07:55:45.378866000Z DEBUG solana_program_runtime::stable_log] Program log: Instruction: Transfer
[2022-02-12T07:55:45.379013000Z DEBUG solana_program_runtime::stable_log] Program log: ta5iwCEXTXuOnQdEtiC3dVJcJz5F0IHHBUtwK3dCY1dTcqbXUIsiDQoAAAAAAAAAAAAAAAAAAAAAAAAAAAAAAAAAAAAAAAAAAAAAAAAAAAA=
[2022-02-12T07:55:45.379166000Z DEBUG solana_bpf_loader_program] Program 4uQeVj5tqViQh7yWWGStvkEG1Zmhx6uasJtWCJziofM consumed 6772 of 200000 compute units
[2022-02-12T07:55:45.379239000Z DEBUG solana_program_runtime::stable_log] Program 4uQeVj5tqViQh7yWWGStvkEG1Zmhx6uasJtWCJziofM success
[2022-02-12T07:55:45.379810000Z DEBUG solana_bpf_loader_program] Program TokenkegQfeZyiNwAJbNbGKPFXCWuBvf9Ss623VQ5DA consumed 3121 of 124839 compute units
[2022-02-12T07:55:45.379868000Z DEBUG solana_program_runtime::stable_log] Program TokenkegQfeZyiNwAJbNbGKPFXCWuBvf9Ss623VQ5DA success
[2022-02-12T07:55:45.388296000Z DEBUG solana_program_runtime::stable_log] Program TokenkegQfeZyiNwAJbNbGKPFXCWuBvf9Ss623VQ5DA invoke [3]
[2022-02-12T07:55:45.388725000Z DEBUG solana_program_runtime::stable_log] Program log: Instruction: Transfer
[2022-02-12T07:55:45.389616000Z DEBUG solana_bpf_loader_program] Program TokenkegQfeZyiNwAJbNbGKPFXCWuBvf9Ss623VQ5DA consumed 3121 of 118975 compute units
[2022-02-12T07:55:45.389677000Z DEBUG solana_program_runtime::stable_log] Program TokenkegQfeZyiNwAJbNbGKPFXCWuBvf9Ss623VQ5DA success
[2022-02-12T07:55:45.389681000Z DEBUG solana_program_runtime::stable_log] Program 4uQeVj5tqViQh7yWWGStvkEG1Zmhx6uasJtWCJziofM invoke [1]
[2022-02-12T07:55:45.390129000Z DEBUG solana_program_runtime::stable_log] Program log: Mango: UpdateFunding
[2022-02-12T07:55:45.390352000Z DEBUG solana_bpf_loader_program] Program CiDwVBFgWV9E5MvXWoLgnEgn2hK7rJikbvfWavzAQz3 consumed 20205 of 135153 compute units
[2022-02-12T07:55:45.390435000Z DEBUG solana_program_runtime::stable_log] Program CiDwVBFgWV9E5MvXWoLgnEgn2hK7rJikbvfWavzAQz3 success
[2022-02-12T07:55:45.391425000Z DEBUG solana_program_runtime::stable_log] Program log: mango-log
[2022-02-12T07:55:45.392048000Z DEBUG solana_program_runtime::stable_log] Program log: ta5iwCEXTXuOnQdEtiC3dVJcJz5F0IHHBUtwK3dCY1dTcqbXUIsiDQsAAAAAAAAAAAAAAAAAAAAAAAAAAAAAAAAAAAAAAAAAAAAAAAAAAAA=
[2022-02-12T07:55:45.392199000Z DEBUG solana_bpf_loader_program] Program 4uQeVj5tqViQh7yWWGStvkEG1Zmhx6uasJtWCJziofM consumed 6811 of 200000 compute units
[2022-02-12T07:55:45.392265000Z DEBUG solana_program_runtime::stable_log] Program 4uQeVj5tqViQh7yWWGStvkEG1Zmhx6uasJtWCJziofM success
[2022-02-12T07:55:45.392783000Z DEBUG solana_program_runtime::stable_log] Program log: mango-log
[2022-02-12T07:55:45.393578000Z DEBUG solana_program_runtime::stable_log] Program log: F5qwwQsqqPRxdA4GcfGyliALQuYkXc4nClpZlDF0SasXF9CRTJ3gvoWYGTYxRWZSwF8WwSoE6ckGyilogkoE2APMsUfJe2qRDwAAAAAAAAAAAAAAAADA1AEAAAAAAAAAAAAAAAAAAAAAAAAAAAAAAA==
[2022-02-12T07:55:45.393634000Z DEBUG solana_program_runtime::stable_log] Program log: mango-log
[2022-02-12T07:55:45.394410000Z DEBUG solana_program_runtime::stable_log] Program log: F5qwwQsqqPRxdA4GcfGyliALQuYkXc4nClpZlDF0SasXF9CRTJ3gvoWYGTYxRWZSwF8WwSoE6ckGyilogkoE2APMsUfJe2qRAgAAAAAAAAAAAAAAAAAAAAAAAAAAAAAAAAAAAAAAAAAAAAAAAAAAAA==
[2022-02-12T07:55:45.396346000Z DEBUG solana_program_runtime::stable_log] Program log: mango-log
[2022-02-12T07:55:45.397190000Z DEBUG solana_program_runtime::stable_log] Program log: V4pUNuOCxqxxdA4GcfGyliALQuYkXc4nClpZlDF0SasXF9CRTJ3gvoWYGTYxRWZSwF8WwSoE6ckGyilogkoE2APMsUfJe2qRAgAAAAAAAAAAAAAAAAAAAAAAAAAAAAAAAOQLVAIAAAAAAAAAAAAAAAAAAAAAAAAA
[2022-02-12T07:55:45.397856000Z DEBUG solana_bpf_loader_program] Program 8opHzTAnfzRpPEx21XtnrVTX28YQuCpAjcn1PczScKh consumed 106501 of 200000 compute units
[2022-02-12T07:55:45.398102000Z DEBUG solana_program_runtime::stable_log] Program 8opHzTAnfzRpPEx21XtnrVTX28YQuCpAjcn1PczScKh success
[2022-02-12T07:55:45.404456000Z DEBUG solana_program_runtime::stable_log] Program 4uQeVj5tqViQh7yWWGStvkEG1Zmhx6uasJtWCJziofM invoke [1]
[2022-02-12T07:55:45.404930000Z DEBUG solana_program_runtime::stable_log] Program log: Mango: UpdateFunding
[2022-02-12T07:55:45.406247000Z DEBUG solana_program_runtime::stable_log] Program log: mango-log
[2022-02-12T07:55:45.406876000Z DEBUG solana_program_runtime::stable_log] Program log: ta5iwCEXTXuOnQdEtiC3dVJcJz5F0IHHBUtwK3dCY1dTcqbXUIsiDQwAAAAAAAAAAAAAAAAAAAAAAAAAAAAAAAAAAAAAAAAAAAAAAAAAAAA=
[2022-02-12T07:55:45.407031000Z DEBUG solana_bpf_loader_program] Program 4uQeVj5tqViQh7yWWGStvkEG1Zmhx6uasJtWCJziofM consumed 6850 of 200000 compute units
[2022-02-12T07:55:45.407110000Z DEBUG solana_program_runtime::stable_log] Program 4uQeVj5tqViQh7yWWGStvkEG1Zmhx6uasJtWCJziofM success
[2022-02-12T07:55:45.416229000Z DEBUG solana_program_runtime::stable_log] Program 8opHzTAnfzRpPEx21XtnrVTX28YQuCpAjcn1PczScKh invoke [1]
[2022-02-12T07:55:45.416912000Z DEBUG solana_program_runtime::stable_log] Program log: Mango: CreateSpotOpenOrders
[2022-02-12T07:55:45.418110000Z DEBUG solana_program_runtime::stable_log] Program 11111111111111111111111111111111 invoke [2]
[2022-02-12T07:55:45.418182000Z DEBUG solana_program_runtime::stable_log] Program 11111111111111111111111111111111 success
[2022-02-12T07:55:45.418338000Z DEBUG solana_program_runtime::stable_log] Program 4uQeVj5tqViQh7yWWGStvkEG1Zmhx6uasJtWCJziofM invoke [1]
[2022-02-12T07:55:45.418786000Z DEBUG solana_program_runtime::stable_log] Program log: Mango: UpdateFunding
[2022-02-12T07:55:45.420108000Z DEBUG solana_program_runtime::stable_log] Program log: mango-log
[2022-02-12T07:55:45.420736000Z DEBUG solana_program_runtime::stable_log] Program log: ta5iwCEXTXuOnQdEtiC3dVJcJz5F0IHHBUtwK3dCY1dTcqbXUIsiDQ0AAAAAAAAAAAAAAAAAAAAAAAAAAAAAAAAAAAAAAAAAAAAAAAAAAAA=
[2022-02-12T07:55:45.420890000Z DEBUG solana_bpf_loader_program] Program 4uQeVj5tqViQh7yWWGStvkEG1Zmhx6uasJtWCJziofM consumed 6889 of 200000 compute units
[2022-02-12T07:55:45.420961000Z DEBUG solana_program_runtime::stable_log] Program 4uQeVj5tqViQh7yWWGStvkEG1Zmhx6uasJtWCJziofM success
[2022-02-12T07:55:45.426968000Z DEBUG solana_program_runtime::stable_log] Program CiDwVBFgWV9E5MvXWoLgnEgn2hK7rJikbvfWavzAQz3 invoke [2]
[2022-02-12T07:55:45.428480000Z DEBUG solana_bpf_loader_program] Program CiDwVBFgWV9E5MvXWoLgnEgn2hK7rJikbvfWavzAQz3 consumed 3417 of 189149 compute units
[2022-02-12T07:55:45.428544000Z DEBUG solana_program_runtime::stable_log] Program CiDwVBFgWV9E5MvXWoLgnEgn2hK7rJikbvfWavzAQz3 success
[2022-02-12T07:55:45.428832000Z DEBUG solana_bpf_loader_program] Program 8opHzTAnfzRpPEx21XtnrVTX28YQuCpAjcn1PczScKh consumed 14676 of 200000 compute units
[2022-02-12T07:55:45.428914000Z DEBUG solana_program_runtime::stable_log] Program 8opHzTAnfzRpPEx21XtnrVTX28YQuCpAjcn1PczScKh success
[2022-02-12T07:55:45.431327000Z DEBUG solana_program_runtime::stable_log] Program 4uQeVj5tqViQh7yWWGStvkEG1Zmhx6uasJtWCJziofM invoke [1]
[2022-02-12T07:55:45.431770000Z DEBUG solana_program_runtime::stable_log] Program log: Mango: UpdateFunding
[2022-02-12T07:55:45.433106000Z DEBUG solana_program_runtime::stable_log] Program log: mango-log
[2022-02-12T07:55:45.433767000Z DEBUG solana_program_runtime::stable_log] Program log: ta5iwCEXTXuOnQdEtiC3dVJcJz5F0IHHBUtwK3dCY1dTcqbXUIsiDQ4AAAAAAAAAAAAAAAAAAAAAAAAAAAAAAAAAAAAAAAAAAAAAAAAAAAA=
[2022-02-12T07:55:45.433926000Z DEBUG solana_bpf_loader_program] Program 4uQeVj5tqViQh7yWWGStvkEG1Zmhx6uasJtWCJziofM consumed 6928 of 200000 compute units
[2022-02-12T07:55:45.434003000Z DEBUG solana_program_runtime::stable_log] Program 4uQeVj5tqViQh7yWWGStvkEG1Zmhx6uasJtWCJziofM success
[2022-02-12T07:55:45.448404000Z DEBUG solana_program_runtime::stable_log] Program 4uQeVj5tqViQh7yWWGStvkEG1Zmhx6uasJtWCJziofM invoke [1]
[2022-02-12T07:55:45.449437000Z DEBUG solana_program_runtime::stable_log] Program 8opHzTAnfzRpPEx21XtnrVTX28YQuCpAjcn1PczScKh invoke [1]
[2022-02-12T07:55:45.449668000Z DEBUG solana_program_runtime::stable_log] Program log: Mango: CacheRootBanks
[2022-02-12T07:55:45.451474000Z DEBUG solana_program_runtime::stable_log] Program log: Mango: PlaceSpotOrder
[2022-02-12T07:55:45.453551000Z DEBUG solana_program_runtime::stable_log] Program log: mango-log
[2022-02-12T07:55:45.456509000Z DEBUG solana_program_runtime::stable_log] Program log: IVXYca/GfeiOnQdEtiC3dVJcJz5F0IHHBUtwK3dCY1dTcqbXUIsiDRAAAAAAAAAAAAAAAAEAAAAAAAAAAgAAAAAAAAADAAAAAAAAAAQAAAAAAAAABQAAAAAAAAAGAAAAAAAAAAcAAAAAAAAACAAAAAAAAAAJAAAAAAAAAAoAAAAAAAAACwAAAAAAAAAMAAAAAAAAAA0AAAAAAAAADgAAAAAAAAAPAAAAAAAAABAAAAAAAAAAAABAQg8AAAAAAAAAAAAAAAAAQEIPAAAAAAAAAAAAAAAAAEBCDwAAAAAAAAAAAAAAAABAQg8AAAAAAAAAAAAAAAAAQEIPAAAAAAAAAAAAAAAAAEBCDwAAAAAAAAAAAAAAAABAQg8AAAAAAAAAAAAAAAAAQEIPAAAAAAAAAAAAAAAAAEBCDwAAAAAAAAAAAAAAAABAQg8AAAAAAAAAAAAAAAAAQEIPAAAAAAAAAAAAAAAAAEBCDwAAAAAAAAAAAAAAAABAQg8AAAAAAAAAAAAAAAAAQEIPAAAAAAAAAAAAAAAAAEBCDwAAAAAAAAAAAAAAAABAQg8AAAAAAAAAEAAAAAAAAAAAAEBCDwAAAAAAAAAAAAAAAABAQg8AAAAAAAAAAAAAAAAAQEIPAAAAAAAAAAAAAAAAAEBCDwAAAAAAAAAAAAAAAABAQg8AAAAAAAAAAAAAAAAAQEIPAAAAAAAAAAAAAAAAAEBCDwAAAAAAAAAAAAAAAABAQg8AAAAAAAAAAAAAAAAAQEIPAAAAAAAAAAAAAAAAAEBCDwAAAAAAAAAAAAAAAABAQg8AAAAAAAAAAAAAAAAAQEIPAAAAAAAAAAAAAAAAAEBCDwAAAAAAAAAAAAAAAABAQg8AAAAAAAAAAAAAAAAAQEIPAAAAAAAAAAAAAAAAAEBCDwAAAAAAAAA=
[2022-02-12T07:55:45.456941000Z DEBUG solana_bpf_loader_program] Program 4uQeVj5tqViQh7yWWGStvkEG1Zmhx6uasJtWCJziofM consumed 24427 of 200000 compute units
[2022-02-12T07:55:45.457032000Z DEBUG solana_program_runtime::stable_log] Program 4uQeVj5tqViQh7yWWGStvkEG1Zmhx6uasJtWCJziofM success
[2022-02-12T07:55:45.471837000Z DEBUG solana_program_runtime::stable_log] Program 4uQeVj5tqViQh7yWWGStvkEG1Zmhx6uasJtWCJziofM invoke [1]
[2022-02-12T07:55:45.473005000Z DEBUG solana_program_runtime::stable_log] Program log: Mango: CachePerpMarkets
[2022-02-12T07:55:45.474641000Z DEBUG solana_program_runtime::stable_log] Program CiDwVBFgWV9E5MvXWoLgnEgn2hK7rJikbvfWavzAQz3 invoke [2]
[2022-02-12T07:55:45.476812000Z DEBUG solana_program_runtime::stable_log] Program log: mango-log
[2022-02-12T07:55:45.479575000Z DEBUG solana_program_runtime::stable_log] Program log: 9lt9JxCzqw6OnQdEtiC3dVJcJz5F0IHHBUtwK3dCY1dTcqbXUIsiDQ8AAAAAAAAAAAAAAAEAAAAAAAAAAgAAAAAAAAADAAAAAAAAAAQAAAAAAAAABQAAAAAAAAAGAAAAAAAAAAcAAAAAAAAACAAAAAAAAAAJAAAAAAAAAAoAAAAAAAAACwAAAAAAAAAMAAAAAAAAAA0AAAAAAAAADgAAAAAAAAAPAAAAAAAAAAAAAAAAAAAAAAAAAAAAAAAAAAAAAAAAAAAAAAAAAAAAAAAAAAAAAAAAAAAAAAAAAAAAAAAAAAAAAAAAAAAAAAAAAAAAAAAAAAAAAAAAAAAAAAAAAAAAAAAAAAAAAAAAAAAAAAAAAAAAAAAAAAAAAAAAAAAAAAAAAAAAAAAAAAAAAAAAAAAAAAAAAAAAAAAAAAAAAAAAAAAAAAAAAAAAAAAAAAAAAAAAAAAAAAAAAAAAAAAAAAAAAAAAAAAAAAAAAAAAAAAAAAAAAAAAAAAAAAAAAAAAAAAAAAAAAAAAAAAAAAAAAAAAAAAAAAAADwAAAAAAAAAAAAAAAAAAAAAAAAAAAAAAAAAAAAAAAAAAAAAAAAAAAAAAAAAAAAAAAAAAAAAAAAAAAAAAAAAAAAAAAAAAAAAAAAAAAAAAAAAAAAAAAAAAAAAAAAAAAAAAAAAAAAAAAAAAAAAAAAAAAAAAAAAAAAAAAAAAAAAAAAAAAAAAAAAAAAAAAAAAAAAAAAAAAAAAAAAAAAAAAAAAAAAAAAAAAAAAAAAAAAAAAAAAAAAAAAAAAAAAAAAAAAAAAAAAAAAAAAAAAAAAAAAAAAAAAAAAAAAAAAAAAAAAAAAAAAAAAAAAAAAAAAAAAAAAAAAAAA==
[2022-02-12T07:55:45.479998000Z DEBUG solana_bpf_loader_program] Program 4uQeVj5tqViQh7yWWGStvkEG1Zmhx6uasJtWCJziofM consumed 23463 of 200000 compute units
[2022-02-12T07:55:45.480086000Z DEBUG solana_program_runtime::stable_log] Program 4uQeVj5tqViQh7yWWGStvkEG1Zmhx6uasJtWCJziofM success
[2022-02-12T07:55:45.487474000Z DEBUG solana_program_runtime::stable_log] Program TokenkegQfeZyiNwAJbNbGKPFXCWuBvf9Ss623VQ5DA invoke [3]
[2022-02-12T07:55:45.487943000Z DEBUG solana_program_runtime::stable_log] Program log: Instruction: Transfer
[2022-02-12T07:55:45.488894000Z DEBUG solana_bpf_loader_program] Program TokenkegQfeZyiNwAJbNbGKPFXCWuBvf9Ss623VQ5DA consumed 3121 of 136589 compute units
[2022-02-12T07:55:45.488956000Z DEBUG solana_program_runtime::stable_log] Program TokenkegQfeZyiNwAJbNbGKPFXCWuBvf9Ss623VQ5DA success
[2022-02-12T07:55:45.489770000Z DEBUG solana_bpf_loader_program] Program CiDwVBFgWV9E5MvXWoLgnEgn2hK7rJikbvfWavzAQz3 consumed 18030 of 150326 compute units
[2022-02-12T07:55:45.489954000Z DEBUG solana_program_runtime::stable_log] Program CiDwVBFgWV9E5MvXWoLgnEgn2hK7rJikbvfWavzAQz3 success
[2022-02-12T07:55:45.494794000Z DEBUG solana_program_runtime::stable_log] Program 4uQeVj5tqViQh7yWWGStvkEG1Zmhx6uasJtWCJziofM invoke [1]
[2022-02-12T07:55:45.495917000Z DEBUG solana_program_runtime::stable_log] Program log: Mango: Withdraw
[2022-02-12T07:55:45.498695000Z DEBUG solana_program_runtime::stable_log] Program log: mango-log
[2022-02-12T07:55:45.499453000Z DEBUG solana_program_runtime::stable_log] Program log: F5qwwQsqqPSOnQdEtiC3dVJcJz5F0IHHBUtwK3dCY1dTcqbXUIsiDZ1YCVLZmyxQ0KU0ABh9yM/vMSquwXUF7QGtIfD1O+9BAAAAAAAAAAAAAAAAAAAAAAAAAAAAAAAAAAAAAAAAAQAAAAAAAAAAAA==
[2022-02-12T07:55:45.500123000Z DEBUG solana_program_runtime::stable_log] Program CiDwVBFgWV9E5MvXWoLgnEgn2hK7rJikbvfWavzAQz3 invoke [2]
[2022-02-12T07:55:45.507783000Z DEBUG solana_program_runtime::stable_log] Program TokenkegQfeZyiNwAJbNbGKPFXCWuBvf9Ss623VQ5DA invoke [2]
[2022-02-12T07:55:45.508236000Z DEBUG solana_program_runtime::stable_log] Program log: Instruction: Transfer
[2022-02-12T07:55:45.509166000Z DEBUG solana_bpf_loader_program] Program TokenkegQfeZyiNwAJbNbGKPFXCWuBvf9Ss623VQ5DA consumed 3121 of 183572 compute units
[2022-02-12T07:55:45.509221000Z DEBUG solana_program_runtime::stable_log] Program TokenkegQfeZyiNwAJbNbGKPFXCWuBvf9Ss623VQ5DA success
[2022-02-12T07:55:45.510158000Z DEBUG solana_program_runtime::stable_log] Program log: mango-log
[2022-02-12T07:55:45.510943000Z DEBUG solana_program_runtime::stable_log] Program log: 60VzPrmsft+OnQdEtiC3dVJcJz5F0IHHBUtwK3dCY1dTcqbXUIsiDZ1YCVLZmyxQ0KU0ABh9yM/vMSquwXUF7QGtIfD1O+9BbZ8O2Fn1ZRiRnabF7CU5PT+SWE1ZGKPrwn5LaxAXF+EAAAAAAAAAAEBCDwAAAAAA
[2022-02-12T07:55:45.511121000Z DEBUG solana_program_runtime::stable_log] Program TokenkegQfeZyiNwAJbNbGKPFXCWuBvf9Ss623VQ5DA invoke [3]
[2022-02-12T07:55:45.511289000Z DEBUG solana_bpf_loader_program] Program 4uQeVj5tqViQh7yWWGStvkEG1Zmhx6uasJtWCJziofM consumed 25111 of 200000 compute units
[2022-02-12T07:55:45.511375000Z DEBUG solana_program_runtime::stable_log] Program 4uQeVj5tqViQh7yWWGStvkEG1Zmhx6uasJtWCJziofM success
[2022-02-12T07:55:45.511559000Z DEBUG solana_program_runtime::stable_log] Program log: Instruction: Transfer
[2022-02-12T07:55:45.512507000Z DEBUG solana_bpf_loader_program] Program TokenkegQfeZyiNwAJbNbGKPFXCWuBvf9Ss623VQ5DA consumed 3121 of 118943 compute units
[2022-02-12T07:55:45.512567000Z DEBUG solana_program_runtime::stable_log] Program TokenkegQfeZyiNwAJbNbGKPFXCWuBvf9Ss623VQ5DA success
[2022-02-12T07:55:45.521106000Z DEBUG solana_program_runtime::stable_log] Program TokenkegQfeZyiNwAJbNbGKPFXCWuBvf9Ss623VQ5DA invoke [3]
[2022-02-12T07:55:45.521549000Z DEBUG solana_program_runtime::stable_log] Program log: Instruction: Transfer
[2022-02-12T07:55:45.522478000Z DEBUG solana_bpf_loader_program] Program TokenkegQfeZyiNwAJbNbGKPFXCWuBvf9Ss623VQ5DA consumed 3121 of 113079 compute units
[2022-02-12T07:55:45.522535000Z DEBUG solana_program_runtime::stable_log] Program TokenkegQfeZyiNwAJbNbGKPFXCWuBvf9Ss623VQ5DA success
[2022-02-12T07:55:45.523171000Z DEBUG solana_bpf_loader_program] Program CiDwVBFgWV9E5MvXWoLgnEgn2hK7rJikbvfWavzAQz3 consumed 20212 of 129264 compute units
[2022-02-12T07:55:45.523243000Z DEBUG solana_program_runtime::stable_log] Program CiDwVBFgWV9E5MvXWoLgnEgn2hK7rJikbvfWavzAQz3 success
[2022-02-12T07:55:45.525591000Z DEBUG solana_program_runtime::stable_log] Program log: mango-log
[2022-02-12T07:55:45.525966000Z DEBUG solana_program_runtime::stable_log] Program 4uQeVj5tqViQh7yWWGStvkEG1Zmhx6uasJtWCJziofM invoke [1]
[2022-02-12T07:55:45.526358000Z DEBUG solana_program_runtime::stable_log] Program log: F5qwwQsqqPRxdA4GcfGyliALQuYkXc4nClpZlDF0SasXF9CRTJ3gvoWYGTYxRWZSwF8WwSoE6ckGyilogkoE2APMsUfJe2qRDwAAAAAAAAAAAAAAAACwrQEAAAAAAAAAAAAAAAAAAAAAAAAAAAAAAA==
[2022-02-12T07:55:45.526409000Z DEBUG solana_program_runtime::stable_log] Program log: mango-log
[2022-02-12T07:55:45.527094000Z DEBUG solana_program_runtime::stable_log] Program log: Mango: Withdraw
[2022-02-12T07:55:45.527170000Z DEBUG solana_program_runtime::stable_log] Program log: F5qwwQsqqPRxdA4GcfGyliALQuYkXc4nClpZlDF0SasXF9CRTJ3gvoWYGTYxRWZSwF8WwSoE6ckGyilogkoE2APMsUfJe2qRAwAAAAAAAAAAAAAAAAAAAAAAAAAAAAAAAAAAAAAAAAAAAAAAAAAAAA==
[2022-02-12T07:55:45.529104000Z DEBUG solana_program_runtime::stable_log] Program log: mango-log
[2022-02-12T07:55:45.529892000Z DEBUG solana_program_runtime::stable_log] Program log: mango-log
[2022-02-12T07:55:45.529935000Z DEBUG solana_program_runtime::stable_log] Program log: V4pUNuOCxqxxdA4GcfGyliALQuYkXc4nClpZlDF0SasXF9CRTJ3gvoWYGTYxRWZSwF8WwSoE6ckGyilogkoE2APMsUfJe2qRAwAAAAAAAAAAAAAAAAAAAAAAAAAAAAAAAOQLVAIAAAAAAAAAAAAAAAAAAAAAAAAA
[2022-02-12T07:55:45.530606000Z DEBUG solana_bpf_loader_program] Program 8opHzTAnfzRpPEx21XtnrVTX28YQuCpAjcn1PczScKh consumed 112418 of 200000 compute units
[2022-02-12T07:55:45.530653000Z DEBUG solana_program_runtime::stable_log] Program log: F5qwwQsqqPSOnQdEtiC3dVJcJz5F0IHHBUtwK3dCY1dTcqbXUIsiDZ1YCVLZmyxQ0KU0ABh9yM/vMSquwXUF7QGtIfD1O+9BAQAAAAAAAAAAAAAAAAAAAAAAAAAAAAAAAAAAAAAAAQAAAAAAAAAAAA==
[2022-02-12T07:55:45.530826000Z DEBUG solana_program_runtime::stable_log] Program 8opHzTAnfzRpPEx21XtnrVTX28YQuCpAjcn1PczScKh success
[2022-02-12T07:55:45.538986000Z DEBUG solana_program_runtime::stable_log] Program TokenkegQfeZyiNwAJbNbGKPFXCWuBvf9Ss623VQ5DA invoke [2]
[2022-02-12T07:55:45.539429000Z DEBUG solana_program_runtime::stable_log] Program log: Instruction: Transfer
[2022-02-12T07:55:45.540335000Z DEBUG solana_bpf_loader_program] Program TokenkegQfeZyiNwAJbNbGKPFXCWuBvf9Ss623VQ5DA consumed 3121 of 183524 compute units
[2022-02-12T07:55:45.540390000Z DEBUG solana_program_runtime::stable_log] Program TokenkegQfeZyiNwAJbNbGKPFXCWuBvf9Ss623VQ5DA success
[2022-02-12T07:55:45.541587000Z DEBUG solana_program_runtime::stable_log] Program log: mango-log
[2022-02-12T07:55:45.542354000Z DEBUG solana_program_runtime::stable_log] Program log: 60VzPrmsft+OnQdEtiC3dVJcJz5F0IHHBUtwK3dCY1dTcqbXUIsiDZ1YCVLZmyxQ0KU0ABh9yM/vMSquwXUF7QGtIfD1O+9BbZ8O2Fn1ZRiRnabF7CU5PT+SWE1ZGKPrwn5LaxAXF+EBAAAAAAAAAEBCDwAAAAAA
[2022-02-12T07:55:45.542691000Z DEBUG solana_bpf_loader_program] Program 4uQeVj5tqViQh7yWWGStvkEG1Zmhx6uasJtWCJziofM consumed 26025 of 200000 compute units
[2022-02-12T07:55:45.542775000Z DEBUG solana_program_runtime::stable_log] Program 4uQeVj5tqViQh7yWWGStvkEG1Zmhx6uasJtWCJziofM success
[2022-02-12T07:55:45.548594000Z DEBUG solana_program_runtime::stable_log] Program 8opHzTAnfzRpPEx21XtnrVTX28YQuCpAjcn1PczScKh invoke [1]
[2022-02-12T07:55:45.549281000Z DEBUG solana_program_runtime::stable_log] Program log: Mango: CreateSpotOpenOrders
[2022-02-12T07:55:45.550494000Z DEBUG solana_program_runtime::stable_log] Program 11111111111111111111111111111111 invoke [2]
[2022-02-12T07:55:45.550571000Z DEBUG solana_program_runtime::stable_log] Program 11111111111111111111111111111111 success
[2022-02-12T07:55:45.557049000Z DEBUG solana_program_runtime::stable_log] Program 4uQeVj5tqViQh7yWWGStvkEG1Zmhx6uasJtWCJziofM invoke [1]
[2022-02-12T07:55:45.558183000Z DEBUG solana_program_runtime::stable_log] Program log: Mango: Withdraw
[2022-02-12T07:55:45.559294000Z DEBUG solana_program_runtime::stable_log] Program CiDwVBFgWV9E5MvXWoLgnEgn2hK7rJikbvfWavzAQz3 invoke [2]
[2022-02-12T07:55:45.560767000Z DEBUG solana_bpf_loader_program] Program CiDwVBFgWV9E5MvXWoLgnEgn2hK7rJikbvfWavzAQz3 consumed 3417 of 189110 compute units
[2022-02-12T07:55:45.560830000Z DEBUG solana_program_runtime::stable_log] Program CiDwVBFgWV9E5MvXWoLgnEgn2hK7rJikbvfWavzAQz3 success
[2022-02-12T07:55:45.561007000Z DEBUG solana_program_runtime::stable_log] Program log: mango-log
[2022-02-12T07:55:45.561114000Z DEBUG solana_bpf_loader_program] Program 8opHzTAnfzRpPEx21XtnrVTX28YQuCpAjcn1PczScKh consumed 14715 of 200000 compute units
[2022-02-12T07:55:45.561195000Z DEBUG solana_program_runtime::stable_log] Program 8opHzTAnfzRpPEx21XtnrVTX28YQuCpAjcn1PczScKh success
[2022-02-12T07:55:45.561790000Z DEBUG solana_program_runtime::stable_log] Program log: F5qwwQsqqPSOnQdEtiC3dVJcJz5F0IHHBUtwK3dCY1dTcqbXUIsiDZ1YCVLZmyxQ0KU0ABh9yM/vMSquwXUF7QGtIfD1O+9BAgAAAAAAAAAAAAAAAAAAAAAAAAAAAAAAAAAAAAAAAQAAAAAAAAAAAA==
[2022-02-12T07:55:45.570201000Z DEBUG solana_program_runtime::stable_log] Program TokenkegQfeZyiNwAJbNbGKPFXCWuBvf9Ss623VQ5DA invoke [2]
[2022-02-12T07:55:45.570707000Z DEBUG solana_program_runtime::stable_log] Program log: Instruction: Transfer
[2022-02-12T07:55:45.571662000Z DEBUG solana_bpf_loader_program] Program TokenkegQfeZyiNwAJbNbGKPFXCWuBvf9Ss623VQ5DA consumed 3121 of 183477 compute units
[2022-02-12T07:55:45.571730000Z DEBUG solana_program_runtime::stable_log] Program TokenkegQfeZyiNwAJbNbGKPFXCWuBvf9Ss623VQ5DA success
[2022-02-12T07:55:45.573287000Z DEBUG solana_program_runtime::stable_log] Program log: mango-log
[2022-02-12T07:55:45.574084000Z DEBUG solana_program_runtime::stable_log] Program log: 60VzPrmsft+OnQdEtiC3dVJcJz5F0IHHBUtwK3dCY1dTcqbXUIsiDZ1YCVLZmyxQ0KU0ABh9yM/vMSquwXUF7QGtIfD1O+9BbZ8O2Fn1ZRiRnabF7CU5PT+SWE1ZGKPrwn5LaxAXF+ECAAAAAAAAAEBCDwAAAAAA
[2022-02-12T07:55:45.574431000Z DEBUG solana_bpf_loader_program] Program 4uQeVj5tqViQh7yWWGStvkEG1Zmhx6uasJtWCJziofM consumed 26938 of 200000 compute units
[2022-02-12T07:55:45.574517000Z DEBUG solana_program_runtime::stable_log] Program 4uQeVj5tqViQh7yWWGStvkEG1Zmhx6uasJtWCJziofM success
[2022-02-12T07:55:45.581049000Z DEBUG solana_program_runtime::stable_log] Program 8opHzTAnfzRpPEx21XtnrVTX28YQuCpAjcn1PczScKh invoke [1]
[2022-02-12T07:55:45.583135000Z DEBUG solana_program_runtime::stable_log] Program log: Mango: PlaceSpotOrder
[2022-02-12T07:55:45.589134000Z DEBUG solana_program_runtime::stable_log] Program 4uQeVj5tqViQh7yWWGStvkEG1Zmhx6uasJtWCJziofM invoke [1]
[2022-02-12T07:55:45.590262000Z DEBUG solana_program_runtime::stable_log] Program log: Mango: Withdraw
[2022-02-12T07:55:45.593097000Z DEBUG solana_program_runtime::stable_log] Program log: mango-log
[2022-02-12T07:55:45.593851000Z DEBUG solana_program_runtime::stable_log] Program log: F5qwwQsqqPSOnQdEtiC3dVJcJz5F0IHHBUtwK3dCY1dTcqbXUIsiDZ1YCVLZmyxQ0KU0ABh9yM/vMSquwXUF7QGtIfD1O+9BAwAAAAAAAAAAAAAAAAAAAAAAAAAAAAAAAAAAAAAAAQAAAAAAAAAAAA==
[2022-02-12T07:55:45.602293000Z DEBUG solana_program_runtime::stable_log] Program TokenkegQfeZyiNwAJbNbGKPFXCWuBvf9Ss623VQ5DA invoke [2]
[2022-02-12T07:55:45.602746000Z DEBUG solana_program_runtime::stable_log] Program log: Instruction: Transfer
[2022-02-12T07:55:45.603689000Z DEBUG solana_bpf_loader_program] Program TokenkegQfeZyiNwAJbNbGKPFXCWuBvf9Ss623VQ5DA consumed 3121 of 183430 compute units
[2022-02-12T07:55:45.603753000Z DEBUG solana_program_runtime::stable_log] Program TokenkegQfeZyiNwAJbNbGKPFXCWuBvf9Ss623VQ5DA success
[2022-02-12T07:55:45.605577000Z DEBUG solana_program_runtime::stable_log] Program log: mango-log
[2022-02-12T07:55:45.606364000Z DEBUG solana_program_runtime::stable_log] Program log: 60VzPrmsft+OnQdEtiC3dVJcJz5F0IHHBUtwK3dCY1dTcqbXUIsiDZ1YCVLZmyxQ0KU0ABh9yM/vMSquwXUF7QGtIfD1O+9BbZ8O2Fn1ZRiRnabF7CU5PT+SWE1ZGKPrwn5LaxAXF+EDAAAAAAAAAEBCDwAAAAAA
[2022-02-12T07:55:45.606714000Z DEBUG solana_bpf_loader_program] Program 4uQeVj5tqViQh7yWWGStvkEG1Zmhx6uasJtWCJziofM consumed 27851 of 200000 compute units
[2022-02-12T07:55:45.606802000Z DEBUG solana_program_runtime::stable_log] Program 4uQeVj5tqViQh7yWWGStvkEG1Zmhx6uasJtWCJziofM success
[2022-02-12T07:55:45.607925000Z DEBUG solana_program_runtime::stable_log] Program CiDwVBFgWV9E5MvXWoLgnEgn2hK7rJikbvfWavzAQz3 invoke [2]
[2022-02-12T07:55:45.620677000Z DEBUG solana_program_runtime::stable_log] Program TokenkegQfeZyiNwAJbNbGKPFXCWuBvf9Ss623VQ5DA invoke [3]
[2022-02-12T07:55:45.621123000Z DEBUG solana_program_runtime::stable_log] Program log: Instruction: Transfer
[2022-02-12T07:55:45.621455000Z DEBUG solana_program_runtime::stable_log] Program 4uQeVj5tqViQh7yWWGStvkEG1Zmhx6uasJtWCJziofM invoke [1]
[2022-02-12T07:55:45.622049000Z DEBUG solana_bpf_loader_program] Program TokenkegQfeZyiNwAJbNbGKPFXCWuBvf9Ss623VQ5DA consumed 3121 of 131319 compute units
[2022-02-12T07:55:45.622109000Z DEBUG solana_program_runtime::stable_log] Program TokenkegQfeZyiNwAJbNbGKPFXCWuBvf9Ss623VQ5DA success
[2022-02-12T07:55:45.622584000Z DEBUG solana_program_runtime::stable_log] Program log: Mango: Withdraw
[2022-02-12T07:55:45.622916000Z DEBUG solana_bpf_loader_program] Program CiDwVBFgWV9E5MvXWoLgnEgn2hK7rJikbvfWavzAQz3 consumed 18030 of 145056 compute units
[2022-02-12T07:55:45.623047000Z DEBUG solana_program_runtime::stable_log] Program CiDwVBFgWV9E5MvXWoLgnEgn2hK7rJikbvfWavzAQz3 success
[2022-02-12T07:55:45.625577000Z DEBUG solana_program_runtime::stable_log] Program log: mango-log
[2022-02-12T07:55:45.626329000Z DEBUG solana_program_runtime::stable_log] Program log: F5qwwQsqqPSOnQdEtiC3dVJcJz5F0IHHBUtwK3dCY1dTcqbXUIsiDZ1YCVLZmyxQ0KU0ABh9yM/vMSquwXUF7QGtIfD1O+9BBAAAAAAAAAAAAAAAAAAAAAAAAAAAAAAAAAAAAAAA6AMAAAAAAAAAAA==
[2022-02-12T07:55:45.633216000Z DEBUG solana_program_runtime::stable_log] Program CiDwVBFgWV9E5MvXWoLgnEgn2hK7rJikbvfWavzAQz3 invoke [2]
[2022-02-12T07:55:45.634678000Z DEBUG solana_program_runtime::stable_log] Program TokenkegQfeZyiNwAJbNbGKPFXCWuBvf9Ss623VQ5DA invoke [2]
[2022-02-12T07:55:45.635118000Z DEBUG solana_program_runtime::stable_log] Program log: Instruction: Transfer
[2022-02-12T07:55:45.636052000Z DEBUG solana_bpf_loader_program] Program TokenkegQfeZyiNwAJbNbGKPFXCWuBvf9Ss623VQ5DA consumed 3121 of 182883 compute units
[2022-02-12T07:55:45.636106000Z DEBUG solana_program_runtime::stable_log] Program TokenkegQfeZyiNwAJbNbGKPFXCWuBvf9Ss623VQ5DA success
[2022-02-12T07:55:45.638228000Z DEBUG solana_program_runtime::stable_log] Program log: mango-log
[2022-02-12T07:55:45.639014000Z DEBUG solana_program_runtime::stable_log] Program log: 60VzPrmsft+OnQdEtiC3dVJcJz5F0IHHBUtwK3dCY1dTcqbXUIsiDZ1YCVLZmyxQ0KU0ABh9yM/vMSquwXUF7QGtIfD1O+9BbZ8O2Fn1ZRiRnabF7CU5PT+SWE1ZGKPrwn5LaxAXF+EEAAAAAAAAAADKmjsAAAAA
[2022-02-12T07:55:45.639365000Z DEBUG solana_bpf_loader_program] Program 4uQeVj5tqViQh7yWWGStvkEG1Zmhx6uasJtWCJziofM consumed 29263 of 200000 compute units
[2022-02-12T07:55:45.639450000Z DEBUG solana_program_runtime::stable_log] Program 4uQeVj5tqViQh7yWWGStvkEG1Zmhx6uasJtWCJziofM success
[2022-02-12T07:55:45.644256000Z DEBUG solana_program_runtime::stable_log] Program TokenkegQfeZyiNwAJbNbGKPFXCWuBvf9Ss623VQ5DA invoke [3]
[2022-02-12T07:55:45.644702000Z DEBUG solana_program_runtime::stable_log] Program log: Instruction: Transfer
[2022-02-12T07:55:45.645640000Z DEBUG solana_bpf_loader_program] Program TokenkegQfeZyiNwAJbNbGKPFXCWuBvf9Ss623VQ5DA consumed 3121 of 113680 compute units
[2022-02-12T07:55:45.645698000Z DEBUG solana_program_runtime::stable_log] Program TokenkegQfeZyiNwAJbNbGKPFXCWuBvf9Ss623VQ5DA success
[2022-02-12T07:55:45.654264000Z DEBUG solana_program_runtime::stable_log] Program TokenkegQfeZyiNwAJbNbGKPFXCWuBvf9Ss623VQ5DA invoke [3]
[2022-02-12T07:55:45.654697000Z DEBUG solana_program_runtime::stable_log] Program log: Instruction: Transfer
[2022-02-12T07:55:45.654783000Z DEBUG solana_program_runtime::stable_log] Program 4uQeVj5tqViQh7yWWGStvkEG1Zmhx6uasJtWCJziofM invoke [1]
[2022-02-12T07:55:45.655646000Z DEBUG solana_bpf_loader_program] Program TokenkegQfeZyiNwAJbNbGKPFXCWuBvf9Ss623VQ5DA consumed 3121 of 107816 compute units
[2022-02-12T07:55:45.655701000Z DEBUG solana_program_runtime::stable_log] Program TokenkegQfeZyiNwAJbNbGKPFXCWuBvf9Ss623VQ5DA success
[2022-02-12T07:55:45.655911000Z DEBUG solana_program_runtime::stable_log] Program log: Mango: Withdraw
[2022-02-12T07:55:45.656340000Z DEBUG solana_bpf_loader_program] Program CiDwVBFgWV9E5MvXWoLgnEgn2hK7rJikbvfWavzAQz3 consumed 20205 of 123994 compute units
[2022-02-12T07:55:45.656412000Z DEBUG solana_program_runtime::stable_log] Program CiDwVBFgWV9E5MvXWoLgnEgn2hK7rJikbvfWavzAQz3 success
[2022-02-12T07:55:45.658774000Z DEBUG solana_program_runtime::stable_log] Program log: mango-log
[2022-02-12T07:55:45.658784000Z DEBUG solana_program_runtime::stable_log] Program log: mango-log
[2022-02-12T07:55:45.659532000Z DEBUG solana_program_runtime::stable_log] Program log: F5qwwQsqqPSOnQdEtiC3dVJcJz5F0IHHBUtwK3dCY1dTcqbXUIsiDZ1YCVLZmyxQ0KU0ABh9yM/vMSquwXUF7QGtIfD1O+9BBQAAAAAAAAAAAAAAAAAAAAAAAAAAAAAAAAAAAAAAAQAAAAAAAAAAAA==
[2022-02-12T07:55:45.659558000Z DEBUG solana_program_runtime::stable_log] Program log: F5qwwQsqqPRxdA4GcfGyliALQuYkXc4nClpZlDF0SasXF9CRTJ3gvoWYGTYxRWZSwF8WwSoE6ckGyilogkoE2APMsUfJe2qRDwAAAAAAAAAAAAAAAACghgEAAAAAAAAAAAAAAAAAAAAAAAAAAAAAAA==
[2022-02-12T07:55:45.659610000Z DEBUG solana_program_runtime::stable_log] Program log: mango-log
[2022-02-12T07:55:45.660371000Z DEBUG solana_program_runtime::stable_log] Program log: F5qwwQsqqPRxdA4GcfGyliALQuYkXc4nClpZlDF0SasXF9CRTJ3gvoWYGTYxRWZSwF8WwSoE6ckGyilogkoE2APMsUfJe2qRBAAAAAAAAAAAAAAAAAAAAAAAAAAAAAAAAAAAAAAAAAAAAAAAAAAAAA==
[2022-02-12T07:55:45.662467000Z DEBUG solana_program_runtime::stable_log] Program log: mango-log
[2022-02-12T07:55:45.663292000Z DEBUG solana_program_runtime::stable_log] Program log: V4pUNuOCxqxxdA4GcfGyliALQuYkXc4nClpZlDF0SasXF9CRTJ3gvoWYGTYxRWZSwF8WwSoE6ckGyilogkoE2APMsUfJe2qRBAAAAAAAAAAAAAAAAAAAAAAAAAAAAAAAAOQLVAIAAAAAAAAAAAAAAAAAAAAAAAAA
[2022-02-12T07:55:45.663974000Z DEBUG solana_bpf_loader_program] Program 8opHzTAnfzRpPEx21XtnrVTX28YQuCpAjcn1PczScKh consumed 118241 of 200000 compute units
[2022-02-12T07:55:45.664196000Z DEBUG solana_program_runtime::stable_log] Program 8opHzTAnfzRpPEx21XtnrVTX28YQuCpAjcn1PczScKh success
[2022-02-12T07:55:45.667926000Z DEBUG solana_program_runtime::stable_log] Program TokenkegQfeZyiNwAJbNbGKPFXCWuBvf9Ss623VQ5DA invoke [2]
[2022-02-12T07:55:45.668394000Z DEBUG solana_program_runtime::stable_log] Program log: Instruction: Transfer
[2022-02-12T07:55:45.669319000Z DEBUG solana_bpf_loader_program] Program TokenkegQfeZyiNwAJbNbGKPFXCWuBvf9Ss623VQ5DA consumed 3121 of 183336 compute units
[2022-02-12T07:55:45.669379000Z DEBUG solana_program_runtime::stable_log] Program TokenkegQfeZyiNwAJbNbGKPFXCWuBvf9Ss623VQ5DA success
[2022-02-12T07:55:45.671824000Z DEBUG solana_program_runtime::stable_log] Program log: mango-log
[2022-02-12T07:55:45.672613000Z DEBUG solana_program_runtime::stable_log] Program log: 60VzPrmsft+OnQdEtiC3dVJcJz5F0IHHBUtwK3dCY1dTcqbXUIsiDZ1YCVLZmyxQ0KU0ABh9yM/vMSquwXUF7QGtIfD1O+9BbZ8O2Fn1ZRiRnabF7CU5PT+SWE1ZGKPrwn5LaxAXF+EFAAAAAAAAAEBCDwAAAAAA
[2022-02-12T07:55:45.672973000Z DEBUG solana_bpf_loader_program] Program 4uQeVj5tqViQh7yWWGStvkEG1Zmhx6uasJtWCJziofM consumed 29676 of 200000 compute units
[2022-02-12T07:55:45.673065000Z DEBUG solana_program_runtime::stable_log] Program 4uQeVj5tqViQh7yWWGStvkEG1Zmhx6uasJtWCJziofM success
[2022-02-12T07:55:45.682130000Z DEBUG solana_program_runtime::stable_log] Program 8opHzTAnfzRpPEx21XtnrVTX28YQuCpAjcn1PczScKh invoke [1]
[2022-02-12T07:55:45.682796000Z DEBUG solana_program_runtime::stable_log] Program log: Mango: CreateSpotOpenOrders
[2022-02-12T07:55:45.683944000Z DEBUG solana_program_runtime::stable_log] Program 11111111111111111111111111111111 invoke [2]
[2022-02-12T07:55:45.684017000Z DEBUG solana_program_runtime::stable_log] Program 11111111111111111111111111111111 success
[2022-02-12T07:55:45.686763000Z DEBUG solana_program_runtime::stable_log] Program 4uQeVj5tqViQh7yWWGStvkEG1Zmhx6uasJtWCJziofM invoke [1]
[2022-02-12T07:55:45.687884000Z DEBUG solana_program_runtime::stable_log] Program log: Mango: Withdraw
[2022-02-12T07:55:45.690765000Z DEBUG solana_program_runtime::stable_log] Program log: mango-log
[2022-02-12T07:55:45.691525000Z DEBUG solana_program_runtime::stable_log] Program log: F5qwwQsqqPSOnQdEtiC3dVJcJz5F0IHHBUtwK3dCY1dTcqbXUIsiDZ1YCVLZmyxQ0KU0ABh9yM/vMSquwXUF7QGtIfD1O+9BBgAAAAAAAAAAAAAAAAAAAAAAAAAAAAAAAAAAAAAAAQAAAAAAAAAAAA==
[2022-02-12T07:55:45.692745000Z DEBUG solana_program_runtime::stable_log] Program CiDwVBFgWV9E5MvXWoLgnEgn2hK7rJikbvfWavzAQz3 invoke [2]
[2022-02-12T07:55:45.694212000Z DEBUG solana_bpf_loader_program] Program CiDwVBFgWV9E5MvXWoLgnEgn2hK7rJikbvfWavzAQz3 consumed 3417 of 190571 compute units
[2022-02-12T07:55:45.694278000Z DEBUG solana_program_runtime::stable_log] Program CiDwVBFgWV9E5MvXWoLgnEgn2hK7rJikbvfWavzAQz3 success
[2022-02-12T07:55:45.694563000Z DEBUG solana_bpf_loader_program] Program 8opHzTAnfzRpPEx21XtnrVTX28YQuCpAjcn1PczScKh consumed 13254 of 200000 compute units
[2022-02-12T07:55:45.694641000Z DEBUG solana_program_runtime::stable_log] Program 8opHzTAnfzRpPEx21XtnrVTX28YQuCpAjcn1PczScKh success
[2022-02-12T07:55:45.699868000Z DEBUG solana_program_runtime::stable_log] Program TokenkegQfeZyiNwAJbNbGKPFXCWuBvf9Ss623VQ5DA invoke [2]
[2022-02-12T07:55:45.700326000Z DEBUG solana_program_runtime::stable_log] Program log: Instruction: Transfer
[2022-02-12T07:55:45.701260000Z DEBUG solana_bpf_loader_program] Program TokenkegQfeZyiNwAJbNbGKPFXCWuBvf9Ss623VQ5DA consumed 3121 of 183289 compute units
[2022-02-12T07:55:45.701326000Z DEBUG solana_program_runtime::stable_log] Program TokenkegQfeZyiNwAJbNbGKPFXCWuBvf9Ss623VQ5DA success
[2022-02-12T07:55:45.704051000Z DEBUG solana_program_runtime::stable_log] Program log: mango-log
[2022-02-12T07:55:45.704839000Z DEBUG solana_program_runtime::stable_log] Program log: 60VzPrmsft+OnQdEtiC3dVJcJz5F0IHHBUtwK3dCY1dTcqbXUIsiDZ1YCVLZmyxQ0KU0ABh9yM/vMSquwXUF7QGtIfD1O+9BbZ8O2Fn1ZRiRnabF7CU5PT+SWE1ZGKPrwn5LaxAXF+EGAAAAAAAAAEBCDwAAAAAA
[2022-02-12T07:55:45.705190000Z DEBUG solana_bpf_loader_program] Program 4uQeVj5tqViQh7yWWGStvkEG1Zmhx6uasJtWCJziofM consumed 30589 of 200000 compute units
[2022-02-12T07:55:45.705277000Z DEBUG solana_program_runtime::stable_log] Program 4uQeVj5tqViQh7yWWGStvkEG1Zmhx6uasJtWCJziofM success
[2022-02-12T07:55:45.714810000Z DEBUG solana_program_runtime::stable_log] Program 8opHzTAnfzRpPEx21XtnrVTX28YQuCpAjcn1PczScKh invoke [1]
[2022-02-12T07:55:45.716847000Z DEBUG solana_program_runtime::stable_log] Program log: Mango: PlaceSpotOrder
[2022-02-12T07:55:45.719773000Z DEBUG solana_program_runtime::stable_log] Program 4uQeVj5tqViQh7yWWGStvkEG1Zmhx6uasJtWCJziofM invoke [1]
[2022-02-12T07:55:45.720898000Z DEBUG solana_program_runtime::stable_log] Program log: Mango: Withdraw
[2022-02-12T07:55:45.723723000Z DEBUG solana_program_runtime::stable_log] Program log: mango-log
[2022-02-12T07:55:45.724465000Z DEBUG solana_program_runtime::stable_log] Program log: F5qwwQsqqPSOnQdEtiC3dVJcJz5F0IHHBUtwK3dCY1dTcqbXUIsiDZ1YCVLZmyxQ0KU0ABh9yM/vMSquwXUF7QGtIfD1O+9BBwAAAAAAAAAAAAAAAAAAAAAAAAAAAAAAAAAAAAAAAQAAAAAAAAAAAA==
[2022-02-12T07:55:45.732654000Z DEBUG solana_program_runtime::stable_log] Program TokenkegQfeZyiNwAJbNbGKPFXCWuBvf9Ss623VQ5DA invoke [2]
[2022-02-12T07:55:45.733090000Z DEBUG solana_program_runtime::stable_log] Program log: Instruction: Transfer
[2022-02-12T07:55:45.733997000Z DEBUG solana_bpf_loader_program] Program TokenkegQfeZyiNwAJbNbGKPFXCWuBvf9Ss623VQ5DA consumed 3121 of 183242 compute units
[2022-02-12T07:55:45.734053000Z DEBUG solana_program_runtime::stable_log] Program TokenkegQfeZyiNwAJbNbGKPFXCWuBvf9Ss623VQ5DA success
[2022-02-12T07:55:45.737035000Z DEBUG solana_program_runtime::stable_log] Program log: mango-log
[2022-02-12T07:55:45.737817000Z DEBUG solana_program_runtime::stable_log] Program log: 60VzPrmsft+OnQdEtiC3dVJcJz5F0IHHBUtwK3dCY1dTcqbXUIsiDZ1YCVLZmyxQ0KU0ABh9yM/vMSquwXUF7QGtIfD1O+9BbZ8O2Fn1ZRiRnabF7CU5PT+SWE1ZGKPrwn5LaxAXF+EHAAAAAAAAAEBCDwAAAAAA
[2022-02-12T07:55:45.738156000Z DEBUG solana_bpf_loader_program] Program 4uQeVj5tqViQh7yWWGStvkEG1Zmhx6uasJtWCJziofM consumed 31501 of 200000 compute units
[2022-02-12T07:55:45.738251000Z DEBUG solana_program_runtime::stable_log] Program 4uQeVj5tqViQh7yWWGStvkEG1Zmhx6uasJtWCJziofM success
[2022-02-12T07:55:45.742993000Z DEBUG solana_program_runtime::stable_log] Program CiDwVBFgWV9E5MvXWoLgnEgn2hK7rJikbvfWavzAQz3 invoke [2]
[2022-02-12T07:55:45.753088000Z DEBUG solana_program_runtime::stable_log] Program 4uQeVj5tqViQh7yWWGStvkEG1Zmhx6uasJtWCJziofM invoke [1]
[2022-02-12T07:55:45.754224000Z DEBUG solana_program_runtime::stable_log] Program log: Mango: Withdraw
[2022-02-12T07:55:45.755759000Z DEBUG solana_program_runtime::stable_log] Program TokenkegQfeZyiNwAJbNbGKPFXCWuBvf9Ss623VQ5DA invoke [3]
[2022-02-12T07:55:45.756202000Z DEBUG solana_program_runtime::stable_log] Program log: Instruction: Transfer
[2022-02-12T07:55:45.757133000Z DEBUG solana_program_runtime::stable_log] Program log: mango-log
[2022-02-12T07:55:45.757136000Z DEBUG solana_bpf_loader_program] Program TokenkegQfeZyiNwAJbNbGKPFXCWuBvf9Ss623VQ5DA consumed 3121 of 124422 compute units
[2022-02-12T07:55:45.757193000Z DEBUG solana_program_runtime::stable_log] Program TokenkegQfeZyiNwAJbNbGKPFXCWuBvf9Ss623VQ5DA success
[2022-02-12T07:55:45.757890000Z DEBUG solana_program_runtime::stable_log] Program log: F5qwwQsqqPSOnQdEtiC3dVJcJz5F0IHHBUtwK3dCY1dTcqbXUIsiDZ1YCVLZmyxQ0KU0ABh9yM/vMSquwXUF7QGtIfD1O+9BCAAAAAAAAAAAAAAAAAAAAAAAAAAAAAAAAAAAAAAAAQAAAAAAAAAAAA==
[2022-02-12T07:55:45.758017000Z DEBUG solana_bpf_loader_program] Program CiDwVBFgWV9E5MvXWoLgnEgn2hK7rJikbvfWavzAQz3 consumed 18030 of 138159 compute units
[2022-02-12T07:55:45.758147000Z DEBUG solana_program_runtime::stable_log] Program CiDwVBFgWV9E5MvXWoLgnEgn2hK7rJikbvfWavzAQz3 success
[2022-02-12T07:55:45.766255000Z DEBUG solana_program_runtime::stable_log] Program TokenkegQfeZyiNwAJbNbGKPFXCWuBvf9Ss623VQ5DA invoke [2]
[2022-02-12T07:55:45.766714000Z DEBUG solana_program_runtime::stable_log] Program log: Instruction: Transfer
[2022-02-12T07:55:45.767664000Z DEBUG solana_bpf_loader_program] Program TokenkegQfeZyiNwAJbNbGKPFXCWuBvf9Ss623VQ5DA consumed 3121 of 183195 compute units
[2022-02-12T07:55:45.767719000Z DEBUG solana_program_runtime::stable_log] Program TokenkegQfeZyiNwAJbNbGKPFXCWuBvf9Ss623VQ5DA success
[2022-02-12T07:55:45.768324000Z DEBUG solana_program_runtime::stable_log] Program CiDwVBFgWV9E5MvXWoLgnEgn2hK7rJikbvfWavzAQz3 invoke [2]
[2022-02-12T07:55:45.771033000Z DEBUG solana_program_runtime::stable_log] Program log: mango-log
[2022-02-12T07:55:45.771820000Z DEBUG solana_program_runtime::stable_log] Program log: 60VzPrmsft+OnQdEtiC3dVJcJz5F0IHHBUtwK3dCY1dTcqbXUIsiDZ1YCVLZmyxQ0KU0ABh9yM/vMSquwXUF7QGtIfD1O+9BbZ8O2Fn1ZRiRnabF7CU5PT+SWE1ZGKPrwn5LaxAXF+EIAAAAAAAAAEBCDwAAAAAA
[2022-02-12T07:55:45.772172000Z DEBUG solana_bpf_loader_program] Program 4uQeVj5tqViQh7yWWGStvkEG1Zmhx6uasJtWCJziofM consumed 32414 of 200000 compute units
[2022-02-12T07:55:45.772259000Z DEBUG solana_program_runtime::stable_log] Program 4uQeVj5tqViQh7yWWGStvkEG1Zmhx6uasJtWCJziofM success
[2022-02-12T07:55:45.779398000Z DEBUG solana_program_runtime::stable_log] Program TokenkegQfeZyiNwAJbNbGKPFXCWuBvf9Ss623VQ5DA invoke [3]
[2022-02-12T07:55:45.779851000Z DEBUG solana_program_runtime::stable_log] Program log: Instruction: Transfer
[2022-02-12T07:55:45.780773000Z DEBUG solana_bpf_loader_program] Program TokenkegQfeZyiNwAJbNbGKPFXCWuBvf9Ss623VQ5DA consumed 3121 of 106783 compute units
[2022-02-12T07:55:45.780829000Z DEBUG solana_program_runtime::stable_log] Program TokenkegQfeZyiNwAJbNbGKPFXCWuBvf9Ss623VQ5DA success
[2022-02-12T07:55:45.786630000Z DEBUG solana_program_runtime::stable_log] Program 4uQeVj5tqViQh7yWWGStvkEG1Zmhx6uasJtWCJziofM invoke [1]
[2022-02-12T07:55:45.787749000Z DEBUG solana_program_runtime::stable_log] Program log: Mango: Withdraw
[2022-02-12T07:55:45.789393000Z DEBUG solana_program_runtime::stable_log] Program TokenkegQfeZyiNwAJbNbGKPFXCWuBvf9Ss623VQ5DA invoke [3]
[2022-02-12T07:55:45.789824000Z DEBUG solana_program_runtime::stable_log] Program log: Instruction: Transfer
[2022-02-12T07:55:45.790678000Z DEBUG solana_program_runtime::stable_log] Program log: mango-log
[2022-02-12T07:55:45.790749000Z DEBUG solana_bpf_loader_program] Program TokenkegQfeZyiNwAJbNbGKPFXCWuBvf9Ss623VQ5DA consumed 3121 of 100919 compute units
[2022-02-12T07:55:45.790808000Z DEBUG solana_program_runtime::stable_log] Program TokenkegQfeZyiNwAJbNbGKPFXCWuBvf9Ss623VQ5DA success
[2022-02-12T07:55:45.791432000Z DEBUG solana_program_runtime::stable_log] Program log: F5qwwQsqqPSOnQdEtiC3dVJcJz5F0IHHBUtwK3dCY1dTcqbXUIsiDZ1YCVLZmyxQ0KU0ABh9yM/vMSquwXUF7QGtIfD1O+9BCQAAAAAAAAAAAAAAAAAAAAAAAAAAAAAAAAAAAAAAAQAAAAAAAAAAAA==
[2022-02-12T07:55:45.791441000Z DEBUG solana_bpf_loader_program] Program CiDwVBFgWV9E5MvXWoLgnEgn2hK7rJikbvfWavzAQz3 consumed 20205 of 117097 compute units
[2022-02-12T07:55:45.791513000Z DEBUG solana_program_runtime::stable_log] Program CiDwVBFgWV9E5MvXWoLgnEgn2hK7rJikbvfWavzAQz3 success
[2022-02-12T07:55:45.793908000Z DEBUG solana_program_runtime::stable_log] Program log: mango-log
[2022-02-12T07:55:45.794675000Z DEBUG solana_program_runtime::stable_log] Program log: F5qwwQsqqPRxdA4GcfGyliALQuYkXc4nClpZlDF0SasXF9CRTJ3gvoWYGTYxRWZSwF8WwSoE6ckGyilogkoE2APMsUfJe2qRDwAAAAAAAAAAAAAAAACQXwEAAAAAAAAAAAAAAAAAAAAAAAAAAAAAAA==
[2022-02-12T07:55:45.794726000Z DEBUG solana_program_runtime::stable_log] Program log: mango-log
[2022-02-12T07:55:45.795479000Z DEBUG solana_program_runtime::stable_log] Program log: F5qwwQsqqPRxdA4GcfGyliALQuYkXc4nClpZlDF0SasXF9CRTJ3gvoWYGTYxRWZSwF8WwSoE6ckGyilogkoE2APMsUfJe2qRBQAAAAAAAAAAAAAAAAAAAAAAAAAAAAAAAAAAAAAAAAAAAAAAAAAAAA==
[2022-02-12T07:55:45.797410000Z DEBUG solana_program_runtime::stable_log] Program log: mango-log
[2022-02-12T07:55:45.798251000Z DEBUG solana_program_runtime::stable_log] Program log: V4pUNuOCxqxxdA4GcfGyliALQuYkXc4nClpZlDF0SasXF9CRTJ3gvoWYGTYxRWZSwF8WwSoE6ckGyilogkoE2APMsUfJe2qRBQAAAAAAAAAAAAAAAAAAAAAAAAAAAAAAAOQLVAIAAAAAAAAAAAAAAAAAAAAAAAAA
[2022-02-12T07:55:45.798956000Z DEBUG solana_bpf_loader_program] Program 8opHzTAnfzRpPEx21XtnrVTX28YQuCpAjcn1PczScKh consumed 124619 of 200000 compute units
[2022-02-12T07:55:45.799190000Z DEBUG solana_program_runtime::stable_log] Program 8opHzTAnfzRpPEx21XtnrVTX28YQuCpAjcn1PczScKh success
[2022-02-12T07:55:45.799836000Z DEBUG solana_program_runtime::stable_log] Program TokenkegQfeZyiNwAJbNbGKPFXCWuBvf9Ss623VQ5DA invoke [2]
[2022-02-12T07:55:45.800288000Z DEBUG solana_program_runtime::stable_log] Program log: Instruction: Transfer
[2022-02-12T07:55:45.801224000Z DEBUG solana_bpf_loader_program] Program TokenkegQfeZyiNwAJbNbGKPFXCWuBvf9Ss623VQ5DA consumed 3121 of 183148 compute units
[2022-02-12T07:55:45.801285000Z DEBUG solana_program_runtime::stable_log] Program TokenkegQfeZyiNwAJbNbGKPFXCWuBvf9Ss623VQ5DA success
[2022-02-12T07:55:45.804912000Z DEBUG solana_program_runtime::stable_log] Program log: mango-log
[2022-02-12T07:55:45.805710000Z DEBUG solana_program_runtime::stable_log] Program log: 60VzPrmsft+OnQdEtiC3dVJcJz5F0IHHBUtwK3dCY1dTcqbXUIsiDZ1YCVLZmyxQ0KU0ABh9yM/vMSquwXUF7QGtIfD1O+9BbZ8O2Fn1ZRiRnabF7CU5PT+SWE1ZGKPrwn5LaxAXF+EJAAAAAAAAAEBCDwAAAAAA
[2022-02-12T07:55:45.806067000Z DEBUG solana_bpf_loader_program] Program 4uQeVj5tqViQh7yWWGStvkEG1Zmhx6uasJtWCJziofM consumed 33327 of 200000 compute units
[2022-02-12T07:55:45.806163000Z DEBUG solana_program_runtime::stable_log] Program 4uQeVj5tqViQh7yWWGStvkEG1Zmhx6uasJtWCJziofM success
[2022-02-12T07:55:45.817327000Z DEBUG solana_program_runtime::stable_log] Program 8opHzTAnfzRpPEx21XtnrVTX28YQuCpAjcn1PczScKh invoke [1]
[2022-02-12T07:55:45.817994000Z DEBUG solana_program_runtime::stable_log] Program log: Mango: CreateSpotOpenOrders
[2022-02-12T07:55:45.819215000Z DEBUG solana_program_runtime::stable_log] Program 11111111111111111111111111111111 invoke [2]
[2022-02-12T07:55:45.819288000Z DEBUG solana_program_runtime::stable_log] Program 11111111111111111111111111111111 success
[2022-02-12T07:55:45.820651000Z DEBUG solana_program_runtime::stable_log] Program 4uQeVj5tqViQh7yWWGStvkEG1Zmhx6uasJtWCJziofM invoke [1]
[2022-02-12T07:55:45.821780000Z DEBUG solana_program_runtime::stable_log] Program log: Mango: Withdraw
[2022-02-12T07:55:45.824735000Z DEBUG solana_program_runtime::stable_log] Program log: mango-log
[2022-02-12T07:55:45.825496000Z DEBUG solana_program_runtime::stable_log] Program log: F5qwwQsqqPSOnQdEtiC3dVJcJz5F0IHHBUtwK3dCY1dTcqbXUIsiDZ1YCVLZmyxQ0KU0ABh9yM/vMSquwXUF7QGtIfD1O+9BCgAAAAAAAAAAAAAAAAAAAAAAAAAAAAAAAAAAAAAAAQAAAAAAAAAAAA==
[2022-02-12T07:55:45.827999000Z DEBUG solana_program_runtime::stable_log] Program CiDwVBFgWV9E5MvXWoLgnEgn2hK7rJikbvfWavzAQz3 invoke [2]
[2022-02-12T07:55:45.829481000Z DEBUG solana_bpf_loader_program] Program CiDwVBFgWV9E5MvXWoLgnEgn2hK7rJikbvfWavzAQz3 consumed 3417 of 189032 compute units
[2022-02-12T07:55:45.829546000Z DEBUG solana_program_runtime::stable_log] Program CiDwVBFgWV9E5MvXWoLgnEgn2hK7rJikbvfWavzAQz3 success
[2022-02-12T07:55:45.829827000Z DEBUG solana_bpf_loader_program] Program 8opHzTAnfzRpPEx21XtnrVTX28YQuCpAjcn1PczScKh consumed 14793 of 200000 compute units
[2022-02-12T07:55:45.829905000Z DEBUG solana_program_runtime::stable_log] Program 8opHzTAnfzRpPEx21XtnrVTX28YQuCpAjcn1PczScKh success
[2022-02-12T07:55:45.833925000Z DEBUG solana_program_runtime::stable_log] Program TokenkegQfeZyiNwAJbNbGKPFXCWuBvf9Ss623VQ5DA invoke [2]
[2022-02-12T07:55:45.834380000Z DEBUG solana_program_runtime::stable_log] Program log: Instruction: Transfer
[2022-02-12T07:55:45.835330000Z DEBUG solana_bpf_loader_program] Program TokenkegQfeZyiNwAJbNbGKPFXCWuBvf9Ss623VQ5DA consumed 3121 of 183101 compute units
[2022-02-12T07:55:45.835393000Z DEBUG solana_program_runtime::stable_log] Program TokenkegQfeZyiNwAJbNbGKPFXCWuBvf9Ss623VQ5DA success
[2022-02-12T07:55:45.839321000Z DEBUG solana_program_runtime::stable_log] Program log: mango-log
[2022-02-12T07:55:45.840125000Z DEBUG solana_program_runtime::stable_log] Program log: 60VzPrmsft+OnQdEtiC3dVJcJz5F0IHHBUtwK3dCY1dTcqbXUIsiDZ1YCVLZmyxQ0KU0ABh9yM/vMSquwXUF7QGtIfD1O+9BbZ8O2Fn1ZRiRnabF7CU5PT+SWE1ZGKPrwn5LaxAXF+EKAAAAAAAAAEBCDwAAAAAA
[2022-02-12T07:55:45.840481000Z DEBUG solana_bpf_loader_program] Program 4uQeVj5tqViQh7yWWGStvkEG1Zmhx6uasJtWCJziofM consumed 34239 of 200000 compute units
[2022-02-12T07:55:45.840575000Z DEBUG solana_program_runtime::stable_log] Program 4uQeVj5tqViQh7yWWGStvkEG1Zmhx6uasJtWCJziofM success
[2022-02-12T07:55:45.850372000Z DEBUG solana_program_runtime::stable_log] Program 8opHzTAnfzRpPEx21XtnrVTX28YQuCpAjcn1PczScKh invoke [1]
[2022-02-12T07:55:45.852556000Z DEBUG solana_program_runtime::stable_log] Program log: Mango: PlaceSpotOrder
[2022-02-12T07:55:45.856156000Z DEBUG solana_program_runtime::stable_log] Program 4uQeVj5tqViQh7yWWGStvkEG1Zmhx6uasJtWCJziofM invoke [1]
[2022-02-12T07:55:45.857252000Z DEBUG solana_program_runtime::stable_log] Program log: Mango: Withdraw
[2022-02-12T07:55:45.860120000Z DEBUG solana_program_runtime::stable_log] Program log: mango-log
[2022-02-12T07:55:45.860851000Z DEBUG solana_program_runtime::stable_log] Program log: F5qwwQsqqPSOnQdEtiC3dVJcJz5F0IHHBUtwK3dCY1dTcqbXUIsiDZ1YCVLZmyxQ0KU0ABh9yM/vMSquwXUF7QGtIfD1O+9BCwAAAAAAAAAAAAAAAAAAAAAAAAAAAAAAAAAAAAAAAQAAAAAAAAAAAA==
[2022-02-12T07:55:45.869006000Z DEBUG solana_program_runtime::stable_log] Program TokenkegQfeZyiNwAJbNbGKPFXCWuBvf9Ss623VQ5DA invoke [2]
[2022-02-12T07:55:45.869447000Z DEBUG solana_program_runtime::stable_log] Program log: Instruction: Transfer
[2022-02-12T07:55:45.870354000Z DEBUG solana_bpf_loader_program] Program TokenkegQfeZyiNwAJbNbGKPFXCWuBvf9Ss623VQ5DA consumed 3121 of 183054 compute units
[2022-02-12T07:55:45.870410000Z DEBUG solana_program_runtime::stable_log] Program TokenkegQfeZyiNwAJbNbGKPFXCWuBvf9Ss623VQ5DA success
[2022-02-12T07:55:45.874530000Z DEBUG solana_program_runtime::stable_log] Program log: mango-log
[2022-02-12T07:55:45.875324000Z DEBUG solana_program_runtime::stable_log] Program log: 60VzPrmsft+OnQdEtiC3dVJcJz5F0IHHBUtwK3dCY1dTcqbXUIsiDZ1YCVLZmyxQ0KU0ABh9yM/vMSquwXUF7QGtIfD1O+9BbZ8O2Fn1ZRiRnabF7CU5PT+SWE1ZGKPrwn5LaxAXF+ELAAAAAAAAAEBCDwAAAAAA
[2022-02-12T07:55:45.875665000Z DEBUG solana_bpf_loader_program] Program 4uQeVj5tqViQh7yWWGStvkEG1Zmhx6uasJtWCJziofM consumed 35152 of 200000 compute units
[2022-02-12T07:55:45.875759000Z DEBUG solana_program_runtime::stable_log] Program 4uQeVj5tqViQh7yWWGStvkEG1Zmhx6uasJtWCJziofM success
[2022-02-12T07:55:45.880560000Z DEBUG solana_program_runtime::stable_log] Program CiDwVBFgWV9E5MvXWoLgnEgn2hK7rJikbvfWavzAQz3 invoke [2]
[2022-02-12T07:55:45.891067000Z DEBUG solana_program_runtime::stable_log] Program 4uQeVj5tqViQh7yWWGStvkEG1Zmhx6uasJtWCJziofM invoke [1]
[2022-02-12T07:55:45.892214000Z DEBUG solana_program_runtime::stable_log] Program log: Mango: Withdraw
[2022-02-12T07:55:45.893267000Z DEBUG solana_program_runtime::stable_log] Program TokenkegQfeZyiNwAJbNbGKPFXCWuBvf9Ss623VQ5DA invoke [3]
[2022-02-12T07:55:45.893708000Z DEBUG solana_program_runtime::stable_log] Program log: Instruction: Transfer
[2022-02-12T07:55:45.894636000Z DEBUG solana_bpf_loader_program] Program TokenkegQfeZyiNwAJbNbGKPFXCWuBvf9Ss623VQ5DA consumed 3121 of 118539 compute units
[2022-02-12T07:55:45.894702000Z DEBUG solana_program_runtime::stable_log] Program TokenkegQfeZyiNwAJbNbGKPFXCWuBvf9Ss623VQ5DA success
[2022-02-12T07:55:45.895170000Z DEBUG solana_program_runtime::stable_log] Program log: mango-log
[2022-02-12T07:55:45.895532000Z DEBUG solana_bpf_loader_program] Program CiDwVBFgWV9E5MvXWoLgnEgn2hK7rJikbvfWavzAQz3 consumed 18030 of 132276 compute units
[2022-02-12T07:55:45.895668000Z DEBUG solana_program_runtime::stable_log] Program CiDwVBFgWV9E5MvXWoLgnEgn2hK7rJikbvfWavzAQz3 success
[2022-02-12T07:55:45.895929000Z DEBUG solana_program_runtime::stable_log] Program log: F5qwwQsqqPSOnQdEtiC3dVJcJz5F0IHHBUtwK3dCY1dTcqbXUIsiDZ1YCVLZmyxQ0KU0ABh9yM/vMSquwXUF7QGtIfD1O+9BDAAAAAAAAAAAAAAAAAAAAAAAAAAAAAAAAAAAAAAAAQAAAAAAAAAAAA==
[2022-02-12T07:55:45.904291000Z DEBUG solana_program_runtime::stable_log] Program TokenkegQfeZyiNwAJbNbGKPFXCWuBvf9Ss623VQ5DA invoke [2]
[2022-02-12T07:55:45.904746000Z DEBUG solana_program_runtime::stable_log] Program log: Instruction: Transfer
[2022-02-12T07:55:45.905684000Z DEBUG solana_bpf_loader_program] Program TokenkegQfeZyiNwAJbNbGKPFXCWuBvf9Ss623VQ5DA consumed 3121 of 183007 compute units
[2022-02-12T07:55:45.905741000Z DEBUG solana_program_runtime::stable_log] Program TokenkegQfeZyiNwAJbNbGKPFXCWuBvf9Ss623VQ5DA success
[2022-02-12T07:55:45.905799000Z DEBUG solana_program_runtime::stable_log] Program CiDwVBFgWV9E5MvXWoLgnEgn2hK7rJikbvfWavzAQz3 invoke [2]
[2022-02-12T07:55:45.910213000Z DEBUG solana_program_runtime::stable_log] Program log: mango-log
[2022-02-12T07:55:45.911002000Z DEBUG solana_program_runtime::stable_log] Program log: 60VzPrmsft+OnQdEtiC3dVJcJz5F0IHHBUtwK3dCY1dTcqbXUIsiDZ1YCVLZmyxQ0KU0ABh9yM/vMSquwXUF7QGtIfD1O+9BbZ8O2Fn1ZRiRnabF7CU5PT+SWE1ZGKPrwn5LaxAXF+EMAAAAAAAAAEBCDwAAAAAA
[2022-02-12T07:55:45.911347000Z DEBUG solana_bpf_loader_program] Program 4uQeVj5tqViQh7yWWGStvkEG1Zmhx6uasJtWCJziofM consumed 36065 of 200000 compute units
[2022-02-12T07:55:45.911431000Z DEBUG solana_program_runtime::stable_log] Program 4uQeVj5tqViQh7yWWGStvkEG1Zmhx6uasJtWCJziofM success
[2022-02-12T07:55:45.916876000Z DEBUG solana_program_runtime::stable_log] Program TokenkegQfeZyiNwAJbNbGKPFXCWuBvf9Ss623VQ5DA invoke [3]
[2022-02-12T07:55:45.917340000Z DEBUG solana_program_runtime::stable_log] Program log: Instruction: Transfer
[2022-02-12T07:55:45.918270000Z DEBUG solana_bpf_loader_program] Program TokenkegQfeZyiNwAJbNbGKPFXCWuBvf9Ss623VQ5DA consumed 3121 of 100900 compute units
[2022-02-12T07:55:45.918327000Z DEBUG solana_program_runtime::stable_log] Program TokenkegQfeZyiNwAJbNbGKPFXCWuBvf9Ss623VQ5DA success
[2022-02-12T07:55:45.926066000Z DEBUG solana_program_runtime::stable_log] Program 4uQeVj5tqViQh7yWWGStvkEG1Zmhx6uasJtWCJziofM invoke [1]
[2022-02-12T07:55:45.926887000Z DEBUG solana_program_runtime::stable_log] Program TokenkegQfeZyiNwAJbNbGKPFXCWuBvf9Ss623VQ5DA invoke [3]
[2022-02-12T07:55:45.927187000Z DEBUG solana_program_runtime::stable_log] Program log: Mango: Withdraw
[2022-02-12T07:55:45.927321000Z DEBUG solana_program_runtime::stable_log] Program log: Instruction: Transfer
[2022-02-12T07:55:45.928249000Z DEBUG solana_bpf_loader_program] Program TokenkegQfeZyiNwAJbNbGKPFXCWuBvf9Ss623VQ5DA consumed 3121 of 95036 compute units
[2022-02-12T07:55:45.928303000Z DEBUG solana_program_runtime::stable_log] Program TokenkegQfeZyiNwAJbNbGKPFXCWuBvf9Ss623VQ5DA success
[2022-02-12T07:55:45.928939000Z DEBUG solana_bpf_loader_program] Program CiDwVBFgWV9E5MvXWoLgnEgn2hK7rJikbvfWavzAQz3 consumed 20205 of 111214 compute units
[2022-02-12T07:55:45.929009000Z DEBUG solana_program_runtime::stable_log] Program CiDwVBFgWV9E5MvXWoLgnEgn2hK7rJikbvfWavzAQz3 success
[2022-02-12T07:55:45.930181000Z DEBUG solana_program_runtime::stable_log] Program log: mango-log
[2022-02-12T07:55:45.930938000Z DEBUG solana_program_runtime::stable_log] Program log: F5qwwQsqqPSOnQdEtiC3dVJcJz5F0IHHBUtwK3dCY1dTcqbXUIsiDZ1YCVLZmyxQ0KU0ABh9yM/vMSquwXUF7QGtIfD1O+9BDQAAAAAAAAAAAAAAAAAAAAAAAAAAAAAAAAAAAAAAAQAAAAAAAAAAAA==
[2022-02-12T07:55:45.931356000Z DEBUG solana_program_runtime::stable_log] Program log: mango-log
[2022-02-12T07:55:45.932121000Z DEBUG solana_program_runtime::stable_log] Program log: F5qwwQsqqPRxdA4GcfGyliALQuYkXc4nClpZlDF0SasXF9CRTJ3gvoWYGTYxRWZSwF8WwSoE6ckGyilogkoE2APMsUfJe2qRDwAAAAAAAAAAAAAAAACAOAEAAAAAAAAAAAAAAAAAAAAAAAAAAAAAAA==
[2022-02-12T07:55:45.932175000Z DEBUG solana_program_runtime::stable_log] Program log: mango-log
[2022-02-12T07:55:45.932937000Z DEBUG solana_program_runtime::stable_log] Program log: F5qwwQsqqPRxdA4GcfGyliALQuYkXc4nClpZlDF0SasXF9CRTJ3gvoWYGTYxRWZSwF8WwSoE6ckGyilogkoE2APMsUfJe2qRBgAAAAAAAAAAAAAAAAAAAAAAAAAAAAAAAAAAAAAAAAAAAAAAAAAAAA==
[2022-02-12T07:55:45.934881000Z DEBUG solana_program_runtime::stable_log] Program log: mango-log
[2022-02-12T07:55:45.935713000Z DEBUG solana_program_runtime::stable_log] Program log: V4pUNuOCxqxxdA4GcfGyliALQuYkXc4nClpZlDF0SasXF9CRTJ3gvoWYGTYxRWZSwF8WwSoE6ckGyilogkoE2APMsUfJe2qRBgAAAAAAAAAAAAAAAAAAAAAAAAAAAAAAAOQLVAIAAAAAAAAAAAAAAAAAAAAAAAAA
[2022-02-12T07:55:45.936433000Z DEBUG solana_bpf_loader_program] Program 8opHzTAnfzRpPEx21XtnrVTX28YQuCpAjcn1PczScKh consumed 130525 of 200000 compute units
[2022-02-12T07:55:45.936671000Z DEBUG solana_program_runtime::stable_log] Program 8opHzTAnfzRpPEx21XtnrVTX28YQuCpAjcn1PczScKh success
[2022-02-12T07:55:45.939308000Z DEBUG solana_program_runtime::stable_log] Program TokenkegQfeZyiNwAJbNbGKPFXCWuBvf9Ss623VQ5DA invoke [2]
[2022-02-12T07:55:45.939781000Z DEBUG solana_program_runtime::stable_log] Program log: Instruction: Transfer
[2022-02-12T07:55:45.940751000Z DEBUG solana_bpf_loader_program] Program TokenkegQfeZyiNwAJbNbGKPFXCWuBvf9Ss623VQ5DA consumed 3121 of 182951 compute units
[2022-02-12T07:55:45.940812000Z DEBUG solana_program_runtime::stable_log] Program TokenkegQfeZyiNwAJbNbGKPFXCWuBvf9Ss623VQ5DA success
[2022-02-12T07:55:45.945632000Z DEBUG solana_program_runtime::stable_log] Program log: mango-log
[2022-02-12T07:55:45.946437000Z DEBUG solana_program_runtime::stable_log] Program log: 60VzPrmsft+OnQdEtiC3dVJcJz5F0IHHBUtwK3dCY1dTcqbXUIsiDZ1YCVLZmyxQ0KU0ABh9yM/vMSquwXUF7QGtIfD1O+9BbZ8O2Fn1ZRiRnabF7CU5PT+SWE1ZGKPrwn5LaxAXF+ENAAAAAAAAAEBCDwAAAAAA
[2022-02-12T07:55:45.946798000Z DEBUG solana_bpf_loader_program] Program 4uQeVj5tqViQh7yWWGStvkEG1Zmhx6uasJtWCJziofM consumed 36986 of 200000 compute units
[2022-02-12T07:55:45.946891000Z DEBUG solana_program_runtime::stable_log] Program 4uQeVj5tqViQh7yWWGStvkEG1Zmhx6uasJtWCJziofM success
[2022-02-12T07:55:45.954937000Z DEBUG solana_program_runtime::stable_log] Program 8opHzTAnfzRpPEx21XtnrVTX28YQuCpAjcn1PczScKh invoke [1]
[2022-02-12T07:55:45.955585000Z DEBUG solana_program_runtime::stable_log] Program log: Mango: CreateSpotOpenOrders
[2022-02-12T07:55:45.957025000Z DEBUG solana_program_runtime::stable_log] Program 11111111111111111111111111111111 invoke [2]
[2022-02-12T07:55:45.957095000Z DEBUG solana_program_runtime::stable_log] Program 11111111111111111111111111111111 success
[2022-02-12T07:55:45.960561000Z DEBUG solana_program_runtime::stable_log] Program 4uQeVj5tqViQh7yWWGStvkEG1Zmhx6uasJtWCJziofM invoke [1]
[2022-02-12T07:55:45.961689000Z DEBUG solana_program_runtime::stable_log] Program log: Mango: Withdraw
[2022-02-12T07:55:45.964707000Z DEBUG solana_program_runtime::stable_log] Program log: mango-log
[2022-02-12T07:55:45.965472000Z DEBUG solana_program_runtime::stable_log] Program log: F5qwwQsqqPSOnQdEtiC3dVJcJz5F0IHHBUtwK3dCY1dTcqbXUIsiDZ1YCVLZmyxQ0KU0ABh9yM/vMSquwXUF7QGtIfD1O+9BDgAAAAAAAAAAAAAAAAAAAAAAAAAAAAAAAAAAAAAAAQAAAAAAAAAAAA==
[2022-02-12T07:55:45.965808000Z DEBUG solana_program_runtime::stable_log] Program CiDwVBFgWV9E5MvXWoLgnEgn2hK7rJikbvfWavzAQz3 invoke [2]
[2022-02-12T07:55:45.967275000Z DEBUG solana_bpf_loader_program] Program CiDwVBFgWV9E5MvXWoLgnEgn2hK7rJikbvfWavzAQz3 consumed 3417 of 182993 compute units
[2022-02-12T07:55:45.967339000Z DEBUG solana_program_runtime::stable_log] Program CiDwVBFgWV9E5MvXWoLgnEgn2hK7rJikbvfWavzAQz3 success
[2022-02-12T07:55:45.967629000Z DEBUG solana_bpf_loader_program] Program 8opHzTAnfzRpPEx21XtnrVTX28YQuCpAjcn1PczScKh consumed 20832 of 200000 compute units
[2022-02-12T07:55:45.967709000Z DEBUG solana_program_runtime::stable_log] Program 8opHzTAnfzRpPEx21XtnrVTX28YQuCpAjcn1PczScKh success
[2022-02-12T07:55:45.973814000Z DEBUG solana_program_runtime::stable_log] Program TokenkegQfeZyiNwAJbNbGKPFXCWuBvf9Ss623VQ5DA invoke [2]
[2022-02-12T07:55:45.974275000Z DEBUG solana_program_runtime::stable_log] Program log: Instruction: Transfer
[2022-02-12T07:55:45.975219000Z DEBUG solana_bpf_loader_program] Program TokenkegQfeZyiNwAJbNbGKPFXCWuBvf9Ss623VQ5DA consumed 3121 of 182913 compute units
[2022-02-12T07:55:45.975284000Z DEBUG solana_program_runtime::stable_log] Program TokenkegQfeZyiNwAJbNbGKPFXCWuBvf9Ss623VQ5DA success
[2022-02-12T07:55:45.980386000Z DEBUG solana_program_runtime::stable_log] Program log: mango-log
[2022-02-12T07:55:45.981184000Z DEBUG solana_program_runtime::stable_log] Program log: 60VzPrmsft+OnQdEtiC3dVJcJz5F0IHHBUtwK3dCY1dTcqbXUIsiDZ1YCVLZmyxQ0KU0ABh9yM/vMSquwXUF7QGtIfD1O+9BbZ8O2Fn1ZRiRnabF7CU5PT+SWE1ZGKPrwn5LaxAXF+EOAAAAAAAAAEBCDwAAAAAA
[2022-02-12T07:55:45.981541000Z DEBUG solana_bpf_loader_program] Program 4uQeVj5tqViQh7yWWGStvkEG1Zmhx6uasJtWCJziofM consumed 37890 of 200000 compute units
[2022-02-12T07:55:45.981632000Z DEBUG solana_program_runtime::stable_log] Program 4uQeVj5tqViQh7yWWGStvkEG1Zmhx6uasJtWCJziofM success
[2022-02-12T07:55:45.989385000Z DEBUG solana_program_runtime::stable_log] Program 8opHzTAnfzRpPEx21XtnrVTX28YQuCpAjcn1PczScKh invoke [1]
[2022-02-12T07:55:45.991565000Z DEBUG solana_program_runtime::stable_log] Program log: Mango: PlaceSpotOrder
[2022-02-12T07:55:46.022382000Z DEBUG solana_program_runtime::stable_log] Program 4uQeVj5tqViQh7yWWGStvkEG1Zmhx6uasJtWCJziofM invoke [1]
[2022-02-12T07:55:46.022527000Z DEBUG solana_program_runtime::stable_log] Program CiDwVBFgWV9E5MvXWoLgnEgn2hK7rJikbvfWavzAQz3 invoke [2]
[2022-02-12T07:55:46.023611000Z DEBUG solana_program_runtime::stable_log] Program log: Mango: CachePrices
[2022-02-12T07:55:46.026758000Z DEBUG solana_program_runtime::stable_log] Program log: mango-log
[2022-02-12T07:55:46.028563000Z DEBUG solana_program_runtime::stable_log] Program log: ux0uSxX5tBuOnQdEtiC3dVJcJz5F0IHHBUtwK3dCY1dTcqbXUIsiDQ8AAAAAAAAAAAAAAAEAAAAAAAAAAgAAAAAAAAADAAAAAAAAAAQAAAAAAAAABQAAAAAAAAAGAAAAAAAAAAcAAAAAAAAACAAAAAAAAAAJAAAAAAAAAAoAAAAAAAAACwAAAAAAAAAMAAAAAAAAAA0AAAAAAAAADgAAAAAAAAAPAAAAAG4AAAAAECcAAAAAAAAAAABuAAAAABAnAAAAAAAAAAAAbgAAAAAQJwAAAAAAAAAAAG4AAAAAECcAAAAAAAAAABwAAAAAAAoAAAAAAAAAAAAAbgAAAAAQJwAAAAAAAAAAAG4AAAAAECcAAAAAAAAAAABuAAAAABAnAAAAAAAAAAAAbgAAAAAQJwAAAAAAAAAAAG4AAAAAECcAAAAAAAAAAABuAAAAABAnAAAAAAAAAAAAbgAAAAAQJwAAAAAAAAAAAG4AAAAAECcAAAAAAAAAAABuAAAAABAnAAAAAAAAAAAAbgAAAAAQJwAAAAAAAAAA
[2022-02-12T07:55:46.028952000Z DEBUG solana_bpf_loader_program] Program 4uQeVj5tqViQh7yWWGStvkEG1Zmhx6uasJtWCJziofM consumed 18318 of 200000 compute units
[2022-02-12T07:55:46.029044000Z DEBUG solana_program_runtime::stable_log] Program 4uQeVj5tqViQh7yWWGStvkEG1Zmhx6uasJtWCJziofM success
[2022-02-12T07:55:46.035047000Z DEBUG solana_program_runtime::stable_log] Program TokenkegQfeZyiNwAJbNbGKPFXCWuBvf9Ss623VQ5DA invoke [3]
[2022-02-12T07:55:46.035532000Z DEBUG solana_program_runtime::stable_log] Program log: Instruction: Transfer
[2022-02-12T07:55:46.036484000Z DEBUG solana_bpf_loader_program] Program TokenkegQfeZyiNwAJbNbGKPFXCWuBvf9Ss623VQ5DA consumed 3121 of 112687 compute units
[2022-02-12T07:55:46.036549000Z DEBUG solana_program_runtime::stable_log] Program TokenkegQfeZyiNwAJbNbGKPFXCWuBvf9Ss623VQ5DA success
[2022-02-12T07:55:46.037403000Z DEBUG solana_bpf_loader_program] Program CiDwVBFgWV9E5MvXWoLgnEgn2hK7rJikbvfWavzAQz3 consumed 18030 of 126424 compute units
[2022-02-12T07:55:46.037559000Z DEBUG solana_program_runtime::stable_log] Program CiDwVBFgWV9E5MvXWoLgnEgn2hK7rJikbvfWavzAQz3 success
[2022-02-12T07:55:46.040584000Z DEBUG solana_program_runtime::stable_log] Program 4uQeVj5tqViQh7yWWGStvkEG1Zmhx6uasJtWCJziofM invoke [1]
[2022-02-12T07:55:46.040973000Z DEBUG solana_program_runtime::stable_log] Program log: Mango: UpdateRootBank
[2022-02-12T07:55:46.043824000Z DEBUG solana_program_runtime::stable_log] Program log: mango-log
[2022-02-12T07:55:46.044448000Z DEBUG solana_program_runtime::stable_log] Program log: 8HmBNKTUaLiOnQdEtiC3dVJcJz5F0IHHBUtwK3dCY1dTcqbXUIsiDQAAAAAAAAAAAAAAAAAAQEIPAAAAAAAAAAAAAAAAAEBCDwAAAAAAAAA=
[2022-02-12T07:55:46.044576000Z DEBUG solana_bpf_loader_program] Program 4uQeVj5tqViQh7yWWGStvkEG1Zmhx6uasJtWCJziofM consumed 11797 of 200000 compute units
[2022-02-12T07:55:46.044630000Z DEBUG solana_program_runtime::stable_log] Program 4uQeVj5tqViQh7yWWGStvkEG1Zmhx6uasJtWCJziofM success
[2022-02-12T07:55:46.047872000Z DEBUG solana_program_runtime::stable_log] Program CiDwVBFgWV9E5MvXWoLgnEgn2hK7rJikbvfWavzAQz3 invoke [2]
[2022-02-12T07:55:46.054855000Z DEBUG solana_program_runtime::stable_log] Program 4uQeVj5tqViQh7yWWGStvkEG1Zmhx6uasJtWCJziofM invoke [1]
[2022-02-12T07:55:46.055252000Z DEBUG solana_program_runtime::stable_log] Program log: Mango: UpdateRootBank
[2022-02-12T07:55:46.058109000Z DEBUG solana_program_runtime::stable_log] Program log: mango-log
[2022-02-12T07:55:46.058730000Z DEBUG solana_program_runtime::stable_log] Program log: 8HmBNKTUaLiOnQdEtiC3dVJcJz5F0IHHBUtwK3dCY1dTcqbXUIsiDQEAAAAAAAAAAAAAAAAAQEIPAAAAAAAAAAAAAAAAAEBCDwAAAAAAAAA=
[2022-02-12T07:55:46.058733000Z DEBUG solana_program_runtime::stable_log] Program TokenkegQfeZyiNwAJbNbGKPFXCWuBvf9Ss623VQ5DA invoke [3]
[2022-02-12T07:55:46.058858000Z DEBUG solana_bpf_loader_program] Program 4uQeVj5tqViQh7yWWGStvkEG1Zmhx6uasJtWCJziofM consumed 11837 of 200000 compute units
[2022-02-12T07:55:46.058913000Z DEBUG solana_program_runtime::stable_log] Program 4uQeVj5tqViQh7yWWGStvkEG1Zmhx6uasJtWCJziofM success
[2022-02-12T07:55:46.059189000Z DEBUG solana_program_runtime::stable_log] Program log: Instruction: Transfer
[2022-02-12T07:55:46.060121000Z DEBUG solana_bpf_loader_program] Program TokenkegQfeZyiNwAJbNbGKPFXCWuBvf9Ss623VQ5DA consumed 3121 of 95048 compute units
[2022-02-12T07:55:46.060178000Z DEBUG solana_program_runtime::stable_log] Program TokenkegQfeZyiNwAJbNbGKPFXCWuBvf9Ss623VQ5DA success
[2022-02-12T07:55:46.068773000Z DEBUG solana_program_runtime::stable_log] Program TokenkegQfeZyiNwAJbNbGKPFXCWuBvf9Ss623VQ5DA invoke [3]
[2022-02-12T07:55:46.069214000Z DEBUG solana_program_runtime::stable_log] Program log: Instruction: Transfer
[2022-02-12T07:55:46.069769000Z DEBUG solana_program_runtime::stable_log] Program 4uQeVj5tqViQh7yWWGStvkEG1Zmhx6uasJtWCJziofM invoke [1]
[2022-02-12T07:55:46.070160000Z DEBUG solana_program_runtime::stable_log] Program log: Mango: UpdateRootBank
[2022-02-12T07:55:46.070139000Z DEBUG solana_bpf_loader_program] Program TokenkegQfeZyiNwAJbNbGKPFXCWuBvf9Ss623VQ5DA consumed 3121 of 89184 compute units
[2022-02-12T07:55:46.070195000Z DEBUG solana_program_runtime::stable_log] Program TokenkegQfeZyiNwAJbNbGKPFXCWuBvf9Ss623VQ5DA success
[2022-02-12T07:55:46.070841000Z DEBUG solana_bpf_loader_program] Program CiDwVBFgWV9E5MvXWoLgnEgn2hK7rJikbvfWavzAQz3 consumed 20205 of 105362 compute units
[2022-02-12T07:55:46.070915000Z DEBUG solana_program_runtime::stable_log] Program CiDwVBFgWV9E5MvXWoLgnEgn2hK7rJikbvfWavzAQz3 success
[2022-02-12T07:55:46.073020000Z DEBUG solana_program_runtime::stable_log] Program log: mango-log
[2022-02-12T07:55:46.073256000Z DEBUG solana_program_runtime::stable_log] Program log: mango-log
[2022-02-12T07:55:46.073644000Z DEBUG solana_program_runtime::stable_log] Program log: 8HmBNKTUaLiOnQdEtiC3dVJcJz5F0IHHBUtwK3dCY1dTcqbXUIsiDQIAAAAAAAAAAAAAAAAAQEIPAAAAAAAAAAAAAAAAAEBCDwAAAAAAAAA=
[2022-02-12T07:55:46.073775000Z DEBUG solana_bpf_loader_program] Program 4uQeVj5tqViQh7yWWGStvkEG1Zmhx6uasJtWCJziofM consumed 11876 of 200000 compute units
[2022-02-12T07:55:46.073829000Z DEBUG solana_program_runtime::stable_log] Program 4uQeVj5tqViQh7yWWGStvkEG1Zmhx6uasJtWCJziofM success
[2022-02-12T07:55:46.074018000Z DEBUG solana_program_runtime::stable_log] Program log: F5qwwQsqqPRxdA4GcfGyliALQuYkXc4nClpZlDF0SasXF9CRTJ3gvoWYGTYxRWZSwF8WwSoE6ckGyilogkoE2APMsUfJe2qRDwAAAAAAAAAAAAAAAABwEQEAAAAAAAAAAAAAAAAAAAAAAAAAAAAAAA==
[2022-02-12T07:55:46.074070000Z DEBUG solana_program_runtime::stable_log] Program log: mango-log
[2022-02-12T07:55:46.074842000Z DEBUG solana_program_runtime::stable_log] Program log: F5qwwQsqqPRxdA4GcfGyliALQuYkXc4nClpZlDF0SasXF9CRTJ3gvoWYGTYxRWZSwF8WwSoE6ckGyilogkoE2APMsUfJe2qRBwAAAAAAAAAAAAAAAAAAAAAAAAAAAAAAAAAAAAAAAAAAAAAAAAAAAA==
[2022-02-12T07:55:46.076790000Z DEBUG solana_program_runtime::stable_log] Program log: mango-log
[2022-02-12T07:55:46.077619000Z DEBUG solana_program_runtime::stable_log] Program log: V4pUNuOCxqxxdA4GcfGyliALQuYkXc4nClpZlDF0SasXF9CRTJ3gvoWYGTYxRWZSwF8WwSoE6ckGyilogkoE2APMsUfJe2qRBwAAAAAAAAAAAAAAAAAAAAAAAAAAAAAAAOQLVAIAAAAAAAAAAAAAAAAAAAAAAAAA
[2022-02-12T07:55:46.078357000Z DEBUG solana_bpf_loader_program] Program 8opHzTAnfzRpPEx21XtnrVTX28YQuCpAjcn1PczScKh consumed 136397 of 200000 compute units
[2022-02-12T07:55:46.078592000Z DEBUG solana_program_runtime::stable_log] Program 8opHzTAnfzRpPEx21XtnrVTX28YQuCpAjcn1PczScKh success
[2022-02-12T07:55:46.084207000Z DEBUG solana_program_runtime::stable_log] Program 4uQeVj5tqViQh7yWWGStvkEG1Zmhx6uasJtWCJziofM invoke [1]
[2022-02-12T07:55:46.084600000Z DEBUG solana_program_runtime::stable_log] Program log: Mango: UpdateRootBank
[2022-02-12T07:55:46.087406000Z DEBUG solana_program_runtime::stable_log] Program log: mango-log
[2022-02-12T07:55:46.088011000Z DEBUG solana_program_runtime::stable_log] Program log: 8HmBNKTUaLiOnQdEtiC3dVJcJz5F0IHHBUtwK3dCY1dTcqbXUIsiDQMAAAAAAAAAAAAAAAAAQEIPAAAAAAAAAAAAAAAAAEBCDwAAAAAAAAA=
[2022-02-12T07:55:46.088137000Z DEBUG solana_bpf_loader_program] Program 4uQeVj5tqViQh7yWWGStvkEG1Zmhx6uasJtWCJziofM consumed 11915 of 200000 compute units
[2022-02-12T07:55:46.088193000Z DEBUG solana_program_runtime::stable_log] Program 4uQeVj5tqViQh7yWWGStvkEG1Zmhx6uasJtWCJziofM success
[2022-02-12T07:55:46.095872000Z DEBUG solana_program_runtime::stable_log] Program 8opHzTAnfzRpPEx21XtnrVTX28YQuCpAjcn1PczScKh invoke [1]
[2022-02-12T07:55:46.096490000Z DEBUG solana_program_runtime::stable_log] Program log: Mango: CreateSpotOpenOrders
[2022-02-12T07:55:46.097755000Z DEBUG solana_program_runtime::stable_log] Program 11111111111111111111111111111111 invoke [2]
[2022-02-12T07:55:46.097845000Z DEBUG solana_program_runtime::stable_log] Program 11111111111111111111111111111111 success
[2022-02-12T07:55:46.100317000Z DEBUG solana_program_runtime::stable_log] Program 4uQeVj5tqViQh7yWWGStvkEG1Zmhx6uasJtWCJziofM invoke [1]
[2022-02-12T07:55:46.100715000Z DEBUG solana_program_runtime::stable_log] Program log: Mango: UpdateRootBank
[2022-02-12T07:55:46.103632000Z DEBUG solana_program_runtime::stable_log] Program log: mango-log
[2022-02-12T07:55:46.104257000Z DEBUG solana_program_runtime::stable_log] Program log: 8HmBNKTUaLiOnQdEtiC3dVJcJz5F0IHHBUtwK3dCY1dTcqbXUIsiDQQAAAAAAAAAAAAAAAAAQEIPAAAAAAAAAAAAAAAAAEBCDwAAAAAAAAA=
[2022-02-12T07:55:46.104389000Z DEBUG solana_bpf_loader_program] Program 4uQeVj5tqViQh7yWWGStvkEG1Zmhx6uasJtWCJziofM consumed 11954 of 200000 compute units
[2022-02-12T07:55:46.104445000Z DEBUG solana_program_runtime::stable_log] Program 4uQeVj5tqViQh7yWWGStvkEG1Zmhx6uasJtWCJziofM success
[2022-02-12T07:55:46.106629000Z DEBUG solana_program_runtime::stable_log] Program CiDwVBFgWV9E5MvXWoLgnEgn2hK7rJikbvfWavzAQz3 invoke [2]
[2022-02-12T07:55:46.108063000Z DEBUG solana_bpf_loader_program] Program CiDwVBFgWV9E5MvXWoLgnEgn2hK7rJikbvfWavzAQz3 consumed 3417 of 190454 compute units
[2022-02-12T07:55:46.108121000Z DEBUG solana_program_runtime::stable_log] Program CiDwVBFgWV9E5MvXWoLgnEgn2hK7rJikbvfWavzAQz3 success
[2022-02-12T07:55:46.108396000Z DEBUG solana_bpf_loader_program] Program 8opHzTAnfzRpPEx21XtnrVTX28YQuCpAjcn1PczScKh consumed 13371 of 200000 compute units
[2022-02-12T07:55:46.108473000Z DEBUG solana_program_runtime::stable_log] Program 8opHzTAnfzRpPEx21XtnrVTX28YQuCpAjcn1PczScKh success
[2022-02-12T07:55:46.114677000Z DEBUG solana_program_runtime::stable_log] Program 4uQeVj5tqViQh7yWWGStvkEG1Zmhx6uasJtWCJziofM invoke [1]
[2022-02-12T07:55:46.115060000Z DEBUG solana_program_runtime::stable_log] Program log: Mango: UpdateRootBank
[2022-02-12T07:55:46.117987000Z DEBUG solana_program_runtime::stable_log] Program log: mango-log
[2022-02-12T07:55:46.118658000Z DEBUG solana_program_runtime::stable_log] Program log: 8HmBNKTUaLiOnQdEtiC3dVJcJz5F0IHHBUtwK3dCY1dTcqbXUIsiDQUAAAAAAAAAAAAAAAAAQEIPAAAAAAAAAAAAAAAAAEBCDwAAAAAAAAA=
[2022-02-12T07:55:46.118800000Z DEBUG solana_bpf_loader_program] Program 4uQeVj5tqViQh7yWWGStvkEG1Zmhx6uasJtWCJziofM consumed 11993 of 200000 compute units
[2022-02-12T07:55:46.118883000Z DEBUG solana_program_runtime::stable_log] Program 4uQeVj5tqViQh7yWWGStvkEG1Zmhx6uasJtWCJziofM success
[2022-02-12T07:55:46.128407000Z DEBUG solana_program_runtime::stable_log] Program 8opHzTAnfzRpPEx21XtnrVTX28YQuCpAjcn1PczScKh invoke [1]
[2022-02-12T07:55:46.129531000Z DEBUG solana_program_runtime::stable_log] Program 4uQeVj5tqViQh7yWWGStvkEG1Zmhx6uasJtWCJziofM invoke [1]
[2022-02-12T07:55:46.129931000Z DEBUG solana_program_runtime::stable_log] Program log: Mango: UpdateRootBank
[2022-02-12T07:55:46.130630000Z DEBUG solana_program_runtime::stable_log] Program log: Mango: PlaceSpotOrder
[2022-02-12T07:55:46.132872000Z DEBUG solana_program_runtime::stable_log] Program log: mango-log
[2022-02-12T07:55:46.133500000Z DEBUG solana_program_runtime::stable_log] Program log: 8HmBNKTUaLiOnQdEtiC3dVJcJz5F0IHHBUtwK3dCY1dTcqbXUIsiDQYAAAAAAAAAAAAAAAAAQEIPAAAAAAAAAAAAAAAAAEBCDwAAAAAAAAA=
[2022-02-12T07:55:46.133628000Z DEBUG solana_bpf_loader_program] Program 4uQeVj5tqViQh7yWWGStvkEG1Zmhx6uasJtWCJziofM consumed 12032 of 200000 compute units
[2022-02-12T07:55:46.133683000Z DEBUG solana_program_runtime::stable_log] Program 4uQeVj5tqViQh7yWWGStvkEG1Zmhx6uasJtWCJziofM success
[2022-02-12T07:55:46.143671000Z DEBUG solana_program_runtime::stable_log] Program 4uQeVj5tqViQh7yWWGStvkEG1Zmhx6uasJtWCJziofM invoke [1]
[2022-02-12T07:55:46.144056000Z DEBUG solana_program_runtime::stable_log] Program log: Mango: UpdateRootBank
[2022-02-12T07:55:46.147000000Z DEBUG solana_program_runtime::stable_log] Program log: mango-log
[2022-02-12T07:55:46.147627000Z DEBUG solana_program_runtime::stable_log] Program log: 8HmBNKTUaLiOnQdEtiC3dVJcJz5F0IHHBUtwK3dCY1dTcqbXUIsiDQcAAAAAAAAAAAAAAAAAQEIPAAAAAAAAAAAAAAAAAEBCDwAAAAAAAAA=
[2022-02-12T07:55:46.147761000Z DEBUG solana_bpf_loader_program] Program 4uQeVj5tqViQh7yWWGStvkEG1Zmhx6uasJtWCJziofM consumed 12071 of 200000 compute units
[2022-02-12T07:55:46.147816000Z DEBUG solana_program_runtime::stable_log] Program 4uQeVj5tqViQh7yWWGStvkEG1Zmhx6uasJtWCJziofM success
[2022-02-12T07:55:46.158137000Z DEBUG solana_program_runtime::stable_log] Program 4uQeVj5tqViQh7yWWGStvkEG1Zmhx6uasJtWCJziofM invoke [1]
[2022-02-12T07:55:46.158568000Z DEBUG solana_program_runtime::stable_log] Program log: Mango: UpdateRootBank
[2022-02-12T07:55:46.161572000Z DEBUG solana_program_runtime::stable_log] Program log: mango-log
[2022-02-12T07:55:46.162197000Z DEBUG solana_program_runtime::stable_log] Program log: 8HmBNKTUaLiOnQdEtiC3dVJcJz5F0IHHBUtwK3dCY1dTcqbXUIsiDQgAAAAAAAAAAAAAAAAAQEIPAAAAAAAAAAAAAAAAAEBCDwAAAAAAAAA=
[2022-02-12T07:55:46.162325000Z DEBUG solana_bpf_loader_program] Program 4uQeVj5tqViQh7yWWGStvkEG1Zmhx6uasJtWCJziofM consumed 12110 of 200000 compute units
[2022-02-12T07:55:46.162383000Z DEBUG solana_program_runtime::stable_log] Program 4uQeVj5tqViQh7yWWGStvkEG1Zmhx6uasJtWCJziofM success
[2022-02-12T07:55:46.162934000Z DEBUG solana_program_runtime::stable_log] Program CiDwVBFgWV9E5MvXWoLgnEgn2hK7rJikbvfWavzAQz3 invoke [2]
[2022-02-12T07:55:46.173993000Z DEBUG solana_program_runtime::stable_log] Program 4uQeVj5tqViQh7yWWGStvkEG1Zmhx6uasJtWCJziofM invoke [1]
[2022-02-12T07:55:46.174391000Z DEBUG solana_program_runtime::stable_log] Program log: Mango: UpdateRootBank
[2022-02-12T07:55:46.175685000Z DEBUG solana_program_runtime::stable_log] Program TokenkegQfeZyiNwAJbNbGKPFXCWuBvf9Ss623VQ5DA invoke [3]
[2022-02-12T07:55:46.176124000Z DEBUG solana_program_runtime::stable_log] Program log: Instruction: Transfer
[2022-02-12T07:55:46.177046000Z DEBUG solana_bpf_loader_program] Program TokenkegQfeZyiNwAJbNbGKPFXCWuBvf9Ss623VQ5DA consumed 3121 of 106836 compute units
[2022-02-12T07:55:46.177103000Z DEBUG solana_program_runtime::stable_log] Program TokenkegQfeZyiNwAJbNbGKPFXCWuBvf9Ss623VQ5DA success
[2022-02-12T07:55:46.177341000Z DEBUG solana_program_runtime::stable_log] Program log: mango-log
[2022-02-12T07:55:46.177909000Z DEBUG solana_bpf_loader_program] Program CiDwVBFgWV9E5MvXWoLgnEgn2hK7rJikbvfWavzAQz3 consumed 18030 of 120573 compute units
[2022-02-12T07:55:46.177960000Z DEBUG solana_program_runtime::stable_log] Program log: 8HmBNKTUaLiOnQdEtiC3dVJcJz5F0IHHBUtwK3dCY1dTcqbXUIsiDQkAAAAAAAAAAAAAAAAAQEIPAAAAAAAAAAAAAAAAAEBCDwAAAAAAAAA=
[2022-02-12T07:55:46.178048000Z DEBUG solana_program_runtime::stable_log] Program CiDwVBFgWV9E5MvXWoLgnEgn2hK7rJikbvfWavzAQz3 success
[2022-02-12T07:55:46.178088000Z DEBUG solana_bpf_loader_program] Program 4uQeVj5tqViQh7yWWGStvkEG1Zmhx6uasJtWCJziofM consumed 12149 of 200000 compute units
[2022-02-12T07:55:46.178148000Z DEBUG solana_program_runtime::stable_log] Program 4uQeVj5tqViQh7yWWGStvkEG1Zmhx6uasJtWCJziofM success
[2022-02-12T07:55:46.188247000Z DEBUG solana_program_runtime::stable_log] Program CiDwVBFgWV9E5MvXWoLgnEgn2hK7rJikbvfWavzAQz3 invoke [2]
[2022-02-12T07:55:46.189299000Z DEBUG solana_program_runtime::stable_log] Program 4uQeVj5tqViQh7yWWGStvkEG1Zmhx6uasJtWCJziofM invoke [1]
[2022-02-12T07:55:46.189692000Z DEBUG solana_program_runtime::stable_log] Program log: Mango: UpdateRootBank
[2022-02-12T07:55:46.192677000Z DEBUG solana_program_runtime::stable_log] Program log: mango-log
[2022-02-12T07:55:46.193301000Z DEBUG solana_program_runtime::stable_log] Program log: 8HmBNKTUaLiOnQdEtiC3dVJcJz5F0IHHBUtwK3dCY1dTcqbXUIsiDQoAAAAAAAAAAAAAAAAAQEIPAAAAAAAAAAAAAAAAAEBCDwAAAAAAAAA=
[2022-02-12T07:55:46.193429000Z DEBUG solana_bpf_loader_program] Program 4uQeVj5tqViQh7yWWGStvkEG1Zmhx6uasJtWCJziofM consumed 12188 of 200000 compute units
[2022-02-12T07:55:46.193489000Z DEBUG solana_program_runtime::stable_log] Program 4uQeVj5tqViQh7yWWGStvkEG1Zmhx6uasJtWCJziofM success
[2022-02-12T07:55:46.199307000Z DEBUG solana_program_runtime::stable_log] Program TokenkegQfeZyiNwAJbNbGKPFXCWuBvf9Ss623VQ5DA invoke [3]
[2022-02-12T07:55:46.199753000Z DEBUG solana_program_runtime::stable_log] Program log: Instruction: Transfer
[2022-02-12T07:55:46.200687000Z DEBUG solana_bpf_loader_program] Program TokenkegQfeZyiNwAJbNbGKPFXCWuBvf9Ss623VQ5DA consumed 3121 of 89197 compute units
[2022-02-12T07:55:46.200743000Z DEBUG solana_program_runtime::stable_log] Program TokenkegQfeZyiNwAJbNbGKPFXCWuBvf9Ss623VQ5DA success
[2022-02-12T07:55:46.204806000Z DEBUG solana_program_runtime::stable_log] Program 4uQeVj5tqViQh7yWWGStvkEG1Zmhx6uasJtWCJziofM invoke [1]
[2022-02-12T07:55:46.205198000Z DEBUG solana_program_runtime::stable_log] Program log: Mango: UpdateRootBank
[2022-02-12T07:55:46.208181000Z DEBUG solana_program_runtime::stable_log] Program log: mango-log
[2022-02-12T07:55:46.208799000Z DEBUG solana_program_runtime::stable_log] Program log: 8HmBNKTUaLiOnQdEtiC3dVJcJz5F0IHHBUtwK3dCY1dTcqbXUIsiDQsAAAAAAAAAAAAAAAAAQEIPAAAAAAAAAAAAAAAAAEBCDwAAAAAAAAA=
[2022-02-12T07:55:46.208928000Z DEBUG solana_bpf_loader_program] Program 4uQeVj5tqViQh7yWWGStvkEG1Zmhx6uasJtWCJziofM consumed 12227 of 200000 compute units
[2022-02-12T07:55:46.208990000Z DEBUG solana_program_runtime::stable_log] Program 4uQeVj5tqViQh7yWWGStvkEG1Zmhx6uasJtWCJziofM success
[2022-02-12T07:55:46.209303000Z DEBUG solana_program_runtime::stable_log] Program TokenkegQfeZyiNwAJbNbGKPFXCWuBvf9Ss623VQ5DA invoke [3]
[2022-02-12T07:55:46.209745000Z DEBUG solana_program_runtime::stable_log] Program log: Instruction: Transfer
[2022-02-12T07:55:46.210704000Z DEBUG solana_bpf_loader_program] Program TokenkegQfeZyiNwAJbNbGKPFXCWuBvf9Ss623VQ5DA consumed 3121 of 83326 compute units
[2022-02-12T07:55:46.210764000Z DEBUG solana_program_runtime::stable_log] Program TokenkegQfeZyiNwAJbNbGKPFXCWuBvf9Ss623VQ5DA success
[2022-02-12T07:55:46.211398000Z DEBUG solana_bpf_loader_program] Program CiDwVBFgWV9E5MvXWoLgnEgn2hK7rJikbvfWavzAQz3 consumed 20212 of 99511 compute units
[2022-02-12T07:55:46.211474000Z DEBUG solana_program_runtime::stable_log] Program CiDwVBFgWV9E5MvXWoLgnEgn2hK7rJikbvfWavzAQz3 success
[2022-02-12T07:55:46.213812000Z DEBUG solana_program_runtime::stable_log] Program log: mango-log
[2022-02-12T07:55:46.214577000Z DEBUG solana_program_runtime::stable_log] Program log: F5qwwQsqqPRxdA4GcfGyliALQuYkXc4nClpZlDF0SasXF9CRTJ3gvoWYGTYxRWZSwF8WwSoE6ckGyilogkoE2APMsUfJe2qRDwAAAAAAAAAAAAAAAABg6gAAAAAAAAAAAAAAAAAAAAAAAAAAAAAAAA==
[2022-02-12T07:55:46.214628000Z DEBUG solana_program_runtime::stable_log] Program log: mango-log
[2022-02-12T07:55:46.215388000Z DEBUG solana_program_runtime::stable_log] Program log: F5qwwQsqqPRxdA4GcfGyliALQuYkXc4nClpZlDF0SasXF9CRTJ3gvoWYGTYxRWZSwF8WwSoE6ckGyilogkoE2APMsUfJe2qRCAAAAAAAAAAAAAAAAAAAAAAAAAAAAAAAAAAAAAAAAAAAAAAAAAAAAA==
[2022-02-12T07:55:46.217320000Z DEBUG solana_program_runtime::stable_log] Program log: mango-log
[2022-02-12T07:55:46.218143000Z DEBUG solana_program_runtime::stable_log] Program log: V4pUNuOCxqxxdA4GcfGyliALQuYkXc4nClpZlDF0SasXF9CRTJ3gvoWYGTYxRWZSwF8WwSoE6ckGyilogkoE2APMsUfJe2qRCAAAAAAAAAAAAAAAAAAAAAAAAAAAAAAAAOQLVAIAAAAAAAAAAAAAAAAAAAAAAAAA
[2022-02-12T07:55:46.218893000Z DEBUG solana_bpf_loader_program] Program 8opHzTAnfzRpPEx21XtnrVTX28YQuCpAjcn1PczScKh consumed 142275 of 200000 compute units
[2022-02-12T07:55:46.219126000Z DEBUG solana_program_runtime::stable_log] Program 8opHzTAnfzRpPEx21XtnrVTX28YQuCpAjcn1PczScKh success
[2022-02-12T07:55:46.220527000Z DEBUG solana_program_runtime::stable_log] Program 4uQeVj5tqViQh7yWWGStvkEG1Zmhx6uasJtWCJziofM invoke [1]
[2022-02-12T07:55:46.220920000Z DEBUG solana_program_runtime::stable_log] Program log: Mango: UpdateRootBank
[2022-02-12T07:55:46.223972000Z DEBUG solana_program_runtime::stable_log] Program log: mango-log
[2022-02-12T07:55:46.224583000Z DEBUG solana_program_runtime::stable_log] Program log: 8HmBNKTUaLiOnQdEtiC3dVJcJz5F0IHHBUtwK3dCY1dTcqbXUIsiDQwAAAAAAAAAAAAAAAAAQEIPAAAAAAAAAAAAAAAAAEBCDwAAAAAAAAA=
[2022-02-12T07:55:46.224711000Z DEBUG solana_bpf_loader_program] Program 4uQeVj5tqViQh7yWWGStvkEG1Zmhx6uasJtWCJziofM consumed 12266 of 200000 compute units
[2022-02-12T07:55:46.224774000Z DEBUG solana_program_runtime::stable_log] Program 4uQeVj5tqViQh7yWWGStvkEG1Zmhx6uasJtWCJziofM success
[2022-02-12T07:55:46.236351000Z DEBUG solana_program_runtime::stable_log] Program 4uQeVj5tqViQh7yWWGStvkEG1Zmhx6uasJtWCJziofM invoke [1]
[2022-02-12T07:55:46.236736000Z DEBUG solana_program_runtime::stable_log] Program log: Mango: UpdateRootBank
[2022-02-12T07:55:46.239842000Z DEBUG solana_program_runtime::stable_log] Program log: mango-log
[2022-02-12T07:55:46.240495000Z DEBUG solana_program_runtime::stable_log] Program log: 8HmBNKTUaLiOnQdEtiC3dVJcJz5F0IHHBUtwK3dCY1dTcqbXUIsiDQ0AAAAAAAAAAAAAAAAAQEIPAAAAAAAAAAAAAAAAAEBCDwAAAAAAAAA=
[2022-02-12T07:55:46.240629000Z DEBUG solana_bpf_loader_program] Program 4uQeVj5tqViQh7yWWGStvkEG1Zmhx6uasJtWCJziofM consumed 12314 of 200000 compute units
[2022-02-12T07:55:46.240707000Z DEBUG solana_program_runtime::stable_log] Program 4uQeVj5tqViQh7yWWGStvkEG1Zmhx6uasJtWCJziofM success
[2022-02-12T07:55:46.252045000Z DEBUG solana_program_runtime::stable_log] Program 4uQeVj5tqViQh7yWWGStvkEG1Zmhx6uasJtWCJziofM invoke [1]
[2022-02-12T07:55:46.252482000Z DEBUG solana_program_runtime::stable_log] Program log: Mango: UpdateRootBank
[2022-02-12T07:55:46.255556000Z DEBUG solana_program_runtime::stable_log] Program log: mango-log
[2022-02-12T07:55:46.256180000Z DEBUG solana_program_runtime::stable_log] Program log: 8HmBNKTUaLiOnQdEtiC3dVJcJz5F0IHHBUtwK3dCY1dTcqbXUIsiDQ4AAAAAAAAAAAAAAAAAQEIPAAAAAAAAAAAAAAAAAEBCDwAAAAAAAAA=
[2022-02-12T07:55:46.256308000Z DEBUG solana_bpf_loader_program] Program 4uQeVj5tqViQh7yWWGStvkEG1Zmhx6uasJtWCJziofM consumed 12344 of 200000 compute units
[2022-02-12T07:55:46.256373000Z DEBUG solana_program_runtime::stable_log] Program 4uQeVj5tqViQh7yWWGStvkEG1Zmhx6uasJtWCJziofM success
[2022-02-12T07:55:46.262528000Z DEBUG solana_program_runtime::stable_log] Program 8opHzTAnfzRpPEx21XtnrVTX28YQuCpAjcn1PczScKh invoke [1]
[2022-02-12T07:55:46.263675000Z DEBUG solana_program_runtime::stable_log] Program log: Mango: CachePrices
[2022-02-12T07:55:46.266813000Z DEBUG solana_program_runtime::stable_log] Program log: mango-log
[2022-02-12T07:55:46.268055000Z DEBUG solana_program_runtime::stable_log] Program 4uQeVj5tqViQh7yWWGStvkEG1Zmhx6uasJtWCJziofM invoke [1]
[2022-02-12T07:55:46.268451000Z DEBUG solana_program_runtime::stable_log] Program log: Mango: UpdateRootBank
[2022-02-12T07:55:46.268676000Z DEBUG solana_program_runtime::stable_log] Program log: ux0uSxX5tBtxdA4GcfGyliALQuYkXc4nClpZlDF0SasXF9CRTJ3gvg8AAAAAAAAAAAAAAAEAAAAAAAAAAgAAAAAAAAADAAAAAAAAAAQAAAAAAAAABQAAAAAAAAAGAAAAAAAAAAcAAAAAAAAACAAAAAAAAAAJAAAAAAAAAAoAAAAAAAAACwAAAAAAAAAMAAAAAAAAAA0AAAAAAAAADgAAAAAAAAAPAAAAAAAAAAAAECcAAAAAAAAAAAAAAAAAABAnAAAAAAAAAAAAAAAAAAAQJwAAAAAAAAAAAAAAAAAAECcAAAAAAAAAAAAAAAAAAAoAAAAAAAAAAAAAAAAAAAAQJwAAAAAAAAAAAAAAAAAAECcAAAAAAAAAAAAAAAAAABAnAAAAAAAAAAAAAAAAAAAQJwAAAAAAAAAAAAAAAAAAECcAAAAAAAAAAAAAAAAAABAnAAAAAAAAAAAAAAAAAAAQJwAAAAAAAAAAAAAAAAAAECcAAAAAAAAAAAAAAAAAABAnAAAAAAAAAAAAAAAAAAAQJwAAAAAAAAAA
[2022-02-12T07:55:46.269072000Z DEBUG solana_bpf_loader_program] Program 8opHzTAnfzRpPEx21XtnrVTX28YQuCpAjcn1PczScKh consumed 18318 of 200000 compute units
[2022-02-12T07:55:46.269150000Z DEBUG solana_program_runtime::stable_log] Program 8opHzTAnfzRpPEx21XtnrVTX28YQuCpAjcn1PczScKh success
[2022-02-12T07:55:46.270765000Z DEBUG solana_program_runtime::stable_log] Program log: mango-log
[2022-02-12T07:55:46.271384000Z DEBUG solana_program_runtime::stable_log] Program log: 8HmBNKTUaLiOnQdEtiC3dVJcJz5F0IHHBUtwK3dCY1dTcqbXUIsiDQ8AAAAAAAAAAAAAAAAAQEIPAAAAAAAAAAAAAAAAAEBCDwAAAAAAAAA=
[2022-02-12T07:55:46.271513000Z DEBUG solana_bpf_loader_program] Program 4uQeVj5tqViQh7yWWGStvkEG1Zmhx6uasJtWCJziofM consumed 9946 of 200000 compute units
[2022-02-12T07:55:46.271573000Z DEBUG solana_program_runtime::stable_log] Program 4uQeVj5tqViQh7yWWGStvkEG1Zmhx6uasJtWCJziofM success
[2022-02-12T07:55:46.280301000Z DEBUG solana_program_runtime::stable_log] Program 8opHzTAnfzRpPEx21XtnrVTX28YQuCpAjcn1PczScKh invoke [1]
[2022-02-12T07:55:46.280715000Z DEBUG solana_program_runtime::stable_log] Program log: Mango: UpdateRootBank
[2022-02-12T07:55:46.282502000Z DEBUG solana_program_runtime::stable_log] Program 4uQeVj5tqViQh7yWWGStvkEG1Zmhx6uasJtWCJziofM invoke [1]
[2022-02-12T07:55:46.282533000Z DEBUG solana_program_runtime::stable_log] Program log: mango-log
[2022-02-12T07:55:46.282953000Z DEBUG solana_program_runtime::stable_log] Program log: Mango: UpdateFunding
[2022-02-12T07:55:46.283167000Z DEBUG solana_program_runtime::stable_log] Program log: 8HmBNKTUaLhxdA4GcfGyliALQuYkXc4nClpZlDF0SasXF9CRTJ3gvgAAAAAAAAAAAAAAAAAAQEIPAAAAAAAAAAAAAAAAAEBCDwAAAAAAAAA=
[2022-02-12T07:55:46.283295000Z DEBUG solana_bpf_loader_program] Program 8opHzTAnfzRpPEx21XtnrVTX28YQuCpAjcn1PczScKh consumed 8519 of 200000 compute units
[2022-02-12T07:55:46.283355000Z DEBUG solana_program_runtime::stable_log] Program 8opHzTAnfzRpPEx21XtnrVTX28YQuCpAjcn1PczScKh success
[2022-02-12T07:55:46.284118000Z DEBUG solana_program_runtime::stable_log] Program log: mango-log
[2022-02-12T07:55:46.284729000Z DEBUG solana_program_runtime::stable_log] Program log: ta5iwCEXTXuOnQdEtiC3dVJcJz5F0IHHBUtwK3dCY1dTcqbXUIsiDQAAAAAAAAAAAAAAAAAAAAAAAAAAAAAAAAAAAAAAAAAAAAAAAAAAAAA=
[2022-02-12T07:55:46.284879000Z DEBUG solana_bpf_loader_program] Program 4uQeVj5tqViQh7yWWGStvkEG1Zmhx6uasJtWCJziofM consumed 6381 of 200000 compute units
[2022-02-12T07:55:46.284948000Z DEBUG solana_program_runtime::stable_log] Program 4uQeVj5tqViQh7yWWGStvkEG1Zmhx6uasJtWCJziofM success
[2022-02-12T07:55:46.295581000Z DEBUG solana_program_runtime::stable_log] Program 4uQeVj5tqViQh7yWWGStvkEG1Zmhx6uasJtWCJziofM invoke [1]
[2022-02-12T07:55:46.295852000Z DEBUG solana_program_runtime::stable_log] Program 8opHzTAnfzRpPEx21XtnrVTX28YQuCpAjcn1PczScKh invoke [1]
[2022-02-12T07:55:46.296052000Z DEBUG solana_program_runtime::stable_log] Program log: Mango: UpdateFunding
[2022-02-12T07:55:46.296242000Z DEBUG solana_program_runtime::stable_log] Program log: Mango: UpdateRootBank
[2022-02-12T07:55:46.297199000Z DEBUG solana_program_runtime::stable_log] Program log: mango-log
[2022-02-12T07:55:46.297819000Z DEBUG solana_program_runtime::stable_log] Program log: ta5iwCEXTXuOnQdEtiC3dVJcJz5F0IHHBUtwK3dCY1dTcqbXUIsiDQEAAAAAAAAAAAAAAAAAAAAAAAAAAAAAAAAAAAAAAAAAAAAAAAAAAAA=
[2022-02-12T07:55:46.297972000Z DEBUG solana_bpf_loader_program] Program 4uQeVj5tqViQh7yWWGStvkEG1Zmhx6uasJtWCJziofM consumed 6421 of 200000 compute units
[2022-02-12T07:55:46.298042000Z DEBUG solana_program_runtime::stable_log] Program 4uQeVj5tqViQh7yWWGStvkEG1Zmhx6uasJtWCJziofM success
[2022-02-12T07:55:46.298067000Z DEBUG solana_program_runtime::stable_log] Program log: mango-log
[2022-02-12T07:55:46.298727000Z DEBUG solana_program_runtime::stable_log] Program log: 8HmBNKTUaLhxdA4GcfGyliALQuYkXc4nClpZlDF0SasXF9CRTJ3gvgEAAAAAAAAAAAAAAAAAQEIPAAAAAAAAAAAAAAAAAEBCDwAAAAAAAAA=
[2022-02-12T07:55:46.298857000Z DEBUG solana_bpf_loader_program] Program 8opHzTAnfzRpPEx21XtnrVTX28YQuCpAjcn1PczScKh consumed 8559 of 200000 compute units
[2022-02-12T07:55:46.298913000Z DEBUG solana_program_runtime::stable_log] Program 8opHzTAnfzRpPEx21XtnrVTX28YQuCpAjcn1PczScKh success
[2022-02-12T07:55:46.308661000Z DEBUG solana_program_runtime::stable_log] Program 4uQeVj5tqViQh7yWWGStvkEG1Zmhx6uasJtWCJziofM invoke [1]
[2022-02-12T07:55:46.309059000Z DEBUG solana_program_runtime::stable_log] Program 8opHzTAnfzRpPEx21XtnrVTX28YQuCpAjcn1PczScKh invoke [1]
[2022-02-12T07:55:46.309140000Z DEBUG solana_program_runtime::stable_log] Program log: Mango: UpdateFunding
[2022-02-12T07:55:46.309452000Z DEBUG solana_program_runtime::stable_log] Program log: Mango: UpdateRootBank
[2022-02-12T07:55:46.310305000Z DEBUG solana_program_runtime::stable_log] Program log: mango-log
[2022-02-12T07:55:46.310927000Z DEBUG solana_program_runtime::stable_log] Program log: ta5iwCEXTXuOnQdEtiC3dVJcJz5F0IHHBUtwK3dCY1dTcqbXUIsiDQIAAAAAAAAAAAAAAAAAAAAAAAAAAAAAAAAAAAAAAAAAAAAAAAAAAAA=
[2022-02-12T07:55:46.311078000Z DEBUG solana_bpf_loader_program] Program 4uQeVj5tqViQh7yWWGStvkEG1Zmhx6uasJtWCJziofM consumed 6460 of 200000 compute units
[2022-02-12T07:55:46.311146000Z DEBUG solana_program_runtime::stable_log] Program 4uQeVj5tqViQh7yWWGStvkEG1Zmhx6uasJtWCJziofM success
[2022-02-12T07:55:46.311288000Z DEBUG solana_program_runtime::stable_log] Program log: mango-log
[2022-02-12T07:55:46.311897000Z DEBUG solana_program_runtime::stable_log] Program log: 8HmBNKTUaLhxdA4GcfGyliALQuYkXc4nClpZlDF0SasXF9CRTJ3gvgIAAAAAAAAAAAAAAAAAQEIPAAAAAAAAAAAAAAAAAEBCDwAAAAAAAAA=
[2022-02-12T07:55:46.312019000Z DEBUG solana_bpf_loader_program] Program 8opHzTAnfzRpPEx21XtnrVTX28YQuCpAjcn1PczScKh consumed 8598 of 200000 compute units
[2022-02-12T07:55:46.312072000Z DEBUG solana_program_runtime::stable_log] Program 8opHzTAnfzRpPEx21XtnrVTX28YQuCpAjcn1PczScKh success
[2022-02-12T07:55:46.322139000Z DEBUG solana_program_runtime::stable_log] Program 8opHzTAnfzRpPEx21XtnrVTX28YQuCpAjcn1PczScKh invoke [1]
[2022-02-12T07:55:46.322540000Z DEBUG solana_program_runtime::stable_log] Program log: Mango: UpdateRootBank
[2022-02-12T07:55:46.322611000Z DEBUG solana_program_runtime::stable_log] Program 4uQeVj5tqViQh7yWWGStvkEG1Zmhx6uasJtWCJziofM invoke [1]
[2022-02-12T07:55:46.323075000Z DEBUG solana_program_runtime::stable_log] Program log: Mango: UpdateFunding
[2022-02-12T07:55:46.324213000Z DEBUG solana_program_runtime::stable_log] Program log: mango-log
[2022-02-12T07:55:46.324387000Z DEBUG solana_program_runtime::stable_log] Program log: mango-log
[2022-02-12T07:55:46.324846000Z DEBUG solana_program_runtime::stable_log] Program log: ta5iwCEXTXuOnQdEtiC3dVJcJz5F0IHHBUtwK3dCY1dTcqbXUIsiDQMAAAAAAAAAAAAAAAAAAAAAAAAAAAAAAAAAAAAAAAAAAAAAAAAAAAA=
[2022-02-12T07:55:46.325001000Z DEBUG solana_bpf_loader_program] Program 4uQeVj5tqViQh7yWWGStvkEG1Zmhx6uasJtWCJziofM consumed 6499 of 200000 compute units
[2022-02-12T07:55:46.325055000Z DEBUG solana_program_runtime::stable_log] Program log: 8HmBNKTUaLhxdA4GcfGyliALQuYkXc4nClpZlDF0SasXF9CRTJ3gvgMAAAAAAAAAAAAAAAAAQEIPAAAAAAAAAAAAAAAAAEBCDwAAAAAAAAA=
[2022-02-12T07:55:46.325071000Z DEBUG solana_program_runtime::stable_log] Program 4uQeVj5tqViQh7yWWGStvkEG1Zmhx6uasJtWCJziofM success
[2022-02-12T07:55:46.325186000Z DEBUG solana_bpf_loader_program] Program 8opHzTAnfzRpPEx21XtnrVTX28YQuCpAjcn1PczScKh consumed 8637 of 200000 compute units
[2022-02-12T07:55:46.325245000Z DEBUG solana_program_runtime::stable_log] Program 8opHzTAnfzRpPEx21XtnrVTX28YQuCpAjcn1PczScKh success
[2022-02-12T07:55:46.335974000Z DEBUG solana_program_runtime::stable_log] Program 4uQeVj5tqViQh7yWWGStvkEG1Zmhx6uasJtWCJziofM invoke [1]
[2022-02-12T07:55:46.336430000Z DEBUG solana_program_runtime::stable_log] Program log: Mango: UpdateFunding
[2022-02-12T07:55:46.336763000Z DEBUG solana_program_runtime::stable_log] Program 8opHzTAnfzRpPEx21XtnrVTX28YQuCpAjcn1PczScKh invoke [1]
[2022-02-12T07:55:46.337147000Z DEBUG solana_program_runtime::stable_log] Program log: Mango: UpdateRootBank
[2022-02-12T07:55:46.337579000Z DEBUG solana_program_runtime::stable_log] Program log: mango-log
[2022-02-12T07:55:46.338197000Z DEBUG solana_program_runtime::stable_log] Program log: ta5iwCEXTXuOnQdEtiC3dVJcJz5F0IHHBUtwK3dCY1dTcqbXUIsiDQQAAAAAAAAAAAAAAAAAAAAAAAAAAAAAAAAAAAAAAAAAAAAAAAAAAAA=
[2022-02-12T07:55:46.338347000Z DEBUG solana_bpf_loader_program] Program 4uQeVj5tqViQh7yWWGStvkEG1Zmhx6uasJtWCJziofM consumed 6538 of 200000 compute units
[2022-02-12T07:55:46.338419000Z DEBUG solana_program_runtime::stable_log] Program 4uQeVj5tqViQh7yWWGStvkEG1Zmhx6uasJtWCJziofM success
[2022-02-12T07:55:46.338990000Z DEBUG solana_program_runtime::stable_log] Program log: mango-log
[2022-02-12T07:55:46.339628000Z DEBUG solana_program_runtime::stable_log] Program log: 8HmBNKTUaLhxdA4GcfGyliALQuYkXc4nClpZlDF0SasXF9CRTJ3gvgQAAAAAAAAAAAAAAAAAQEIPAAAAAAAAAAAAAAAAAEBCDwAAAAAAAAA=
[2022-02-12T07:55:46.339762000Z DEBUG solana_bpf_loader_program] Program 8opHzTAnfzRpPEx21XtnrVTX28YQuCpAjcn1PczScKh consumed 8676 of 200000 compute units
[2022-02-12T07:55:46.339816000Z DEBUG solana_program_runtime::stable_log] Program 8opHzTAnfzRpPEx21XtnrVTX28YQuCpAjcn1PczScKh success
[2022-02-12T07:55:46.349537000Z DEBUG solana_program_runtime::stable_log] Program 4uQeVj5tqViQh7yWWGStvkEG1Zmhx6uasJtWCJziofM invoke [1]
[2022-02-12T07:55:46.350015000Z DEBUG solana_program_runtime::stable_log] Program log: Mango: UpdateFunding
[2022-02-12T07:55:46.350825000Z DEBUG solana_program_runtime::stable_log] Program 8opHzTAnfzRpPEx21XtnrVTX28YQuCpAjcn1PczScKh invoke [1]
[2022-02-12T07:55:46.351220000Z DEBUG solana_program_runtime::stable_log] Program log: Mango: UpdateRootBank
[2022-02-12T07:55:46.351233000Z DEBUG solana_program_runtime::stable_log] Program log: mango-log
[2022-02-12T07:55:46.351859000Z DEBUG solana_program_runtime::stable_log] Program log: ta5iwCEXTXuOnQdEtiC3dVJcJz5F0IHHBUtwK3dCY1dTcqbXUIsiDQUAAAAAAAAAAAAAAAAAAAAAAAAAAAAAAAAAAAAAAAAAAAAAAAAAAAA=
[2022-02-12T07:55:46.352018000Z DEBUG solana_bpf_loader_program] Program 4uQeVj5tqViQh7yWWGStvkEG1Zmhx6uasJtWCJziofM consumed 6577 of 200000 compute units
[2022-02-12T07:55:46.352090000Z DEBUG solana_program_runtime::stable_log] Program 4uQeVj5tqViQh7yWWGStvkEG1Zmhx6uasJtWCJziofM success
[2022-02-12T07:55:46.353133000Z DEBUG solana_program_runtime::stable_log] Program log: mango-log
[2022-02-12T07:55:46.353737000Z DEBUG solana_program_runtime::stable_log] Program log: 8HmBNKTUaLhxdA4GcfGyliALQuYkXc4nClpZlDF0SasXF9CRTJ3gvgUAAAAAAAAAAAAAAAAAQEIPAAAAAAAAAAAAAAAAAEBCDwAAAAAAAAA=
[2022-02-12T07:55:46.353867000Z DEBUG solana_bpf_loader_program] Program 8opHzTAnfzRpPEx21XtnrVTX28YQuCpAjcn1PczScKh consumed 8715 of 200000 compute units
[2022-02-12T07:55:46.353923000Z DEBUG solana_program_runtime::stable_log] Program 8opHzTAnfzRpPEx21XtnrVTX28YQuCpAjcn1PczScKh success
[2022-02-12T07:55:46.362171000Z DEBUG solana_program_runtime::stable_log] Program 4uQeVj5tqViQh7yWWGStvkEG1Zmhx6uasJtWCJziofM invoke [1]
[2022-02-12T07:55:46.362615000Z DEBUG solana_program_runtime::stable_log] Program log: Mango: UpdateFunding
[2022-02-12T07:55:46.363783000Z DEBUG solana_program_runtime::stable_log] Program log: mango-log
[2022-02-12T07:55:46.363821000Z DEBUG solana_program_runtime::stable_log] Program 8opHzTAnfzRpPEx21XtnrVTX28YQuCpAjcn1PczScKh invoke [1]
[2022-02-12T07:55:46.364218000Z DEBUG solana_program_runtime::stable_log] Program log: Mango: UpdateRootBank
[2022-02-12T07:55:46.364465000Z DEBUG solana_program_runtime::stable_log] Program log: ta5iwCEXTXuOnQdEtiC3dVJcJz5F0IHHBUtwK3dCY1dTcqbXUIsiDQYAAAAAAAAAAAAAAAAAAAAAAAAAAAAAAAAAAAAAAAAAAAAAAAAAAAA=
[2022-02-12T07:55:46.364627000Z DEBUG solana_bpf_loader_program] Program 4uQeVj5tqViQh7yWWGStvkEG1Zmhx6uasJtWCJziofM consumed 6616 of 200000 compute units
[2022-02-12T07:55:46.364704000Z DEBUG solana_program_runtime::stable_log] Program 4uQeVj5tqViQh7yWWGStvkEG1Zmhx6uasJtWCJziofM success
[2022-02-12T07:55:46.366137000Z DEBUG solana_program_runtime::stable_log] Program log: mango-log
[2022-02-12T07:55:46.366764000Z DEBUG solana_program_runtime::stable_log] Program log: 8HmBNKTUaLhxdA4GcfGyliALQuYkXc4nClpZlDF0SasXF9CRTJ3gvgYAAAAAAAAAAAAAAAAAQEIPAAAAAAAAAAAAAAAAAEBCDwAAAAAAAAA=
[2022-02-12T07:55:46.366890000Z DEBUG solana_bpf_loader_program] Program 8opHzTAnfzRpPEx21XtnrVTX28YQuCpAjcn1PczScKh consumed 8754 of 200000 compute units
[2022-02-12T07:55:46.366945000Z DEBUG solana_program_runtime::stable_log] Program 8opHzTAnfzRpPEx21XtnrVTX28YQuCpAjcn1PczScKh success
[2022-02-12T07:55:46.375574000Z DEBUG solana_program_runtime::stable_log] Program 4uQeVj5tqViQh7yWWGStvkEG1Zmhx6uasJtWCJziofM invoke [1]
[2022-02-12T07:55:46.376059000Z DEBUG solana_program_runtime::stable_log] Program log: Mango: UpdateFunding
[2022-02-12T07:55:46.377300000Z DEBUG solana_program_runtime::stable_log] Program log: mango-log
[2022-02-12T07:55:46.377418000Z DEBUG solana_program_runtime::stable_log] Program 8opHzTAnfzRpPEx21XtnrVTX28YQuCpAjcn1PczScKh invoke [1]
[2022-02-12T07:55:46.377813000Z DEBUG solana_program_runtime::stable_log] Program log: Mango: UpdateRootBank
[2022-02-12T07:55:46.377932000Z DEBUG solana_program_runtime::stable_log] Program log: ta5iwCEXTXuOnQdEtiC3dVJcJz5F0IHHBUtwK3dCY1dTcqbXUIsiDQcAAAAAAAAAAAAAAAAAAAAAAAAAAAAAAAAAAAAAAAAAAAAAAAAAAAA=
[2022-02-12T07:55:46.378083000Z DEBUG solana_bpf_loader_program] Program 4uQeVj5tqViQh7yWWGStvkEG1Zmhx6uasJtWCJziofM consumed 6655 of 200000 compute units
[2022-02-12T07:55:46.378154000Z DEBUG solana_program_runtime::stable_log] Program 4uQeVj5tqViQh7yWWGStvkEG1Zmhx6uasJtWCJziofM success
[2022-02-12T07:55:46.379758000Z DEBUG solana_program_runtime::stable_log] Program log: mango-log
[2022-02-12T07:55:46.380393000Z DEBUG solana_program_runtime::stable_log] Program log: 8HmBNKTUaLhxdA4GcfGyliALQuYkXc4nClpZlDF0SasXF9CRTJ3gvgcAAAAAAAAAAAAAAAAAQEIPAAAAAAAAAAAAAAAAAEBCDwAAAAAAAAA=
[2022-02-12T07:55:46.380523000Z DEBUG solana_bpf_loader_program] Program 8opHzTAnfzRpPEx21XtnrVTX28YQuCpAjcn1PczScKh consumed 8793 of 200000 compute units
[2022-02-12T07:55:46.380581000Z DEBUG solana_program_runtime::stable_log] Program 8opHzTAnfzRpPEx21XtnrVTX28YQuCpAjcn1PczScKh success
[2022-02-12T07:55:46.388624000Z DEBUG solana_program_runtime::stable_log] Program 4uQeVj5tqViQh7yWWGStvkEG1Zmhx6uasJtWCJziofM invoke [1]
[2022-02-12T07:55:46.389096000Z DEBUG solana_program_runtime::stable_log] Program log: Mango: UpdateFunding
[2022-02-12T07:55:46.390341000Z DEBUG solana_program_runtime::stable_log] Program log: mango-log
[2022-02-12T07:55:46.390969000Z DEBUG solana_program_runtime::stable_log] Program log: ta5iwCEXTXuOnQdEtiC3dVJcJz5F0IHHBUtwK3dCY1dTcqbXUIsiDQgAAAAAAAAAAAAAAAAAAAAAAAAAAAAAAAAAAAAAAAAAAAAAAAAAAAA=
[2022-02-12T07:55:46.391123000Z DEBUG solana_bpf_loader_program] Program 4uQeVj5tqViQh7yWWGStvkEG1Zmhx6uasJtWCJziofM consumed 6694 of 200000 compute units
[2022-02-12T07:55:46.391190000Z DEBUG solana_program_runtime::stable_log] Program 4uQeVj5tqViQh7yWWGStvkEG1Zmhx6uasJtWCJziofM success
[2022-02-12T07:55:46.391802000Z DEBUG solana_program_runtime::stable_log] Program 8opHzTAnfzRpPEx21XtnrVTX28YQuCpAjcn1PczScKh invoke [1]
[2022-02-12T07:55:46.392192000Z DEBUG solana_program_runtime::stable_log] Program log: Mango: UpdateRootBank
[2022-02-12T07:55:46.394137000Z DEBUG solana_program_runtime::stable_log] Program log: mango-log
[2022-02-12T07:55:46.394766000Z DEBUG solana_program_runtime::stable_log] Program log: 8HmBNKTUaLhxdA4GcfGyliALQuYkXc4nClpZlDF0SasXF9CRTJ3gvggAAAAAAAAAAAAAAAAAQEIPAAAAAAAAAAAAAAAAAEBCDwAAAAAAAAA=
[2022-02-12T07:55:46.394893000Z DEBUG solana_bpf_loader_program] Program 8opHzTAnfzRpPEx21XtnrVTX28YQuCpAjcn1PczScKh consumed 8832 of 200000 compute units
[2022-02-12T07:55:46.394957000Z DEBUG solana_program_runtime::stable_log] Program 8opHzTAnfzRpPEx21XtnrVTX28YQuCpAjcn1PczScKh success
[2022-02-12T07:55:46.402970000Z DEBUG solana_program_runtime::stable_log] Program 4uQeVj5tqViQh7yWWGStvkEG1Zmhx6uasJtWCJziofM invoke [1]
[2022-02-12T07:55:46.403432000Z DEBUG solana_program_runtime::stable_log] Program log: Mango: UpdateFunding
[2022-02-12T07:55:46.404692000Z DEBUG solana_program_runtime::stable_log] Program log: mango-log
[2022-02-12T07:55:46.405319000Z DEBUG solana_program_runtime::stable_log] Program log: ta5iwCEXTXuOnQdEtiC3dVJcJz5F0IHHBUtwK3dCY1dTcqbXUIsiDQkAAAAAAAAAAAAAAAAAAAAAAAAAAAAAAAAAAAAAAAAAAAAAAAAAAAA=
[2022-02-12T07:55:46.405480000Z DEBUG solana_bpf_loader_program] Program 4uQeVj5tqViQh7yWWGStvkEG1Zmhx6uasJtWCJziofM consumed 6733 of 200000 compute units
[2022-02-12T07:55:46.405546000Z DEBUG solana_program_runtime::stable_log] Program 4uQeVj5tqViQh7yWWGStvkEG1Zmhx6uasJtWCJziofM success
[2022-02-12T07:55:46.406398000Z DEBUG solana_program_runtime::stable_log] Program 8opHzTAnfzRpPEx21XtnrVTX28YQuCpAjcn1PczScKh invoke [1]
[2022-02-12T07:55:46.406791000Z DEBUG solana_program_runtime::stable_log] Program log: Mango: UpdateRootBank
[2022-02-12T07:55:46.408733000Z DEBUG solana_program_runtime::stable_log] Program log: mango-log
[2022-02-12T07:55:46.409353000Z DEBUG solana_program_runtime::stable_log] Program log: 8HmBNKTUaLhxdA4GcfGyliALQuYkXc4nClpZlDF0SasXF9CRTJ3gvgkAAAAAAAAAAAAAAAAAQEIPAAAAAAAAAAAAAAAAAEBCDwAAAAAAAAA=
[2022-02-12T07:55:46.409480000Z DEBUG solana_bpf_loader_program] Program 8opHzTAnfzRpPEx21XtnrVTX28YQuCpAjcn1PczScKh consumed 8871 of 200000 compute units
[2022-02-12T07:55:46.409536000Z DEBUG solana_program_runtime::stable_log] Program 8opHzTAnfzRpPEx21XtnrVTX28YQuCpAjcn1PczScKh success
[2022-02-12T07:55:46.415979000Z DEBUG solana_program_runtime::stable_log] Program 4uQeVj5tqViQh7yWWGStvkEG1Zmhx6uasJtWCJziofM invoke [1]
[2022-02-12T07:55:46.416443000Z DEBUG solana_program_runtime::stable_log] Program log: Mango: UpdateFunding
[2022-02-12T07:55:46.417730000Z DEBUG solana_program_runtime::stable_log] Program log: mango-log
[2022-02-12T07:55:46.418351000Z DEBUG solana_program_runtime::stable_log] Program log: ta5iwCEXTXuOnQdEtiC3dVJcJz5F0IHHBUtwK3dCY1dTcqbXUIsiDQoAAAAAAAAAAAAAAAAAAAAAAAAAAAAAAAAAAAAAAAAAAAAAAAAAAAA=
[2022-02-12T07:55:46.418508000Z DEBUG solana_bpf_loader_program] Program 4uQeVj5tqViQh7yWWGStvkEG1Zmhx6uasJtWCJziofM consumed 6772 of 200000 compute units
[2022-02-12T07:55:46.418577000Z DEBUG solana_program_runtime::stable_log] Program 4uQeVj5tqViQh7yWWGStvkEG1Zmhx6uasJtWCJziofM success
[2022-02-12T07:55:46.420790000Z DEBUG solana_program_runtime::stable_log] Program 8opHzTAnfzRpPEx21XtnrVTX28YQuCpAjcn1PczScKh invoke [1]
[2022-02-12T07:55:46.421185000Z DEBUG solana_program_runtime::stable_log] Program log: Mango: UpdateRootBank
[2022-02-12T07:55:46.423133000Z DEBUG solana_program_runtime::stable_log] Program log: mango-log
[2022-02-12T07:55:46.423755000Z DEBUG solana_program_runtime::stable_log] Program log: 8HmBNKTUaLhxdA4GcfGyliALQuYkXc4nClpZlDF0SasXF9CRTJ3gvgoAAAAAAAAAAAAAAAAAQEIPAAAAAAAAAAAAAAAAAEBCDwAAAAAAAAA=
[2022-02-12T07:55:46.423880000Z DEBUG solana_bpf_loader_program] Program 8opHzTAnfzRpPEx21XtnrVTX28YQuCpAjcn1PczScKh consumed 8910 of 200000 compute units
[2022-02-12T07:55:46.423936000Z DEBUG solana_program_runtime::stable_log] Program 8opHzTAnfzRpPEx21XtnrVTX28YQuCpAjcn1PczScKh success
[2022-02-12T07:55:46.429641000Z DEBUG solana_program_runtime::stable_log] Program 4uQeVj5tqViQh7yWWGStvkEG1Zmhx6uasJtWCJziofM invoke [1]
[2022-02-12T07:55:46.430101000Z DEBUG solana_program_runtime::stable_log] Program log: Mango: UpdateFunding
[2022-02-12T07:55:46.431384000Z DEBUG solana_program_runtime::stable_log] Program log: mango-log
[2022-02-12T07:55:46.432010000Z DEBUG solana_program_runtime::stable_log] Program log: ta5iwCEXTXuOnQdEtiC3dVJcJz5F0IHHBUtwK3dCY1dTcqbXUIsiDQsAAAAAAAAAAAAAAAAAAAAAAAAAAAAAAAAAAAAAAAAAAAAAAAAAAAA=
[2022-02-12T07:55:46.432160000Z DEBUG solana_bpf_loader_program] Program 4uQeVj5tqViQh7yWWGStvkEG1Zmhx6uasJtWCJziofM consumed 6811 of 200000 compute units
[2022-02-12T07:55:46.432246000Z DEBUG solana_program_runtime::stable_log] Program 4uQeVj5tqViQh7yWWGStvkEG1Zmhx6uasJtWCJziofM success
[2022-02-12T07:55:46.435023000Z DEBUG solana_program_runtime::stable_log] Program 8opHzTAnfzRpPEx21XtnrVTX28YQuCpAjcn1PczScKh invoke [1]
[2022-02-12T07:55:46.435432000Z DEBUG solana_program_runtime::stable_log] Program log: Mango: UpdateRootBank
[2022-02-12T07:55:46.437399000Z DEBUG solana_program_runtime::stable_log] Program log: mango-log
[2022-02-12T07:55:46.438030000Z DEBUG solana_program_runtime::stable_log] Program log: 8HmBNKTUaLhxdA4GcfGyliALQuYkXc4nClpZlDF0SasXF9CRTJ3gvgsAAAAAAAAAAAAAAAAAQEIPAAAAAAAAAAAAAAAAAEBCDwAAAAAAAAA=
[2022-02-12T07:55:46.438160000Z DEBUG solana_bpf_loader_program] Program 8opHzTAnfzRpPEx21XtnrVTX28YQuCpAjcn1PczScKh consumed 8949 of 200000 compute units
[2022-02-12T07:55:46.438222000Z DEBUG solana_program_runtime::stable_log] Program 8opHzTAnfzRpPEx21XtnrVTX28YQuCpAjcn1PczScKh success
[2022-02-12T07:55:46.443861000Z DEBUG solana_program_runtime::stable_log] Program 4uQeVj5tqViQh7yWWGStvkEG1Zmhx6uasJtWCJziofM invoke [1]
[2022-02-12T07:55:46.444331000Z DEBUG solana_program_runtime::stable_log] Program log: Mango: UpdateFunding
[2022-02-12T07:55:46.445638000Z DEBUG solana_program_runtime::stable_log] Program log: mango-log
[2022-02-12T07:55:46.446275000Z DEBUG solana_program_runtime::stable_log] Program log: ta5iwCEXTXuOnQdEtiC3dVJcJz5F0IHHBUtwK3dCY1dTcqbXUIsiDQwAAAAAAAAAAAAAAAAAAAAAAAAAAAAAAAAAAAAAAAAAAAAAAAAAAAA=
[2022-02-12T07:55:46.446432000Z DEBUG solana_bpf_loader_program] Program 4uQeVj5tqViQh7yWWGStvkEG1Zmhx6uasJtWCJziofM consumed 6850 of 200000 compute units
[2022-02-12T07:55:46.446501000Z DEBUG solana_program_runtime::stable_log] Program 4uQeVj5tqViQh7yWWGStvkEG1Zmhx6uasJtWCJziofM success
[2022-02-12T07:55:46.449806000Z DEBUG solana_program_runtime::stable_log] Program 8opHzTAnfzRpPEx21XtnrVTX28YQuCpAjcn1PczScKh invoke [1]
[2022-02-12T07:55:46.450204000Z DEBUG solana_program_runtime::stable_log] Program log: Mango: UpdateRootBank
[2022-02-12T07:55:46.452203000Z DEBUG solana_program_runtime::stable_log] Program log: mango-log
[2022-02-12T07:55:46.452820000Z DEBUG solana_program_runtime::stable_log] Program log: 8HmBNKTUaLhxdA4GcfGyliALQuYkXc4nClpZlDF0SasXF9CRTJ3gvgwAAAAAAAAAAAAAAAAAQEIPAAAAAAAAAAAAAAAAAEBCDwAAAAAAAAA=
[2022-02-12T07:55:46.452951000Z DEBUG solana_bpf_loader_program] Program 8opHzTAnfzRpPEx21XtnrVTX28YQuCpAjcn1PczScKh consumed 8988 of 200000 compute units
[2022-02-12T07:55:46.453014000Z DEBUG solana_program_runtime::stable_log] Program 8opHzTAnfzRpPEx21XtnrVTX28YQuCpAjcn1PczScKh success
[2022-02-12T07:55:46.457973000Z DEBUG solana_program_runtime::stable_log] Program 4uQeVj5tqViQh7yWWGStvkEG1Zmhx6uasJtWCJziofM invoke [1]
[2022-02-12T07:55:46.458443000Z DEBUG solana_program_runtime::stable_log] Program log: Mango: UpdateFunding
[2022-02-12T07:55:46.459776000Z DEBUG solana_program_runtime::stable_log] Program log: mango-log
[2022-02-12T07:55:46.460398000Z DEBUG solana_program_runtime::stable_log] Program log: ta5iwCEXTXuOnQdEtiC3dVJcJz5F0IHHBUtwK3dCY1dTcqbXUIsiDQ0AAAAAAAAAAAAAAAAAAAAAAAAAAAAAAAAAAAAAAAAAAAAAAAAAAAA=
[2022-02-12T07:55:46.460556000Z DEBUG solana_bpf_loader_program] Program 4uQeVj5tqViQh7yWWGStvkEG1Zmhx6uasJtWCJziofM consumed 6889 of 200000 compute units
[2022-02-12T07:55:46.460628000Z DEBUG solana_program_runtime::stable_log] Program 4uQeVj5tqViQh7yWWGStvkEG1Zmhx6uasJtWCJziofM success
[2022-02-12T07:55:46.464048000Z DEBUG solana_program_runtime::stable_log] Program 8opHzTAnfzRpPEx21XtnrVTX28YQuCpAjcn1PczScKh invoke [1]
[2022-02-12T07:55:46.464460000Z DEBUG solana_program_runtime::stable_log] Program log: Mango: UpdateRootBank
[2022-02-12T07:55:46.466452000Z DEBUG solana_program_runtime::stable_log] Program log: mango-log
[2022-02-12T07:55:46.467071000Z DEBUG solana_program_runtime::stable_log] Program log: 8HmBNKTUaLhxdA4GcfGyliALQuYkXc4nClpZlDF0SasXF9CRTJ3gvg0AAAAAAAAAAAAAAAAAQEIPAAAAAAAAAAAAAAAAAEBCDwAAAAAAAAA=
[2022-02-12T07:55:46.467200000Z DEBUG solana_bpf_loader_program] Program 8opHzTAnfzRpPEx21XtnrVTX28YQuCpAjcn1PczScKh consumed 9027 of 200000 compute units
[2022-02-12T07:55:46.467255000Z DEBUG solana_program_runtime::stable_log] Program 8opHzTAnfzRpPEx21XtnrVTX28YQuCpAjcn1PczScKh success
[2022-02-12T07:55:46.470880000Z DEBUG solana_program_runtime::stable_log] Program 4uQeVj5tqViQh7yWWGStvkEG1Zmhx6uasJtWCJziofM invoke [1]
[2022-02-12T07:55:46.471345000Z DEBUG solana_program_runtime::stable_log] Program log: Mango: UpdateFunding
[2022-02-12T07:55:46.472695000Z DEBUG solana_program_runtime::stable_log] Program log: mango-log
[2022-02-12T07:55:46.473322000Z DEBUG solana_program_runtime::stable_log] Program log: ta5iwCEXTXuOnQdEtiC3dVJcJz5F0IHHBUtwK3dCY1dTcqbXUIsiDQ4AAAAAAAAAAAAAAAAAAAAAAAAAAAAAAAAAAAAAAAAAAAAAAAAAAAA=
[2022-02-12T07:55:46.473472000Z DEBUG solana_bpf_loader_program] Program 4uQeVj5tqViQh7yWWGStvkEG1Zmhx6uasJtWCJziofM consumed 6928 of 200000 compute units
[2022-02-12T07:55:46.473541000Z DEBUG solana_program_runtime::stable_log] Program 4uQeVj5tqViQh7yWWGStvkEG1Zmhx6uasJtWCJziofM success
[2022-02-12T07:55:46.478442000Z DEBUG solana_program_runtime::stable_log] Program 8opHzTAnfzRpPEx21XtnrVTX28YQuCpAjcn1PczScKh invoke [1]
[2022-02-12T07:55:46.478846000Z DEBUG solana_program_runtime::stable_log] Program log: Mango: UpdateRootBank
[2022-02-12T07:55:46.480853000Z DEBUG solana_program_runtime::stable_log] Program log: mango-log
[2022-02-12T07:55:46.481473000Z DEBUG solana_program_runtime::stable_log] Program log: 8HmBNKTUaLhxdA4GcfGyliALQuYkXc4nClpZlDF0SasXF9CRTJ3gvg4AAAAAAAAAAAAAAAAAQEIPAAAAAAAAAAAAAAAAAEBCDwAAAAAAAAA=
[2022-02-12T07:55:46.481599000Z DEBUG solana_bpf_loader_program] Program 8opHzTAnfzRpPEx21XtnrVTX28YQuCpAjcn1PczScKh consumed 9066 of 200000 compute units
[2022-02-12T07:55:46.481655000Z DEBUG solana_program_runtime::stable_log] Program 8opHzTAnfzRpPEx21XtnrVTX28YQuCpAjcn1PczScKh success
[2022-02-12T07:55:46.487621000Z DEBUG solana_program_runtime::stable_log] Program 4uQeVj5tqViQh7yWWGStvkEG1Zmhx6uasJtWCJziofM invoke [1]
[2022-02-12T07:55:46.488814000Z DEBUG solana_program_runtime::stable_log] Program log: Mango: CacheRootBanks
[2022-02-12T07:55:46.492689000Z DEBUG solana_program_runtime::stable_log] Program log: mango-log
[2022-02-12T07:55:46.492722000Z DEBUG solana_program_runtime::stable_log] Program 8opHzTAnfzRpPEx21XtnrVTX28YQuCpAjcn1PczScKh invoke [1]
[2022-02-12T07:55:46.493113000Z DEBUG solana_program_runtime::stable_log] Program log: Mango: UpdateRootBank
[2022-02-12T07:55:46.495435000Z DEBUG solana_program_runtime::stable_log] Program log: mango-log
[2022-02-12T07:55:46.495661000Z DEBUG solana_program_runtime::stable_log] Program log: IVXYca/GfeiOnQdEtiC3dVJcJz5F0IHHBUtwK3dCY1dTcqbXUIsiDRAAAAAAAAAAAAAAAAEAAAAAAAAAAgAAAAAAAAADAAAAAAAAAAQAAAAAAAAABQAAAAAAAAAGAAAAAAAAAAcAAAAAAAAACAAAAAAAAAAJAAAAAAAAAAoAAAAAAAAACwAAAAAAAAAMAAAAAAAAAA0AAAAAAAAADgAAAAAAAAAPAAAAAAAAABAAAAAAAAAAAABAQg8AAAAAAAAAAAAAAAAAQEIPAAAAAAAAAAAAAAAAAEBCDwAAAAAAAAAAAAAAAABAQg8AAAAAAAAAAAAAAAAAQEIPAAAAAAAAAAAAAAAAAEBCDwAAAAAAAAAAAAAAAABAQg8AAAAAAAAAAAAAAAAAQEIPAAAAAAAAAAAAAAAAAEBCDwAAAAAAAAAAAAAAAABAQg8AAAAAAAAAAAAAAAAAQEIPAAAAAAAAAAAAAAAAAEBCDwAAAAAAAAAAAAAAAABAQg8AAAAAAAAAAAAAAAAAQEIPAAAAAAAAAAAAAAAAAEBCDwAAAAAAAAAAAAAAAABAQg8AAAAAAAAAEAAAAAAAAAAAAEBCDwAAAAAAAAAAAAAAAABAQg8AAAAAAAAAAAAAAAAAQEIPAAAAAAAAAAAAAAAAAEBCDwAAAAAAAAAAAAAAAABAQg8AAAAAAAAAAAAAAAAAQEIPAAAAAAAAAAAAAAAAAEBCDwAAAAAAAAAAAAAAAABAQg8AAAAAAAAAAAAAAAAAQEIPAAAAAAAAAAAAAAAAAEBCDwAAAAAAAAAAAAAAAABAQg8AAAAAAAAAAAAAAAAAQEIPAAAAAAAAAAAAAAAAAEBCDwAAAAAAAAAAAAAAAABAQg8AAAAAAAAAAAAAAAAAQEIPAAAAAAAAAAAAAAAAAEBCDwAAAAAAAAA=
[2022-02-12T07:55:46.496057000Z DEBUG solana_program_runtime::stable_log] Program log: 8HmBNKTUaLhxdA4GcfGyliALQuYkXc4nClpZlDF0SasXF9CRTJ3gvg8AAAAAAAAAAAAAAAAAQEIPAAAAAAAAAAAAAAAAAEBCDwAAAAAAAAA=
[2022-02-12T07:55:46.496093000Z DEBUG solana_bpf_loader_program] Program 4uQeVj5tqViQh7yWWGStvkEG1Zmhx6uasJtWCJziofM consumed 24427 of 200000 compute units
[2022-02-12T07:55:46.496171000Z DEBUG solana_program_runtime::stable_log] Program 4uQeVj5tqViQh7yWWGStvkEG1Zmhx6uasJtWCJziofM success
[2022-02-12T07:55:46.496187000Z DEBUG solana_bpf_loader_program] Program 8opHzTAnfzRpPEx21XtnrVTX28YQuCpAjcn1PczScKh consumed 9946 of 200000 compute units
[2022-02-12T07:55:46.496243000Z DEBUG solana_program_runtime::stable_log] Program 8opHzTAnfzRpPEx21XtnrVTX28YQuCpAjcn1PczScKh success
[2022-02-12T07:55:46.506867000Z DEBUG solana_program_runtime::stable_log] Program 8opHzTAnfzRpPEx21XtnrVTX28YQuCpAjcn1PczScKh invoke [1]
[2022-02-12T07:55:46.507315000Z DEBUG solana_program_runtime::stable_log] Program log: Mango: UpdateFunding
[2022-02-12T07:55:46.508406000Z DEBUG solana_program_runtime::stable_log] Program log: mango-log
[2022-02-12T07:55:46.509031000Z DEBUG solana_program_runtime::stable_log] Program log: ta5iwCEXTXtxdA4GcfGyliALQuYkXc4nClpZlDF0SasXF9CRTJ3gvgAAAAAAAAAAAAAAAAAAAAAAAAAAAAAAAAAAAAAAAAAAAAAAAAAAAAA=
[2022-02-12T07:55:46.509180000Z DEBUG solana_bpf_loader_program] Program 8opHzTAnfzRpPEx21XtnrVTX28YQuCpAjcn1PczScKh consumed 6381 of 200000 compute units
[2022-02-12T07:55:46.509248000Z DEBUG solana_program_runtime::stable_log] Program 8opHzTAnfzRpPEx21XtnrVTX28YQuCpAjcn1PczScKh success
[2022-02-12T07:55:46.509623000Z DEBUG solana_program_runtime::stable_log] Program 4uQeVj5tqViQh7yWWGStvkEG1Zmhx6uasJtWCJziofM invoke [1]
[2022-02-12T07:55:46.510790000Z DEBUG solana_program_runtime::stable_log] Program log: Mango: CachePerpMarkets
[2022-02-12T07:55:46.514607000Z DEBUG solana_program_runtime::stable_log] Program log: mango-log
[2022-02-12T07:55:46.517368000Z DEBUG solana_program_runtime::stable_log] Program log: 9lt9JxCzqw6OnQdEtiC3dVJcJz5F0IHHBUtwK3dCY1dTcqbXUIsiDQ8AAAAAAAAAAAAAAAEAAAAAAAAAAgAAAAAAAAADAAAAAAAAAAQAAAAAAAAABQAAAAAAAAAGAAAAAAAAAAcAAAAAAAAACAAAAAAAAAAJAAAAAAAAAAoAAAAAAAAACwAAAAAAAAAMAAAAAAAAAA0AAAAAAAAADgAAAAAAAAAPAAAAAAAAAAAAAAAAAAAAAAAAAAAAAAAAAAAAAAAAAAAAAAAAAAAAAAAAAAAAAAAAAAAAAAAAAAAAAAAAAAAAAAAAAAAAAAAAAAAAAAAAAAAAAAAAAAAAAAAAAAAAAAAAAAAAAAAAAAAAAAAAAAAAAAAAAAAAAAAAAAAAAAAAAAAAAAAAAAAAAAAAAAAAAAAAAAAAAAAAAAAAAAAAAAAAAAAAAAAAAAAAAAAAAAAAAAAAAAAAAAAAAAAAAAAAAAAAAAAAAAAAAAAAAAAAAAAAAAAAAAAAAAAAAAAAAAAAAAAAAAAAAAAAAAAAAAAAAAAAAAAADwAAAAAAAAAAAAAAAAAAAAAAAAAAAAAAAAAAAAAAAAAAAAAAAAAAAAAAAAAAAAAAAAAAAAAAAAAAAAAAAAAAAAAAAAAAAAAAAAAAAAAAAAAAAAAAAAAAAAAAAAAAAAAAAAAAAAAAAAAAAAAAAAAAAAAAAAAAAAAAAAAAAAAAAAAAAAAAAAAAAAAAAAAAAAAAAAAAAAAAAAAAAAAAAAAAAAAAAAAAAAAAAAAAAAAAAAAAAAAAAAAAAAAAAAAAAAAAAAAAAAAAAAAAAAAAAAAAAAAAAAAAAAAAAAAAAAAAAAAAAAAAAAAAAAAAAAAAAAAAAAAAAA==
[2022-02-12T07:55:46.517780000Z DEBUG solana_bpf_loader_program] Program 4uQeVj5tqViQh7yWWGStvkEG1Zmhx6uasJtWCJziofM consumed 23463 of 200000 compute units
[2022-02-12T07:55:46.517861000Z DEBUG solana_program_runtime::stable_log] Program 4uQeVj5tqViQh7yWWGStvkEG1Zmhx6uasJtWCJziofM success
[2022-02-12T07:55:46.520357000Z DEBUG solana_program_runtime::stable_log] Program 8opHzTAnfzRpPEx21XtnrVTX28YQuCpAjcn1PczScKh invoke [1]
[2022-02-12T07:55:46.520800000Z DEBUG solana_program_runtime::stable_log] Program log: Mango: UpdateFunding
[2022-02-12T07:55:46.521947000Z DEBUG solana_program_runtime::stable_log] Program log: mango-log
[2022-02-12T07:55:46.522574000Z DEBUG solana_program_runtime::stable_log] Program log: ta5iwCEXTXtxdA4GcfGyliALQuYkXc4nClpZlDF0SasXF9CRTJ3gvgEAAAAAAAAAAAAAAAAAAAAAAAAAAAAAAAAAAAAAAAAAAAAAAAAAAAA=
[2022-02-12T07:55:46.522725000Z DEBUG solana_bpf_loader_program] Program 8opHzTAnfzRpPEx21XtnrVTX28YQuCpAjcn1PczScKh consumed 6421 of 200000 compute units
[2022-02-12T07:55:46.522799000Z DEBUG solana_program_runtime::stable_log] Program 8opHzTAnfzRpPEx21XtnrVTX28YQuCpAjcn1PczScKh success
[2022-02-12T07:55:46.533690000Z DEBUG solana_program_runtime::stable_log] Program 8opHzTAnfzRpPEx21XtnrVTX28YQuCpAjcn1PczScKh invoke [1]
[2022-02-12T07:55:46.534185000Z DEBUG solana_program_runtime::stable_log] Program log: Mango: UpdateFunding
[2022-02-12T07:55:46.535370000Z DEBUG solana_program_runtime::stable_log] Program log: mango-log
[2022-02-12T07:55:46.535990000Z DEBUG solana_program_runtime::stable_log] Program log: ta5iwCEXTXtxdA4GcfGyliALQuYkXc4nClpZlDF0SasXF9CRTJ3gvgIAAAAAAAAAAAAAAAAAAAAAAAAAAAAAAAAAAAAAAAAAAAAAAAAAAAA=
[2022-02-12T07:55:46.536137000Z DEBUG solana_bpf_loader_program] Program 8opHzTAnfzRpPEx21XtnrVTX28YQuCpAjcn1PczScKh consumed 6460 of 200000 compute units
[2022-02-12T07:55:46.536218000Z DEBUG solana_program_runtime::stable_log] Program 8opHzTAnfzRpPEx21XtnrVTX28YQuCpAjcn1PczScKh success
[2022-02-12T07:55:46.546822000Z DEBUG solana_program_runtime::stable_log] Program 8opHzTAnfzRpPEx21XtnrVTX28YQuCpAjcn1PczScKh invoke [1]
[2022-02-12T07:55:46.547314000Z DEBUG solana_program_runtime::stable_log] Program log: Mango: UpdateFunding
[2022-02-12T07:55:46.548521000Z DEBUG solana_program_runtime::stable_log] Program log: mango-log
[2022-02-12T07:55:46.549165000Z DEBUG solana_program_runtime::stable_log] Program log: ta5iwCEXTXtxdA4GcfGyliALQuYkXc4nClpZlDF0SasXF9CRTJ3gvgMAAAAAAAAAAAAAAAAAAAAAAAAAAAAAAAAAAAAAAAAAAAAAAAAAAAA=
[2022-02-12T07:55:46.549316000Z DEBUG solana_bpf_loader_program] Program 8opHzTAnfzRpPEx21XtnrVTX28YQuCpAjcn1PczScKh consumed 6499 of 200000 compute units
[2022-02-12T07:55:46.549394000Z DEBUG solana_program_runtime::stable_log] Program 8opHzTAnfzRpPEx21XtnrVTX28YQuCpAjcn1PczScKh success
[2022-02-12T07:55:46.560207000Z DEBUG solana_program_runtime::stable_log] Program 4uQeVj5tqViQh7yWWGStvkEG1Zmhx6uasJtWCJziofM invoke [1]
[2022-02-12T07:55:46.560917000Z DEBUG solana_program_runtime::stable_log] Program 8opHzTAnfzRpPEx21XtnrVTX28YQuCpAjcn1PczScKh invoke [1]
[2022-02-12T07:55:46.561366000Z DEBUG solana_program_runtime::stable_log] Program log: Mango: CachePrices
[2022-02-12T07:55:46.561368000Z DEBUG solana_program_runtime::stable_log] Program log: Mango: UpdateFunding
[2022-02-12T07:55:46.562566000Z DEBUG solana_program_runtime::stable_log] Program log: mango-log
[2022-02-12T07:55:46.563188000Z DEBUG solana_program_runtime::stable_log] Program log: ta5iwCEXTXtxdA4GcfGyliALQuYkXc4nClpZlDF0SasXF9CRTJ3gvgQAAAAAAAAAAAAAAAAAAAAAAAAAAAAAAAAAAAAAAAAAAAAAAAAAAAA=
[2022-02-12T07:55:46.563340000Z DEBUG solana_bpf_loader_program] Program 8opHzTAnfzRpPEx21XtnrVTX28YQuCpAjcn1PczScKh consumed 6538 of 200000 compute units
[2022-02-12T07:55:46.563411000Z DEBUG solana_program_runtime::stable_log] Program 8opHzTAnfzRpPEx21XtnrVTX28YQuCpAjcn1PczScKh success
[2022-02-12T07:55:46.564566000Z DEBUG solana_program_runtime::stable_log] Program log: mango-log
[2022-02-12T07:55:46.566423000Z DEBUG solana_program_runtime::stable_log] Program log: ux0uSxX5tBuOnQdEtiC3dVJcJz5F0IHHBUtwK3dCY1dTcqbXUIsiDQ8AAAAAAAAAAAAAAAEAAAAAAAAAAgAAAAAAAAADAAAAAAAAAAQAAAAAAAAABQAAAAAAAAAGAAAAAAAAAAcAAAAAAAAACAAAAAAAAAAJAAAAAAAAAAoAAAAAAAAACwAAAAAAAAAMAAAAAAAAAA0AAAAAAAAADgAAAAAAAAAPAAAAAG4AAAAAECcAAAAAAAAAAABuAAAAABAnAAAAAAAAAAAAbgAAAAAQJwAAAAAAAAAAAG4AAAAAECcAAAAAAAAAABwAAAAAAAoAAAAAAAAAAAAAbgAAAAAQJwAAAAAAAAAAAG4AAAAAECcAAAAAAAAAAABuAAAAABAnAAAAAAAAAAAAbgAAAAAQJwAAAAAAAAAAAG4AAAAAECcAAAAAAAAAAABuAAAAABAnAAAAAAAAAAAAbgAAAAAQJwAAAAAAAAAAAG4AAAAAECcAAAAAAAAAAABuAAAAABAnAAAAAAAAAAAAbgAAAAAQJwAAAAAAAAAA
[2022-02-12T07:55:46.566828000Z DEBUG solana_bpf_loader_program] Program 4uQeVj5tqViQh7yWWGStvkEG1Zmhx6uasJtWCJziofM consumed 18318 of 200000 compute units
[2022-02-12T07:55:46.566903000Z DEBUG solana_program_runtime::stable_log] Program 4uQeVj5tqViQh7yWWGStvkEG1Zmhx6uasJtWCJziofM success
[2022-02-12T07:55:46.573821000Z DEBUG solana_program_runtime::stable_log] Program 8opHzTAnfzRpPEx21XtnrVTX28YQuCpAjcn1PczScKh invoke [1]
[2022-02-12T07:55:46.574287000Z DEBUG solana_program_runtime::stable_log] Program log: Mango: UpdateFunding
[2022-02-12T07:55:46.575489000Z DEBUG solana_program_runtime::stable_log] Program log: mango-log
[2022-02-12T07:55:46.576111000Z DEBUG solana_program_runtime::stable_log] Program log: ta5iwCEXTXtxdA4GcfGyliALQuYkXc4nClpZlDF0SasXF9CRTJ3gvgUAAAAAAAAAAAAAAAAAAAAAAAAAAAAAAAAAAAAAAAAAAAAAAAAAAAA=
[2022-02-12T07:55:46.576261000Z DEBUG solana_bpf_loader_program] Program 8opHzTAnfzRpPEx21XtnrVTX28YQuCpAjcn1PczScKh consumed 6577 of 200000 compute units
[2022-02-12T07:55:46.576330000Z DEBUG solana_program_runtime::stable_log] Program 8opHzTAnfzRpPEx21XtnrVTX28YQuCpAjcn1PczScKh success
[2022-02-12T07:55:46.577997000Z DEBUG solana_program_runtime::stable_log] Program 4uQeVj5tqViQh7yWWGStvkEG1Zmhx6uasJtWCJziofM invoke [1]
[2022-02-12T07:55:46.578382000Z DEBUG solana_program_runtime::stable_log] Program log: Mango: UpdateRootBank
[2022-02-12T07:55:46.581151000Z DEBUG solana_program_runtime::stable_log] Program log: mango-log
[2022-02-12T07:55:46.581758000Z DEBUG solana_program_runtime::stable_log] Program log: 8HmBNKTUaLiOnQdEtiC3dVJcJz5F0IHHBUtwK3dCY1dTcqbXUIsiDQAAAAAAAAAAAAAAAAAAQEIPAAAAAAAAAAAAAAAAAEBCDwAAAAAAAAA=
[2022-02-12T07:55:46.581882000Z DEBUG solana_bpf_loader_program] Program 4uQeVj5tqViQh7yWWGStvkEG1Zmhx6uasJtWCJziofM consumed 11797 of 200000 compute units
[2022-02-12T07:55:46.581935000Z DEBUG solana_program_runtime::stable_log] Program 4uQeVj5tqViQh7yWWGStvkEG1Zmhx6uasJtWCJziofM success
[2022-02-12T07:55:46.586412000Z DEBUG solana_program_runtime::stable_log] Program 8opHzTAnfzRpPEx21XtnrVTX28YQuCpAjcn1PczScKh invoke [1]
[2022-02-12T07:55:46.586873000Z DEBUG solana_program_runtime::stable_log] Program log: Mango: UpdateFunding
[2022-02-12T07:55:46.588040000Z DEBUG solana_program_runtime::stable_log] Program log: mango-log
[2022-02-12T07:55:46.588711000Z DEBUG solana_program_runtime::stable_log] Program log: ta5iwCEXTXtxdA4GcfGyliALQuYkXc4nClpZlDF0SasXF9CRTJ3gvgYAAAAAAAAAAAAAAAAAAAAAAAAAAAAAAAAAAAAAAAAAAAAAAAAAAAA=
[2022-02-12T07:55:46.588878000Z DEBUG solana_bpf_loader_program] Program 8opHzTAnfzRpPEx21XtnrVTX28YQuCpAjcn1PczScKh consumed 6616 of 200000 compute units
[2022-02-12T07:55:46.588957000Z DEBUG solana_program_runtime::stable_log] Program 8opHzTAnfzRpPEx21XtnrVTX28YQuCpAjcn1PczScKh success
[2022-02-12T07:55:46.592284000Z DEBUG solana_program_runtime::stable_log] Program 4uQeVj5tqViQh7yWWGStvkEG1Zmhx6uasJtWCJziofM invoke [1]
[2022-02-12T07:55:46.592689000Z DEBUG solana_program_runtime::stable_log] Program log: Mango: UpdateRootBank
[2022-02-12T07:55:46.595552000Z DEBUG solana_program_runtime::stable_log] Program log: mango-log
[2022-02-12T07:55:46.596179000Z DEBUG solana_program_runtime::stable_log] Program log: 8HmBNKTUaLiOnQdEtiC3dVJcJz5F0IHHBUtwK3dCY1dTcqbXUIsiDQEAAAAAAAAAAAAAAAAAQEIPAAAAAAAAAAAAAAAAAEBCDwAAAAAAAAA=
[2022-02-12T07:55:46.596306000Z DEBUG solana_bpf_loader_program] Program 4uQeVj5tqViQh7yWWGStvkEG1Zmhx6uasJtWCJziofM consumed 11837 of 200000 compute units
[2022-02-12T07:55:46.596365000Z DEBUG solana_program_runtime::stable_log] Program 4uQeVj5tqViQh7yWWGStvkEG1Zmhx6uasJtWCJziofM success
[2022-02-12T07:55:46.601379000Z DEBUG solana_program_runtime::stable_log] Program 8opHzTAnfzRpPEx21XtnrVTX28YQuCpAjcn1PczScKh invoke [1]
[2022-02-12T07:55:46.601846000Z DEBUG solana_program_runtime::stable_log] Program log: Mango: UpdateFunding
[2022-02-12T07:55:46.603092000Z DEBUG solana_program_runtime::stable_log] Program log: mango-log
[2022-02-12T07:55:46.603717000Z DEBUG solana_program_runtime::stable_log] Program log: ta5iwCEXTXtxdA4GcfGyliALQuYkXc4nClpZlDF0SasXF9CRTJ3gvgcAAAAAAAAAAAAAAAAAAAAAAAAAAAAAAAAAAAAAAAAAAAAAAAAAAAA=
[2022-02-12T07:55:46.603866000Z DEBUG solana_bpf_loader_program] Program 8opHzTAnfzRpPEx21XtnrVTX28YQuCpAjcn1PczScKh consumed 6655 of 200000 compute units
[2022-02-12T07:55:46.603935000Z DEBUG solana_program_runtime::stable_log] Program 8opHzTAnfzRpPEx21XtnrVTX28YQuCpAjcn1PczScKh success
[2022-02-12T07:55:46.606914000Z DEBUG solana_program_runtime::stable_log] Program 4uQeVj5tqViQh7yWWGStvkEG1Zmhx6uasJtWCJziofM invoke [1]
[2022-02-12T07:55:46.607338000Z DEBUG solana_program_runtime::stable_log] Program log: Mango: UpdateRootBank
[2022-02-12T07:55:46.610215000Z DEBUG solana_program_runtime::stable_log] Program log: mango-log
[2022-02-12T07:55:46.610841000Z DEBUG solana_program_runtime::stable_log] Program log: 8HmBNKTUaLiOnQdEtiC3dVJcJz5F0IHHBUtwK3dCY1dTcqbXUIsiDQIAAAAAAAAAAAAAAAAAQEIPAAAAAAAAAAAAAAAAAEBCDwAAAAAAAAA=
[2022-02-12T07:55:46.610971000Z DEBUG solana_bpf_loader_program] Program 4uQeVj5tqViQh7yWWGStvkEG1Zmhx6uasJtWCJziofM consumed 11876 of 200000 compute units
[2022-02-12T07:55:46.611026000Z DEBUG solana_program_runtime::stable_log] Program 4uQeVj5tqViQh7yWWGStvkEG1Zmhx6uasJtWCJziofM success
[2022-02-12T07:55:46.614539000Z DEBUG solana_program_runtime::stable_log] Program 8opHzTAnfzRpPEx21XtnrVTX28YQuCpAjcn1PczScKh invoke [1]
[2022-02-12T07:55:46.614976000Z DEBUG solana_program_runtime::stable_log] Program log: Mango: UpdateFunding
[2022-02-12T07:55:46.616180000Z DEBUG solana_program_runtime::stable_log] Program log: mango-log
[2022-02-12T07:55:46.616787000Z DEBUG solana_program_runtime::stable_log] Program log: ta5iwCEXTXtxdA4GcfGyliALQuYkXc4nClpZlDF0SasXF9CRTJ3gvggAAAAAAAAAAAAAAAAAAAAAAAAAAAAAAAAAAAAAAAAAAAAAAAAAAAA=
[2022-02-12T07:55:46.616935000Z DEBUG solana_bpf_loader_program] Program 8opHzTAnfzRpPEx21XtnrVTX28YQuCpAjcn1PczScKh consumed 6694 of 200000 compute units
[2022-02-12T07:55:46.617000000Z DEBUG solana_program_runtime::stable_log] Program 8opHzTAnfzRpPEx21XtnrVTX28YQuCpAjcn1PczScKh success
[2022-02-12T07:55:46.621047000Z DEBUG solana_program_runtime::stable_log] Program 4uQeVj5tqViQh7yWWGStvkEG1Zmhx6uasJtWCJziofM invoke [1]
[2022-02-12T07:55:46.621436000Z DEBUG solana_program_runtime::stable_log] Program log: Mango: UpdateRootBank
[2022-02-12T07:55:46.624330000Z DEBUG solana_program_runtime::stable_log] Program log: mango-log
[2022-02-12T07:55:46.624990000Z DEBUG solana_program_runtime::stable_log] Program log: 8HmBNKTUaLiOnQdEtiC3dVJcJz5F0IHHBUtwK3dCY1dTcqbXUIsiDQMAAAAAAAAAAAAAAAAAQEIPAAAAAAAAAAAAAAAAAEBCDwAAAAAAAAA=
[2022-02-12T07:55:46.625126000Z DEBUG solana_bpf_loader_program] Program 4uQeVj5tqViQh7yWWGStvkEG1Zmhx6uasJtWCJziofM consumed 11915 of 200000 compute units
[2022-02-12T07:55:46.625194000Z DEBUG solana_program_runtime::stable_log] Program 4uQeVj5tqViQh7yWWGStvkEG1Zmhx6uasJtWCJziofM success
[2022-02-12T07:55:46.629675000Z DEBUG solana_program_runtime::stable_log] Program 8opHzTAnfzRpPEx21XtnrVTX28YQuCpAjcn1PczScKh invoke [1]
[2022-02-12T07:55:46.630142000Z DEBUG solana_program_runtime::stable_log] Program log: Mango: UpdateFunding
[2022-02-12T07:55:46.631415000Z DEBUG solana_program_runtime::stable_log] Program log: mango-log
[2022-02-12T07:55:46.632047000Z DEBUG solana_program_runtime::stable_log] Program log: ta5iwCEXTXtxdA4GcfGyliALQuYkXc4nClpZlDF0SasXF9CRTJ3gvgkAAAAAAAAAAAAAAAAAAAAAAAAAAAAAAAAAAAAAAAAAAAAAAAAAAAA=
[2022-02-12T07:55:46.632200000Z DEBUG solana_bpf_loader_program] Program 8opHzTAnfzRpPEx21XtnrVTX28YQuCpAjcn1PczScKh consumed 6733 of 200000 compute units
[2022-02-12T07:55:46.632271000Z DEBUG solana_program_runtime::stable_log] Program 8opHzTAnfzRpPEx21XtnrVTX28YQuCpAjcn1PczScKh success
[2022-02-12T07:55:46.637718000Z DEBUG solana_program_runtime::stable_log] Program 4uQeVj5tqViQh7yWWGStvkEG1Zmhx6uasJtWCJziofM invoke [1]
[2022-02-12T07:55:46.638139000Z DEBUG solana_program_runtime::stable_log] Program log: Mango: UpdateRootBank
[2022-02-12T07:55:46.641046000Z DEBUG solana_program_runtime::stable_log] Program log: mango-log
[2022-02-12T07:55:46.641670000Z DEBUG solana_program_runtime::stable_log] Program log: 8HmBNKTUaLiOnQdEtiC3dVJcJz5F0IHHBUtwK3dCY1dTcqbXUIsiDQQAAAAAAAAAAAAAAAAAQEIPAAAAAAAAAAAAAAAAAEBCDwAAAAAAAAA=
[2022-02-12T07:55:46.641802000Z DEBUG solana_bpf_loader_program] Program 4uQeVj5tqViQh7yWWGStvkEG1Zmhx6uasJtWCJziofM consumed 11954 of 200000 compute units
[2022-02-12T07:55:46.641858000Z DEBUG solana_program_runtime::stable_log] Program 4uQeVj5tqViQh7yWWGStvkEG1Zmhx6uasJtWCJziofM success
[2022-02-12T07:55:46.642974000Z DEBUG solana_program_runtime::stable_log] Program 8opHzTAnfzRpPEx21XtnrVTX28YQuCpAjcn1PczScKh invoke [1]
[2022-02-12T07:55:46.643429000Z DEBUG solana_program_runtime::stable_log] Program log: Mango: UpdateFunding
[2022-02-12T07:55:46.644693000Z DEBUG solana_program_runtime::stable_log] Program log: mango-log
[2022-02-12T07:55:46.645318000Z DEBUG solana_program_runtime::stable_log] Program log: ta5iwCEXTXtxdA4GcfGyliALQuYkXc4nClpZlDF0SasXF9CRTJ3gvgoAAAAAAAAAAAAAAAAAAAAAAAAAAAAAAAAAAAAAAAAAAAAAAAAAAAA=
[2022-02-12T07:55:46.645472000Z DEBUG solana_bpf_loader_program] Program 8opHzTAnfzRpPEx21XtnrVTX28YQuCpAjcn1PczScKh consumed 6772 of 200000 compute units
[2022-02-12T07:55:46.645541000Z DEBUG solana_program_runtime::stable_log] Program 8opHzTAnfzRpPEx21XtnrVTX28YQuCpAjcn1PczScKh success
[2022-02-12T07:55:46.652100000Z DEBUG solana_program_runtime::stable_log] Program 4uQeVj5tqViQh7yWWGStvkEG1Zmhx6uasJtWCJziofM invoke [1]
[2022-02-12T07:55:46.652511000Z DEBUG solana_program_runtime::stable_log] Program log: Mango: UpdateRootBank
[2022-02-12T07:55:46.655436000Z DEBUG solana_program_runtime::stable_log] Program log: mango-log
[2022-02-12T07:55:46.656037000Z DEBUG solana_program_runtime::stable_log] Program 8opHzTAnfzRpPEx21XtnrVTX28YQuCpAjcn1PczScKh invoke [1]
[2022-02-12T07:55:46.656065000Z DEBUG solana_program_runtime::stable_log] Program log: 8HmBNKTUaLiOnQdEtiC3dVJcJz5F0IHHBUtwK3dCY1dTcqbXUIsiDQUAAAAAAAAAAAAAAAAAQEIPAAAAAAAAAAAAAAAAAEBCDwAAAAAAAAA=
[2022-02-12T07:55:46.656201000Z DEBUG solana_bpf_loader_program] Program 4uQeVj5tqViQh7yWWGStvkEG1Zmhx6uasJtWCJziofM consumed 11993 of 200000 compute units
[2022-02-12T07:55:46.656260000Z DEBUG solana_program_runtime::stable_log] Program 4uQeVj5tqViQh7yWWGStvkEG1Zmhx6uasJtWCJziofM success
[2022-02-12T07:55:46.656485000Z DEBUG solana_program_runtime::stable_log] Program log: Mango: UpdateFunding
[2022-02-12T07:55:46.657786000Z DEBUG solana_program_runtime::stable_log] Program log: mango-log
[2022-02-12T07:55:46.658415000Z DEBUG solana_program_runtime::stable_log] Program log: ta5iwCEXTXtxdA4GcfGyliALQuYkXc4nClpZlDF0SasXF9CRTJ3gvgsAAAAAAAAAAAAAAAAAAAAAAAAAAAAAAAAAAAAAAAAAAAAAAAAAAAA=
[2022-02-12T07:55:46.658567000Z DEBUG solana_bpf_loader_program] Program 8opHzTAnfzRpPEx21XtnrVTX28YQuCpAjcn1PczScKh consumed 6811 of 200000 compute units
[2022-02-12T07:55:46.658636000Z DEBUG solana_program_runtime::stable_log] Program 8opHzTAnfzRpPEx21XtnrVTX28YQuCpAjcn1PczScKh success
[2022-02-12T07:55:46.666595000Z DEBUG solana_program_runtime::stable_log] Program 4uQeVj5tqViQh7yWWGStvkEG1Zmhx6uasJtWCJziofM invoke [1]
[2022-02-12T07:55:46.667024000Z DEBUG solana_program_runtime::stable_log] Program log: Mango: UpdateRootBank
[2022-02-12T07:55:46.669960000Z DEBUG solana_program_runtime::stable_log] Program log: mango-log
[2022-02-12T07:55:46.670356000Z DEBUG solana_program_runtime::stable_log] Program 8opHzTAnfzRpPEx21XtnrVTX28YQuCpAjcn1PczScKh invoke [1]
[2022-02-12T07:55:46.670586000Z DEBUG solana_program_runtime::stable_log] Program log: 8HmBNKTUaLiOnQdEtiC3dVJcJz5F0IHHBUtwK3dCY1dTcqbXUIsiDQYAAAAAAAAAAAAAAAAAQEIPAAAAAAAAAAAAAAAAAEBCDwAAAAAAAAA=
[2022-02-12T07:55:46.670717000Z DEBUG solana_bpf_loader_program] Program 4uQeVj5tqViQh7yWWGStvkEG1Zmhx6uasJtWCJziofM consumed 12032 of 200000 compute units
[2022-02-12T07:55:46.670802000Z DEBUG solana_program_runtime::stable_log] Program log: Mango: UpdateFunding
[2022-02-12T07:55:46.670779000Z DEBUG solana_program_runtime::stable_log] Program 4uQeVj5tqViQh7yWWGStvkEG1Zmhx6uasJtWCJziofM success
[2022-02-12T07:55:46.672126000Z DEBUG solana_program_runtime::stable_log] Program log: mango-log
[2022-02-12T07:55:46.672749000Z DEBUG solana_program_runtime::stable_log] Program log: ta5iwCEXTXtxdA4GcfGyliALQuYkXc4nClpZlDF0SasXF9CRTJ3gvgwAAAAAAAAAAAAAAAAAAAAAAAAAAAAAAAAAAAAAAAAAAAAAAAAAAAA=
[2022-02-12T07:55:46.672898000Z DEBUG solana_bpf_loader_program] Program 8opHzTAnfzRpPEx21XtnrVTX28YQuCpAjcn1PczScKh consumed 6850 of 200000 compute units
[2022-02-12T07:55:46.672968000Z DEBUG solana_program_runtime::stable_log] Program 8opHzTAnfzRpPEx21XtnrVTX28YQuCpAjcn1PczScKh success
[2022-02-12T07:55:46.682146000Z DEBUG solana_program_runtime::stable_log] Program 4uQeVj5tqViQh7yWWGStvkEG1Zmhx6uasJtWCJziofM invoke [1]
[2022-02-12T07:55:46.682580000Z DEBUG solana_program_runtime::stable_log] Program log: Mango: UpdateRootBank
[2022-02-12T07:55:46.683933000Z DEBUG solana_program_runtime::stable_log] Program 8opHzTAnfzRpPEx21XtnrVTX28YQuCpAjcn1PczScKh invoke [1]
[2022-02-12T07:55:46.684384000Z DEBUG solana_program_runtime::stable_log] Program log: Mango: UpdateFunding
[2022-02-12T07:55:46.685526000Z DEBUG solana_program_runtime::stable_log] Program log: mango-log
[2022-02-12T07:55:46.685691000Z DEBUG solana_program_runtime::stable_log] Program log: mango-log
[2022-02-12T07:55:46.686144000Z DEBUG solana_program_runtime::stable_log] Program log: 8HmBNKTUaLiOnQdEtiC3dVJcJz5F0IHHBUtwK3dCY1dTcqbXUIsiDQcAAAAAAAAAAAAAAAAAQEIPAAAAAAAAAAAAAAAAAEBCDwAAAAAAAAA=
[2022-02-12T07:55:46.686272000Z DEBUG solana_bpf_loader_program] Program 4uQeVj5tqViQh7yWWGStvkEG1Zmhx6uasJtWCJziofM consumed 12071 of 200000 compute units
[2022-02-12T07:55:46.686309000Z DEBUG solana_program_runtime::stable_log] Program log: ta5iwCEXTXtxdA4GcfGyliALQuYkXc4nClpZlDF0SasXF9CRTJ3gvg0AAAAAAAAAAAAAAAAAAAAAAAAAAAAAAAAAAAAAAAAAAAAAAAAAAAA=
[2022-02-12T07:55:46.686333000Z DEBUG solana_program_runtime::stable_log] Program 4uQeVj5tqViQh7yWWGStvkEG1Zmhx6uasJtWCJziofM success
[2022-02-12T07:55:46.686458000Z DEBUG solana_bpf_loader_program] Program 8opHzTAnfzRpPEx21XtnrVTX28YQuCpAjcn1PczScKh consumed 6889 of 200000 compute units
[2022-02-12T07:55:46.686525000Z DEBUG solana_program_runtime::stable_log] Program 8opHzTAnfzRpPEx21XtnrVTX28YQuCpAjcn1PczScKh success
[2022-02-12T07:55:46.696312000Z DEBUG solana_program_runtime::stable_log] Program 4uQeVj5tqViQh7yWWGStvkEG1Zmhx6uasJtWCJziofM invoke [1]
[2022-02-12T07:55:46.696557000Z DEBUG solana_program_runtime::stable_log] Program 8opHzTAnfzRpPEx21XtnrVTX28YQuCpAjcn1PczScKh invoke [1]
[2022-02-12T07:55:46.696706000Z DEBUG solana_program_runtime::stable_log] Program log: Mango: UpdateRootBank
[2022-02-12T07:55:46.697015000Z DEBUG solana_program_runtime::stable_log] Program log: Mango: UpdateFunding
[2022-02-12T07:55:46.698297000Z DEBUG solana_program_runtime::stable_log] Program log: mango-log
[2022-02-12T07:55:46.698984000Z DEBUG solana_program_runtime::stable_log] Program log: ta5iwCEXTXtxdA4GcfGyliALQuYkXc4nClpZlDF0SasXF9CRTJ3gvg4AAAAAAAAAAAAAAAAAAAAAAAAAAAAAAAAAAAAAAAAAAAAAAAAAAAA=
[2022-02-12T07:55:46.699150000Z DEBUG solana_bpf_loader_program] Program 8opHzTAnfzRpPEx21XtnrVTX28YQuCpAjcn1PczScKh consumed 6928 of 200000 compute units
[2022-02-12T07:55:46.699223000Z DEBUG solana_program_runtime::stable_log] Program 8opHzTAnfzRpPEx21XtnrVTX28YQuCpAjcn1PczScKh success
[2022-02-12T07:55:46.699770000Z DEBUG solana_program_runtime::stable_log] Program log: mango-log
[2022-02-12T07:55:46.700392000Z DEBUG solana_program_runtime::stable_log] Program log: 8HmBNKTUaLiOnQdEtiC3dVJcJz5F0IHHBUtwK3dCY1dTcqbXUIsiDQgAAAAAAAAAAAAAAAAAQEIPAAAAAAAAAAAAAAAAAEBCDwAAAAAAAAA=
[2022-02-12T07:55:46.700519000Z DEBUG solana_bpf_loader_program] Program 4uQeVj5tqViQh7yWWGStvkEG1Zmhx6uasJtWCJziofM consumed 12110 of 200000 compute units
[2022-02-12T07:55:46.700580000Z DEBUG solana_program_runtime::stable_log] Program 4uQeVj5tqViQh7yWWGStvkEG1Zmhx6uasJtWCJziofM success
[2022-02-12T07:55:46.710765000Z DEBUG solana_program_runtime::stable_log] Program 4uQeVj5tqViQh7yWWGStvkEG1Zmhx6uasJtWCJziofM invoke [1]
[2022-02-12T07:55:46.711163000Z DEBUG solana_program_runtime::stable_log] Program log: Mango: UpdateRootBank
[2022-02-12T07:55:46.713421000Z DEBUG solana_program_runtime::stable_log] Program 8opHzTAnfzRpPEx21XtnrVTX28YQuCpAjcn1PczScKh invoke [1]
[2022-02-12T07:55:46.714142000Z DEBUG solana_program_runtime::stable_log] Program log: mango-log
[2022-02-12T07:55:46.714625000Z DEBUG solana_program_runtime::stable_log] Program log: Mango: CacheRootBanks
[2022-02-12T07:55:46.714785000Z DEBUG solana_program_runtime::stable_log] Program log: 8HmBNKTUaLiOnQdEtiC3dVJcJz5F0IHHBUtwK3dCY1dTcqbXUIsiDQkAAAAAAAAAAAAAAAAAQEIPAAAAAAAAAAAAAAAAAEBCDwAAAAAAAAA=
[2022-02-12T07:55:46.714914000Z DEBUG solana_bpf_loader_program] Program 4uQeVj5tqViQh7yWWGStvkEG1Zmhx6uasJtWCJziofM consumed 12149 of 200000 compute units
[2022-02-12T07:55:46.714977000Z DEBUG solana_program_runtime::stable_log] Program 4uQeVj5tqViQh7yWWGStvkEG1Zmhx6uasJtWCJziofM success
[2022-02-12T07:55:46.718488000Z DEBUG solana_program_runtime::stable_log] Program log: mango-log
[2022-02-12T07:55:46.721459000Z DEBUG solana_program_runtime::stable_log] Program log: IVXYca/GfehxdA4GcfGyliALQuYkXc4nClpZlDF0SasXF9CRTJ3gvhAAAAAAAAAAAAAAAAEAAAAAAAAAAgAAAAAAAAADAAAAAAAAAAQAAAAAAAAABQAAAAAAAAAGAAAAAAAAAAcAAAAAAAAACAAAAAAAAAAJAAAAAAAAAAoAAAAAAAAACwAAAAAAAAAMAAAAAAAAAA0AAAAAAAAADgAAAAAAAAAPAAAAAAAAABAAAAAAAAAAAABAQg8AAAAAAAAAAAAAAAAAQEIPAAAAAAAAAAAAAAAAAEBCDwAAAAAAAAAAAAAAAABAQg8AAAAAAAAAAAAAAAAAQEIPAAAAAAAAAAAAAAAAAEBCDwAAAAAAAAAAAAAAAABAQg8AAAAAAAAAAAAAAAAAQEIPAAAAAAAAAAAAAAAAAEBCDwAAAAAAAAAAAAAAAABAQg8AAAAAAAAAAAAAAAAAQEIPAAAAAAAAAAAAAAAAAEBCDwAAAAAAAAAAAAAAAABAQg8AAAAAAAAAAAAAAAAAQEIPAAAAAAAAAAAAAAAAAEBCDwAAAAAAAAAAAAAAAABAQg8AAAAAAAAAEAAAAAAAAAAAAEBCDwAAAAAAAAAAAAAAAABAQg8AAAAAAAAAAAAAAAAAQEIPAAAAAAAAAAAAAAAAAEBCDwAAAAAAAAAAAAAAAABAQg8AAAAAAAAAAAAAAAAAQEIPAAAAAAAAAAAAAAAAAEBCDwAAAAAAAAAAAAAAAABAQg8AAAAAAAAAAAAAAAAAQEIPAAAAAAAAAAAAAAAAAEBCDwAAAAAAAAAAAAAAAABAQg8AAAAAAAAAAAAAAAAAQEIPAAAAAAAAAAAAAAAAAEBCDwAAAAAAAAAAAAAAAABAQg8AAAAAAAAAAAAAAAAAQEIPAAAAAAAAAAAAAAAAAEBCDwAAAAAAAAA=
[2022-02-12T07:55:46.721896000Z DEBUG solana_bpf_loader_program] Program 8opHzTAnfzRpPEx21XtnrVTX28YQuCpAjcn1PczScKh consumed 24418 of 200000 compute units
[2022-02-12T07:55:46.721978000Z DEBUG solana_program_runtime::stable_log] Program 8opHzTAnfzRpPEx21XtnrVTX28YQuCpAjcn1PczScKh success
[2022-02-12T07:55:46.726075000Z DEBUG solana_program_runtime::stable_log] Program 4uQeVj5tqViQh7yWWGStvkEG1Zmhx6uasJtWCJziofM invoke [1]
[2022-02-12T07:55:46.726461000Z DEBUG solana_program_runtime::stable_log] Program log: Mango: UpdateRootBank
[2022-02-12T07:55:46.729360000Z DEBUG solana_program_runtime::stable_log] Program log: mango-log
[2022-02-12T07:55:46.729963000Z DEBUG solana_program_runtime::stable_log] Program log: 8HmBNKTUaLiOnQdEtiC3dVJcJz5F0IHHBUtwK3dCY1dTcqbXUIsiDQoAAAAAAAAAAAAAAAAAQEIPAAAAAAAAAAAAAAAAAEBCDwAAAAAAAAA=
[2022-02-12T07:55:46.730090000Z DEBUG solana_bpf_loader_program] Program 4uQeVj5tqViQh7yWWGStvkEG1Zmhx6uasJtWCJziofM consumed 12188 of 200000 compute units
[2022-02-12T07:55:46.730143000Z DEBUG solana_program_runtime::stable_log] Program 4uQeVj5tqViQh7yWWGStvkEG1Zmhx6uasJtWCJziofM success
[2022-02-12T07:55:46.735524000Z DEBUG solana_program_runtime::stable_log] Program 8opHzTAnfzRpPEx21XtnrVTX28YQuCpAjcn1PczScKh invoke [1]
[2022-02-12T07:55:46.736713000Z DEBUG solana_program_runtime::stable_log] Program log: Mango: CachePerpMarkets
[2022-02-12T07:55:46.740451000Z DEBUG solana_program_runtime::stable_log] Program 4uQeVj5tqViQh7yWWGStvkEG1Zmhx6uasJtWCJziofM invoke [1]
[2022-02-12T07:55:46.740516000Z DEBUG solana_program_runtime::stable_log] Program log: mango-log
[2022-02-12T07:55:46.740842000Z DEBUG solana_program_runtime::stable_log] Program log: Mango: UpdateRootBank
[2022-02-12T07:55:46.743273000Z DEBUG solana_program_runtime::stable_log] Program log: 9lt9JxCzqw5xdA4GcfGyliALQuYkXc4nClpZlDF0SasXF9CRTJ3gvg8AAAAAAAAAAAAAAAEAAAAAAAAAAgAAAAAAAAADAAAAAAAAAAQAAAAAAAAABQAAAAAAAAAGAAAAAAAAAAcAAAAAAAAACAAAAAAAAAAJAAAAAAAAAAoAAAAAAAAACwAAAAAAAAAMAAAAAAAAAA0AAAAAAAAADgAAAAAAAAAPAAAAAAAAAAAAAAAAAAAAAAAAAAAAAAAAAAAAAAAAAAAAAAAAAAAAAAAAAAAAAAAAAAAAAAAAAAAAAAAAAAAAAAAAAAAAAAAAAAAAAAAAAAAAAAAAAAAAAAAAAAAAAAAAAAAAAAAAAAAAAAAAAAAAAAAAAAAAAAAAAAAAAAAAAAAAAAAAAAAAAAAAAAAAAAAAAAAAAAAAAAAAAAAAAAAAAAAAAAAAAAAAAAAAAAAAAAAAAAAAAAAAAAAAAAAAAAAAAAAAAAAAAAAAAAAAAAAAAAAAAAAAAAAAAAAAAAAAAAAAAAAAAAAAAAAAAAAAAAAAAAAADwAAAAAAAAAAAAAAAAAAAAAAAAAAAAAAAAAAAAAAAAAAAAAAAAAAAAAAAAAAAAAAAAAAAAAAAAAAAAAAAAAAAAAAAAAAAAAAAAAAAAAAAAAAAAAAAAAAAAAAAAAAAAAAAAAAAAAAAAAAAAAAAAAAAAAAAAAAAAAAAAAAAAAAAAAAAAAAAAAAAAAAAAAAAAAAAAAAAAAAAAAAAAAAAAAAAAAAAAAAAAAAAAAAAAAAAAAAAAAAAAAAAAAAAAAAAAAAAAAAAAAAAAAAAAAAAAAAAAAAAAAAAAAAAAAAAAAAAAAAAAAAAAAAAAAAAAAAAAAAAAAAAA==
[2022-02-12T07:55:46.743685000Z DEBUG solana_bpf_loader_program] Program 8opHzTAnfzRpPEx21XtnrVTX28YQuCpAjcn1PczScKh consumed 23463 of 200000 compute units
[2022-02-12T07:55:46.743765000Z DEBUG solana_program_runtime::stable_log] Program 8opHzTAnfzRpPEx21XtnrVTX28YQuCpAjcn1PczScKh success
[2022-02-12T07:55:46.743834000Z DEBUG solana_program_runtime::stable_log] Program log: mango-log
[2022-02-12T07:55:46.744485000Z DEBUG solana_program_runtime::stable_log] Program log: 8HmBNKTUaLiOnQdEtiC3dVJcJz5F0IHHBUtwK3dCY1dTcqbXUIsiDQsAAAAAAAAAAAAAAAAAQEIPAAAAAAAAAAAAAAAAAEBCDwAAAAAAAAA=
[2022-02-12T07:55:46.744616000Z DEBUG solana_bpf_loader_program] Program 4uQeVj5tqViQh7yWWGStvkEG1Zmhx6uasJtWCJziofM consumed 12227 of 200000 compute units
[2022-02-12T07:55:46.744672000Z DEBUG solana_program_runtime::stable_log] Program 4uQeVj5tqViQh7yWWGStvkEG1Zmhx6uasJtWCJziofM success
[2022-02-12T07:55:46.756170000Z DEBUG solana_program_runtime::stable_log] Program 4uQeVj5tqViQh7yWWGStvkEG1Zmhx6uasJtWCJziofM invoke [1]
[2022-02-12T07:55:46.756607000Z DEBUG solana_program_runtime::stable_log] Program log: Mango: UpdateRootBank
[2022-02-12T07:55:46.759636000Z DEBUG solana_program_runtime::stable_log] Program log: mango-log
[2022-02-12T07:55:46.760264000Z DEBUG solana_program_runtime::stable_log] Program log: 8HmBNKTUaLiOnQdEtiC3dVJcJz5F0IHHBUtwK3dCY1dTcqbXUIsiDQwAAAAAAAAAAAAAAAAAQEIPAAAAAAAAAAAAAAAAAEBCDwAAAAAAAAA=
[2022-02-12T07:55:46.760397000Z DEBUG solana_bpf_loader_program] Program 4uQeVj5tqViQh7yWWGStvkEG1Zmhx6uasJtWCJziofM consumed 12266 of 200000 compute units
[2022-02-12T07:55:46.760460000Z DEBUG solana_program_runtime::stable_log] Program 4uQeVj5tqViQh7yWWGStvkEG1Zmhx6uasJtWCJziofM success
[2022-02-12T07:55:46.760649000Z DEBUG solana_program_runtime::stable_log] Program 8opHzTAnfzRpPEx21XtnrVTX28YQuCpAjcn1PczScKh invoke [1]
[2022-02-12T07:55:46.762152000Z DEBUG solana_program_runtime::stable_log] Program log: Mango: PlacePerpOrder client_order_id=10000
[2022-02-12T07:55:46.771965000Z DEBUG solana_program_runtime::stable_log] Program 4uQeVj5tqViQh7yWWGStvkEG1Zmhx6uasJtWCJziofM invoke [1]
[2022-02-12T07:55:46.772359000Z DEBUG solana_program_runtime::stable_log] Program log: Mango: UpdateRootBank
[2022-02-12T07:55:46.775377000Z DEBUG solana_program_runtime::stable_log] Program log: mango-log
[2022-02-12T07:55:46.776003000Z DEBUG solana_program_runtime::stable_log] Program log: 8HmBNKTUaLiOnQdEtiC3dVJcJz5F0IHHBUtwK3dCY1dTcqbXUIsiDQ0AAAAAAAAAAAAAAAAAQEIPAAAAAAAAAAAAAAAAAEBCDwAAAAAAAAA=
[2022-02-12T07:55:46.776132000Z DEBUG solana_bpf_loader_program] Program 4uQeVj5tqViQh7yWWGStvkEG1Zmhx6uasJtWCJziofM consumed 12314 of 200000 compute units
[2022-02-12T07:55:46.776189000Z DEBUG solana_program_runtime::stable_log] Program 4uQeVj5tqViQh7yWWGStvkEG1Zmhx6uasJtWCJziofM success
[2022-02-12T07:55:46.784264000Z DEBUG solana_program_runtime::stable_log] Program log: bid on book order_id=1844692854115028871151614 quantity=10000 price=100000
[2022-02-12T07:55:46.785200000Z DEBUG solana_bpf_loader_program] Program 8opHzTAnfzRpPEx21XtnrVTX28YQuCpAjcn1PczScKh consumed 74468 of 200000 compute units
[2022-02-12T07:55:46.785303000Z DEBUG solana_program_runtime::stable_log] Program 8opHzTAnfzRpPEx21XtnrVTX28YQuCpAjcn1PczScKh success
[2022-02-12T07:55:46.787640000Z DEBUG solana_program_runtime::stable_log] Program 4uQeVj5tqViQh7yWWGStvkEG1Zmhx6uasJtWCJziofM invoke [1]
[2022-02-12T07:55:46.788039000Z DEBUG solana_program_runtime::stable_log] Program log: Mango: UpdateRootBank
[2022-02-12T07:55:46.791096000Z DEBUG solana_program_runtime::stable_log] Program log: mango-log
[2022-02-12T07:55:46.791723000Z DEBUG solana_program_runtime::stable_log] Program log: 8HmBNKTUaLiOnQdEtiC3dVJcJz5F0IHHBUtwK3dCY1dTcqbXUIsiDQ4AAAAAAAAAAAAAAAAAQEIPAAAAAAAAAAAAAAAAAEBCDwAAAAAAAAA=
[2022-02-12T07:55:46.791855000Z DEBUG solana_bpf_loader_program] Program 4uQeVj5tqViQh7yWWGStvkEG1Zmhx6uasJtWCJziofM consumed 12344 of 200000 compute units
[2022-02-12T07:55:46.791918000Z DEBUG solana_program_runtime::stable_log] Program 4uQeVj5tqViQh7yWWGStvkEG1Zmhx6uasJtWCJziofM success
[2022-02-12T07:55:46.802935000Z DEBUG solana_program_runtime::stable_log] Program 8opHzTAnfzRpPEx21XtnrVTX28YQuCpAjcn1PczScKh invoke [1]
[2022-02-12T07:55:46.803596000Z DEBUG solana_program_runtime::stable_log] Program 4uQeVj5tqViQh7yWWGStvkEG1Zmhx6uasJtWCJziofM invoke [1]
[2022-02-12T07:55:46.803991000Z DEBUG solana_program_runtime::stable_log] Program log: Mango: UpdateRootBank
[2022-02-12T07:55:46.804457000Z DEBUG solana_program_runtime::stable_log] Program log: Mango: PlacePerpOrder client_order_id=10001
[2022-02-12T07:55:46.806313000Z DEBUG solana_program_runtime::stable_log] Program log: mango-log
[2022-02-12T07:55:46.806937000Z DEBUG solana_program_runtime::stable_log] Program log: 8HmBNKTUaLiOnQdEtiC3dVJcJz5F0IHHBUtwK3dCY1dTcqbXUIsiDQ8AAAAAAAAAAAAAAAAAQEIPAAAAAAAAAAAAAAAAAEBCDwAAAAAAAAA=
[2022-02-12T07:55:46.807065000Z DEBUG solana_bpf_loader_program] Program 4uQeVj5tqViQh7yWWGStvkEG1Zmhx6uasJtWCJziofM consumed 9946 of 200000 compute units
[2022-02-12T07:55:46.807124000Z DEBUG solana_program_runtime::stable_log] Program 4uQeVj5tqViQh7yWWGStvkEG1Zmhx6uasJtWCJziofM success
[2022-02-12T07:55:46.817903000Z DEBUG solana_program_runtime::stable_log] Program 4uQeVj5tqViQh7yWWGStvkEG1Zmhx6uasJtWCJziofM invoke [1]
[2022-02-12T07:55:46.818366000Z DEBUG solana_program_runtime::stable_log] Program log: Mango: UpdateFunding
[2022-02-12T07:55:46.819484000Z DEBUG solana_program_runtime::stable_log] Program log: mango-log
[2022-02-12T07:55:46.820109000Z DEBUG solana_program_runtime::stable_log] Program log: ta5iwCEXTXuOnQdEtiC3dVJcJz5F0IHHBUtwK3dCY1dTcqbXUIsiDQAAAAAAAAAAAAAAAAAAAAAAAAAAAAAAAAAAAAAAAAAAAAAAAAAAAAA=
[2022-02-12T07:55:46.820264000Z DEBUG solana_bpf_loader_program] Program 4uQeVj5tqViQh7yWWGStvkEG1Zmhx6uasJtWCJziofM consumed 6381 of 200000 compute units
[2022-02-12T07:55:46.820334000Z DEBUG solana_program_runtime::stable_log] Program 4uQeVj5tqViQh7yWWGStvkEG1Zmhx6uasJtWCJziofM success
[2022-02-12T07:55:46.826695000Z DEBUG solana_program_runtime::stable_log] Program log: bid on book order_id=1844692854115028871151614 quantity=10000 price=100000
[2022-02-12T07:55:46.827655000Z DEBUG solana_bpf_loader_program] Program 8opHzTAnfzRpPEx21XtnrVTX28YQuCpAjcn1PczScKh consumed 75520 of 200000 compute units
[2022-02-12T07:55:46.827764000Z DEBUG solana_program_runtime::stable_log] Program 8opHzTAnfzRpPEx21XtnrVTX28YQuCpAjcn1PczScKh success
[2022-02-12T07:55:46.831110000Z DEBUG solana_program_runtime::stable_log] Program 4uQeVj5tqViQh7yWWGStvkEG1Zmhx6uasJtWCJziofM invoke [1]
[2022-02-12T07:55:46.831564000Z DEBUG solana_program_runtime::stable_log] Program log: Mango: UpdateFunding
[2022-02-12T07:55:46.832718000Z DEBUG solana_program_runtime::stable_log] Program log: mango-log
[2022-02-12T07:55:46.833358000Z DEBUG solana_program_runtime::stable_log] Program log: ta5iwCEXTXuOnQdEtiC3dVJcJz5F0IHHBUtwK3dCY1dTcqbXUIsiDQEAAAAAAAAAAAAAAAAAAAAAAAAAAAAAAAAAAAAAAAAAAAAAAAAAAAA=
[2022-02-12T07:55:46.833516000Z DEBUG solana_bpf_loader_program] Program 4uQeVj5tqViQh7yWWGStvkEG1Zmhx6uasJtWCJziofM consumed 6421 of 200000 compute units
[2022-02-12T07:55:46.833590000Z DEBUG solana_program_runtime::stable_log] Program 4uQeVj5tqViQh7yWWGStvkEG1Zmhx6uasJtWCJziofM success
[2022-02-12T07:55:46.844034000Z DEBUG solana_program_runtime::stable_log] Program 4uQeVj5tqViQh7yWWGStvkEG1Zmhx6uasJtWCJziofM invoke [1]
[2022-02-12T07:55:46.844513000Z DEBUG solana_program_runtime::stable_log] Program log: Mango: UpdateFunding
[2022-02-12T07:55:46.844688000Z DEBUG solana_program_runtime::stable_log] Program 8opHzTAnfzRpPEx21XtnrVTX28YQuCpAjcn1PczScKh invoke [1]
[2022-02-12T07:55:46.845676000Z DEBUG solana_program_runtime::stable_log] Program log: mango-log
[2022-02-12T07:55:46.846194000Z DEBUG solana_program_runtime::stable_log] Program log: Mango: PlacePerpOrder client_order_id=10002
[2022-02-12T07:55:46.846299000Z DEBUG solana_program_runtime::stable_log] Program log: ta5iwCEXTXuOnQdEtiC3dVJcJz5F0IHHBUtwK3dCY1dTcqbXUIsiDQIAAAAAAAAAAAAAAAAAAAAAAAAAAAAAAAAAAAAAAAAAAAAAAAAAAAA=
[2022-02-12T07:55:46.846453000Z DEBUG solana_bpf_loader_program] Program 4uQeVj5tqViQh7yWWGStvkEG1Zmhx6uasJtWCJziofM consumed 6460 of 200000 compute units
[2022-02-12T07:55:46.846524000Z DEBUG solana_program_runtime::stable_log] Program 4uQeVj5tqViQh7yWWGStvkEG1Zmhx6uasJtWCJziofM success
[2022-02-12T07:55:46.856994000Z DEBUG solana_program_runtime::stable_log] Program 4uQeVj5tqViQh7yWWGStvkEG1Zmhx6uasJtWCJziofM invoke [1]
[2022-02-12T07:55:46.857452000Z DEBUG solana_program_runtime::stable_log] Program log: Mango: UpdateFunding
[2022-02-12T07:55:46.858620000Z DEBUG solana_program_runtime::stable_log] Program log: mango-log
[2022-02-12T07:55:46.859242000Z DEBUG solana_program_runtime::stable_log] Program log: ta5iwCEXTXuOnQdEtiC3dVJcJz5F0IHHBUtwK3dCY1dTcqbXUIsiDQMAAAAAAAAAAAAAAAAAAAAAAAAAAAAAAAAAAAAAAAAAAAAAAAAAAAA=
[2022-02-12T07:55:46.859395000Z DEBUG solana_bpf_loader_program] Program 4uQeVj5tqViQh7yWWGStvkEG1Zmhx6uasJtWCJziofM consumed 6499 of 200000 compute units
[2022-02-12T07:55:46.859466000Z DEBUG solana_program_runtime::stable_log] Program 4uQeVj5tqViQh7yWWGStvkEG1Zmhx6uasJtWCJziofM success
[2022-02-12T07:55:46.869076000Z DEBUG solana_program_runtime::stable_log] Program log: bid on book order_id=1844692854115028871151614 quantity=10000 price=100000
[2022-02-12T07:55:46.869948000Z DEBUG solana_program_runtime::stable_log] Program 4uQeVj5tqViQh7yWWGStvkEG1Zmhx6uasJtWCJziofM invoke [1]
[2022-02-12T07:55:46.870021000Z DEBUG solana_bpf_loader_program] Program 8opHzTAnfzRpPEx21XtnrVTX28YQuCpAjcn1PczScKh consumed 76570 of 200000 compute units
[2022-02-12T07:55:46.870122000Z DEBUG solana_program_runtime::stable_log] Program 8opHzTAnfzRpPEx21XtnrVTX28YQuCpAjcn1PczScKh success
[2022-02-12T07:55:46.870403000Z DEBUG solana_program_runtime::stable_log] Program log: Mango: UpdateFunding
[2022-02-12T07:55:46.871615000Z DEBUG solana_program_runtime::stable_log] Program log: mango-log
[2022-02-12T07:55:46.872254000Z DEBUG solana_program_runtime::stable_log] Program log: ta5iwCEXTXuOnQdEtiC3dVJcJz5F0IHHBUtwK3dCY1dTcqbXUIsiDQQAAAAAAAAAAAAAAAAAAAAAAAAAAAAAAAAAAAAAAAAAAAAAAAAAAAA=
[2022-02-12T07:55:46.872410000Z DEBUG solana_bpf_loader_program] Program 4uQeVj5tqViQh7yWWGStvkEG1Zmhx6uasJtWCJziofM consumed 6538 of 200000 compute units
[2022-02-12T07:55:46.872479000Z DEBUG solana_program_runtime::stable_log] Program 4uQeVj5tqViQh7yWWGStvkEG1Zmhx6uasJtWCJziofM success
[2022-02-12T07:55:46.882990000Z DEBUG solana_program_runtime::stable_log] Program 4uQeVj5tqViQh7yWWGStvkEG1Zmhx6uasJtWCJziofM invoke [1]
[2022-02-12T07:55:46.883485000Z DEBUG solana_program_runtime::stable_log] Program log: Mango: UpdateFunding
[2022-02-12T07:55:46.884686000Z DEBUG solana_program_runtime::stable_log] Program log: mango-log
[2022-02-12T07:55:46.885310000Z DEBUG solana_program_runtime::stable_log] Program log: ta5iwCEXTXuOnQdEtiC3dVJcJz5F0IHHBUtwK3dCY1dTcqbXUIsiDQUAAAAAAAAAAAAAAAAAAAAAAAAAAAAAAAAAAAAAAAAAAAAAAAAAAAA=
[2022-02-12T07:55:46.885463000Z DEBUG solana_bpf_loader_program] Program 4uQeVj5tqViQh7yWWGStvkEG1Zmhx6uasJtWCJziofM consumed 6577 of 200000 compute units
[2022-02-12T07:55:46.885541000Z DEBUG solana_program_runtime::stable_log] Program 4uQeVj5tqViQh7yWWGStvkEG1Zmhx6uasJtWCJziofM success
[2022-02-12T07:55:46.886525000Z DEBUG solana_program_runtime::stable_log] Program 8opHzTAnfzRpPEx21XtnrVTX28YQuCpAjcn1PczScKh invoke [1]
[2022-02-12T07:55:46.888020000Z DEBUG solana_program_runtime::stable_log] Program log: Mango: PlacePerpOrder client_order_id=10003
[2022-02-12T07:55:46.896836000Z DEBUG solana_program_runtime::stable_log] Program 4uQeVj5tqViQh7yWWGStvkEG1Zmhx6uasJtWCJziofM invoke [1]
[2022-02-12T07:55:46.897281000Z DEBUG solana_program_runtime::stable_log] Program log: Mango: UpdateFunding
[2022-02-12T07:55:46.898494000Z DEBUG solana_program_runtime::stable_log] Program log: mango-log
[2022-02-12T07:55:46.899117000Z DEBUG solana_program_runtime::stable_log] Program log: ta5iwCEXTXuOnQdEtiC3dVJcJz5F0IHHBUtwK3dCY1dTcqbXUIsiDQYAAAAAAAAAAAAAAAAAAAAAAAAAAAAAAAAAAAAAAAAAAAAAAAAAAAA=
[2022-02-12T07:55:46.899269000Z DEBUG solana_bpf_loader_program] Program 4uQeVj5tqViQh7yWWGStvkEG1Zmhx6uasJtWCJziofM consumed 6616 of 200000 compute units
[2022-02-12T07:55:46.899337000Z DEBUG solana_program_runtime::stable_log] Program 4uQeVj5tqViQh7yWWGStvkEG1Zmhx6uasJtWCJziofM success
[2022-02-12T07:55:46.909752000Z DEBUG solana_program_runtime::stable_log] Program 4uQeVj5tqViQh7yWWGStvkEG1Zmhx6uasJtWCJziofM invoke [1]
[2022-02-12T07:55:46.910208000Z DEBUG solana_program_runtime::stable_log] Program log: Mango: UpdateFunding
[2022-02-12T07:55:46.911253000Z DEBUG solana_program_runtime::stable_log] Program log: bid on book order_id=18446762520453625325551614 quantity=1000 price=1000000
[2022-02-12T07:55:46.911428000Z DEBUG solana_program_runtime::stable_log] Program log: mango-log
[2022-02-12T07:55:46.912060000Z DEBUG solana_program_runtime::stable_log] Program log: ta5iwCEXTXuOnQdEtiC3dVJcJz5F0IHHBUtwK3dCY1dTcqbXUIsiDQcAAAAAAAAAAAAAAAAAAAAAAAAAAAAAAAAAAAAAAAAAAAAAAAAAAAA=
[2022-02-12T07:55:46.912186000Z DEBUG solana_bpf_loader_program] Program 8opHzTAnfzRpPEx21XtnrVTX28YQuCpAjcn1PczScKh consumed 77896 of 200000 compute units
[2022-02-12T07:55:46.912210000Z DEBUG solana_bpf_loader_program] Program 4uQeVj5tqViQh7yWWGStvkEG1Zmhx6uasJtWCJziofM consumed 6655 of 200000 compute units
[2022-02-12T07:55:46.912275000Z DEBUG solana_program_runtime::stable_log] Program 4uQeVj5tqViQh7yWWGStvkEG1Zmhx6uasJtWCJziofM success
[2022-02-12T07:55:46.912287000Z DEBUG solana_program_runtime::stable_log] Program 8opHzTAnfzRpPEx21XtnrVTX28YQuCpAjcn1PczScKh success
[2022-02-12T07:55:46.922966000Z DEBUG solana_program_runtime::stable_log] Program 4uQeVj5tqViQh7yWWGStvkEG1Zmhx6uasJtWCJziofM invoke [1]
[2022-02-12T07:55:46.923453000Z DEBUG solana_program_runtime::stable_log] Program log: Mango: UpdateFunding
[2022-02-12T07:55:46.924697000Z DEBUG solana_program_runtime::stable_log] Program log: mango-log
[2022-02-12T07:55:46.925319000Z DEBUG solana_program_runtime::stable_log] Program log: ta5iwCEXTXuOnQdEtiC3dVJcJz5F0IHHBUtwK3dCY1dTcqbXUIsiDQgAAAAAAAAAAAAAAAAAAAAAAAAAAAAAAAAAAAAAAAAAAAAAAAAAAAA=
[2022-02-12T07:55:46.925471000Z DEBUG solana_bpf_loader_program] Program 4uQeVj5tqViQh7yWWGStvkEG1Zmhx6uasJtWCJziofM consumed 6694 of 200000 compute units
[2022-02-12T07:55:46.925544000Z DEBUG solana_program_runtime::stable_log] Program 4uQeVj5tqViQh7yWWGStvkEG1Zmhx6uasJtWCJziofM success
[2022-02-12T07:55:46.929266000Z DEBUG solana_program_runtime::stable_log] Program 8opHzTAnfzRpPEx21XtnrVTX28YQuCpAjcn1PczScKh invoke [1]
[2022-02-12T07:55:46.930788000Z DEBUG solana_program_runtime::stable_log] Program log: Mango: PlacePerpOrder client_order_id=10004
[2022-02-12T07:55:46.935870000Z DEBUG solana_program_runtime::stable_log] Program 4uQeVj5tqViQh7yWWGStvkEG1Zmhx6uasJtWCJziofM invoke [1]
[2022-02-12T07:55:46.936314000Z DEBUG solana_program_runtime::stable_log] Program log: Mango: UpdateFunding
[2022-02-12T07:55:46.937563000Z DEBUG solana_program_runtime::stable_log] Program log: mango-log
[2022-02-12T07:55:46.938182000Z DEBUG solana_program_runtime::stable_log] Program log: ta5iwCEXTXuOnQdEtiC3dVJcJz5F0IHHBUtwK3dCY1dTcqbXUIsiDQkAAAAAAAAAAAAAAAAAAAAAAAAAAAAAAAAAAAAAAAAAAAAAAAAAAAA=
[2022-02-12T07:55:46.938334000Z DEBUG solana_bpf_loader_program] Program 4uQeVj5tqViQh7yWWGStvkEG1Zmhx6uasJtWCJziofM consumed 6733 of 200000 compute units
[2022-02-12T07:55:46.938402000Z DEBUG solana_program_runtime::stable_log] Program 4uQeVj5tqViQh7yWWGStvkEG1Zmhx6uasJtWCJziofM success
[2022-02-12T07:55:46.948767000Z DEBUG solana_program_runtime::stable_log] Program 4uQeVj5tqViQh7yWWGStvkEG1Zmhx6uasJtWCJziofM invoke [1]
[2022-02-12T07:55:46.949226000Z DEBUG solana_program_runtime::stable_log] Program log: Mango: UpdateFunding
[2022-02-12T07:55:46.950493000Z DEBUG solana_program_runtime::stable_log] Program log: mango-log
[2022-02-12T07:55:46.951112000Z DEBUG solana_program_runtime::stable_log] Program log: ta5iwCEXTXuOnQdEtiC3dVJcJz5F0IHHBUtwK3dCY1dTcqbXUIsiDQoAAAAAAAAAAAAAAAAAAAAAAAAAAAAAAAAAAAAAAAAAAAAAAAAAAAA=
[2022-02-12T07:55:46.951265000Z DEBUG solana_bpf_loader_program] Program 4uQeVj5tqViQh7yWWGStvkEG1Zmhx6uasJtWCJziofM consumed 6772 of 200000 compute units
[2022-02-12T07:55:46.951333000Z DEBUG solana_program_runtime::stable_log] Program 4uQeVj5tqViQh7yWWGStvkEG1Zmhx6uasJtWCJziofM success
[2022-02-12T07:55:46.954282000Z DEBUG solana_program_runtime::stable_log] Program log: bid on book order_id=184467459183839589869551614 quantity=10 price=10000000
[2022-02-12T07:55:46.955218000Z DEBUG solana_bpf_loader_program] Program 8opHzTAnfzRpPEx21XtnrVTX28YQuCpAjcn1PczScKh consumed 78299 of 200000 compute units
[2022-02-12T07:55:46.955327000Z DEBUG solana_program_runtime::stable_log] Program 8opHzTAnfzRpPEx21XtnrVTX28YQuCpAjcn1PczScKh success
[2022-02-12T07:55:46.961561000Z DEBUG solana_program_runtime::stable_log] Program 4uQeVj5tqViQh7yWWGStvkEG1Zmhx6uasJtWCJziofM invoke [1]
[2022-02-12T07:55:46.962016000Z DEBUG solana_program_runtime::stable_log] Program log: Mango: UpdateFunding
[2022-02-12T07:55:46.963246000Z DEBUG solana_program_runtime::stable_log] Program log: mango-log
[2022-02-12T07:55:46.963947000Z DEBUG solana_program_runtime::stable_log] Program log: ta5iwCEXTXuOnQdEtiC3dVJcJz5F0IHHBUtwK3dCY1dTcqbXUIsiDQsAAAAAAAAAAAAAAAAAAAAAAAAAAAAAAAAAAAAAAAAAAAAAAAAAAAA=
[2022-02-12T07:55:46.964129000Z DEBUG solana_bpf_loader_program] Program 4uQeVj5tqViQh7yWWGStvkEG1Zmhx6uasJtWCJziofM consumed 6811 of 200000 compute units
[2022-02-12T07:55:46.964210000Z DEBUG solana_program_runtime::stable_log] Program 4uQeVj5tqViQh7yWWGStvkEG1Zmhx6uasJtWCJziofM success
[2022-02-12T07:55:46.971673000Z DEBUG solana_program_runtime::stable_log] Program 8opHzTAnfzRpPEx21XtnrVTX28YQuCpAjcn1PczScKh invoke [1]
[2022-02-12T07:55:46.973215000Z DEBUG solana_program_runtime::stable_log] Program log: Mango: PlacePerpOrder client_order_id=10005
[2022-02-12T07:55:46.975826000Z DEBUG solana_program_runtime::stable_log] Program 4uQeVj5tqViQh7yWWGStvkEG1Zmhx6uasJtWCJziofM invoke [1]
[2022-02-12T07:55:46.976280000Z DEBUG solana_program_runtime::stable_log] Program log: Mango: UpdateFunding
[2022-02-12T07:55:46.977596000Z DEBUG solana_program_runtime::stable_log] Program log: mango-log
[2022-02-12T07:55:46.978225000Z DEBUG solana_program_runtime::stable_log] Program log: ta5iwCEXTXuOnQdEtiC3dVJcJz5F0IHHBUtwK3dCY1dTcqbXUIsiDQwAAAAAAAAAAAAAAAAAAAAAAAAAAAAAAAAAAAAAAAAAAAAAAAAAAAA=
[2022-02-12T07:55:46.978378000Z DEBUG solana_bpf_loader_program] Program 4uQeVj5tqViQh7yWWGStvkEG1Zmhx6uasJtWCJziofM consumed 6850 of 200000 compute units
[2022-02-12T07:55:46.978451000Z DEBUG solana_program_runtime::stable_log] Program 4uQeVj5tqViQh7yWWGStvkEG1Zmhx6uasJtWCJziofM success
[2022-02-12T07:55:46.988414000Z DEBUG solana_program_runtime::stable_log] Program 4uQeVj5tqViQh7yWWGStvkEG1Zmhx6uasJtWCJziofM invoke [1]
[2022-02-12T07:55:46.988866000Z DEBUG solana_program_runtime::stable_log] Program log: Mango: UpdateFunding
[2022-02-12T07:55:46.990127000Z DEBUG solana_program_runtime::stable_log] Program log: mango-log
[2022-02-12T07:55:46.990805000Z DEBUG solana_program_runtime::stable_log] Program log: ta5iwCEXTXuOnQdEtiC3dVJcJz5F0IHHBUtwK3dCY1dTcqbXUIsiDQ0AAAAAAAAAAAAAAAAAAAAAAAAAAAAAAAAAAAAAAAAAAAAAAAAAAAA=
[2022-02-12T07:55:46.990978000Z DEBUG solana_bpf_loader_program] Program 4uQeVj5tqViQh7yWWGStvkEG1Zmhx6uasJtWCJziofM consumed 6889 of 200000 compute units
[2022-02-12T07:55:46.991058000Z DEBUG solana_program_runtime::stable_log] Program 4uQeVj5tqViQh7yWWGStvkEG1Zmhx6uasJtWCJziofM success
[2022-02-12T07:55:46.996855000Z DEBUG solana_program_runtime::stable_log] Program log: bid on book order_id=184467459183839589869551614 quantity=10 price=10000000
[2022-02-12T07:55:46.997791000Z DEBUG solana_bpf_loader_program] Program 8opHzTAnfzRpPEx21XtnrVTX28YQuCpAjcn1PczScKh consumed 79856 of 200000 compute units
[2022-02-12T07:55:46.997910000Z DEBUG solana_program_runtime::stable_log] Program 8opHzTAnfzRpPEx21XtnrVTX28YQuCpAjcn1PczScKh success
[2022-02-12T07:55:47.003071000Z DEBUG solana_program_runtime::stable_log] Program 4uQeVj5tqViQh7yWWGStvkEG1Zmhx6uasJtWCJziofM invoke [1]
[2022-02-12T07:55:47.003540000Z DEBUG solana_program_runtime::stable_log] Program log: Mango: UpdateFunding
[2022-02-12T07:55:47.004889000Z DEBUG solana_program_runtime::stable_log] Program log: mango-log
[2022-02-12T07:55:47.005533000Z DEBUG solana_program_runtime::stable_log] Program log: ta5iwCEXTXuOnQdEtiC3dVJcJz5F0IHHBUtwK3dCY1dTcqbXUIsiDQ4AAAAAAAAAAAAAAAAAAAAAAAAAAAAAAAAAAAAAAAAAAAAAAAAAAAA=
[2022-02-12T07:55:47.005685000Z DEBUG solana_bpf_loader_program] Program 4uQeVj5tqViQh7yWWGStvkEG1Zmhx6uasJtWCJziofM consumed 6928 of 200000 compute units
[2022-02-12T07:55:47.005757000Z DEBUG solana_program_runtime::stable_log] Program 4uQeVj5tqViQh7yWWGStvkEG1Zmhx6uasJtWCJziofM success
[2022-02-12T07:55:47.015641000Z DEBUG solana_program_runtime::stable_log] Program 8opHzTAnfzRpPEx21XtnrVTX28YQuCpAjcn1PczScKh invoke [1]
[2022-02-12T07:55:47.017220000Z DEBUG solana_program_runtime::stable_log] Program log: Mango: PlacePerpOrder client_order_id=10006
[2022-02-12T07:55:47.021062000Z DEBUG solana_program_runtime::stable_log] Program 4uQeVj5tqViQh7yWWGStvkEG1Zmhx6uasJtWCJziofM invoke [1]
[2022-02-12T07:55:47.022247000Z DEBUG solana_program_runtime::stable_log] Program log: Mango: CacheRootBanks
[2022-02-12T07:55:47.026121000Z DEBUG solana_program_runtime::stable_log] Program log: mango-log
[2022-02-12T07:55:47.029081000Z DEBUG solana_program_runtime::stable_log] Program log: IVXYca/GfeiOnQdEtiC3dVJcJz5F0IHHBUtwK3dCY1dTcqbXUIsiDRAAAAAAAAAAAAAAAAEAAAAAAAAAAgAAAAAAAAADAAAAAAAAAAQAAAAAAAAABQAAAAAAAAAGAAAAAAAAAAcAAAAAAAAACAAAAAAAAAAJAAAAAAAAAAoAAAAAAAAACwAAAAAAAAAMAAAAAAAAAA0AAAAAAAAADgAAAAAAAAAPAAAAAAAAABAAAAAAAAAAAABAQg8AAAAAAAAAAAAAAAAAQEIPAAAAAAAAAAAAAAAAAEBCDwAAAAAAAAAAAAAAAABAQg8AAAAAAAAAAAAAAAAAQEIPAAAAAAAAAAAAAAAAAEBCDwAAAAAAAAAAAAAAAABAQg8AAAAAAAAAAAAAAAAAQEIPAAAAAAAAAAAAAAAAAEBCDwAAAAAAAAAAAAAAAABAQg8AAAAAAAAAAAAAAAAAQEIPAAAAAAAAAAAAAAAAAEBCDwAAAAAAAAAAAAAAAABAQg8AAAAAAAAAAAAAAAAAQEIPAAAAAAAAAAAAAAAAAEBCDwAAAAAAAAAAAAAAAABAQg8AAAAAAAAAEAAAAAAAAAAAAEBCDwAAAAAAAAAAAAAAAABAQg8AAAAAAAAAAAAAAAAAQEIPAAAAAAAAAAAAAAAAAEBCDwAAAAAAAAAAAAAAAABAQg8AAAAAAAAAAAAAAAAAQEIPAAAAAAAAAAAAAAAAAEBCDwAAAAAAAAAAAAAAAABAQg8AAAAAAAAAAAAAAAAAQEIPAAAAAAAAAAAAAAAAAEBCDwAAAAAAAAAAAAAAAABAQg8AAAAAAAAAAAAAAAAAQEIPAAAAAAAAAAAAAAAAAEBCDwAAAAAAAAAAAAAAAABAQg8AAAAAAAAAAAAAAAAAQEIPAAAAAAAAAAAAAAAAAEBCDwAAAAAAAAA=
[2022-02-12T07:55:47.029513000Z DEBUG solana_bpf_loader_program] Program 4uQeVj5tqViQh7yWWGStvkEG1Zmhx6uasJtWCJziofM consumed 24427 of 200000 compute units
[2022-02-12T07:55:47.029594000Z DEBUG solana_program_runtime::stable_log] Program 4uQeVj5tqViQh7yWWGStvkEG1Zmhx6uasJtWCJziofM success
[2022-02-12T07:55:47.041468000Z DEBUG solana_program_runtime::stable_log] Program log: bid on book order_id=1844692854115028871151614 quantity=10000 price=100000
[2022-02-12T07:55:47.042404000Z DEBUG solana_bpf_loader_program] Program 8opHzTAnfzRpPEx21XtnrVTX28YQuCpAjcn1PczScKh consumed 80769 of 200000 compute units
[2022-02-12T07:55:47.042513000Z DEBUG solana_program_runtime::stable_log] Program 8opHzTAnfzRpPEx21XtnrVTX28YQuCpAjcn1PczScKh success
[2022-02-12T07:55:47.044649000Z DEBUG solana_program_runtime::stable_log] Program 4uQeVj5tqViQh7yWWGStvkEG1Zmhx6uasJtWCJziofM invoke [1]
[2022-02-12T07:55:47.045788000Z DEBUG solana_program_runtime::stable_log] Program log: Mango: CachePerpMarkets
[2022-02-12T07:55:47.049632000Z DEBUG solana_program_runtime::stable_log] Program log: mango-log
[2022-02-12T07:55:47.052411000Z DEBUG solana_program_runtime::stable_log] Program log: 9lt9JxCzqw6OnQdEtiC3dVJcJz5F0IHHBUtwK3dCY1dTcqbXUIsiDQ8AAAAAAAAAAAAAAAEAAAAAAAAAAgAAAAAAAAADAAAAAAAAAAQAAAAAAAAABQAAAAAAAAAGAAAAAAAAAAcAAAAAAAAACAAAAAAAAAAJAAAAAAAAAAoAAAAAAAAACwAAAAAAAAAMAAAAAAAAAA0AAAAAAAAADgAAAAAAAAAPAAAAAAAAAAAAAAAAAAAAAAAAAAAAAAAAAAAAAAAAAAAAAAAAAAAAAAAAAAAAAAAAAAAAAAAAAAAAAAAAAAAAAAAAAAAAAAAAAAAAAAAAAAAAAAAAAAAAAAAAAAAAAAAAAAAAAAAAAAAAAAAAAAAAAAAAAAAAAAAAAAAAAAAAAAAAAAAAAAAAAAAAAAAAAAAAAAAAAAAAAAAAAAAAAAAAAAAAAAAAAAAAAAAAAAAAAAAAAAAAAAAAAAAAAAAAAAAAAAAAAAAAAAAAAAAAAAAAAAAAAAAAAAAAAAAAAAAAAAAAAAAAAAAAAAAAAAAAAAAAAAAADwAAAAAAAAAAAAAAAAAAAAAAAAAAAAAAAAAAAAAAAAAAAAAAAAAAAAAAAAAAAAAAAAAAAAAAAAAAAAAAAAAAAAAAAAAAAAAAAAAAAAAAAAAAAAAAAAAAAAAAAAAAAAAAAAAAAAAAAAAAAAAAAAAAAAAAAAAAAAAAAAAAAAAAAAAAAAAAAAAAAAAAAAAAAAAAAAAAAAAAAAAAAAAAAAAAAAAAAAAAAAAAAAAAAAAAAAAAAAAAAAAAAAAAAAAAAAAAAAAAAAAAAAAAAAAAAAAAAAAAAAAAAAAAAAAAAAAAAAAAAAAAAAAAAAAAAAAAAAAAAAAAAA==
[2022-02-12T07:55:47.052822000Z DEBUG solana_bpf_loader_program] Program 4uQeVj5tqViQh7yWWGStvkEG1Zmhx6uasJtWCJziofM consumed 23463 of 200000 compute units
[2022-02-12T07:55:47.052903000Z DEBUG solana_program_runtime::stable_log] Program 4uQeVj5tqViQh7yWWGStvkEG1Zmhx6uasJtWCJziofM success
[2022-02-12T07:55:47.058991000Z DEBUG solana_program_runtime::stable_log] Program 8opHzTAnfzRpPEx21XtnrVTX28YQuCpAjcn1PczScKh invoke [1]
[2022-02-12T07:55:47.060504000Z DEBUG solana_program_runtime::stable_log] Program log: Mango: PlacePerpOrder client_order_id=10007
[2022-02-12T07:55:47.085408000Z DEBUG solana_program_runtime::stable_log] Program log: bid on book order_id=1844692854115028871151614 quantity=10000 price=100000
[2022-02-12T07:55:47.086383000Z DEBUG solana_bpf_loader_program] Program 8opHzTAnfzRpPEx21XtnrVTX28YQuCpAjcn1PczScKh consumed 81819 of 200000 compute units
[2022-02-12T07:55:47.086509000Z DEBUG solana_program_runtime::stable_log] Program 8opHzTAnfzRpPEx21XtnrVTX28YQuCpAjcn1PczScKh success
[2022-02-12T07:55:47.092015000Z DEBUG solana_program_runtime::stable_log] Program 4uQeVj5tqViQh7yWWGStvkEG1Zmhx6uasJtWCJziofM invoke [1]
[2022-02-12T07:55:47.093182000Z DEBUG solana_program_runtime::stable_log] Program log: Mango: CachePrices
[2022-02-12T07:55:47.096362000Z DEBUG solana_program_runtime::stable_log] Program log: mango-log
[2022-02-12T07:55:47.098226000Z DEBUG solana_program_runtime::stable_log] Program log: ux0uSxX5tBuOnQdEtiC3dVJcJz5F0IHHBUtwK3dCY1dTcqbXUIsiDQ8AAAAAAAAAAAAAAAEAAAAAAAAAAgAAAAAAAAADAAAAAAAAAAQAAAAAAAAABQAAAAAAAAAGAAAAAAAAAAcAAAAAAAAACAAAAAAAAAAJAAAAAAAAAAoAAAAAAAAACwAAAAAAAAAMAAAAAAAAAA0AAAAAAAAADgAAAAAAAAAPAAAAAG4AAAAAECcAAAAAAAAAAABuAAAAABAnAAAAAAAAAAAAbgAAAAAQJwAAAAAAAAAAAG4AAAAAECcAAAAAAAAAABwAAAAAAAoAAAAAAAAAAAAAbgAAAAAQJwAAAAAAAAAAAG4AAAAAECcAAAAAAAAAAABuAAAAABAnAAAAAAAAAAAAbgAAAAAQJwAAAAAAAAAAAG4AAAAAECcAAAAAAAAAAABuAAAAABAnAAAAAAAAAAAAbgAAAAAQJwAAAAAAAAAAAG4AAAAAECcAAAAAAAAAAABuAAAAABAnAAAAAAAAAAAAbgAAAAAQJwAAAAAAAAAA
[2022-02-12T07:55:47.098629000Z DEBUG solana_bpf_loader_program] Program 4uQeVj5tqViQh7yWWGStvkEG1Zmhx6uasJtWCJziofM consumed 18318 of 200000 compute units
[2022-02-12T07:55:47.098708000Z DEBUG solana_program_runtime::stable_log] Program 4uQeVj5tqViQh7yWWGStvkEG1Zmhx6uasJtWCJziofM success
[2022-02-12T07:55:47.102766000Z DEBUG solana_program_runtime::stable_log] Program 8opHzTAnfzRpPEx21XtnrVTX28YQuCpAjcn1PczScKh invoke [1]
[2022-02-12T07:55:47.104286000Z DEBUG solana_program_runtime::stable_log] Program log: Mango: PlacePerpOrder client_order_id=10008
[2022-02-12T07:55:47.109574000Z DEBUG solana_program_runtime::stable_log] Program 4uQeVj5tqViQh7yWWGStvkEG1Zmhx6uasJtWCJziofM invoke [1]
[2022-02-12T07:55:47.109961000Z DEBUG solana_program_runtime::stable_log] Program log: Mango: UpdateRootBank
[2022-02-12T07:55:47.112816000Z DEBUG solana_program_runtime::stable_log] Program log: mango-log
[2022-02-12T07:55:47.113438000Z DEBUG solana_program_runtime::stable_log] Program log: 8HmBNKTUaLiOnQdEtiC3dVJcJz5F0IHHBUtwK3dCY1dTcqbXUIsiDQAAAAAAAAAAAAAAAAAAQEIPAAAAAAAAAAAAAAAAAEBCDwAAAAAAAAA=
[2022-02-12T07:55:47.113569000Z DEBUG solana_bpf_loader_program] Program 4uQeVj5tqViQh7yWWGStvkEG1Zmhx6uasJtWCJziofM consumed 11797 of 200000 compute units
[2022-02-12T07:55:47.113628000Z DEBUG solana_program_runtime::stable_log] Program 4uQeVj5tqViQh7yWWGStvkEG1Zmhx6uasJtWCJziofM success
[2022-02-12T07:55:47.123954000Z DEBUG solana_program_runtime::stable_log] Program 4uQeVj5tqViQh7yWWGStvkEG1Zmhx6uasJtWCJziofM invoke [1]
[2022-02-12T07:55:47.124354000Z DEBUG solana_program_runtime::stable_log] Program log: Mango: UpdateRootBank
[2022-02-12T07:55:47.127217000Z DEBUG solana_program_runtime::stable_log] Program log: mango-log
[2022-02-12T07:55:47.127836000Z DEBUG solana_program_runtime::stable_log] Program log: 8HmBNKTUaLiOnQdEtiC3dVJcJz5F0IHHBUtwK3dCY1dTcqbXUIsiDQEAAAAAAAAAAAAAAAAAQEIPAAAAAAAAAAAAAAAAAEBCDwAAAAAAAAA=
[2022-02-12T07:55:47.127963000Z DEBUG solana_bpf_loader_program] Program 4uQeVj5tqViQh7yWWGStvkEG1Zmhx6uasJtWCJziofM consumed 11837 of 200000 compute units
[2022-02-12T07:55:47.128020000Z DEBUG solana_program_runtime::stable_log] Program 4uQeVj5tqViQh7yWWGStvkEG1Zmhx6uasJtWCJziofM success
[2022-02-12T07:55:47.129309000Z DEBUG solana_program_runtime::stable_log] Program log: bid on book order_id=1844692854115028871151614 quantity=10000 price=100000
[2022-02-12T07:55:47.130238000Z DEBUG solana_bpf_loader_program] Program 8opHzTAnfzRpPEx21XtnrVTX28YQuCpAjcn1PczScKh consumed 82868 of 200000 compute units
[2022-02-12T07:55:47.130342000Z DEBUG solana_program_runtime::stable_log] Program 8opHzTAnfzRpPEx21XtnrVTX28YQuCpAjcn1PczScKh success
[2022-02-12T07:55:47.138410000Z DEBUG solana_program_runtime::stable_log] Program 4uQeVj5tqViQh7yWWGStvkEG1Zmhx6uasJtWCJziofM invoke [1]
[2022-02-12T07:55:47.138827000Z DEBUG solana_program_runtime::stable_log] Program log: Mango: UpdateRootBank
[2022-02-12T07:55:47.141709000Z DEBUG solana_program_runtime::stable_log] Program log: mango-log
[2022-02-12T07:55:47.142333000Z DEBUG solana_program_runtime::stable_log] Program log: 8HmBNKTUaLiOnQdEtiC3dVJcJz5F0IHHBUtwK3dCY1dTcqbXUIsiDQIAAAAAAAAAAAAAAAAAQEIPAAAAAAAAAAAAAAAAAEBCDwAAAAAAAAA=
[2022-02-12T07:55:47.142465000Z DEBUG solana_bpf_loader_program] Program 4uQeVj5tqViQh7yWWGStvkEG1Zmhx6uasJtWCJziofM consumed 11876 of 200000 compute units
[2022-02-12T07:55:47.142526000Z DEBUG solana_program_runtime::stable_log] Program 4uQeVj5tqViQh7yWWGStvkEG1Zmhx6uasJtWCJziofM success
[2022-02-12T07:55:47.146788000Z DEBUG solana_program_runtime::stable_log] Program 8opHzTAnfzRpPEx21XtnrVTX28YQuCpAjcn1PczScKh invoke [1]
[2022-02-12T07:55:47.148307000Z DEBUG solana_program_runtime::stable_log] Program log: Mango: PlacePerpOrder client_order_id=10009
[2022-02-12T07:55:47.152825000Z DEBUG solana_program_runtime::stable_log] Program 4uQeVj5tqViQh7yWWGStvkEG1Zmhx6uasJtWCJziofM invoke [1]
[2022-02-12T07:55:47.153216000Z DEBUG solana_program_runtime::stable_log] Program log: Mango: UpdateRootBank
[2022-02-12T07:55:47.156103000Z DEBUG solana_program_runtime::stable_log] Program log: mango-log
[2022-02-12T07:55:47.156726000Z DEBUG solana_program_runtime::stable_log] Program log: 8HmBNKTUaLiOnQdEtiC3dVJcJz5F0IHHBUtwK3dCY1dTcqbXUIsiDQMAAAAAAAAAAAAAAAAAQEIPAAAAAAAAAAAAAAAAAEBCDwAAAAAAAAA=
[2022-02-12T07:55:47.156855000Z DEBUG solana_bpf_loader_program] Program 4uQeVj5tqViQh7yWWGStvkEG1Zmhx6uasJtWCJziofM consumed 11915 of 200000 compute units
[2022-02-12T07:55:47.156910000Z DEBUG solana_program_runtime::stable_log] Program 4uQeVj5tqViQh7yWWGStvkEG1Zmhx6uasJtWCJziofM success
[2022-02-12T07:55:47.168115000Z DEBUG solana_program_runtime::stable_log] Program 4uQeVj5tqViQh7yWWGStvkEG1Zmhx6uasJtWCJziofM invoke [1]
[2022-02-12T07:55:47.168513000Z DEBUG solana_program_runtime::stable_log] Program log: Mango: UpdateRootBank
[2022-02-12T07:55:47.171418000Z DEBUG solana_program_runtime::stable_log] Program log: mango-log
[2022-02-12T07:55:47.172042000Z DEBUG solana_program_runtime::stable_log] Program log: 8HmBNKTUaLiOnQdEtiC3dVJcJz5F0IHHBUtwK3dCY1dTcqbXUIsiDQQAAAAAAAAAAAAAAAAAQEIPAAAAAAAAAAAAAAAAAEBCDwAAAAAAAAA=
[2022-02-12T07:55:47.172172000Z DEBUG solana_bpf_loader_program] Program 4uQeVj5tqViQh7yWWGStvkEG1Zmhx6uasJtWCJziofM consumed 11954 of 200000 compute units
[2022-02-12T07:55:47.172230000Z DEBUG solana_program_runtime::stable_log] Program 4uQeVj5tqViQh7yWWGStvkEG1Zmhx6uasJtWCJziofM success
[2022-02-12T07:55:47.173727000Z DEBUG solana_program_runtime::stable_log] Program log: bid on book order_id=1844692854115028871151614 quantity=10000 price=100000
[2022-02-12T07:55:47.174635000Z DEBUG solana_bpf_loader_program] Program 8opHzTAnfzRpPEx21XtnrVTX28YQuCpAjcn1PczScKh consumed 83923 of 200000 compute units
[2022-02-12T07:55:47.174739000Z DEBUG solana_program_runtime::stable_log] Program 8opHzTAnfzRpPEx21XtnrVTX28YQuCpAjcn1PczScKh success
[2022-02-12T07:55:47.182290000Z DEBUG solana_program_runtime::stable_log] Program 4uQeVj5tqViQh7yWWGStvkEG1Zmhx6uasJtWCJziofM invoke [1]
[2022-02-12T07:55:47.182695000Z DEBUG solana_program_runtime::stable_log] Program log: Mango: UpdateRootBank
[2022-02-12T07:55:47.185652000Z DEBUG solana_program_runtime::stable_log] Program log: mango-log
[2022-02-12T07:55:47.186317000Z DEBUG solana_program_runtime::stable_log] Program log: 8HmBNKTUaLiOnQdEtiC3dVJcJz5F0IHHBUtwK3dCY1dTcqbXUIsiDQUAAAAAAAAAAAAAAAAAQEIPAAAAAAAAAAAAAAAAAEBCDwAAAAAAAAA=
[2022-02-12T07:55:47.186450000Z DEBUG solana_bpf_loader_program] Program 4uQeVj5tqViQh7yWWGStvkEG1Zmhx6uasJtWCJziofM consumed 11993 of 200000 compute units
[2022-02-12T07:55:47.186521000Z DEBUG solana_program_runtime::stable_log] Program 4uQeVj5tqViQh7yWWGStvkEG1Zmhx6uasJtWCJziofM success
[2022-02-12T07:55:47.191486000Z DEBUG solana_program_runtime::stable_log] Program 8opHzTAnfzRpPEx21XtnrVTX28YQuCpAjcn1PczScKh invoke [1]
[2022-02-12T07:55:47.193000000Z DEBUG solana_program_runtime::stable_log] Program log: Mango: PlacePerpOrder client_order_id=10010
[2022-02-12T07:55:47.197066000Z DEBUG solana_program_runtime::stable_log] Program 4uQeVj5tqViQh7yWWGStvkEG1Zmhx6uasJtWCJziofM invoke [1]
[2022-02-12T07:55:47.197460000Z DEBUG solana_program_runtime::stable_log] Program log: Mango: UpdateRootBank
[2022-02-12T07:55:47.200407000Z DEBUG solana_program_runtime::stable_log] Program log: mango-log
[2022-02-12T07:55:47.201027000Z DEBUG solana_program_runtime::stable_log] Program log: 8HmBNKTUaLiOnQdEtiC3dVJcJz5F0IHHBUtwK3dCY1dTcqbXUIsiDQYAAAAAAAAAAAAAAAAAQEIPAAAAAAAAAAAAAAAAAEBCDwAAAAAAAAA=
[2022-02-12T07:55:47.201156000Z DEBUG solana_bpf_loader_program] Program 4uQeVj5tqViQh7yWWGStvkEG1Zmhx6uasJtWCJziofM consumed 12032 of 200000 compute units
[2022-02-12T07:55:47.201219000Z DEBUG solana_program_runtime::stable_log] Program 4uQeVj5tqViQh7yWWGStvkEG1Zmhx6uasJtWCJziofM success
[2022-02-12T07:55:47.211622000Z DEBUG solana_program_runtime::stable_log] Program 4uQeVj5tqViQh7yWWGStvkEG1Zmhx6uasJtWCJziofM invoke [1]
[2022-02-12T07:55:47.212023000Z DEBUG solana_program_runtime::stable_log] Program log: Mango: UpdateRootBank
[2022-02-12T07:55:47.214984000Z DEBUG solana_program_runtime::stable_log] Program log: mango-log
[2022-02-12T07:55:47.215609000Z DEBUG solana_program_runtime::stable_log] Program log: 8HmBNKTUaLiOnQdEtiC3dVJcJz5F0IHHBUtwK3dCY1dTcqbXUIsiDQcAAAAAAAAAAAAAAAAAQEIPAAAAAAAAAAAAAAAAAEBCDwAAAAAAAAA=
[2022-02-12T07:55:47.215740000Z DEBUG solana_bpf_loader_program] Program 4uQeVj5tqViQh7yWWGStvkEG1Zmhx6uasJtWCJziofM consumed 12071 of 200000 compute units
[2022-02-12T07:55:47.215795000Z DEBUG solana_program_runtime::stable_log] Program 4uQeVj5tqViQh7yWWGStvkEG1Zmhx6uasJtWCJziofM success
[2022-02-12T07:55:47.218764000Z DEBUG solana_program_runtime::stable_log] Program log: bid on book order_id=1844692854115028871151614 quantity=10000 price=100000
[2022-02-12T07:55:47.219704000Z DEBUG solana_bpf_loader_program] Program 8opHzTAnfzRpPEx21XtnrVTX28YQuCpAjcn1PczScKh consumed 84978 of 200000 compute units
[2022-02-12T07:55:47.219815000Z DEBUG solana_program_runtime::stable_log] Program 8opHzTAnfzRpPEx21XtnrVTX28YQuCpAjcn1PczScKh success
[2022-02-12T07:55:47.226070000Z DEBUG solana_program_runtime::stable_log] Program 4uQeVj5tqViQh7yWWGStvkEG1Zmhx6uasJtWCJziofM invoke [1]
[2022-02-12T07:55:47.226498000Z DEBUG solana_program_runtime::stable_log] Program log: Mango: UpdateRootBank
[2022-02-12T07:55:47.229485000Z DEBUG solana_program_runtime::stable_log] Program log: mango-log
[2022-02-12T07:55:47.230102000Z DEBUG solana_program_runtime::stable_log] Program log: 8HmBNKTUaLiOnQdEtiC3dVJcJz5F0IHHBUtwK3dCY1dTcqbXUIsiDQgAAAAAAAAAAAAAAAAAQEIPAAAAAAAAAAAAAAAAAEBCDwAAAAAAAAA=
[2022-02-12T07:55:47.230231000Z DEBUG solana_bpf_loader_program] Program 4uQeVj5tqViQh7yWWGStvkEG1Zmhx6uasJtWCJziofM consumed 12110 of 200000 compute units
[2022-02-12T07:55:47.230287000Z DEBUG solana_program_runtime::stable_log] Program 4uQeVj5tqViQh7yWWGStvkEG1Zmhx6uasJtWCJziofM success
[2022-02-12T07:55:47.237418000Z DEBUG solana_program_runtime::stable_log] Program 8opHzTAnfzRpPEx21XtnrVTX28YQuCpAjcn1PczScKh invoke [1]
[2022-02-12T07:55:47.238946000Z DEBUG solana_program_runtime::stable_log] Program log: Mango: PlacePerpOrder client_order_id=10011
[2022-02-12T07:55:47.242877000Z DEBUG solana_program_runtime::stable_log] Program 4uQeVj5tqViQh7yWWGStvkEG1Zmhx6uasJtWCJziofM invoke [1]
[2022-02-12T07:55:47.243264000Z DEBUG solana_program_runtime::stable_log] Program log: Mango: UpdateRootBank
[2022-02-12T07:55:47.246227000Z DEBUG solana_program_runtime::stable_log] Program log: mango-log
[2022-02-12T07:55:47.246846000Z DEBUG solana_program_runtime::stable_log] Program log: 8HmBNKTUaLiOnQdEtiC3dVJcJz5F0IHHBUtwK3dCY1dTcqbXUIsiDQkAAAAAAAAAAAAAAAAAQEIPAAAAAAAAAAAAAAAAAEBCDwAAAAAAAAA=
[2022-02-12T07:55:47.246974000Z DEBUG solana_bpf_loader_program] Program 4uQeVj5tqViQh7yWWGStvkEG1Zmhx6uasJtWCJziofM consumed 12149 of 200000 compute units
[2022-02-12T07:55:47.247032000Z DEBUG solana_program_runtime::stable_log] Program 4uQeVj5tqViQh7yWWGStvkEG1Zmhx6uasJtWCJziofM success
[2022-02-12T07:55:47.258126000Z DEBUG solana_program_runtime::stable_log] Program 4uQeVj5tqViQh7yWWGStvkEG1Zmhx6uasJtWCJziofM invoke [1]
[2022-02-12T07:55:47.258523000Z DEBUG solana_program_runtime::stable_log] Program log: Mango: UpdateRootBank
[2022-02-12T07:55:47.261516000Z DEBUG solana_program_runtime::stable_log] Program log: mango-log
[2022-02-12T07:55:47.262137000Z DEBUG solana_program_runtime::stable_log] Program log: 8HmBNKTUaLiOnQdEtiC3dVJcJz5F0IHHBUtwK3dCY1dTcqbXUIsiDQoAAAAAAAAAAAAAAAAAQEIPAAAAAAAAAAAAAAAAAEBCDwAAAAAAAAA=
[2022-02-12T07:55:47.262265000Z DEBUG solana_bpf_loader_program] Program 4uQeVj5tqViQh7yWWGStvkEG1Zmhx6uasJtWCJziofM consumed 12188 of 200000 compute units
[2022-02-12T07:55:47.262320000Z DEBUG solana_program_runtime::stable_log] Program 4uQeVj5tqViQh7yWWGStvkEG1Zmhx6uasJtWCJziofM success
[2022-02-12T07:55:47.264996000Z DEBUG solana_program_runtime::stable_log] Program log: bid on book order_id=1844692854115028871151614 quantity=10000 price=100000
[2022-02-12T07:55:47.265924000Z DEBUG solana_bpf_loader_program] Program 8opHzTAnfzRpPEx21XtnrVTX28YQuCpAjcn1PczScKh consumed 86033 of 200000 compute units
[2022-02-12T07:55:47.266031000Z DEBUG solana_program_runtime::stable_log] Program 8opHzTAnfzRpPEx21XtnrVTX28YQuCpAjcn1PczScKh success
[2022-02-12T07:55:47.272558000Z DEBUG solana_program_runtime::stable_log] Program 4uQeVj5tqViQh7yWWGStvkEG1Zmhx6uasJtWCJziofM invoke [1]
[2022-02-12T07:55:47.272981000Z DEBUG solana_program_runtime::stable_log] Program log: Mango: UpdateRootBank
[2022-02-12T07:55:47.275981000Z DEBUG solana_program_runtime::stable_log] Program log: mango-log
[2022-02-12T07:55:47.276603000Z DEBUG solana_program_runtime::stable_log] Program log: 8HmBNKTUaLiOnQdEtiC3dVJcJz5F0IHHBUtwK3dCY1dTcqbXUIsiDQsAAAAAAAAAAAAAAAAAQEIPAAAAAAAAAAAAAAAAAEBCDwAAAAAAAAA=
[2022-02-12T07:55:47.276737000Z DEBUG solana_bpf_loader_program] Program 4uQeVj5tqViQh7yWWGStvkEG1Zmhx6uasJtWCJziofM consumed 12227 of 200000 compute units
[2022-02-12T07:55:47.276797000Z DEBUG solana_program_runtime::stable_log] Program 4uQeVj5tqViQh7yWWGStvkEG1Zmhx6uasJtWCJziofM success
[2022-02-12T07:55:47.282234000Z DEBUG solana_program_runtime::stable_log] Program 8opHzTAnfzRpPEx21XtnrVTX28YQuCpAjcn1PczScKh invoke [1]
[2022-02-12T07:55:47.283772000Z DEBUG solana_program_runtime::stable_log] Program log: Mango: PlacePerpOrder client_order_id=10012
[2022-02-12T07:55:47.288192000Z DEBUG solana_program_runtime::stable_log] Program 4uQeVj5tqViQh7yWWGStvkEG1Zmhx6uasJtWCJziofM invoke [1]
[2022-02-12T07:55:47.288588000Z DEBUG solana_program_runtime::stable_log] Program log: Mango: UpdateRootBank
[2022-02-12T07:55:47.291605000Z DEBUG solana_program_runtime::stable_log] Program log: mango-log
[2022-02-12T07:55:47.292218000Z DEBUG solana_program_runtime::stable_log] Program log: 8HmBNKTUaLiOnQdEtiC3dVJcJz5F0IHHBUtwK3dCY1dTcqbXUIsiDQwAAAAAAAAAAAAAAAAAQEIPAAAAAAAAAAAAAAAAAEBCDwAAAAAAAAA=
[2022-02-12T07:55:47.292348000Z DEBUG solana_bpf_loader_program] Program 4uQeVj5tqViQh7yWWGStvkEG1Zmhx6uasJtWCJziofM consumed 12266 of 200000 compute units
[2022-02-12T07:55:47.292409000Z DEBUG solana_program_runtime::stable_log] Program 4uQeVj5tqViQh7yWWGStvkEG1Zmhx6uasJtWCJziofM success
[2022-02-12T07:55:47.304832000Z DEBUG solana_program_runtime::stable_log] Program 4uQeVj5tqViQh7yWWGStvkEG1Zmhx6uasJtWCJziofM invoke [1]
[2022-02-12T07:55:47.305237000Z DEBUG solana_program_runtime::stable_log] Program log: Mango: UpdateRootBank
[2022-02-12T07:55:47.308265000Z DEBUG solana_program_runtime::stable_log] Program log: mango-log
[2022-02-12T07:55:47.308888000Z DEBUG solana_program_runtime::stable_log] Program log: 8HmBNKTUaLiOnQdEtiC3dVJcJz5F0IHHBUtwK3dCY1dTcqbXUIsiDQ0AAAAAAAAAAAAAAAAAQEIPAAAAAAAAAAAAAAAAAEBCDwAAAAAAAAA=
[2022-02-12T07:55:47.309019000Z DEBUG solana_bpf_loader_program] Program 4uQeVj5tqViQh7yWWGStvkEG1Zmhx6uasJtWCJziofM consumed 12314 of 200000 compute units
[2022-02-12T07:55:47.309074000Z DEBUG solana_program_runtime::stable_log] Program 4uQeVj5tqViQh7yWWGStvkEG1Zmhx6uasJtWCJziofM success
[2022-02-12T07:55:47.310218000Z DEBUG solana_program_runtime::stable_log] Program log: bid on book order_id=1844692854115028871151614 quantity=10000 price=100000
[2022-02-12T07:55:47.311149000Z DEBUG solana_bpf_loader_program] Program 8opHzTAnfzRpPEx21XtnrVTX28YQuCpAjcn1PczScKh consumed 87088 of 200000 compute units
[2022-02-12T07:55:47.311258000Z DEBUG solana_program_runtime::stable_log] Program 8opHzTAnfzRpPEx21XtnrVTX28YQuCpAjcn1PczScKh success
[2022-02-12T07:55:47.320078000Z DEBUG solana_program_runtime::stable_log] Program 4uQeVj5tqViQh7yWWGStvkEG1Zmhx6uasJtWCJziofM invoke [1]
[2022-02-12T07:55:47.320471000Z DEBUG solana_program_runtime::stable_log] Program log: Mango: UpdateRootBank
[2022-02-12T07:55:47.323521000Z DEBUG solana_program_runtime::stable_log] Program log: mango-log
[2022-02-12T07:55:47.324176000Z DEBUG solana_program_runtime::stable_log] Program log: 8HmBNKTUaLiOnQdEtiC3dVJcJz5F0IHHBUtwK3dCY1dTcqbXUIsiDQ4AAAAAAAAAAAAAAAAAQEIPAAAAAAAAAAAAAAAAAEBCDwAAAAAAAAA=
[2022-02-12T07:55:47.324315000Z DEBUG solana_bpf_loader_program] Program 4uQeVj5tqViQh7yWWGStvkEG1Zmhx6uasJtWCJziofM consumed 12344 of 200000 compute units
[2022-02-12T07:55:47.324390000Z DEBUG solana_program_runtime::stable_log] Program 4uQeVj5tqViQh7yWWGStvkEG1Zmhx6uasJtWCJziofM success
[2022-02-12T07:55:47.327375000Z DEBUG solana_program_runtime::stable_log] Program 8opHzTAnfzRpPEx21XtnrVTX28YQuCpAjcn1PczScKh invoke [1]
[2022-02-12T07:55:47.328881000Z DEBUG solana_program_runtime::stable_log] Program log: Mango: PlacePerpOrder client_order_id=10013
[2022-02-12T07:55:47.336998000Z DEBUG solana_program_runtime::stable_log] Program 4uQeVj5tqViQh7yWWGStvkEG1Zmhx6uasJtWCJziofM invoke [1]
[2022-02-12T07:55:47.337399000Z DEBUG solana_program_runtime::stable_log] Program log: Mango: UpdateRootBank
[2022-02-12T07:55:47.339736000Z DEBUG solana_program_runtime::stable_log] Program log: mango-log
[2022-02-12T07:55:47.340360000Z DEBUG solana_program_runtime::stable_log] Program log: 8HmBNKTUaLiOnQdEtiC3dVJcJz5F0IHHBUtwK3dCY1dTcqbXUIsiDQ8AAAAAAAAAAAAAAAAAQEIPAAAAAAAAAAAAAAAAAEBCDwAAAAAAAAA=
[2022-02-12T07:55:47.340490000Z DEBUG solana_bpf_loader_program] Program 4uQeVj5tqViQh7yWWGStvkEG1Zmhx6uasJtWCJziofM consumed 9946 of 200000 compute units
[2022-02-12T07:55:47.340547000Z DEBUG solana_program_runtime::stable_log] Program 4uQeVj5tqViQh7yWWGStvkEG1Zmhx6uasJtWCJziofM success
[2022-02-12T07:55:47.351609000Z DEBUG solana_program_runtime::stable_log] Program 4uQeVj5tqViQh7yWWGStvkEG1Zmhx6uasJtWCJziofM invoke [1]
[2022-02-12T07:55:47.352074000Z DEBUG solana_program_runtime::stable_log] Program log: Mango: UpdateFunding
[2022-02-12T07:55:47.353202000Z DEBUG solana_program_runtime::stable_log] Program log: mango-log
[2022-02-12T07:55:47.353821000Z DEBUG solana_program_runtime::stable_log] Program log: ta5iwCEXTXuOnQdEtiC3dVJcJz5F0IHHBUtwK3dCY1dTcqbXUIsiDQAAAAAAAAAAAAAAAAAAAAAAAAAAAAAAAAAAAAAAAAAAAAAAAAAAAAA=
[2022-02-12T07:55:47.353973000Z DEBUG solana_bpf_loader_program] Program 4uQeVj5tqViQh7yWWGStvkEG1Zmhx6uasJtWCJziofM consumed 6381 of 200000 compute units
[2022-02-12T07:55:47.354045000Z DEBUG solana_program_runtime::stable_log] Program 4uQeVj5tqViQh7yWWGStvkEG1Zmhx6uasJtWCJziofM success
[2022-02-12T07:55:47.355651000Z DEBUG solana_program_runtime::stable_log] Program log: bid on book order_id=1844692854115028871151614 quantity=10000 price=100000
[2022-02-12T07:55:47.356587000Z DEBUG solana_bpf_loader_program] Program 8opHzTAnfzRpPEx21XtnrVTX28YQuCpAjcn1PczScKh consumed 88142 of 200000 compute units
[2022-02-12T07:55:47.356706000Z DEBUG solana_program_runtime::stable_log] Program 8opHzTAnfzRpPEx21XtnrVTX28YQuCpAjcn1PczScKh success
[2022-02-12T07:55:47.364728000Z DEBUG solana_program_runtime::stable_log] Program 4uQeVj5tqViQh7yWWGStvkEG1Zmhx6uasJtWCJziofM invoke [1]
[2022-02-12T07:55:47.365210000Z DEBUG solana_program_runtime::stable_log] Program log: Mango: UpdateFunding
[2022-02-12T07:55:47.366359000Z DEBUG solana_program_runtime::stable_log] Program log: mango-log
[2022-02-12T07:55:47.366980000Z DEBUG solana_program_runtime::stable_log] Program log: ta5iwCEXTXuOnQdEtiC3dVJcJz5F0IHHBUtwK3dCY1dTcqbXUIsiDQEAAAAAAAAAAAAAAAAAAAAAAAAAAAAAAAAAAAAAAAAAAAAAAAAAAAA=
[2022-02-12T07:55:47.367131000Z DEBUG solana_bpf_loader_program] Program 4uQeVj5tqViQh7yWWGStvkEG1Zmhx6uasJtWCJziofM consumed 6421 of 200000 compute units
[2022-02-12T07:55:47.367201000Z DEBUG solana_program_runtime::stable_log] Program 4uQeVj5tqViQh7yWWGStvkEG1Zmhx6uasJtWCJziofM success
[2022-02-12T07:55:47.373696000Z DEBUG solana_program_runtime::stable_log] Program 8opHzTAnfzRpPEx21XtnrVTX28YQuCpAjcn1PczScKh invoke [1]
[2022-02-12T07:55:47.375152000Z DEBUG solana_program_runtime::stable_log] Program log: Mango: PlacePerpOrder client_order_id=10014
[2022-02-12T07:55:47.377557000Z DEBUG solana_program_runtime::stable_log] Program 4uQeVj5tqViQh7yWWGStvkEG1Zmhx6uasJtWCJziofM invoke [1]
[2022-02-12T07:55:47.378007000Z DEBUG solana_program_runtime::stable_log] Program log: Mango: UpdateFunding
[2022-02-12T07:55:47.379126000Z DEBUG solana_program_runtime::stable_log] Program log: mango-log
[2022-02-12T07:55:47.379803000Z DEBUG solana_program_runtime::stable_log] Program log: ta5iwCEXTXuOnQdEtiC3dVJcJz5F0IHHBUtwK3dCY1dTcqbXUIsiDQIAAAAAAAAAAAAAAAAAAAAAAAAAAAAAAAAAAAAAAAAAAAAAAAAAAAA=
[2022-02-12T07:55:47.379969000Z DEBUG solana_bpf_loader_program] Program 4uQeVj5tqViQh7yWWGStvkEG1Zmhx6uasJtWCJziofM consumed 6460 of 200000 compute units
[2022-02-12T07:55:47.380041000Z DEBUG solana_program_runtime::stable_log] Program 4uQeVj5tqViQh7yWWGStvkEG1Zmhx6uasJtWCJziofM success
[2022-02-12T07:55:47.391601000Z DEBUG solana_program_runtime::stable_log] Program 4uQeVj5tqViQh7yWWGStvkEG1Zmhx6uasJtWCJziofM invoke [1]
[2022-02-12T07:55:47.392083000Z DEBUG solana_program_runtime::stable_log] Program log: Mango: UpdateFunding
[2022-02-12T07:55:47.393276000Z DEBUG solana_program_runtime::stable_log] Program log: mango-log
[2022-02-12T07:55:47.393901000Z DEBUG solana_program_runtime::stable_log] Program log: ta5iwCEXTXuOnQdEtiC3dVJcJz5F0IHHBUtwK3dCY1dTcqbXUIsiDQMAAAAAAAAAAAAAAAAAAAAAAAAAAAAAAAAAAAAAAAAAAAAAAAAAAAA=
[2022-02-12T07:55:47.394053000Z DEBUG solana_bpf_loader_program] Program 4uQeVj5tqViQh7yWWGStvkEG1Zmhx6uasJtWCJziofM consumed 6499 of 200000 compute units
[2022-02-12T07:55:47.394121000Z DEBUG solana_program_runtime::stable_log] Program 4uQeVj5tqViQh7yWWGStvkEG1Zmhx6uasJtWCJziofM success
[2022-02-12T07:55:47.401954000Z DEBUG solana_program_runtime::stable_log] Program log: bid on book order_id=1844692854115028871151614 quantity=10000 price=100000
[2022-02-12T07:55:47.402897000Z DEBUG solana_bpf_loader_program] Program 8opHzTAnfzRpPEx21XtnrVTX28YQuCpAjcn1PczScKh consumed 89197 of 200000 compute units
[2022-02-12T07:55:47.403007000Z DEBUG solana_program_runtime::stable_log] Program 8opHzTAnfzRpPEx21XtnrVTX28YQuCpAjcn1PczScKh success
[2022-02-12T07:55:47.404898000Z DEBUG solana_program_runtime::stable_log] Program 4uQeVj5tqViQh7yWWGStvkEG1Zmhx6uasJtWCJziofM invoke [1]
[2022-02-12T07:55:47.405354000Z DEBUG solana_program_runtime::stable_log] Program log: Mango: UpdateFunding
[2022-02-12T07:55:47.406581000Z DEBUG solana_program_runtime::stable_log] Program log: mango-log
[2022-02-12T07:55:47.407219000Z DEBUG solana_program_runtime::stable_log] Program log: ta5iwCEXTXuOnQdEtiC3dVJcJz5F0IHHBUtwK3dCY1dTcqbXUIsiDQQAAAAAAAAAAAAAAAAAAAAAAAAAAAAAAAAAAAAAAAAAAAAAAAAAAAA=
[2022-02-12T07:55:47.407374000Z DEBUG solana_bpf_loader_program] Program 4uQeVj5tqViQh7yWWGStvkEG1Zmhx6uasJtWCJziofM consumed 6538 of 200000 compute units
[2022-02-12T07:55:47.407448000Z DEBUG solana_program_runtime::stable_log] Program 4uQeVj5tqViQh7yWWGStvkEG1Zmhx6uasJtWCJziofM success
[2022-02-12T07:55:47.418107000Z DEBUG solana_program_runtime::stable_log] Program 4uQeVj5tqViQh7yWWGStvkEG1Zmhx6uasJtWCJziofM invoke [1]
[2022-02-12T07:55:47.418617000Z DEBUG solana_program_runtime::stable_log] Program log: Mango: UpdateFunding
[2022-02-12T07:55:47.419857000Z DEBUG solana_program_runtime::stable_log] Program log: mango-log
[2022-02-12T07:55:47.420497000Z DEBUG solana_program_runtime::stable_log] Program log: ta5iwCEXTXuOnQdEtiC3dVJcJz5F0IHHBUtwK3dCY1dTcqbXUIsiDQUAAAAAAAAAAAAAAAAAAAAAAAAAAAAAAAAAAAAAAAAAAAAAAAAAAAA=
[2022-02-12T07:55:47.420656000Z DEBUG solana_bpf_loader_program] Program 4uQeVj5tqViQh7yWWGStvkEG1Zmhx6uasJtWCJziofM consumed 6577 of 200000 compute units
[2022-02-12T07:55:47.420735000Z DEBUG solana_program_runtime::stable_log] Program 4uQeVj5tqViQh7yWWGStvkEG1Zmhx6uasJtWCJziofM success
[2022-02-12T07:55:47.432998000Z DEBUG solana_program_runtime::stable_log] Program 4uQeVj5tqViQh7yWWGStvkEG1Zmhx6uasJtWCJziofM invoke [1]
[2022-02-12T07:55:47.433502000Z DEBUG solana_program_runtime::stable_log] Program log: Mango: UpdateFunding
[2022-02-12T07:55:47.434735000Z DEBUG solana_program_runtime::stable_log] Program log: mango-log
[2022-02-12T07:55:47.435363000Z DEBUG solana_program_runtime::stable_log] Program log: ta5iwCEXTXuOnQdEtiC3dVJcJz5F0IHHBUtwK3dCY1dTcqbXUIsiDQYAAAAAAAAAAAAAAAAAAAAAAAAAAAAAAAAAAAAAAAAAAAAAAAAAAAA=
[2022-02-12T07:55:47.435523000Z DEBUG solana_bpf_loader_program] Program 4uQeVj5tqViQh7yWWGStvkEG1Zmhx6uasJtWCJziofM consumed 6616 of 200000 compute units
[2022-02-12T07:55:47.435603000Z DEBUG solana_program_runtime::stable_log] Program 4uQeVj5tqViQh7yWWGStvkEG1Zmhx6uasJtWCJziofM success
[2022-02-12T07:55:47.443679000Z DEBUG solana_program_runtime::stable_log] Program 8opHzTAnfzRpPEx21XtnrVTX28YQuCpAjcn1PczScKh invoke [1]
[2022-02-12T07:55:47.444829000Z DEBUG solana_program_runtime::stable_log] Program log: Mango: CachePrices
[2022-02-12T07:55:47.446079000Z DEBUG solana_program_runtime::stable_log] Program 4uQeVj5tqViQh7yWWGStvkEG1Zmhx6uasJtWCJziofM invoke [1]
[2022-02-12T07:55:47.446524000Z DEBUG solana_program_runtime::stable_log] Program log: Mango: UpdateFunding
[2022-02-12T07:55:47.447742000Z DEBUG solana_program_runtime::stable_log] Program log: mango-log
[2022-02-12T07:55:47.447956000Z DEBUG solana_program_runtime::stable_log] Program log: mango-log
[2022-02-12T07:55:47.448357000Z DEBUG solana_program_runtime::stable_log] Program log: ta5iwCEXTXuOnQdEtiC3dVJcJz5F0IHHBUtwK3dCY1dTcqbXUIsiDQcAAAAAAAAAAAAAAAAAAAAAAAAAAAAAAAAAAAAAAAAAAAAAAAAAAAA=
[2022-02-12T07:55:47.448504000Z DEBUG solana_bpf_loader_program] Program 4uQeVj5tqViQh7yWWGStvkEG1Zmhx6uasJtWCJziofM consumed 6655 of 200000 compute units
[2022-02-12T07:55:47.448571000Z DEBUG solana_program_runtime::stable_log] Program 4uQeVj5tqViQh7yWWGStvkEG1Zmhx6uasJtWCJziofM success
[2022-02-12T07:55:47.449790000Z DEBUG solana_program_runtime::stable_log] Program log: ux0uSxX5tBtxdA4GcfGyliALQuYkXc4nClpZlDF0SasXF9CRTJ3gvg8AAAAAAAAAAAAAAAEAAAAAAAAAAgAAAAAAAAADAAAAAAAAAAQAAAAAAAAABQAAAAAAAAAGAAAAAAAAAAcAAAAAAAAACAAAAAAAAAAJAAAAAAAAAAoAAAAAAAAACwAAAAAAAAAMAAAAAAAAAA0AAAAAAAAADgAAAAAAAAAPAAAAAAAAAAAAECcAAAAAAAAAAAAAAAAAABAnAAAAAAAAAAAAAAAAAAAQJwAAAAAAAAAAAAAAAAAAECcAAAAAAAAAAAAAAAAAAAoAAAAAAAAAAAAAAAAAAAAQJwAAAAAAAAAAAAAAAAAAECcAAAAAAAAAAAAAAAAAABAnAAAAAAAAAAAAAAAAAAAQJwAAAAAAAAAAAAAAAAAAECcAAAAAAAAAAAAAAAAAABAnAAAAAAAAAAAAAAAAAAAQJwAAAAAAAAAAAAAAAAAAECcAAAAAAAAAAAAAAAAAABAnAAAAAAAAAAAAAAAAAAAQJwAAAAAAAAAA
[2022-02-12T07:55:47.450186000Z DEBUG solana_bpf_loader_program] Program 8opHzTAnfzRpPEx21XtnrVTX28YQuCpAjcn1PczScKh consumed 18318 of 200000 compute units
[2022-02-12T07:55:47.450272000Z DEBUG solana_program_runtime::stable_log] Program 8opHzTAnfzRpPEx21XtnrVTX28YQuCpAjcn1PczScKh success
[2022-02-12T07:55:47.459024000Z DEBUG solana_program_runtime::stable_log] Program 4uQeVj5tqViQh7yWWGStvkEG1Zmhx6uasJtWCJziofM invoke [1]
[2022-02-12T07:55:47.459504000Z DEBUG solana_program_runtime::stable_log] Program log: Mango: UpdateFunding
[2022-02-12T07:55:47.460758000Z DEBUG solana_program_runtime::stable_log] Program log: mango-log
[2022-02-12T07:55:47.461381000Z DEBUG solana_program_runtime::stable_log] Program log: ta5iwCEXTXuOnQdEtiC3dVJcJz5F0IHHBUtwK3dCY1dTcqbXUIsiDQgAAAAAAAAAAAAAAAAAAAAAAAAAAAAAAAAAAAAAAAAAAAAAAAAAAAA=
[2022-02-12T07:55:47.461427000Z DEBUG solana_program_runtime::stable_log] Program 8opHzTAnfzRpPEx21XtnrVTX28YQuCpAjcn1PczScKh invoke [1]
[2022-02-12T07:55:47.461534000Z DEBUG solana_bpf_loader_program] Program 4uQeVj5tqViQh7yWWGStvkEG1Zmhx6uasJtWCJziofM consumed 6694 of 200000 compute units
[2022-02-12T07:55:47.461614000Z DEBUG solana_program_runtime::stable_log] Program 4uQeVj5tqViQh7yWWGStvkEG1Zmhx6uasJtWCJziofM success
[2022-02-12T07:55:47.461821000Z DEBUG solana_program_runtime::stable_log] Program log: Mango: UpdateRootBank
[2022-02-12T07:55:47.463674000Z DEBUG solana_program_runtime::stable_log] Program log: mango-log
[2022-02-12T07:55:47.464296000Z DEBUG solana_program_runtime::stable_log] Program log: 8HmBNKTUaLhxdA4GcfGyliALQuYkXc4nClpZlDF0SasXF9CRTJ3gvgAAAAAAAAAAAAAAAAAAQEIPAAAAAAAAAAAAAAAAAEBCDwAAAAAAAAA=
[2022-02-12T07:55:47.464426000Z DEBUG solana_bpf_loader_program] Program 8opHzTAnfzRpPEx21XtnrVTX28YQuCpAjcn1PczScKh consumed 8519 of 200000 compute units
[2022-02-12T07:55:47.464487000Z DEBUG solana_program_runtime::stable_log] Program 8opHzTAnfzRpPEx21XtnrVTX28YQuCpAjcn1PczScKh success
[2022-02-12T07:55:47.471994000Z DEBUG solana_program_runtime::stable_log] Program 4uQeVj5tqViQh7yWWGStvkEG1Zmhx6uasJtWCJziofM invoke [1]
[2022-02-12T07:55:47.472465000Z DEBUG solana_program_runtime::stable_log] Program log: Mango: UpdateFunding
[2022-02-12T07:55:47.473725000Z DEBUG solana_program_runtime::stable_log] Program log: mango-log
[2022-02-12T07:55:47.474349000Z DEBUG solana_program_runtime::stable_log] Program log: ta5iwCEXTXuOnQdEtiC3dVJcJz5F0IHHBUtwK3dCY1dTcqbXUIsiDQkAAAAAAAAAAAAAAAAAAAAAAAAAAAAAAAAAAAAAAAAAAAAAAAAAAAA=
[2022-02-12T07:55:47.474515000Z DEBUG solana_bpf_loader_program] Program 4uQeVj5tqViQh7yWWGStvkEG1Zmhx6uasJtWCJziofM consumed 6733 of 200000 compute units
[2022-02-12T07:55:47.474591000Z DEBUG solana_program_runtime::stable_log] Program 4uQeVj5tqViQh7yWWGStvkEG1Zmhx6uasJtWCJziofM success
[2022-02-12T07:55:47.475779000Z DEBUG solana_program_runtime::stable_log] Program 8opHzTAnfzRpPEx21XtnrVTX28YQuCpAjcn1PczScKh invoke [1]
[2022-02-12T07:55:47.476170000Z DEBUG solana_program_runtime::stable_log] Program log: Mango: UpdateRootBank
[2022-02-12T07:55:47.477997000Z DEBUG solana_program_runtime::stable_log] Program log: mango-log
[2022-02-12T07:55:47.478623000Z DEBUG solana_program_runtime::stable_log] Program log: 8HmBNKTUaLhxdA4GcfGyliALQuYkXc4nClpZlDF0SasXF9CRTJ3gvgEAAAAAAAAAAAAAAAAAQEIPAAAAAAAAAAAAAAAAAEBCDwAAAAAAAAA=
[2022-02-12T07:55:47.478753000Z DEBUG solana_bpf_loader_program] Program 8opHzTAnfzRpPEx21XtnrVTX28YQuCpAjcn1PczScKh consumed 8559 of 200000 compute units
[2022-02-12T07:55:47.478810000Z DEBUG solana_program_runtime::stable_log] Program 8opHzTAnfzRpPEx21XtnrVTX28YQuCpAjcn1PczScKh success
[2022-02-12T07:55:47.485043000Z DEBUG solana_program_runtime::stable_log] Program 4uQeVj5tqViQh7yWWGStvkEG1Zmhx6uasJtWCJziofM invoke [1]
[2022-02-12T07:55:47.485513000Z DEBUG solana_program_runtime::stable_log] Program log: Mango: UpdateFunding
[2022-02-12T07:55:47.486783000Z DEBUG solana_program_runtime::stable_log] Program log: mango-log
[2022-02-12T07:55:47.487405000Z DEBUG solana_program_runtime::stable_log] Program log: ta5iwCEXTXuOnQdEtiC3dVJcJz5F0IHHBUtwK3dCY1dTcqbXUIsiDQoAAAAAAAAAAAAAAAAAAAAAAAAAAAAAAAAAAAAAAAAAAAAAAAAAAAA=
[2022-02-12T07:55:47.487555000Z DEBUG solana_bpf_loader_program] Program 4uQeVj5tqViQh7yWWGStvkEG1Zmhx6uasJtWCJziofM consumed 6772 of 200000 compute units
[2022-02-12T07:55:47.487625000Z DEBUG solana_program_runtime::stable_log] Program 4uQeVj5tqViQh7yWWGStvkEG1Zmhx6uasJtWCJziofM success
[2022-02-12T07:55:47.489002000Z DEBUG solana_program_runtime::stable_log] Program 8opHzTAnfzRpPEx21XtnrVTX28YQuCpAjcn1PczScKh invoke [1]
[2022-02-12T07:55:47.489399000Z DEBUG solana_program_runtime::stable_log] Program log: Mango: UpdateRootBank
[2022-02-12T07:55:47.491239000Z DEBUG solana_program_runtime::stable_log] Program log: mango-log
[2022-02-12T07:55:47.491872000Z DEBUG solana_program_runtime::stable_log] Program log: 8HmBNKTUaLhxdA4GcfGyliALQuYkXc4nClpZlDF0SasXF9CRTJ3gvgIAAAAAAAAAAAAAAAAAQEIPAAAAAAAAAAAAAAAAAEBCDwAAAAAAAAA=
[2022-02-12T07:55:47.492000000Z DEBUG solana_bpf_loader_program] Program 8opHzTAnfzRpPEx21XtnrVTX28YQuCpAjcn1PczScKh consumed 8598 of 200000 compute units
[2022-02-12T07:55:47.492057000Z DEBUG solana_program_runtime::stable_log] Program 8opHzTAnfzRpPEx21XtnrVTX28YQuCpAjcn1PczScKh success
[2022-02-12T07:55:47.498020000Z DEBUG solana_program_runtime::stable_log] Program 4uQeVj5tqViQh7yWWGStvkEG1Zmhx6uasJtWCJziofM invoke [1]
[2022-02-12T07:55:47.498481000Z DEBUG solana_program_runtime::stable_log] Program log: Mango: UpdateFunding
[2022-02-12T07:55:47.499762000Z DEBUG solana_program_runtime::stable_log] Program log: mango-log
[2022-02-12T07:55:47.500386000Z DEBUG solana_program_runtime::stable_log] Program log: ta5iwCEXTXuOnQdEtiC3dVJcJz5F0IHHBUtwK3dCY1dTcqbXUIsiDQsAAAAAAAAAAAAAAAAAAAAAAAAAAAAAAAAAAAAAAAAAAAAAAAAAAAA=
[2022-02-12T07:55:47.500543000Z DEBUG solana_bpf_loader_program] Program 4uQeVj5tqViQh7yWWGStvkEG1Zmhx6uasJtWCJziofM consumed 6811 of 200000 compute units
[2022-02-12T07:55:47.500611000Z DEBUG solana_program_runtime::stable_log] Program 4uQeVj5tqViQh7yWWGStvkEG1Zmhx6uasJtWCJziofM success
[2022-02-12T07:55:47.502422000Z DEBUG solana_program_runtime::stable_log] Program 8opHzTAnfzRpPEx21XtnrVTX28YQuCpAjcn1PczScKh invoke [1]
[2022-02-12T07:55:47.502824000Z DEBUG solana_program_runtime::stable_log] Program log: Mango: UpdateRootBank
[2022-02-12T07:55:47.504643000Z DEBUG solana_program_runtime::stable_log] Program log: mango-log
[2022-02-12T07:55:47.505256000Z DEBUG solana_program_runtime::stable_log] Program log: 8HmBNKTUaLhxdA4GcfGyliALQuYkXc4nClpZlDF0SasXF9CRTJ3gvgMAAAAAAAAAAAAAAAAAQEIPAAAAAAAAAAAAAAAAAEBCDwAAAAAAAAA=
[2022-02-12T07:55:47.505378000Z DEBUG solana_bpf_loader_program] Program 8opHzTAnfzRpPEx21XtnrVTX28YQuCpAjcn1PczScKh consumed 8637 of 200000 compute units
[2022-02-12T07:55:47.505432000Z DEBUG solana_program_runtime::stable_log] Program 8opHzTAnfzRpPEx21XtnrVTX28YQuCpAjcn1PczScKh success
[2022-02-12T07:55:47.511934000Z DEBUG solana_program_runtime::stable_log] Program 4uQeVj5tqViQh7yWWGStvkEG1Zmhx6uasJtWCJziofM invoke [1]
[2022-02-12T07:55:47.512379000Z DEBUG solana_program_runtime::stable_log] Program log: Mango: UpdateFunding
[2022-02-12T07:55:47.513625000Z DEBUG solana_program_runtime::stable_log] Program log: mango-log
[2022-02-12T07:55:47.514315000Z DEBUG solana_program_runtime::stable_log] Program log: ta5iwCEXTXuOnQdEtiC3dVJcJz5F0IHHBUtwK3dCY1dTcqbXUIsiDQwAAAAAAAAAAAAAAAAAAAAAAAAAAAAAAAAAAAAAAAAAAAAAAAAAAAA=
[2022-02-12T07:55:47.514480000Z DEBUG solana_bpf_loader_program] Program 4uQeVj5tqViQh7yWWGStvkEG1Zmhx6uasJtWCJziofM consumed 6850 of 200000 compute units
[2022-02-12T07:55:47.514565000Z DEBUG solana_program_runtime::stable_log] Program 4uQeVj5tqViQh7yWWGStvkEG1Zmhx6uasJtWCJziofM success
[2022-02-12T07:55:47.515525000Z DEBUG solana_program_runtime::stable_log] Program 8opHzTAnfzRpPEx21XtnrVTX28YQuCpAjcn1PczScKh invoke [1]
[2022-02-12T07:55:47.515916000Z DEBUG solana_program_runtime::stable_log] Program log: Mango: UpdateRootBank
[2022-02-12T07:55:47.517804000Z DEBUG solana_program_runtime::stable_log] Program log: mango-log
[2022-02-12T07:55:47.518431000Z DEBUG solana_program_runtime::stable_log] Program log: 8HmBNKTUaLhxdA4GcfGyliALQuYkXc4nClpZlDF0SasXF9CRTJ3gvgQAAAAAAAAAAAAAAAAAQEIPAAAAAAAAAAAAAAAAAEBCDwAAAAAAAAA=
[2022-02-12T07:55:47.518564000Z DEBUG solana_bpf_loader_program] Program 8opHzTAnfzRpPEx21XtnrVTX28YQuCpAjcn1PczScKh consumed 8676 of 200000 compute units
[2022-02-12T07:55:47.518631000Z DEBUG solana_program_runtime::stable_log] Program 8opHzTAnfzRpPEx21XtnrVTX28YQuCpAjcn1PczScKh success
[2022-02-12T07:55:47.525705000Z DEBUG solana_program_runtime::stable_log] Program 4uQeVj5tqViQh7yWWGStvkEG1Zmhx6uasJtWCJziofM invoke [1]
[2022-02-12T07:55:47.526186000Z DEBUG solana_program_runtime::stable_log] Program log: Mango: UpdateFunding
[2022-02-12T07:55:47.527525000Z DEBUG solana_program_runtime::stable_log] Program log: mango-log
[2022-02-12T07:55:47.528148000Z DEBUG solana_program_runtime::stable_log] Program log: ta5iwCEXTXuOnQdEtiC3dVJcJz5F0IHHBUtwK3dCY1dTcqbXUIsiDQ0AAAAAAAAAAAAAAAAAAAAAAAAAAAAAAAAAAAAAAAAAAAAAAAAAAAA=
[2022-02-12T07:55:47.528300000Z DEBUG solana_bpf_loader_program] Program 4uQeVj5tqViQh7yWWGStvkEG1Zmhx6uasJtWCJziofM consumed 6889 of 200000 compute units
[2022-02-12T07:55:47.528370000Z DEBUG solana_program_runtime::stable_log] Program 4uQeVj5tqViQh7yWWGStvkEG1Zmhx6uasJtWCJziofM success
[2022-02-12T07:55:47.530807000Z DEBUG solana_program_runtime::stable_log] Program 8opHzTAnfzRpPEx21XtnrVTX28YQuCpAjcn1PczScKh invoke [1]
[2022-02-12T07:55:47.531204000Z DEBUG solana_program_runtime::stable_log] Program log: Mango: UpdateRootBank
[2022-02-12T07:55:47.533086000Z DEBUG solana_program_runtime::stable_log] Program log: mango-log
[2022-02-12T07:55:47.533712000Z DEBUG solana_program_runtime::stable_log] Program log: 8HmBNKTUaLhxdA4GcfGyliALQuYkXc4nClpZlDF0SasXF9CRTJ3gvgUAAAAAAAAAAAAAAAAAQEIPAAAAAAAAAAAAAAAAAEBCDwAAAAAAAAA=
[2022-02-12T07:55:47.533840000Z DEBUG solana_bpf_loader_program] Program 8opHzTAnfzRpPEx21XtnrVTX28YQuCpAjcn1PczScKh consumed 8715 of 200000 compute units
[2022-02-12T07:55:47.533896000Z DEBUG solana_program_runtime::stable_log] Program 8opHzTAnfzRpPEx21XtnrVTX28YQuCpAjcn1PczScKh success
[2022-02-12T07:55:47.539888000Z DEBUG solana_program_runtime::stable_log] Program 4uQeVj5tqViQh7yWWGStvkEG1Zmhx6uasJtWCJziofM invoke [1]
[2022-02-12T07:55:47.540352000Z DEBUG solana_program_runtime::stable_log] Program log: Mango: UpdateFunding
[2022-02-12T07:55:47.541679000Z DEBUG solana_program_runtime::stable_log] Program log: mango-log
[2022-02-12T07:55:47.542300000Z DEBUG solana_program_runtime::stable_log] Program log: ta5iwCEXTXuOnQdEtiC3dVJcJz5F0IHHBUtwK3dCY1dTcqbXUIsiDQ4AAAAAAAAAAAAAAAAAAAAAAAAAAAAAAAAAAAAAAAAAAAAAAAAAAAA=
[2022-02-12T07:55:47.542454000Z DEBUG solana_bpf_loader_program] Program 4uQeVj5tqViQh7yWWGStvkEG1Zmhx6uasJtWCJziofM consumed 6928 of 200000 compute units
[2022-02-12T07:55:47.542521000Z DEBUG solana_program_runtime::stable_log] Program 4uQeVj5tqViQh7yWWGStvkEG1Zmhx6uasJtWCJziofM success
[2022-02-12T07:55:47.544044000Z DEBUG solana_program_runtime::stable_log] Program 8opHzTAnfzRpPEx21XtnrVTX28YQuCpAjcn1PczScKh invoke [1]
[2022-02-12T07:55:47.544449000Z DEBUG solana_program_runtime::stable_log] Program log: Mango: UpdateRootBank
[2022-02-12T07:55:47.546363000Z DEBUG solana_program_runtime::stable_log] Program log: mango-log
[2022-02-12T07:55:47.546998000Z DEBUG solana_program_runtime::stable_log] Program log: 8HmBNKTUaLhxdA4GcfGyliALQuYkXc4nClpZlDF0SasXF9CRTJ3gvgYAAAAAAAAAAAAAAAAAQEIPAAAAAAAAAAAAAAAAAEBCDwAAAAAAAAA=
[2022-02-12T07:55:47.547128000Z DEBUG solana_bpf_loader_program] Program 8opHzTAnfzRpPEx21XtnrVTX28YQuCpAjcn1PczScKh consumed 8754 of 200000 compute units
[2022-02-12T07:55:47.547189000Z DEBUG solana_program_runtime::stable_log] Program 8opHzTAnfzRpPEx21XtnrVTX28YQuCpAjcn1PczScKh success
[2022-02-12T07:55:47.557327000Z DEBUG solana_program_runtime::stable_log] Program 8opHzTAnfzRpPEx21XtnrVTX28YQuCpAjcn1PczScKh invoke [1]
[2022-02-12T07:55:47.557681000Z DEBUG solana_program_runtime::stable_log] Program 4uQeVj5tqViQh7yWWGStvkEG1Zmhx6uasJtWCJziofM invoke [1]
[2022-02-12T07:55:47.557740000Z DEBUG solana_program_runtime::stable_log] Program log: Mango: UpdateRootBank
[2022-02-12T07:55:47.558865000Z DEBUG solana_program_runtime::stable_log] Program log: Mango: CacheRootBanks
[2022-02-12T07:55:47.559654000Z DEBUG solana_program_runtime::stable_log] Program log: mango-log
[2022-02-12T07:55:47.560278000Z DEBUG solana_program_runtime::stable_log] Program log: 8HmBNKTUaLhxdA4GcfGyliALQuYkXc4nClpZlDF0SasXF9CRTJ3gvgcAAAAAAAAAAAAAAAAAQEIPAAAAAAAAAAAAAAAAAEBCDwAAAAAAAAA=
[2022-02-12T07:55:47.560405000Z DEBUG solana_bpf_loader_program] Program 8opHzTAnfzRpPEx21XtnrVTX28YQuCpAjcn1PczScKh consumed 8793 of 200000 compute units
[2022-02-12T07:55:47.560461000Z DEBUG solana_program_runtime::stable_log] Program 8opHzTAnfzRpPEx21XtnrVTX28YQuCpAjcn1PczScKh success
[2022-02-12T07:55:47.562769000Z DEBUG solana_program_runtime::stable_log] Program log: mango-log
[2022-02-12T07:55:47.565749000Z DEBUG solana_program_runtime::stable_log] Program log: IVXYca/GfeiOnQdEtiC3dVJcJz5F0IHHBUtwK3dCY1dTcqbXUIsiDRAAAAAAAAAAAAAAAAEAAAAAAAAAAgAAAAAAAAADAAAAAAAAAAQAAAAAAAAABQAAAAAAAAAGAAAAAAAAAAcAAAAAAAAACAAAAAAAAAAJAAAAAAAAAAoAAAAAAAAACwAAAAAAAAAMAAAAAAAAAA0AAAAAAAAADgAAAAAAAAAPAAAAAAAAABAAAAAAAAAAAABAQg8AAAAAAAAAAAAAAAAAQEIPAAAAAAAAAAAAAAAAAEBCDwAAAAAAAAAAAAAAAABAQg8AAAAAAAAAAAAAAAAAQEIPAAAAAAAAAAAAAAAAAEBCDwAAAAAAAAAAAAAAAABAQg8AAAAAAAAAAAAAAAAAQEIPAAAAAAAAAAAAAAAAAEBCDwAAAAAAAAAAAAAAAABAQg8AAAAAAAAAAAAAAAAAQEIPAAAAAAAAAAAAAAAAAEBCDwAAAAAAAAAAAAAAAABAQg8AAAAAAAAAAAAAAAAAQEIPAAAAAAAAAAAAAAAAAEBCDwAAAAAAAAAAAAAAAABAQg8AAAAAAAAAEAAAAAAAAAAAAEBCDwAAAAAAAAAAAAAAAABAQg8AAAAAAAAAAAAAAAAAQEIPAAAAAAAAAAAAAAAAAEBCDwAAAAAAAAAAAAAAAABAQg8AAAAAAAAAAAAAAAAAQEIPAAAAAAAAAAAAAAAAAEBCDwAAAAAAAAAAAAAAAABAQg8AAAAAAAAAAAAAAAAAQEIPAAAAAAAAAAAAAAAAAEBCDwAAAAAAAAAAAAAAAABAQg8AAAAAAAAAAAAAAAAAQEIPAAAAAAAAAAAAAAAAAEBCDwAAAAAAAAAAAAAAAABAQg8AAAAAAAAAAAAAAAAAQEIPAAAAAAAAAAAAAAAAAEBCDwAAAAAAAAA=
[2022-02-12T07:55:47.566178000Z DEBUG solana_bpf_loader_program] Program 4uQeVj5tqViQh7yWWGStvkEG1Zmhx6uasJtWCJziofM consumed 24427 of 200000 compute units
[2022-02-12T07:55:47.566256000Z DEBUG solana_program_runtime::stable_log] Program 4uQeVj5tqViQh7yWWGStvkEG1Zmhx6uasJtWCJziofM success
[2022-02-12T07:55:47.570604000Z DEBUG solana_program_runtime::stable_log] Program 8opHzTAnfzRpPEx21XtnrVTX28YQuCpAjcn1PczScKh invoke [1]
[2022-02-12T07:55:47.571007000Z DEBUG solana_program_runtime::stable_log] Program log: Mango: UpdateRootBank
[2022-02-12T07:55:47.572923000Z DEBUG solana_program_runtime::stable_log] Program log: mango-log
[2022-02-12T07:55:47.573542000Z DEBUG solana_program_runtime::stable_log] Program log: 8HmBNKTUaLhxdA4GcfGyliALQuYkXc4nClpZlDF0SasXF9CRTJ3gvggAAAAAAAAAAAAAAAAAQEIPAAAAAAAAAAAAAAAAAEBCDwAAAAAAAAA=
[2022-02-12T07:55:47.573668000Z DEBUG solana_bpf_loader_program] Program 8opHzTAnfzRpPEx21XtnrVTX28YQuCpAjcn1PczScKh consumed 8832 of 200000 compute units
[2022-02-12T07:55:47.573723000Z DEBUG solana_program_runtime::stable_log] Program 8opHzTAnfzRpPEx21XtnrVTX28YQuCpAjcn1PczScKh success
[2022-02-12T07:55:47.579929000Z DEBUG solana_program_runtime::stable_log] Program 4uQeVj5tqViQh7yWWGStvkEG1Zmhx6uasJtWCJziofM invoke [1]
[2022-02-12T07:55:47.581083000Z DEBUG solana_program_runtime::stable_log] Program log: Mango: CachePerpMarkets
[2022-02-12T07:55:47.584896000Z DEBUG solana_program_runtime::stable_log] Program log: mango-log
[2022-02-12T07:55:47.584893000Z DEBUG solana_program_runtime::stable_log] Program 8opHzTAnfzRpPEx21XtnrVTX28YQuCpAjcn1PczScKh invoke [1]
[2022-02-12T07:55:47.585282000Z DEBUG solana_program_runtime::stable_log] Program log: Mango: UpdateRootBank
[2022-02-12T07:55:47.587212000Z DEBUG solana_program_runtime::stable_log] Program log: mango-log
[2022-02-12T07:55:47.587668000Z DEBUG solana_program_runtime::stable_log] Program log: 9lt9JxCzqw6OnQdEtiC3dVJcJz5F0IHHBUtwK3dCY1dTcqbXUIsiDQ8AAAAAAAAAAAAAAAEAAAAAAAAAAgAAAAAAAAADAAAAAAAAAAQAAAAAAAAABQAAAAAAAAAGAAAAAAAAAAcAAAAAAAAACAAAAAAAAAAJAAAAAAAAAAoAAAAAAAAACwAAAAAAAAAMAAAAAAAAAA0AAAAAAAAADgAAAAAAAAAPAAAAAAAAAAAAAAAAAAAAAAAAAAAAAAAAAAAAAAAAAAAAAAAAAAAAAAAAAAAAAAAAAAAAAAAAAAAAAAAAAAAAAAAAAAAAAAAAAAAAAAAAAAAAAAAAAAAAAAAAAAAAAAAAAAAAAAAAAAAAAAAAAAAAAAAAAAAAAAAAAAAAAAAAAAAAAAAAAAAAAAAAAAAAAAAAAAAAAAAAAAAAAAAAAAAAAAAAAAAAAAAAAAAAAAAAAAAAAAAAAAAAAAAAAAAAAAAAAAAAAAAAAAAAAAAAAAAAAAAAAAAAAAAAAAAAAAAAAAAAAAAAAAAAAAAAAAAAAAAAAAAADwAAAAAAAAAAAAAAAAAAAAAAAAAAAAAAAAAAAAAAAAAAAAAAAAAAAAAAAAAAAAAAAAAAAAAAAAAAAAAAAAAAAAAAAAAAAAAAAAAAAAAAAAAAAAAAAAAAAAAAAAAAAAAAAAAAAAAAAAAAAAAAAAAAAAAAAAAAAAAAAAAAAAAAAAAAAAAAAAAAAAAAAAAAAAAAAAAAAAAAAAAAAAAAAAAAAAAAAAAAAAAAAAAAAAAAAAAAAAAAAAAAAAAAAAAAAAAAAAAAAAAAAAAAAAAAAAAAAAAAAAAAAAAAAAAAAAAAAAAAAAAAAAAAAAAAAAAAAAAAAAAAAA==
[2022-02-12T07:55:47.587834000Z DEBUG solana_program_runtime::stable_log] Program log: 8HmBNKTUaLhxdA4GcfGyliALQuYkXc4nClpZlDF0SasXF9CRTJ3gvgkAAAAAAAAAAAAAAAAAQEIPAAAAAAAAAAAAAAAAAEBCDwAAAAAAAAA=
[2022-02-12T07:55:47.587961000Z DEBUG solana_bpf_loader_program] Program 8opHzTAnfzRpPEx21XtnrVTX28YQuCpAjcn1PczScKh consumed 8871 of 200000 compute units
[2022-02-12T07:55:47.588019000Z DEBUG solana_program_runtime::stable_log] Program 8opHzTAnfzRpPEx21XtnrVTX28YQuCpAjcn1PczScKh success
[2022-02-12T07:55:47.588077000Z DEBUG solana_bpf_loader_program] Program 4uQeVj5tqViQh7yWWGStvkEG1Zmhx6uasJtWCJziofM consumed 23463 of 200000 compute units
[2022-02-12T07:55:47.588152000Z DEBUG solana_program_runtime::stable_log] Program 4uQeVj5tqViQh7yWWGStvkEG1Zmhx6uasJtWCJziofM success
[2022-02-12T07:55:47.599407000Z DEBUG solana_program_runtime::stable_log] Program 8opHzTAnfzRpPEx21XtnrVTX28YQuCpAjcn1PczScKh invoke [1]
[2022-02-12T07:55:47.599838000Z DEBUG solana_program_runtime::stable_log] Program log: Mango: UpdateRootBank
[2022-02-12T07:55:47.601797000Z DEBUG solana_program_runtime::stable_log] Program log: mango-log
[2022-02-12T07:55:47.602418000Z DEBUG solana_program_runtime::stable_log] Program log: 8HmBNKTUaLhxdA4GcfGyliALQuYkXc4nClpZlDF0SasXF9CRTJ3gvgoAAAAAAAAAAAAAAAAAQEIPAAAAAAAAAAAAAAAAAEBCDwAAAAAAAAA=
[2022-02-12T07:55:47.602482000Z DEBUG solana_program_runtime::stable_log] Program 4uQeVj5tqViQh7yWWGStvkEG1Zmhx6uasJtWCJziofM invoke [1]
[2022-02-12T07:55:47.602546000Z DEBUG solana_bpf_loader_program] Program 8opHzTAnfzRpPEx21XtnrVTX28YQuCpAjcn1PczScKh consumed 8910 of 200000 compute units
[2022-02-12T07:55:47.602609000Z DEBUG solana_program_runtime::stable_log] Program 8opHzTAnfzRpPEx21XtnrVTX28YQuCpAjcn1PczScKh success
[2022-02-12T07:55:47.603117000Z DEBUG solana_program_runtime::stable_log] Program log: Mango: CreateSpotOpenOrders
[2022-02-12T07:55:47.604383000Z DEBUG solana_program_runtime::stable_log] Program 11111111111111111111111111111111 invoke [2]
[2022-02-12T07:55:47.604469000Z DEBUG solana_program_runtime::stable_log] Program 11111111111111111111111111111111 success
[2022-02-12T07:55:47.612940000Z DEBUG solana_program_runtime::stable_log] Program GcdayuLaLyrdmUu324nahyv33G5poQdLUEZ1nEytDeP invoke [2]
[2022-02-12T07:55:47.614528000Z DEBUG solana_bpf_loader_program] Program GcdayuLaLyrdmUu324nahyv33G5poQdLUEZ1nEytDeP consumed 3417 of 187767 compute units
[2022-02-12T07:55:47.614545000Z DEBUG solana_program_runtime::stable_log] Program 8opHzTAnfzRpPEx21XtnrVTX28YQuCpAjcn1PczScKh invoke [1]
[2022-02-12T07:55:47.614621000Z DEBUG solana_program_runtime::stable_log] Program GcdayuLaLyrdmUu324nahyv33G5poQdLUEZ1nEytDeP success
[2022-02-12T07:55:47.614923000Z DEBUG solana_bpf_loader_program] Program 4uQeVj5tqViQh7yWWGStvkEG1Zmhx6uasJtWCJziofM consumed 16058 of 200000 compute units
[2022-02-12T07:55:47.614957000Z DEBUG solana_program_runtime::stable_log] Program log: Mango: UpdateRootBank
[2022-02-12T07:55:47.615005000Z DEBUG solana_program_runtime::stable_log] Program 4uQeVj5tqViQh7yWWGStvkEG1Zmhx6uasJtWCJziofM success
[2022-02-12T07:55:47.616933000Z DEBUG solana_program_runtime::stable_log] Program log: mango-log
[2022-02-12T07:55:47.617559000Z DEBUG solana_program_runtime::stable_log] Program log: 8HmBNKTUaLhxdA4GcfGyliALQuYkXc4nClpZlDF0SasXF9CRTJ3gvgsAAAAAAAAAAAAAAAAAQEIPAAAAAAAAAAAAAAAAAEBCDwAAAAAAAAA=
[2022-02-12T07:55:47.617686000Z DEBUG solana_bpf_loader_program] Program 8opHzTAnfzRpPEx21XtnrVTX28YQuCpAjcn1PczScKh consumed 8949 of 200000 compute units
[2022-02-12T07:55:47.617740000Z DEBUG solana_program_runtime::stable_log] Program 8opHzTAnfzRpPEx21XtnrVTX28YQuCpAjcn1PczScKh success
[2022-02-12T07:55:47.629422000Z DEBUG solana_program_runtime::stable_log] Program 8opHzTAnfzRpPEx21XtnrVTX28YQuCpAjcn1PczScKh invoke [1]
[2022-02-12T07:55:47.629877000Z DEBUG solana_program_runtime::stable_log] Program log: Mango: UpdateRootBank
[2022-02-12T07:55:47.631861000Z DEBUG solana_program_runtime::stable_log] Program log: mango-log
[2022-02-12T07:55:47.632483000Z DEBUG solana_program_runtime::stable_log] Program log: 8HmBNKTUaLhxdA4GcfGyliALQuYkXc4nClpZlDF0SasXF9CRTJ3gvgwAAAAAAAAAAAAAAAAAQEIPAAAAAAAAAAAAAAAAAEBCDwAAAAAAAAA=
[2022-02-12T07:55:47.632617000Z DEBUG solana_bpf_loader_program] Program 8opHzTAnfzRpPEx21XtnrVTX28YQuCpAjcn1PczScKh consumed 8988 of 200000 compute units
[2022-02-12T07:55:47.632685000Z DEBUG solana_program_runtime::stable_log] Program 8opHzTAnfzRpPEx21XtnrVTX28YQuCpAjcn1PczScKh success
[2022-02-12T07:55:47.633811000Z DEBUG solana_program_runtime::stable_log] Program 4uQeVj5tqViQh7yWWGStvkEG1Zmhx6uasJtWCJziofM invoke [1]
[2022-02-12T07:55:47.635770000Z DEBUG solana_program_runtime::stable_log] Program log: Mango: PlaceSpotOrder
[2022-02-12T07:55:47.643901000Z DEBUG solana_program_runtime::stable_log] Program 8opHzTAnfzRpPEx21XtnrVTX28YQuCpAjcn1PczScKh invoke [1]
[2022-02-12T07:55:47.644294000Z DEBUG solana_program_runtime::stable_log] Program log: Mango: UpdateRootBank
[2022-02-12T07:55:47.646287000Z DEBUG solana_program_runtime::stable_log] Program log: mango-log
[2022-02-12T07:55:47.646904000Z DEBUG solana_program_runtime::stable_log] Program log: 8HmBNKTUaLhxdA4GcfGyliALQuYkXc4nClpZlDF0SasXF9CRTJ3gvg0AAAAAAAAAAAAAAAAAQEIPAAAAAAAAAAAAAAAAAEBCDwAAAAAAAAA=
[2022-02-12T07:55:47.647034000Z DEBUG solana_bpf_loader_program] Program 8opHzTAnfzRpPEx21XtnrVTX28YQuCpAjcn1PczScKh consumed 9027 of 200000 compute units
[2022-02-12T07:55:47.647091000Z DEBUG solana_program_runtime::stable_log] Program 8opHzTAnfzRpPEx21XtnrVTX28YQuCpAjcn1PczScKh success
[2022-02-12T07:55:47.657436000Z DEBUG solana_program_runtime::stable_log] Program GcdayuLaLyrdmUu324nahyv33G5poQdLUEZ1nEytDeP invoke [2]
[2022-02-12T07:55:47.658349000Z DEBUG solana_program_runtime::stable_log] Program 8opHzTAnfzRpPEx21XtnrVTX28YQuCpAjcn1PczScKh invoke [1]
[2022-02-12T07:55:47.658741000Z DEBUG solana_program_runtime::stable_log] Program log: Mango: UpdateRootBank
[2022-02-12T07:55:47.660743000Z DEBUG solana_program_runtime::stable_log] Program log: mango-log
[2022-02-12T07:55:47.661359000Z DEBUG solana_program_runtime::stable_log] Program log: 8HmBNKTUaLhxdA4GcfGyliALQuYkXc4nClpZlDF0SasXF9CRTJ3gvg4AAAAAAAAAAAAAAAAAQEIPAAAAAAAAAAAAAAAAAEBCDwAAAAAAAAA=
[2022-02-12T07:55:47.661489000Z DEBUG solana_bpf_loader_program] Program 8opHzTAnfzRpPEx21XtnrVTX28YQuCpAjcn1PczScKh consumed 9066 of 200000 compute units
[2022-02-12T07:55:47.661552000Z DEBUG solana_program_runtime::stable_log] Program 8opHzTAnfzRpPEx21XtnrVTX28YQuCpAjcn1PczScKh success
[2022-02-12T07:55:47.669588000Z DEBUG solana_program_runtime::stable_log] Program TokenkegQfeZyiNwAJbNbGKPFXCWuBvf9Ss623VQ5DA invoke [3]
[2022-02-12T07:55:47.670049000Z DEBUG solana_program_runtime::stable_log] Program log: Instruction: Transfer
[2022-02-12T07:55:47.670990000Z DEBUG solana_bpf_loader_program] Program TokenkegQfeZyiNwAJbNbGKPFXCWuBvf9Ss623VQ5DA consumed 3121 of 144591 compute units
[2022-02-12T07:55:47.671047000Z DEBUG solana_program_runtime::stable_log] Program TokenkegQfeZyiNwAJbNbGKPFXCWuBvf9Ss623VQ5DA success
[2022-02-12T07:55:47.671855000Z DEBUG solana_bpf_loader_program] Program GcdayuLaLyrdmUu324nahyv33G5poQdLUEZ1nEytDeP consumed 15936 of 156234 compute units
[2022-02-12T07:55:47.672011000Z DEBUG solana_program_runtime::stable_log] Program GcdayuLaLyrdmUu324nahyv33G5poQdLUEZ1nEytDeP success
[2022-02-12T07:55:47.672560000Z DEBUG solana_program_runtime::stable_log] Program 8opHzTAnfzRpPEx21XtnrVTX28YQuCpAjcn1PczScKh invoke [1]
[2022-02-12T07:55:47.672957000Z DEBUG solana_program_runtime::stable_log] Program log: Mango: UpdateRootBank
[2022-02-12T07:55:47.675279000Z DEBUG solana_program_runtime::stable_log] Program log: mango-log
[2022-02-12T07:55:47.675902000Z DEBUG solana_program_runtime::stable_log] Program log: 8HmBNKTUaLhxdA4GcfGyliALQuYkXc4nClpZlDF0SasXF9CRTJ3gvg8AAAAAAAAAAAAAAAAAQEIPAAAAAAAAAAAAAAAAAEBCDwAAAAAAAAA=
[2022-02-12T07:55:47.676032000Z DEBUG solana_bpf_loader_program] Program 8opHzTAnfzRpPEx21XtnrVTX28YQuCpAjcn1PczScKh consumed 9946 of 200000 compute units
[2022-02-12T07:55:47.676091000Z DEBUG solana_program_runtime::stable_log] Program 8opHzTAnfzRpPEx21XtnrVTX28YQuCpAjcn1PczScKh success
[2022-02-12T07:55:47.682394000Z DEBUG solana_program_runtime::stable_log] Program GcdayuLaLyrdmUu324nahyv33G5poQdLUEZ1nEytDeP invoke [2]
[2022-02-12T07:55:47.687114000Z DEBUG solana_program_runtime::stable_log] Program 8opHzTAnfzRpPEx21XtnrVTX28YQuCpAjcn1PczScKh invoke [1]
[2022-02-12T07:55:47.687579000Z DEBUG solana_program_runtime::stable_log] Program log: Mango: UpdateFunding
[2022-02-12T07:55:47.688727000Z DEBUG solana_program_runtime::stable_log] Program log: mango-log
[2022-02-12T07:55:47.689347000Z DEBUG solana_program_runtime::stable_log] Program log: ta5iwCEXTXtxdA4GcfGyliALQuYkXc4nClpZlDF0SasXF9CRTJ3gvgAAAAAAAAAAAAAAAAAAAAAAAAAAAAAAAAAAAAAAAAAAAAAAAAAAAAA=
[2022-02-12T07:55:47.689496000Z DEBUG solana_bpf_loader_program] Program 8opHzTAnfzRpPEx21XtnrVTX28YQuCpAjcn1PczScKh consumed 6415 of 200000 compute units
[2022-02-12T07:55:47.689566000Z DEBUG solana_program_runtime::stable_log] Program 8opHzTAnfzRpPEx21XtnrVTX28YQuCpAjcn1PczScKh success
[2022-02-12T07:55:47.693503000Z DEBUG solana_program_runtime::stable_log] Program TokenkegQfeZyiNwAJbNbGKPFXCWuBvf9Ss623VQ5DA invoke [3]
[2022-02-12T07:55:47.693953000Z DEBUG solana_program_runtime::stable_log] Program log: Instruction: Transfer
[2022-02-12T07:55:47.694892000Z DEBUG solana_bpf_loader_program] Program TokenkegQfeZyiNwAJbNbGKPFXCWuBvf9Ss623VQ5DA consumed 3121 of 126959 compute units
[2022-02-12T07:55:47.694947000Z DEBUG solana_program_runtime::stable_log] Program TokenkegQfeZyiNwAJbNbGKPFXCWuBvf9Ss623VQ5DA success
[2022-02-12T07:55:47.701989000Z DEBUG solana_program_runtime::stable_log] Program 8opHzTAnfzRpPEx21XtnrVTX28YQuCpAjcn1PczScKh invoke [1]
[2022-02-12T07:55:47.702460000Z DEBUG solana_program_runtime::stable_log] Program log: Mango: UpdateFunding
[2022-02-12T07:55:47.703548000Z DEBUG solana_program_runtime::stable_log] Program TokenkegQfeZyiNwAJbNbGKPFXCWuBvf9Ss623VQ5DA invoke [3]
[2022-02-12T07:55:47.703617000Z DEBUG solana_program_runtime::stable_log] Program log: mango-log
[2022-02-12T07:55:47.703987000Z DEBUG solana_program_runtime::stable_log] Program log: Instruction: Transfer
[2022-02-12T07:55:47.704237000Z DEBUG solana_program_runtime::stable_log] Program log: ta5iwCEXTXtxdA4GcfGyliALQuYkXc4nClpZlDF0SasXF9CRTJ3gvgEAAAAAAAAAAAAAAAAAAAAAAAAAAAAAAAAAAAAAAAAAAAAAAAAAAAA=
[2022-02-12T07:55:47.704387000Z DEBUG solana_bpf_loader_program] Program 8opHzTAnfzRpPEx21XtnrVTX28YQuCpAjcn1PczScKh consumed 6455 of 200000 compute units
[2022-02-12T07:55:47.704457000Z DEBUG solana_program_runtime::stable_log] Program 8opHzTAnfzRpPEx21XtnrVTX28YQuCpAjcn1PczScKh success
[2022-02-12T07:55:47.704960000Z DEBUG solana_bpf_loader_program] Program TokenkegQfeZyiNwAJbNbGKPFXCWuBvf9Ss623VQ5DA consumed 3121 of 121095 compute units
[2022-02-12T07:55:47.705018000Z DEBUG solana_program_runtime::stable_log] Program TokenkegQfeZyiNwAJbNbGKPFXCWuBvf9Ss623VQ5DA success
[2022-02-12T07:55:47.705672000Z DEBUG solana_bpf_loader_program] Program GcdayuLaLyrdmUu324nahyv33G5poQdLUEZ1nEytDeP consumed 20198 of 137266 compute units
[2022-02-12T07:55:47.705745000Z DEBUG solana_program_runtime::stable_log] Program GcdayuLaLyrdmUu324nahyv33G5poQdLUEZ1nEytDeP success
[2022-02-12T07:55:47.706679000Z DEBUG solana_program_runtime::stable_log] Program log: mango-log
[2022-02-12T07:55:47.707456000Z DEBUG solana_program_runtime::stable_log] Program log: F5qwwQsqqPSOnQdEtiC3dVJcJz5F0IHHBUtwK3dCY1dTcqbXUIsiDaOZbiQZfdSDdwAlborYqNufo6b8gH3DR1wLqNUZDpYvDwAAAAAAAAAAAAAAAAAAAAAAAAAAAAAAAAAAAAAAAAAAAAAAAAAAAA==
[2022-02-12T07:55:47.708732000Z DEBUG solana_program_runtime::stable_log] Program log: mango-log
[2022-02-12T07:55:47.709502000Z DEBUG solana_program_runtime::stable_log] Program log: F5qwwQsqqPSOnQdEtiC3dVJcJz5F0IHHBUtwK3dCY1dTcqbXUIsiDaOZbiQZfdSDdwAlborYqNufo6b8gH3DR1wLqNUZDpYvAAAAAAAAAAAAAAAAAAAJAAAAAAAAAAAAAAAAAAAAAAAAAAAAAAAAAA==
[2022-02-12T07:55:47.710341000Z DEBUG solana_program_runtime::stable_log] Program log: mango-log
[2022-02-12T07:55:47.711165000Z DEBUG solana_program_runtime::stable_log] Program log: V4pUNuOCxqyOnQdEtiC3dVJcJz5F0IHHBUtwK3dCY1dTcqbXUIsiDaOZbiQZfdSDdwAlborYqNufo6b8gH3DR1wLqNUZDpYvAAAAAAAAAABAQg8AAAAAAAAAAAAAAAAAAAAAAAAAAAAAAAAAAAAAAAAAAAAAAAAA
[2022-02-12T07:55:47.711798000Z DEBUG solana_bpf_loader_program] Program 4uQeVj5tqViQh7yWWGStvkEG1Zmhx6uasJtWCJziofM consumed 99935 of 200000 compute units
[2022-02-12T07:55:47.712024000Z DEBUG solana_program_runtime::stable_log] Program 4uQeVj5tqViQh7yWWGStvkEG1Zmhx6uasJtWCJziofM success
[2022-02-12T07:55:47.715260000Z DEBUG solana_program_runtime::stable_log] Program 8opHzTAnfzRpPEx21XtnrVTX28YQuCpAjcn1PczScKh invoke [1]
[2022-02-12T07:55:47.715714000Z DEBUG solana_program_runtime::stable_log] Program log: Mango: UpdateFunding
[2022-02-12T07:55:47.716918000Z DEBUG solana_program_runtime::stable_log] Program log: mango-log
[2022-02-12T07:55:47.717554000Z DEBUG solana_program_runtime::stable_log] Program log: ta5iwCEXTXtxdA4GcfGyliALQuYkXc4nClpZlDF0SasXF9CRTJ3gvgIAAAAAAAAAAAAAAAAAAAAAAAAAAAAAAAAAAAAAAAAAAAAAAAAAAAA=
[2022-02-12T07:55:47.717705000Z DEBUG solana_bpf_loader_program] Program 8opHzTAnfzRpPEx21XtnrVTX28YQuCpAjcn1PczScKh consumed 6494 of 200000 compute units
[2022-02-12T07:55:47.717778000Z DEBUG solana_program_runtime::stable_log] Program 8opHzTAnfzRpPEx21XtnrVTX28YQuCpAjcn1PczScKh success
[2022-02-12T07:55:47.727907000Z DEBUG solana_program_runtime::stable_log] Program 8opHzTAnfzRpPEx21XtnrVTX28YQuCpAjcn1PczScKh invoke [1]
[2022-02-12T07:55:47.728365000Z DEBUG solana_program_runtime::stable_log] Program log: Mango: UpdateFunding
[2022-02-12T07:55:47.729506000Z DEBUG solana_program_runtime::stable_log] Program log: mango-log
[2022-02-12T07:55:47.729749000Z DEBUG solana_program_runtime::stable_log] Program 4uQeVj5tqViQh7yWWGStvkEG1Zmhx6uasJtWCJziofM invoke [1]
[2022-02-12T07:55:47.730192000Z DEBUG solana_program_runtime::stable_log] Program log: ta5iwCEXTXtxdA4GcfGyliALQuYkXc4nClpZlDF0SasXF9CRTJ3gvgMAAAAAAAAAAAAAAAAAAAAAAAAAAAAAAAAAAAAAAAAAAAAAAAAAAAA=
[2022-02-12T07:55:47.730350000Z DEBUG solana_bpf_loader_program] Program 8opHzTAnfzRpPEx21XtnrVTX28YQuCpAjcn1PczScKh consumed 6533 of 200000 compute units
[2022-02-12T07:55:47.730392000Z DEBUG solana_program_runtime::stable_log] Program log: Mango: CreateSpotOpenOrders
[2022-02-12T07:55:47.730434000Z DEBUG solana_program_runtime::stable_log] Program 8opHzTAnfzRpPEx21XtnrVTX28YQuCpAjcn1PczScKh success
[2022-02-12T07:55:47.731652000Z DEBUG solana_program_runtime::stable_log] Program 11111111111111111111111111111111 invoke [2]
[2022-02-12T07:55:47.731726000Z DEBUG solana_program_runtime::stable_log] Program 11111111111111111111111111111111 success
[2022-02-12T07:55:47.740455000Z DEBUG solana_program_runtime::stable_log] Program GcdayuLaLyrdmUu324nahyv33G5poQdLUEZ1nEytDeP invoke [2]
[2022-02-12T07:55:47.741263000Z DEBUG solana_program_runtime::stable_log] Program 8opHzTAnfzRpPEx21XtnrVTX28YQuCpAjcn1PczScKh invoke [1]
[2022-02-12T07:55:47.741719000Z DEBUG solana_program_runtime::stable_log] Program log: Mango: UpdateFunding
[2022-02-12T07:55:47.741939000Z DEBUG solana_bpf_loader_program] Program GcdayuLaLyrdmUu324nahyv33G5poQdLUEZ1nEytDeP consumed 3417 of 186227 compute units
[2022-02-12T07:55:47.742000000Z DEBUG solana_program_runtime::stable_log] Program GcdayuLaLyrdmUu324nahyv33G5poQdLUEZ1nEytDeP success
[2022-02-12T07:55:47.742289000Z DEBUG solana_bpf_loader_program] Program 4uQeVj5tqViQh7yWWGStvkEG1Zmhx6uasJtWCJziofM consumed 17598 of 200000 compute units
[2022-02-12T07:55:47.742368000Z DEBUG solana_program_runtime::stable_log] Program 4uQeVj5tqViQh7yWWGStvkEG1Zmhx6uasJtWCJziofM success
[2022-02-12T07:55:47.742945000Z DEBUG solana_program_runtime::stable_log] Program log: mango-log
[2022-02-12T07:55:47.743670000Z DEBUG solana_program_runtime::stable_log] Program log: ta5iwCEXTXtxdA4GcfGyliALQuYkXc4nClpZlDF0SasXF9CRTJ3gvgQAAAAAAAAAAAAAAAAAAAAAAAAAAAAAAAAAAAAAAAAAAAAAAAAAAAA=
[2022-02-12T07:55:47.743824000Z DEBUG solana_bpf_loader_program] Program 8opHzTAnfzRpPEx21XtnrVTX28YQuCpAjcn1PczScKh consumed 6584 of 200000 compute units
[2022-02-12T07:55:47.743903000Z DEBUG solana_program_runtime::stable_log] Program 8opHzTAnfzRpPEx21XtnrVTX28YQuCpAjcn1PczScKh success
[2022-02-12T07:55:47.753893000Z DEBUG solana_program_runtime::stable_log] Program 8opHzTAnfzRpPEx21XtnrVTX28YQuCpAjcn1PczScKh invoke [1]
[2022-02-12T07:55:47.754341000Z DEBUG solana_program_runtime::stable_log] Program log: Mango: UpdateFunding
[2022-02-12T07:55:47.755511000Z DEBUG solana_program_runtime::stable_log] Program log: mango-log
[2022-02-12T07:55:47.756233000Z DEBUG solana_program_runtime::stable_log] Program log: ta5iwCEXTXtxdA4GcfGyliALQuYkXc4nClpZlDF0SasXF9CRTJ3gvgUAAAAAAAAAAAAAAAAAAAAAAAAAAAAAAAAAAAAAAAAAAAAAAAAAAAA=
[2022-02-12T07:55:47.756427000Z DEBUG solana_bpf_loader_program] Program 8opHzTAnfzRpPEx21XtnrVTX28YQuCpAjcn1PczScKh consumed 6623 of 200000 compute units
[2022-02-12T07:55:47.756515000Z DEBUG solana_program_runtime::stable_log] Program 8opHzTAnfzRpPEx21XtnrVTX28YQuCpAjcn1PczScKh success
[2022-02-12T07:55:47.762171000Z DEBUG solana_program_runtime::stable_log] Program 4uQeVj5tqViQh7yWWGStvkEG1Zmhx6uasJtWCJziofM invoke [1]
[2022-02-12T07:55:47.764098000Z DEBUG solana_program_runtime::stable_log] Program log: Mango: PlaceSpotOrder
[2022-02-12T07:55:47.766788000Z DEBUG solana_program_runtime::stable_log] Program 8opHzTAnfzRpPEx21XtnrVTX28YQuCpAjcn1PczScKh invoke [1]
[2022-02-12T07:55:47.767239000Z DEBUG solana_program_runtime::stable_log] Program log: Mango: UpdateFunding
[2022-02-12T07:55:47.768413000Z DEBUG solana_program_runtime::stable_log] Program log: mango-log
[2022-02-12T07:55:47.769083000Z DEBUG solana_program_runtime::stable_log] Program log: ta5iwCEXTXtxdA4GcfGyliALQuYkXc4nClpZlDF0SasXF9CRTJ3gvgYAAAAAAAAAAAAAAAAAAAAAAAAAAAAAAAAAAAAAAAAAAAAAAAAAAAA=
[2022-02-12T07:55:47.769251000Z DEBUG solana_bpf_loader_program] Program 8opHzTAnfzRpPEx21XtnrVTX28YQuCpAjcn1PczScKh consumed 6650 of 200000 compute units
[2022-02-12T07:55:47.769323000Z DEBUG solana_program_runtime::stable_log] Program 8opHzTAnfzRpPEx21XtnrVTX28YQuCpAjcn1PczScKh success
[2022-02-12T07:55:47.780291000Z DEBUG solana_program_runtime::stable_log] Program 8opHzTAnfzRpPEx21XtnrVTX28YQuCpAjcn1PczScKh invoke [1]
[2022-02-12T07:55:47.780739000Z DEBUG solana_program_runtime::stable_log] Program log: Mango: UpdateFunding
[2022-02-12T07:55:47.781929000Z DEBUG solana_program_runtime::stable_log] Program log: mango-log
[2022-02-12T07:55:47.782596000Z DEBUG solana_program_runtime::stable_log] Program log: ta5iwCEXTXtxdA4GcfGyliALQuYkXc4nClpZlDF0SasXF9CRTJ3gvgcAAAAAAAAAAAAAAAAAAAAAAAAAAAAAAAAAAAAAAAAAAAAAAAAAAAA=
[2022-02-12T07:55:47.782768000Z DEBUG solana_bpf_loader_program] Program 8opHzTAnfzRpPEx21XtnrVTX28YQuCpAjcn1PczScKh consumed 6689 of 200000 compute units
[2022-02-12T07:55:47.782858000Z DEBUG solana_program_runtime::stable_log] Program 8opHzTAnfzRpPEx21XtnrVTX28YQuCpAjcn1PczScKh success
[2022-02-12T07:55:47.785800000Z DEBUG solana_program_runtime::stable_log] Program GcdayuLaLyrdmUu324nahyv33G5poQdLUEZ1nEytDeP invoke [2]
[2022-02-12T07:55:47.794085000Z DEBUG solana_program_runtime::stable_log] Program 8opHzTAnfzRpPEx21XtnrVTX28YQuCpAjcn1PczScKh invoke [1]
[2022-02-12T07:55:47.794545000Z DEBUG solana_program_runtime::stable_log] Program log: Mango: UpdateFunding
[2022-02-12T07:55:47.795823000Z DEBUG solana_program_runtime::stable_log] Program log: mango-log
[2022-02-12T07:55:47.796451000Z DEBUG solana_program_runtime::stable_log] Program log: ta5iwCEXTXtxdA4GcfGyliALQuYkXc4nClpZlDF0SasXF9CRTJ3gvggAAAAAAAAAAAAAAAAAAAAAAAAAAAAAAAAAAAAAAAAAAAAAAAAAAAA=
[2022-02-12T07:55:47.796604000Z DEBUG solana_bpf_loader_program] Program 8opHzTAnfzRpPEx21XtnrVTX28YQuCpAjcn1PczScKh consumed 6728 of 200000 compute units
[2022-02-12T07:55:47.796673000Z DEBUG solana_program_runtime::stable_log] Program 8opHzTAnfzRpPEx21XtnrVTX28YQuCpAjcn1PczScKh success
[2022-02-12T07:55:47.797924000Z DEBUG solana_program_runtime::stable_log] Program TokenkegQfeZyiNwAJbNbGKPFXCWuBvf9Ss623VQ5DA invoke [3]
[2022-02-12T07:55:47.798373000Z DEBUG solana_program_runtime::stable_log] Program log: Instruction: Transfer
[2022-02-12T07:55:47.799320000Z DEBUG solana_bpf_loader_program] Program TokenkegQfeZyiNwAJbNbGKPFXCWuBvf9Ss623VQ5DA consumed 3121 of 143051 compute units
[2022-02-12T07:55:47.799379000Z DEBUG solana_program_runtime::stable_log] Program TokenkegQfeZyiNwAJbNbGKPFXCWuBvf9Ss623VQ5DA success
[2022-02-12T07:55:47.800188000Z DEBUG solana_bpf_loader_program] Program GcdayuLaLyrdmUu324nahyv33G5poQdLUEZ1nEytDeP consumed 15936 of 154694 compute units
[2022-02-12T07:55:47.800348000Z DEBUG solana_program_runtime::stable_log] Program GcdayuLaLyrdmUu324nahyv33G5poQdLUEZ1nEytDeP success
[2022-02-12T07:55:47.807973000Z DEBUG solana_program_runtime::stable_log] Program 8opHzTAnfzRpPEx21XtnrVTX28YQuCpAjcn1PczScKh invoke [1]
[2022-02-12T07:55:47.808431000Z DEBUG solana_program_runtime::stable_log] Program log: Mango: UpdateFunding
[2022-02-12T07:55:47.809698000Z DEBUG solana_program_runtime::stable_log] Program log: mango-log
[2022-02-12T07:55:47.810323000Z DEBUG solana_program_runtime::stable_log] Program log: ta5iwCEXTXtxdA4GcfGyliALQuYkXc4nClpZlDF0SasXF9CRTJ3gvgkAAAAAAAAAAAAAAAAAAAAAAAAAAAAAAAAAAAAAAAAAAAAAAAAAAAA=
[2022-02-12T07:55:47.810473000Z DEBUG solana_bpf_loader_program] Program 8opHzTAnfzRpPEx21XtnrVTX28YQuCpAjcn1PczScKh consumed 6767 of 200000 compute units
[2022-02-12T07:55:47.810545000Z DEBUG solana_program_runtime::stable_log] Program 8opHzTAnfzRpPEx21XtnrVTX28YQuCpAjcn1PczScKh success
[2022-02-12T07:55:47.810577000Z DEBUG solana_program_runtime::stable_log] Program GcdayuLaLyrdmUu324nahyv33G5poQdLUEZ1nEytDeP invoke [2]
[2022-02-12T07:55:47.821046000Z DEBUG solana_program_runtime::stable_log] Program 8opHzTAnfzRpPEx21XtnrVTX28YQuCpAjcn1PczScKh invoke [1]
[2022-02-12T07:55:47.821519000Z DEBUG solana_program_runtime::stable_log] Program log: Mango: UpdateFunding
[2022-02-12T07:55:47.821651000Z DEBUG solana_program_runtime::stable_log] Program TokenkegQfeZyiNwAJbNbGKPFXCWuBvf9Ss623VQ5DA invoke [3]
[2022-02-12T07:55:47.822096000Z DEBUG solana_program_runtime::stable_log] Program log: Instruction: Transfer
[2022-02-12T07:55:47.822791000Z DEBUG solana_program_runtime::stable_log] Program log: mango-log
[2022-02-12T07:55:47.823028000Z DEBUG solana_bpf_loader_program] Program TokenkegQfeZyiNwAJbNbGKPFXCWuBvf9Ss623VQ5DA consumed 3121 of 125419 compute units
[2022-02-12T07:55:47.823083000Z DEBUG solana_program_runtime::stable_log] Program TokenkegQfeZyiNwAJbNbGKPFXCWuBvf9Ss623VQ5DA success
[2022-02-12T07:55:47.823415000Z DEBUG solana_program_runtime::stable_log] Program log: ta5iwCEXTXtxdA4GcfGyliALQuYkXc4nClpZlDF0SasXF9CRTJ3gvgoAAAAAAAAAAAAAAAAAAAAAAAAAAAAAAAAAAAAAAAAAAAAAAAAAAAA=
[2022-02-12T07:55:47.823565000Z DEBUG solana_bpf_loader_program] Program 8opHzTAnfzRpPEx21XtnrVTX28YQuCpAjcn1PczScKh consumed 6806 of 200000 compute units
[2022-02-12T07:55:47.823630000Z DEBUG solana_program_runtime::stable_log] Program 8opHzTAnfzRpPEx21XtnrVTX28YQuCpAjcn1PczScKh success
[2022-02-12T07:55:47.831678000Z DEBUG solana_program_runtime::stable_log] Program TokenkegQfeZyiNwAJbNbGKPFXCWuBvf9Ss623VQ5DA invoke [3]
[2022-02-12T07:55:47.832142000Z DEBUG solana_program_runtime::stable_log] Program log: Instruction: Transfer
[2022-02-12T07:55:47.833074000Z DEBUG solana_bpf_loader_program] Program TokenkegQfeZyiNwAJbNbGKPFXCWuBvf9Ss623VQ5DA consumed 3121 of 119555 compute units
[2022-02-12T07:55:47.833128000Z DEBUG solana_program_runtime::stable_log] Program TokenkegQfeZyiNwAJbNbGKPFXCWuBvf9Ss623VQ5DA success
[2022-02-12T07:55:47.833767000Z DEBUG solana_bpf_loader_program] Program GcdayuLaLyrdmUu324nahyv33G5poQdLUEZ1nEytDeP consumed 20198 of 135726 compute units
[2022-02-12T07:55:47.833846000Z DEBUG solana_program_runtime::stable_log] Program GcdayuLaLyrdmUu324nahyv33G5poQdLUEZ1nEytDeP success
[2022-02-12T07:55:47.833950000Z DEBUG solana_program_runtime::stable_log] Program 8opHzTAnfzRpPEx21XtnrVTX28YQuCpAjcn1PczScKh invoke [1]
[2022-02-12T07:55:47.834393000Z DEBUG solana_program_runtime::stable_log] Program log: Mango: UpdateFunding
[2022-02-12T07:55:47.834764000Z DEBUG solana_program_runtime::stable_log] Program log: mango-log
[2022-02-12T07:55:47.835534000Z DEBUG solana_program_runtime::stable_log] Program log: F5qwwQsqqPSOnQdEtiC3dVJcJz5F0IHHBUtwK3dCY1dTcqbXUIsiDaOZbiQZfdSDdwAlborYqNufo6b8gH3DR1wLqNUZDpYvDwAAAAAAAAAAAAAAAAAAAAAAAAAAAAAAAAAAAAAAAAAAAAAAAAAAAA==
[2022-02-12T07:55:47.835683000Z DEBUG solana_program_runtime::stable_log] Program log: mango-log
[2022-02-12T07:55:47.836308000Z DEBUG solana_program_runtime::stable_log] Program log: ta5iwCEXTXtxdA4GcfGyliALQuYkXc4nClpZlDF0SasXF9CRTJ3gvgsAAAAAAAAAAAAAAAAAAAAAAAAAAAAAAAAAAAAAAAAAAAAAAAAAAAA=
[2022-02-12T07:55:47.836460000Z DEBUG solana_bpf_loader_program] Program 8opHzTAnfzRpPEx21XtnrVTX28YQuCpAjcn1PczScKh consumed 6845 of 200000 compute units
[2022-02-12T07:55:47.836525000Z DEBUG solana_program_runtime::stable_log] Program 8opHzTAnfzRpPEx21XtnrVTX28YQuCpAjcn1PczScKh success
[2022-02-12T07:55:47.836796000Z DEBUG solana_program_runtime::stable_log] Program log: mango-log
[2022-02-12T07:55:47.837555000Z DEBUG solana_program_runtime::stable_log] Program log: F5qwwQsqqPSOnQdEtiC3dVJcJz5F0IHHBUtwK3dCY1dTcqbXUIsiDaOZbiQZfdSDdwAlborYqNufo6b8gH3DR1wLqNUZDpYvAQAAAAAAAAAAAAAAAAAJAAAAAAAAAAAAAAAAAAAAAAAAAAAAAAAAAA==
[2022-02-12T07:55:47.838410000Z DEBUG solana_program_runtime::stable_log] Program log: mango-log
[2022-02-12T07:55:47.839233000Z DEBUG solana_program_runtime::stable_log] Program log: V4pUNuOCxqyOnQdEtiC3dVJcJz5F0IHHBUtwK3dCY1dTcqbXUIsiDaOZbiQZfdSDdwAlborYqNufo6b8gH3DR1wLqNUZDpYvAQAAAAAAAABAQg8AAAAAAAAAAAAAAAAAAAAAAAAAAAAAAAAAAAAAAAAAAAAAAAAA
[2022-02-12T07:55:47.839884000Z DEBUG solana_bpf_loader_program] Program 4uQeVj5tqViQh7yWWGStvkEG1Zmhx6uasJtWCJziofM consumed 101496 of 200000 compute units
[2022-02-12T07:55:47.840126000Z DEBUG solana_program_runtime::stable_log] Program 4uQeVj5tqViQh7yWWGStvkEG1Zmhx6uasJtWCJziofM success
[2022-02-12T07:55:47.848371000Z DEBUG solana_program_runtime::stable_log] Program 8opHzTAnfzRpPEx21XtnrVTX28YQuCpAjcn1PczScKh invoke [1]
[2022-02-12T07:55:47.848855000Z DEBUG solana_program_runtime::stable_log] Program log: Mango: UpdateFunding
[2022-02-12T07:55:47.850191000Z DEBUG solana_program_runtime::stable_log] Program log: mango-log
[2022-02-12T07:55:47.850824000Z DEBUG solana_program_runtime::stable_log] Program log: ta5iwCEXTXtxdA4GcfGyliALQuYkXc4nClpZlDF0SasXF9CRTJ3gvgwAAAAAAAAAAAAAAAAAAAAAAAAAAAAAAAAAAAAAAAAAAAAAAAAAAAA=
[2022-02-12T07:55:47.850981000Z DEBUG solana_bpf_loader_program] Program 8opHzTAnfzRpPEx21XtnrVTX28YQuCpAjcn1PczScKh consumed 6884 of 200000 compute units
[2022-02-12T07:55:47.851056000Z DEBUG solana_program_runtime::stable_log] Program 8opHzTAnfzRpPEx21XtnrVTX28YQuCpAjcn1PczScKh success
[2022-02-12T07:55:47.858160000Z DEBUG solana_program_runtime::stable_log] Program 4uQeVj5tqViQh7yWWGStvkEG1Zmhx6uasJtWCJziofM invoke [1]
[2022-02-12T07:55:47.858808000Z DEBUG solana_program_runtime::stable_log] Program log: Mango: CreateSpotOpenOrders
[2022-02-12T07:55:47.859963000Z DEBUG solana_program_runtime::stable_log] Program 11111111111111111111111111111111 invoke [2]
[2022-02-12T07:55:47.860032000Z DEBUG solana_program_runtime::stable_log] Program 11111111111111111111111111111111 success
[2022-02-12T07:55:47.861353000Z DEBUG solana_program_runtime::stable_log] Program 8opHzTAnfzRpPEx21XtnrVTX28YQuCpAjcn1PczScKh invoke [1]
[2022-02-12T07:55:47.861803000Z DEBUG solana_program_runtime::stable_log] Program log: Mango: UpdateFunding
[2022-02-12T07:55:47.863117000Z DEBUG solana_program_runtime::stable_log] Program log: mango-log
[2022-02-12T07:55:47.863738000Z DEBUG solana_program_runtime::stable_log] Program log: ta5iwCEXTXtxdA4GcfGyliALQuYkXc4nClpZlDF0SasXF9CRTJ3gvg0AAAAAAAAAAAAAAAAAAAAAAAAAAAAAAAAAAAAAAAAAAAAAAAAAAAA=
[2022-02-12T07:55:47.863888000Z DEBUG solana_bpf_loader_program] Program 8opHzTAnfzRpPEx21XtnrVTX28YQuCpAjcn1PczScKh consumed 6923 of 200000 compute units
[2022-02-12T07:55:47.863956000Z DEBUG solana_program_runtime::stable_log] Program 8opHzTAnfzRpPEx21XtnrVTX28YQuCpAjcn1PczScKh success
[2022-02-12T07:55:47.868762000Z DEBUG solana_program_runtime::stable_log] Program GcdayuLaLyrdmUu324nahyv33G5poQdLUEZ1nEytDeP invoke [2]
[2022-02-12T07:55:47.870246000Z DEBUG solana_bpf_loader_program] Program GcdayuLaLyrdmUu324nahyv33G5poQdLUEZ1nEytDeP consumed 3417 of 189188 compute units
[2022-02-12T07:55:47.870311000Z DEBUG solana_program_runtime::stable_log] Program GcdayuLaLyrdmUu324nahyv33G5poQdLUEZ1nEytDeP success
[2022-02-12T07:55:47.870603000Z DEBUG solana_bpf_loader_program] Program 4uQeVj5tqViQh7yWWGStvkEG1Zmhx6uasJtWCJziofM consumed 14637 of 200000 compute units
[2022-02-12T07:55:47.870683000Z DEBUG solana_program_runtime::stable_log] Program 4uQeVj5tqViQh7yWWGStvkEG1Zmhx6uasJtWCJziofM success
[2022-02-12T07:55:47.875113000Z DEBUG solana_program_runtime::stable_log] Program 8opHzTAnfzRpPEx21XtnrVTX28YQuCpAjcn1PczScKh invoke [1]
[2022-02-12T07:55:47.875566000Z DEBUG solana_program_runtime::stable_log] Program log: Mango: UpdateFunding
[2022-02-12T07:55:47.876904000Z DEBUG solana_program_runtime::stable_log] Program log: mango-log
[2022-02-12T07:55:47.877542000Z DEBUG solana_program_runtime::stable_log] Program log: ta5iwCEXTXtxdA4GcfGyliALQuYkXc4nClpZlDF0SasXF9CRTJ3gvg4AAAAAAAAAAAAAAAAAAAAAAAAAAAAAAAAAAAAAAAAAAAAAAAAAAAA=
[2022-02-12T07:55:47.877696000Z DEBUG solana_bpf_loader_program] Program 8opHzTAnfzRpPEx21XtnrVTX28YQuCpAjcn1PczScKh consumed 6962 of 200000 compute units
[2022-02-12T07:55:47.877779000Z DEBUG solana_program_runtime::stable_log] Program 8opHzTAnfzRpPEx21XtnrVTX28YQuCpAjcn1PczScKh success
[2022-02-12T07:55:47.890040000Z DEBUG solana_program_runtime::stable_log] Program 4uQeVj5tqViQh7yWWGStvkEG1Zmhx6uasJtWCJziofM invoke [1]
[2022-02-12T07:55:47.892081000Z DEBUG solana_program_runtime::stable_log] Program log: Mango: PlaceSpotOrder
[2022-02-12T07:55:47.893329000Z DEBUG solana_program_runtime::stable_log] Program 8opHzTAnfzRpPEx21XtnrVTX28YQuCpAjcn1PczScKh invoke [1]
[2022-02-12T07:55:47.894521000Z DEBUG solana_program_runtime::stable_log] Program log: Mango: CacheRootBanks
[2022-02-12T07:55:47.898359000Z DEBUG solana_program_runtime::stable_log] Program log: mango-log
[2022-02-12T07:55:47.901325000Z DEBUG solana_program_runtime::stable_log] Program log: IVXYca/GfehxdA4GcfGyliALQuYkXc4nClpZlDF0SasXF9CRTJ3gvhAAAAAAAAAAAAAAAAEAAAAAAAAAAgAAAAAAAAADAAAAAAAAAAQAAAAAAAAABQAAAAAAAAAGAAAAAAAAAAcAAAAAAAAACAAAAAAAAAAJAAAAAAAAAAoAAAAAAAAACwAAAAAAAAAMAAAAAAAAAA0AAAAAAAAADgAAAAAAAAAPAAAAAAAAABAAAAAAAAAAAABAQg8AAAAAAAAAAAAAAAAAQEIPAAAAAAAAAAAAAAAAAEBCDwAAAAAAAAAAAAAAAABAQg8AAAAAAAAAAAAAAAAAQEIPAAAAAAAAAAAAAAAAAEBCDwAAAAAAAAAAAAAAAABAQg8AAAAAAAAAAAAAAAAAQEIPAAAAAAAAAAAAAAAAAEBCDwAAAAAAAAAAAAAAAABAQg8AAAAAAAAAAAAAAAAAQEIPAAAAAAAAAAAAAAAAAEBCDwAAAAAAAAAAAAAAAABAQg8AAAAAAAAAAAAAAAAAQEIPAAAAAAAAAAAAAAAAAEBCDwAAAAAAAAAAAAAAAABAQg8AAAAAAAAAEAAAAAAAAAAAAEBCDwAAAAAAAAAAAAAAAABAQg8AAAAAAAAAAAAAAAAAQEIPAAAAAAAAAAAAAAAAAEBCDwAAAAAAAAAAAAAAAABAQg8AAAAAAAAAAAAAAAAAQEIPAAAAAAAAAAAAAAAAAEBCDwAAAAAAAAAAAAAAAABAQg8AAAAAAAAAAAAAAAAAQEIPAAAAAAAAAAAAAAAAAEBCDwAAAAAAAAAAAAAAAABAQg8AAAAAAAAAAAAAAAAAQEIPAAAAAAAAAAAAAAAAAEBCDwAAAAAAAAAAAAAAAABAQg8AAAAAAAAAAAAAAAAAQEIPAAAAAAAAAAAAAAAAAEBCDwAAAAAAAAA=
[2022-02-12T07:55:47.901751000Z DEBUG solana_bpf_loader_program] Program 8opHzTAnfzRpPEx21XtnrVTX28YQuCpAjcn1PczScKh consumed 24418 of 200000 compute units
[2022-02-12T07:55:47.901831000Z DEBUG solana_program_runtime::stable_log] Program 8opHzTAnfzRpPEx21XtnrVTX28YQuCpAjcn1PczScKh success
[2022-02-12T07:55:47.914694000Z DEBUG solana_program_runtime::stable_log] Program GcdayuLaLyrdmUu324nahyv33G5poQdLUEZ1nEytDeP invoke [2]
[2022-02-12T07:55:47.916827000Z DEBUG solana_program_runtime::stable_log] Program 8opHzTAnfzRpPEx21XtnrVTX28YQuCpAjcn1PczScKh invoke [1]
[2022-02-12T07:55:47.917955000Z DEBUG solana_program_runtime::stable_log] Program log: Mango: CachePerpMarkets
[2022-02-12T07:55:47.921757000Z DEBUG solana_program_runtime::stable_log] Program log: mango-log
[2022-02-12T07:55:47.924511000Z DEBUG solana_program_runtime::stable_log] Program log: 9lt9JxCzqw5xdA4GcfGyliALQuYkXc4nClpZlDF0SasXF9CRTJ3gvg8AAAAAAAAAAAAAAAEAAAAAAAAAAgAAAAAAAAADAAAAAAAAAAQAAAAAAAAABQAAAAAAAAAGAAAAAAAAAAcAAAAAAAAACAAAAAAAAAAJAAAAAAAAAAoAAAAAAAAACwAAAAAAAAAMAAAAAAAAAA0AAAAAAAAADgAAAAAAAAAPAAAAAAAAAAAAAAAAAAAAAAAAAAAAAAAAAAAAAAAAAAAAAAAAAAAAAAAAAAAAAAAAAAAAAAAAAAAAAAAAAAAAAAAAAAAAAAAAAAAAAAAAAAAAAAAAAAAAAAAAAAAAAAAAAAAAAAAAAAAAAAAAAAAAAAAAAAAAAAAAAAAAAAAAAAAAAAAAAAAAAAAAAAAAAAAAAAAAAAAAAAAAAAAAAAAAAAAAAAAAAAAAAAAAAAAAAAAAAAAAAAAAAAAAAAAAAAAAAAAAAAAAAAAAAAAAAAAAAAAAAAAAAAAAAAAAAAAAAAAAAAAAAAAAAAAAAAAAAAAAAAAADwAAAAAAAAAAAAAAAAAAAAAAAAAAAAAAAAAAAAAAAAAAAAAAAAAAAAAAAAAAAAAAAAAAAAAAAAAAAAAAAAAAAAAAAAAAAAAAAAAAAAAAAAAAAAAAAAAAAAAAAAAAAAAAAAAAAAAAAAAAAAAAAAAAAAAAAAAAAAAAAAAAAAAAAAAAAAAAAAAAAAAAAAAAAAAAAAAAAAAAAAAAAAAAAAAAAAAAAAAAAAAAAAAAAAAAAAAAAAAAAAAAAAAAAAAAAAAAAAAAAAAAAAAAAAAAAAAAAAAAAAAAAAAAAAAAAAAAAAAAAAAAAAAAAAAAAAAAAAAAAAAAAA==
[2022-02-12T07:55:47.924922000Z DEBUG solana_bpf_loader_program] Program 8opHzTAnfzRpPEx21XtnrVTX28YQuCpAjcn1PczScKh consumed 23463 of 200000 compute units
[2022-02-12T07:55:47.925006000Z DEBUG solana_program_runtime::stable_log] Program 8opHzTAnfzRpPEx21XtnrVTX28YQuCpAjcn1PczScKh success
[2022-02-12T07:55:47.926834000Z DEBUG solana_program_runtime::stable_log] Program TokenkegQfeZyiNwAJbNbGKPFXCWuBvf9Ss623VQ5DA invoke [3]
[2022-02-12T07:55:47.927281000Z DEBUG solana_program_runtime::stable_log] Program log: Instruction: Transfer
[2022-02-12T07:55:47.928220000Z DEBUG solana_bpf_loader_program] Program TokenkegQfeZyiNwAJbNbGKPFXCWuBvf9Ss623VQ5DA consumed 3121 of 141512 compute units
[2022-02-12T07:55:47.928276000Z DEBUG solana_program_runtime::stable_log] Program TokenkegQfeZyiNwAJbNbGKPFXCWuBvf9Ss623VQ5DA success
[2022-02-12T07:55:47.929096000Z DEBUG solana_bpf_loader_program] Program GcdayuLaLyrdmUu324nahyv33G5poQdLUEZ1nEytDeP consumed 15936 of 153155 compute units
[2022-02-12T07:55:47.929266000Z DEBUG solana_program_runtime::stable_log] Program GcdayuLaLyrdmUu324nahyv33G5poQdLUEZ1nEytDeP success
test test_worst_case_v1 ... ok
[2022-02-12T07:55:47.939354000Z DEBUG solana_program_runtime::stable_log] Program GcdayuLaLyrdmUu324nahyv33G5poQdLUEZ1nEytDeP invoke [2]
[2022-02-12T07:55:47.950057000Z DEBUG solana_program_runtime::stable_log] Program TokenkegQfeZyiNwAJbNbGKPFXCWuBvf9Ss623VQ5DA invoke [3]
[2022-02-12T07:55:47.950495000Z DEBUG solana_program_runtime::stable_log] Program log: Instruction: Transfer
[2022-02-12T07:55:47.951399000Z DEBUG solana_bpf_loader_program] Program TokenkegQfeZyiNwAJbNbGKPFXCWuBvf9Ss623VQ5DA consumed 3121 of 123880 compute units
[2022-02-12T07:55:47.951462000Z DEBUG solana_program_runtime::stable_log] Program TokenkegQfeZyiNwAJbNbGKPFXCWuBvf9Ss623VQ5DA success
[2022-02-12T07:55:47.959709000Z DEBUG solana_program_runtime::stable_log] Program TokenkegQfeZyiNwAJbNbGKPFXCWuBvf9Ss623VQ5DA invoke [3]
[2022-02-12T07:55:47.960136000Z DEBUG solana_program_runtime::stable_log] Program log: Instruction: Transfer
[2022-02-12T07:55:47.961042000Z DEBUG solana_bpf_loader_program] Program TokenkegQfeZyiNwAJbNbGKPFXCWuBvf9Ss623VQ5DA consumed 3121 of 118016 compute units
[2022-02-12T07:55:47.961096000Z DEBUG solana_program_runtime::stable_log] Program TokenkegQfeZyiNwAJbNbGKPFXCWuBvf9Ss623VQ5DA success
[2022-02-12T07:55:47.961704000Z DEBUG solana_bpf_loader_program] Program GcdayuLaLyrdmUu324nahyv33G5poQdLUEZ1nEytDeP consumed 20198 of 134187 compute units
[2022-02-12T07:55:47.961773000Z DEBUG solana_program_runtime::stable_log] Program GcdayuLaLyrdmUu324nahyv33G5poQdLUEZ1nEytDeP success
[2022-02-12T07:55:47.962664000Z DEBUG solana_program_runtime::stable_log] Program log: mango-log
[2022-02-12T07:55:47.963408000Z DEBUG solana_program_runtime::stable_log] Program log: F5qwwQsqqPSOnQdEtiC3dVJcJz5F0IHHBUtwK3dCY1dTcqbXUIsiDaOZbiQZfdSDdwAlborYqNufo6b8gH3DR1wLqNUZDpYvDwAAAAAAAAAAAAAAAAAAAAAAAAAAAAAAAAAAAAAAAAAAAAAAAAAAAA==
[2022-02-12T07:55:47.964631000Z DEBUG solana_program_runtime::stable_log] Program log: mango-log
[2022-02-12T07:55:47.965364000Z DEBUG solana_program_runtime::stable_log] Program log: F5qwwQsqqPSOnQdEtiC3dVJcJz5F0IHHBUtwK3dCY1dTcqbXUIsiDaOZbiQZfdSDdwAlborYqNufo6b8gH3DR1wLqNUZDpYvAgAAAAAAAAAAAAAAAAAJAAAAAAAAAAAAAAAAAAAAAAAAAAAAAAAAAA==
[2022-02-12T07:55:47.966159000Z DEBUG solana_program_runtime::stable_log] Program log: mango-log
[2022-02-12T07:55:47.966962000Z DEBUG solana_program_runtime::stable_log] Program log: V4pUNuOCxqyOnQdEtiC3dVJcJz5F0IHHBUtwK3dCY1dTcqbXUIsiDaOZbiQZfdSDdwAlborYqNufo6b8gH3DR1wLqNUZDpYvAgAAAAAAAABAQg8AAAAAAAAAAAAAAAAAAAAAAAAAAAAAAAAAAAAAAAAAAAAAAAAA
[2022-02-12T07:55:47.967602000Z DEBUG solana_bpf_loader_program] Program 4uQeVj5tqViQh7yWWGStvkEG1Zmhx6uasJtWCJziofM consumed 103056 of 200000 compute units
[2022-02-12T07:55:47.967814000Z DEBUG solana_program_runtime::stable_log] Program 4uQeVj5tqViQh7yWWGStvkEG1Zmhx6uasJtWCJziofM success
[2022-02-12T07:55:47.984722000Z DEBUG solana_program_runtime::stable_log] Program 4uQeVj5tqViQh7yWWGStvkEG1Zmhx6uasJtWCJziofM invoke [1]
[2022-02-12T07:55:47.985399000Z DEBUG solana_program_runtime::stable_log] Program log: Mango: CreateSpotOpenOrders
[2022-02-12T07:55:47.986719000Z DEBUG solana_program_runtime::stable_log] Program 11111111111111111111111111111111 invoke [2]
[2022-02-12T07:55:47.986822000Z DEBUG solana_program_runtime::stable_log] Program 11111111111111111111111111111111 success
[2022-02-12T07:55:47.995262000Z DEBUG solana_program_runtime::stable_log] Program GcdayuLaLyrdmUu324nahyv33G5poQdLUEZ1nEytDeP invoke [2]
[2022-02-12T07:55:47.996684000Z DEBUG solana_bpf_loader_program] Program GcdayuLaLyrdmUu324nahyv33G5poQdLUEZ1nEytDeP consumed 3417 of 184649 compute units
[2022-02-12T07:55:47.996745000Z DEBUG solana_program_runtime::stable_log] Program GcdayuLaLyrdmUu324nahyv33G5poQdLUEZ1nEytDeP success
[2022-02-12T07:55:47.997023000Z DEBUG solana_bpf_loader_program] Program 4uQeVj5tqViQh7yWWGStvkEG1Zmhx6uasJtWCJziofM consumed 19176 of 200000 compute units
[2022-02-12T07:55:47.997103000Z DEBUG solana_program_runtime::stable_log] Program 4uQeVj5tqViQh7yWWGStvkEG1Zmhx6uasJtWCJziofM success
[2022-02-12T07:55:48.016401000Z DEBUG solana_program_runtime::stable_log] Program 4uQeVj5tqViQh7yWWGStvkEG1Zmhx6uasJtWCJziofM invoke [1]
[2022-02-12T07:55:48.018423000Z DEBUG solana_program_runtime::stable_log] Program log: Mango: PlaceSpotOrder
[2022-02-12T07:55:48.040944000Z DEBUG solana_program_runtime::stable_log] Program GcdayuLaLyrdmUu324nahyv33G5poQdLUEZ1nEytDeP invoke [2]
[2022-02-12T07:55:48.052639000Z DEBUG solana_program_runtime::stable_log] Program TokenkegQfeZyiNwAJbNbGKPFXCWuBvf9Ss623VQ5DA invoke [3]
[2022-02-12T07:55:48.053075000Z DEBUG solana_program_runtime::stable_log] Program log: Instruction: Transfer
[2022-02-12T07:55:48.053983000Z DEBUG solana_bpf_loader_program] Program TokenkegQfeZyiNwAJbNbGKPFXCWuBvf9Ss623VQ5DA consumed 3121 of 139928 compute units
[2022-02-12T07:55:48.054048000Z DEBUG solana_program_runtime::stable_log] Program TokenkegQfeZyiNwAJbNbGKPFXCWuBvf9Ss623VQ5DA success
[2022-02-12T07:55:48.054830000Z DEBUG solana_bpf_loader_program] Program GcdayuLaLyrdmUu324nahyv33G5poQdLUEZ1nEytDeP consumed 15936 of 151571 compute units
[2022-02-12T07:55:48.054980000Z DEBUG solana_program_runtime::stable_log] Program GcdayuLaLyrdmUu324nahyv33G5poQdLUEZ1nEytDeP success
[2022-02-12T07:55:48.064794000Z DEBUG solana_program_runtime::stable_log] Program GcdayuLaLyrdmUu324nahyv33G5poQdLUEZ1nEytDeP invoke [2]
[2022-02-12T07:55:48.075443000Z DEBUG solana_program_runtime::stable_log] Program TokenkegQfeZyiNwAJbNbGKPFXCWuBvf9Ss623VQ5DA invoke [3]
[2022-02-12T07:55:48.075877000Z DEBUG solana_program_runtime::stable_log] Program log: Instruction: Transfer
[2022-02-12T07:55:48.076783000Z DEBUG solana_bpf_loader_program] Program TokenkegQfeZyiNwAJbNbGKPFXCWuBvf9Ss623VQ5DA consumed 3121 of 122296 compute units
[2022-02-12T07:55:48.076836000Z DEBUG solana_program_runtime::stable_log] Program TokenkegQfeZyiNwAJbNbGKPFXCWuBvf9Ss623VQ5DA success
[2022-02-12T07:55:48.085079000Z DEBUG solana_program_runtime::stable_log] Program TokenkegQfeZyiNwAJbNbGKPFXCWuBvf9Ss623VQ5DA invoke [3]
[2022-02-12T07:55:48.085507000Z DEBUG solana_program_runtime::stable_log] Program log: Instruction: Transfer
[2022-02-12T07:55:48.086411000Z DEBUG solana_bpf_loader_program] Program TokenkegQfeZyiNwAJbNbGKPFXCWuBvf9Ss623VQ5DA consumed 3121 of 116432 compute units
[2022-02-12T07:55:48.086462000Z DEBUG solana_program_runtime::stable_log] Program TokenkegQfeZyiNwAJbNbGKPFXCWuBvf9Ss623VQ5DA success
[2022-02-12T07:55:48.087072000Z DEBUG solana_bpf_loader_program] Program GcdayuLaLyrdmUu324nahyv33G5poQdLUEZ1nEytDeP consumed 20198 of 132603 compute units
[2022-02-12T07:55:48.087140000Z DEBUG solana_program_runtime::stable_log] Program GcdayuLaLyrdmUu324nahyv33G5poQdLUEZ1nEytDeP success
[2022-02-12T07:55:48.088024000Z DEBUG solana_program_runtime::stable_log] Program log: mango-log
[2022-02-12T07:55:48.088773000Z DEBUG solana_program_runtime::stable_log] Program log: F5qwwQsqqPSOnQdEtiC3dVJcJz5F0IHHBUtwK3dCY1dTcqbXUIsiDaOZbiQZfdSDdwAlborYqNufo6b8gH3DR1wLqNUZDpYvDwAAAAAAAAAAAAAAAAAAAAAAAAAAAAAAAAAAAAAAAAAAAAAAAAAAAA==
[2022-02-12T07:55:48.090037000Z DEBUG solana_program_runtime::stable_log] Program log: mango-log
[2022-02-12T07:55:48.090778000Z DEBUG solana_program_runtime::stable_log] Program log: F5qwwQsqqPSOnQdEtiC3dVJcJz5F0IHHBUtwK3dCY1dTcqbXUIsiDaOZbiQZfdSDdwAlborYqNufo6b8gH3DR1wLqNUZDpYvAwAAAAAAAAAAAAAAAAAJAAAAAAAAAAAAAAAAAAAAAAAAAAAAAAAAAA==
[2022-02-12T07:55:48.091579000Z DEBUG solana_program_runtime::stable_log] Program log: mango-log
[2022-02-12T07:55:48.092381000Z DEBUG solana_program_runtime::stable_log] Program log: V4pUNuOCxqyOnQdEtiC3dVJcJz5F0IHHBUtwK3dCY1dTcqbXUIsiDaOZbiQZfdSDdwAlborYqNufo6b8gH3DR1wLqNUZDpYvAwAAAAAAAABAQg8AAAAAAAAAAAAAAAAAAAAAAAAAAAAAAAAAAAAAAAAAAAAAAAAA
[2022-02-12T07:55:48.093036000Z DEBUG solana_bpf_loader_program] Program 4uQeVj5tqViQh7yWWGStvkEG1Zmhx6uasJtWCJziofM consumed 104661 of 200000 compute units
[2022-02-12T07:55:48.093242000Z DEBUG solana_program_runtime::stable_log] Program 4uQeVj5tqViQh7yWWGStvkEG1Zmhx6uasJtWCJziofM success
[2022-02-12T07:55:48.111928000Z DEBUG solana_program_runtime::stable_log] Program 4uQeVj5tqViQh7yWWGStvkEG1Zmhx6uasJtWCJziofM invoke [1]
[2022-02-12T07:55:48.112570000Z DEBUG solana_program_runtime::stable_log] Program log: Mango: CreateSpotOpenOrders
[2022-02-12T07:55:48.113662000Z DEBUG solana_program_runtime::stable_log] Program 11111111111111111111111111111111 invoke [2]
[2022-02-12T07:55:48.113736000Z DEBUG solana_program_runtime::stable_log] Program 11111111111111111111111111111111 success
[2022-02-12T07:55:48.122156000Z DEBUG solana_program_runtime::stable_log] Program GcdayuLaLyrdmUu324nahyv33G5poQdLUEZ1nEytDeP invoke [2]
[2022-02-12T07:55:48.123581000Z DEBUG solana_bpf_loader_program] Program GcdayuLaLyrdmUu324nahyv33G5poQdLUEZ1nEytDeP consumed 3417 of 190610 compute units
[2022-02-12T07:55:48.123638000Z DEBUG solana_program_runtime::stable_log] Program GcdayuLaLyrdmUu324nahyv33G5poQdLUEZ1nEytDeP success
[2022-02-12T07:55:48.123916000Z DEBUG solana_bpf_loader_program] Program 4uQeVj5tqViQh7yWWGStvkEG1Zmhx6uasJtWCJziofM consumed 13215 of 200000 compute units
[2022-02-12T07:55:48.123990000Z DEBUG solana_program_runtime::stable_log] Program 4uQeVj5tqViQh7yWWGStvkEG1Zmhx6uasJtWCJziofM success
[2022-02-12T07:55:48.144009000Z DEBUG solana_program_runtime::stable_log] Program 4uQeVj5tqViQh7yWWGStvkEG1Zmhx6uasJtWCJziofM invoke [1]
[2022-02-12T07:55:48.146054000Z DEBUG solana_program_runtime::stable_log] Program log: Mango: PlaceSpotOrder
[2022-02-12T07:55:48.168831000Z DEBUG solana_program_runtime::stable_log] Program GcdayuLaLyrdmUu324nahyv33G5poQdLUEZ1nEytDeP invoke [2]
[2022-02-12T07:55:48.180475000Z DEBUG solana_program_runtime::stable_log] Program TokenkegQfeZyiNwAJbNbGKPFXCWuBvf9Ss623VQ5DA invoke [3]
[2022-02-12T07:55:48.180910000Z DEBUG solana_program_runtime::stable_log] Program log: Instruction: Transfer
[2022-02-12T07:55:48.181816000Z DEBUG solana_bpf_loader_program] Program TokenkegQfeZyiNwAJbNbGKPFXCWuBvf9Ss623VQ5DA consumed 3121 of 138970 compute units
[2022-02-12T07:55:48.181877000Z DEBUG solana_program_runtime::stable_log] Program TokenkegQfeZyiNwAJbNbGKPFXCWuBvf9Ss623VQ5DA success
[2022-02-12T07:55:48.182654000Z DEBUG solana_bpf_loader_program] Program GcdayuLaLyrdmUu324nahyv33G5poQdLUEZ1nEytDeP consumed 15936 of 150613 compute units
[2022-02-12T07:55:48.182806000Z DEBUG solana_program_runtime::stable_log] Program GcdayuLaLyrdmUu324nahyv33G5poQdLUEZ1nEytDeP success
[2022-02-12T07:55:48.192653000Z DEBUG solana_program_runtime::stable_log] Program GcdayuLaLyrdmUu324nahyv33G5poQdLUEZ1nEytDeP invoke [2]
[2022-02-12T07:55:48.203301000Z DEBUG solana_program_runtime::stable_log] Program TokenkegQfeZyiNwAJbNbGKPFXCWuBvf9Ss623VQ5DA invoke [3]
[2022-02-12T07:55:48.203728000Z DEBUG solana_program_runtime::stable_log] Program log: Instruction: Transfer
[2022-02-12T07:55:48.204626000Z DEBUG solana_bpf_loader_program] Program TokenkegQfeZyiNwAJbNbGKPFXCWuBvf9Ss623VQ5DA consumed 3121 of 121338 compute units
[2022-02-12T07:55:48.204677000Z DEBUG solana_program_runtime::stable_log] Program TokenkegQfeZyiNwAJbNbGKPFXCWuBvf9Ss623VQ5DA success
[2022-02-12T07:55:48.212939000Z DEBUG solana_program_runtime::stable_log] Program TokenkegQfeZyiNwAJbNbGKPFXCWuBvf9Ss623VQ5DA invoke [3]
[2022-02-12T07:55:48.213365000Z DEBUG solana_program_runtime::stable_log] Program log: Instruction: Transfer
[2022-02-12T07:55:48.214264000Z DEBUG solana_bpf_loader_program] Program TokenkegQfeZyiNwAJbNbGKPFXCWuBvf9Ss623VQ5DA consumed 3121 of 115474 compute units
[2022-02-12T07:55:48.214314000Z DEBUG solana_program_runtime::stable_log] Program TokenkegQfeZyiNwAJbNbGKPFXCWuBvf9Ss623VQ5DA success
[2022-02-12T07:55:48.214923000Z DEBUG solana_bpf_loader_program] Program GcdayuLaLyrdmUu324nahyv33G5poQdLUEZ1nEytDeP consumed 20198 of 131645 compute units
[2022-02-12T07:55:48.214993000Z DEBUG solana_program_runtime::stable_log] Program GcdayuLaLyrdmUu324nahyv33G5poQdLUEZ1nEytDeP success
[2022-02-12T07:55:48.215876000Z DEBUG solana_program_runtime::stable_log] Program log: mango-log
[2022-02-12T07:55:48.216615000Z DEBUG solana_program_runtime::stable_log] Program log: F5qwwQsqqPSOnQdEtiC3dVJcJz5F0IHHBUtwK3dCY1dTcqbXUIsiDaOZbiQZfdSDdwAlborYqNufo6b8gH3DR1wLqNUZDpYvDwAAAAAAAAAAAAAAAAAAAAAAAAAAAAAAAAAAAAAAAAAAAAAAAAAAAA==
[2022-02-12T07:55:48.217977000Z DEBUG solana_program_runtime::stable_log] Program log: mango-log
[2022-02-12T07:55:48.218711000Z DEBUG solana_program_runtime::stable_log] Program log: F5qwwQsqqPSOnQdEtiC3dVJcJz5F0IHHBUtwK3dCY1dTcqbXUIsiDaOZbiQZfdSDdwAlborYqNufo6b8gH3DR1wLqNUZDpYvBAAAAAAAAAAAAAAAAAAoIwAAAAAAAAAAAAAAAAAAAAAAAAAAAAAAAA==
[2022-02-12T07:55:48.219513000Z DEBUG solana_program_runtime::stable_log] Program log: mango-log
[2022-02-12T07:55:48.220320000Z DEBUG solana_program_runtime::stable_log] Program log: V4pUNuOCxqyOnQdEtiC3dVJcJz5F0IHHBUtwK3dCY1dTcqbXUIsiDaOZbiQZfdSDdwAlborYqNufo6b8gH3DR1wLqNUZDpYvBAAAAAAAAAAAypo7AAAAAAAAAAAAAAAAAAAAAAAAAAAAAAAAAAAAAAAAAAAAAAAA
[2022-02-12T07:55:48.220988000Z DEBUG solana_bpf_loader_program] Program 4uQeVj5tqViQh7yWWGStvkEG1Zmhx6uasJtWCJziofM consumed 106139 of 200000 compute units
[2022-02-12T07:55:48.221198000Z DEBUG solana_program_runtime::stable_log] Program 4uQeVj5tqViQh7yWWGStvkEG1Zmhx6uasJtWCJziofM success
[2022-02-12T07:55:48.238641000Z DEBUG solana_program_runtime::stable_log] Program 4uQeVj5tqViQh7yWWGStvkEG1Zmhx6uasJtWCJziofM invoke [1]
[2022-02-12T07:55:48.239274000Z DEBUG solana_program_runtime::stable_log] Program log: Mango: CreateSpotOpenOrders
[2022-02-12T07:55:48.240419000Z DEBUG solana_program_runtime::stable_log] Program 11111111111111111111111111111111 invoke [2]
[2022-02-12T07:55:48.240485000Z DEBUG solana_program_runtime::stable_log] Program 11111111111111111111111111111111 success
[2022-02-12T07:55:48.248887000Z DEBUG solana_program_runtime::stable_log] Program GcdayuLaLyrdmUu324nahyv33G5poQdLUEZ1nEytDeP invoke [2]
[2022-02-12T07:55:48.250308000Z DEBUG solana_bpf_loader_program] Program GcdayuLaLyrdmUu324nahyv33G5poQdLUEZ1nEytDeP consumed 3417 of 189071 compute units
[2022-02-12T07:55:48.250368000Z DEBUG solana_program_runtime::stable_log] Program GcdayuLaLyrdmUu324nahyv33G5poQdLUEZ1nEytDeP success
[2022-02-12T07:55:48.250648000Z DEBUG solana_bpf_loader_program] Program 4uQeVj5tqViQh7yWWGStvkEG1Zmhx6uasJtWCJziofM consumed 14754 of 200000 compute units
[2022-02-12T07:55:48.250725000Z DEBUG solana_program_runtime::stable_log] Program 4uQeVj5tqViQh7yWWGStvkEG1Zmhx6uasJtWCJziofM success
[2022-02-12T07:55:48.269849000Z DEBUG solana_program_runtime::stable_log] Program 4uQeVj5tqViQh7yWWGStvkEG1Zmhx6uasJtWCJziofM invoke [1]
[2022-02-12T07:55:48.271925000Z DEBUG solana_program_runtime::stable_log] Program log: Mango: PlaceSpotOrder
[2022-02-12T07:55:48.295341000Z DEBUG solana_program_runtime::stable_log] Program GcdayuLaLyrdmUu324nahyv33G5poQdLUEZ1nEytDeP invoke [2]
[2022-02-12T07:55:48.307019000Z DEBUG solana_program_runtime::stable_log] Program TokenkegQfeZyiNwAJbNbGKPFXCWuBvf9Ss623VQ5DA invoke [3]
[2022-02-12T07:55:48.307450000Z DEBUG solana_program_runtime::stable_log] Program log: Instruction: Transfer
[2022-02-12T07:55:48.308358000Z DEBUG solana_bpf_loader_program] Program TokenkegQfeZyiNwAJbNbGKPFXCWuBvf9Ss623VQ5DA consumed 3121 of 136924 compute units
[2022-02-12T07:55:48.308423000Z DEBUG solana_program_runtime::stable_log] Program TokenkegQfeZyiNwAJbNbGKPFXCWuBvf9Ss623VQ5DA success
[2022-02-12T07:55:48.309202000Z DEBUG solana_bpf_loader_program] Program GcdayuLaLyrdmUu324nahyv33G5poQdLUEZ1nEytDeP consumed 15936 of 148567 compute units
[2022-02-12T07:55:48.309349000Z DEBUG solana_program_runtime::stable_log] Program GcdayuLaLyrdmUu324nahyv33G5poQdLUEZ1nEytDeP success
[2022-02-12T07:55:48.319157000Z DEBUG solana_program_runtime::stable_log] Program GcdayuLaLyrdmUu324nahyv33G5poQdLUEZ1nEytDeP invoke [2]
[2022-02-12T07:55:48.329831000Z DEBUG solana_program_runtime::stable_log] Program TokenkegQfeZyiNwAJbNbGKPFXCWuBvf9Ss623VQ5DA invoke [3]
[2022-02-12T07:55:48.330256000Z DEBUG solana_program_runtime::stable_log] Program log: Instruction: Transfer
[2022-02-12T07:55:48.331156000Z DEBUG solana_bpf_loader_program] Program TokenkegQfeZyiNwAJbNbGKPFXCWuBvf9Ss623VQ5DA consumed 3121 of 119292 compute units
[2022-02-12T07:55:48.331207000Z DEBUG solana_program_runtime::stable_log] Program TokenkegQfeZyiNwAJbNbGKPFXCWuBvf9Ss623VQ5DA success
[2022-02-12T07:55:48.339470000Z DEBUG solana_program_runtime::stable_log] Program TokenkegQfeZyiNwAJbNbGKPFXCWuBvf9Ss623VQ5DA invoke [3]
[2022-02-12T07:55:48.339897000Z DEBUG solana_program_runtime::stable_log] Program log: Instruction: Transfer
[2022-02-12T07:55:48.340798000Z DEBUG solana_bpf_loader_program] Program TokenkegQfeZyiNwAJbNbGKPFXCWuBvf9Ss623VQ5DA consumed 3121 of 113428 compute units
[2022-02-12T07:55:48.340850000Z DEBUG solana_program_runtime::stable_log] Program TokenkegQfeZyiNwAJbNbGKPFXCWuBvf9Ss623VQ5DA success
[2022-02-12T07:55:48.341460000Z DEBUG solana_bpf_loader_program] Program GcdayuLaLyrdmUu324nahyv33G5poQdLUEZ1nEytDeP consumed 20198 of 129599 compute units
[2022-02-12T07:55:48.341530000Z DEBUG solana_program_runtime::stable_log] Program GcdayuLaLyrdmUu324nahyv33G5poQdLUEZ1nEytDeP success
[2022-02-12T07:55:48.342416000Z DEBUG solana_program_runtime::stable_log] Program log: mango-log
[2022-02-12T07:55:48.343157000Z DEBUG solana_program_runtime::stable_log] Program log: F5qwwQsqqPSOnQdEtiC3dVJcJz5F0IHHBUtwK3dCY1dTcqbXUIsiDaOZbiQZfdSDdwAlborYqNufo6b8gH3DR1wLqNUZDpYvDwAAAAAAAAAAAAAAAAAAAAAAAAAAAAAAAAAAAAAAAAAAAAAAAAAAAA==
[2022-02-12T07:55:48.344379000Z DEBUG solana_program_runtime::stable_log] Program log: mango-log
[2022-02-12T07:55:48.345119000Z DEBUG solana_program_runtime::stable_log] Program log: F5qwwQsqqPSOnQdEtiC3dVJcJz5F0IHHBUtwK3dCY1dTcqbXUIsiDaOZbiQZfdSDdwAlborYqNufo6b8gH3DR1wLqNUZDpYvBQAAAAAAAAAAAAAAAAAJAAAAAAAAAAAAAAAAAAAAAAAAAAAAAAAAAA==
[2022-02-12T07:55:48.345916000Z DEBUG solana_program_runtime::stable_log] Program log: mango-log
[2022-02-12T07:55:48.346713000Z DEBUG solana_program_runtime::stable_log] Program log: V4pUNuOCxqyOnQdEtiC3dVJcJz5F0IHHBUtwK3dCY1dTcqbXUIsiDaOZbiQZfdSDdwAlborYqNufo6b8gH3DR1wLqNUZDpYvBQAAAAAAAABAQg8AAAAAAAAAAAAAAAAAAAAAAAAAAAAAAAAAAAAAAAAAAAAAAAAA
[2022-02-12T07:55:48.347401000Z DEBUG solana_bpf_loader_program] Program 4uQeVj5tqViQh7yWWGStvkEG1Zmhx6uasJtWCJziofM consumed 107707 of 200000 compute units
[2022-02-12T07:55:48.347616000Z DEBUG solana_program_runtime::stable_log] Program 4uQeVj5tqViQh7yWWGStvkEG1Zmhx6uasJtWCJziofM success
[2022-02-12T07:55:48.366585000Z DEBUG solana_program_runtime::stable_log] Program 4uQeVj5tqViQh7yWWGStvkEG1Zmhx6uasJtWCJziofM invoke [1]
[2022-02-12T07:55:48.367226000Z DEBUG solana_program_runtime::stable_log] Program log: Mango: CreateSpotOpenOrders
[2022-02-12T07:55:48.368336000Z DEBUG solana_program_runtime::stable_log] Program 11111111111111111111111111111111 invoke [2]
[2022-02-12T07:55:48.368404000Z DEBUG solana_program_runtime::stable_log] Program 11111111111111111111111111111111 success
[2022-02-12T07:55:48.376822000Z DEBUG solana_program_runtime::stable_log] Program GcdayuLaLyrdmUu324nahyv33G5poQdLUEZ1nEytDeP invoke [2]
[2022-02-12T07:55:48.378240000Z DEBUG solana_bpf_loader_program] Program GcdayuLaLyrdmUu324nahyv33G5poQdLUEZ1nEytDeP consumed 3417 of 190532 compute units
[2022-02-12T07:55:48.378301000Z DEBUG solana_program_runtime::stable_log] Program GcdayuLaLyrdmUu324nahyv33G5poQdLUEZ1nEytDeP success
[2022-02-12T07:55:48.378578000Z DEBUG solana_bpf_loader_program] Program 4uQeVj5tqViQh7yWWGStvkEG1Zmhx6uasJtWCJziofM consumed 13293 of 200000 compute units
[2022-02-12T07:55:48.378653000Z DEBUG solana_program_runtime::stable_log] Program 4uQeVj5tqViQh7yWWGStvkEG1Zmhx6uasJtWCJziofM success
[2022-02-12T07:55:48.398086000Z DEBUG solana_program_runtime::stable_log] Program 4uQeVj5tqViQh7yWWGStvkEG1Zmhx6uasJtWCJziofM invoke [1]
[2022-02-12T07:55:48.400189000Z DEBUG solana_program_runtime::stable_log] Program log: Mango: PlaceSpotOrder
[2022-02-12T07:55:48.424139000Z DEBUG solana_program_runtime::stable_log] Program GcdayuLaLyrdmUu324nahyv33G5poQdLUEZ1nEytDeP invoke [2]
[2022-02-12T07:55:48.435795000Z DEBUG solana_program_runtime::stable_log] Program TokenkegQfeZyiNwAJbNbGKPFXCWuBvf9Ss623VQ5DA invoke [3]
[2022-02-12T07:55:48.436229000Z DEBUG solana_program_runtime::stable_log] Program log: Instruction: Transfer
[2022-02-12T07:55:48.437134000Z DEBUG solana_bpf_loader_program] Program TokenkegQfeZyiNwAJbNbGKPFXCWuBvf9Ss623VQ5DA consumed 3121 of 135356 compute units
[2022-02-12T07:55:48.437195000Z DEBUG solana_program_runtime::stable_log] Program TokenkegQfeZyiNwAJbNbGKPFXCWuBvf9Ss623VQ5DA success
[2022-02-12T07:55:48.437970000Z DEBUG solana_bpf_loader_program] Program GcdayuLaLyrdmUu324nahyv33G5poQdLUEZ1nEytDeP consumed 15936 of 146999 compute units
[2022-02-12T07:55:48.438114000Z DEBUG solana_program_runtime::stable_log] Program GcdayuLaLyrdmUu324nahyv33G5poQdLUEZ1nEytDeP success
[2022-02-12T07:55:48.447917000Z DEBUG solana_program_runtime::stable_log] Program GcdayuLaLyrdmUu324nahyv33G5poQdLUEZ1nEytDeP invoke [2]
[2022-02-12T07:55:48.458573000Z DEBUG solana_program_runtime::stable_log] Program TokenkegQfeZyiNwAJbNbGKPFXCWuBvf9Ss623VQ5DA invoke [3]
[2022-02-12T07:55:48.458999000Z DEBUG solana_program_runtime::stable_log] Program log: Instruction: Transfer
[2022-02-12T07:55:48.459902000Z DEBUG solana_bpf_loader_program] Program TokenkegQfeZyiNwAJbNbGKPFXCWuBvf9Ss623VQ5DA consumed 3121 of 117724 compute units
[2022-02-12T07:55:48.459953000Z DEBUG solana_program_runtime::stable_log] Program TokenkegQfeZyiNwAJbNbGKPFXCWuBvf9Ss623VQ5DA success
[2022-02-12T07:55:48.468202000Z DEBUG solana_program_runtime::stable_log] Program TokenkegQfeZyiNwAJbNbGKPFXCWuBvf9Ss623VQ5DA invoke [3]
[2022-02-12T07:55:48.468628000Z DEBUG solana_program_runtime::stable_log] Program log: Instruction: Transfer
[2022-02-12T07:55:48.469527000Z DEBUG solana_bpf_loader_program] Program TokenkegQfeZyiNwAJbNbGKPFXCWuBvf9Ss623VQ5DA consumed 3121 of 111860 compute units
[2022-02-12T07:55:48.469577000Z DEBUG solana_program_runtime::stable_log] Program TokenkegQfeZyiNwAJbNbGKPFXCWuBvf9Ss623VQ5DA success
[2022-02-12T07:55:48.470188000Z DEBUG solana_bpf_loader_program] Program GcdayuLaLyrdmUu324nahyv33G5poQdLUEZ1nEytDeP consumed 20198 of 128031 compute units
[2022-02-12T07:55:48.470258000Z DEBUG solana_program_runtime::stable_log] Program GcdayuLaLyrdmUu324nahyv33G5poQdLUEZ1nEytDeP success
[2022-02-12T07:55:48.471141000Z DEBUG solana_program_runtime::stable_log] Program log: mango-log
[2022-02-12T07:55:48.471879000Z DEBUG solana_program_runtime::stable_log] Program log: F5qwwQsqqPSOnQdEtiC3dVJcJz5F0IHHBUtwK3dCY1dTcqbXUIsiDaOZbiQZfdSDdwAlborYqNufo6b8gH3DR1wLqNUZDpYvDwAAAAAAAAAAAAAAAAAAAAAAAAAAAAAAAAAAAAAAAAAAAAAAAAAAAA==
[2022-02-12T07:55:48.473106000Z DEBUG solana_program_runtime::stable_log] Program log: mango-log
[2022-02-12T07:55:48.473841000Z DEBUG solana_program_runtime::stable_log] Program log: F5qwwQsqqPSOnQdEtiC3dVJcJz5F0IHHBUtwK3dCY1dTcqbXUIsiDaOZbiQZfdSDdwAlborYqNufo6b8gH3DR1wLqNUZDpYvBgAAAAAAAAAAAAAAAAAJAAAAAAAAAAAAAAAAAAAAAAAAAAAAAAAAAA==
[2022-02-12T07:55:48.474639000Z DEBUG solana_program_runtime::stable_log] Program log: mango-log
[2022-02-12T07:55:48.475437000Z DEBUG solana_program_runtime::stable_log] Program log: V4pUNuOCxqyOnQdEtiC3dVJcJz5F0IHHBUtwK3dCY1dTcqbXUIsiDaOZbiQZfdSDdwAlborYqNufo6b8gH3DR1wLqNUZDpYvBgAAAAAAAABAQg8AAAAAAAAAAAAAAAAAAAAAAAAAAAAAAAAAAAAAAAAAAAAAAAAA
[2022-02-12T07:55:48.476138000Z DEBUG solana_bpf_loader_program] Program 4uQeVj5tqViQh7yWWGStvkEG1Zmhx6uasJtWCJziofM consumed 109296 of 200000 compute units
[2022-02-12T07:55:48.476353000Z DEBUG solana_program_runtime::stable_log] Program 4uQeVj5tqViQh7yWWGStvkEG1Zmhx6uasJtWCJziofM success
[2022-02-12T07:55:48.495396000Z DEBUG solana_program_runtime::stable_log] Program 4uQeVj5tqViQh7yWWGStvkEG1Zmhx6uasJtWCJziofM invoke [1]
[2022-02-12T07:55:48.496040000Z DEBUG solana_program_runtime::stable_log] Program log: Mango: CreateSpotOpenOrders
[2022-02-12T07:55:48.497312000Z DEBUG solana_program_runtime::stable_log] Program 11111111111111111111111111111111 invoke [2]
[2022-02-12T07:55:48.497379000Z DEBUG solana_program_runtime::stable_log] Program 11111111111111111111111111111111 success
[2022-02-12T07:55:48.505786000Z DEBUG solana_program_runtime::stable_log] Program GcdayuLaLyrdmUu324nahyv33G5poQdLUEZ1nEytDeP invoke [2]
[2022-02-12T07:55:48.507201000Z DEBUG solana_bpf_loader_program] Program GcdayuLaLyrdmUu324nahyv33G5poQdLUEZ1nEytDeP consumed 3417 of 185993 compute units
[2022-02-12T07:55:48.507262000Z DEBUG solana_program_runtime::stable_log] Program GcdayuLaLyrdmUu324nahyv33G5poQdLUEZ1nEytDeP success
[2022-02-12T07:55:48.507537000Z DEBUG solana_bpf_loader_program] Program 4uQeVj5tqViQh7yWWGStvkEG1Zmhx6uasJtWCJziofM consumed 17832 of 200000 compute units
[2022-02-12T07:55:48.507611000Z DEBUG solana_program_runtime::stable_log] Program 4uQeVj5tqViQh7yWWGStvkEG1Zmhx6uasJtWCJziofM success
[2022-02-12T07:55:48.527171000Z DEBUG solana_program_runtime::stable_log] Program 4uQeVj5tqViQh7yWWGStvkEG1Zmhx6uasJtWCJziofM invoke [1]
[2022-02-12T07:55:48.529304000Z DEBUG solana_program_runtime::stable_log] Program log: Mango: PlaceSpotOrder
[2022-02-12T07:55:48.553741000Z DEBUG solana_program_runtime::stable_log] Program GcdayuLaLyrdmUu324nahyv33G5poQdLUEZ1nEytDeP invoke [2]
[2022-02-12T07:55:48.565390000Z DEBUG solana_program_runtime::stable_log] Program TokenkegQfeZyiNwAJbNbGKPFXCWuBvf9Ss623VQ5DA invoke [3]
[2022-02-12T07:55:48.565823000Z DEBUG solana_program_runtime::stable_log] Program log: Instruction: Transfer
[2022-02-12T07:55:48.566725000Z DEBUG solana_bpf_loader_program] Program TokenkegQfeZyiNwAJbNbGKPFXCWuBvf9Ss623VQ5DA consumed 3121 of 133817 compute units
[2022-02-12T07:55:48.566787000Z DEBUG solana_program_runtime::stable_log] Program TokenkegQfeZyiNwAJbNbGKPFXCWuBvf9Ss623VQ5DA success
[2022-02-12T07:55:48.567566000Z DEBUG solana_bpf_loader_program] Program GcdayuLaLyrdmUu324nahyv33G5poQdLUEZ1nEytDeP consumed 15936 of 145460 compute units
[2022-02-12T07:55:48.567714000Z DEBUG solana_program_runtime::stable_log] Program GcdayuLaLyrdmUu324nahyv33G5poQdLUEZ1nEytDeP success
[2022-02-12T07:55:48.577521000Z DEBUG solana_program_runtime::stable_log] Program GcdayuLaLyrdmUu324nahyv33G5poQdLUEZ1nEytDeP invoke [2]
[2022-02-12T07:55:48.588181000Z DEBUG solana_program_runtime::stable_log] Program TokenkegQfeZyiNwAJbNbGKPFXCWuBvf9Ss623VQ5DA invoke [3]
[2022-02-12T07:55:48.588607000Z DEBUG solana_program_runtime::stable_log] Program log: Instruction: Transfer
[2022-02-12T07:55:48.589509000Z DEBUG solana_bpf_loader_program] Program TokenkegQfeZyiNwAJbNbGKPFXCWuBvf9Ss623VQ5DA consumed 3121 of 116185 compute units
[2022-02-12T07:55:48.589562000Z DEBUG solana_program_runtime::stable_log] Program TokenkegQfeZyiNwAJbNbGKPFXCWuBvf9Ss623VQ5DA success
[2022-02-12T07:55:48.597809000Z DEBUG solana_program_runtime::stable_log] Program TokenkegQfeZyiNwAJbNbGKPFXCWuBvf9Ss623VQ5DA invoke [3]
[2022-02-12T07:55:48.598235000Z DEBUG solana_program_runtime::stable_log] Program log: Instruction: Transfer
[2022-02-12T07:55:48.599139000Z DEBUG solana_bpf_loader_program] Program TokenkegQfeZyiNwAJbNbGKPFXCWuBvf9Ss623VQ5DA consumed 3121 of 110321 compute units
[2022-02-12T07:55:48.599192000Z DEBUG solana_program_runtime::stable_log] Program TokenkegQfeZyiNwAJbNbGKPFXCWuBvf9Ss623VQ5DA success
[2022-02-12T07:55:48.599798000Z DEBUG solana_bpf_loader_program] Program GcdayuLaLyrdmUu324nahyv33G5poQdLUEZ1nEytDeP consumed 20198 of 126492 compute units
[2022-02-12T07:55:48.599865000Z DEBUG solana_program_runtime::stable_log] Program GcdayuLaLyrdmUu324nahyv33G5poQdLUEZ1nEytDeP success
[2022-02-12T07:55:48.600753000Z DEBUG solana_program_runtime::stable_log] Program log: mango-log
[2022-02-12T07:55:48.601497000Z DEBUG solana_program_runtime::stable_log] Program log: F5qwwQsqqPSOnQdEtiC3dVJcJz5F0IHHBUtwK3dCY1dTcqbXUIsiDaOZbiQZfdSDdwAlborYqNufo6b8gH3DR1wLqNUZDpYvDwAAAAAAAAAAAAAAAAAAAAAAAAAAAAAAAAAAAAAAAAAAAAAAAAAAAA==
[2022-02-12T07:55:48.602715000Z DEBUG solana_program_runtime::stable_log] Program log: mango-log
[2022-02-12T07:55:48.603447000Z DEBUG solana_program_runtime::stable_log] Program log: F5qwwQsqqPSOnQdEtiC3dVJcJz5F0IHHBUtwK3dCY1dTcqbXUIsiDaOZbiQZfdSDdwAlborYqNufo6b8gH3DR1wLqNUZDpYvBwAAAAAAAAAAAAAAAAAJAAAAAAAAAAAAAAAAAAAAAAAAAAAAAAAAAA==
[2022-02-12T07:55:48.604246000Z DEBUG solana_program_runtime::stable_log] Program log: mango-log
[2022-02-12T07:55:48.605044000Z DEBUG solana_program_runtime::stable_log] Program log: V4pUNuOCxqyOnQdEtiC3dVJcJz5F0IHHBUtwK3dCY1dTcqbXUIsiDaOZbiQZfdSDdwAlborYqNufo6b8gH3DR1wLqNUZDpYvBwAAAAAAAABAQg8AAAAAAAAAAAAAAAAAAAAAAAAAAAAAAAAAAAAAAAAAAAAAAAAA
[2022-02-12T07:55:48.605762000Z DEBUG solana_bpf_loader_program] Program 4uQeVj5tqViQh7yWWGStvkEG1Zmhx6uasJtWCJziofM consumed 110856 of 200000 compute units
[2022-02-12T07:55:48.605975000Z DEBUG solana_program_runtime::stable_log] Program 4uQeVj5tqViQh7yWWGStvkEG1Zmhx6uasJtWCJziofM success
[2022-02-12T07:55:48.625077000Z DEBUG solana_program_runtime::stable_log] Program 4uQeVj5tqViQh7yWWGStvkEG1Zmhx6uasJtWCJziofM invoke [1]
[2022-02-12T07:55:48.625712000Z DEBUG solana_program_runtime::stable_log] Program log: Mango: CreateSpotOpenOrders
[2022-02-12T07:55:48.626864000Z DEBUG solana_program_runtime::stable_log] Program 11111111111111111111111111111111 invoke [2]
[2022-02-12T07:55:48.626935000Z DEBUG solana_program_runtime::stable_log] Program 11111111111111111111111111111111 success
[2022-02-12T07:55:48.635358000Z DEBUG solana_program_runtime::stable_log] Program GcdayuLaLyrdmUu324nahyv33G5poQdLUEZ1nEytDeP invoke [2]
[2022-02-12T07:55:48.636781000Z DEBUG solana_bpf_loader_program] Program GcdayuLaLyrdmUu324nahyv33G5poQdLUEZ1nEytDeP consumed 3417 of 190454 compute units
[2022-02-12T07:55:48.636847000Z DEBUG solana_program_runtime::stable_log] Program GcdayuLaLyrdmUu324nahyv33G5poQdLUEZ1nEytDeP success
[2022-02-12T07:55:48.637122000Z DEBUG solana_bpf_loader_program] Program 4uQeVj5tqViQh7yWWGStvkEG1Zmhx6uasJtWCJziofM consumed 13371 of 200000 compute units
[2022-02-12T07:55:48.637198000Z DEBUG solana_program_runtime::stable_log] Program 4uQeVj5tqViQh7yWWGStvkEG1Zmhx6uasJtWCJziofM success
[2022-02-12T07:55:48.658255000Z DEBUG solana_program_runtime::stable_log] Program 4uQeVj5tqViQh7yWWGStvkEG1Zmhx6uasJtWCJziofM invoke [1]
[2022-02-12T07:55:48.660424000Z DEBUG solana_program_runtime::stable_log] Program log: Mango: PlaceSpotOrder
[2022-02-12T07:55:48.685415000Z DEBUG solana_program_runtime::stable_log] Program GcdayuLaLyrdmUu324nahyv33G5poQdLUEZ1nEytDeP invoke [2]
[2022-02-12T07:55:48.697070000Z DEBUG solana_program_runtime::stable_log] Program TokenkegQfeZyiNwAJbNbGKPFXCWuBvf9Ss623VQ5DA invoke [3]
[2022-02-12T07:55:48.697502000Z DEBUG solana_program_runtime::stable_log] Program log: Instruction: Transfer
[2022-02-12T07:55:48.698412000Z DEBUG solana_bpf_loader_program] Program TokenkegQfeZyiNwAJbNbGKPFXCWuBvf9Ss623VQ5DA consumed 3121 of 132278 compute units
[2022-02-12T07:55:48.698475000Z DEBUG solana_program_runtime::stable_log] Program TokenkegQfeZyiNwAJbNbGKPFXCWuBvf9Ss623VQ5DA success
[2022-02-12T07:55:48.699259000Z DEBUG solana_bpf_loader_program] Program GcdayuLaLyrdmUu324nahyv33G5poQdLUEZ1nEytDeP consumed 15936 of 143921 compute units
[2022-02-12T07:55:48.699403000Z DEBUG solana_program_runtime::stable_log] Program GcdayuLaLyrdmUu324nahyv33G5poQdLUEZ1nEytDeP success
[2022-02-12T07:55:48.709206000Z DEBUG solana_program_runtime::stable_log] Program GcdayuLaLyrdmUu324nahyv33G5poQdLUEZ1nEytDeP invoke [2]
[2022-02-12T07:55:48.719856000Z DEBUG solana_program_runtime::stable_log] Program TokenkegQfeZyiNwAJbNbGKPFXCWuBvf9Ss623VQ5DA invoke [3]
[2022-02-12T07:55:48.720282000Z DEBUG solana_program_runtime::stable_log] Program log: Instruction: Transfer
[2022-02-12T07:55:48.721184000Z DEBUG solana_bpf_loader_program] Program TokenkegQfeZyiNwAJbNbGKPFXCWuBvf9Ss623VQ5DA consumed 3121 of 114646 compute units
[2022-02-12T07:55:48.721234000Z DEBUG solana_program_runtime::stable_log] Program TokenkegQfeZyiNwAJbNbGKPFXCWuBvf9Ss623VQ5DA success
[2022-02-12T07:55:48.729482000Z DEBUG solana_program_runtime::stable_log] Program TokenkegQfeZyiNwAJbNbGKPFXCWuBvf9Ss623VQ5DA invoke [3]
[2022-02-12T07:55:48.729909000Z DEBUG solana_program_runtime::stable_log] Program log: Instruction: Transfer
[2022-02-12T07:55:48.730808000Z DEBUG solana_bpf_loader_program] Program TokenkegQfeZyiNwAJbNbGKPFXCWuBvf9Ss623VQ5DA consumed 3121 of 108782 compute units
[2022-02-12T07:55:48.730858000Z DEBUG solana_program_runtime::stable_log] Program TokenkegQfeZyiNwAJbNbGKPFXCWuBvf9Ss623VQ5DA success
[2022-02-12T07:55:48.731469000Z DEBUG solana_bpf_loader_program] Program GcdayuLaLyrdmUu324nahyv33G5poQdLUEZ1nEytDeP consumed 20198 of 124953 compute units
[2022-02-12T07:55:48.731537000Z DEBUG solana_program_runtime::stable_log] Program GcdayuLaLyrdmUu324nahyv33G5poQdLUEZ1nEytDeP success
[2022-02-12T07:55:48.732428000Z DEBUG solana_program_runtime::stable_log] Program log: mango-log
[2022-02-12T07:55:48.733166000Z DEBUG solana_program_runtime::stable_log] Program log: F5qwwQsqqPSOnQdEtiC3dVJcJz5F0IHHBUtwK3dCY1dTcqbXUIsiDaOZbiQZfdSDdwAlborYqNufo6b8gH3DR1wLqNUZDpYvDwAAAAAAAAAAAAAAAAAAAAAAAAAAAAAAAAAAAAAAAAAAAAAAAAAAAA==
[2022-02-12T07:55:48.734384000Z DEBUG solana_program_runtime::stable_log] Program log: mango-log
[2022-02-12T07:55:48.735119000Z DEBUG solana_program_runtime::stable_log] Program log: F5qwwQsqqPSOnQdEtiC3dVJcJz5F0IHHBUtwK3dCY1dTcqbXUIsiDaOZbiQZfdSDdwAlborYqNufo6b8gH3DR1wLqNUZDpYvCAAAAAAAAAAAAAAAAAAJAAAAAAAAAAAAAAAAAAAAAAAAAAAAAAAAAA==
[2022-02-12T07:55:48.735918000Z DEBUG solana_program_runtime::stable_log] Program log: mango-log
[2022-02-12T07:55:48.736717000Z DEBUG solana_program_runtime::stable_log] Program log: V4pUNuOCxqyOnQdEtiC3dVJcJz5F0IHHBUtwK3dCY1dTcqbXUIsiDaOZbiQZfdSDdwAlborYqNufo6b8gH3DR1wLqNUZDpYvCAAAAAAAAABAQg8AAAAAAAAAAAAAAAAAAAAAAAAAAAAAAAAAAAAAAAAAAAAAAAAA
[2022-02-12T07:55:48.737448000Z DEBUG solana_bpf_loader_program] Program 4uQeVj5tqViQh7yWWGStvkEG1Zmhx6uasJtWCJziofM consumed 112416 of 200000 compute units
[2022-02-12T07:55:48.737664000Z DEBUG solana_program_runtime::stable_log] Program 4uQeVj5tqViQh7yWWGStvkEG1Zmhx6uasJtWCJziofM success
[2022-02-12T07:55:48.779357000Z DEBUG solana_program_runtime::stable_log] Program 4uQeVj5tqViQh7yWWGStvkEG1Zmhx6uasJtWCJziofM invoke [1]
[2022-02-12T07:55:48.780536000Z DEBUG solana_program_runtime::stable_log] Program log: Mango: CachePrices
[2022-02-12T07:55:48.783593000Z DEBUG solana_program_runtime::stable_log] Program log: mango-log
[2022-02-12T07:55:48.785397000Z DEBUG solana_program_runtime::stable_log] Program log: ux0uSxX5tBuOnQdEtiC3dVJcJz5F0IHHBUtwK3dCY1dTcqbXUIsiDQ8AAAAAAAAAAAAAAAEAAAAAAAAAAgAAAAAAAAADAAAAAAAAAAQAAAAAAAAABQAAAAAAAAAGAAAAAAAAAAcAAAAAAAAACAAAAAAAAAAJAAAAAAAAAAoAAAAAAAAACwAAAAAAAAAMAAAAAAAAAA0AAAAAAAAADgAAAAAAAAAPAAAAAG4AAAAAECcAAAAAAAAAAABuAAAAABAnAAAAAAAAAAAAbgAAAAAQJwAAAAAAAAAAAG4AAAAAECcAAAAAAAAAABwAAAAAAAoAAAAAAAAAAAAAbgAAAAAQJwAAAAAAAAAAAG4AAAAAECcAAAAAAAAAAABuAAAAABAnAAAAAAAAAAAAbgAAAAAQJwAAAAAAAAAAAG4AAAAAECcAAAAAAAAAAABuAAAAABAnAAAAAAAAAAAAbgAAAAAQJwAAAAAAAAAAAG4AAAAAECcAAAAAAAAAAABuAAAAABAnAAAAAAAAAAAAbgAAAAAQJwAAAAAAAAAA
[2022-02-12T07:55:48.785784000Z DEBUG solana_bpf_loader_program] Program 4uQeVj5tqViQh7yWWGStvkEG1Zmhx6uasJtWCJziofM consumed 18318 of 200000 compute units
[2022-02-12T07:55:48.785862000Z DEBUG solana_program_runtime::stable_log] Program 4uQeVj5tqViQh7yWWGStvkEG1Zmhx6uasJtWCJziofM success
[2022-02-12T07:55:48.795862000Z DEBUG solana_program_runtime::stable_log] Program 4uQeVj5tqViQh7yWWGStvkEG1Zmhx6uasJtWCJziofM invoke [1]
[2022-02-12T07:55:48.796257000Z DEBUG solana_program_runtime::stable_log] Program log: Mango: UpdateRootBank
[2022-02-12T07:55:48.799014000Z DEBUG solana_program_runtime::stable_log] Program log: mango-log
[2022-02-12T07:55:48.799616000Z DEBUG solana_program_runtime::stable_log] Program log: 8HmBNKTUaLiOnQdEtiC3dVJcJz5F0IHHBUtwK3dCY1dTcqbXUIsiDQAAAAAAAAAAAAAAAAAAQEIPAAAAAAAAAAAAAAAAAEBCDwAAAAAAAAA=
[2022-02-12T07:55:48.799743000Z DEBUG solana_bpf_loader_program] Program 4uQeVj5tqViQh7yWWGStvkEG1Zmhx6uasJtWCJziofM consumed 11798 of 200000 compute units
[2022-02-12T07:55:48.799800000Z DEBUG solana_program_runtime::stable_log] Program 4uQeVj5tqViQh7yWWGStvkEG1Zmhx6uasJtWCJziofM success
[2022-02-12T07:55:48.810263000Z DEBUG solana_program_runtime::stable_log] Program 4uQeVj5tqViQh7yWWGStvkEG1Zmhx6uasJtWCJziofM invoke [1]
[2022-02-12T07:55:48.810650000Z DEBUG solana_program_runtime::stable_log] Program log: Mango: UpdateRootBank
[2022-02-12T07:55:48.813408000Z DEBUG solana_program_runtime::stable_log] Program log: mango-log
[2022-02-12T07:55:48.814008000Z DEBUG solana_program_runtime::stable_log] Program log: 8HmBNKTUaLiOnQdEtiC3dVJcJz5F0IHHBUtwK3dCY1dTcqbXUIsiDQEAAAAAAAAAAAAAAAAAQEIPAAAAAAAAAAAAAAAAAEBCDwAAAAAAAAA=
[2022-02-12T07:55:48.814138000Z DEBUG solana_bpf_loader_program] Program 4uQeVj5tqViQh7yWWGStvkEG1Zmhx6uasJtWCJziofM consumed 11838 of 200000 compute units
[2022-02-12T07:55:48.814193000Z DEBUG solana_program_runtime::stable_log] Program 4uQeVj5tqViQh7yWWGStvkEG1Zmhx6uasJtWCJziofM success
[2022-02-12T07:55:48.824668000Z DEBUG solana_program_runtime::stable_log] Program 4uQeVj5tqViQh7yWWGStvkEG1Zmhx6uasJtWCJziofM invoke [1]
[2022-02-12T07:55:48.825055000Z DEBUG solana_program_runtime::stable_log] Program log: Mango: UpdateRootBank
[2022-02-12T07:55:48.827841000Z DEBUG solana_program_runtime::stable_log] Program log: mango-log
[2022-02-12T07:55:48.828444000Z DEBUG solana_program_runtime::stable_log] Program log: 8HmBNKTUaLiOnQdEtiC3dVJcJz5F0IHHBUtwK3dCY1dTcqbXUIsiDQIAAAAAAAAAAAAAAAAAQEIPAAAAAAAAAAAAAAAAAEBCDwAAAAAAAAA=
[2022-02-12T07:55:48.828570000Z DEBUG solana_bpf_loader_program] Program 4uQeVj5tqViQh7yWWGStvkEG1Zmhx6uasJtWCJziofM consumed 11877 of 200000 compute units
[2022-02-12T07:55:48.828624000Z DEBUG solana_program_runtime::stable_log] Program 4uQeVj5tqViQh7yWWGStvkEG1Zmhx6uasJtWCJziofM success
[2022-02-12T07:55:48.838997000Z DEBUG solana_program_runtime::stable_log] Program 4uQeVj5tqViQh7yWWGStvkEG1Zmhx6uasJtWCJziofM invoke [1]
[2022-02-12T07:55:48.839383000Z DEBUG solana_program_runtime::stable_log] Program log: Mango: UpdateRootBank
[2022-02-12T07:55:48.842175000Z DEBUG solana_program_runtime::stable_log] Program log: mango-log
[2022-02-12T07:55:48.842775000Z DEBUG solana_program_runtime::stable_log] Program log: 8HmBNKTUaLiOnQdEtiC3dVJcJz5F0IHHBUtwK3dCY1dTcqbXUIsiDQMAAAAAAAAAAAAAAAAAQEIPAAAAAAAAAAAAAAAAAEBCDwAAAAAAAAA=
[2022-02-12T07:55:48.842899000Z DEBUG solana_bpf_loader_program] Program 4uQeVj5tqViQh7yWWGStvkEG1Zmhx6uasJtWCJziofM consumed 11916 of 200000 compute units
[2022-02-12T07:55:48.842951000Z DEBUG solana_program_runtime::stable_log] Program 4uQeVj5tqViQh7yWWGStvkEG1Zmhx6uasJtWCJziofM success
[2022-02-12T07:55:48.854450000Z DEBUG solana_program_runtime::stable_log] Program 4uQeVj5tqViQh7yWWGStvkEG1Zmhx6uasJtWCJziofM invoke [1]
[2022-02-12T07:55:48.854835000Z DEBUG solana_program_runtime::stable_log] Program log: Mango: UpdateRootBank
[2022-02-12T07:55:48.857636000Z DEBUG solana_program_runtime::stable_log] Program log: mango-log
[2022-02-12T07:55:48.858236000Z DEBUG solana_program_runtime::stable_log] Program log: 8HmBNKTUaLiOnQdEtiC3dVJcJz5F0IHHBUtwK3dCY1dTcqbXUIsiDQQAAAAAAAAAAAAAAAAAQEIPAAAAAAAAAAAAAAAAAEBCDwAAAAAAAAA=
[2022-02-12T07:55:48.858360000Z DEBUG solana_bpf_loader_program] Program 4uQeVj5tqViQh7yWWGStvkEG1Zmhx6uasJtWCJziofM consumed 11955 of 200000 compute units
[2022-02-12T07:55:48.858413000Z DEBUG solana_program_runtime::stable_log] Program 4uQeVj5tqViQh7yWWGStvkEG1Zmhx6uasJtWCJziofM success
[2022-02-12T07:55:48.869182000Z DEBUG solana_program_runtime::stable_log] Program 4uQeVj5tqViQh7yWWGStvkEG1Zmhx6uasJtWCJziofM invoke [1]
[2022-02-12T07:55:48.869570000Z DEBUG solana_program_runtime::stable_log] Program log: Mango: UpdateRootBank
[2022-02-12T07:55:48.872386000Z DEBUG solana_program_runtime::stable_log] Program log: mango-log
[2022-02-12T07:55:48.872985000Z DEBUG solana_program_runtime::stable_log] Program log: 8HmBNKTUaLiOnQdEtiC3dVJcJz5F0IHHBUtwK3dCY1dTcqbXUIsiDQUAAAAAAAAAAAAAAAAAQEIPAAAAAAAAAAAAAAAAAEBCDwAAAAAAAAA=
[2022-02-12T07:55:48.873108000Z DEBUG solana_bpf_loader_program] Program 4uQeVj5tqViQh7yWWGStvkEG1Zmhx6uasJtWCJziofM consumed 11994 of 200000 compute units
[2022-02-12T07:55:48.873161000Z DEBUG solana_program_runtime::stable_log] Program 4uQeVj5tqViQh7yWWGStvkEG1Zmhx6uasJtWCJziofM success
[2022-02-12T07:55:48.883447000Z DEBUG solana_program_runtime::stable_log] Program 4uQeVj5tqViQh7yWWGStvkEG1Zmhx6uasJtWCJziofM invoke [1]
[2022-02-12T07:55:48.883834000Z DEBUG solana_program_runtime::stable_log] Program log: Mango: UpdateRootBank
[2022-02-12T07:55:48.886661000Z DEBUG solana_program_runtime::stable_log] Program log: mango-log
[2022-02-12T07:55:48.887265000Z DEBUG solana_program_runtime::stable_log] Program log: 8HmBNKTUaLiOnQdEtiC3dVJcJz5F0IHHBUtwK3dCY1dTcqbXUIsiDQYAAAAAAAAAAAAAAAAAQEIPAAAAAAAAAAAAAAAAAEBCDwAAAAAAAAA=
[2022-02-12T07:55:48.887390000Z DEBUG solana_bpf_loader_program] Program 4uQeVj5tqViQh7yWWGStvkEG1Zmhx6uasJtWCJziofM consumed 12033 of 200000 compute units
[2022-02-12T07:55:48.887446000Z DEBUG solana_program_runtime::stable_log] Program 4uQeVj5tqViQh7yWWGStvkEG1Zmhx6uasJtWCJziofM success
[2022-02-12T07:55:48.897757000Z DEBUG solana_program_runtime::stable_log] Program 4uQeVj5tqViQh7yWWGStvkEG1Zmhx6uasJtWCJziofM invoke [1]
[2022-02-12T07:55:48.898144000Z DEBUG solana_program_runtime::stable_log] Program log: Mango: UpdateRootBank
[2022-02-12T07:55:48.900987000Z DEBUG solana_program_runtime::stable_log] Program log: mango-log
[2022-02-12T07:55:48.901590000Z DEBUG solana_program_runtime::stable_log] Program log: 8HmBNKTUaLiOnQdEtiC3dVJcJz5F0IHHBUtwK3dCY1dTcqbXUIsiDQcAAAAAAAAAAAAAAAAAQEIPAAAAAAAAAAAAAAAAAEBCDwAAAAAAAAA=
[2022-02-12T07:55:48.901717000Z DEBUG solana_bpf_loader_program] Program 4uQeVj5tqViQh7yWWGStvkEG1Zmhx6uasJtWCJziofM consumed 12072 of 200000 compute units
[2022-02-12T07:55:48.901769000Z DEBUG solana_program_runtime::stable_log] Program 4uQeVj5tqViQh7yWWGStvkEG1Zmhx6uasJtWCJziofM success
[2022-02-12T07:55:48.912104000Z DEBUG solana_program_runtime::stable_log] Program 4uQeVj5tqViQh7yWWGStvkEG1Zmhx6uasJtWCJziofM invoke [1]
[2022-02-12T07:55:48.912491000Z DEBUG solana_program_runtime::stable_log] Program log: Mango: UpdateRootBank
[2022-02-12T07:55:48.915346000Z DEBUG solana_program_runtime::stable_log] Program log: mango-log
[2022-02-12T07:55:48.915946000Z DEBUG solana_program_runtime::stable_log] Program log: 8HmBNKTUaLiOnQdEtiC3dVJcJz5F0IHHBUtwK3dCY1dTcqbXUIsiDQgAAAAAAAAAAAAAAAAAQEIPAAAAAAAAAAAAAAAAAEBCDwAAAAAAAAA=
[2022-02-12T07:55:48.916070000Z DEBUG solana_bpf_loader_program] Program 4uQeVj5tqViQh7yWWGStvkEG1Zmhx6uasJtWCJziofM consumed 12111 of 200000 compute units
[2022-02-12T07:55:48.916123000Z DEBUG solana_program_runtime::stable_log] Program 4uQeVj5tqViQh7yWWGStvkEG1Zmhx6uasJtWCJziofM success
[2022-02-12T07:55:48.927605000Z DEBUG solana_program_runtime::stable_log] Program 4uQeVj5tqViQh7yWWGStvkEG1Zmhx6uasJtWCJziofM invoke [1]
[2022-02-12T07:55:48.927987000Z DEBUG solana_program_runtime::stable_log] Program log: Mango: UpdateRootBank
[2022-02-12T07:55:48.930848000Z DEBUG solana_program_runtime::stable_log] Program log: mango-log
[2022-02-12T07:55:48.931448000Z DEBUG solana_program_runtime::stable_log] Program log: 8HmBNKTUaLiOnQdEtiC3dVJcJz5F0IHHBUtwK3dCY1dTcqbXUIsiDQkAAAAAAAAAAAAAAAAAQEIPAAAAAAAAAAAAAAAAAEBCDwAAAAAAAAA=
[2022-02-12T07:55:48.931574000Z DEBUG solana_bpf_loader_program] Program 4uQeVj5tqViQh7yWWGStvkEG1Zmhx6uasJtWCJziofM consumed 12149 of 200000 compute units
[2022-02-12T07:55:48.931628000Z DEBUG solana_program_runtime::stable_log] Program 4uQeVj5tqViQh7yWWGStvkEG1Zmhx6uasJtWCJziofM success
[2022-02-12T07:55:48.941979000Z DEBUG solana_program_runtime::stable_log] Program 4uQeVj5tqViQh7yWWGStvkEG1Zmhx6uasJtWCJziofM invoke [1]
[2022-02-12T07:55:48.942368000Z DEBUG solana_program_runtime::stable_log] Program log: Mango: UpdateRootBank
[2022-02-12T07:55:48.945249000Z DEBUG solana_program_runtime::stable_log] Program log: mango-log
[2022-02-12T07:55:48.945844000Z DEBUG solana_program_runtime::stable_log] Program log: 8HmBNKTUaLiOnQdEtiC3dVJcJz5F0IHHBUtwK3dCY1dTcqbXUIsiDQoAAAAAAAAAAAAAAAAAQEIPAAAAAAAAAAAAAAAAAEBCDwAAAAAAAAA=
[2022-02-12T07:55:48.945968000Z DEBUG solana_bpf_loader_program] Program 4uQeVj5tqViQh7yWWGStvkEG1Zmhx6uasJtWCJziofM consumed 12188 of 200000 compute units
[2022-02-12T07:55:48.946020000Z DEBUG solana_program_runtime::stable_log] Program 4uQeVj5tqViQh7yWWGStvkEG1Zmhx6uasJtWCJziofM success
[2022-02-12T07:55:48.956686000Z DEBUG solana_program_runtime::stable_log] Program 4uQeVj5tqViQh7yWWGStvkEG1Zmhx6uasJtWCJziofM invoke [1]
[2022-02-12T07:55:48.957079000Z DEBUG solana_program_runtime::stable_log] Program log: Mango: UpdateRootBank
[2022-02-12T07:55:48.959974000Z DEBUG solana_program_runtime::stable_log] Program log: mango-log
[2022-02-12T07:55:48.960581000Z DEBUG solana_program_runtime::stable_log] Program log: 8HmBNKTUaLiOnQdEtiC3dVJcJz5F0IHHBUtwK3dCY1dTcqbXUIsiDQsAAAAAAAAAAAAAAAAAQEIPAAAAAAAAAAAAAAAAAEBCDwAAAAAAAAA=
[2022-02-12T07:55:48.960705000Z DEBUG solana_bpf_loader_program] Program 4uQeVj5tqViQh7yWWGStvkEG1Zmhx6uasJtWCJziofM consumed 12227 of 200000 compute units
[2022-02-12T07:55:48.960758000Z DEBUG solana_program_runtime::stable_log] Program 4uQeVj5tqViQh7yWWGStvkEG1Zmhx6uasJtWCJziofM success
[2022-02-12T07:55:48.972355000Z DEBUG solana_program_runtime::stable_log] Program 4uQeVj5tqViQh7yWWGStvkEG1Zmhx6uasJtWCJziofM invoke [1]
[2022-02-12T07:55:48.972756000Z DEBUG solana_program_runtime::stable_log] Program log: Mango: UpdateRootBank
[2022-02-12T07:55:48.975665000Z DEBUG solana_program_runtime::stable_log] Program log: mango-log
[2022-02-12T07:55:48.976266000Z DEBUG solana_program_runtime::stable_log] Program log: 8HmBNKTUaLiOnQdEtiC3dVJcJz5F0IHHBUtwK3dCY1dTcqbXUIsiDQwAAAAAAAAAAAAAAAAAQEIPAAAAAAAAAAAAAAAAAEBCDwAAAAAAAAA=
[2022-02-12T07:55:48.976393000Z DEBUG solana_bpf_loader_program] Program 4uQeVj5tqViQh7yWWGStvkEG1Zmhx6uasJtWCJziofM consumed 12266 of 200000 compute units
[2022-02-12T07:55:48.976453000Z DEBUG solana_program_runtime::stable_log] Program 4uQeVj5tqViQh7yWWGStvkEG1Zmhx6uasJtWCJziofM success
[2022-02-12T07:55:48.986635000Z DEBUG solana_program_runtime::stable_log] Program 4uQeVj5tqViQh7yWWGStvkEG1Zmhx6uasJtWCJziofM invoke [1]
[2022-02-12T07:55:48.987028000Z DEBUG solana_program_runtime::stable_log] Program log: Mango: UpdateRootBank
[2022-02-12T07:55:48.989946000Z DEBUG solana_program_runtime::stable_log] Program log: mango-log
[2022-02-12T07:55:48.990548000Z DEBUG solana_program_runtime::stable_log] Program log: 8HmBNKTUaLiOnQdEtiC3dVJcJz5F0IHHBUtwK3dCY1dTcqbXUIsiDQ0AAAAAAAAAAAAAAAAAQEIPAAAAAAAAAAAAAAAAAEBCDwAAAAAAAAA=
[2022-02-12T07:55:48.990674000Z DEBUG solana_bpf_loader_program] Program 4uQeVj5tqViQh7yWWGStvkEG1Zmhx6uasJtWCJziofM consumed 12314 of 200000 compute units
[2022-02-12T07:55:48.990729000Z DEBUG solana_program_runtime::stable_log] Program 4uQeVj5tqViQh7yWWGStvkEG1Zmhx6uasJtWCJziofM success
[2022-02-12T07:55:49.000948000Z DEBUG solana_program_runtime::stable_log] Program 4uQeVj5tqViQh7yWWGStvkEG1Zmhx6uasJtWCJziofM invoke [1]
[2022-02-12T07:55:49.001339000Z DEBUG solana_program_runtime::stable_log] Program log: Mango: UpdateRootBank
[2022-02-12T07:55:49.004265000Z DEBUG solana_program_runtime::stable_log] Program log: mango-log
[2022-02-12T07:55:49.004873000Z DEBUG solana_program_runtime::stable_log] Program log: 8HmBNKTUaLiOnQdEtiC3dVJcJz5F0IHHBUtwK3dCY1dTcqbXUIsiDQ4AAAAAAAAAAAAAAAAAQEIPAAAAAAAAAAAAAAAAAEBCDwAAAAAAAAA=
[2022-02-12T07:55:49.004997000Z DEBUG solana_bpf_loader_program] Program 4uQeVj5tqViQh7yWWGStvkEG1Zmhx6uasJtWCJziofM consumed 12344 of 200000 compute units
[2022-02-12T07:55:49.005049000Z DEBUG solana_program_runtime::stable_log] Program 4uQeVj5tqViQh7yWWGStvkEG1Zmhx6uasJtWCJziofM success
[2022-02-12T07:55:49.015308000Z DEBUG solana_program_runtime::stable_log] Program 4uQeVj5tqViQh7yWWGStvkEG1Zmhx6uasJtWCJziofM invoke [1]
[2022-02-12T07:55:49.015692000Z DEBUG solana_program_runtime::stable_log] Program log: Mango: UpdateRootBank
[2022-02-12T07:55:49.017997000Z DEBUG solana_program_runtime::stable_log] Program log: mango-log
[2022-02-12T07:55:49.018593000Z DEBUG solana_program_runtime::stable_log] Program log: 8HmBNKTUaLiOnQdEtiC3dVJcJz5F0IHHBUtwK3dCY1dTcqbXUIsiDQ8AAAAAAAAAAAAAAAAAQEIPAAAAAAAAAAAAAAAAAEBCDwAAAAAAAAA=
[2022-02-12T07:55:49.018719000Z DEBUG solana_bpf_loader_program] Program 4uQeVj5tqViQh7yWWGStvkEG1Zmhx6uasJtWCJziofM consumed 9946 of 200000 compute units
[2022-02-12T07:55:49.018773000Z DEBUG solana_program_runtime::stable_log] Program 4uQeVj5tqViQh7yWWGStvkEG1Zmhx6uasJtWCJziofM success
[2022-02-12T07:55:49.029672000Z DEBUG solana_program_runtime::stable_log] Program 4uQeVj5tqViQh7yWWGStvkEG1Zmhx6uasJtWCJziofM invoke [1]
[2022-02-12T07:55:49.030126000Z DEBUG solana_program_runtime::stable_log] Program log: Mango: UpdateFunding
[2022-02-12T07:55:49.031221000Z DEBUG solana_program_runtime::stable_log] Program log: mango-log
[2022-02-12T07:55:49.031829000Z DEBUG solana_program_runtime::stable_log] Program log: ta5iwCEXTXuOnQdEtiC3dVJcJz5F0IHHBUtwK3dCY1dTcqbXUIsiDQAAAAAAAAAAAAAAAAAAAAAAAAAAAAAAAAAAAAAAAAAAAAAAAAAAAAA=
[2022-02-12T07:55:49.031979000Z DEBUG solana_bpf_loader_program] Program 4uQeVj5tqViQh7yWWGStvkEG1Zmhx6uasJtWCJziofM consumed 6381 of 200000 compute units
[2022-02-12T07:55:49.032044000Z DEBUG solana_program_runtime::stable_log] Program 4uQeVj5tqViQh7yWWGStvkEG1Zmhx6uasJtWCJziofM success
[2022-02-12T07:55:49.042766000Z DEBUG solana_program_runtime::stable_log] Program 4uQeVj5tqViQh7yWWGStvkEG1Zmhx6uasJtWCJziofM invoke [1]
[2022-02-12T07:55:49.043208000Z DEBUG solana_program_runtime::stable_log] Program log: Mango: UpdateFunding
[2022-02-12T07:55:49.044307000Z DEBUG solana_program_runtime::stable_log] Program log: mango-log
[2022-02-12T07:55:49.044908000Z DEBUG solana_program_runtime::stable_log] Program log: ta5iwCEXTXuOnQdEtiC3dVJcJz5F0IHHBUtwK3dCY1dTcqbXUIsiDQEAAAAAAAAAAAAAAAAAAAAAAAAAAAAAAAAAAAAAAAAAAAAAAAAAAAA=
[2022-02-12T07:55:49.045060000Z DEBUG solana_bpf_loader_program] Program 4uQeVj5tqViQh7yWWGStvkEG1Zmhx6uasJtWCJziofM consumed 6421 of 200000 compute units
[2022-02-12T07:55:49.045128000Z DEBUG solana_program_runtime::stable_log] Program 4uQeVj5tqViQh7yWWGStvkEG1Zmhx6uasJtWCJziofM success
[2022-02-12T07:55:49.055683000Z DEBUG solana_program_runtime::stable_log] Program 4uQeVj5tqViQh7yWWGStvkEG1Zmhx6uasJtWCJziofM invoke [1]
[2022-02-12T07:55:49.056131000Z DEBUG solana_program_runtime::stable_log] Program log: Mango: UpdateFunding
[2022-02-12T07:55:49.057246000Z DEBUG solana_program_runtime::stable_log] Program log: mango-log
[2022-02-12T07:55:49.057854000Z DEBUG solana_program_runtime::stable_log] Program log: ta5iwCEXTXuOnQdEtiC3dVJcJz5F0IHHBUtwK3dCY1dTcqbXUIsiDQIAAAAAAAAAAAAAAAAAAAAAAAAAAAAAAAAAAAAAAAAAAAAAAAAAAAA=
[2022-02-12T07:55:49.058005000Z DEBUG solana_bpf_loader_program] Program 4uQeVj5tqViQh7yWWGStvkEG1Zmhx6uasJtWCJziofM consumed 6460 of 200000 compute units
[2022-02-12T07:55:49.058072000Z DEBUG solana_program_runtime::stable_log] Program 4uQeVj5tqViQh7yWWGStvkEG1Zmhx6uasJtWCJziofM success
[2022-02-12T07:55:49.068624000Z DEBUG solana_program_runtime::stable_log] Program 4uQeVj5tqViQh7yWWGStvkEG1Zmhx6uasJtWCJziofM invoke [1]
[2022-02-12T07:55:49.069066000Z DEBUG solana_program_runtime::stable_log] Program log: Mango: UpdateFunding
[2022-02-12T07:55:49.070197000Z DEBUG solana_program_runtime::stable_log] Program log: mango-log
[2022-02-12T07:55:49.070796000Z DEBUG solana_program_runtime::stable_log] Program log: ta5iwCEXTXuOnQdEtiC3dVJcJz5F0IHHBUtwK3dCY1dTcqbXUIsiDQMAAAAAAAAAAAAAAAAAAAAAAAAAAAAAAAAAAAAAAAAAAAAAAAAAAAA=
[2022-02-12T07:55:49.070945000Z DEBUG solana_bpf_loader_program] Program 4uQeVj5tqViQh7yWWGStvkEG1Zmhx6uasJtWCJziofM consumed 6499 of 200000 compute units
[2022-02-12T07:55:49.071012000Z DEBUG solana_program_runtime::stable_log] Program 4uQeVj5tqViQh7yWWGStvkEG1Zmhx6uasJtWCJziofM success
[2022-02-12T07:55:49.081663000Z DEBUG solana_program_runtime::stable_log] Program 4uQeVj5tqViQh7yWWGStvkEG1Zmhx6uasJtWCJziofM invoke [1]
[2022-02-12T07:55:49.082108000Z DEBUG solana_program_runtime::stable_log] Program log: Mango: UpdateFunding
[2022-02-12T07:55:49.083255000Z DEBUG solana_program_runtime::stable_log] Program log: mango-log
[2022-02-12T07:55:49.083858000Z DEBUG solana_program_runtime::stable_log] Program log: ta5iwCEXTXuOnQdEtiC3dVJcJz5F0IHHBUtwK3dCY1dTcqbXUIsiDQQAAAAAAAAAAAAAAAAAAAAAAAAAAAAAAAAAAAAAAAAAAAAAAAAAAAA=
[2022-02-12T07:55:49.084004000Z DEBUG solana_bpf_loader_program] Program 4uQeVj5tqViQh7yWWGStvkEG1Zmhx6uasJtWCJziofM consumed 6538 of 200000 compute units
[2022-02-12T07:55:49.084069000Z DEBUG solana_program_runtime::stable_log] Program 4uQeVj5tqViQh7yWWGStvkEG1Zmhx6uasJtWCJziofM success
[2022-02-12T07:55:49.094470000Z DEBUG solana_program_runtime::stable_log] Program 4uQeVj5tqViQh7yWWGStvkEG1Zmhx6uasJtWCJziofM invoke [1]
[2022-02-12T07:55:49.094916000Z DEBUG solana_program_runtime::stable_log] Program log: Mango: UpdateFunding
[2022-02-12T07:55:49.096072000Z DEBUG solana_program_runtime::stable_log] Program log: mango-log
[2022-02-12T07:55:49.096675000Z DEBUG solana_program_runtime::stable_log] Program log: ta5iwCEXTXuOnQdEtiC3dVJcJz5F0IHHBUtwK3dCY1dTcqbXUIsiDQUAAAAAAAAAAAAAAAAAAAAAAAAAAAAAAAAAAAAAAAAAAAAAAAAAAAA=
[2022-02-12T07:55:49.096823000Z DEBUG solana_bpf_loader_program] Program 4uQeVj5tqViQh7yWWGStvkEG1Zmhx6uasJtWCJziofM consumed 6577 of 200000 compute units
[2022-02-12T07:55:49.096890000Z DEBUG solana_program_runtime::stable_log] Program 4uQeVj5tqViQh7yWWGStvkEG1Zmhx6uasJtWCJziofM success
[2022-02-12T07:55:49.107507000Z DEBUG solana_program_runtime::stable_log] Program 4uQeVj5tqViQh7yWWGStvkEG1Zmhx6uasJtWCJziofM invoke [1]
[2022-02-12T07:55:49.107954000Z DEBUG solana_program_runtime::stable_log] Program log: Mango: UpdateFunding
[2022-02-12T07:55:49.109125000Z DEBUG solana_program_runtime::stable_log] Program log: mango-log
[2022-02-12T07:55:49.109729000Z DEBUG solana_program_runtime::stable_log] Program log: ta5iwCEXTXuOnQdEtiC3dVJcJz5F0IHHBUtwK3dCY1dTcqbXUIsiDQYAAAAAAAAAAAAAAAAAAAAAAAAAAAAAAAAAAAAAAAAAAAAAAAAAAAA=
[2022-02-12T07:55:49.109879000Z DEBUG solana_bpf_loader_program] Program 4uQeVj5tqViQh7yWWGStvkEG1Zmhx6uasJtWCJziofM consumed 6616 of 200000 compute units
[2022-02-12T07:55:49.109943000Z DEBUG solana_program_runtime::stable_log] Program 4uQeVj5tqViQh7yWWGStvkEG1Zmhx6uasJtWCJziofM success
[2022-02-12T07:55:49.121968000Z DEBUG solana_program_runtime::stable_log] Program 4uQeVj5tqViQh7yWWGStvkEG1Zmhx6uasJtWCJziofM invoke [1]
[2022-02-12T07:55:49.122412000Z DEBUG solana_program_runtime::stable_log] Program log: Mango: UpdateFunding
[2022-02-12T07:55:49.123592000Z DEBUG solana_program_runtime::stable_log] Program log: mango-log
[2022-02-12T07:55:49.124197000Z DEBUG solana_program_runtime::stable_log] Program log: ta5iwCEXTXuOnQdEtiC3dVJcJz5F0IHHBUtwK3dCY1dTcqbXUIsiDQcAAAAAAAAAAAAAAAAAAAAAAAAAAAAAAAAAAAAAAAAAAAAAAAAAAAA=
[2022-02-12T07:55:49.124342000Z DEBUG solana_bpf_loader_program] Program 4uQeVj5tqViQh7yWWGStvkEG1Zmhx6uasJtWCJziofM consumed 6655 of 200000 compute units
[2022-02-12T07:55:49.124407000Z DEBUG solana_program_runtime::stable_log] Program 4uQeVj5tqViQh7yWWGStvkEG1Zmhx6uasJtWCJziofM success
[2022-02-12T07:55:49.135145000Z DEBUG solana_program_runtime::stable_log] Program 4uQeVj5tqViQh7yWWGStvkEG1Zmhx6uasJtWCJziofM invoke [1]
[2022-02-12T07:55:49.135588000Z DEBUG solana_program_runtime::stable_log] Program log: Mango: UpdateFunding
[2022-02-12T07:55:49.136790000Z DEBUG solana_program_runtime::stable_log] Program log: mango-log
[2022-02-12T07:55:49.137392000Z DEBUG solana_program_runtime::stable_log] Program log: ta5iwCEXTXuOnQdEtiC3dVJcJz5F0IHHBUtwK3dCY1dTcqbXUIsiDQgAAAAAAAAAAAAAAAAAAAAAAAAAAAAAAAAAAAAAAAAAAAAAAAAAAAA=
[2022-02-12T07:55:49.137541000Z DEBUG solana_bpf_loader_program] Program 4uQeVj5tqViQh7yWWGStvkEG1Zmhx6uasJtWCJziofM consumed 6694 of 200000 compute units
[2022-02-12T07:55:49.137606000Z DEBUG solana_program_runtime::stable_log] Program 4uQeVj5tqViQh7yWWGStvkEG1Zmhx6uasJtWCJziofM success
[2022-02-12T07:55:49.148091000Z DEBUG solana_program_runtime::stable_log] Program 4uQeVj5tqViQh7yWWGStvkEG1Zmhx6uasJtWCJziofM invoke [1]
[2022-02-12T07:55:49.148534000Z DEBUG solana_program_runtime::stable_log] Program log: Mango: UpdateFunding
[2022-02-12T07:55:49.149741000Z DEBUG solana_program_runtime::stable_log] Program log: mango-log
[2022-02-12T07:55:49.150341000Z DEBUG solana_program_runtime::stable_log] Program log: ta5iwCEXTXuOnQdEtiC3dVJcJz5F0IHHBUtwK3dCY1dTcqbXUIsiDQkAAAAAAAAAAAAAAAAAAAAAAAAAAAAAAAAAAAAAAAAAAAAAAAAAAAA=
[2022-02-12T07:55:49.150490000Z DEBUG solana_bpf_loader_program] Program 4uQeVj5tqViQh7yWWGStvkEG1Zmhx6uasJtWCJziofM consumed 6733 of 200000 compute units
[2022-02-12T07:55:49.150554000Z DEBUG solana_program_runtime::stable_log] Program 4uQeVj5tqViQh7yWWGStvkEG1Zmhx6uasJtWCJziofM success
[2022-02-12T07:55:49.161074000Z DEBUG solana_program_runtime::stable_log] Program 4uQeVj5tqViQh7yWWGStvkEG1Zmhx6uasJtWCJziofM invoke [1]
[2022-02-12T07:55:49.161533000Z DEBUG solana_program_runtime::stable_log] Program log: Mango: UpdateFunding
[2022-02-12T07:55:49.162756000Z DEBUG solana_program_runtime::stable_log] Program log: mango-log
[2022-02-12T07:55:49.163364000Z DEBUG solana_program_runtime::stable_log] Program log: ta5iwCEXTXuOnQdEtiC3dVJcJz5F0IHHBUtwK3dCY1dTcqbXUIsiDQoAAAAAAAAAAAAAAAAAAAAAAAAAAAAAAAAAAAAAAAAAAAAAAAAAAAA=
[2022-02-12T07:55:49.163511000Z DEBUG solana_bpf_loader_program] Program 4uQeVj5tqViQh7yWWGStvkEG1Zmhx6uasJtWCJziofM consumed 6772 of 200000 compute units
[2022-02-12T07:55:49.163579000Z DEBUG solana_program_runtime::stable_log] Program 4uQeVj5tqViQh7yWWGStvkEG1Zmhx6uasJtWCJziofM success
[2022-02-12T07:55:49.174155000Z DEBUG solana_program_runtime::stable_log] Program 4uQeVj5tqViQh7yWWGStvkEG1Zmhx6uasJtWCJziofM invoke [1]
[2022-02-12T07:55:49.174611000Z DEBUG solana_program_runtime::stable_log] Program log: Mango: UpdateFunding
[2022-02-12T07:55:49.175850000Z DEBUG solana_program_runtime::stable_log] Program log: mango-log
[2022-02-12T07:55:49.176455000Z DEBUG solana_program_runtime::stable_log] Program log: ta5iwCEXTXuOnQdEtiC3dVJcJz5F0IHHBUtwK3dCY1dTcqbXUIsiDQsAAAAAAAAAAAAAAAAAAAAAAAAAAAAAAAAAAAAAAAAAAAAAAAAAAAA=
[2022-02-12T07:55:49.176602000Z DEBUG solana_bpf_loader_program] Program 4uQeVj5tqViQh7yWWGStvkEG1Zmhx6uasJtWCJziofM consumed 6811 of 200000 compute units
[2022-02-12T07:55:49.176667000Z DEBUG solana_program_runtime::stable_log] Program 4uQeVj5tqViQh7yWWGStvkEG1Zmhx6uasJtWCJziofM success
[2022-02-12T07:55:49.188325000Z DEBUG solana_program_runtime::stable_log] Program 4uQeVj5tqViQh7yWWGStvkEG1Zmhx6uasJtWCJziofM invoke [1]
[2022-02-12T07:55:49.188771000Z DEBUG solana_program_runtime::stable_log] Program log: Mango: UpdateFunding
[2022-02-12T07:55:49.190025000Z DEBUG solana_program_runtime::stable_log] Program log: mango-log
[2022-02-12T07:55:49.190626000Z DEBUG solana_program_runtime::stable_log] Program log: ta5iwCEXTXuOnQdEtiC3dVJcJz5F0IHHBUtwK3dCY1dTcqbXUIsiDQwAAAAAAAAAAAAAAAAAAAAAAAAAAAAAAAAAAAAAAAAAAAAAAAAAAAA=
[2022-02-12T07:55:49.190775000Z DEBUG solana_bpf_loader_program] Program 4uQeVj5tqViQh7yWWGStvkEG1Zmhx6uasJtWCJziofM consumed 6850 of 200000 compute units
[2022-02-12T07:55:49.190843000Z DEBUG solana_program_runtime::stable_log] Program 4uQeVj5tqViQh7yWWGStvkEG1Zmhx6uasJtWCJziofM success
[2022-02-12T07:55:49.202038000Z DEBUG solana_program_runtime::stable_log] Program 4uQeVj5tqViQh7yWWGStvkEG1Zmhx6uasJtWCJziofM invoke [1]
[2022-02-12T07:55:49.202484000Z DEBUG solana_program_runtime::stable_log] Program log: Mango: UpdateFunding
[2022-02-12T07:55:49.203753000Z DEBUG solana_program_runtime::stable_log] Program log: mango-log
[2022-02-12T07:55:49.204356000Z DEBUG solana_program_runtime::stable_log] Program log: ta5iwCEXTXuOnQdEtiC3dVJcJz5F0IHHBUtwK3dCY1dTcqbXUIsiDQ0AAAAAAAAAAAAAAAAAAAAAAAAAAAAAAAAAAAAAAAAAAAAAAAAAAAA=
[2022-02-12T07:55:49.204502000Z DEBUG solana_bpf_loader_program] Program 4uQeVj5tqViQh7yWWGStvkEG1Zmhx6uasJtWCJziofM consumed 6889 of 200000 compute units
[2022-02-12T07:55:49.204568000Z DEBUG solana_program_runtime::stable_log] Program 4uQeVj5tqViQh7yWWGStvkEG1Zmhx6uasJtWCJziofM success
[2022-02-12T07:55:49.214879000Z DEBUG solana_program_runtime::stable_log] Program 4uQeVj5tqViQh7yWWGStvkEG1Zmhx6uasJtWCJziofM invoke [1]
[2022-02-12T07:55:49.215320000Z DEBUG solana_program_runtime::stable_log] Program log: Mango: UpdateFunding
[2022-02-12T07:55:49.216594000Z DEBUG solana_program_runtime::stable_log] Program log: mango-log
[2022-02-12T07:55:49.217194000Z DEBUG solana_program_runtime::stable_log] Program log: ta5iwCEXTXuOnQdEtiC3dVJcJz5F0IHHBUtwK3dCY1dTcqbXUIsiDQ4AAAAAAAAAAAAAAAAAAAAAAAAAAAAAAAAAAAAAAAAAAAAAAAAAAAA=
[2022-02-12T07:55:49.217344000Z DEBUG solana_bpf_loader_program] Program 4uQeVj5tqViQh7yWWGStvkEG1Zmhx6uasJtWCJziofM consumed 6928 of 200000 compute units
[2022-02-12T07:55:49.217412000Z DEBUG solana_program_runtime::stable_log] Program 4uQeVj5tqViQh7yWWGStvkEG1Zmhx6uasJtWCJziofM success
[2022-02-12T07:55:49.231481000Z DEBUG solana_program_runtime::stable_log] Program 4uQeVj5tqViQh7yWWGStvkEG1Zmhx6uasJtWCJziofM invoke [1]
[2022-02-12T07:55:49.232636000Z DEBUG solana_program_runtime::stable_log] Program log: Mango: CacheRootBanks
[2022-02-12T07:55:49.236379000Z DEBUG solana_program_runtime::stable_log] Program log: mango-log
[2022-02-12T07:55:49.239240000Z DEBUG solana_program_runtime::stable_log] Program log: IVXYca/GfeiOnQdEtiC3dVJcJz5F0IHHBUtwK3dCY1dTcqbXUIsiDRAAAAAAAAAAAAAAAAEAAAAAAAAAAgAAAAAAAAADAAAAAAAAAAQAAAAAAAAABQAAAAAAAAAGAAAAAAAAAAcAAAAAAAAACAAAAAAAAAAJAAAAAAAAAAoAAAAAAAAACwAAAAAAAAAMAAAAAAAAAA0AAAAAAAAADgAAAAAAAAAPAAAAAAAAABAAAAAAAAAAAABAQg8AAAAAAAAAAAAAAAAAQEIPAAAAAAAAAAAAAAAAAEBCDwAAAAAAAAAAAAAAAABAQg8AAAAAAAAAAAAAAAAAQEIPAAAAAAAAAAAAAAAAAEBCDwAAAAAAAAAAAAAAAABAQg8AAAAAAAAAAAAAAAAAQEIPAAAAAAAAAAAAAAAAAEBCDwAAAAAAAAAAAAAAAABAQg8AAAAAAAAAAAAAAAAAQEIPAAAAAAAAAAAAAAAAAEBCDwAAAAAAAAAAAAAAAABAQg8AAAAAAAAAAAAAAAAAQEIPAAAAAAAAAAAAAAAAAEBCDwAAAAAAAAAAAAAAAABAQg8AAAAAAAAAEAAAAAAAAAAAAEBCDwAAAAAAAAAAAAAAAABAQg8AAAAAAAAAAAAAAAAAQEIPAAAAAAAAAAAAAAAAAEBCDwAAAAAAAAAAAAAAAABAQg8AAAAAAAAAAAAAAAAAQEIPAAAAAAAAAAAAAAAAAEBCDwAAAAAAAAAAAAAAAABAQg8AAAAAAAAAAAAAAAAAQEIPAAAAAAAAAAAAAAAAAEBCDwAAAAAAAAAAAAAAAABAQg8AAAAAAAAAAAAAAAAAQEIPAAAAAAAAAAAAAAAAAEBCDwAAAAAAAAAAAAAAAABAQg8AAAAAAAAAAAAAAAAAQEIPAAAAAAAAAAAAAAAAAEBCDwAAAAAAAAA=
[2022-02-12T07:55:49.239656000Z DEBUG solana_bpf_loader_program] Program 4uQeVj5tqViQh7yWWGStvkEG1Zmhx6uasJtWCJziofM consumed 24427 of 200000 compute units
[2022-02-12T07:55:49.239730000Z DEBUG solana_program_runtime::stable_log] Program 4uQeVj5tqViQh7yWWGStvkEG1Zmhx6uasJtWCJziofM success
[2022-02-12T07:55:49.254849000Z DEBUG solana_program_runtime::stable_log] Program 4uQeVj5tqViQh7yWWGStvkEG1Zmhx6uasJtWCJziofM invoke [1]
[2022-02-12T07:55:49.255946000Z DEBUG solana_program_runtime::stable_log] Program log: Mango: CachePerpMarkets
[2022-02-12T07:55:49.259629000Z DEBUG solana_program_runtime::stable_log] Program log: mango-log
[2022-02-12T07:55:49.262300000Z DEBUG solana_program_runtime::stable_log] Program log: 9lt9JxCzqw6OnQdEtiC3dVJcJz5F0IHHBUtwK3dCY1dTcqbXUIsiDQ8AAAAAAAAAAAAAAAEAAAAAAAAAAgAAAAAAAAADAAAAAAAAAAQAAAAAAAAABQAAAAAAAAAGAAAAAAAAAAcAAAAAAAAACAAAAAAAAAAJAAAAAAAAAAoAAAAAAAAACwAAAAAAAAAMAAAAAAAAAA0AAAAAAAAADgAAAAAAAAAPAAAAAAAAAAAAAAAAAAAAAAAAAAAAAAAAAAAAAAAAAAAAAAAAAAAAAAAAAAAAAAAAAAAAAAAAAAAAAAAAAAAAAAAAAAAAAAAAAAAAAAAAAAAAAAAAAAAAAAAAAAAAAAAAAAAAAAAAAAAAAAAAAAAAAAAAAAAAAAAAAAAAAAAAAAAAAAAAAAAAAAAAAAAAAAAAAAAAAAAAAAAAAAAAAAAAAAAAAAAAAAAAAAAAAAAAAAAAAAAAAAAAAAAAAAAAAAAAAAAAAAAAAAAAAAAAAAAAAAAAAAAAAAAAAAAAAAAAAAAAAAAAAAAAAAAAAAAAAAAAAAAADwAAAAAAAAAAAAAAAAAAAAAAAAAAAAAAAAAAAAAAAAAAAAAAAAAAAAAAAAAAAAAAAAAAAAAAAAAAAAAAAAAAAAAAAAAAAAAAAAAAAAAAAAAAAAAAAAAAAAAAAAAAAAAAAAAAAAAAAAAAAAAAAAAAAAAAAAAAAAAAAAAAAAAAAAAAAAAAAAAAAAAAAAAAAAAAAAAAAAAAAAAAAAAAAAAAAAAAAAAAAAAAAAAAAAAAAAAAAAAAAAAAAAAAAAAAAAAAAAAAAAAAAAAAAAAAAAAAAAAAAAAAAAAAAAAAAAAAAAAAAAAAAAAAAAAAAAAAAAAAAAAAAA==
[2022-02-12T07:55:49.262702000Z DEBUG solana_bpf_loader_program] Program 4uQeVj5tqViQh7yWWGStvkEG1Zmhx6uasJtWCJziofM consumed 23463 of 200000 compute units
[2022-02-12T07:55:49.262773000Z DEBUG solana_program_runtime::stable_log] Program 4uQeVj5tqViQh7yWWGStvkEG1Zmhx6uasJtWCJziofM success
[2022-02-12T07:55:49.278105000Z DEBUG solana_program_runtime::stable_log] Program 4uQeVj5tqViQh7yWWGStvkEG1Zmhx6uasJtWCJziofM invoke [1]
[2022-02-12T07:55:49.279587000Z DEBUG solana_program_runtime::stable_log] Program log: Mango: PlacePerpOrder client_order_id=10000
[2022-02-12T07:55:49.293282000Z DEBUG solana_program_runtime::stable_log] Program log: ask on book order_id=1844674407370955161600001 quantity=10000 price=100000
[2022-02-12T07:55:49.294238000Z DEBUG solana_bpf_loader_program] Program 4uQeVj5tqViQh7yWWGStvkEG1Zmhx6uasJtWCJziofM consumed 47417 of 200000 compute units
[2022-02-12T07:55:49.294334000Z DEBUG solana_program_runtime::stable_log] Program 4uQeVj5tqViQh7yWWGStvkEG1Zmhx6uasJtWCJziofM success
[2022-02-12T07:55:49.311406000Z DEBUG solana_program_runtime::stable_log] Program 4uQeVj5tqViQh7yWWGStvkEG1Zmhx6uasJtWCJziofM invoke [1]
[2022-02-12T07:55:49.312866000Z DEBUG solana_program_runtime::stable_log] Program log: Mango: PlacePerpOrder client_order_id=10001
[2022-02-12T07:55:49.326942000Z DEBUG solana_program_runtime::stable_log] Program log: ask on book order_id=1844674407370955161600001 quantity=10000 price=100000
[2022-02-12T07:55:49.327905000Z DEBUG solana_bpf_loader_program] Program 4uQeVj5tqViQh7yWWGStvkEG1Zmhx6uasJtWCJziofM consumed 48474 of 200000 compute units
[2022-02-12T07:55:49.328000000Z DEBUG solana_program_runtime::stable_log] Program 4uQeVj5tqViQh7yWWGStvkEG1Zmhx6uasJtWCJziofM success
[2022-02-12T07:55:49.344714000Z DEBUG solana_program_runtime::stable_log] Program 4uQeVj5tqViQh7yWWGStvkEG1Zmhx6uasJtWCJziofM invoke [1]
[2022-02-12T07:55:49.346179000Z DEBUG solana_program_runtime::stable_log] Program log: Mango: PlacePerpOrder client_order_id=10002
[2022-02-12T07:55:49.360613000Z DEBUG solana_program_runtime::stable_log] Program log: ask on book order_id=1844674407370955161600001 quantity=10000 price=100000
[2022-02-12T07:55:49.361571000Z DEBUG solana_bpf_loader_program] Program 4uQeVj5tqViQh7yWWGStvkEG1Zmhx6uasJtWCJziofM consumed 49529 of 200000 compute units
[2022-02-12T07:55:49.361666000Z DEBUG solana_program_runtime::stable_log] Program 4uQeVj5tqViQh7yWWGStvkEG1Zmhx6uasJtWCJziofM success
[2022-02-12T07:55:49.377847000Z DEBUG solana_program_runtime::stable_log] Program 4uQeVj5tqViQh7yWWGStvkEG1Zmhx6uasJtWCJziofM invoke [1]
[2022-02-12T07:55:49.379331000Z DEBUG solana_program_runtime::stable_log] Program log: Mango: PlacePerpOrder client_order_id=10003
[2022-02-12T07:55:49.394136000Z DEBUG solana_program_runtime::stable_log] Program log: ask on book order_id=18446744073709551616000001 quantity=1000 price=1000000
[2022-02-12T07:55:49.395093000Z DEBUG solana_bpf_loader_program] Program 4uQeVj5tqViQh7yWWGStvkEG1Zmhx6uasJtWCJziofM consumed 50861 of 200000 compute units
[2022-02-12T07:55:49.395188000Z DEBUG solana_program_runtime::stable_log] Program 4uQeVj5tqViQh7yWWGStvkEG1Zmhx6uasJtWCJziofM success
[2022-02-12T07:55:49.411043000Z DEBUG solana_program_runtime::stable_log] Program 4uQeVj5tqViQh7yWWGStvkEG1Zmhx6uasJtWCJziofM invoke [1]
[2022-02-12T07:55:49.412511000Z DEBUG solana_program_runtime::stable_log] Program log: Mango: PlacePerpOrder client_order_id=10004
[2022-02-12T07:55:49.427546000Z DEBUG solana_program_runtime::stable_log] Program log: ask on book order_id=184467440737095516160000001 quantity=10 price=10000000
[2022-02-12T07:55:49.428506000Z DEBUG solana_bpf_loader_program] Program 4uQeVj5tqViQh7yWWGStvkEG1Zmhx6uasJtWCJziofM consumed 51262 of 200000 compute units
[2022-02-12T07:55:49.428604000Z DEBUG solana_program_runtime::stable_log] Program 4uQeVj5tqViQh7yWWGStvkEG1Zmhx6uasJtWCJziofM success
[2022-02-12T07:55:49.445400000Z DEBUG solana_program_runtime::stable_log] Program 4uQeVj5tqViQh7yWWGStvkEG1Zmhx6uasJtWCJziofM invoke [1]
[2022-02-12T07:55:49.446873000Z DEBUG solana_program_runtime::stable_log] Program log: Mango: PlacePerpOrder client_order_id=10005
[2022-02-12T07:55:49.462363000Z DEBUG solana_program_runtime::stable_log] Program log: ask on book order_id=184467440737095516160000001 quantity=10 price=10000000
[2022-02-12T07:55:49.463322000Z DEBUG solana_bpf_loader_program] Program 4uQeVj5tqViQh7yWWGStvkEG1Zmhx6uasJtWCJziofM consumed 52824 of 200000 compute units
[2022-02-12T07:55:49.463420000Z DEBUG solana_program_runtime::stable_log] Program 4uQeVj5tqViQh7yWWGStvkEG1Zmhx6uasJtWCJziofM success
[2022-02-12T07:55:49.479737000Z DEBUG solana_program_runtime::stable_log] Program 4uQeVj5tqViQh7yWWGStvkEG1Zmhx6uasJtWCJziofM invoke [1]
[2022-02-12T07:55:49.481205000Z DEBUG solana_program_runtime::stable_log] Program log: Mango: PlacePerpOrder client_order_id=10006
[2022-02-12T07:55:49.496964000Z DEBUG solana_program_runtime::stable_log] Program log: ask on book order_id=1844674407370955161600001 quantity=10000 price=100000
[2022-02-12T07:55:49.497920000Z DEBUG solana_bpf_loader_program] Program 4uQeVj5tqViQh7yWWGStvkEG1Zmhx6uasJtWCJziofM consumed 53748 of 200000 compute units
[2022-02-12T07:55:49.498022000Z DEBUG solana_program_runtime::stable_log] Program 4uQeVj5tqViQh7yWWGStvkEG1Zmhx6uasJtWCJziofM success
[2022-02-12T07:55:49.513880000Z DEBUG solana_program_runtime::stable_log] Program 4uQeVj5tqViQh7yWWGStvkEG1Zmhx6uasJtWCJziofM invoke [1]
[2022-02-12T07:55:49.515340000Z DEBUG solana_program_runtime::stable_log] Program log: Mango: PlacePerpOrder client_order_id=10007
[2022-02-12T07:55:49.531488000Z DEBUG solana_program_runtime::stable_log] Program log: ask on book order_id=1844674407370955161600001 quantity=10000 price=100000
[2022-02-12T07:55:49.532448000Z DEBUG solana_bpf_loader_program] Program 4uQeVj5tqViQh7yWWGStvkEG1Zmhx6uasJtWCJziofM consumed 54803 of 200000 compute units
[2022-02-12T07:55:49.532545000Z DEBUG solana_program_runtime::stable_log] Program 4uQeVj5tqViQh7yWWGStvkEG1Zmhx6uasJtWCJziofM success
[2022-02-12T07:55:49.548270000Z DEBUG solana_program_runtime::stable_log] Program 4uQeVj5tqViQh7yWWGStvkEG1Zmhx6uasJtWCJziofM invoke [1]
[2022-02-12T07:55:49.549736000Z DEBUG solana_program_runtime::stable_log] Program log: Mango: PlacePerpOrder client_order_id=10008
[2022-02-12T07:55:49.566218000Z DEBUG solana_program_runtime::stable_log] Program log: ask on book order_id=1844674407370955161600001 quantity=10000 price=100000
[2022-02-12T07:55:49.567180000Z DEBUG solana_bpf_loader_program] Program 4uQeVj5tqViQh7yWWGStvkEG1Zmhx6uasJtWCJziofM consumed 55857 of 200000 compute units
[2022-02-12T07:55:49.567273000Z DEBUG solana_program_runtime::stable_log] Program 4uQeVj5tqViQh7yWWGStvkEG1Zmhx6uasJtWCJziofM success
[2022-02-12T07:55:49.583971000Z DEBUG solana_program_runtime::stable_log] Program 4uQeVj5tqViQh7yWWGStvkEG1Zmhx6uasJtWCJziofM invoke [1]
[2022-02-12T07:55:49.585440000Z DEBUG solana_program_runtime::stable_log] Program log: Mango: PlacePerpOrder client_order_id=10009
[2022-02-12T07:55:49.602233000Z DEBUG solana_program_runtime::stable_log] Program log: ask on book order_id=1844674407370955161600001 quantity=10000 price=100000
[2022-02-12T07:55:49.603191000Z DEBUG solana_bpf_loader_program] Program 4uQeVj5tqViQh7yWWGStvkEG1Zmhx6uasJtWCJziofM consumed 56912 of 200000 compute units
[2022-02-12T07:55:49.603289000Z DEBUG solana_program_runtime::stable_log] Program 4uQeVj5tqViQh7yWWGStvkEG1Zmhx6uasJtWCJziofM success
[2022-02-12T07:55:49.619228000Z DEBUG solana_program_runtime::stable_log] Program 4uQeVj5tqViQh7yWWGStvkEG1Zmhx6uasJtWCJziofM invoke [1]
[2022-02-12T07:55:49.620706000Z DEBUG solana_program_runtime::stable_log] Program log: Mango: PlacePerpOrder client_order_id=10010
[2022-02-12T07:55:49.637885000Z DEBUG solana_program_runtime::stable_log] Program log: ask on book order_id=1844674407370955161600001 quantity=10000 price=100000
[2022-02-12T07:55:49.638843000Z DEBUG solana_bpf_loader_program] Program 4uQeVj5tqViQh7yWWGStvkEG1Zmhx6uasJtWCJziofM consumed 57967 of 200000 compute units
[2022-02-12T07:55:49.638942000Z DEBUG solana_program_runtime::stable_log] Program 4uQeVj5tqViQh7yWWGStvkEG1Zmhx6uasJtWCJziofM success
[2022-02-12T07:55:49.654747000Z DEBUG solana_program_runtime::stable_log] Program 4uQeVj5tqViQh7yWWGStvkEG1Zmhx6uasJtWCJziofM invoke [1]
[2022-02-12T07:55:49.656197000Z DEBUG solana_program_runtime::stable_log] Program log: Mango: PlacePerpOrder client_order_id=10011
[2022-02-12T07:55:49.673714000Z DEBUG solana_program_runtime::stable_log] Program log: ask on book order_id=1844674407370955161600001 quantity=10000 price=100000
[2022-02-12T07:55:49.674677000Z DEBUG solana_bpf_loader_program] Program 4uQeVj5tqViQh7yWWGStvkEG1Zmhx6uasJtWCJziofM consumed 59022 of 200000 compute units
[2022-02-12T07:55:49.674773000Z DEBUG solana_program_runtime::stable_log] Program 4uQeVj5tqViQh7yWWGStvkEG1Zmhx6uasJtWCJziofM success
[2022-02-12T07:55:49.692853000Z DEBUG solana_program_runtime::stable_log] Program 4uQeVj5tqViQh7yWWGStvkEG1Zmhx6uasJtWCJziofM invoke [1]
[2022-02-12T07:55:49.694312000Z DEBUG solana_program_runtime::stable_log] Program log: Mango: PlacePerpOrder client_order_id=10012
[2022-02-12T07:55:49.712144000Z DEBUG solana_program_runtime::stable_log] Program log: ask on book order_id=1844674407370955161600001 quantity=10000 price=100000
[2022-02-12T07:55:49.713101000Z DEBUG solana_bpf_loader_program] Program 4uQeVj5tqViQh7yWWGStvkEG1Zmhx6uasJtWCJziofM consumed 60077 of 200000 compute units
[2022-02-12T07:55:49.713200000Z DEBUG solana_program_runtime::stable_log] Program 4uQeVj5tqViQh7yWWGStvkEG1Zmhx6uasJtWCJziofM success
[2022-02-12T07:55:49.729397000Z DEBUG solana_program_runtime::stable_log] Program 4uQeVj5tqViQh7yWWGStvkEG1Zmhx6uasJtWCJziofM invoke [1]
[2022-02-12T07:55:49.730875000Z DEBUG solana_program_runtime::stable_log] Program log: Mango: PlacePerpOrder client_order_id=10013
[2022-02-12T07:55:49.749107000Z DEBUG solana_program_runtime::stable_log] Program log: ask on book order_id=1844674407370955161600001 quantity=10000 price=100000
[2022-02-12T07:55:49.750071000Z DEBUG solana_bpf_loader_program] Program 4uQeVj5tqViQh7yWWGStvkEG1Zmhx6uasJtWCJziofM consumed 61131 of 200000 compute units
[2022-02-12T07:55:49.750174000Z DEBUG solana_program_runtime::stable_log] Program 4uQeVj5tqViQh7yWWGStvkEG1Zmhx6uasJtWCJziofM success
[2022-02-12T07:55:49.766074000Z DEBUG solana_program_runtime::stable_log] Program 4uQeVj5tqViQh7yWWGStvkEG1Zmhx6uasJtWCJziofM invoke [1]
[2022-02-12T07:55:49.767561000Z DEBUG solana_program_runtime::stable_log] Program log: Mango: PlacePerpOrder client_order_id=10014
[2022-02-12T07:55:49.786147000Z DEBUG solana_program_runtime::stable_log] Program log: ask on book order_id=1844674407370955161600001 quantity=10000 price=100000
[2022-02-12T07:55:49.787114000Z DEBUG solana_bpf_loader_program] Program 4uQeVj5tqViQh7yWWGStvkEG1Zmhx6uasJtWCJziofM consumed 62186 of 200000 compute units
[2022-02-12T07:55:49.787217000Z DEBUG solana_program_runtime::stable_log] Program 4uQeVj5tqViQh7yWWGStvkEG1Zmhx6uasJtWCJziofM success
[2022-02-12T07:55:49.831484000Z DEBUG solana_program_runtime::stable_log] Program 4uQeVj5tqViQh7yWWGStvkEG1Zmhx6uasJtWCJziofM invoke [1]
[2022-02-12T07:55:49.832635000Z DEBUG solana_program_runtime::stable_log] Program log: Mango: CachePrices
[2022-02-12T07:55:49.835712000Z DEBUG solana_program_runtime::stable_log] Program log: mango-log
[2022-02-12T07:55:49.837511000Z DEBUG solana_program_runtime::stable_log] Program log: ux0uSxX5tBuOnQdEtiC3dVJcJz5F0IHHBUtwK3dCY1dTcqbXUIsiDQ8AAAAAAAAAAAAAAAEAAAAAAAAAAgAAAAAAAAADAAAAAAAAAAQAAAAAAAAABQAAAAAAAAAGAAAAAAAAAAcAAAAAAAAACAAAAAAAAAAJAAAAAAAAAAoAAAAAAAAACwAAAAAAAAAMAAAAAAAAAA0AAAAAAAAADgAAAAAAAAAPAAAAAG4AAAAAECcAAAAAAAAAAABuAAAAABAnAAAAAAAAAAAAbgAAAAAQJwAAAAAAAAAAAG4AAAAAECcAAAAAAAAAABwAAAAAAAoAAAAAAAAAAAAAbgAAAAAQJwAAAAAAAAAAAG4AAAAAECcAAAAAAAAAAABuAAAAABAnAAAAAAAAAAAAbgAAAAAQJwAAAAAAAAAAAG4AAAAAECcAAAAAAAAAAABuAAAAABAnAAAAAAAAAAAAbgAAAAAQJwAAAAAAAAAAAG4AAAAAECcAAAAAAAAAAABuAAAAABAnAAAAAAAAAAAAbgAAAAAQJwAAAAAAAAAA
[2022-02-12T07:55:49.837898000Z DEBUG solana_bpf_loader_program] Program 4uQeVj5tqViQh7yWWGStvkEG1Zmhx6uasJtWCJziofM consumed 18318 of 200000 compute units
[2022-02-12T07:55:49.837980000Z DEBUG solana_program_runtime::stable_log] Program 4uQeVj5tqViQh7yWWGStvkEG1Zmhx6uasJtWCJziofM success
[2022-02-12T07:55:49.848104000Z DEBUG solana_program_runtime::stable_log] Program 4uQeVj5tqViQh7yWWGStvkEG1Zmhx6uasJtWCJziofM invoke [1]
[2022-02-12T07:55:49.848492000Z DEBUG solana_program_runtime::stable_log] Program log: Mango: UpdateRootBank
[2022-02-12T07:55:49.851252000Z DEBUG solana_program_runtime::stable_log] Program log: mango-log
[2022-02-12T07:55:49.851852000Z DEBUG solana_program_runtime::stable_log] Program log: 8HmBNKTUaLiOnQdEtiC3dVJcJz5F0IHHBUtwK3dCY1dTcqbXUIsiDQAAAAAAAAAAAAAAAAAAQEIPAAAAAAAAAAAAAAAAAEBCDwAAAAAAAAA=
[2022-02-12T07:55:49.851976000Z DEBUG solana_bpf_loader_program] Program 4uQeVj5tqViQh7yWWGStvkEG1Zmhx6uasJtWCJziofM consumed 11798 of 200000 compute units
[2022-02-12T07:55:49.852029000Z DEBUG solana_program_runtime::stable_log] Program 4uQeVj5tqViQh7yWWGStvkEG1Zmhx6uasJtWCJziofM success
[2022-02-12T07:55:49.863467000Z DEBUG solana_program_runtime::stable_log] Program 4uQeVj5tqViQh7yWWGStvkEG1Zmhx6uasJtWCJziofM invoke [1]
[2022-02-12T07:55:49.863858000Z DEBUG solana_program_runtime::stable_log] Program log: Mango: UpdateRootBank
[2022-02-12T07:55:49.866628000Z DEBUG solana_program_runtime::stable_log] Program log: mango-log
[2022-02-12T07:55:49.867232000Z DEBUG solana_program_runtime::stable_log] Program log: 8HmBNKTUaLiOnQdEtiC3dVJcJz5F0IHHBUtwK3dCY1dTcqbXUIsiDQEAAAAAAAAAAAAAAAAAQEIPAAAAAAAAAAAAAAAAAEBCDwAAAAAAAAA=
[2022-02-12T07:55:49.867359000Z DEBUG solana_bpf_loader_program] Program 4uQeVj5tqViQh7yWWGStvkEG1Zmhx6uasJtWCJziofM consumed 11838 of 200000 compute units
[2022-02-12T07:55:49.867414000Z DEBUG solana_program_runtime::stable_log] Program 4uQeVj5tqViQh7yWWGStvkEG1Zmhx6uasJtWCJziofM success
[2022-02-12T07:55:49.877776000Z DEBUG solana_program_runtime::stable_log] Program 4uQeVj5tqViQh7yWWGStvkEG1Zmhx6uasJtWCJziofM invoke [1]
[2022-02-12T07:55:49.878169000Z DEBUG solana_program_runtime::stable_log] Program log: Mango: UpdateRootBank
[2022-02-12T07:55:49.880945000Z DEBUG solana_program_runtime::stable_log] Program log: mango-log
[2022-02-12T07:55:49.881543000Z DEBUG solana_program_runtime::stable_log] Program log: 8HmBNKTUaLiOnQdEtiC3dVJcJz5F0IHHBUtwK3dCY1dTcqbXUIsiDQIAAAAAAAAAAAAAAAAAQEIPAAAAAAAAAAAAAAAAAEBCDwAAAAAAAAA=
[2022-02-12T07:55:49.881668000Z DEBUG solana_bpf_loader_program] Program 4uQeVj5tqViQh7yWWGStvkEG1Zmhx6uasJtWCJziofM consumed 11877 of 200000 compute units
[2022-02-12T07:55:49.881721000Z DEBUG solana_program_runtime::stable_log] Program 4uQeVj5tqViQh7yWWGStvkEG1Zmhx6uasJtWCJziofM success
[2022-02-12T07:55:49.892101000Z DEBUG solana_program_runtime::stable_log] Program 4uQeVj5tqViQh7yWWGStvkEG1Zmhx6uasJtWCJziofM invoke [1]
[2022-02-12T07:55:49.892491000Z DEBUG solana_program_runtime::stable_log] Program log: Mango: UpdateRootBank
[2022-02-12T07:55:49.895281000Z DEBUG solana_program_runtime::stable_log] Program log: mango-log
[2022-02-12T07:55:49.895886000Z DEBUG solana_program_runtime::stable_log] Program log: 8HmBNKTUaLiOnQdEtiC3dVJcJz5F0IHHBUtwK3dCY1dTcqbXUIsiDQMAAAAAAAAAAAAAAAAAQEIPAAAAAAAAAAAAAAAAAEBCDwAAAAAAAAA=
[2022-02-12T07:55:49.896013000Z DEBUG solana_bpf_loader_program] Program 4uQeVj5tqViQh7yWWGStvkEG1Zmhx6uasJtWCJziofM consumed 11916 of 200000 compute units
[2022-02-12T07:55:49.896068000Z DEBUG solana_program_runtime::stable_log] Program 4uQeVj5tqViQh7yWWGStvkEG1Zmhx6uasJtWCJziofM success
[2022-02-12T07:55:49.906452000Z DEBUG solana_program_runtime::stable_log] Program 4uQeVj5tqViQh7yWWGStvkEG1Zmhx6uasJtWCJziofM invoke [1]
[2022-02-12T07:55:49.906840000Z DEBUG solana_program_runtime::stable_log] Program log: Mango: UpdateRootBank
[2022-02-12T07:55:49.909646000Z DEBUG solana_program_runtime::stable_log] Program log: mango-log
[2022-02-12T07:55:49.910248000Z DEBUG solana_program_runtime::stable_log] Program log: 8HmBNKTUaLiOnQdEtiC3dVJcJz5F0IHHBUtwK3dCY1dTcqbXUIsiDQQAAAAAAAAAAAAAAAAAQEIPAAAAAAAAAAAAAAAAAEBCDwAAAAAAAAA=
[2022-02-12T07:55:49.910376000Z DEBUG solana_bpf_loader_program] Program 4uQeVj5tqViQh7yWWGStvkEG1Zmhx6uasJtWCJziofM consumed 11955 of 200000 compute units
[2022-02-12T07:55:49.910429000Z DEBUG solana_program_runtime::stable_log] Program 4uQeVj5tqViQh7yWWGStvkEG1Zmhx6uasJtWCJziofM success
[2022-02-12T07:55:49.921143000Z DEBUG solana_program_runtime::stable_log] Program 4uQeVj5tqViQh7yWWGStvkEG1Zmhx6uasJtWCJziofM invoke [1]
[2022-02-12T07:55:49.921531000Z DEBUG solana_program_runtime::stable_log] Program log: Mango: UpdateRootBank
[2022-02-12T07:55:49.924351000Z DEBUG solana_program_runtime::stable_log] Program log: mango-log
[2022-02-12T07:55:49.924950000Z DEBUG solana_program_runtime::stable_log] Program log: 8HmBNKTUaLiOnQdEtiC3dVJcJz5F0IHHBUtwK3dCY1dTcqbXUIsiDQUAAAAAAAAAAAAAAAAAQEIPAAAAAAAAAAAAAAAAAEBCDwAAAAAAAAA=
[2022-02-12T07:55:49.925072000Z DEBUG solana_bpf_loader_program] Program 4uQeVj5tqViQh7yWWGStvkEG1Zmhx6uasJtWCJziofM consumed 11994 of 200000 compute units
[2022-02-12T07:55:49.925125000Z DEBUG solana_program_runtime::stable_log] Program 4uQeVj5tqViQh7yWWGStvkEG1Zmhx6uasJtWCJziofM success
[2022-02-12T07:55:49.935429000Z DEBUG solana_program_runtime::stable_log] Program 4uQeVj5tqViQh7yWWGStvkEG1Zmhx6uasJtWCJziofM invoke [1]
[2022-02-12T07:55:49.935816000Z DEBUG solana_program_runtime::stable_log] Program log: Mango: UpdateRootBank
[2022-02-12T07:55:49.938644000Z DEBUG solana_program_runtime::stable_log] Program log: mango-log
[2022-02-12T07:55:49.939245000Z DEBUG solana_program_runtime::stable_log] Program log: 8HmBNKTUaLiOnQdEtiC3dVJcJz5F0IHHBUtwK3dCY1dTcqbXUIsiDQYAAAAAAAAAAAAAAAAAQEIPAAAAAAAAAAAAAAAAAEBCDwAAAAAAAAA=
[2022-02-12T07:55:49.939369000Z DEBUG solana_bpf_loader_program] Program 4uQeVj5tqViQh7yWWGStvkEG1Zmhx6uasJtWCJziofM consumed 12033 of 200000 compute units
[2022-02-12T07:55:49.939422000Z DEBUG solana_program_runtime::stable_log] Program 4uQeVj5tqViQh7yWWGStvkEG1Zmhx6uasJtWCJziofM success
[2022-02-12T07:55:49.949759000Z DEBUG solana_program_runtime::stable_log] Program 4uQeVj5tqViQh7yWWGStvkEG1Zmhx6uasJtWCJziofM invoke [1]
[2022-02-12T07:55:49.950149000Z DEBUG solana_program_runtime::stable_log] Program log: Mango: UpdateRootBank
[2022-02-12T07:55:49.952998000Z DEBUG solana_program_runtime::stable_log] Program log: mango-log
[2022-02-12T07:55:49.953602000Z DEBUG solana_program_runtime::stable_log] Program log: 8HmBNKTUaLiOnQdEtiC3dVJcJz5F0IHHBUtwK3dCY1dTcqbXUIsiDQcAAAAAAAAAAAAAAAAAQEIPAAAAAAAAAAAAAAAAAEBCDwAAAAAAAAA=
[2022-02-12T07:55:49.953728000Z DEBUG solana_bpf_loader_program] Program 4uQeVj5tqViQh7yWWGStvkEG1Zmhx6uasJtWCJziofM consumed 12072 of 200000 compute units
[2022-02-12T07:55:49.953782000Z DEBUG solana_program_runtime::stable_log] Program 4uQeVj5tqViQh7yWWGStvkEG1Zmhx6uasJtWCJziofM success
[2022-02-12T07:55:49.964117000Z DEBUG solana_program_runtime::stable_log] Program 4uQeVj5tqViQh7yWWGStvkEG1Zmhx6uasJtWCJziofM invoke [1]
[2022-02-12T07:55:49.964504000Z DEBUG solana_program_runtime::stable_log] Program log: Mango: UpdateRootBank
[2022-02-12T07:55:49.967362000Z DEBUG solana_program_runtime::stable_log] Program log: mango-log
[2022-02-12T07:55:49.967971000Z DEBUG solana_program_runtime::stable_log] Program log: 8HmBNKTUaLiOnQdEtiC3dVJcJz5F0IHHBUtwK3dCY1dTcqbXUIsiDQgAAAAAAAAAAAAAAAAAQEIPAAAAAAAAAAAAAAAAAEBCDwAAAAAAAAA=
[2022-02-12T07:55:49.968095000Z DEBUG solana_bpf_loader_program] Program 4uQeVj5tqViQh7yWWGStvkEG1Zmhx6uasJtWCJziofM consumed 12111 of 200000 compute units
[2022-02-12T07:55:49.968148000Z DEBUG solana_program_runtime::stable_log] Program 4uQeVj5tqViQh7yWWGStvkEG1Zmhx6uasJtWCJziofM success
[2022-02-12T07:55:49.979629000Z DEBUG solana_program_runtime::stable_log] Program 4uQeVj5tqViQh7yWWGStvkEG1Zmhx6uasJtWCJziofM invoke [1]
[2022-02-12T07:55:49.980013000Z DEBUG solana_program_runtime::stable_log] Program log: Mango: UpdateRootBank
[2022-02-12T07:55:49.982885000Z DEBUG solana_program_runtime::stable_log] Program log: mango-log
[2022-02-12T07:55:49.983487000Z DEBUG solana_program_runtime::stable_log] Program log: 8HmBNKTUaLiOnQdEtiC3dVJcJz5F0IHHBUtwK3dCY1dTcqbXUIsiDQkAAAAAAAAAAAAAAAAAQEIPAAAAAAAAAAAAAAAAAEBCDwAAAAAAAAA=
[2022-02-12T07:55:49.983613000Z DEBUG solana_bpf_loader_program] Program 4uQeVj5tqViQh7yWWGStvkEG1Zmhx6uasJtWCJziofM consumed 12149 of 200000 compute units
[2022-02-12T07:55:49.983666000Z DEBUG solana_program_runtime::stable_log] Program 4uQeVj5tqViQh7yWWGStvkEG1Zmhx6uasJtWCJziofM success
[2022-02-12T07:55:49.993987000Z DEBUG solana_program_runtime::stable_log] Program 4uQeVj5tqViQh7yWWGStvkEG1Zmhx6uasJtWCJziofM invoke [1]
[2022-02-12T07:55:49.994375000Z DEBUG solana_program_runtime::stable_log] Program log: Mango: UpdateRootBank
[2022-02-12T07:55:49.997252000Z DEBUG solana_program_runtime::stable_log] Program log: mango-log
[2022-02-12T07:55:49.997849000Z DEBUG solana_program_runtime::stable_log] Program log: 8HmBNKTUaLiOnQdEtiC3dVJcJz5F0IHHBUtwK3dCY1dTcqbXUIsiDQoAAAAAAAAAAAAAAAAAQEIPAAAAAAAAAAAAAAAAAEBCDwAAAAAAAAA=
[2022-02-12T07:55:49.997972000Z DEBUG solana_bpf_loader_program] Program 4uQeVj5tqViQh7yWWGStvkEG1Zmhx6uasJtWCJziofM consumed 12188 of 200000 compute units
[2022-02-12T07:55:49.998025000Z DEBUG solana_program_runtime::stable_log] Program 4uQeVj5tqViQh7yWWGStvkEG1Zmhx6uasJtWCJziofM success
[2022-02-12T07:55:50.008725000Z DEBUG solana_program_runtime::stable_log] Program 4uQeVj5tqViQh7yWWGStvkEG1Zmhx6uasJtWCJziofM invoke [1]
[2022-02-12T07:55:50.009134000Z DEBUG solana_program_runtime::stable_log] Program log: Mango: UpdateRootBank
[2022-02-12T07:55:50.012156000Z DEBUG solana_program_runtime::stable_log] Program log: mango-log
[2022-02-12T07:55:50.012763000Z DEBUG solana_program_runtime::stable_log] Program log: 8HmBNKTUaLiOnQdEtiC3dVJcJz5F0IHHBUtwK3dCY1dTcqbXUIsiDQsAAAAAAAAAAAAAAAAAQEIPAAAAAAAAAAAAAAAAAEBCDwAAAAAAAAA=
[2022-02-12T07:55:50.012889000Z DEBUG solana_bpf_loader_program] Program 4uQeVj5tqViQh7yWWGStvkEG1Zmhx6uasJtWCJziofM consumed 12227 of 200000 compute units
[2022-02-12T07:55:50.012957000Z DEBUG solana_program_runtime::stable_log] Program 4uQeVj5tqViQh7yWWGStvkEG1Zmhx6uasJtWCJziofM success
[2022-02-12T07:55:50.025752000Z DEBUG solana_program_runtime::stable_log] Program 4uQeVj5tqViQh7yWWGStvkEG1Zmhx6uasJtWCJziofM invoke [1]
[2022-02-12T07:55:50.026148000Z DEBUG solana_program_runtime::stable_log] Program log: Mango: UpdateRootBank
[2022-02-12T07:55:50.029068000Z DEBUG solana_program_runtime::stable_log] Program log: mango-log
[2022-02-12T07:55:50.029673000Z DEBUG solana_program_runtime::stable_log] Program log: 8HmBNKTUaLiOnQdEtiC3dVJcJz5F0IHHBUtwK3dCY1dTcqbXUIsiDQwAAAAAAAAAAAAAAAAAQEIPAAAAAAAAAAAAAAAAAEBCDwAAAAAAAAA=
[2022-02-12T07:55:50.029800000Z DEBUG solana_bpf_loader_program] Program 4uQeVj5tqViQh7yWWGStvkEG1Zmhx6uasJtWCJziofM consumed 12266 of 200000 compute units
[2022-02-12T07:55:50.029858000Z DEBUG solana_program_runtime::stable_log] Program 4uQeVj5tqViQh7yWWGStvkEG1Zmhx6uasJtWCJziofM success
[2022-02-12T07:55:50.040091000Z DEBUG solana_program_runtime::stable_log] Program 4uQeVj5tqViQh7yWWGStvkEG1Zmhx6uasJtWCJziofM invoke [1]
[2022-02-12T07:55:50.040477000Z DEBUG solana_program_runtime::stable_log] Program log: Mango: UpdateRootBank
[2022-02-12T07:55:50.043457000Z DEBUG solana_program_runtime::stable_log] Program log: mango-log
[2022-02-12T07:55:50.044063000Z DEBUG solana_program_runtime::stable_log] Program log: 8HmBNKTUaLiOnQdEtiC3dVJcJz5F0IHHBUtwK3dCY1dTcqbXUIsiDQ0AAAAAAAAAAAAAAAAAQEIPAAAAAAAAAAAAAAAAAEBCDwAAAAAAAAA=
[2022-02-12T07:55:50.044188000Z DEBUG solana_bpf_loader_program] Program 4uQeVj5tqViQh7yWWGStvkEG1Zmhx6uasJtWCJziofM consumed 12314 of 200000 compute units
[2022-02-12T07:55:50.044242000Z DEBUG solana_program_runtime::stable_log] Program 4uQeVj5tqViQh7yWWGStvkEG1Zmhx6uasJtWCJziofM success
[2022-02-12T07:55:50.055535000Z DEBUG solana_program_runtime::stable_log] Program 4uQeVj5tqViQh7yWWGStvkEG1Zmhx6uasJtWCJziofM invoke [1]
[2022-02-12T07:55:50.055934000Z DEBUG solana_program_runtime::stable_log] Program log: Mango: UpdateRootBank
[2022-02-12T07:55:50.058876000Z DEBUG solana_program_runtime::stable_log] Program log: mango-log
[2022-02-12T07:55:50.059478000Z DEBUG solana_program_runtime::stable_log] Program log: 8HmBNKTUaLiOnQdEtiC3dVJcJz5F0IHHBUtwK3dCY1dTcqbXUIsiDQ4AAAAAAAAAAAAAAAAAQEIPAAAAAAAAAAAAAAAAAEBCDwAAAAAAAAA=
[2022-02-12T07:55:50.059605000Z DEBUG solana_bpf_loader_program] Program 4uQeVj5tqViQh7yWWGStvkEG1Zmhx6uasJtWCJziofM consumed 12344 of 200000 compute units
[2022-02-12T07:55:50.059659000Z DEBUG solana_program_runtime::stable_log] Program 4uQeVj5tqViQh7yWWGStvkEG1Zmhx6uasJtWCJziofM success
[2022-02-12T07:55:50.069750000Z DEBUG solana_program_runtime::stable_log] Program 4uQeVj5tqViQh7yWWGStvkEG1Zmhx6uasJtWCJziofM invoke [1]
[2022-02-12T07:55:50.070148000Z DEBUG solana_program_runtime::stable_log] Program log: Mango: UpdateRootBank
[2022-02-12T07:55:50.072395000Z DEBUG solana_program_runtime::stable_log] Program log: mango-log
[2022-02-12T07:55:50.072997000Z DEBUG solana_program_runtime::stable_log] Program log: 8HmBNKTUaLiOnQdEtiC3dVJcJz5F0IHHBUtwK3dCY1dTcqbXUIsiDQ8AAAAAAAAAAAAAAAAAQEIPAAAAAAAAAAAAAAAAAEBCDwAAAAAAAAA=
[2022-02-12T07:55:50.073121000Z DEBUG solana_bpf_loader_program] Program 4uQeVj5tqViQh7yWWGStvkEG1Zmhx6uasJtWCJziofM consumed 9946 of 200000 compute units
[2022-02-12T07:55:50.073174000Z DEBUG solana_program_runtime::stable_log] Program 4uQeVj5tqViQh7yWWGStvkEG1Zmhx6uasJtWCJziofM success
[2022-02-12T07:55:50.083007000Z DEBUG solana_program_runtime::stable_log] Program 4uQeVj5tqViQh7yWWGStvkEG1Zmhx6uasJtWCJziofM invoke [1]
[2022-02-12T07:55:50.083450000Z DEBUG solana_program_runtime::stable_log] Program log: Mango: UpdateFunding
[2022-02-12T07:55:50.084552000Z DEBUG solana_program_runtime::stable_log] Program log: mango-log
[2022-02-12T07:55:50.085159000Z DEBUG solana_program_runtime::stable_log] Program log: ta5iwCEXTXuOnQdEtiC3dVJcJz5F0IHHBUtwK3dCY1dTcqbXUIsiDQAAAAAAAAAAAAAAAAAAAAAAAAAAAAAAAAAAAAAAAAAAAAAAAAAAAAA=
[2022-02-12T07:55:50.085306000Z DEBUG solana_bpf_loader_program] Program 4uQeVj5tqViQh7yWWGStvkEG1Zmhx6uasJtWCJziofM consumed 6423 of 200000 compute units
[2022-02-12T07:55:50.085371000Z DEBUG solana_program_runtime::stable_log] Program 4uQeVj5tqViQh7yWWGStvkEG1Zmhx6uasJtWCJziofM success
[2022-02-12T07:55:50.096112000Z DEBUG solana_program_runtime::stable_log] Program 4uQeVj5tqViQh7yWWGStvkEG1Zmhx6uasJtWCJziofM invoke [1]
[2022-02-12T07:55:50.096563000Z DEBUG solana_program_runtime::stable_log] Program log: Mango: UpdateFunding
[2022-02-12T07:55:50.097737000Z DEBUG solana_program_runtime::stable_log] Program log: mango-log
[2022-02-12T07:55:50.098341000Z DEBUG solana_program_runtime::stable_log] Program log: ta5iwCEXTXuOnQdEtiC3dVJcJz5F0IHHBUtwK3dCY1dTcqbXUIsiDQEAAAAAAAAAAAAAAAAAAAAAAAAAAAAAAAAAAAAAAAAAAAAAAAAAAAA=
[2022-02-12T07:55:50.098490000Z DEBUG solana_bpf_loader_program] Program 4uQeVj5tqViQh7yWWGStvkEG1Zmhx6uasJtWCJziofM consumed 6463 of 200000 compute units
[2022-02-12T07:55:50.098555000Z DEBUG solana_program_runtime::stable_log] Program 4uQeVj5tqViQh7yWWGStvkEG1Zmhx6uasJtWCJziofM success
[2022-02-12T07:55:50.109077000Z DEBUG solana_program_runtime::stable_log] Program 4uQeVj5tqViQh7yWWGStvkEG1Zmhx6uasJtWCJziofM invoke [1]
[2022-02-12T07:55:50.109518000Z DEBUG solana_program_runtime::stable_log] Program log: Mango: UpdateFunding
[2022-02-12T07:55:50.110648000Z DEBUG solana_program_runtime::stable_log] Program log: mango-log
[2022-02-12T07:55:50.111251000Z DEBUG solana_program_runtime::stable_log] Program log: ta5iwCEXTXuOnQdEtiC3dVJcJz5F0IHHBUtwK3dCY1dTcqbXUIsiDQIAAAAAAAAAAAAAAAAAAAAAAAAAAAAAAAAAAAAAAAAAAAAAAAAAAAA=
[2022-02-12T07:55:50.111403000Z DEBUG solana_bpf_loader_program] Program 4uQeVj5tqViQh7yWWGStvkEG1Zmhx6uasJtWCJziofM consumed 6502 of 200000 compute units
[2022-02-12T07:55:50.111468000Z DEBUG solana_program_runtime::stable_log] Program 4uQeVj5tqViQh7yWWGStvkEG1Zmhx6uasJtWCJziofM success
[2022-02-12T07:55:50.121986000Z DEBUG solana_program_runtime::stable_log] Program 4uQeVj5tqViQh7yWWGStvkEG1Zmhx6uasJtWCJziofM invoke [1]
[2022-02-12T07:55:50.122441000Z DEBUG solana_program_runtime::stable_log] Program log: Mango: UpdateFunding
[2022-02-12T07:55:50.123586000Z DEBUG solana_program_runtime::stable_log] Program log: mango-log
[2022-02-12T07:55:50.124189000Z DEBUG solana_program_runtime::stable_log] Program log: ta5iwCEXTXuOnQdEtiC3dVJcJz5F0IHHBUtwK3dCY1dTcqbXUIsiDQMAAAAAAAAAAAAAAAAAAAAAAAAAAAAAAAAAAAAAAAAAAAAAAAAAAAA=
[2022-02-12T07:55:50.124338000Z DEBUG solana_bpf_loader_program] Program 4uQeVj5tqViQh7yWWGStvkEG1Zmhx6uasJtWCJziofM consumed 6541 of 200000 compute units
[2022-02-12T07:55:50.124404000Z DEBUG solana_program_runtime::stable_log] Program 4uQeVj5tqViQh7yWWGStvkEG1Zmhx6uasJtWCJziofM success
[2022-02-12T07:55:50.135006000Z DEBUG solana_program_runtime::stable_log] Program 4uQeVj5tqViQh7yWWGStvkEG1Zmhx6uasJtWCJziofM invoke [1]
[2022-02-12T07:55:50.135458000Z DEBUG solana_program_runtime::stable_log] Program log: Mango: UpdateFunding
[2022-02-12T07:55:50.136626000Z DEBUG solana_program_runtime::stable_log] Program log: mango-log
[2022-02-12T07:55:50.137233000Z DEBUG solana_program_runtime::stable_log] Program log: ta5iwCEXTXuOnQdEtiC3dVJcJz5F0IHHBUtwK3dCY1dTcqbXUIsiDQQAAAAAAAAAAAAAAAAAAAAAAAAAAAAAAAAAAAAAAAAAAAAAAAAAAAA=
[2022-02-12T07:55:50.137381000Z DEBUG solana_bpf_loader_program] Program 4uQeVj5tqViQh7yWWGStvkEG1Zmhx6uasJtWCJziofM consumed 6585 of 200000 compute units
[2022-02-12T07:55:50.137448000Z DEBUG solana_program_runtime::stable_log] Program 4uQeVj5tqViQh7yWWGStvkEG1Zmhx6uasJtWCJziofM success
[2022-02-12T07:55:50.147940000Z DEBUG solana_program_runtime::stable_log] Program 4uQeVj5tqViQh7yWWGStvkEG1Zmhx6uasJtWCJziofM invoke [1]
[2022-02-12T07:55:50.148398000Z DEBUG solana_program_runtime::stable_log] Program log: Mango: UpdateFunding
[2022-02-12T07:55:50.149570000Z DEBUG solana_program_runtime::stable_log] Program log: mango-log
[2022-02-12T07:55:50.150175000Z DEBUG solana_program_runtime::stable_log] Program log: ta5iwCEXTXuOnQdEtiC3dVJcJz5F0IHHBUtwK3dCY1dTcqbXUIsiDQUAAAAAAAAAAAAAAAAAAAAAAAAAAAAAAAAAAAAAAAAAAAAAAAAAAAA=
[2022-02-12T07:55:50.150323000Z DEBUG solana_bpf_loader_program] Program 4uQeVj5tqViQh7yWWGStvkEG1Zmhx6uasJtWCJziofM consumed 6624 of 200000 compute units
[2022-02-12T07:55:50.150391000Z DEBUG solana_program_runtime::stable_log] Program 4uQeVj5tqViQh7yWWGStvkEG1Zmhx6uasJtWCJziofM success
[2022-02-12T07:55:50.160914000Z DEBUG solana_program_runtime::stable_log] Program 4uQeVj5tqViQh7yWWGStvkEG1Zmhx6uasJtWCJziofM invoke [1]
[2022-02-12T07:55:50.161376000Z DEBUG solana_program_runtime::stable_log] Program log: Mango: UpdateFunding
[2022-02-12T07:55:50.162558000Z DEBUG solana_program_runtime::stable_log] Program log: mango-log
[2022-02-12T07:55:50.163165000Z DEBUG solana_program_runtime::stable_log] Program log: ta5iwCEXTXuOnQdEtiC3dVJcJz5F0IHHBUtwK3dCY1dTcqbXUIsiDQYAAAAAAAAAAAAAAAAAAAAAAAAAAAAAAAAAAAAAAAAAAAAAAAAAAAA=
[2022-02-12T07:55:50.163313000Z DEBUG solana_bpf_loader_program] Program 4uQeVj5tqViQh7yWWGStvkEG1Zmhx6uasJtWCJziofM consumed 6658 of 200000 compute units
[2022-02-12T07:55:50.163379000Z DEBUG solana_program_runtime::stable_log] Program 4uQeVj5tqViQh7yWWGStvkEG1Zmhx6uasJtWCJziofM success
[2022-02-12T07:55:50.173922000Z DEBUG solana_program_runtime::stable_log] Program 4uQeVj5tqViQh7yWWGStvkEG1Zmhx6uasJtWCJziofM invoke [1]
[2022-02-12T07:55:50.174383000Z DEBUG solana_program_runtime::stable_log] Program log: Mango: UpdateFunding
[2022-02-12T07:55:50.175576000Z DEBUG solana_program_runtime::stable_log] Program log: mango-log
[2022-02-12T07:55:50.176186000Z DEBUG solana_program_runtime::stable_log] Program log: ta5iwCEXTXuOnQdEtiC3dVJcJz5F0IHHBUtwK3dCY1dTcqbXUIsiDQcAAAAAAAAAAAAAAAAAAAAAAAAAAAAAAAAAAAAAAAAAAAAAAAAAAAA=
[2022-02-12T07:55:50.176332000Z DEBUG solana_bpf_loader_program] Program 4uQeVj5tqViQh7yWWGStvkEG1Zmhx6uasJtWCJziofM consumed 6697 of 200000 compute units
[2022-02-12T07:55:50.176398000Z DEBUG solana_program_runtime::stable_log] Program 4uQeVj5tqViQh7yWWGStvkEG1Zmhx6uasJtWCJziofM success
[2022-02-12T07:55:50.187177000Z DEBUG solana_program_runtime::stable_log] Program 4uQeVj5tqViQh7yWWGStvkEG1Zmhx6uasJtWCJziofM invoke [1]
[2022-02-12T07:55:50.187631000Z DEBUG solana_program_runtime::stable_log] Program log: Mango: UpdateFunding
[2022-02-12T07:55:50.188854000Z DEBUG solana_program_runtime::stable_log] Program log: mango-log
[2022-02-12T07:55:50.189459000Z DEBUG solana_program_runtime::stable_log] Program log: ta5iwCEXTXuOnQdEtiC3dVJcJz5F0IHHBUtwK3dCY1dTcqbXUIsiDQgAAAAAAAAAAAAAAAAAAAAAAAAAAAAAAAAAAAAAAAAAAAAAAAAAAAA=
[2022-02-12T07:55:50.189609000Z DEBUG solana_bpf_loader_program] Program 4uQeVj5tqViQh7yWWGStvkEG1Zmhx6uasJtWCJziofM consumed 6736 of 200000 compute units
[2022-02-12T07:55:50.189674000Z DEBUG solana_program_runtime::stable_log] Program 4uQeVj5tqViQh7yWWGStvkEG1Zmhx6uasJtWCJziofM success
[2022-02-12T07:55:50.200234000Z DEBUG solana_program_runtime::stable_log] Program 4uQeVj5tqViQh7yWWGStvkEG1Zmhx6uasJtWCJziofM invoke [1]
[2022-02-12T07:55:50.200690000Z DEBUG solana_program_runtime::stable_log] Program log: Mango: UpdateFunding
[2022-02-12T07:55:50.201915000Z DEBUG solana_program_runtime::stable_log] Program log: mango-log
[2022-02-12T07:55:50.202522000Z DEBUG solana_program_runtime::stable_log] Program log: ta5iwCEXTXuOnQdEtiC3dVJcJz5F0IHHBUtwK3dCY1dTcqbXUIsiDQkAAAAAAAAAAAAAAAAAAAAAAAAAAAAAAAAAAAAAAAAAAAAAAAAAAAA=
[2022-02-12T07:55:50.202670000Z DEBUG solana_bpf_loader_program] Program 4uQeVj5tqViQh7yWWGStvkEG1Zmhx6uasJtWCJziofM consumed 6775 of 200000 compute units
[2022-02-12T07:55:50.202742000Z DEBUG solana_program_runtime::stable_log] Program 4uQeVj5tqViQh7yWWGStvkEG1Zmhx6uasJtWCJziofM success
[2022-02-12T07:55:50.214439000Z DEBUG solana_program_runtime::stable_log] Program 4uQeVj5tqViQh7yWWGStvkEG1Zmhx6uasJtWCJziofM invoke [1]
[2022-02-12T07:55:50.214899000Z DEBUG solana_program_runtime::stable_log] Program log: Mango: UpdateFunding
[2022-02-12T07:55:50.216138000Z DEBUG solana_program_runtime::stable_log] Program log: mango-log
[2022-02-12T07:55:50.216745000Z DEBUG solana_program_runtime::stable_log] Program log: ta5iwCEXTXuOnQdEtiC3dVJcJz5F0IHHBUtwK3dCY1dTcqbXUIsiDQoAAAAAAAAAAAAAAAAAAAAAAAAAAAAAAAAAAAAAAAAAAAAAAAAAAAA=
[2022-02-12T07:55:50.216891000Z DEBUG solana_bpf_loader_program] Program 4uQeVj5tqViQh7yWWGStvkEG1Zmhx6uasJtWCJziofM consumed 6814 of 200000 compute units
[2022-02-12T07:55:50.216957000Z DEBUG solana_program_runtime::stable_log] Program 4uQeVj5tqViQh7yWWGStvkEG1Zmhx6uasJtWCJziofM success
[2022-02-12T07:55:50.227437000Z DEBUG solana_program_runtime::stable_log] Program 4uQeVj5tqViQh7yWWGStvkEG1Zmhx6uasJtWCJziofM invoke [1]
[2022-02-12T07:55:50.227891000Z DEBUG solana_program_runtime::stable_log] Program log: Mango: UpdateFunding
[2022-02-12T07:55:50.229144000Z DEBUG solana_program_runtime::stable_log] Program log: mango-log
[2022-02-12T07:55:50.229752000Z DEBUG solana_program_runtime::stable_log] Program log: ta5iwCEXTXuOnQdEtiC3dVJcJz5F0IHHBUtwK3dCY1dTcqbXUIsiDQsAAAAAAAAAAAAAAAAAAAAAAAAAAAAAAAAAAAAAAAAAAAAAAAAAAAA=
[2022-02-12T07:55:50.229898000Z DEBUG solana_bpf_loader_program] Program 4uQeVj5tqViQh7yWWGStvkEG1Zmhx6uasJtWCJziofM consumed 6853 of 200000 compute units
[2022-02-12T07:55:50.229963000Z DEBUG solana_program_runtime::stable_log] Program 4uQeVj5tqViQh7yWWGStvkEG1Zmhx6uasJtWCJziofM success
[2022-02-12T07:55:50.241526000Z DEBUG solana_program_runtime::stable_log] Program 4uQeVj5tqViQh7yWWGStvkEG1Zmhx6uasJtWCJziofM invoke [1]
[2022-02-12T07:55:50.241978000Z DEBUG solana_program_runtime::stable_log] Program log: Mango: UpdateFunding
[2022-02-12T07:55:50.243241000Z DEBUG solana_program_runtime::stable_log] Program log: mango-log
[2022-02-12T07:55:50.243845000Z DEBUG solana_program_runtime::stable_log] Program log: ta5iwCEXTXuOnQdEtiC3dVJcJz5F0IHHBUtwK3dCY1dTcqbXUIsiDQwAAAAAAAAAAAAAAAAAAAAAAAAAAAAAAAAAAAAAAAAAAAAAAAAAAAA=
[2022-02-12T07:55:50.243991000Z DEBUG solana_bpf_loader_program] Program 4uQeVj5tqViQh7yWWGStvkEG1Zmhx6uasJtWCJziofM consumed 6892 of 200000 compute units
[2022-02-12T07:55:50.244059000Z DEBUG solana_program_runtime::stable_log] Program 4uQeVj5tqViQh7yWWGStvkEG1Zmhx6uasJtWCJziofM success
[2022-02-12T07:55:50.254262000Z DEBUG solana_program_runtime::stable_log] Program 4uQeVj5tqViQh7yWWGStvkEG1Zmhx6uasJtWCJziofM invoke [1]
[2022-02-12T07:55:50.254711000Z DEBUG solana_program_runtime::stable_log] Program log: Mango: UpdateFunding
[2022-02-12T07:55:50.255986000Z DEBUG solana_program_runtime::stable_log] Program log: mango-log
[2022-02-12T07:55:50.256590000Z DEBUG solana_program_runtime::stable_log] Program log: ta5iwCEXTXuOnQdEtiC3dVJcJz5F0IHHBUtwK3dCY1dTcqbXUIsiDQ0AAAAAAAAAAAAAAAAAAAAAAAAAAAAAAAAAAAAAAAAAAAAAAAAAAAA=
[2022-02-12T07:55:50.256743000Z DEBUG solana_bpf_loader_program] Program 4uQeVj5tqViQh7yWWGStvkEG1Zmhx6uasJtWCJziofM consumed 6931 of 200000 compute units
[2022-02-12T07:55:50.256812000Z DEBUG solana_program_runtime::stable_log] Program 4uQeVj5tqViQh7yWWGStvkEG1Zmhx6uasJtWCJziofM success
[2022-02-12T07:55:50.268008000Z DEBUG solana_program_runtime::stable_log] Program 4uQeVj5tqViQh7yWWGStvkEG1Zmhx6uasJtWCJziofM invoke [1]
[2022-02-12T07:55:50.268449000Z DEBUG solana_program_runtime::stable_log] Program log: Mango: UpdateFunding
[2022-02-12T07:55:50.269738000Z DEBUG solana_program_runtime::stable_log] Program log: mango-log
[2022-02-12T07:55:50.270347000Z DEBUG solana_program_runtime::stable_log] Program log: ta5iwCEXTXuOnQdEtiC3dVJcJz5F0IHHBUtwK3dCY1dTcqbXUIsiDQ4AAAAAAAAAAAAAAAAAAAAAAAAAAAAAAAAAAAAAAAAAAAAAAAAAAAA=
[2022-02-12T07:55:50.270496000Z DEBUG solana_bpf_loader_program] Program 4uQeVj5tqViQh7yWWGStvkEG1Zmhx6uasJtWCJziofM consumed 6970 of 200000 compute units
[2022-02-12T07:55:50.270564000Z DEBUG solana_program_runtime::stable_log] Program 4uQeVj5tqViQh7yWWGStvkEG1Zmhx6uasJtWCJziofM success
[2022-02-12T07:55:50.284505000Z DEBUG solana_program_runtime::stable_log] Program 4uQeVj5tqViQh7yWWGStvkEG1Zmhx6uasJtWCJziofM invoke [1]
[2022-02-12T07:55:50.285663000Z DEBUG solana_program_runtime::stable_log] Program log: Mango: CacheRootBanks
[2022-02-12T07:55:50.289405000Z DEBUG solana_program_runtime::stable_log] Program log: mango-log
[2022-02-12T07:55:50.292266000Z DEBUG solana_program_runtime::stable_log] Program log: IVXYca/GfeiOnQdEtiC3dVJcJz5F0IHHBUtwK3dCY1dTcqbXUIsiDRAAAAAAAAAAAAAAAAEAAAAAAAAAAgAAAAAAAAADAAAAAAAAAAQAAAAAAAAABQAAAAAAAAAGAAAAAAAAAAcAAAAAAAAACAAAAAAAAAAJAAAAAAAAAAoAAAAAAAAACwAAAAAAAAAMAAAAAAAAAA0AAAAAAAAADgAAAAAAAAAPAAAAAAAAABAAAAAAAAAAAABAQg8AAAAAAAAAAAAAAAAAQEIPAAAAAAAAAAAAAAAAAEBCDwAAAAAAAAAAAAAAAABAQg8AAAAAAAAAAAAAAAAAQEIPAAAAAAAAAAAAAAAAAEBCDwAAAAAAAAAAAAAAAABAQg8AAAAAAAAAAAAAAAAAQEIPAAAAAAAAAAAAAAAAAEBCDwAAAAAAAAAAAAAAAABAQg8AAAAAAAAAAAAAAAAAQEIPAAAAAAAAAAAAAAAAAEBCDwAAAAAAAAAAAAAAAABAQg8AAAAAAAAAAAAAAAAAQEIPAAAAAAAAAAAAAAAAAEBCDwAAAAAAAAAAAAAAAABAQg8AAAAAAAAAEAAAAAAAAAAAAEBCDwAAAAAAAAAAAAAAAABAQg8AAAAAAAAAAAAAAAAAQEIPAAAAAAAAAAAAAAAAAEBCDwAAAAAAAAAAAAAAAABAQg8AAAAAAAAAAAAAAAAAQEIPAAAAAAAAAAAAAAAAAEBCDwAAAAAAAAAAAAAAAABAQg8AAAAAAAAAAAAAAAAAQEIPAAAAAAAAAAAAAAAAAEBCDwAAAAAAAAAAAAAAAABAQg8AAAAAAAAAAAAAAAAAQEIPAAAAAAAAAAAAAAAAAEBCDwAAAAAAAAAAAAAAAABAQg8AAAAAAAAAAAAAAAAAQEIPAAAAAAAAAAAAAAAAAEBCDwAAAAAAAAA=
[2022-02-12T07:55:50.292680000Z DEBUG solana_bpf_loader_program] Program 4uQeVj5tqViQh7yWWGStvkEG1Zmhx6uasJtWCJziofM consumed 24427 of 200000 compute units
[2022-02-12T07:55:50.292756000Z DEBUG solana_program_runtime::stable_log] Program 4uQeVj5tqViQh7yWWGStvkEG1Zmhx6uasJtWCJziofM success
[2022-02-12T07:55:50.306843000Z DEBUG solana_program_runtime::stable_log] Program 4uQeVj5tqViQh7yWWGStvkEG1Zmhx6uasJtWCJziofM invoke [1]
[2022-02-12T07:55:50.307940000Z DEBUG solana_program_runtime::stable_log] Program log: Mango: CachePerpMarkets
[2022-02-12T07:55:50.311619000Z DEBUG solana_program_runtime::stable_log] Program log: mango-log
[2022-02-12T07:55:50.314293000Z DEBUG solana_program_runtime::stable_log] Program log: 9lt9JxCzqw6OnQdEtiC3dVJcJz5F0IHHBUtwK3dCY1dTcqbXUIsiDQ8AAAAAAAAAAAAAAAEAAAAAAAAAAgAAAAAAAAADAAAAAAAAAAQAAAAAAAAABQAAAAAAAAAGAAAAAAAAAAcAAAAAAAAACAAAAAAAAAAJAAAAAAAAAAoAAAAAAAAACwAAAAAAAAAMAAAAAAAAAA0AAAAAAAAADgAAAAAAAAAPAAAAAAAAAAAAAAAAAAAAAAAAAAAAAAAAAAAAAAAAAAAAAAAAAAAAAAAAAAAAAAAAAAAAAAAAAAAAAAAAAAAAAAAAAAAAAAAAAAAAAAAAAAAAAAAAAAAAAAAAAAAAAAAAAAAAAAAAAAAAAAAAAAAAAAAAAAAAAAAAAAAAAAAAAAAAAAAAAAAAAAAAAAAAAAAAAAAAAAAAAAAAAAAAAAAAAAAAAAAAAAAAAAAAAAAAAAAAAAAAAAAAAAAAAAAAAAAAAAAAAAAAAAAAAAAAAAAAAAAAAAAAAAAAAAAAAAAAAAAAAAAAAAAAAAAAAAAAAAAAAAAADwAAAAAAAAAAAAAAAAAAAAAAAAAAAAAAAAAAAAAAAAAAAAAAAAAAAAAAAAAAAAAAAAAAAAAAAAAAAAAAAAAAAAAAAAAAAAAAAAAAAAAAAAAAAAAAAAAAAAAAAAAAAAAAAAAAAAAAAAAAAAAAAAAAAAAAAAAAAAAAAAAAAAAAAAAAAAAAAAAAAAAAAAAAAAAAAAAAAAAAAAAAAAAAAAAAAAAAAAAAAAAAAAAAAAAAAAAAAAAAAAAAAAAAAAAAAAAAAAAAAAAAAAAAAAAAAAAAAAAAAAAAAAAAAAAAAAAAAAAAAAAAAAAAAAAAAAAAAAAAAAAAAA==
[2022-02-12T07:55:50.314688000Z DEBUG solana_bpf_loader_program] Program 4uQeVj5tqViQh7yWWGStvkEG1Zmhx6uasJtWCJziofM consumed 23463 of 200000 compute units
[2022-02-12T07:55:50.314759000Z DEBUG solana_program_runtime::stable_log] Program 4uQeVj5tqViQh7yWWGStvkEG1Zmhx6uasJtWCJziofM success
test test_worst_case_v2 ... ok

test result: ok. 2 passed; 0 failed; 0 ignored; 0 measured; 0 filtered out; finished in 9.25s

   Doc-tests mango

running 0 tests

test result: ok. 0 passed; 0 failed; 0 ignored; 0 measured; 0 filtered out; finished in 0.00s

cargo-test-bpf child: cargo-build-bpf --manifest-path /Users/mc/repos/mango-v3/mango-logs/Cargo.toml --bpf-out-dir /Users/mc/repos/mango-v3/target/deploy
BPF SDK: /Users/mc/.local/share/solana/install/releases/1.9.5/solana-release/bin/sdk/bpf
cargo-build-bpf child: rustup toolchain list -v
cargo-build-bpf child: cargo +bpf build --target bpfel-unknown-unknown --release
   Compiling mango-logs v0.1.0 (/Users/mc/repos/mango-v3/mango-logs)
    Finished release [optimized] target(s) in 1.85s
cargo-build-bpf child: /Users/mc/.local/share/solana/install/releases/1.9.5/solana-release/bin/sdk/bpf/scripts/strip.sh /Users/mc/repos/mango-v3/target/bpfel-unknown-unknown/release/mango_logs.so /Users/mc/repos/mango-v3/target/deploy/mango_logs.so
cargo-build-bpf child: /Users/mc/.local/share/solana/install/releases/1.9.5/solana-release/bin/sdk/bpf/dependencies/bpf-tools/llvm/bin/llvm-readelf --dyn-symbols /Users/mc/repos/mango-v3/target/deploy/mango_logs.so

To deploy this program:
  $ solana program deploy /Users/mc/repos/mango-v3/target/deploy/mango_logs.so
The program address will default to this keypair (override with --program-id):
  /Users/mc/repos/mango-v3/target/deploy/mango_logs-keypair.json
cargo-test-bpf child: /Users/mc/.rustup/toolchains/stable-x86_64-apple-darwin/bin/cargo test --manifest-path /Users/mc/repos/mango-v3/mango-logs/Cargo.toml
    Finished test [unoptimized + debuginfo] target(s) in 0.45s
     Running unittests (target/debug/deps/mango_logs-0e776ff042069d4b)

running 1 test
test test_id ... ok

test result: ok. 1 passed; 0 failed; 0 ignored; 0 measured; 0 filtered out; finished in 0.00s

